[ecology] Element: air → corpus: nonames_air.txt
[evolution] Autonomous evolution mode — organism will grow through all stages without pause.
[ecology] Joined swarm. 1 peer(s) detected.
molequla is alive. [evolution] Autonomous mode — background trainer running. Ctrl+C to stop.
[dna] air wrote 72 bytes to ecology
[dna] air consumed 57334 bytes from 638 files: [earth/gen_1777183944_1.txt earth/gen_1777183947_2.txt earth/gen_1777183950_3.txt earth/gen_1777183952_4.txt earth/gen_1777183955_5.txt earth/gen_1777183957_6.txt earth/gen_1777183960_7.txt earth/gen_1777183963_8.txt earth/gen_1777183968_10.txt earth/gen_1777183970_11.txt earth/gen_1777183973_12.txt earth/gen_1777183975_13.txt earth/gen_1777183978_14.txt earth/gen_1777183981_15.txt earth/gen_1777183983_16.txt earth/gen_1777183986_17.txt earth/gen_1777183988_18.txt earth/gen_1777183991_19.txt earth/gen_1777183993_20.txt earth/gen_1777183996_21.txt earth/gen_1777183999_22.txt earth/gen_1777184001_23.txt earth/gen_1777184004_24.txt earth/gen_1777184006_25.txt earth/gen_1777184009_26.txt earth/gen_1777184014_28.txt earth/gen_1777184016_29.txt earth/gen_1777184019_30.txt earth/gen_1777184022_31.txt earth/gen_1777184024_32.txt earth/gen_1777184027_33.txt earth/gen_1777184029_34.txt earth/gen_1777184032_35.txt earth/gen_1777184035_36.txt earth/gen_1777184037_37.txt earth/gen_1777184040_38.txt earth/gen_1777184042_39.txt earth/gen_1777184045_40.txt earth/gen_1777184048_41.txt earth/gen_1777184050_42.txt earth/gen_1777184053_43.txt earth/gen_1777184055_44.txt earth/gen_1777184060_46.txt earth/gen_1777184063_47.txt earth/gen_1777184066_48.txt earth/gen_1777184068_49.txt earth/gen_1777184071_50.txt earth/gen_1777184073_51.txt earth/gen_1777184076_52.txt earth/gen_1777184079_53.txt earth/gen_1777184081_54.txt earth/gen_1777184084_55.txt earth/gen_1777184086_56.txt earth/gen_1777184092_58.txt earth/gen_1777184094_59.txt earth/gen_1777184097_60.txt earth/gen_1777184099_61.txt earth/gen_1777184102_62.txt earth/gen_1777184105_63.txt earth/gen_1777184107_64.txt earth/gen_1777184110_65.txt earth/gen_1777184115_67.txt earth/gen_1777184118_68.txt earth/gen_1777184120_69.txt earth/gen_1777184123_70.txt earth/gen_1777184125_71.txt earth/gen_1777184128_72.txt earth/gen_1777184131_73.txt earth/gen_1777184133_74.txt earth/gen_1777184136_75.txt earth/gen_1777184138_76.txt earth/gen_1777184141_77.txt earth/gen_1777184143_78.txt earth/gen_1777184146_79.txt earth/gen_1777184149_80.txt earth/gen_1777184151_81.txt earth/gen_1777184154_82.txt earth/gen_1777184156_83.txt earth/gen_1777184159_84.txt earth/gen_1777184162_85.txt earth/gen_1777184164_86.txt earth/gen_1777184167_87.txt earth/gen_1777184170_88.txt earth/gen_1777184172_89.txt earth/gen_1777184175_90.txt earth/gen_1777184177_91.txt earth/gen_1777184180_92.txt earth/gen_1777184182_93.txt earth/gen_1777184185_94.txt earth/gen_1777184188_95.txt earth/gen_1777184193_97.txt earth/gen_1777184195_98.txt earth/gen_1777184198_99.txt earth/gen_1777184201_100.txt earth/gen_1777184203_101.txt earth/gen_1777184208_103.txt earth/gen_1777184211_104.txt earth/gen_1777184216_106.txt earth/gen_1777184219_107.txt earth/gen_1777184221_108.txt earth/gen_1777184224_109.txt earth/gen_1777184227_110.txt earth/gen_1777184232_112.txt earth/gen_1777184234_113.txt earth/gen_1777184237_114.txt earth/gen_1777184240_115.txt earth/gen_1777184242_116.txt earth/gen_1777184245_117.txt earth/gen_1777184247_118.txt earth/gen_1777184250_119.txt earth/gen_1777184253_120.txt earth/gen_1777184255_121.txt earth/gen_1777184258_122.txt earth/gen_1777184260_123.txt earth/gen_1777184263_124.txt earth/gen_1777184266_125.txt earth/gen_1777184268_126.txt earth/gen_1777184271_127.txt earth/gen_1777184273_128.txt earth/gen_1777184276_129.txt earth/gen_1777184279_130.txt earth/gen_1777184281_131.txt earth/gen_1777184284_132.txt earth/gen_1777184286_133.txt earth/gen_1777184289_134.txt earth/gen_1777184291_135.txt earth/gen_1777184294_136.txt earth/gen_1777184297_137.txt earth/gen_1777184299_138.txt earth/gen_1777184302_139.txt earth/gen_1777184304_140.txt earth/gen_1777184307_141.txt earth/gen_1777184309_142.txt earth/gen_1777184312_143.txt earth/gen_1777184317_145.txt earth/gen_1777184320_146.txt earth/gen_1777184325_148.txt earth/gen_1777184328_149.txt earth/gen_1777184330_150.txt earth/gen_1777184333_151.txt earth/gen_1777184335_152.txt earth/gen_1777184338_153.txt earth/gen_1777184340_154.txt earth/gen_1777184343_155.txt earth/gen_1777184346_156.txt earth/gen_1777184348_157.txt earth/gen_1777184351_158.txt earth/gen_1777184356_160.txt earth/gen_1777184358_161.txt earth/gen_1777184361_162.txt earth/gen_1777184363_163.txt earth/gen_1777184366_164.txt earth/gen_1777184371_166.txt earth/gen_1777184374_167.txt earth/gen_1777184376_168.txt earth/gen_1777184379_169.txt earth/gen_1777184381_170.txt earth/gen_1777184384_171.txt earth/gen_1777184387_172.txt earth/gen_1777184389_173.txt earth/gen_1777184394_175.txt earth/gen_1777184397_176.txt earth/gen_1777184399_177.txt earth/gen_1777184402_178.txt earth/gen_1777184405_179.txt earth/gen_1777184407_180.txt earth/gen_1777184410_181.txt earth/gen_1777184412_182.txt earth/gen_1777184415_183.txt earth/gen_1777184418_184.txt earth/gen_1777184420_185.txt earth/gen_1777184423_186.txt earth/gen_1777184425_187.txt earth/gen_1777184428_188.txt earth/gen_1777184430_189.txt earth/gen_1777184433_190.txt earth/gen_1777184436_191.txt earth/gen_1777184438_192.txt earth/gen_1777184441_193.txt earth/gen_1777184443_194.txt earth/gen_1777184446_195.txt earth/gen_1777184448_196.txt earth/gen_1777184451_197.txt earth/gen_1777184454_198.txt earth/gen_1777184456_199.txt earth/gen_1777184459_200.txt earth/gen_1777184464_202.txt earth/gen_1777184466_203.txt earth/gen_1777184469_204.txt earth/gen_1777184471_205.txt earth/gen_1777184474_206.txt earth/gen_1777184479_208.txt earth/gen_1777184482_209.txt earth/gen_1777184487_211.txt earth/gen_1777184489_212.txt earth/gen_1777184495_214.txt earth/gen_1777184497_215.txt earth/gen_1777184500_216.txt earth/gen_1777184502_217.txt earth/gen_1777184505_218.txt earth/gen_1777184507_219.txt earth/gen_1777184510_220.txt earth/gen_1777184512_221.txt earth/gen_1777184515_222.txt earth/gen_1777184518_223.txt earth/gen_1777184520_224.txt earth/gen_1777184523_225.txt earth/gen_1777184526_226.txt earth/gen_1777184528_227.txt earth/gen_1777184533_229.txt earth/gen_1777184536_230.txt earth/gen_1777184539_231.txt earth/gen_1777184541_232.txt earth/gen_1777184544_233.txt earth/gen_1777184546_234.txt earth/gen_1777184549_235.txt earth/gen_1777184552_236.txt earth/gen_1777184554_237.txt earth/gen_1777184557_238.txt earth/gen_1777184560_239.txt earth/gen_1777184562_240.txt earth/gen_1777184565_241.txt earth/gen_1777184567_242.txt earth/gen_1777184570_243.txt earth/gen_1777184573_244.txt earth/gen_1777184575_245.txt earth/gen_1777184578_246.txt earth/gen_1777184580_247.txt earth/gen_1777184583_248.txt earth/gen_1777184585_249.txt earth/gen_1777184588_250.txt earth/gen_1777184591_251.txt earth/gen_1777184593_252.txt earth/gen_1777184596_253.txt earth/gen_1777184598_254.txt earth/gen_1777184601_255.txt earth/gen_1777184603_256.txt earth/gen_1777184606_257.txt earth/gen_1777184609_258.txt earth/gen_1777184611_259.txt earth/gen_1777184614_260.txt earth/gen_1777184616_261.txt earth/gen_1777184619_262.txt earth/gen_1777184621_263.txt earth/gen_1777184624_264.txt earth/gen_1777184627_265.txt earth/gen_1777184629_266.txt earth/gen_1777184632_267.txt earth/gen_1777184634_268.txt earth/gen_1777184637_269.txt earth/gen_1777184640_270.txt earth/gen_1777184642_271.txt earth/gen_1777184645_272.txt earth/gen_1777184647_273.txt earth/gen_1777184650_274.txt earth/gen_1777184652_275.txt earth/gen_1777184655_276.txt earth/gen_1777184658_277.txt earth/gen_1777184660_278.txt earth/gen_1777184663_279.txt earth/gen_1777184665_280.txt earth/gen_1777184668_281.txt earth/gen_1777184671_282.txt earth/gen_1777184673_283.txt earth/gen_1777184676_284.txt earth/gen_1777184678_285.txt earth/gen_1777184681_286.txt earth/gen_1777184684_287.txt earth/gen_1777184686_288.txt earth/gen_1777184689_289.txt earth/gen_1777184691_290.txt earth/gen_1777184694_291.txt earth/gen_1777184697_292.txt earth/gen_1777184699_293.txt earth/gen_1777184702_294.txt earth/gen_1777184704_295.txt earth/gen_1777184707_296.txt earth/gen_1777184710_297.txt earth/gen_1777184712_298.txt earth/gen_1777184715_299.txt earth/gen_1777184717_300.txt earth/gen_1777184720_301.txt earth/gen_1777184723_302.txt earth/gen_1777184725_303.txt earth/gen_1777184728_304.txt earth/gen_1777184730_305.txt earth/gen_1777184733_306.txt earth/gen_1777184736_307.txt earth/gen_1777184738_308.txt earth/gen_1777184741_309.txt earth/gen_1777184743_310.txt earth/gen_1777184746_311.txt earth/gen_1777184752_313.txt earth/gen_1777184754_314.txt earth/gen_1777184757_315.txt earth/gen_1777184759_316.txt earth/gen_1777184762_317.txt earth/gen_1777184765_318.txt earth/gen_1777184767_319.txt earth/gen_1777184770_320.txt earth/gen_1777184772_321.txt earth/gen_1777184775_322.txt earth/gen_1777184778_323.txt earth/gen_1777184780_324.txt earth/gen_1777184783_325.txt earth/gen_1777184786_326.txt earth/gen_1777184788_327.txt earth/gen_1777184791_328.txt earth/gen_1777184794_329.txt earth/gen_1777184799_331.txt earth/gen_1777184801_332.txt earth/gen_1777184804_333.txt earth/gen_1777184807_334.txt earth/gen_1777184809_335.txt earth/gen_1777184814_337.txt earth/gen_1777184817_338.txt earth/gen_1777184820_339.txt earth/gen_1777184822_340.txt earth/gen_1777184825_341.txt earth/gen_1777184827_342.txt earth/gen_1777184830_343.txt earth/gen_1777184833_344.txt earth/gen_1777184835_345.txt earth/gen_1777184838_346.txt earth/gen_1777184840_347.txt earth/gen_1777184843_348.txt earth/gen_1777184846_349.txt earth/gen_1777184848_350.txt earth/gen_1777184851_351.txt earth/gen_1777184854_352.txt earth/gen_1777184856_353.txt earth/gen_1777184859_354.txt earth/gen_1777184861_355.txt earth/gen_1777184864_356.txt earth/gen_1777184869_358.txt earth/gen_1777184872_359.txt earth/gen_1777184874_360.txt earth/gen_1777184877_361.txt earth/gen_1777184880_362.txt earth/gen_1777184882_363.txt earth/gen_1777184885_364.txt earth/gen_1777184887_365.txt earth/gen_1777184890_366.txt earth/gen_1777184893_367.txt earth/gen_1777184895_368.txt earth/gen_1777184898_369.txt earth/gen_1777184901_370.txt earth/gen_1777184903_371.txt earth/gen_1777184906_372.txt earth/gen_1777184908_373.txt earth/gen_1777184911_374.txt earth/gen_1777184914_375.txt earth/gen_1777184916_376.txt earth/gen_1777184919_377.txt earth/gen_1777184924_379.txt earth/gen_1777184927_380.txt earth/gen_1777184929_381.txt earth/gen_1777184932_382.txt earth/gen_1777184934_383.txt earth/gen_1777184937_384.txt earth/gen_1777184940_385.txt earth/gen_1777184942_386.txt earth/gen_1777184947_388.txt earth/gen_1777184950_389.txt earth/gen_1777184955_391.txt earth/gen_1777184958_392.txt earth/gen_1777184963_394.txt earth/gen_1777184965_395.txt earth/gen_1777184968_396.txt earth/gen_1777184971_397.txt earth/gen_1777184973_398.txt earth/gen_1777184976_399.txt earth/gen_1777184978_400.txt earth/gen_1777184981_401.txt earth/gen_1777184984_402.txt earth/gen_1777184986_403.txt earth/gen_1777184989_404.txt earth/gen_1777184992_405.txt earth/gen_1777184994_406.txt earth/gen_1777184997_407.txt earth/gen_1777185002_409.txt earth/gen_1777185005_410.txt earth/gen_1777185007_411.txt earth/gen_1777185010_412.txt earth/gen_1777185013_413.txt earth/gen_1777185015_414.txt earth/gen_1777185018_415.txt earth/gen_1777185020_416.txt earth/gen_1777185023_417.txt earth/gen_1777185025_418.txt earth/gen_1777185028_419.txt earth/gen_1777185031_420.txt earth/gen_1777185033_421.txt earth/gen_1777185036_422.txt earth/gen_1777185038_423.txt earth/gen_1777185041_424.txt earth/gen_1777185043_425.txt earth/gen_1777185048_427.txt earth/gen_1777185051_428.txt earth/gen_1777185056_430.txt earth/gen_1777185059_431.txt earth/gen_1777185061_432.txt earth/gen_1777185064_433.txt earth/gen_1777185066_434.txt earth/gen_1777185069_435.txt earth/gen_1777185071_436.txt earth/gen_1777185074_437.txt earth/gen_1777185077_438.txt earth/gen_1777185079_439.txt earth/gen_1777185082_440.txt earth/gen_1777185087_442.txt earth/gen_1777185089_443.txt earth/gen_1777185092_444.txt earth/gen_1777185094_445.txt earth/gen_1777185097_446.txt earth/gen_1777185102_448.txt earth/gen_1777185105_449.txt earth/gen_1777185107_450.txt earth/gen_1777185110_451.txt earth/gen_1777185112_452.txt earth/gen_1777185115_453.txt earth/gen_1777185117_454.txt earth/gen_1777185120_455.txt earth/gen_1777185123_456.txt earth/gen_1777185125_457.txt earth/gen_1777185128_458.txt earth/gen_1777185130_459.txt earth/gen_1777185133_460.txt earth/gen_1777185135_461.txt earth/gen_1777185138_462.txt earth/gen_1777185140_463.txt earth/gen_1777185143_464.txt earth/gen_1777185148_466.txt earth/gen_1777185151_467.txt earth/gen_1777185156_469.txt earth/gen_1777185158_470.txt earth/gen_1777185161_471.txt earth/gen_1777185163_472.txt earth/gen_1777185166_473.txt earth/gen_1777185169_474.txt earth/gen_1777185171_475.txt earth/gen_1777185174_476.txt earth/gen_1777185176_477.txt earth/gen_1777185179_478.txt earth/gen_1777185181_479.txt earth/gen_1777185184_480.txt earth/gen_1777185187_481.txt earth/gen_1777185189_482.txt earth/gen_1777185192_483.txt earth/gen_1777185194_484.txt earth/gen_1777185197_485.txt earth/gen_1777185202_487.txt earth/gen_1777185205_488.txt earth/gen_1777185207_489.txt earth/gen_1777185210_490.txt earth/gen_1777185212_491.txt earth/gen_1777185215_492.txt earth/gen_1777185217_493.txt earth/gen_1777185220_494.txt earth/gen_1777185223_495.txt earth/gen_1777185225_496.txt earth/gen_1777185228_497.txt earth/gen_1777185230_498.txt earth/gen_1777185233_499.txt earth/gen_1777185236_500.txt earth/gen_1777185241_502.txt earth/gen_1777185243_503.txt earth/gen_1777185246_504.txt earth/gen_1777185249_505.txt earth/gen_1777185251_506.txt earth/gen_1777185256_508.txt earth/gen_1777185259_509.txt earth/gen_1777185261_510.txt earth/gen_1777185264_511.txt earth/gen_1777185267_512.txt earth/gen_1777185272_514.txt earth/gen_1777185274_515.txt earth/gen_1777185277_516.txt earth/gen_1777185280_517.txt earth/gen_1777185282_518.txt earth/gen_1777185285_519.txt earth/gen_1777185287_520.txt earth/gen_1777185290_521.txt earth/gen_1777185293_522.txt earth/gen_1777185295_523.txt earth/gen_1777185298_524.txt earth/gen_1777185300_525.txt earth/gen_1777185303_526.txt earth/gen_1777185306_527.txt earth/gen_1777185311_529.txt earth/gen_1777185313_530.txt earth/gen_1777185316_531.txt earth/gen_1777185319_532.txt earth/gen_1777185321_533.txt earth/gen_1777185324_534.txt earth/gen_1777185326_535.txt earth/gen_1777185329_536.txt earth/gen_1777185332_537.txt earth/gen_1777185334_538.txt earth/gen_1777185337_539.txt earth/gen_1777185339_540.txt earth/gen_1777185342_541.txt earth/gen_1777185344_542.txt earth/gen_1777185347_543.txt earth/gen_1777185350_544.txt earth/gen_1777185352_545.txt earth/gen_1777185355_546.txt earth/gen_1777185358_547.txt earth/gen_1777185360_548.txt earth/gen_1777185363_549.txt earth/gen_1777185365_550.txt earth/gen_1777185368_551.txt earth/gen_1777185370_552.txt earth/gen_1777185373_553.txt earth/gen_1777185376_554.txt earth/gen_1777185378_555.txt earth/gen_1777185381_556.txt earth/gen_1777185384_557.txt earth/gen_1777185386_558.txt earth/gen_1777185389_559.txt earth/gen_1777185391_560.txt earth/gen_1777185394_561.txt earth/gen_1777185396_562.txt earth/gen_1777185399_563.txt earth/gen_1777185402_564.txt earth/gen_1777185404_565.txt earth/gen_1777185407_566.txt earth/gen_1777185410_567.txt earth/gen_1777185412_568.txt earth/gen_1777185415_569.txt earth/gen_1777185417_570.txt earth/gen_1777185420_571.txt earth/gen_1777185423_572.txt earth/gen_1777185425_573.txt earth/gen_1777185428_574.txt earth/gen_1777185430_575.txt earth/gen_1777185433_576.txt earth/gen_1777185435_577.txt earth/gen_1777185438_578.txt earth/gen_1777185440_579.txt earth/gen_1777185443_580.txt earth/gen_1777185448_582.txt earth/gen_1777185451_583.txt earth/gen_1777185453_584.txt earth/gen_1777185459_586.txt earth/gen_1777185461_587.txt earth/gen_1777185464_588.txt earth/gen_1777185466_589.txt earth/gen_1777185469_590.txt earth/gen_1777185472_591.txt earth/gen_1777185474_592.txt earth/gen_1777185477_593.txt earth/gen_1777185482_595.txt earth/gen_1777185485_596.txt earth/gen_1777185487_597.txt earth/gen_1777185490_598.txt earth/gen_1777185492_599.txt earth/gen_1777185495_600.txt earth/gen_1777185497_601.txt earth/gen_1777185500_602.txt earth/gen_1777185502_603.txt earth/gen_1777185505_604.txt earth/gen_1777185508_605.txt earth/gen_1777185510_606.txt earth/gen_1777185513_607.txt earth/gen_1777185515_608.txt earth/gen_1777185518_609.txt earth/gen_1777185521_610.txt earth/gen_1777185523_611.txt earth/gen_1777185526_612.txt earth/gen_1777185528_613.txt earth/gen_1777185531_614.txt earth/gen_1777185534_615.txt earth/gen_1777185536_616.txt earth/gen_1777185539_617.txt earth/gen_1777185541_618.txt earth/gen_1777185544_619.txt earth/gen_1777185547_620.txt earth/gen_1777185552_622.txt earth/gen_1777185554_623.txt earth/gen_1777185557_624.txt earth/gen_1777185559_625.txt earth/gen_1777185562_626.txt earth/gen_1777185564_627.txt earth/gen_1777185567_628.txt earth/gen_1777185570_629.txt earth/gen_1777185572_630.txt earth/gen_1777185575_631.txt earth/gen_1777185577_632.txt earth/gen_1777185580_633.txt earth/gen_1777185583_634.txt earth/gen_1777185585_635.txt earth/gen_1777185588_636.txt earth/gen_1777185591_637.txt earth/gen_1777185593_638.txt earth/gen_1777185599_640.txt earth/gen_1777185601_641.txt earth/gen_1777185604_642.txt earth/gen_1777185606_643.txt earth/gen_1777185609_644.txt earth/gen_1777185612_645.txt earth/gen_1777185614_646.txt earth/gen_1777185617_647.txt earth/gen_1777185619_648.txt earth/gen_1777185622_649.txt earth/gen_1777185625_650.txt earth/gen_1777185627_651.txt earth/gen_1777185630_652.txt earth/gen_1777185632_653.txt earth/gen_1777185635_654.txt earth/gen_1777185638_655.txt earth/gen_1777185640_656.txt earth/gen_1777185645_658.txt earth/gen_1777185648_659.txt earth/gen_1777185651_660.txt earth/gen_1777185653_661.txt earth/gen_1777185656_662.txt earth/gen_1777185659_663.txt earth/gen_1777185661_664.txt earth/gen_1777185664_665.txt earth/gen_1777185669_667.txt earth/gen_1777185672_668.txt earth/gen_1777185674_669.txt earth/gen_1777185677_670.txt earth/gen_1777185679_671.txt earth/gen_1777185682_672.txt earth/gen_1777185684_673.txt earth/gen_1777185687_674.txt earth/gen_1777185690_675.txt earth/gen_1777185692_676.txt earth/gen_1777185695_677.txt earth/gen_1777185698_678.txt earth/gen_1777185700_679.txt earth/gen_1777185703_680.txt earth/gen_1777185705_681.txt earth/gen_1777185708_682.txt earth/gen_1777185711_683.txt earth/gen_1777185713_684.txt]
[trainer] micro-train burst (57334 bytes, novelty 0.01) — and lo, it feeds again.
[syntropy] action=explore | trend=0.0000 | field_dev=-0.013 | purpose_align=-0.021 | lr_mul=1.30
[aml] burst complete: 32 steps, avg loss 2.5327 (memory freed)
[dna] air wrote 98 bytes to ecology
[dna] air wrote 86 bytes to ecology
[dna] air wrote 187 bytes to ecology
[dna] air wrote 12 bytes to ecology
[dna] air wrote 174 bytes to ecology
[dna] air wrote 119 bytes to ecology
[dna] air wrote 32 bytes to ecology
[dna] air wrote 71 bytes to ecology
[dna] air wrote 134 bytes to ecology
[dna] air wrote 29 bytes to ecology
[dna] air wrote 43 bytes to ecology
[dna] air wrote 104 bytes to ecology
[dna] air wrote 157 bytes to ecology
[dna] air wrote 54 bytes to ecology
[dna] air wrote 162 bytes to ecology
[dna] air wrote 29 bytes to ecology
[dna] air wrote 67 bytes to ecology
[dna] air wrote 96 bytes to ecology
[dna] air wrote 12 bytes to ecology
[dna] air wrote 20 bytes to ecology
[dna] air wrote 53 bytes to ecology
[dna] air wrote 56 bytes to ecology
[debug-onto] tick=50 corpus=180288 stage=2 freeze=0
[dna] air wrote 34 bytes to ecology
[dna] air wrote 69 bytes to ecology
[dna] air wrote 107 bytes to ecology
[dna] air wrote 13 bytes to ecology
[dna] air wrote 140 bytes to ecology
[dna] air wrote 45 bytes to ecology
[dna] air wrote 113 bytes to ecology
[dna] air wrote 89 bytes to ecology
[dna] air wrote 115 bytes to ecology
[dna] air wrote 135 bytes to ecology
[dna] air wrote 30 bytes to ecology
[dna] air wrote 108 bytes to ecology
[dna] air wrote 56 bytes to ecology
[dna] air wrote 68 bytes to ecology
[dna] air wrote 39 bytes to ecology
[dna] air wrote 45 bytes to ecology
[dna] air wrote 89 bytes to ecology
[dna] air wrote 40 bytes to ecology
[dna] air wrote 184 bytes to ecology
[dna] air wrote 56 bytes to ecology
[dna] air wrote 28 bytes to ecology
[dna] air wrote 33 bytes to ecology
[dna] air wrote 130 bytes to ecology
[dna] air wrote 32 bytes to ecology
[debug-onto] tick=100 corpus=180288 stage=2 freeze=0
[dna] air wrote 114 bytes to ecology
[dna] air wrote 79 bytes to ecology
[dna] air wrote 28 bytes to ecology
[dna] air wrote 98 bytes to ecology
[dna] air wrote 34 bytes to ecology
[dna] air wrote 32 bytes to ecology
[dna] air wrote 50 bytes to ecology
[dna] air wrote 67 bytes to ecology
[dna] air wrote 38 bytes to ecology
[dna] air wrote 23 bytes to ecology
[dna] air wrote 141 bytes to ecology
[dna] air wrote 122 bytes to ecology
[dna] air wrote 104 bytes to ecology
[dna] air wrote 93 bytes to ecology
[dna] air wrote 37 bytes to ecology
[dna] air wrote 112 bytes to ecology
[dna] air wrote 35 bytes to ecology
[dna] air wrote 47 bytes to ecology
[dna] air wrote 105 bytes to ecology
[dna] air wrote 41 bytes to ecology
[debug-onto] tick=150 corpus=180288 stage=2 freeze=0
[dna] air wrote 34 bytes to ecology
[dna] air wrote 10 bytes to ecology
[dna] air wrote 258 bytes to ecology
[dna] air wrote 33 bytes to ecology
[dna] air wrote 65 bytes to ecology
[dna] air wrote 54 bytes to ecology
[dna] air wrote 46 bytes to ecology
[dna] air wrote 49 bytes to ecology
[dna] air wrote 103 bytes to ecology
[dna] air wrote 108 bytes to ecology
[dna] air wrote 56 bytes to ecology
[dna] air wrote 31 bytes to ecology
[dna] air wrote 35 bytes to ecology
[dna] air wrote 139 bytes to ecology
[dna] air wrote 34 bytes to ecology
[dna] air wrote 45 bytes to ecology
[dna] air wrote 182 bytes to ecology
[dna] air wrote 78 bytes to ecology
[dna] air wrote 61 bytes to ecology
[dna] air wrote 72 bytes to ecology
[debug-onto] tick=200 corpus=180288 stage=2 freeze=0
[dna] air wrote 116 bytes to ecology
[dna] air wrote 89 bytes to ecology
[dna] air wrote 44 bytes to ecology
[dna] air wrote 41 bytes to ecology
[dna] air wrote 98 bytes to ecology
[dna] air wrote 53 bytes to ecology
[dna] air wrote 48 bytes to ecology
[dna] air wrote 39 bytes to ecology
[dna] air wrote 117 bytes to ecology
[dna] air wrote 60 bytes to ecology
[dna] air wrote 163 bytes to ecology
[dna] air wrote 108 bytes to ecology
[dna] air wrote 58 bytes to ecology
[dna] air wrote 29 bytes to ecology
[dna] air wrote 48 bytes to ecology
[dna] air wrote 71 bytes to ecology
[dna] air wrote 83 bytes to ecology
[dna] air wrote 104 bytes to ecology
[dna] air wrote 118 bytes to ecology
[dna] air wrote 139 bytes to ecology
[dna] air wrote 47 bytes to ecology
[dna] air wrote 80 bytes to ecology
[debug-onto] tick=250 corpus=180288 stage=2 freeze=0
[dna] air wrote 43 bytes to ecology
[dna] air wrote 178 bytes to ecology
[dna] air wrote 66 bytes to ecology
[dna] air wrote 303 bytes to ecology
[dna] air wrote 197 bytes to ecology
[dna] air wrote 44 bytes to ecology
[dna] air wrote 80 bytes to ecology
[dna] air wrote 208 bytes to ecology
[dna] air wrote 70 bytes to ecology
[dna] air wrote 76 bytes to ecology
[dna] air wrote 34 bytes to ecology
[dna] air wrote 35 bytes to ecology
[dna] air wrote 47 bytes to ecology
[dna] air wrote 154 bytes to ecology
[dna] air wrote 46 bytes to ecology
[dna] air wrote 85 bytes to ecology
[dna] air wrote 59 bytes to ecology
[dna] air wrote 30 bytes to ecology
[dna] air wrote 50 bytes to ecology
[debug-onto] tick=300 corpus=180288 stage=2 freeze=0
[dna] air wrote 46 bytes to ecology
[dna] air wrote 13 bytes to ecology
[dna] air wrote 28 bytes to ecology
[dna] air wrote 63 bytes to ecology
[dna] air wrote 25 bytes to ecology
[dna] air wrote 30 bytes to ecology
[dna] air wrote 73 bytes to ecology
[dna] air wrote 79 bytes to ecology
[dna] air wrote 117 bytes to ecology
[dna] air wrote 63 bytes to ecology
[dna] air wrote 92 bytes to ecology
[dna] air wrote 228 bytes to ecology
[dna] air wrote 37 bytes to ecology
[dna] air wrote 68 bytes to ecology
[dna] air wrote 117 bytes to ecology
[dna] air wrote 176 bytes to ecology
[dna] air wrote 19 bytes to ecology
[dna] air wrote 95 bytes to ecology
[dna] air wrote 49 bytes to ecology
[dna] air wrote 90 bytes to ecology
[dna] air wrote 54 bytes to ecology
[debug-onto] tick=350 corpus=180288 stage=2 freeze=0
[dna] air wrote 62 bytes to ecology
[dna] air wrote 70 bytes to ecology
[dna] air wrote 107 bytes to ecology
[dna] air wrote 11 bytes to ecology
[dna] air wrote 39 bytes to ecology
[dna] air wrote 40 bytes to ecology
[dna] air wrote 82 bytes to ecology
[dna] air wrote 119 bytes to ecology
[dna] air wrote 21 bytes to ecology
[dna] air wrote 115 bytes to ecology
[dna] air wrote 70 bytes to ecology
[dna] air wrote 139 bytes to ecology
[dna] air wrote 138 bytes to ecology
[dna] air wrote 58 bytes to ecology
[dna] air wrote 40 bytes to ecology
[dna] air wrote 162 bytes to ecology
[dna] air wrote 105 bytes to ecology
[dna] air wrote 38 bytes to ecology
[dna] air wrote 51 bytes to ecology
[dna] air wrote 47 bytes to ecology
[debug-onto] tick=400 corpus=180288 stage=2 freeze=0
[dna] air wrote 353 bytes to ecology
[dna] air wrote 107 bytes to ecology
[dna] air wrote 97 bytes to ecology
[dna] air wrote 19 bytes to ecology
[dna] air wrote 61 bytes to ecology
[dna] air wrote 61 bytes to ecology
[dna] air wrote 93 bytes to ecology
[dna] air wrote 30 bytes to ecology
[dna] air wrote 149 bytes to ecology
[dna] air wrote 141 bytes to ecology
[dna] air wrote 82 bytes to ecology
[dna] air wrote 35 bytes to ecology
[dna] air wrote 150 bytes to ecology
[dna] air wrote 68 bytes to ecology
[dna] air wrote 84 bytes to ecology
[dna] air wrote 16 bytes to ecology
[dna] air wrote 109 bytes to ecology
[dna] air wrote 102 bytes to ecology
[dna] air wrote 230 bytes to ecology
[dna] air wrote 39 bytes to ecology
[dna] air wrote 51 bytes to ecology
[dna] air wrote 157 bytes to ecology
[dna] air wrote 137 bytes to ecology
[debug-onto] tick=450 corpus=180288 stage=2 freeze=0
[dna] air wrote 52 bytes to ecology
[dna] air wrote 81 bytes to ecology
[dna] air wrote 54 bytes to ecology
[dna] air wrote 154 bytes to ecology
[dna] air wrote 258 bytes to ecology
[dna] air wrote 62 bytes to ecology
[dna] air wrote 76 bytes to ecology
[dna] air wrote 43 bytes to ecology
[dna] air wrote 124 bytes to ecology
[dna] air wrote 125 bytes to ecology
[dna] air wrote 27 bytes to ecology
[dna] air wrote 34 bytes to ecology
[dna] air wrote 218 bytes to ecology
[dna] air wrote 38 bytes to ecology
[dna] air wrote 172 bytes to ecology
[dna] air wrote 70 bytes to ecology
[dna] air wrote 72 bytes to ecology
[dna] air wrote 38 bytes to ecology
[dna] air wrote 155 bytes to ecology
[dna] air wrote 59 bytes to ecology
[dna] air wrote 127 bytes to ecology
[debug-onto] tick=500 corpus=180288 stage=2 freeze=0
[dna] air wrote 30 bytes to ecology
[dna] air wrote 10 bytes to ecology
[dna] air wrote 41 bytes to ecology
[dna] air wrote 49 bytes to ecology
[dna] air wrote 58 bytes to ecology
[dna] air wrote 103 bytes to ecology
[dna] air wrote 20 bytes to ecology
[dna] air wrote 19 bytes to ecology
[dna] air wrote 54 bytes to ecology
[dna] air wrote 36 bytes to ecology

[evolution] Organism shutting down gracefully.
