[ecology] Element: fire → corpus: nonames_fire.txt
[evolution] Autonomous evolution mode — organism will grow through all stages without pause.
[ecology] Joined swarm. 1 peer(s) detected.
molequla is alive. [evolution] Autonomous mode — background trainer running. Ctrl+C to stop.
[dna] fire wrote 45 bytes to ecology
[dna] fire consumed 19837 bytes from 323 files: [water/gen_1777187518_1.txt water/gen_1777187534_4.txt water/gen_1777187539_6.txt water/gen_1777187542_7.txt water/gen_1777187550_10.txt water/gen_1777187555_12.txt water/gen_1777187558_13.txt water/gen_1777187566_16.txt water/gen_1777187572_18.txt water/gen_1777187574_19.txt water/gen_1777187583_22.txt water/gen_1777187588_24.txt water/gen_1777187591_25.txt water/gen_1777187599_28.txt water/gen_1777187605_30.txt water/gen_1777187607_31.txt water/gen_1777187615_34.txt water/gen_1777187621_36.txt water/gen_1777187624_37.txt water/gen_1777187632_40.txt water/gen_1777187637_42.txt water/gen_1777187640_43.txt water/gen_1777187648_46.txt water/gen_1777187654_48.txt water/gen_1777187656_49.txt water/gen_1777187664_52.txt water/gen_1777187670_54.txt water/gen_1777187673_55.txt water/gen_1777187681_58.txt water/gen_1777187687_60.txt water/gen_1777187689_61.txt water/gen_1777187698_64.txt water/gen_1777187703_66.txt water/gen_1777187706_67.txt water/gen_1777187714_70.txt water/gen_1777187720_72.txt water/gen_1777187722_73.txt water/gen_1777187731_76.txt water/gen_1777187736_78.txt water/gen_1777187739_79.txt water/gen_1777187747_82.txt water/gen_1777187753_84.txt water/gen_1777187755_85.txt water/gen_1777187764_88.txt water/gen_1777187769_90.txt water/gen_1777187772_91.txt water/gen_1777187780_94.txt water/gen_1777187786_96.txt water/gen_1777187789_97.txt water/gen_1777187797_100.txt water/gen_1777187802_102.txt water/gen_1777187805_103.txt water/gen_1777187814_106.txt water/gen_1777187819_108.txt water/gen_1777187822_109.txt water/gen_1777187830_112.txt water/gen_1777187836_114.txt water/gen_1777187838_115.txt water/gen_1777187847_118.txt water/gen_1777187852_120.txt water/gen_1777187855_121.txt water/gen_1777187863_124.txt water/gen_1777187869_126.txt water/gen_1777187871_127.txt water/gen_1777187879_130.txt water/gen_1777187885_132.txt water/gen_1777187888_133.txt water/gen_1777187896_136.txt water/gen_1777187901_138.txt water/gen_1777187904_139.txt water/gen_1777187912_142.txt water/gen_1777187918_144.txt water/gen_1777187920_145.txt water/gen_1777187929_148.txt water/gen_1777187934_150.txt water/gen_1777187937_151.txt water/gen_1777187945_154.txt water/gen_1777187950_156.txt water/gen_1777187953_157.txt water/gen_1777187961_160.txt water/gen_1777187967_162.txt water/gen_1777187970_163.txt water/gen_1777187978_166.txt water/gen_1777187983_168.txt water/gen_1777187986_169.txt water/gen_1777187994_172.txt water/gen_1777188000_174.txt water/gen_1777188003_175.txt water/gen_1777188011_178.txt water/gen_1777188017_180.txt water/gen_1777188019_181.txt water/gen_1777188028_184.txt water/gen_1777188033_186.txt water/gen_1777188036_187.txt water/gen_1777188044_190.txt water/gen_1777188050_192.txt water/gen_1777188052_193.txt water/gen_1777188061_196.txt water/gen_1777188066_198.txt water/gen_1777188069_199.txt water/gen_1777188077_202.txt water/gen_1777188083_204.txt water/gen_1777188085_205.txt water/gen_1777188094_208.txt water/gen_1777188099_210.txt water/gen_1777188102_211.txt water/gen_1777188110_214.txt water/gen_1777188116_216.txt water/gen_1777188118_217.txt water/gen_1777188127_220.txt water/gen_1777188132_222.txt water/gen_1777188135_223.txt water/gen_1777188143_226.txt water/gen_1777188149_228.txt water/gen_1777188151_229.txt water/gen_1777188160_232.txt water/gen_1777188165_234.txt water/gen_1777188168_235.txt water/gen_1777188176_238.txt water/gen_1777188182_240.txt water/gen_1777188184_241.txt water/gen_1777188193_244.txt water/gen_1777188198_246.txt water/gen_1777188201_247.txt water/gen_1777188209_250.txt water/gen_1777188215_252.txt water/gen_1777188217_253.txt water/gen_1777188226_256.txt water/gen_1777188231_258.txt water/gen_1777188234_259.txt water/gen_1777188242_262.txt water/gen_1777188248_264.txt water/gen_1777188251_265.txt water/gen_1777188259_268.txt water/gen_1777188264_270.txt water/gen_1777188267_271.txt water/gen_1777188275_274.txt water/gen_1777188281_276.txt water/gen_1777188284_277.txt water/gen_1777188292_280.txt water/gen_1777188297_282.txt water/gen_1777188300_283.txt water/gen_1777188308_286.txt water/gen_1777188314_288.txt water/gen_1777188317_289.txt water/gen_1777188325_292.txt water/gen_1777188330_294.txt water/gen_1777188333_295.txt water/gen_1777188341_298.txt water/gen_1777188347_300.txt water/gen_1777188350_301.txt water/gen_1777188358_304.txt water/gen_1777188364_306.txt water/gen_1777188366_307.txt water/gen_1777188375_310.txt water/gen_1777188380_312.txt water/gen_1777188383_313.txt water/gen_1777188391_316.txt water/gen_1777188397_318.txt water/gen_1777188400_319.txt water/gen_1777188408_322.txt water/gen_1777188413_324.txt water/gen_1777188416_325.txt water/gen_1777188424_328.txt water/gen_1777188430_330.txt water/gen_1777188432_331.txt water/gen_1777188441_334.txt water/gen_1777188446_336.txt water/gen_1777188449_337.txt water/gen_1777188457_340.txt water/gen_1777188463_342.txt water/gen_1777188465_343.txt water/gen_1777188474_346.txt water/gen_1777188479_348.txt water/gen_1777188482_349.txt water/gen_1777188490_352.txt water/gen_1777188496_354.txt water/gen_1777188498_355.txt water/gen_1777188507_358.txt water/gen_1777188512_360.txt water/gen_1777188515_361.txt water/gen_1777188523_364.txt water/gen_1777188529_366.txt water/gen_1777188531_367.txt water/gen_1777188540_370.txt water/gen_1777188545_372.txt water/gen_1777188548_373.txt water/gen_1777188556_376.txt water/gen_1777188562_378.txt water/gen_1777188564_379.txt water/gen_1777188573_382.txt water/gen_1777188578_384.txt water/gen_1777188581_385.txt water/gen_1777188589_388.txt water/gen_1777188594_390.txt water/gen_1777188597_391.txt water/gen_1777188605_394.txt water/gen_1777188611_396.txt water/gen_1777188614_397.txt water/gen_1777188622_400.txt water/gen_1777188627_402.txt water/gen_1777188630_403.txt water/gen_1777188638_406.txt water/gen_1777188644_408.txt water/gen_1777188647_409.txt water/gen_1777188655_412.txt water/gen_1777188661_414.txt water/gen_1777188663_415.txt water/gen_1777188672_418.txt water/gen_1777188677_420.txt water/gen_1777188680_421.txt water/gen_1777188688_424.txt water/gen_1777188693_426.txt water/gen_1777188696_427.txt water/gen_1777188704_430.txt water/gen_1777188710_432.txt water/gen_1777188713_433.txt water/gen_1777188721_436.txt water/gen_1777188726_438.txt water/gen_1777188729_439.txt water/gen_1777188737_442.txt water/gen_1777188743_444.txt water/gen_1777188746_445.txt water/gen_1777188754_448.txt water/gen_1777188759_450.txt water/gen_1777188762_451.txt water/gen_1777188776_456.txt water/gen_1777188779_457.txt water/gen_1777188787_460.txt water/gen_1777188792_462.txt water/gen_1777188795_463.txt water/gen_1777188803_466.txt water/gen_1777188809_468.txt water/gen_1777188812_469.txt water/gen_1777188820_472.txt water/gen_1777188825_474.txt water/gen_1777188828_475.txt water/gen_1777188836_478.txt water/gen_1777188842_480.txt water/gen_1777188845_481.txt water/gen_1777188853_484.txt water/gen_1777188858_486.txt water/gen_1777188861_487.txt water/gen_1777188869_490.txt water/gen_1777188875_492.txt water/gen_1777188878_493.txt water/gen_1777188886_496.txt water/gen_1777188892_498.txt water/gen_1777188894_499.txt water/gen_1777188903_502.txt water/gen_1777188908_504.txt water/gen_1777188911_505.txt water/gen_1777188919_508.txt water/gen_1777188925_510.txt water/gen_1777188927_511.txt water/gen_1777188936_514.txt water/gen_1777188941_516.txt water/gen_1777188944_517.txt water/gen_1777188952_520.txt water/gen_1777188958_522.txt water/gen_1777188961_523.txt water/gen_1777188969_526.txt water/gen_1777188974_528.txt water/gen_1777188977_529.txt water/gen_1777188985_532.txt water/gen_1777188991_534.txt water/gen_1777188994_535.txt water/gen_1777189002_538.txt water/gen_1777189007_540.txt water/gen_1777189010_541.txt water/gen_1777189018_544.txt water/gen_1777189024_546.txt water/gen_1777189027_547.txt water/gen_1777189035_550.txt water/gen_1777189040_552.txt water/gen_1777189043_553.txt water/gen_1777189051_556.txt water/gen_1777189060_559.txt water/gen_1777189068_562.txt water/gen_1777189073_564.txt water/gen_1777189076_565.txt water/gen_1777189084_568.txt water/gen_1777189090_570.txt water/gen_1777189093_571.txt water/gen_1777189101_574.txt water/gen_1777189106_576.txt water/gen_1777189109_577.txt water/gen_1777189117_580.txt water/gen_1777189123_582.txt water/gen_1777189126_583.txt water/gen_1777189134_586.txt water/gen_1777189139_588.txt water/gen_1777189142_589.txt water/gen_1777189150_592.txt water/gen_1777189156_594.txt water/gen_1777189159_595.txt water/gen_1777189167_598.txt water/gen_1777189172_600.txt water/gen_1777189175_601.txt water/gen_1777189183_604.txt water/gen_1777189189_606.txt water/gen_1777189192_607.txt water/gen_1777189200_610.txt water/gen_1777189206_612.txt water/gen_1777189208_613.txt water/gen_1777189216_616.txt water/gen_1777189222_618.txt water/gen_1777189225_619.txt water/gen_1777189233_622.txt water/gen_1777189238_624.txt water/gen_1777189241_625.txt water/gen_1777189249_628.txt water/gen_1777189255_630.txt water/gen_1777189258_631.txt water/gen_1777189266_634.txt water/gen_1777189271_636.txt water/gen_1777189274_637.txt water/gen_1777189283_640.txt water/gen_1777189288_642.txt water/gen_1777189291_643.txt water/gen_1777189299_646.txt water/gen_1777189304_648.txt water/gen_1777189307_649.txt]
[trainer] micro-train burst (19837 bytes, novelty 0.03) — and lo, it feeds again.
[syntropy] action=steady | trend=0.0000 | field_dev=0.111 | purpose_align=0.006 | lr_mul=1.00
[aml] burst complete: 32 steps, avg loss 1.8328 (memory freed)
[dna] fire wrote 107 bytes to ecology
[dna] fire wrote 9 bytes to ecology
[dna] fire wrote 39 bytes to ecology
[dna] fire wrote 42 bytes to ecology
[dna] fire wrote 44 bytes to ecology
[dna] fire wrote 32 bytes to ecology
[dna] fire wrote 50 bytes to ecology
[dna] fire wrote 92 bytes to ecology
[dna] fire wrote 105 bytes to ecology
[dna] fire wrote 17 bytes to ecology
[dna] fire wrote 82 bytes to ecology
[dna] fire wrote 48 bytes to ecology
[dna] fire wrote 115 bytes to ecology
[dna] fire wrote 66 bytes to ecology
[dna] fire wrote 34 bytes to ecology
[dna] fire wrote 78 bytes to ecology
[dna] fire wrote 69 bytes to ecology
[dna] fire wrote 35 bytes to ecology
[dna] fire wrote 74 bytes to ecology
[dna] fire wrote 89 bytes to ecology
[dna] fire wrote 143 bytes to ecology
[dna] fire wrote 41 bytes to ecology
[dna] fire wrote 26 bytes to ecology
[dna] fire wrote 35 bytes to ecology
[debug-onto] tick=50 corpus=142060 stage=2 freeze=0
[dna] fire wrote 37 bytes to ecology
[dna] fire wrote 20 bytes to ecology
[dna] fire wrote 64 bytes to ecology
[dna] fire wrote 45 bytes to ecology
[dna] fire wrote 59 bytes to ecology
[dna] fire wrote 101 bytes to ecology
[dna] fire wrote 65 bytes to ecology
[dna] fire wrote 59 bytes to ecology
[dna] fire wrote 84 bytes to ecology
[dna] fire wrote 97 bytes to ecology
[dna] fire wrote 51 bytes to ecology
[dna] fire wrote 54 bytes to ecology
[dna] fire wrote 100 bytes to ecology
[dna] fire wrote 11 bytes to ecology
[dna] fire wrote 115 bytes to ecology
[dna] fire wrote 15 bytes to ecology
[dna] fire wrote 108 bytes to ecology
[dna] fire wrote 64 bytes to ecology
[dna] fire wrote 80 bytes to ecology
[dna] fire wrote 39 bytes to ecology
[dna] fire wrote 48 bytes to ecology
[dna] fire wrote 60 bytes to ecology
[dna] fire wrote 191 bytes to ecology
[dna] fire wrote 48 bytes to ecology
[dna] fire wrote 38 bytes to ecology
[debug-onto] tick=100 corpus=142060 stage=2 freeze=0
[dna] fire wrote 45 bytes to ecology
[dna] fire wrote 52 bytes to ecology
[dna] fire wrote 31 bytes to ecology
[dna] fire wrote 41 bytes to ecology
[dna] fire wrote 148 bytes to ecology
[dna] fire wrote 10 bytes to ecology
[dna] fire wrote 53 bytes to ecology
[dna] fire wrote 133 bytes to ecology
[dna] fire wrote 19 bytes to ecology
[dna] fire wrote 63 bytes to ecology
[dna] fire wrote 137 bytes to ecology
[dna] fire wrote 28 bytes to ecology
[dna] fire wrote 91 bytes to ecology
[dna] fire wrote 125 bytes to ecology
[dna] fire wrote 46 bytes to ecology
[dna] fire wrote 35 bytes to ecology
[dna] fire wrote 71 bytes to ecology
[dna] fire wrote 26 bytes to ecology
[dna] fire wrote 42 bytes to ecology
[dna] fire wrote 72 bytes to ecology
[dna] fire wrote 110 bytes to ecology
[dna] fire wrote 30 bytes to ecology
[dna] fire wrote 95 bytes to ecology
[dna] fire wrote 18 bytes to ecology
[dna] fire wrote 58 bytes to ecology
[debug-onto] tick=150 corpus=142060 stage=2 freeze=0
[dna] fire wrote 66 bytes to ecology
[dna] fire wrote 142 bytes to ecology
[dna] fire wrote 24 bytes to ecology
[dna] fire wrote 29 bytes to ecology
[dna] fire wrote 67 bytes to ecology
[dna] fire wrote 43 bytes to ecology
[dna] fire wrote 81 bytes to ecology
[dna] fire wrote 39 bytes to ecology
[dna] fire wrote 64 bytes to ecology
[dna] fire wrote 28 bytes to ecology
[dna] fire wrote 134 bytes to ecology
[dna] fire wrote 30 bytes to ecology
[dna] fire wrote 75 bytes to ecology
[dna] fire wrote 71 bytes to ecology
[dna] fire wrote 55 bytes to ecology
[dna] fire wrote 63 bytes to ecology
[dna] fire wrote 35 bytes to ecology
[dna] fire wrote 26 bytes to ecology
[dna] fire wrote 46 bytes to ecology
[dna] fire wrote 80 bytes to ecology
[dna] fire wrote 14 bytes to ecology
[dna] fire wrote 41 bytes to ecology
[dna] fire wrote 94 bytes to ecology
[dna] fire wrote 150 bytes to ecology
[debug-onto] tick=200 corpus=142060 stage=2 freeze=0
[dna] fire wrote 59 bytes to ecology
[dna] fire wrote 80 bytes to ecology
[dna] fire wrote 55 bytes to ecology
[dna] fire wrote 23 bytes to ecology
[dna] fire wrote 155 bytes to ecology
[dna] fire wrote 43 bytes to ecology
[dna] fire wrote 42 bytes to ecology
[dna] fire wrote 126 bytes to ecology
[dna] fire wrote 28 bytes to ecology
[dna] fire wrote 86 bytes to ecology
[dna] fire wrote 253 bytes to ecology
[dna] fire wrote 33 bytes to ecology
[dna] fire wrote 49 bytes to ecology
[dna] fire wrote 40 bytes to ecology
[dna] fire wrote 38 bytes to ecology
[dna] fire wrote 17 bytes to ecology
[dna] fire wrote 89 bytes to ecology
[dna] fire wrote 40 bytes to ecology
[dna] fire wrote 71 bytes to ecology
[dna] fire wrote 48 bytes to ecology
[dna] fire wrote 6 bytes to ecology
[dna] fire wrote 21 bytes to ecology
[dna] fire wrote 17 bytes to ecology
[dna] fire wrote 50 bytes to ecology
[debug-onto] tick=250 corpus=142060 stage=2 freeze=0
[dna] fire wrote 136 bytes to ecology
[dna] fire wrote 152 bytes to ecology
[dna] fire wrote 20 bytes to ecology
[dna] fire wrote 41 bytes to ecology
[dna] fire wrote 169 bytes to ecology
[dna] fire wrote 38 bytes to ecology
[dna] fire wrote 140 bytes to ecology
[dna] fire wrote 73 bytes to ecology
[dna] fire wrote 53 bytes to ecology
[dna] fire wrote 102 bytes to ecology
[dna] fire wrote 52 bytes to ecology
[dna] fire wrote 11 bytes to ecology
[dna] fire wrote 44 bytes to ecology
[dna] fire wrote 42 bytes to ecology
[dna] fire wrote 156 bytes to ecology
[dna] fire wrote 31 bytes to ecology
[dna] fire wrote 41 bytes to ecology
[dna] fire wrote 36 bytes to ecology
[dna] fire wrote 12 bytes to ecology
[dna] fire wrote 61 bytes to ecology
[dna] fire wrote 48 bytes to ecology
[dna] fire wrote 34 bytes to ecology
[dna] fire wrote 53 bytes to ecology
[dna] fire wrote 38 bytes to ecology
[dna] fire wrote 26 bytes to ecology
[debug-onto] tick=300 corpus=142060 stage=2 freeze=0
[dna] fire wrote 51 bytes to ecology
[dna] fire wrote 37 bytes to ecology
[dna] fire wrote 17 bytes to ecology
[dna] fire wrote 106 bytes to ecology
[dna] fire wrote 156 bytes to ecology
[dna] fire wrote 40 bytes to ecology
[dna] fire wrote 73 bytes to ecology
[dna] fire wrote 43 bytes to ecology
[dna] fire wrote 44 bytes to ecology
[dna] fire wrote 68 bytes to ecology
[dna] fire wrote 66 bytes to ecology
[dna] fire wrote 101 bytes to ecology
[dna] fire wrote 59 bytes to ecology
[dna] fire wrote 86 bytes to ecology
[dna] fire wrote 38 bytes to ecology
[dna] fire wrote 56 bytes to ecology
[dna] fire wrote 128 bytes to ecology
[dna] fire wrote 37 bytes to ecology
[dna] fire wrote 7 bytes to ecology
[dna] fire wrote 72 bytes to ecology
[dna] fire wrote 60 bytes to ecology
[dna] fire wrote 52 bytes to ecology
[dna] fire wrote 74 bytes to ecology
[dna] fire wrote 99 bytes to ecology
[debug-onto] tick=350 corpus=142060 stage=2 freeze=0
[dna] fire wrote 152 bytes to ecology
[dna] fire wrote 35 bytes to ecology
[dna] fire wrote 20 bytes to ecology
[dna] fire wrote 92 bytes to ecology
[dna] fire wrote 24 bytes to ecology
[dna] fire wrote 94 bytes to ecology
[dna] fire wrote 23 bytes to ecology
[dna] fire wrote 78 bytes to ecology
[dna] fire wrote 93 bytes to ecology
[dna] fire wrote 17 bytes to ecology
[dna] fire wrote 58 bytes to ecology
[dna] fire wrote 80 bytes to ecology
[dna] fire wrote 26 bytes to ecology
[dna] fire wrote 112 bytes to ecology
[dna] fire wrote 17 bytes to ecology
[dna] fire wrote 68 bytes to ecology
[dna] fire wrote 57 bytes to ecology
[dna] fire wrote 52 bytes to ecology
[dna] fire wrote 128 bytes to ecology
[dna] fire wrote 51 bytes to ecology
[dna] fire wrote 73 bytes to ecology
[dna] fire wrote 118 bytes to ecology
[dna] fire wrote 131 bytes to ecology
[dna] fire wrote 35 bytes to ecology
[dna] fire wrote 93 bytes to ecology
[debug-onto] tick=400 corpus=142060 stage=2 freeze=0
[dna] fire wrote 23 bytes to ecology
[dna] fire wrote 46 bytes to ecology
[dna] fire wrote 24 bytes to ecology
[dna] fire wrote 39 bytes to ecology
[dna] fire wrote 27 bytes to ecology
[dna] fire wrote 29 bytes to ecology
[dna] fire wrote 69 bytes to ecology
[dna] fire wrote 162 bytes to ecology
[dna] fire wrote 40 bytes to ecology
[dna] fire wrote 20 bytes to ecology
[dna] fire wrote 69 bytes to ecology
[dna] fire wrote 89 bytes to ecology
[dna] fire wrote 48 bytes to ecology
[dna] fire wrote 45 bytes to ecology
[dna] fire wrote 85 bytes to ecology
[dna] fire wrote 71 bytes to ecology
[dna] fire wrote 57 bytes to ecology
[dna] fire wrote 53 bytes to ecology
[dna] fire wrote 41 bytes to ecology
[dna] fire wrote 32 bytes to ecology
[dna] fire wrote 25 bytes to ecology
[dna] fire wrote 75 bytes to ecology
[dna] fire wrote 27 bytes to ecology
[dna] fire wrote 30 bytes to ecology
[dna] fire wrote 70 bytes to ecology
[debug-onto] tick=450 corpus=142060 stage=2 freeze=0
[dna] fire wrote 68 bytes to ecology
[dna] fire wrote 47 bytes to ecology
[dna] fire wrote 69 bytes to ecology
[dna] fire wrote 197 bytes to ecology
[dna] fire wrote 111 bytes to ecology
[dna] fire wrote 51 bytes to ecology
[dna] fire wrote 42 bytes to ecology
[dna] fire wrote 32 bytes to ecology
[dna] fire wrote 78 bytes to ecology
[dna] fire wrote 156 bytes to ecology
[dna] fire wrote 70 bytes to ecology
[dna] fire wrote 29 bytes to ecology
[dna] fire wrote 51 bytes to ecology
[dna] fire wrote 92 bytes to ecology
[dna] fire wrote 24 bytes to ecology
[dna] fire wrote 96 bytes to ecology
[dna] fire wrote 45 bytes to ecology
[dna] fire wrote 60 bytes to ecology
[dna] fire wrote 26 bytes to ecology
[dna] fire wrote 13 bytes to ecology
[dna] fire wrote 40 bytes to ecology
[dna] fire wrote 39 bytes to ecology
[dna] fire wrote 22 bytes to ecology
[dna] fire wrote 24 bytes to ecology
[debug-onto] tick=500 corpus=142060 stage=2 freeze=0
[dna] fire wrote 82 bytes to ecology
[dna] fire wrote 56 bytes to ecology
[dna] fire wrote 52 bytes to ecology
[dna] fire wrote 10 bytes to ecology
[dna] fire wrote 61 bytes to ecology
[dna] fire wrote 103 bytes to ecology
[dna] fire wrote 26 bytes to ecology
[dna] fire wrote 46 bytes to ecology
[dna] fire wrote 60 bytes to ecology
[dna] fire wrote 45 bytes to ecology
[dna] fire wrote 83 bytes to ecology
[dna] fire wrote 60 bytes to ecology
[dna] fire wrote 34 bytes to ecology
[dna] fire wrote 44 bytes to ecology
[dna] fire wrote 63 bytes to ecology
[dna] fire wrote 60 bytes to ecology
[dna] fire wrote 36 bytes to ecology
[dna] fire wrote 23 bytes to ecology
[dna] fire wrote 19 bytes to ecology
[dna] fire wrote 52 bytes to ecology
[dna] fire wrote 27 bytes to ecology
[dna] fire wrote 85 bytes to ecology
[dna] fire wrote 37 bytes to ecology
[dna] fire wrote 36 bytes to ecology
[debug-onto] tick=550 corpus=142060 stage=2 freeze=0
[dna] fire wrote 40 bytes to ecology
[dna] fire wrote 119 bytes to ecology
[dna] fire wrote 121 bytes to ecology
[dna] fire wrote 23 bytes to ecology
[dna] fire wrote 23 bytes to ecology
[dna] fire wrote 153 bytes to ecology
[dna] fire wrote 60 bytes to ecology
[dna] fire wrote 44 bytes to ecology
[dna] fire wrote 77 bytes to ecology
[dna] fire wrote 24 bytes to ecology
[dna] fire wrote 39 bytes to ecology
[dna] fire wrote 34 bytes to ecology
[dna] fire wrote 68 bytes to ecology
[dna] fire wrote 133 bytes to ecology
[dna] fire wrote 69 bytes to ecology
[dna] fire wrote 22 bytes to ecology
[dna] fire wrote 84 bytes to ecology
[dna] fire wrote 60 bytes to ecology
[dna] fire wrote 54 bytes to ecology
[dna] fire wrote 26 bytes to ecology
[dna] fire wrote 28 bytes to ecology
[dna] fire wrote 25 bytes to ecology
[dna] fire wrote 41 bytes to ecology
[dna] fire wrote 28 bytes to ecology
[dna] fire wrote 30 bytes to ecology
[debug-onto] tick=600 corpus=142060 stage=2 freeze=0
[dna] fire wrote 31 bytes to ecology
[dna] fire wrote 15 bytes to ecology
[dna] fire wrote 23 bytes to ecology
[dna] fire wrote 69 bytes to ecology
[dna] fire wrote 88 bytes to ecology
[dna] fire wrote 119 bytes to ecology
[dna] fire wrote 47 bytes to ecology
[dna] fire wrote 14 bytes to ecology
[dna] fire wrote 6 bytes to ecology
[dna] fire wrote 53 bytes to ecology
[dna] fire wrote 112 bytes to ecology
[dna] fire wrote 71 bytes to ecology
[dna] fire wrote 37 bytes to ecology
[dna] fire wrote 51 bytes to ecology
[dna] fire wrote 88 bytes to ecology
[dna] fire wrote 110 bytes to ecology
[dna] fire wrote 25 bytes to ecology
[dna] fire wrote 68 bytes to ecology
[dna] fire wrote 48 bytes to ecology
[dna] fire wrote 91 bytes to ecology
[dna] fire wrote 6 bytes to ecology
[dna] fire wrote 41 bytes to ecology
[dna] fire wrote 55 bytes to ecology
[dna] fire wrote 141 bytes to ecology
[dna] fire wrote 38 bytes to ecology
[debug-onto] tick=650 corpus=142060 stage=2 freeze=0
[dna] fire wrote 12 bytes to ecology
[dna] fire wrote 19 bytes to ecology
[dna] fire wrote 93 bytes to ecology
[dna] fire wrote 25 bytes to ecology
[dna] fire wrote 5 bytes to ecology
[dna] fire wrote 109 bytes to ecology
[dna] fire wrote 41 bytes to ecology
[dna] fire wrote 52 bytes to ecology
[dna] fire wrote 16 bytes to ecology
[dna] fire wrote 17 bytes to ecology

[evolution] Organism shutting down gracefully.
