[ecology] Element: water → corpus: nonames_water.txt
[evolution] Autonomous evolution mode — organism will grow through all stages without pause.
[ecology] Joined swarm. 1 peer(s) detected.
molequla is alive. [evolution] Autonomous mode — background trainer running. Ctrl+C to stop.
[dna] water wrote 53 bytes to ecology
[dna] water consumed 18022 bytes from 223 files: [air/gen_1777185717_1.txt air/gen_1777185739_4.txt air/gen_1777185749_7.txt air/gen_1777185760_10.txt air/gen_1777185767_12.txt air/gen_1777185770_13.txt air/gen_1777185781_16.txt air/gen_1777185791_19.txt air/gen_1777185801_22.txt air/gen_1777185811_25.txt air/gen_1777185818_27.txt air/gen_1777185822_28.txt air/gen_1777185829_30.txt air/gen_1777185832_31.txt air/gen_1777185839_33.txt air/gen_1777185842_34.txt air/gen_1777185853_37.txt air/gen_1777185860_39.txt air/gen_1777185863_40.txt air/gen_1777185873_43.txt air/gen_1777185880_45.txt air/gen_1777185884_46.txt air/gen_1777185894_49.txt air/gen_1777185904_52.txt air/gen_1777185915_55.txt air/gen_1777185922_57.txt air/gen_1777185925_58.txt air/gen_1777185936_61.txt air/gen_1777185942_63.txt air/gen_1777185946_64.txt air/gen_1777185956_67.txt air/gen_1777185966_70.txt air/gen_1777185977_73.txt air/gen_1777185983_75.txt air/gen_1777185987_76.txt air/gen_1777185997_79.txt air/gen_1777186007_82.txt air/gen_1777186017_85.txt air/gen_1777186024_87.txt air/gen_1777186027_88.txt air/gen_1777186038_91.txt air/gen_1777186044_93.txt air/gen_1777186048_94.txt air/gen_1777186055_96.txt air/gen_1777186058_97.txt air/gen_1777186065_99.txt air/gen_1777186068_100.txt air/gen_1777186079_103.txt air/gen_1777186085_105.txt air/gen_1777186089_106.txt air/gen_1777186099_109.txt air/gen_1777186109_112.txt air/gen_1777186119_115.txt air/gen_1777186130_118.txt air/gen_1777186140_121.txt air/gen_1777186146_123.txt air/gen_1777186150_124.txt air/gen_1777186160_127.txt air/gen_1777186170_130.txt air/gen_1777186180_133.txt air/gen_1777186187_135.txt air/gen_1777186191_136.txt air/gen_1777186201_139.txt air/gen_1777186208_141.txt air/gen_1777186211_142.txt air/gen_1777186221_145.txt air/gen_1777186231_148.txt air/gen_1777186241_151.txt air/gen_1777186248_153.txt air/gen_1777186252_154.txt air/gen_1777186262_157.txt air/gen_1777186269_159.txt air/gen_1777186272_160.txt air/gen_1777186283_163.txt air/gen_1777186293_166.txt air/gen_1777186303_169.txt air/gen_1777186313_172.txt air/gen_1777186323_175.txt air/gen_1777186330_177.txt air/gen_1777186334_178.txt air/gen_1777186344_181.txt air/gen_1777186354_184.txt air/gen_1777186365_187.txt air/gen_1777186375_190.txt air/gen_1777186385_193.txt air/gen_1777186395_196.txt air/gen_1777186406_199.txt air/gen_1777186416_202.txt air/gen_1777186426_205.txt air/gen_1777186436_208.txt air/gen_1777186446_211.txt air/gen_1777186456_214.txt air/gen_1777186467_217.txt air/gen_1777186477_220.txt air/gen_1777186487_223.txt air/gen_1777186494_225.txt air/gen_1777186497_226.txt air/gen_1777186507_229.txt air/gen_1777186514_231.txt air/gen_1777186518_232.txt air/gen_1777186528_235.txt air/gen_1777186535_237.txt air/gen_1777186538_238.txt air/gen_1777186549_241.txt air/gen_1777186555_243.txt air/gen_1777186559_244.txt air/gen_1777186569_247.txt air/gen_1777186576_249.txt air/gen_1777186579_250.txt air/gen_1777186589_253.txt air/gen_1777186596_255.txt air/gen_1777186600_256.txt air/gen_1777186610_259.txt air/gen_1777186617_261.txt air/gen_1777186620_262.txt air/gen_1777186631_265.txt air/gen_1777186641_268.txt air/gen_1777186651_271.txt air/gen_1777186662_274.txt air/gen_1777186672_277.txt air/gen_1777186682_280.txt air/gen_1777186692_283.txt air/gen_1777186699_285.txt air/gen_1777186703_286.txt air/gen_1777186713_289.txt air/gen_1777186723_292.txt air/gen_1777186734_295.txt air/gen_1777186744_298.txt air/gen_1777186754_301.txt air/gen_1777186764_304.txt air/gen_1777186774_307.txt air/gen_1777186784_310.txt air/gen_1777186791_312.txt air/gen_1777186794_313.txt air/gen_1777186804_316.txt air/gen_1777186811_318.txt air/gen_1777186815_319.txt air/gen_1777186825_322.txt air/gen_1777186835_325.txt air/gen_1777186845_328.txt air/gen_1777186855_331.txt air/gen_1777186862_333.txt air/gen_1777186866_334.txt air/gen_1777186876_337.txt air/gen_1777186882_339.txt air/gen_1777186886_340.txt air/gen_1777186896_343.txt air/gen_1777186906_346.txt air/gen_1777186916_349.txt air/gen_1777186923_351.txt air/gen_1777186926_352.txt air/gen_1777186937_355.txt air/gen_1777186943_357.txt air/gen_1777186947_358.txt air/gen_1777186957_361.txt air/gen_1777186967_364.txt air/gen_1777186977_367.txt air/gen_1777186987_370.txt air/gen_1777186997_373.txt air/gen_1777187007_376.txt air/gen_1777187017_379.txt air/gen_1777187027_382.txt air/gen_1777187037_385.txt air/gen_1777187047_388.txt air/gen_1777187057_391.txt air/gen_1777187068_394.txt air/gen_1777187078_397.txt air/gen_1777187084_399.txt air/gen_1777187088_400.txt air/gen_1777187098_403.txt air/gen_1777187105_405.txt air/gen_1777187108_406.txt air/gen_1777187119_409.txt air/gen_1777187126_411.txt air/gen_1777187129_412.txt air/gen_1777187139_415.txt air/gen_1777187146_417.txt air/gen_1777187149_418.txt air/gen_1777187160_421.txt air/gen_1777187166_423.txt air/gen_1777187170_424.txt air/gen_1777187180_427.txt air/gen_1777187190_430.txt air/gen_1777187200_433.txt air/gen_1777187207_435.txt air/gen_1777187210_436.txt air/gen_1777187221_439.txt air/gen_1777187227_441.txt air/gen_1777187231_442.txt air/gen_1777187241_445.txt air/gen_1777187248_447.txt air/gen_1777187251_448.txt air/gen_1777187261_451.txt air/gen_1777187271_454.txt air/gen_1777187282_457.txt air/gen_1777187289_459.txt air/gen_1777187292_460.txt air/gen_1777187302_463.txt air/gen_1777187309_465.txt air/gen_1777187312_466.txt air/gen_1777187323_469.txt air/gen_1777187329_471.txt air/gen_1777187333_472.txt air/gen_1777187343_475.txt air/gen_1777187350_477.txt air/gen_1777187353_478.txt air/gen_1777187364_481.txt air/gen_1777187374_484.txt air/gen_1777187384_487.txt air/gen_1777187394_490.txt air/gen_1777187404_493.txt air/gen_1777187414_496.txt air/gen_1777187424_499.txt air/gen_1777187435_502.txt air/gen_1777187445_505.txt air/gen_1777187455_508.txt air/gen_1777187465_511.txt air/gen_1777187475_514.txt air/gen_1777187485_517.txt air/gen_1777187492_519.txt air/gen_1777187495_520.txt air/gen_1777187505_523.txt air/gen_1777187512_525.txt]
[trainer] micro-train burst (18022 bytes, novelty 0.04) — and lo, it feeds again.
[syntropy] action=explore | trend=0.0000 | field_dev=-0.033 | purpose_align=-0.004 | lr_mul=1.30
[aml] burst complete: 32 steps, avg loss 1.7974 (memory freed)
[dna] water wrote 42 bytes to ecology
[dna] water wrote 41 bytes to ecology
[dna] water wrote 60 bytes to ecology
[dna] water wrote 45 bytes to ecology
[dna] water wrote 20 bytes to ecology
[dna] water wrote 30 bytes to ecology
[dna] water wrote 36 bytes to ecology
[dna] water wrote 26 bytes to ecology
[dna] water wrote 66 bytes to ecology
[dna] water wrote 124 bytes to ecology
[dna] water wrote 33 bytes to ecology
[dna] water wrote 45 bytes to ecology
[dna] water wrote 30 bytes to ecology
[dna] water wrote 78 bytes to ecology
[dna] water wrote 43 bytes to ecology
[dna] water wrote 46 bytes to ecology
[dna] water wrote 25 bytes to ecology
[dna] water wrote 57 bytes to ecology
[dna] water wrote 37 bytes to ecology
[dna] water wrote 23 bytes to ecology
[dna] water wrote 31 bytes to ecology
[dna] water wrote 56 bytes to ecology
[dna] water wrote 36 bytes to ecology
[dna] water wrote 21 bytes to ecology
[debug-onto] tick=50 corpus=143942 stage=2 freeze=0
[dna] water wrote 31 bytes to ecology
[dna] water wrote 171 bytes to ecology
[dna] water wrote 60 bytes to ecology
[dna] water wrote 14 bytes to ecology
[dna] water wrote 61 bytes to ecology
[dna] water wrote 66 bytes to ecology
[dna] water wrote 64 bytes to ecology
[dna] water wrote 47 bytes to ecology
[dna] water wrote 44 bytes to ecology
[dna] water wrote 109 bytes to ecology
[dna] water wrote 154 bytes to ecology
[dna] water wrote 41 bytes to ecology
[dna] water wrote 59 bytes to ecology
[dna] water wrote 38 bytes to ecology
[dna] water wrote 240 bytes to ecology
[dna] water wrote 81 bytes to ecology
[dna] water wrote 69 bytes to ecology
[dna] water wrote 34 bytes to ecology
[dna] water wrote 59 bytes to ecology
[dna] water wrote 20 bytes to ecology
[dna] water wrote 54 bytes to ecology
[dna] water wrote 157 bytes to ecology
[dna] water wrote 51 bytes to ecology
[dna] water wrote 64 bytes to ecology
[dna] water wrote 293 bytes to ecology
[debug-onto] tick=100 corpus=143942 stage=2 freeze=0
[dna] water wrote 35 bytes to ecology
[dna] water wrote 58 bytes to ecology
[dna] water wrote 58 bytes to ecology
[dna] water wrote 11 bytes to ecology
[dna] water wrote 28 bytes to ecology
[dna] water wrote 38 bytes to ecology
[dna] water wrote 49 bytes to ecology
[dna] water wrote 57 bytes to ecology
[dna] water wrote 64 bytes to ecology
[dna] water wrote 140 bytes to ecology
[dna] water wrote 35 bytes to ecology
[dna] water wrote 26 bytes to ecology
[dna] water wrote 88 bytes to ecology
[dna] water wrote 84 bytes to ecology
[dna] water wrote 43 bytes to ecology
[dna] water wrote 74 bytes to ecology
[dna] water wrote 25 bytes to ecology
[dna] water wrote 77 bytes to ecology
[dna] water wrote 35 bytes to ecology
[dna] water wrote 43 bytes to ecology
[dna] water wrote 137 bytes to ecology
[dna] water wrote 65 bytes to ecology
[dna] water wrote 26 bytes to ecology
[dna] water wrote 83 bytes to ecology
[dna] water wrote 48 bytes to ecology
[debug-onto] tick=150 corpus=143942 stage=2 freeze=0
[dna] water wrote 102 bytes to ecology
[dna] water wrote 54 bytes to ecology
[dna] water wrote 28 bytes to ecology
[dna] water wrote 102 bytes to ecology
[dna] water wrote 23 bytes to ecology
[dna] water wrote 99 bytes to ecology
[dna] water wrote 48 bytes to ecology
[dna] water wrote 56 bytes to ecology
[dna] water wrote 75 bytes to ecology
[dna] water wrote 117 bytes to ecology
[dna] water wrote 37 bytes to ecology
[dna] water wrote 19 bytes to ecology
[dna] water wrote 70 bytes to ecology
[dna] water wrote 99 bytes to ecology
[dna] water wrote 57 bytes to ecology
[dna] water wrote 22 bytes to ecology
[dna] water wrote 67 bytes to ecology
[dna] water wrote 44 bytes to ecology
[dna] water wrote 14 bytes to ecology
[dna] water wrote 50 bytes to ecology
[dna] water wrote 45 bytes to ecology
[dna] water wrote 55 bytes to ecology
[dna] water wrote 39 bytes to ecology
[dna] water wrote 59 bytes to ecology
[dna] water wrote 83 bytes to ecology
[debug-onto] tick=200 corpus=143942 stage=2 freeze=0
[dna] water wrote 70 bytes to ecology
[dna] water wrote 87 bytes to ecology
[dna] water wrote 68 bytes to ecology
[dna] water wrote 53 bytes to ecology
[dna] water wrote 88 bytes to ecology
[dna] water wrote 79 bytes to ecology
[dna] water wrote 78 bytes to ecology
[dna] water wrote 32 bytes to ecology
[dna] water wrote 101 bytes to ecology
[dna] water wrote 38 bytes to ecology
[dna] water wrote 131 bytes to ecology
[dna] water wrote 54 bytes to ecology
[dna] water wrote 60 bytes to ecology
[dna] water wrote 123 bytes to ecology
[dna] water wrote 30 bytes to ecology
[dna] water wrote 201 bytes to ecology
[dna] water wrote 58 bytes to ecology
[dna] water wrote 32 bytes to ecology
[dna] water wrote 102 bytes to ecology
[dna] water wrote 35 bytes to ecology
[dna] water wrote 44 bytes to ecology
[dna] water wrote 10 bytes to ecology
[dna] water wrote 27 bytes to ecology
[dna] water wrote 28 bytes to ecology
[dna] water wrote 10 bytes to ecology
[debug-onto] tick=250 corpus=143942 stage=2 freeze=0
[dna] water wrote 58 bytes to ecology
[dna] water wrote 77 bytes to ecology
[dna] water wrote 31 bytes to ecology
[dna] water wrote 176 bytes to ecology
[dna] water wrote 98 bytes to ecology
[dna] water wrote 63 bytes to ecology
[dna] water wrote 40 bytes to ecology
[dna] water wrote 59 bytes to ecology
[dna] water wrote 26 bytes to ecology
[dna] water wrote 23 bytes to ecology
[dna] water wrote 25 bytes to ecology
[dna] water wrote 156 bytes to ecology
[dna] water wrote 36 bytes to ecology
[dna] water wrote 12 bytes to ecology
[dna] water wrote 30 bytes to ecology
[dna] water wrote 16 bytes to ecology
[dna] water wrote 46 bytes to ecology
[dna] water wrote 26 bytes to ecology
[dna] water wrote 86 bytes to ecology
[dna] water wrote 59 bytes to ecology
[dna] water wrote 46 bytes to ecology
[dna] water wrote 62 bytes to ecology
[dna] water wrote 52 bytes to ecology
[dna] water wrote 71 bytes to ecology
[dna] water wrote 33 bytes to ecology
[debug-onto] tick=300 corpus=143942 stage=2 freeze=0
[dna] water wrote 75 bytes to ecology
[dna] water wrote 24 bytes to ecology
[dna] water wrote 153 bytes to ecology
[dna] water wrote 33 bytes to ecology
[dna] water wrote 10 bytes to ecology
[dna] water wrote 38 bytes to ecology
[dna] water wrote 27 bytes to ecology
[dna] water wrote 48 bytes to ecology
[dna] water wrote 86 bytes to ecology
[dna] water wrote 78 bytes to ecology
[dna] water wrote 68 bytes to ecology
[dna] water wrote 34 bytes to ecology
[dna] water wrote 51 bytes to ecology
[dna] water wrote 73 bytes to ecology
[dna] water wrote 40 bytes to ecology
[dna] water wrote 61 bytes to ecology
[dna] water wrote 37 bytes to ecology
[dna] water wrote 97 bytes to ecology
[dna] water wrote 44 bytes to ecology
[dna] water wrote 67 bytes to ecology
[dna] water wrote 92 bytes to ecology
[dna] water wrote 49 bytes to ecology
[dna] water wrote 41 bytes to ecology
[dna] water wrote 21 bytes to ecology
[dna] water wrote 54 bytes to ecology
[debug-onto] tick=350 corpus=143942 stage=2 freeze=0
[dna] water wrote 249 bytes to ecology
[dna] water wrote 83 bytes to ecology
[dna] water wrote 72 bytes to ecology
[dna] water wrote 63 bytes to ecology
[dna] water wrote 35 bytes to ecology
[dna] water wrote 46 bytes to ecology
[dna] water wrote 64 bytes to ecology
[dna] water wrote 60 bytes to ecology
[dna] water wrote 51 bytes to ecology
[dna] water wrote 38 bytes to ecology
[dna] water wrote 61 bytes to ecology
[dna] water wrote 37 bytes to ecology
[dna] water wrote 45 bytes to ecology
[dna] water wrote 125 bytes to ecology
[dna] water wrote 39 bytes to ecology
[dna] water wrote 102 bytes to ecology
[dna] water wrote 79 bytes to ecology
[dna] water wrote 29 bytes to ecology
[dna] water wrote 35 bytes to ecology
[dna] water wrote 72 bytes to ecology
[dna] water wrote 28 bytes to ecology
[dna] water wrote 76 bytes to ecology
[dna] water wrote 42 bytes to ecology
[dna] water wrote 82 bytes to ecology
[dna] water wrote 10 bytes to ecology
[debug-onto] tick=400 corpus=143942 stage=2 freeze=0
[dna] water wrote 273 bytes to ecology
[dna] water wrote 52 bytes to ecology
[dna] water wrote 106 bytes to ecology
[dna] water wrote 39 bytes to ecology
[dna] water wrote 44 bytes to ecology
[dna] water wrote 192 bytes to ecology
[dna] water wrote 74 bytes to ecology
[dna] water wrote 36 bytes to ecology
[dna] water wrote 21 bytes to ecology
[dna] water wrote 30 bytes to ecology
[dna] water wrote 36 bytes to ecology
[dna] water wrote 77 bytes to ecology
[dna] water wrote 23 bytes to ecology
[dna] water wrote 35 bytes to ecology
[dna] water wrote 37 bytes to ecology
[dna] water wrote 68 bytes to ecology
[dna] water wrote 34 bytes to ecology
[dna] water wrote 110 bytes to ecology
[dna] water wrote 43 bytes to ecology
[dna] water wrote 76 bytes to ecology
[dna] water wrote 139 bytes to ecology
[dna] water wrote 51 bytes to ecology
[dna] water wrote 73 bytes to ecology
[dna] water wrote 79 bytes to ecology
[dna] water wrote 24 bytes to ecology
[debug-onto] tick=450 corpus=143942 stage=2 freeze=0
[dna] water wrote 33 bytes to ecology
[dna] water wrote 8 bytes to ecology
[dna] water wrote 56 bytes to ecology
[dna] water wrote 55 bytes to ecology
[dna] water wrote 80 bytes to ecology
[dna] water wrote 52 bytes to ecology
[dna] water wrote 38 bytes to ecology
[dna] water wrote 32 bytes to ecology
[dna] water wrote 22 bytes to ecology
[dna] water wrote 41 bytes to ecology
[dna] water wrote 67 bytes to ecology
[dna] water wrote 47 bytes to ecology
[dna] water wrote 48 bytes to ecology
[dna] water wrote 68 bytes to ecology
[dna] water wrote 85 bytes to ecology
[dna] water wrote 55 bytes to ecology
[dna] water wrote 61 bytes to ecology
[dna] water wrote 24 bytes to ecology
[dna] water wrote 81 bytes to ecology
[dna] water wrote 47 bytes to ecology
[dna] water wrote 40 bytes to ecology
[dna] water wrote 86 bytes to ecology
[dna] water wrote 21 bytes to ecology
[dna] water wrote 102 bytes to ecology
[dna] water wrote 34 bytes to ecology
[debug-onto] tick=500 corpus=143942 stage=2 freeze=0
[dna] water wrote 46 bytes to ecology
[dna] water wrote 42 bytes to ecology
[dna] water wrote 47 bytes to ecology
[dna] water wrote 103 bytes to ecology
[dna] water wrote 81 bytes to ecology
[dna] water wrote 86 bytes to ecology
[dna] water wrote 52 bytes to ecology
[dna] water wrote 43 bytes to ecology
[dna] water wrote 27 bytes to ecology
[dna] water wrote 40 bytes to ecology
[dna] water wrote 24 bytes to ecology
[dna] water wrote 83 bytes to ecology
[dna] water wrote 53 bytes to ecology
[dna] water wrote 163 bytes to ecology
[dna] water wrote 42 bytes to ecology
[dna] water wrote 29 bytes to ecology
[dna] water wrote 56 bytes to ecology
[dna] water wrote 84 bytes to ecology
[dna] water wrote 66 bytes to ecology
[dna] water wrote 105 bytes to ecology
[dna] water wrote 61 bytes to ecology
[dna] water wrote 163 bytes to ecology
[dna] water wrote 70 bytes to ecology
[dna] water wrote 82 bytes to ecology
[dna] water wrote 29 bytes to ecology
[debug-onto] tick=550 corpus=143942 stage=2 freeze=0
[dna] water wrote 58 bytes to ecology
[dna] water wrote 26 bytes to ecology
[dna] water wrote 29 bytes to ecology
[dna] water wrote 115 bytes to ecology
[dna] water wrote 92 bytes to ecology
[dna] water wrote 47 bytes to ecology
[dna] water wrote 205 bytes to ecology
[dna] water wrote 52 bytes to ecology
[dna] water wrote 20 bytes to ecology
[dna] water wrote 13 bytes to ecology
[dna] water wrote 43 bytes to ecology
[dna] water wrote 44 bytes to ecology
[dna] water wrote 46 bytes to ecology
[dna] water wrote 40 bytes to ecology
[dna] water wrote 37 bytes to ecology
[dna] water wrote 88 bytes to ecology
[dna] water wrote 51 bytes to ecology
[dna] water wrote 27 bytes to ecology
[dna] water wrote 81 bytes to ecology
[dna] water wrote 30 bytes to ecology
[dna] water wrote 49 bytes to ecology
[dna] water wrote 168 bytes to ecology
[dna] water wrote 100 bytes to ecology
[dna] water wrote 39 bytes to ecology
[debug-onto] tick=600 corpus=143942 stage=2 freeze=0
[dna] water wrote 98 bytes to ecology
[dna] water wrote 114 bytes to ecology
[dna] water wrote 24 bytes to ecology
[dna] water wrote 154 bytes to ecology
[dna] water wrote 27 bytes to ecology
[dna] water wrote 112 bytes to ecology
[dna] water wrote 35 bytes to ecology
[dna] water wrote 71 bytes to ecology
[dna] water wrote 28 bytes to ecology
[dna] water wrote 26 bytes to ecology
[dna] water wrote 54 bytes to ecology
[dna] water wrote 63 bytes to ecology
[dna] water wrote 31 bytes to ecology
[dna] water wrote 67 bytes to ecology
[dna] water wrote 72 bytes to ecology
[dna] water wrote 67 bytes to ecology
[dna] water wrote 40 bytes to ecology
[dna] water wrote 16 bytes to ecology
[dna] water wrote 108 bytes to ecology
[dna] water wrote 36 bytes to ecology
[dna] water wrote 16 bytes to ecology
[dna] water wrote 29 bytes to ecology
[dna] water wrote 71 bytes to ecology
[dna] water wrote 25 bytes to ecology
[dna] water wrote 83 bytes to ecology
[debug-onto] tick=650 corpus=143942 stage=2 freeze=0

[evolution] Organism shutting down gracefully.
