[ecology] Element: air → corpus: nonames_air.txt
[evolution] Autonomous evolution mode — organism will grow through all stages without pause.
[ecology] Joined swarm. 1 peer(s) detected.
molequla is alive. [evolution] Autonomous mode — background trainer running. Ctrl+C to stop.
[dna] air wrote 44 bytes to ecology
[dna] air consumed 33601 bytes from 408 files: [earth/gen_1777358102_1.txt earth/gen_1777358110_4.txt earth/gen_1777358113_5.txt earth/gen_1777358118_7.txt earth/gen_1777358126_10.txt earth/gen_1777358128_11.txt earth/gen_1777358134_13.txt earth/gen_1777358141_16.txt earth/gen_1777358144_17.txt earth/gen_1777358149_19.txt earth/gen_1777358154_21.txt earth/gen_1777358157_22.txt earth/gen_1777358160_23.txt earth/gen_1777358165_25.txt earth/gen_1777358173_28.txt earth/gen_1777358176_29.txt earth/gen_1777358181_31.txt earth/gen_1777358186_33.txt earth/gen_1777358189_34.txt earth/gen_1777358191_35.txt earth/gen_1777358197_37.txt earth/gen_1777358202_39.txt earth/gen_1777358205_40.txt earth/gen_1777358208_41.txt earth/gen_1777358213_43.txt earth/gen_1777358218_45.txt earth/gen_1777358221_46.txt earth/gen_1777358223_47.txt earth/gen_1777358229_49.txt earth/gen_1777358234_51.txt earth/gen_1777358237_52.txt earth/gen_1777358240_53.txt earth/gen_1777358245_55.txt earth/gen_1777358250_57.txt earth/gen_1777358253_58.txt earth/gen_1777358256_59.txt earth/gen_1777358261_61.txt earth/gen_1777358266_63.txt earth/gen_1777358269_64.txt earth/gen_1777358272_65.txt earth/gen_1777358277_67.txt earth/gen_1777358285_70.txt earth/gen_1777358288_71.txt earth/gen_1777358293_73.txt earth/gen_1777358298_75.txt earth/gen_1777358301_76.txt earth/gen_1777358304_77.txt earth/gen_1777358309_79.txt earth/gen_1777358314_81.txt earth/gen_1777358317_82.txt earth/gen_1777358320_83.txt earth/gen_1777358325_85.txt earth/gen_1777358331_87.txt earth/gen_1777358333_88.txt earth/gen_1777358336_89.txt earth/gen_1777358341_91.txt earth/gen_1777358347_93.txt earth/gen_1777358349_94.txt earth/gen_1777358352_95.txt earth/gen_1777358357_97.txt earth/gen_1777358368_101.txt earth/gen_1777358373_103.txt earth/gen_1777358381_106.txt earth/gen_1777358384_107.txt earth/gen_1777358389_109.txt earth/gen_1777358395_111.txt earth/gen_1777358397_112.txt earth/gen_1777358400_113.txt earth/gen_1777358405_115.txt earth/gen_1777358411_117.txt earth/gen_1777358413_118.txt earth/gen_1777358416_119.txt earth/gen_1777358421_121.txt earth/gen_1777358427_123.txt earth/gen_1777358429_124.txt earth/gen_1777358432_125.txt earth/gen_1777358437_127.txt earth/gen_1777358443_129.txt earth/gen_1777358448_131.txt earth/gen_1777358454_133.txt earth/gen_1777358461_136.txt earth/gen_1777358464_137.txt earth/gen_1777358469_139.txt earth/gen_1777358474_141.txt earth/gen_1777358477_142.txt earth/gen_1777358480_143.txt earth/gen_1777358485_145.txt earth/gen_1777358493_148.txt earth/gen_1777358496_149.txt earth/gen_1777358501_151.txt earth/gen_1777358509_154.txt earth/gen_1777358511_155.txt earth/gen_1777358522_159.txt earth/gen_1777358525_160.txt earth/gen_1777358527_161.txt earth/gen_1777358532_163.txt earth/gen_1777358538_165.txt earth/gen_1777358540_166.txt earth/gen_1777358543_167.txt earth/gen_1777358548_169.txt earth/gen_1777358554_171.txt earth/gen_1777358556_172.txt earth/gen_1777358559_173.txt earth/gen_1777358564_175.txt earth/gen_1777358569_177.txt earth/gen_1777358572_178.txt earth/gen_1777358575_179.txt earth/gen_1777358580_181.txt earth/gen_1777358585_183.txt earth/gen_1777358588_184.txt earth/gen_1777358591_185.txt earth/gen_1777358596_187.txt earth/gen_1777358601_189.txt earth/gen_1777358604_190.txt earth/gen_1777358606_191.txt earth/gen_1777358612_193.txt earth/gen_1777358617_195.txt earth/gen_1777358620_196.txt earth/gen_1777358622_197.txt earth/gen_1777358628_199.txt earth/gen_1777358633_201.txt earth/gen_1777358636_202.txt earth/gen_1777358638_203.txt earth/gen_1777358644_205.txt earth/gen_1777358649_207.txt earth/gen_1777358652_208.txt earth/gen_1777358654_209.txt earth/gen_1777358660_211.txt earth/gen_1777358665_213.txt earth/gen_1777358667_214.txt earth/gen_1777358670_215.txt earth/gen_1777358675_217.txt earth/gen_1777358681_219.txt earth/gen_1777358683_220.txt earth/gen_1777358686_221.txt earth/gen_1777358691_223.txt earth/gen_1777358697_225.txt earth/gen_1777358699_226.txt earth/gen_1777358702_227.txt earth/gen_1777358707_229.txt earth/gen_1777358715_232.txt earth/gen_1777358718_233.txt earth/gen_1777358723_235.txt earth/gen_1777358731_238.txt earth/gen_1777358733_239.txt earth/gen_1777358739_241.txt earth/gen_1777358744_243.txt earth/gen_1777358747_244.txt earth/gen_1777358749_245.txt earth/gen_1777358755_247.txt earth/gen_1777358761_249.txt earth/gen_1777358763_250.txt earth/gen_1777358766_251.txt earth/gen_1777358771_253.txt earth/gen_1777358776_255.txt earth/gen_1777358779_256.txt earth/gen_1777358782_257.txt earth/gen_1777358787_259.txt earth/gen_1777358795_262.txt earth/gen_1777358797_263.txt earth/gen_1777358803_265.txt earth/gen_1777358808_267.txt earth/gen_1777358810_268.txt earth/gen_1777358813_269.txt earth/gen_1777358818_271.txt earth/gen_1777358824_273.txt earth/gen_1777358826_274.txt earth/gen_1777358829_275.txt earth/gen_1777358834_277.txt earth/gen_1777358840_279.txt earth/gen_1777358842_280.txt earth/gen_1777358845_281.txt earth/gen_1777358850_283.txt earth/gen_1777358856_285.txt earth/gen_1777358858_286.txt earth/gen_1777358861_287.txt earth/gen_1777358866_289.txt earth/gen_1777358874_292.txt earth/gen_1777358877_293.txt earth/gen_1777358882_295.txt earth/gen_1777358890_298.txt earth/gen_1777358893_299.txt earth/gen_1777358898_301.txt earth/gen_1777358903_303.txt earth/gen_1777358906_304.txt earth/gen_1777358909_305.txt earth/gen_1777358914_307.txt earth/gen_1777358919_309.txt earth/gen_1777358922_310.txt earth/gen_1777358925_311.txt earth/gen_1777358930_313.txt earth/gen_1777358935_315.txt earth/gen_1777358938_316.txt earth/gen_1777358941_317.txt earth/gen_1777358946_319.txt earth/gen_1777358951_321.txt earth/gen_1777358954_322.txt earth/gen_1777358956_323.txt earth/gen_1777358962_325.txt earth/gen_1777358970_328.txt earth/gen_1777358972_329.txt earth/gen_1777358978_331.txt earth/gen_1777358983_333.txt earth/gen_1777358985_334.txt earth/gen_1777358988_335.txt earth/gen_1777358993_337.txt earth/gen_1777358999_339.txt earth/gen_1777359001_340.txt earth/gen_1777359004_341.txt earth/gen_1777359009_343.txt earth/gen_1777359017_346.txt earth/gen_1777359020_347.txt earth/gen_1777359025_349.txt earth/gen_1777359031_351.txt earth/gen_1777359033_352.txt earth/gen_1777359036_353.txt earth/gen_1777359041_355.txt earth/gen_1777359046_357.txt earth/gen_1777359049_358.txt earth/gen_1777359052_359.txt earth/gen_1777359057_361.txt earth/gen_1777359062_363.txt earth/gen_1777359067_365.txt earth/gen_1777359078_369.txt earth/gen_1777359081_370.txt earth/gen_1777359083_371.txt earth/gen_1777359088_373.txt earth/gen_1777359096_376.txt earth/gen_1777359099_377.txt earth/gen_1777359104_379.txt earth/gen_1777359109_381.txt earth/gen_1777359112_382.txt earth/gen_1777359115_383.txt earth/gen_1777359120_385.txt earth/gen_1777359128_388.txt earth/gen_1777359130_389.txt earth/gen_1777359136_391.txt earth/gen_1777359144_394.txt earth/gen_1777359146_395.txt earth/gen_1777359152_397.txt earth/gen_1777359157_399.txt earth/gen_1777359159_400.txt earth/gen_1777359162_401.txt earth/gen_1777359167_403.txt earth/gen_1777359173_405.txt earth/gen_1777359175_406.txt earth/gen_1777359178_407.txt earth/gen_1777359183_409.txt earth/gen_1777359189_411.txt earth/gen_1777359191_412.txt earth/gen_1777359194_413.txt earth/gen_1777359199_415.txt earth/gen_1777359205_417.txt earth/gen_1777359207_418.txt earth/gen_1777359210_419.txt earth/gen_1777359215_421.txt earth/gen_1777359221_423.txt earth/gen_1777359223_424.txt earth/gen_1777359226_425.txt earth/gen_1777359231_427.txt earth/gen_1777359237_429.txt earth/gen_1777359239_430.txt earth/gen_1777359242_431.txt earth/gen_1777359247_433.txt earth/gen_1777359253_435.txt earth/gen_1777359255_436.txt earth/gen_1777359258_437.txt earth/gen_1777359263_439.txt earth/gen_1777359268_441.txt earth/gen_1777359271_442.txt earth/gen_1777359273_443.txt earth/gen_1777359279_445.txt earth/gen_1777359286_448.txt earth/gen_1777359289_449.txt earth/gen_1777359294_451.txt earth/gen_1777359300_453.txt earth/gen_1777359302_454.txt earth/gen_1777359305_455.txt earth/gen_1777359310_457.txt earth/gen_1777359318_460.txt earth/gen_1777359321_461.txt earth/gen_1777359326_463.txt earth/gen_1777359331_465.txt earth/gen_1777359334_466.txt earth/gen_1777359337_467.txt earth/gen_1777359342_469.txt earth/gen_1777359350_472.txt earth/gen_1777359352_473.txt earth/gen_1777359358_475.txt earth/gen_1777359365_478.txt earth/gen_1777359368_479.txt earth/gen_1777359373_481.txt earth/gen_1777359381_484.txt earth/gen_1777359384_485.txt earth/gen_1777359389_487.txt earth/gen_1777359394_489.txt earth/gen_1777359397_490.txt earth/gen_1777359399_491.txt earth/gen_1777359405_493.txt earth/gen_1777359412_496.txt earth/gen_1777359415_497.txt earth/gen_1777359420_499.txt earth/gen_1777359425_501.txt earth/gen_1777359428_502.txt earth/gen_1777359431_503.txt earth/gen_1777359436_505.txt earth/gen_1777359444_508.txt earth/gen_1777359446_509.txt earth/gen_1777359452_511.txt earth/gen_1777359457_513.txt earth/gen_1777359460_514.txt earth/gen_1777359462_515.txt earth/gen_1777359468_517.txt earth/gen_1777359473_519.txt earth/gen_1777359476_520.txt earth/gen_1777359478_521.txt earth/gen_1777359483_523.txt earth/gen_1777359489_525.txt earth/gen_1777359491_526.txt earth/gen_1777359494_527.txt earth/gen_1777359499_529.txt earth/gen_1777359505_531.txt earth/gen_1777359507_532.txt earth/gen_1777359510_533.txt earth/gen_1777359515_535.txt earth/gen_1777359521_537.txt earth/gen_1777359523_538.txt earth/gen_1777359526_539.txt earth/gen_1777359531_541.txt earth/gen_1777359539_544.txt earth/gen_1777359542_545.txt earth/gen_1777359547_547.txt earth/gen_1777359555_550.txt earth/gen_1777359558_551.txt earth/gen_1777359563_553.txt earth/gen_1777359569_555.txt earth/gen_1777359571_556.txt earth/gen_1777359574_557.txt earth/gen_1777359579_559.txt earth/gen_1777359585_561.txt earth/gen_1777359587_562.txt earth/gen_1777359590_563.txt earth/gen_1777359595_565.txt earth/gen_1777359601_567.txt earth/gen_1777359604_568.txt earth/gen_1777359606_569.txt earth/gen_1777359612_571.txt earth/gen_1777359617_573.txt earth/gen_1777359619_574.txt earth/gen_1777359622_575.txt earth/gen_1777359627_577.txt earth/gen_1777359633_579.txt earth/gen_1777359635_580.txt earth/gen_1777359638_581.txt earth/gen_1777359643_583.txt earth/gen_1777359648_585.txt earth/gen_1777359651_586.txt earth/gen_1777359654_587.txt earth/gen_1777359659_589.txt earth/gen_1777359664_591.txt earth/gen_1777359667_592.txt earth/gen_1777359670_593.txt earth/gen_1777359675_595.txt earth/gen_1777359680_597.txt earth/gen_1777359683_598.txt earth/gen_1777359686_599.txt earth/gen_1777359691_601.txt earth/gen_1777359696_603.txt earth/gen_1777359699_604.txt earth/gen_1777359701_605.txt earth/gen_1777359706_607.txt earth/gen_1777359712_609.txt earth/gen_1777359714_610.txt earth/gen_1777359717_611.txt earth/gen_1777359722_613.txt earth/gen_1777359730_616.txt earth/gen_1777359733_617.txt earth/gen_1777359738_619.txt earth/gen_1777359743_621.txt earth/gen_1777359746_622.txt earth/gen_1777359754_625.txt earth/gen_1777359759_627.txt earth/gen_1777359762_628.txt earth/gen_1777359764_629.txt earth/gen_1777359770_631.txt earth/gen_1777359775_633.txt earth/gen_1777359777_634.txt earth/gen_1777359780_635.txt earth/gen_1777359785_637.txt earth/gen_1777359790_639.txt earth/gen_1777359793_640.txt earth/gen_1777359796_641.txt earth/gen_1777359801_643.txt earth/gen_1777359809_646.txt earth/gen_1777359811_647.txt earth/gen_1777359817_649.txt earth/gen_1777359822_651.txt earth/gen_1777359825_652.txt earth/gen_1777359827_653.txt earth/gen_1777359832_655.txt earth/gen_1777359840_658.txt earth/gen_1777359843_659.txt earth/gen_1777359848_661.txt earth/gen_1777359854_663.txt earth/gen_1777359856_664.txt earth/gen_1777359859_665.txt earth/gen_1777359864_667.txt earth/gen_1777359870_669.txt]
[trainer] micro-train burst (33601 bytes, novelty 0.02) — and lo, it feeds again.
[syntropy] action=explore | trend=0.0000 | field_dev=-0.016 | purpose_align=0.261 | lr_mul=1.30
[aml] burst complete: 32 steps, avg loss 1.9166 (memory freed)
[dna] air wrote 26 bytes to ecology
[dna] air wrote 51 bytes to ecology
[dna] air wrote 44 bytes to ecology
[dna] air wrote 41 bytes to ecology
[dna] air wrote 81 bytes to ecology
[dna] air wrote 144 bytes to ecology
[dna] air wrote 63 bytes to ecology
[dna] air wrote 52 bytes to ecology
[dna] air wrote 58 bytes to ecology
[dna] air wrote 31 bytes to ecology
[dna] air wrote 118 bytes to ecology
[dna] air wrote 9 bytes to ecology
[dna] air wrote 122 bytes to ecology
[dna] air wrote 206 bytes to ecology
[dna] air wrote 56 bytes to ecology
[dna] air wrote 38 bytes to ecology
[dna] air wrote 119 bytes to ecology
[dna] air wrote 92 bytes to ecology
[dna] air wrote 16 bytes to ecology
[dna] air wrote 22 bytes to ecology
[dna] air wrote 43 bytes to ecology
[dna] air wrote 27 bytes to ecology
[dna] air wrote 27 bytes to ecology
[dna] air wrote 53 bytes to ecology
[dna] air wrote 22 bytes to ecology
[dna] air wrote 89 bytes to ecology
[dna] air wrote 30 bytes to ecology
[dna] air wrote 24 bytes to ecology
[dna] air wrote 145 bytes to ecology
[dna] air wrote 174 bytes to ecology
[dna] air wrote 107 bytes to ecology
[dna] air wrote 85 bytes to ecology
[debug-onto] tick=50 corpus=156325 stage=2 freeze=0
[dna] air wrote 27 bytes to ecology
[dna] air wrote 66 bytes to ecology
[dna] air wrote 83 bytes to ecology
[dna] air wrote 56 bytes to ecology
[dna] air wrote 67 bytes to ecology
[dna] air wrote 25 bytes to ecology
[dna] air wrote 45 bytes to ecology
[dna] air wrote 127 bytes to ecology
[dna] air wrote 56 bytes to ecology
[dna] air wrote 80 bytes to ecology
[dna] air wrote 109 bytes to ecology
[dna] air wrote 72 bytes to ecology
[dna] air wrote 252 bytes to ecology
[dna] air wrote 113 bytes to ecology
[dna] air wrote 41 bytes to ecology
[dna] air wrote 159 bytes to ecology
[dna] air wrote 51 bytes to ecology
[dna] air wrote 75 bytes to ecology
[dna] air wrote 50 bytes to ecology
[dna] air wrote 151 bytes to ecology
[dna] air wrote 41 bytes to ecology
[dna] air wrote 88 bytes to ecology
[dna] air wrote 102 bytes to ecology
[dna] air wrote 76 bytes to ecology
[dna] air wrote 66 bytes to ecology
[dna] air wrote 116 bytes to ecology
[dna] air wrote 106 bytes to ecology
[dna] air wrote 70 bytes to ecology
[dna] air wrote 24 bytes to ecology
[dna] air wrote 73 bytes to ecology
[dna] air wrote 100 bytes to ecology
[dna] air wrote 172 bytes to ecology
[dna] air wrote 55 bytes to ecology
[debug-onto] tick=100 corpus=156325 stage=2 freeze=0
[dna] air wrote 150 bytes to ecology
[dna] air wrote 27 bytes to ecology
[dna] air wrote 128 bytes to ecology
[dna] air wrote 82 bytes to ecology
[dna] air wrote 72 bytes to ecology
[dna] air wrote 22 bytes to ecology
[dna] air wrote 217 bytes to ecology
[dna] air wrote 23 bytes to ecology
[dna] air wrote 42 bytes to ecology
[dna] air wrote 171 bytes to ecology
[dna] air wrote 130 bytes to ecology
[dna] air wrote 56 bytes to ecology
[dna] air wrote 92 bytes to ecology
[dna] air wrote 10 bytes to ecology
[dna] air wrote 146 bytes to ecology
[dna] air wrote 90 bytes to ecology
[dna] air wrote 66 bytes to ecology
[dna] air wrote 36 bytes to ecology
[dna] air wrote 83 bytes to ecology
[dna] air wrote 65 bytes to ecology
[dna] air wrote 43 bytes to ecology
[dna] air wrote 57 bytes to ecology
[dna] air wrote 112 bytes to ecology
[dna] air wrote 59 bytes to ecology
[dna] air wrote 59 bytes to ecology
[dna] air wrote 53 bytes to ecology
[dna] air wrote 35 bytes to ecology
[dna] air wrote 83 bytes to ecology
[dna] air wrote 151 bytes to ecology
[dna] air wrote 96 bytes to ecology
[dna] air wrote 40 bytes to ecology
[dna] air wrote 80 bytes to ecology
[dna] air wrote 74 bytes to ecology
[dna] air wrote 82 bytes to ecology
[debug-onto] tick=150 corpus=156325 stage=2 freeze=0
[dna] air wrote 29 bytes to ecology
[dna] air wrote 40 bytes to ecology
[dna] air wrote 83 bytes to ecology
[dna] air wrote 65 bytes to ecology
[dna] air wrote 233 bytes to ecology
[dna] air wrote 80 bytes to ecology
[dna] air wrote 36 bytes to ecology
[dna] air wrote 151 bytes to ecology
[dna] air wrote 49 bytes to ecology
[dna] air wrote 53 bytes to ecology
[dna] air wrote 63 bytes to ecology
[dna] air wrote 41 bytes to ecology
[dna] air wrote 30 bytes to ecology
[dna] air wrote 35 bytes to ecology
[dna] air wrote 140 bytes to ecology
[dna] air wrote 136 bytes to ecology
[dna] air wrote 70 bytes to ecology
[dna] air wrote 36 bytes to ecology
[dna] air wrote 89 bytes to ecology
[dna] air wrote 90 bytes to ecology
[dna] air wrote 224 bytes to ecology
[dna] air wrote 54 bytes to ecology
[dna] air wrote 39 bytes to ecology
[dna] air wrote 25 bytes to ecology
[dna] air wrote 118 bytes to ecology
[dna] air wrote 81 bytes to ecology
[dna] air wrote 241 bytes to ecology
[dna] air wrote 159 bytes to ecology
[dna] air wrote 201 bytes to ecology
[dna] air wrote 20 bytes to ecology
[dna] air wrote 58 bytes to ecology
[dna] air wrote 134 bytes to ecology
[dna] air wrote 32 bytes to ecology
[debug-onto] tick=200 corpus=156325 stage=2 freeze=0
[dna] air wrote 49 bytes to ecology
[dna] air wrote 56 bytes to ecology
[dna] air wrote 104 bytes to ecology
[dna] air wrote 69 bytes to ecology
[dna] air wrote 113 bytes to ecology
[dna] air wrote 36 bytes to ecology
[dna] air wrote 91 bytes to ecology
[dna] air wrote 46 bytes to ecology
[dna] air wrote 51 bytes to ecology
[dna] air wrote 41 bytes to ecology
[dna] air wrote 68 bytes to ecology
[dna] air wrote 55 bytes to ecology
[dna] air wrote 39 bytes to ecology
[dna] air wrote 106 bytes to ecology
[dna] air wrote 29 bytes to ecology
[dna] air wrote 53 bytes to ecology
[dna] air wrote 110 bytes to ecology
[dna] air wrote 84 bytes to ecology
[dna] air wrote 54 bytes to ecology
[dna] air wrote 102 bytes to ecology
[dna] air wrote 175 bytes to ecology
[dna] air wrote 77 bytes to ecology
[dna] air wrote 20 bytes to ecology
[dna] air wrote 99 bytes to ecology
[dna] air wrote 38 bytes to ecology
[dna] air wrote 211 bytes to ecology
[dna] air wrote 68 bytes to ecology
[dna] air wrote 33 bytes to ecology
[dna] air wrote 21 bytes to ecology
[dna] air wrote 27 bytes to ecology
[dna] air wrote 46 bytes to ecology
[dna] air wrote 41 bytes to ecology
[dna] air wrote 52 bytes to ecology
[debug-onto] tick=250 corpus=156325 stage=2 freeze=0
[dna] air wrote 174 bytes to ecology
[dna] air wrote 32 bytes to ecology
[dna] air wrote 43 bytes to ecology
[dna] air wrote 36 bytes to ecology
[dna] air wrote 116 bytes to ecology
[dna] air wrote 94 bytes to ecology
[dna] air wrote 100 bytes to ecology
[dna] air wrote 66 bytes to ecology
[dna] air wrote 28 bytes to ecology
[dna] air wrote 22 bytes to ecology
[dna] air wrote 139 bytes to ecology
[dna] air wrote 50 bytes to ecology
[dna] air wrote 53 bytes to ecology
[dna] air wrote 31 bytes to ecology
[dna] air wrote 54 bytes to ecology
[dna] air wrote 38 bytes to ecology
[dna] air wrote 28 bytes to ecology
[dna] air wrote 234 bytes to ecology
[dna] air wrote 145 bytes to ecology
[dna] air wrote 46 bytes to ecology
[dna] air wrote 78 bytes to ecology
[dna] air wrote 88 bytes to ecology
[dna] air wrote 54 bytes to ecology
[dna] air wrote 23 bytes to ecology
[dna] air wrote 47 bytes to ecology
[dna] air wrote 165 bytes to ecology
[dna] air wrote 69 bytes to ecology
[dna] air wrote 33 bytes to ecology
[dna] air wrote 115 bytes to ecology
[dna] air wrote 90 bytes to ecology
[dna] air wrote 60 bytes to ecology
[dna] air wrote 37 bytes to ecology
[dna] air wrote 152 bytes to ecology
[dna] air wrote 185 bytes to ecology
[debug-onto] tick=300 corpus=156325 stage=2 freeze=0
[dna] air wrote 67 bytes to ecology
[dna] air wrote 101 bytes to ecology
[dna] air wrote 71 bytes to ecology
[dna] air wrote 91 bytes to ecology
[dna] air wrote 104 bytes to ecology
[dna] air wrote 41 bytes to ecology
[dna] air wrote 30 bytes to ecology
[dna] air wrote 166 bytes to ecology
[dna] air wrote 82 bytes to ecology
[dna] air wrote 181 bytes to ecology
[dna] air wrote 108 bytes to ecology
[dna] air wrote 60 bytes to ecology
[dna] air wrote 68 bytes to ecology
[dna] air wrote 55 bytes to ecology
[dna] air wrote 157 bytes to ecology
[dna] air wrote 26 bytes to ecology
[dna] air wrote 36 bytes to ecology
[dna] air wrote 60 bytes to ecology
[dna] air wrote 31 bytes to ecology
[dna] air wrote 169 bytes to ecology
[dna] air wrote 37 bytes to ecology
[dna] air wrote 20 bytes to ecology
[dna] air wrote 39 bytes to ecology
[dna] air wrote 117 bytes to ecology
[dna] air wrote 46 bytes to ecology
[dna] air wrote 53 bytes to ecology
[dna] air wrote 76 bytes to ecology
[dna] air wrote 83 bytes to ecology
[dna] air wrote 55 bytes to ecology
[dna] air wrote 94 bytes to ecology
[dna] air wrote 23 bytes to ecology
[dna] air wrote 76 bytes to ecology
[dna] air wrote 88 bytes to ecology
[debug-onto] tick=350 corpus=156325 stage=2 freeze=0
[dna] air wrote 66 bytes to ecology
[dna] air wrote 63 bytes to ecology
[dna] air wrote 64 bytes to ecology
[dna] air wrote 112 bytes to ecology
[dna] air wrote 41 bytes to ecology
[dna] air wrote 57 bytes to ecology
[dna] air wrote 67 bytes to ecology
[dna] air wrote 28 bytes to ecology
[dna] air wrote 84 bytes to ecology
[dna] air wrote 34 bytes to ecology
[dna] air wrote 203 bytes to ecology
[dna] air wrote 42 bytes to ecology
[dna] air wrote 134 bytes to ecology
[dna] air wrote 73 bytes to ecology
[dna] air wrote 8 bytes to ecology
[dna] air wrote 35 bytes to ecology
[dna] air wrote 43 bytes to ecology
[dna] air wrote 35 bytes to ecology
[dna] air wrote 23 bytes to ecology
[dna] air wrote 28 bytes to ecology
[dna] air wrote 83 bytes to ecology
[dna] air wrote 27 bytes to ecology
[dna] air wrote 38 bytes to ecology
[dna] air wrote 62 bytes to ecology
[dna] air wrote 148 bytes to ecology
[dna] air wrote 32 bytes to ecology
[dna] air wrote 64 bytes to ecology
[dna] air wrote 34 bytes to ecology
[dna] air wrote 97 bytes to ecology
[dna] air wrote 203 bytes to ecology
[dna] air wrote 168 bytes to ecology
[dna] air wrote 140 bytes to ecology
[dna] air wrote 64 bytes to ecology
[debug-onto] tick=400 corpus=156325 stage=2 freeze=0
[dna] air wrote 88 bytes to ecology
[dna] air wrote 78 bytes to ecology
[dna] air wrote 85 bytes to ecology
[dna] air wrote 31 bytes to ecology
[dna] air wrote 43 bytes to ecology
[dna] air wrote 45 bytes to ecology
[dna] air wrote 168 bytes to ecology
[dna] air wrote 18 bytes to ecology
[dna] air wrote 141 bytes to ecology
[dna] air wrote 72 bytes to ecology
[dna] air wrote 108 bytes to ecology
[dna] air wrote 24 bytes to ecology
[dna] air wrote 41 bytes to ecology
[dna] air wrote 54 bytes to ecology
[dna] air wrote 82 bytes to ecology
[dna] air wrote 29 bytes to ecology
[dna] air wrote 128 bytes to ecology
[dna] air wrote 33 bytes to ecology
[dna] air wrote 131 bytes to ecology
[dna] air wrote 80 bytes to ecology
[dna] air wrote 62 bytes to ecology
[dna] air wrote 46 bytes to ecology
[dna] air wrote 90 bytes to ecology
[dna] air wrote 96 bytes to ecology
[dna] air wrote 90 bytes to ecology
[dna] air wrote 118 bytes to ecology
[dna] air wrote 39 bytes to ecology
[dna] air wrote 83 bytes to ecology
[dna] air wrote 66 bytes to ecology
[dna] air wrote 35 bytes to ecology
[dna] air wrote 95 bytes to ecology
[dna] air wrote 57 bytes to ecology
[dna] air wrote 98 bytes to ecology
[dna] air wrote 42 bytes to ecology
[debug-onto] tick=450 corpus=156325 stage=2 freeze=0
[dna] air wrote 116 bytes to ecology
[dna] air wrote 38 bytes to ecology
[dna] air wrote 181 bytes to ecology
[dna] air wrote 92 bytes to ecology
[dna] air wrote 35 bytes to ecology
[dna] air wrote 47 bytes to ecology
[dna] air wrote 23 bytes to ecology
[dna] air wrote 134 bytes to ecology
[dna] air wrote 36 bytes to ecology
[dna] air wrote 48 bytes to ecology
[dna] air wrote 58 bytes to ecology
[dna] air wrote 28 bytes to ecology
[dna] air wrote 169 bytes to ecology
[dna] air wrote 42 bytes to ecology
[dna] air wrote 26 bytes to ecology
[dna] air wrote 105 bytes to ecology
[dna] air wrote 45 bytes to ecology
[dna] air wrote 69 bytes to ecology
[dna] air wrote 116 bytes to ecology
[dna] air wrote 32 bytes to ecology
[dna] air wrote 183 bytes to ecology
[dna] air wrote 64 bytes to ecology
[dna] air wrote 183 bytes to ecology
[dna] air wrote 123 bytes to ecology
[dna] air wrote 53 bytes to ecology
[dna] air wrote 40 bytes to ecology
[dna] air wrote 61 bytes to ecology
[dna] air wrote 56 bytes to ecology
[dna] air wrote 38 bytes to ecology
[dna] air wrote 36 bytes to ecology
[dna] air wrote 30 bytes to ecology
[dna] air wrote 41 bytes to ecology
[dna] air wrote 71 bytes to ecology
[debug-onto] tick=500 corpus=156325 stage=2 freeze=0
[dna] air wrote 75 bytes to ecology
[dna] air wrote 14 bytes to ecology
[dna] air wrote 46 bytes to ecology
[dna] air wrote 82 bytes to ecology
[dna] air wrote 54 bytes to ecology
[dna] air wrote 59 bytes to ecology
[dna] air wrote 98 bytes to ecology
[dna] air wrote 42 bytes to ecology
[dna] air wrote 80 bytes to ecology
[dna] air wrote 237 bytes to ecology
[dna] air wrote 239 bytes to ecology
[dna] air wrote 66 bytes to ecology
[dna] air wrote 50 bytes to ecology
[dna] air wrote 57 bytes to ecology
[dna] air wrote 32 bytes to ecology
[dna] air wrote 58 bytes to ecology
[dna] air wrote 89 bytes to ecology
[dna] air wrote 39 bytes to ecology
[dna] air wrote 81 bytes to ecology
[dna] air wrote 61 bytes to ecology
[dna] air wrote 78 bytes to ecology
[dna] air wrote 53 bytes to ecology
[dna] air wrote 142 bytes to ecology
[dna] air wrote 60 bytes to ecology
[dna] air wrote 26 bytes to ecology
[dna] air wrote 38 bytes to ecology
[dna] air wrote 86 bytes to ecology
[dna] air wrote 38 bytes to ecology
[dna] air wrote 50 bytes to ecology
[dna] air wrote 97 bytes to ecology
[dna] air wrote 132 bytes to ecology
[dna] air wrote 83 bytes to ecology
[dna] air wrote 105 bytes to ecology
[debug-onto] tick=550 corpus=156325 stage=2 freeze=0
[dna] air wrote 46 bytes to ecology
[dna] air wrote 44 bytes to ecology
[dna] air wrote 149 bytes to ecology
[dna] air wrote 24 bytes to ecology
[dna] air wrote 63 bytes to ecology
[dna] air wrote 69 bytes to ecology
[dna] air wrote 116 bytes to ecology
[dna] air wrote 52 bytes to ecology
[dna] air wrote 89 bytes to ecology
[dna] air wrote 48 bytes to ecology
[dna] air wrote 106 bytes to ecology
[dna] air wrote 212 bytes to ecology
[dna] air wrote 65 bytes to ecology
[dna] air wrote 93 bytes to ecology
[dna] air wrote 40 bytes to ecology
[dna] air wrote 136 bytes to ecology
[dna] air wrote 68 bytes to ecology
[dna] air wrote 23 bytes to ecology
[dna] air wrote 39 bytes to ecology
[dna] air wrote 112 bytes to ecology
[dna] air wrote 212 bytes to ecology
[dna] air wrote 123 bytes to ecology
[dna] air wrote 75 bytes to ecology
[dna] air wrote 33 bytes to ecology
[dna] air wrote 32 bytes to ecology
[dna] air wrote 107 bytes to ecology
[dna] air wrote 132 bytes to ecology
[dna] air wrote 38 bytes to ecology
[dna] air wrote 49 bytes to ecology
[dna] air wrote 31 bytes to ecology
[dna] air wrote 64 bytes to ecology
[dna] air wrote 83 bytes to ecology
[dna] air wrote 248 bytes to ecology
[dna] air wrote 51 bytes to ecology
[debug-onto] tick=600 corpus=156325 stage=2 freeze=0
[dna] air wrote 57 bytes to ecology

[evolution] Organism shutting down gracefully.
