[ecology] Element: fire → corpus: nonames_fire.txt
[evolution] Autonomous evolution mode — organism will grow through all stages without pause.
[ecology] Joined swarm. 1 peer(s) detected.
molequla is alive. [evolution] Autonomous mode — background trainer running. Ctrl+C to stop.
[dna] fire wrote 99 bytes to ecology
[dna] fire consumed 25949 bytes from 385 files: [water/gen_1777361675_1.txt water/gen_1777361692_4.txt water/gen_1777361695_5.txt water/gen_1777361698_6.txt water/gen_1777361701_7.txt water/gen_1777361710_10.txt water/gen_1777361713_11.txt water/gen_1777361716_12.txt water/gen_1777361720_13.txt water/gen_1777361729_16.txt water/gen_1777361732_17.txt water/gen_1777361735_18.txt water/gen_1777361738_19.txt water/gen_1777361747_22.txt water/gen_1777361750_23.txt water/gen_1777361753_24.txt water/gen_1777361756_25.txt water/gen_1777361765_28.txt water/gen_1777361768_29.txt water/gen_1777361771_30.txt water/gen_1777361775_31.txt water/gen_1777361784_34.txt water/gen_1777361787_35.txt water/gen_1777361790_36.txt water/gen_1777361794_37.txt water/gen_1777361803_40.txt water/gen_1777361806_41.txt water/gen_1777361809_42.txt water/gen_1777361813_43.txt water/gen_1777361822_46.txt water/gen_1777361825_47.txt water/gen_1777361828_48.txt water/gen_1777361831_49.txt water/gen_1777361840_52.txt water/gen_1777361843_53.txt water/gen_1777361847_54.txt water/gen_1777361850_55.txt water/gen_1777361859_58.txt water/gen_1777361862_59.txt water/gen_1777361865_60.txt water/gen_1777361868_61.txt water/gen_1777361878_64.txt water/gen_1777361881_65.txt water/gen_1777361884_66.txt water/gen_1777361887_67.txt water/gen_1777361896_70.txt water/gen_1777361900_71.txt water/gen_1777361903_72.txt water/gen_1777361906_73.txt water/gen_1777361915_76.txt water/gen_1777361918_77.txt water/gen_1777361921_78.txt water/gen_1777361924_79.txt water/gen_1777361934_82.txt water/gen_1777361937_83.txt water/gen_1777361940_84.txt water/gen_1777361943_85.txt water/gen_1777361952_88.txt water/gen_1777361955_89.txt water/gen_1777361958_90.txt water/gen_1777361961_91.txt water/gen_1777361970_94.txt water/gen_1777361974_95.txt water/gen_1777361977_96.txt water/gen_1777361980_97.txt water/gen_1777361989_100.txt water/gen_1777361992_101.txt water/gen_1777361995_102.txt water/gen_1777361998_103.txt water/gen_1777362008_106.txt water/gen_1777362011_107.txt water/gen_1777362014_108.txt water/gen_1777362017_109.txt water/gen_1777362026_112.txt water/gen_1777362029_113.txt water/gen_1777362033_114.txt water/gen_1777362036_115.txt water/gen_1777362045_118.txt water/gen_1777362048_119.txt water/gen_1777362051_120.txt water/gen_1777362054_121.txt water/gen_1777362064_124.txt water/gen_1777362067_125.txt water/gen_1777362070_126.txt water/gen_1777362073_127.txt water/gen_1777362082_130.txt water/gen_1777362085_131.txt water/gen_1777362088_132.txt water/gen_1777362091_133.txt water/gen_1777362100_136.txt water/gen_1777362103_137.txt water/gen_1777362106_138.txt water/gen_1777362109_139.txt water/gen_1777362119_142.txt water/gen_1777362122_143.txt water/gen_1777362125_144.txt water/gen_1777362128_145.txt water/gen_1777362137_148.txt water/gen_1777362140_149.txt water/gen_1777362143_150.txt water/gen_1777362147_151.txt water/gen_1777362156_154.txt water/gen_1777362159_155.txt water/gen_1777362162_156.txt water/gen_1777362165_157.txt water/gen_1777362174_160.txt water/gen_1777362177_161.txt water/gen_1777362180_162.txt water/gen_1777362183_163.txt water/gen_1777362192_166.txt water/gen_1777362195_167.txt water/gen_1777362198_168.txt water/gen_1777362201_169.txt water/gen_1777362210_172.txt water/gen_1777362213_173.txt water/gen_1777362217_174.txt water/gen_1777362220_175.txt water/gen_1777362229_178.txt water/gen_1777362232_179.txt water/gen_1777362235_180.txt water/gen_1777362238_181.txt water/gen_1777362247_184.txt water/gen_1777362250_185.txt water/gen_1777362253_186.txt water/gen_1777362256_187.txt water/gen_1777362266_190.txt water/gen_1777362269_191.txt water/gen_1777362272_192.txt water/gen_1777362275_193.txt water/gen_1777362284_196.txt water/gen_1777362287_197.txt water/gen_1777362290_198.txt water/gen_1777362293_199.txt water/gen_1777362302_202.txt water/gen_1777362305_203.txt water/gen_1777362308_204.txt water/gen_1777362311_205.txt water/gen_1777362320_208.txt water/gen_1777362323_209.txt water/gen_1777362326_210.txt water/gen_1777362330_211.txt water/gen_1777362339_214.txt water/gen_1777362342_215.txt water/gen_1777362345_216.txt water/gen_1777362348_217.txt water/gen_1777362357_220.txt water/gen_1777362360_221.txt water/gen_1777362363_222.txt water/gen_1777362366_223.txt water/gen_1777362375_226.txt water/gen_1777362378_227.txt water/gen_1777362381_228.txt water/gen_1777362384_229.txt water/gen_1777362393_232.txt water/gen_1777362396_233.txt water/gen_1777362399_234.txt water/gen_1777362402_235.txt water/gen_1777362412_238.txt water/gen_1777362415_239.txt water/gen_1777362418_240.txt water/gen_1777362421_241.txt water/gen_1777362430_244.txt water/gen_1777362433_245.txt water/gen_1777362436_246.txt water/gen_1777362439_247.txt water/gen_1777362448_250.txt water/gen_1777362451_251.txt water/gen_1777362454_252.txt water/gen_1777362457_253.txt water/gen_1777362466_256.txt water/gen_1777362469_257.txt water/gen_1777362472_258.txt water/gen_1777362475_259.txt water/gen_1777362484_262.txt water/gen_1777362487_263.txt water/gen_1777362490_264.txt water/gen_1777362493_265.txt water/gen_1777362502_268.txt water/gen_1777362505_269.txt water/gen_1777362508_270.txt water/gen_1777362511_271.txt water/gen_1777362521_274.txt water/gen_1777362524_275.txt water/gen_1777362527_276.txt water/gen_1777362530_277.txt water/gen_1777362539_280.txt water/gen_1777362542_281.txt water/gen_1777362545_282.txt water/gen_1777362549_283.txt water/gen_1777362558_286.txt water/gen_1777362561_287.txt water/gen_1777362564_288.txt water/gen_1777362567_289.txt water/gen_1777362577_292.txt water/gen_1777362580_293.txt water/gen_1777362583_294.txt water/gen_1777362586_295.txt water/gen_1777362595_298.txt water/gen_1777362599_299.txt water/gen_1777362602_300.txt water/gen_1777362605_301.txt water/gen_1777362615_304.txt water/gen_1777362618_305.txt water/gen_1777362621_306.txt water/gen_1777362624_307.txt water/gen_1777362633_310.txt water/gen_1777362636_311.txt water/gen_1777362639_312.txt water/gen_1777362642_313.txt water/gen_1777362651_316.txt water/gen_1777362654_317.txt water/gen_1777362657_318.txt water/gen_1777362660_319.txt water/gen_1777362670_322.txt water/gen_1777362673_323.txt water/gen_1777362676_324.txt water/gen_1777362679_325.txt water/gen_1777362688_328.txt water/gen_1777362691_329.txt water/gen_1777362694_330.txt water/gen_1777362697_331.txt water/gen_1777362706_334.txt water/gen_1777362709_335.txt water/gen_1777362712_336.txt water/gen_1777362715_337.txt water/gen_1777362725_340.txt water/gen_1777362728_341.txt water/gen_1777362731_342.txt water/gen_1777362734_343.txt water/gen_1777362743_346.txt water/gen_1777362746_347.txt water/gen_1777362749_348.txt water/gen_1777362752_349.txt water/gen_1777362761_352.txt water/gen_1777362764_353.txt water/gen_1777362767_354.txt water/gen_1777362771_355.txt water/gen_1777362780_358.txt water/gen_1777362783_359.txt water/gen_1777362786_360.txt water/gen_1777362789_361.txt water/gen_1777362798_364.txt water/gen_1777362801_365.txt water/gen_1777362804_366.txt water/gen_1777362807_367.txt water/gen_1777362816_370.txt water/gen_1777362819_371.txt water/gen_1777362822_372.txt water/gen_1777362826_373.txt water/gen_1777362835_376.txt water/gen_1777362838_377.txt water/gen_1777362841_378.txt water/gen_1777362844_379.txt water/gen_1777362853_382.txt water/gen_1777362856_383.txt water/gen_1777362860_384.txt water/gen_1777362863_385.txt water/gen_1777362872_388.txt water/gen_1777362875_389.txt water/gen_1777362878_390.txt water/gen_1777362881_391.txt water/gen_1777362890_394.txt water/gen_1777362893_395.txt water/gen_1777362897_396.txt water/gen_1777362900_397.txt water/gen_1777362909_400.txt water/gen_1777362912_401.txt water/gen_1777362915_402.txt water/gen_1777362918_403.txt water/gen_1777362927_406.txt water/gen_1777362930_407.txt water/gen_1777362936_409.txt water/gen_1777362946_412.txt water/gen_1777362949_413.txt water/gen_1777362952_414.txt water/gen_1777362955_415.txt water/gen_1777362964_418.txt water/gen_1777362967_419.txt water/gen_1777362970_420.txt water/gen_1777362973_421.txt water/gen_1777362985_425.txt water/gen_1777362988_426.txt water/gen_1777362991_427.txt water/gen_1777363004_431.txt water/gen_1777363007_432.txt water/gen_1777363010_433.txt water/gen_1777363019_436.txt water/gen_1777363022_437.txt water/gen_1777363025_438.txt water/gen_1777363028_439.txt water/gen_1777363037_442.txt water/gen_1777363041_443.txt water/gen_1777363044_444.txt water/gen_1777363047_445.txt water/gen_1777363056_448.txt water/gen_1777363059_449.txt water/gen_1777363062_450.txt water/gen_1777363065_451.txt water/gen_1777363074_454.txt water/gen_1777363077_455.txt water/gen_1777363080_456.txt water/gen_1777363084_457.txt water/gen_1777363093_460.txt water/gen_1777363096_461.txt water/gen_1777363099_462.txt water/gen_1777363102_463.txt water/gen_1777363111_466.txt water/gen_1777363114_467.txt water/gen_1777363117_468.txt water/gen_1777363120_469.txt water/gen_1777363129_472.txt water/gen_1777363132_473.txt water/gen_1777363135_474.txt water/gen_1777363139_475.txt water/gen_1777363148_478.txt water/gen_1777363151_479.txt water/gen_1777363154_480.txt water/gen_1777363157_481.txt water/gen_1777363166_484.txt water/gen_1777363170_485.txt water/gen_1777363173_486.txt water/gen_1777363176_487.txt water/gen_1777363185_490.txt water/gen_1777363188_491.txt water/gen_1777363191_492.txt water/gen_1777363194_493.txt water/gen_1777363203_496.txt water/gen_1777363206_497.txt water/gen_1777363209_498.txt water/gen_1777363212_499.txt water/gen_1777363222_502.txt water/gen_1777363225_503.txt water/gen_1777363228_504.txt water/gen_1777363231_505.txt water/gen_1777363241_508.txt water/gen_1777363244_509.txt water/gen_1777363247_510.txt water/gen_1777363250_511.txt water/gen_1777363259_514.txt water/gen_1777363262_515.txt water/gen_1777363265_516.txt water/gen_1777363268_517.txt water/gen_1777363277_520.txt water/gen_1777363281_521.txt water/gen_1777363284_522.txt water/gen_1777363287_523.txt water/gen_1777363296_526.txt water/gen_1777363299_527.txt water/gen_1777363302_528.txt water/gen_1777363305_529.txt water/gen_1777363314_532.txt water/gen_1777363317_533.txt water/gen_1777363321_534.txt water/gen_1777363324_535.txt water/gen_1777363333_538.txt water/gen_1777363336_539.txt water/gen_1777363339_540.txt water/gen_1777363342_541.txt water/gen_1777363351_544.txt water/gen_1777363354_545.txt water/gen_1777363357_546.txt water/gen_1777363360_547.txt water/gen_1777363370_550.txt water/gen_1777363373_551.txt water/gen_1777363376_552.txt water/gen_1777363379_553.txt water/gen_1777363388_556.txt water/gen_1777363391_557.txt water/gen_1777363394_558.txt water/gen_1777363397_559.txt water/gen_1777363406_562.txt water/gen_1777363409_563.txt water/gen_1777363413_564.txt water/gen_1777363416_565.txt water/gen_1777363425_568.txt water/gen_1777363428_569.txt water/gen_1777363431_570.txt water/gen_1777363434_571.txt water/gen_1777363443_574.txt water/gen_1777363446_575.txt water/gen_1777363449_576.txt water/gen_1777363453_577.txt water/gen_1777363462_580.txt water/gen_1777363465_581.txt water/gen_1777363468_582.txt]
[trainer] micro-train burst (25949 bytes, novelty 0.03) — and lo, it feeds again.
[syntropy] action=explore | trend=0.0000 | field_dev=0.068 | purpose_align=0.272 | lr_mul=1.30
[aml] burst complete: 32 steps, avg loss 1.6139 (memory freed)
[dna] fire wrote 80 bytes to ecology
[dna] fire wrote 27 bytes to ecology
[dna] fire wrote 64 bytes to ecology
[dna] fire wrote 11 bytes to ecology
[dna] fire wrote 18 bytes to ecology
[dna] fire wrote 72 bytes to ecology
[dna] fire wrote 43 bytes to ecology
[dna] fire wrote 115 bytes to ecology
[dna] fire wrote 20 bytes to ecology
[dna] fire wrote 38 bytes to ecology
[dna] fire wrote 145 bytes to ecology
[dna] fire wrote 64 bytes to ecology
[dna] fire wrote 52 bytes to ecology
[dna] fire wrote 25 bytes to ecology
[dna] fire wrote 122 bytes to ecology
[dna] fire wrote 47 bytes to ecology
[dna] fire wrote 67 bytes to ecology
[dna] fire wrote 64 bytes to ecology
[dna] fire wrote 42 bytes to ecology
[dna] fire wrote 30 bytes to ecology
[dna] fire wrote 40 bytes to ecology
[dna] fire wrote 69 bytes to ecology
[dna] fire wrote 8 bytes to ecology
[dna] fire wrote 42 bytes to ecology
[debug-onto] tick=50 corpus=148234 stage=2 freeze=0
[dna] fire wrote 53 bytes to ecology
[dna] fire wrote 52 bytes to ecology
[dna] fire wrote 101 bytes to ecology
[dna] fire wrote 50 bytes to ecology
[dna] fire wrote 121 bytes to ecology
[dna] fire wrote 40 bytes to ecology
[dna] fire wrote 68 bytes to ecology
[dna] fire wrote 239 bytes to ecology
[dna] fire wrote 87 bytes to ecology
[dna] fire wrote 52 bytes to ecology
[dna] fire wrote 27 bytes to ecology
[dna] fire wrote 106 bytes to ecology
[dna] fire wrote 66 bytes to ecology
[dna] fire wrote 47 bytes to ecology
[dna] fire wrote 27 bytes to ecology
[dna] fire wrote 38 bytes to ecology
[dna] fire wrote 29 bytes to ecology
[dna] fire wrote 24 bytes to ecology
[dna] fire wrote 47 bytes to ecology
[dna] fire wrote 88 bytes to ecology
[dna] fire wrote 57 bytes to ecology
[dna] fire wrote 39 bytes to ecology
[dna] fire wrote 20 bytes to ecology
[dna] fire wrote 24 bytes to ecology
[dna] fire wrote 24 bytes to ecology
[debug-onto] tick=100 corpus=148234 stage=2 freeze=0
[dna] fire wrote 28 bytes to ecology
[dna] fire wrote 69 bytes to ecology
[dna] fire wrote 31 bytes to ecology
[dna] fire wrote 125 bytes to ecology
[dna] fire wrote 35 bytes to ecology
[dna] fire wrote 86 bytes to ecology
[dna] fire wrote 61 bytes to ecology
[dna] fire wrote 52 bytes to ecology
[dna] fire wrote 21 bytes to ecology
[dna] fire wrote 135 bytes to ecology
[dna] fire wrote 53 bytes to ecology
[dna] fire wrote 22 bytes to ecology
[dna] fire wrote 72 bytes to ecology
[dna] fire wrote 55 bytes to ecology
[dna] fire wrote 45 bytes to ecology
[dna] fire wrote 92 bytes to ecology
[dna] fire wrote 18 bytes to ecology
[dna] fire wrote 129 bytes to ecology
[dna] fire wrote 82 bytes to ecology
[dna] fire wrote 178 bytes to ecology
[dna] fire wrote 28 bytes to ecology
[dna] fire wrote 95 bytes to ecology
[dna] fire wrote 101 bytes to ecology
[dna] fire wrote 144 bytes to ecology
[dna] fire wrote 201 bytes to ecology
[debug-onto] tick=150 corpus=148234 stage=2 freeze=0
[dna] fire wrote 139 bytes to ecology
[dna] fire wrote 43 bytes to ecology
[dna] fire wrote 68 bytes to ecology
[dna] fire wrote 24 bytes to ecology
[dna] fire wrote 22 bytes to ecology
[dna] fire wrote 178 bytes to ecology
[dna] fire wrote 43 bytes to ecology
[dna] fire wrote 154 bytes to ecology
[dna] fire wrote 148 bytes to ecology
[dna] fire wrote 32 bytes to ecology
[dna] fire wrote 60 bytes to ecology
[dna] fire wrote 20 bytes to ecology
[dna] fire wrote 29 bytes to ecology
[dna] fire wrote 99 bytes to ecology
[dna] fire wrote 75 bytes to ecology
[dna] fire wrote 83 bytes to ecology
[dna] fire wrote 95 bytes to ecology
[dna] fire wrote 27 bytes to ecology
[dna] fire wrote 74 bytes to ecology
[dna] fire wrote 29 bytes to ecology
[dna] fire wrote 54 bytes to ecology
[dna] fire wrote 24 bytes to ecology
[dna] fire wrote 43 bytes to ecology
[dna] fire wrote 19 bytes to ecology
[dna] fire wrote 73 bytes to ecology
[debug-onto] tick=200 corpus=148234 stage=2 freeze=0
[dna] fire wrote 33 bytes to ecology
[dna] fire wrote 47 bytes to ecology
[dna] fire wrote 40 bytes to ecology
[dna] fire wrote 32 bytes to ecology
[dna] fire wrote 51 bytes to ecology
[dna] fire wrote 89 bytes to ecology
[dna] fire wrote 18 bytes to ecology
[dna] fire wrote 23 bytes to ecology
[dna] fire wrote 29 bytes to ecology
[dna] fire wrote 38 bytes to ecology
[dna] fire wrote 96 bytes to ecology
[dna] fire wrote 49 bytes to ecology
[dna] fire wrote 28 bytes to ecology
[dna] fire wrote 33 bytes to ecology
[dna] fire wrote 73 bytes to ecology
[dna] fire wrote 33 bytes to ecology
[dna] fire wrote 58 bytes to ecology
[dna] fire wrote 111 bytes to ecology
[dna] fire wrote 52 bytes to ecology
[dna] fire wrote 130 bytes to ecology
[dna] fire wrote 80 bytes to ecology
[dna] fire wrote 52 bytes to ecology
[dna] fire wrote 71 bytes to ecology
[dna] fire wrote 72 bytes to ecology
[dna] fire wrote 24 bytes to ecology
[debug-onto] tick=250 corpus=148234 stage=2 freeze=0
[dna] fire wrote 29 bytes to ecology
[dna] fire wrote 20 bytes to ecology
[dna] fire wrote 23 bytes to ecology
[dna] fire wrote 76 bytes to ecology
[dna] fire wrote 128 bytes to ecology
[dna] fire wrote 60 bytes to ecology
[dna] fire wrote 129 bytes to ecology
[dna] fire wrote 55 bytes to ecology
[dna] fire wrote 27 bytes to ecology
[dna] fire wrote 21 bytes to ecology
[dna] fire wrote 41 bytes to ecology
[dna] fire wrote 43 bytes to ecology
[dna] fire wrote 42 bytes to ecology
[dna] fire wrote 52 bytes to ecology
[dna] fire wrote 56 bytes to ecology
[dna] fire wrote 48 bytes to ecology
[dna] fire wrote 36 bytes to ecology
[dna] fire wrote 75 bytes to ecology
[dna] fire wrote 61 bytes to ecology
[dna] fire wrote 42 bytes to ecology
[dna] fire wrote 201 bytes to ecology
[dna] fire wrote 58 bytes to ecology
[dna] fire wrote 151 bytes to ecology
[dna] fire wrote 55 bytes to ecology
[dna] fire wrote 41 bytes to ecology
[debug-onto] tick=300 corpus=148234 stage=2 freeze=0
[dna] fire wrote 126 bytes to ecology
[dna] fire wrote 79 bytes to ecology
[dna] fire wrote 50 bytes to ecology
[dna] fire wrote 80 bytes to ecology
[dna] fire wrote 15 bytes to ecology
[dna] fire wrote 30 bytes to ecology
[dna] fire wrote 146 bytes to ecology
[dna] fire wrote 112 bytes to ecology
[dna] fire wrote 51 bytes to ecology
[dna] fire wrote 32 bytes to ecology
[dna] fire wrote 101 bytes to ecology
[dna] fire wrote 90 bytes to ecology
[dna] fire wrote 13 bytes to ecology
[dna] fire wrote 101 bytes to ecology
[dna] fire wrote 26 bytes to ecology
[dna] fire wrote 31 bytes to ecology
[dna] fire wrote 32 bytes to ecology
[dna] fire wrote 81 bytes to ecology
[dna] fire wrote 58 bytes to ecology
[dna] fire wrote 35 bytes to ecology
[dna] fire wrote 21 bytes to ecology
[dna] fire wrote 24 bytes to ecology
[dna] fire wrote 8 bytes to ecology
[dna] fire wrote 20 bytes to ecology
[dna] fire wrote 47 bytes to ecology
[debug-onto] tick=350 corpus=148234 stage=2 freeze=0
[dna] fire wrote 76 bytes to ecology
[dna] fire wrote 48 bytes to ecology
[dna] fire wrote 25 bytes to ecology
[dna] fire wrote 117 bytes to ecology
[dna] fire wrote 75 bytes to ecology
[dna] fire wrote 95 bytes to ecology
[dna] fire wrote 27 bytes to ecology
[dna] fire wrote 8 bytes to ecology
[dna] fire wrote 39 bytes to ecology
[dna] fire wrote 24 bytes to ecology
[dna] fire wrote 40 bytes to ecology
[dna] fire wrote 83 bytes to ecology
[dna] fire wrote 35 bytes to ecology
[dna] fire wrote 109 bytes to ecology
[dna] fire wrote 80 bytes to ecology
[dna] fire wrote 28 bytes to ecology
[dna] fire wrote 109 bytes to ecology
[dna] fire wrote 27 bytes to ecology
[dna] fire wrote 55 bytes to ecology
[dna] fire wrote 10 bytes to ecology
[dna] fire wrote 31 bytes to ecology
[dna] fire wrote 71 bytes to ecology
[dna] fire wrote 35 bytes to ecology
[dna] fire wrote 26 bytes to ecology
[dna] fire wrote 59 bytes to ecology
[debug-onto] tick=400 corpus=148234 stage=2 freeze=0
[dna] fire wrote 40 bytes to ecology
[dna] fire wrote 21 bytes to ecology
[dna] fire wrote 46 bytes to ecology
[dna] fire wrote 56 bytes to ecology
[dna] fire wrote 42 bytes to ecology
[dna] fire wrote 96 bytes to ecology
[dna] fire wrote 90 bytes to ecology
[dna] fire wrote 26 bytes to ecology
[dna] fire wrote 55 bytes to ecology
[dna] fire wrote 27 bytes to ecology
[dna] fire wrote 74 bytes to ecology
[dna] fire wrote 36 bytes to ecology
[dna] fire wrote 62 bytes to ecology
[dna] fire wrote 24 bytes to ecology
[dna] fire wrote 94 bytes to ecology
[dna] fire wrote 100 bytes to ecology
[dna] fire wrote 75 bytes to ecology
[dna] fire wrote 70 bytes to ecology
[dna] fire wrote 77 bytes to ecology
[dna] fire wrote 23 bytes to ecology
[dna] fire wrote 34 bytes to ecology
[dna] fire wrote 60 bytes to ecology
[dna] fire wrote 29 bytes to ecology
[dna] fire wrote 34 bytes to ecology
[dna] fire wrote 63 bytes to ecology
[debug-onto] tick=450 corpus=148234 stage=2 freeze=0
[dna] fire wrote 28 bytes to ecology
[dna] fire wrote 112 bytes to ecology
[dna] fire wrote 35 bytes to ecology
[dna] fire wrote 30 bytes to ecology
[dna] fire wrote 33 bytes to ecology
[dna] fire wrote 76 bytes to ecology
[dna] fire wrote 71 bytes to ecology
[dna] fire wrote 75 bytes to ecology
[dna] fire wrote 188 bytes to ecology
[dna] fire wrote 35 bytes to ecology
[dna] fire wrote 11 bytes to ecology
[dna] fire wrote 79 bytes to ecology
[dna] fire wrote 37 bytes to ecology
[dna] fire wrote 66 bytes to ecology
[dna] fire wrote 78 bytes to ecology
[dna] fire wrote 44 bytes to ecology
[dna] fire wrote 29 bytes to ecology
[dna] fire wrote 56 bytes to ecology
[dna] fire wrote 78 bytes to ecology
[dna] fire wrote 68 bytes to ecology
[dna] fire wrote 66 bytes to ecology
[dna] fire wrote 33 bytes to ecology
[dna] fire wrote 252 bytes to ecology
[dna] fire wrote 56 bytes to ecology
[dna] fire wrote 27 bytes to ecology
[debug-onto] tick=500 corpus=148234 stage=2 freeze=0
[dna] fire wrote 95 bytes to ecology
[dna] fire wrote 27 bytes to ecology
[dna] fire wrote 50 bytes to ecology
[dna] fire wrote 32 bytes to ecology
[dna] fire wrote 49 bytes to ecology
[dna] fire wrote 80 bytes to ecology
[dna] fire wrote 74 bytes to ecology
[dna] fire wrote 38 bytes to ecology
[dna] fire wrote 40 bytes to ecology
[dna] fire wrote 22 bytes to ecology
[dna] fire wrote 39 bytes to ecology
[dna] fire wrote 50 bytes to ecology
[dna] fire wrote 55 bytes to ecology
[dna] fire wrote 79 bytes to ecology
[dna] fire wrote 53 bytes to ecology
[dna] fire wrote 61 bytes to ecology
[dna] fire wrote 87 bytes to ecology
[dna] fire wrote 39 bytes to ecology
[dna] fire wrote 94 bytes to ecology
[dna] fire wrote 88 bytes to ecology
[dna] fire wrote 102 bytes to ecology
[dna] fire wrote 32 bytes to ecology
[dna] fire wrote 45 bytes to ecology
[dna] fire wrote 135 bytes to ecology
[dna] fire wrote 29 bytes to ecology
[debug-onto] tick=550 corpus=148234 stage=2 freeze=0
[dna] fire wrote 35 bytes to ecology
[dna] fire wrote 17 bytes to ecology
[dna] fire wrote 44 bytes to ecology
[dna] fire wrote 96 bytes to ecology
[dna] fire wrote 72 bytes to ecology
[dna] fire wrote 75 bytes to ecology
[dna] fire wrote 48 bytes to ecology
[dna] fire wrote 13 bytes to ecology
[dna] fire wrote 66 bytes to ecology
[dna] fire wrote 88 bytes to ecology
[dna] fire wrote 26 bytes to ecology
[dna] fire wrote 30 bytes to ecology
[dna] fire wrote 35 bytes to ecology
[dna] fire wrote 107 bytes to ecology
[dna] fire wrote 74 bytes to ecology
[dna] fire wrote 13 bytes to ecology
[dna] fire wrote 40 bytes to ecology
[dna] fire wrote 235 bytes to ecology
[dna] fire wrote 6 bytes to ecology
[dna] fire wrote 44 bytes to ecology
[dna] fire wrote 48 bytes to ecology
[dna] fire wrote 118 bytes to ecology
[dna] fire wrote 154 bytes to ecology
[dna] fire wrote 45 bytes to ecology
[dna] fire wrote 32 bytes to ecology
[debug-onto] tick=600 corpus=148234 stage=2 freeze=0
[dna] fire wrote 48 bytes to ecology
[dna] fire wrote 98 bytes to ecology
[dna] fire wrote 56 bytes to ecology
[dna] fire wrote 63 bytes to ecology
[dna] fire wrote 30 bytes to ecology
[dna] fire wrote 25 bytes to ecology
[dna] fire wrote 123 bytes to ecology
[dna] fire wrote 47 bytes to ecology
[dna] fire wrote 201 bytes to ecology

[evolution] Organism shutting down gracefully.
