[ecology] Element: water → corpus: nonames_water.txt
[evolution] Autonomous evolution mode — organism will grow through all stages without pause.
[ecology] Joined swarm. 1 peer(s) detected.
molequla is alive. [evolution] Autonomous mode — background trainer running. Ctrl+C to stop.
[dna] water wrote 29 bytes to ecology
[dna] water consumed 30994 bytes from 399 files: [air/gen_1777359874_1.txt air/gen_1777359893_4.txt air/gen_1777359896_5.txt air/gen_1777359899_6.txt air/gen_1777359902_7.txt air/gen_1777359911_10.txt air/gen_1777359914_11.txt air/gen_1777359917_12.txt air/gen_1777359920_13.txt air/gen_1777359929_16.txt air/gen_1777359932_17.txt air/gen_1777359935_18.txt air/gen_1777359947_22.txt air/gen_1777359950_23.txt air/gen_1777359953_24.txt air/gen_1777359956_25.txt air/gen_1777359965_28.txt air/gen_1777359968_29.txt air/gen_1777359971_30.txt air/gen_1777359975_31.txt air/gen_1777359984_34.txt air/gen_1777359987_35.txt air/gen_1777359989_36.txt air/gen_1777359992_37.txt air/gen_1777360001_40.txt air/gen_1777360004_41.txt air/gen_1777360007_42.txt air/gen_1777360010_43.txt air/gen_1777360019_46.txt air/gen_1777360022_47.txt air/gen_1777360025_48.txt air/gen_1777360028_49.txt air/gen_1777360037_52.txt air/gen_1777360040_53.txt air/gen_1777360043_54.txt air/gen_1777360046_55.txt air/gen_1777360055_58.txt air/gen_1777360058_59.txt air/gen_1777360061_60.txt air/gen_1777360064_61.txt air/gen_1777360073_64.txt air/gen_1777360076_65.txt air/gen_1777360079_66.txt air/gen_1777360082_67.txt air/gen_1777360091_70.txt air/gen_1777360094_71.txt air/gen_1777360097_72.txt air/gen_1777360100_73.txt air/gen_1777360109_76.txt air/gen_1777360112_77.txt air/gen_1777360115_78.txt air/gen_1777360118_79.txt air/gen_1777360126_82.txt air/gen_1777360129_83.txt air/gen_1777360133_84.txt air/gen_1777360136_85.txt air/gen_1777360145_88.txt air/gen_1777360148_89.txt air/gen_1777360151_90.txt air/gen_1777360154_91.txt air/gen_1777360163_94.txt air/gen_1777360166_95.txt air/gen_1777360169_96.txt air/gen_1777360172_97.txt air/gen_1777360181_100.txt air/gen_1777360184_101.txt air/gen_1777360187_102.txt air/gen_1777360190_103.txt air/gen_1777360199_106.txt air/gen_1777360202_107.txt air/gen_1777360205_108.txt air/gen_1777360208_109.txt air/gen_1777360217_112.txt air/gen_1777360220_113.txt air/gen_1777360223_114.txt air/gen_1777360226_115.txt air/gen_1777360235_118.txt air/gen_1777360238_119.txt air/gen_1777360241_120.txt air/gen_1777360244_121.txt air/gen_1777360253_124.txt air/gen_1777360256_125.txt air/gen_1777360259_126.txt air/gen_1777360261_127.txt air/gen_1777360270_130.txt air/gen_1777360273_131.txt air/gen_1777360276_132.txt air/gen_1777360279_133.txt air/gen_1777360288_136.txt air/gen_1777360291_137.txt air/gen_1777360294_138.txt air/gen_1777360297_139.txt air/gen_1777360306_142.txt air/gen_1777360309_143.txt air/gen_1777360312_144.txt air/gen_1777360315_145.txt air/gen_1777360324_148.txt air/gen_1777360327_149.txt air/gen_1777360330_150.txt air/gen_1777360333_151.txt air/gen_1777360342_154.txt air/gen_1777360345_155.txt air/gen_1777360348_156.txt air/gen_1777360351_157.txt air/gen_1777360360_160.txt air/gen_1777360363_161.txt air/gen_1777360366_162.txt air/gen_1777360369_163.txt air/gen_1777360377_166.txt air/gen_1777360380_167.txt air/gen_1777360383_168.txt air/gen_1777360386_169.txt air/gen_1777360395_172.txt air/gen_1777360398_173.txt air/gen_1777360401_174.txt air/gen_1777360404_175.txt air/gen_1777360413_178.txt air/gen_1777360416_179.txt air/gen_1777360419_180.txt air/gen_1777360422_181.txt air/gen_1777360431_184.txt air/gen_1777360434_185.txt air/gen_1777360437_186.txt air/gen_1777360440_187.txt air/gen_1777360449_190.txt air/gen_1777360452_191.txt air/gen_1777360455_192.txt air/gen_1777360458_193.txt air/gen_1777360467_196.txt air/gen_1777360470_197.txt air/gen_1777360473_198.txt air/gen_1777360476_199.txt air/gen_1777360485_202.txt air/gen_1777360487_203.txt air/gen_1777360490_204.txt air/gen_1777360493_205.txt air/gen_1777360502_208.txt air/gen_1777360505_209.txt air/gen_1777360508_210.txt air/gen_1777360511_211.txt air/gen_1777360520_214.txt air/gen_1777360523_215.txt air/gen_1777360526_216.txt air/gen_1777360529_217.txt air/gen_1777360538_220.txt air/gen_1777360541_221.txt air/gen_1777360544_222.txt air/gen_1777360547_223.txt air/gen_1777360556_226.txt air/gen_1777360559_227.txt air/gen_1777360562_228.txt air/gen_1777360565_229.txt air/gen_1777360573_232.txt air/gen_1777360576_233.txt air/gen_1777360579_234.txt air/gen_1777360582_235.txt air/gen_1777360591_238.txt air/gen_1777360594_239.txt air/gen_1777360597_240.txt air/gen_1777360600_241.txt air/gen_1777360609_244.txt air/gen_1777360612_245.txt air/gen_1777360615_246.txt air/gen_1777360618_247.txt air/gen_1777360627_250.txt air/gen_1777360630_251.txt air/gen_1777360633_252.txt air/gen_1777360636_253.txt air/gen_1777360645_256.txt air/gen_1777360648_257.txt air/gen_1777360651_258.txt air/gen_1777360654_259.txt air/gen_1777360662_262.txt air/gen_1777360665_263.txt air/gen_1777360668_264.txt air/gen_1777360671_265.txt air/gen_1777360680_268.txt air/gen_1777360683_269.txt air/gen_1777360686_270.txt air/gen_1777360689_271.txt air/gen_1777360698_274.txt air/gen_1777360701_275.txt air/gen_1777360704_276.txt air/gen_1777360707_277.txt air/gen_1777360715_280.txt air/gen_1777360718_281.txt air/gen_1777360721_282.txt air/gen_1777360724_283.txt air/gen_1777360733_286.txt air/gen_1777360736_287.txt air/gen_1777360739_288.txt air/gen_1777360742_289.txt air/gen_1777360751_292.txt air/gen_1777360754_293.txt air/gen_1777360757_294.txt air/gen_1777360760_295.txt air/gen_1777360768_298.txt air/gen_1777360771_299.txt air/gen_1777360774_300.txt air/gen_1777360777_301.txt air/gen_1777360786_304.txt air/gen_1777360789_305.txt air/gen_1777360792_306.txt air/gen_1777360795_307.txt air/gen_1777360804_310.txt air/gen_1777360807_311.txt air/gen_1777360810_312.txt air/gen_1777360813_313.txt air/gen_1777360822_316.txt air/gen_1777360825_317.txt air/gen_1777360828_318.txt air/gen_1777360831_319.txt air/gen_1777360839_322.txt air/gen_1777360842_323.txt air/gen_1777360845_324.txt air/gen_1777360848_325.txt air/gen_1777360857_328.txt air/gen_1777360860_329.txt air/gen_1777360863_330.txt air/gen_1777360866_331.txt air/gen_1777360875_334.txt air/gen_1777360878_335.txt air/gen_1777360881_336.txt air/gen_1777360884_337.txt air/gen_1777360893_340.txt air/gen_1777360896_341.txt air/gen_1777360899_342.txt air/gen_1777360902_343.txt air/gen_1777360911_346.txt air/gen_1777360914_347.txt air/gen_1777360917_348.txt air/gen_1777360920_349.txt air/gen_1777360929_352.txt air/gen_1777360932_353.txt air/gen_1777360935_354.txt air/gen_1777360938_355.txt air/gen_1777360947_358.txt air/gen_1777360950_359.txt air/gen_1777360953_360.txt air/gen_1777360956_361.txt air/gen_1777360965_364.txt air/gen_1777360968_365.txt air/gen_1777360971_366.txt air/gen_1777360974_367.txt air/gen_1777360983_370.txt air/gen_1777360986_371.txt air/gen_1777360992_373.txt air/gen_1777361000_376.txt air/gen_1777361003_377.txt air/gen_1777361006_378.txt air/gen_1777361009_379.txt air/gen_1777361018_382.txt air/gen_1777361021_383.txt air/gen_1777361024_384.txt air/gen_1777361027_385.txt air/gen_1777361036_388.txt air/gen_1777361039_389.txt air/gen_1777361042_390.txt air/gen_1777361045_391.txt air/gen_1777361054_394.txt air/gen_1777361056_395.txt air/gen_1777361059_396.txt air/gen_1777361062_397.txt air/gen_1777361071_400.txt air/gen_1777361074_401.txt air/gen_1777361077_402.txt air/gen_1777361080_403.txt air/gen_1777361089_406.txt air/gen_1777361092_407.txt air/gen_1777361095_408.txt air/gen_1777361098_409.txt air/gen_1777361107_412.txt air/gen_1777361110_413.txt air/gen_1777361113_414.txt air/gen_1777361115_415.txt air/gen_1777361124_418.txt air/gen_1777361127_419.txt air/gen_1777361130_420.txt air/gen_1777361133_421.txt air/gen_1777361142_424.txt air/gen_1777361145_425.txt air/gen_1777361148_426.txt air/gen_1777361151_427.txt air/gen_1777361160_430.txt air/gen_1777361163_431.txt air/gen_1777361166_432.txt air/gen_1777361169_433.txt air/gen_1777361177_436.txt air/gen_1777361180_437.txt air/gen_1777361183_438.txt air/gen_1777361186_439.txt air/gen_1777361195_442.txt air/gen_1777361198_443.txt air/gen_1777361201_444.txt air/gen_1777361204_445.txt air/gen_1777361213_448.txt air/gen_1777361216_449.txt air/gen_1777361219_450.txt air/gen_1777361222_451.txt air/gen_1777361231_454.txt air/gen_1777361234_455.txt air/gen_1777361237_456.txt air/gen_1777361240_457.txt air/gen_1777361248_460.txt air/gen_1777361251_461.txt air/gen_1777361254_462.txt air/gen_1777361257_463.txt air/gen_1777361266_466.txt air/gen_1777361269_467.txt air/gen_1777361272_468.txt air/gen_1777361275_469.txt air/gen_1777361284_472.txt air/gen_1777361287_473.txt air/gen_1777361290_474.txt air/gen_1777361293_475.txt air/gen_1777361302_478.txt air/gen_1777361305_479.txt air/gen_1777361307_480.txt air/gen_1777361310_481.txt air/gen_1777361319_484.txt air/gen_1777361322_485.txt air/gen_1777361325_486.txt air/gen_1777361328_487.txt air/gen_1777361337_490.txt air/gen_1777361340_491.txt air/gen_1777361343_492.txt air/gen_1777361346_493.txt air/gen_1777361354_496.txt air/gen_1777361357_497.txt air/gen_1777361360_498.txt air/gen_1777361363_499.txt air/gen_1777361372_502.txt air/gen_1777361375_503.txt air/gen_1777361378_504.txt air/gen_1777361381_505.txt air/gen_1777361389_508.txt air/gen_1777361392_509.txt air/gen_1777361395_510.txt air/gen_1777361398_511.txt air/gen_1777361407_514.txt air/gen_1777361410_515.txt air/gen_1777361413_516.txt air/gen_1777361416_517.txt air/gen_1777361425_520.txt air/gen_1777361428_521.txt air/gen_1777361430_522.txt air/gen_1777361433_523.txt air/gen_1777361442_526.txt air/gen_1777361445_527.txt air/gen_1777361448_528.txt air/gen_1777361451_529.txt air/gen_1777361459_532.txt air/gen_1777361462_533.txt air/gen_1777361465_534.txt air/gen_1777361468_535.txt air/gen_1777361477_538.txt air/gen_1777361480_539.txt air/gen_1777361483_540.txt air/gen_1777361486_541.txt air/gen_1777361495_544.txt air/gen_1777361497_545.txt air/gen_1777361501_546.txt air/gen_1777361503_547.txt air/gen_1777361512_550.txt air/gen_1777361515_551.txt air/gen_1777361518_552.txt air/gen_1777361521_553.txt air/gen_1777361530_556.txt air/gen_1777361533_557.txt air/gen_1777361536_558.txt air/gen_1777361539_559.txt air/gen_1777361547_562.txt air/gen_1777361550_563.txt air/gen_1777361553_564.txt air/gen_1777361556_565.txt air/gen_1777361565_568.txt air/gen_1777361568_569.txt air/gen_1777361571_570.txt air/gen_1777361574_571.txt air/gen_1777361583_574.txt air/gen_1777361586_575.txt air/gen_1777361589_576.txt air/gen_1777361592_577.txt air/gen_1777361600_580.txt air/gen_1777361603_581.txt air/gen_1777361606_582.txt air/gen_1777361609_583.txt air/gen_1777361618_586.txt air/gen_1777361621_587.txt air/gen_1777361624_588.txt air/gen_1777361627_589.txt air/gen_1777361636_592.txt air/gen_1777361638_593.txt air/gen_1777361641_594.txt air/gen_1777361644_595.txt air/gen_1777361653_598.txt air/gen_1777361656_599.txt air/gen_1777361659_600.txt air/gen_1777361662_601.txt]
[trainer] micro-train burst (30994 bytes, novelty 0.02) — and lo, it feeds again.
[syntropy] action=explore | trend=0.0000 | field_dev=-0.016 | purpose_align=0.269 | lr_mul=1.30
[aml] burst complete: 32 steps, avg loss 1.3878 (memory freed)
[dna] water wrote 48 bytes to ecology
[dna] water wrote 133 bytes to ecology
[dna] water wrote 40 bytes to ecology
[dna] water wrote 84 bytes to ecology
[dna] water wrote 61 bytes to ecology
[dna] water wrote 59 bytes to ecology
[dna] water wrote 96 bytes to ecology
[dna] water wrote 48 bytes to ecology
[dna] water wrote 46 bytes to ecology
[dna] water wrote 83 bytes to ecology
[dna] water wrote 27 bytes to ecology
[dna] water wrote 41 bytes to ecology
[dna] water wrote 28 bytes to ecology
[dna] water wrote 47 bytes to ecology
[dna] water wrote 82 bytes to ecology
[dna] water wrote 59 bytes to ecology
[dna] water wrote 54 bytes to ecology
[dna] water wrote 147 bytes to ecology
[dna] water wrote 26 bytes to ecology
[dna] water wrote 40 bytes to ecology
[dna] water wrote 61 bytes to ecology
[dna] water wrote 98 bytes to ecology
[dna] water wrote 117 bytes to ecology
[dna] water wrote 92 bytes to ecology
[dna] water wrote 109 bytes to ecology
[dna] water wrote 156 bytes to ecology
[dna] water wrote 35 bytes to ecology
[dna] water wrote 31 bytes to ecology
[dna] water wrote 151 bytes to ecology
[dna] water wrote 43 bytes to ecology
[dna] water wrote 62 bytes to ecology
[dna] water wrote 45 bytes to ecology
[debug-onto] tick=50 corpus=157090 stage=2 freeze=0
[dna] water wrote 93 bytes to ecology
[dna] water wrote 65 bytes to ecology
[dna] water wrote 74 bytes to ecology
[dna] water wrote 98 bytes to ecology
[dna] water wrote 23 bytes to ecology
[dna] water wrote 75 bytes to ecology
[dna] water wrote 25 bytes to ecology
[dna] water wrote 56 bytes to ecology
[dna] water wrote 42 bytes to ecology
[dna] water wrote 60 bytes to ecology
[dna] water wrote 22 bytes to ecology
[dna] water wrote 27 bytes to ecology
[dna] water wrote 121 bytes to ecology
[dna] water wrote 39 bytes to ecology
[dna] water wrote 99 bytes to ecology
[dna] water wrote 64 bytes to ecology
[dna] water wrote 216 bytes to ecology
[dna] water wrote 26 bytes to ecology
[dna] water wrote 114 bytes to ecology
[dna] water wrote 82 bytes to ecology
[dna] water wrote 96 bytes to ecology
[dna] water wrote 83 bytes to ecology
[dna] water wrote 95 bytes to ecology
[dna] water wrote 66 bytes to ecology
[dna] water wrote 124 bytes to ecology
[dna] water wrote 89 bytes to ecology
[dna] water wrote 105 bytes to ecology
[dna] water wrote 69 bytes to ecology
[dna] water wrote 81 bytes to ecology
[dna] water wrote 47 bytes to ecology
[dna] water wrote 35 bytes to ecology
[dna] water wrote 96 bytes to ecology
[dna] water wrote 35 bytes to ecology
[debug-onto] tick=100 corpus=157090 stage=2 freeze=0
[dna] water wrote 122 bytes to ecology
[dna] water wrote 32 bytes to ecology
[dna] water wrote 27 bytes to ecology
[dna] water wrote 78 bytes to ecology
[dna] water wrote 41 bytes to ecology
[dna] water wrote 215 bytes to ecology
[dna] water wrote 93 bytes to ecology
[dna] water wrote 17 bytes to ecology
[dna] water wrote 230 bytes to ecology
[dna] water wrote 32 bytes to ecology
[dna] water wrote 51 bytes to ecology
[dna] water wrote 92 bytes to ecology
[dna] water wrote 67 bytes to ecology
[dna] water wrote 23 bytes to ecology
[dna] water wrote 35 bytes to ecology
[dna] water wrote 62 bytes to ecology
[dna] water wrote 64 bytes to ecology
[dna] water wrote 107 bytes to ecology
[dna] water wrote 70 bytes to ecology
[dna] water wrote 45 bytes to ecology
[dna] water wrote 33 bytes to ecology
[dna] water wrote 40 bytes to ecology
[dna] water wrote 75 bytes to ecology
[dna] water wrote 35 bytes to ecology
[dna] water wrote 51 bytes to ecology
[dna] water wrote 34 bytes to ecology
[dna] water wrote 21 bytes to ecology
[dna] water wrote 79 bytes to ecology
[dna] water wrote 169 bytes to ecology
[dna] water wrote 28 bytes to ecology
[dna] water wrote 82 bytes to ecology
[dna] water wrote 25 bytes to ecology
[dna] water wrote 77 bytes to ecology
[dna] water wrote 35 bytes to ecology
[debug-onto] tick=150 corpus=157090 stage=2 freeze=0
[dna] water wrote 172 bytes to ecology
[dna] water wrote 36 bytes to ecology
[dna] water wrote 34 bytes to ecology
[dna] water wrote 70 bytes to ecology
[dna] water wrote 110 bytes to ecology
[dna] water wrote 132 bytes to ecology
[dna] water wrote 57 bytes to ecology
[dna] water wrote 30 bytes to ecology
[dna] water wrote 166 bytes to ecology
[dna] water wrote 63 bytes to ecology
[dna] water wrote 32 bytes to ecology
[dna] water wrote 71 bytes to ecology
[dna] water wrote 50 bytes to ecology
[dna] water wrote 59 bytes to ecology
[dna] water wrote 39 bytes to ecology
[dna] water wrote 147 bytes to ecology
[dna] water wrote 42 bytes to ecology
[dna] water wrote 75 bytes to ecology
[dna] water wrote 63 bytes to ecology
[dna] water wrote 123 bytes to ecology
[dna] water wrote 109 bytes to ecology
[dna] water wrote 34 bytes to ecology
[dna] water wrote 30 bytes to ecology
[dna] water wrote 41 bytes to ecology
[dna] water wrote 87 bytes to ecology
[dna] water wrote 61 bytes to ecology
[dna] water wrote 72 bytes to ecology
[dna] water wrote 43 bytes to ecology
[dna] water wrote 104 bytes to ecology
[dna] water wrote 35 bytes to ecology
[dna] water wrote 119 bytes to ecology
[dna] water wrote 67 bytes to ecology
[dna] water wrote 90 bytes to ecology
[debug-onto] tick=200 corpus=157090 stage=2 freeze=0
[dna] water wrote 57 bytes to ecology
[dna] water wrote 22 bytes to ecology
[dna] water wrote 39 bytes to ecology
[dna] water wrote 203 bytes to ecology
[dna] water wrote 37 bytes to ecology
[dna] water wrote 21 bytes to ecology
[dna] water wrote 48 bytes to ecology
[dna] water wrote 79 bytes to ecology
[dna] water wrote 63 bytes to ecology
[dna] water wrote 54 bytes to ecology
[dna] water wrote 226 bytes to ecology
[dna] water wrote 29 bytes to ecology
[dna] water wrote 32 bytes to ecology
[dna] water wrote 14 bytes to ecology
[dna] water wrote 55 bytes to ecology
[dna] water wrote 22 bytes to ecology
[dna] water wrote 99 bytes to ecology
[dna] water wrote 222 bytes to ecology
[dna] water wrote 44 bytes to ecology
[dna] water wrote 16 bytes to ecology
[dna] water wrote 121 bytes to ecology
[dna] water wrote 45 bytes to ecology
[dna] water wrote 38 bytes to ecology
[dna] water wrote 98 bytes to ecology
[dna] water wrote 35 bytes to ecology
[dna] water wrote 19 bytes to ecology
[dna] water wrote 40 bytes to ecology
[dna] water wrote 160 bytes to ecology
[dna] water wrote 91 bytes to ecology
[dna] water wrote 51 bytes to ecology
[dna] water wrote 108 bytes to ecology
[dna] water wrote 29 bytes to ecology
[dna] water wrote 34 bytes to ecology
[debug-onto] tick=250 corpus=157090 stage=2 freeze=0
[dna] water wrote 57 bytes to ecology
[dna] water wrote 79 bytes to ecology
[dna] water wrote 27 bytes to ecology
[dna] water wrote 54 bytes to ecology
[dna] water wrote 105 bytes to ecology
[dna] water wrote 68 bytes to ecology
[dna] water wrote 47 bytes to ecology
[dna] water wrote 48 bytes to ecology
[dna] water wrote 32 bytes to ecology
[dna] water wrote 39 bytes to ecology
[dna] water wrote 70 bytes to ecology
[dna] water wrote 45 bytes to ecology
[dna] water wrote 18 bytes to ecology
[dna] water wrote 24 bytes to ecology
[dna] water wrote 15 bytes to ecology
[dna] water wrote 67 bytes to ecology
[dna] water wrote 153 bytes to ecology
[dna] water wrote 45 bytes to ecology
[dna] water wrote 27 bytes to ecology
[dna] water wrote 60 bytes to ecology
[dna] water wrote 44 bytes to ecology
[dna] water wrote 34 bytes to ecology
[dna] water wrote 33 bytes to ecology
[dna] water wrote 54 bytes to ecology
[dna] water wrote 46 bytes to ecology
[dna] water wrote 24 bytes to ecology
[dna] water wrote 50 bytes to ecology
[dna] water wrote 32 bytes to ecology
[dna] water wrote 29 bytes to ecology
[dna] water wrote 117 bytes to ecology
[dna] water wrote 28 bytes to ecology
[dna] water wrote 36 bytes to ecology
[dna] water wrote 31 bytes to ecology
[dna] water wrote 158 bytes to ecology
[debug-onto] tick=300 corpus=157090 stage=2 freeze=0
[dna] water wrote 50 bytes to ecology
[dna] water wrote 72 bytes to ecology
[dna] water wrote 66 bytes to ecology
[dna] water wrote 48 bytes to ecology
[dna] water wrote 31 bytes to ecology
[dna] water wrote 46 bytes to ecology
[dna] water wrote 148 bytes to ecology
[dna] water wrote 161 bytes to ecology
[dna] water wrote 75 bytes to ecology
[dna] water wrote 86 bytes to ecology
[dna] water wrote 94 bytes to ecology
[dna] water wrote 29 bytes to ecology
[dna] water wrote 39 bytes to ecology
[dna] water wrote 45 bytes to ecology
[dna] water wrote 23 bytes to ecology
[dna] water wrote 17 bytes to ecology
[dna] water wrote 30 bytes to ecology
[dna] water wrote 49 bytes to ecology
[dna] water wrote 70 bytes to ecology
[dna] water wrote 53 bytes to ecology
[dna] water wrote 142 bytes to ecology
[dna] water wrote 67 bytes to ecology
[dna] water wrote 40 bytes to ecology
[dna] water wrote 12 bytes to ecology
[dna] water wrote 86 bytes to ecology
[dna] water wrote 89 bytes to ecology
[dna] water wrote 46 bytes to ecology
[dna] water wrote 124 bytes to ecology
[dna] water wrote 64 bytes to ecology
[dna] water wrote 52 bytes to ecology
[dna] water wrote 29 bytes to ecology
[dna] water wrote 92 bytes to ecology
[dna] water wrote 86 bytes to ecology
[debug-onto] tick=350 corpus=157090 stage=2 freeze=0
[dna] water wrote 64 bytes to ecology
[dna] water wrote 29 bytes to ecology
[dna] water wrote 85 bytes to ecology
[dna] water wrote 46 bytes to ecology
[dna] water wrote 52 bytes to ecology
[dna] water wrote 132 bytes to ecology
[dna] water wrote 45 bytes to ecology
[dna] water wrote 48 bytes to ecology
[dna] water wrote 70 bytes to ecology
[dna] water wrote 31 bytes to ecology
[dna] water wrote 69 bytes to ecology
[dna] water wrote 55 bytes to ecology
[dna] water wrote 49 bytes to ecology
[dna] water wrote 108 bytes to ecology
[dna] water wrote 26 bytes to ecology
[dna] water wrote 56 bytes to ecology
[dna] water wrote 72 bytes to ecology
[dna] water wrote 21 bytes to ecology
[dna] water wrote 77 bytes to ecology
[dna] water wrote 26 bytes to ecology
[dna] water wrote 47 bytes to ecology
[dna] water wrote 92 bytes to ecology
[dna] water wrote 138 bytes to ecology
[dna] water wrote 72 bytes to ecology
[dna] water wrote 82 bytes to ecology
[dna] water wrote 93 bytes to ecology
[dna] water wrote 58 bytes to ecology
[dna] water wrote 46 bytes to ecology
[dna] water wrote 10 bytes to ecology
[dna] water wrote 98 bytes to ecology
[dna] water wrote 119 bytes to ecology
[dna] water wrote 55 bytes to ecology
[dna] water wrote 104 bytes to ecology
[debug-onto] tick=400 corpus=157090 stage=2 freeze=0
[dna] water wrote 50 bytes to ecology
[dna] water wrote 151 bytes to ecology
[dna] water wrote 43 bytes to ecology
[dna] water wrote 63 bytes to ecology
[dna] water wrote 38 bytes to ecology
[dna] water wrote 9 bytes to ecology
[dna] water wrote 140 bytes to ecology
[dna] water wrote 56 bytes to ecology
[dna] water wrote 21 bytes to ecology
[dna] water wrote 22 bytes to ecology
[dna] water wrote 37 bytes to ecology
[dna] water wrote 45 bytes to ecology
[dna] water wrote 72 bytes to ecology
[dna] water wrote 211 bytes to ecology
[dna] water wrote 92 bytes to ecology
[dna] water wrote 6 bytes to ecology
[dna] water wrote 80 bytes to ecology
[dna] water wrote 41 bytes to ecology
[dna] water wrote 123 bytes to ecology
[dna] water wrote 8 bytes to ecology
[dna] water wrote 51 bytes to ecology
[dna] water wrote 44 bytes to ecology
[dna] water wrote 37 bytes to ecology
[dna] water wrote 55 bytes to ecology
[dna] water wrote 165 bytes to ecology
[dna] water wrote 31 bytes to ecology
[dna] water wrote 45 bytes to ecology
[dna] water wrote 51 bytes to ecology
[dna] water wrote 26 bytes to ecology
[dna] water wrote 29 bytes to ecology
[dna] water wrote 85 bytes to ecology
[dna] water wrote 60 bytes to ecology
[dna] water wrote 86 bytes to ecology
[dna] water wrote 127 bytes to ecology
[debug-onto] tick=450 corpus=157090 stage=2 freeze=0
[dna] water wrote 55 bytes to ecology
[dna] water wrote 47 bytes to ecology
[dna] water wrote 49 bytes to ecology
[dna] water wrote 63 bytes to ecology
[dna] water wrote 54 bytes to ecology
[dna] water wrote 206 bytes to ecology
[dna] water wrote 44 bytes to ecology
[dna] water wrote 71 bytes to ecology
[dna] water wrote 127 bytes to ecology
[dna] water wrote 77 bytes to ecology
[dna] water wrote 53 bytes to ecology
[dna] water wrote 28 bytes to ecology
[dna] water wrote 61 bytes to ecology
[dna] water wrote 37 bytes to ecology
[dna] water wrote 45 bytes to ecology
[dna] water wrote 53 bytes to ecology
[dna] water wrote 137 bytes to ecology
[dna] water wrote 73 bytes to ecology
[dna] water wrote 174 bytes to ecology
[dna] water wrote 99 bytes to ecology
[dna] water wrote 37 bytes to ecology
[dna] water wrote 52 bytes to ecology
[dna] water wrote 138 bytes to ecology
[dna] water wrote 63 bytes to ecology
[dna] water wrote 69 bytes to ecology
[dna] water wrote 28 bytes to ecology
[dna] water wrote 123 bytes to ecology
[dna] water wrote 30 bytes to ecology
[dna] water wrote 34 bytes to ecology
[dna] water wrote 66 bytes to ecology
[dna] water wrote 101 bytes to ecology
[dna] water wrote 63 bytes to ecology
[dna] water wrote 42 bytes to ecology
[debug-onto] tick=500 corpus=157090 stage=2 freeze=0
[dna] water wrote 113 bytes to ecology
[dna] water wrote 25 bytes to ecology
[dna] water wrote 49 bytes to ecology
[dna] water wrote 50 bytes to ecology
[dna] water wrote 41 bytes to ecology
[dna] water wrote 55 bytes to ecology
[dna] water wrote 41 bytes to ecology
[dna] water wrote 47 bytes to ecology
[dna] water wrote 42 bytes to ecology
[dna] water wrote 83 bytes to ecology
[dna] water wrote 24 bytes to ecology
[dna] water wrote 40 bytes to ecology
[dna] water wrote 71 bytes to ecology
[dna] water wrote 63 bytes to ecology
[dna] water wrote 108 bytes to ecology
[dna] water wrote 53 bytes to ecology
[dna] water wrote 49 bytes to ecology
[dna] water wrote 39 bytes to ecology
[dna] water wrote 71 bytes to ecology
[dna] water wrote 90 bytes to ecology
[dna] water wrote 100 bytes to ecology
[dna] water wrote 34 bytes to ecology
[dna] water wrote 32 bytes to ecology
[dna] water wrote 74 bytes to ecology
[dna] water wrote 79 bytes to ecology
[dna] water wrote 30 bytes to ecology
[dna] water wrote 95 bytes to ecology
[dna] water wrote 36 bytes to ecology
[dna] water wrote 73 bytes to ecology
[dna] water wrote 28 bytes to ecology
[dna] water wrote 87 bytes to ecology
[dna] water wrote 40 bytes to ecology
[dna] water wrote 29 bytes to ecology
[debug-onto] tick=550 corpus=157090 stage=2 freeze=0
[dna] water wrote 46 bytes to ecology
[dna] water wrote 185 bytes to ecology
[dna] water wrote 111 bytes to ecology
[dna] water wrote 26 bytes to ecology
[dna] water wrote 73 bytes to ecology
[dna] water wrote 33 bytes to ecology
[dna] water wrote 51 bytes to ecology
[dna] water wrote 115 bytes to ecology
[dna] water wrote 42 bytes to ecology
[dna] water wrote 166 bytes to ecology
[dna] water wrote 68 bytes to ecology
[dna] water wrote 62 bytes to ecology
[dna] water wrote 169 bytes to ecology
[dna] water wrote 29 bytes to ecology
[dna] water wrote 32 bytes to ecology
[dna] water wrote 60 bytes to ecology
[dna] water wrote 69 bytes to ecology
[dna] water wrote 63 bytes to ecology
[dna] water wrote 95 bytes to ecology
[dna] water wrote 77 bytes to ecology
[dna] water wrote 20 bytes to ecology
[dna] water wrote 37 bytes to ecology

[evolution] Organism shutting down gracefully.
