[ecology] Element: air → corpus: nonames_air.txt
[evolution] Autonomous evolution mode — organism will grow through all stages without pause.
[ecology] Joined swarm. 1 peer(s) detected.
molequla is alive. [evolution] Autonomous mode — background trainer running. Ctrl+C to stop.
[dna] air wrote 133 bytes to ecology
[dna] air consumed 59284 bytes from 679 files: [earth/gen_1776061307_1.txt earth/gen_1776061309_2.txt earth/gen_1776061312_3.txt earth/gen_1776061315_4.txt earth/gen_1776061317_5.txt earth/gen_1776061320_6.txt earth/gen_1776061323_7.txt earth/gen_1776061325_8.txt earth/gen_1776061328_9.txt earth/gen_1776061331_10.txt earth/gen_1776061333_11.txt earth/gen_1776061336_12.txt earth/gen_1776061338_13.txt earth/gen_1776061341_14.txt earth/gen_1776061344_15.txt earth/gen_1776061346_16.txt earth/gen_1776061349_17.txt earth/gen_1776061351_18.txt earth/gen_1776061354_19.txt earth/gen_1776061357_20.txt earth/gen_1776061359_21.txt earth/gen_1776061362_22.txt earth/gen_1776061364_23.txt earth/gen_1776061367_24.txt earth/gen_1776061369_25.txt earth/gen_1776061372_26.txt earth/gen_1776061374_27.txt earth/gen_1776061377_28.txt earth/gen_1776061380_29.txt earth/gen_1776061382_30.txt earth/gen_1776061385_31.txt earth/gen_1776061387_32.txt earth/gen_1776061390_33.txt earth/gen_1776061392_34.txt earth/gen_1776061395_35.txt earth/gen_1776061397_36.txt earth/gen_1776061400_37.txt earth/gen_1776061402_38.txt earth/gen_1776061405_39.txt earth/gen_1776061408_40.txt earth/gen_1776061410_41.txt earth/gen_1776061413_42.txt earth/gen_1776061415_43.txt earth/gen_1776061418_44.txt earth/gen_1776061420_45.txt earth/gen_1776061423_46.txt earth/gen_1776061425_47.txt earth/gen_1776061428_48.txt earth/gen_1776061431_49.txt earth/gen_1776061433_50.txt earth/gen_1776061436_51.txt earth/gen_1776061438_52.txt earth/gen_1776061441_53.txt earth/gen_1776061443_54.txt earth/gen_1776061446_55.txt earth/gen_1776061448_56.txt earth/gen_1776061451_57.txt earth/gen_1776061454_58.txt earth/gen_1776061456_59.txt earth/gen_1776061459_60.txt earth/gen_1776061461_61.txt earth/gen_1776061464_62.txt earth/gen_1776061466_63.txt earth/gen_1776061469_64.txt earth/gen_1776061472_65.txt earth/gen_1776061474_66.txt earth/gen_1776061477_67.txt earth/gen_1776061479_68.txt earth/gen_1776061482_69.txt earth/gen_1776061485_70.txt earth/gen_1776061487_71.txt earth/gen_1776061490_72.txt earth/gen_1776061492_73.txt earth/gen_1776061495_74.txt earth/gen_1776061498_75.txt earth/gen_1776061500_76.txt earth/gen_1776061503_77.txt earth/gen_1776061505_78.txt earth/gen_1776061508_79.txt earth/gen_1776061511_80.txt earth/gen_1776061513_81.txt earth/gen_1776061516_82.txt earth/gen_1776061518_83.txt earth/gen_1776061521_84.txt earth/gen_1776061524_85.txt earth/gen_1776061526_86.txt earth/gen_1776061529_87.txt earth/gen_1776061532_88.txt earth/gen_1776061534_89.txt earth/gen_1776061537_90.txt earth/gen_1776061539_91.txt earth/gen_1776061542_92.txt earth/gen_1776061545_93.txt earth/gen_1776061547_94.txt earth/gen_1776061550_95.txt earth/gen_1776061552_96.txt earth/gen_1776061555_97.txt earth/gen_1776061558_98.txt earth/gen_1776061560_99.txt earth/gen_1776061563_100.txt earth/gen_1776061565_101.txt earth/gen_1776061568_102.txt earth/gen_1776061571_103.txt earth/gen_1776061573_104.txt earth/gen_1776061576_105.txt earth/gen_1776061579_106.txt earth/gen_1776061581_107.txt earth/gen_1776061584_108.txt earth/gen_1776061586_109.txt earth/gen_1776061589_110.txt earth/gen_1776061592_111.txt earth/gen_1776061594_112.txt earth/gen_1776061597_113.txt earth/gen_1776061599_114.txt earth/gen_1776061602_115.txt earth/gen_1776061605_116.txt earth/gen_1776061607_117.txt earth/gen_1776061610_118.txt earth/gen_1776061612_119.txt earth/gen_1776061615_120.txt earth/gen_1776061618_121.txt earth/gen_1776061620_122.txt earth/gen_1776061623_123.txt earth/gen_1776061625_124.txt earth/gen_1776061628_125.txt earth/gen_1776061630_126.txt earth/gen_1776061633_127.txt earth/gen_1776061636_128.txt earth/gen_1776061638_129.txt earth/gen_1776061641_130.txt earth/gen_1776061643_131.txt earth/gen_1776061646_132.txt earth/gen_1776061649_133.txt earth/gen_1776061651_134.txt earth/gen_1776061654_135.txt earth/gen_1776061656_136.txt earth/gen_1776061659_137.txt earth/gen_1776061661_138.txt earth/gen_1776061664_139.txt earth/gen_1776061667_140.txt earth/gen_1776061669_141.txt earth/gen_1776061672_142.txt earth/gen_1776061675_143.txt earth/gen_1776061677_144.txt earth/gen_1776061680_145.txt earth/gen_1776061683_146.txt earth/gen_1776061685_147.txt earth/gen_1776061688_148.txt earth/gen_1776061690_149.txt earth/gen_1776061693_150.txt earth/gen_1776061695_151.txt earth/gen_1776061698_152.txt earth/gen_1776061701_153.txt earth/gen_1776061703_154.txt earth/gen_1776061706_155.txt earth/gen_1776061708_156.txt earth/gen_1776061711_157.txt earth/gen_1776061713_158.txt earth/gen_1776061716_159.txt earth/gen_1776061719_160.txt earth/gen_1776061721_161.txt earth/gen_1776061724_162.txt earth/gen_1776061726_163.txt earth/gen_1776061729_164.txt earth/gen_1776061731_165.txt earth/gen_1776061734_166.txt earth/gen_1776061737_167.txt earth/gen_1776061739_168.txt earth/gen_1776061742_169.txt earth/gen_1776061744_170.txt earth/gen_1776061747_171.txt earth/gen_1776061749_172.txt earth/gen_1776061752_173.txt earth/gen_1776061754_174.txt earth/gen_1776061757_175.txt earth/gen_1776061759_176.txt earth/gen_1776061762_177.txt earth/gen_1776061764_178.txt earth/gen_1776061767_179.txt earth/gen_1776061769_180.txt earth/gen_1776061772_181.txt earth/gen_1776061775_182.txt earth/gen_1776061777_183.txt earth/gen_1776061780_184.txt earth/gen_1776061782_185.txt earth/gen_1776061785_186.txt earth/gen_1776061787_187.txt earth/gen_1776061790_188.txt earth/gen_1776061793_189.txt earth/gen_1776061795_190.txt earth/gen_1776061798_191.txt earth/gen_1776061800_192.txt earth/gen_1776061803_193.txt earth/gen_1776061806_194.txt earth/gen_1776061808_195.txt earth/gen_1776061811_196.txt earth/gen_1776061813_197.txt earth/gen_1776061816_198.txt earth/gen_1776061819_199.txt earth/gen_1776061821_200.txt earth/gen_1776061824_201.txt earth/gen_1776061826_202.txt earth/gen_1776061829_203.txt earth/gen_1776061831_204.txt earth/gen_1776061834_205.txt earth/gen_1776061837_206.txt earth/gen_1776061839_207.txt earth/gen_1776061842_208.txt earth/gen_1776061844_209.txt earth/gen_1776061847_210.txt earth/gen_1776061850_211.txt earth/gen_1776061852_212.txt earth/gen_1776061855_213.txt earth/gen_1776061858_214.txt earth/gen_1776061860_215.txt earth/gen_1776061863_216.txt earth/gen_1776061865_217.txt earth/gen_1776061868_218.txt earth/gen_1776061870_219.txt earth/gen_1776061873_220.txt earth/gen_1776061876_221.txt earth/gen_1776061878_222.txt earth/gen_1776061881_223.txt earth/gen_1776061884_224.txt earth/gen_1776061886_225.txt earth/gen_1776061889_226.txt earth/gen_1776061891_227.txt earth/gen_1776061894_228.txt earth/gen_1776061897_229.txt earth/gen_1776061899_230.txt earth/gen_1776061902_231.txt earth/gen_1776061904_232.txt earth/gen_1776061907_233.txt earth/gen_1776061910_234.txt earth/gen_1776061912_235.txt earth/gen_1776061915_236.txt earth/gen_1776061917_237.txt earth/gen_1776061920_238.txt earth/gen_1776061922_239.txt earth/gen_1776061925_240.txt earth/gen_1776061927_241.txt earth/gen_1776061930_242.txt earth/gen_1776061932_243.txt earth/gen_1776061935_244.txt earth/gen_1776061938_245.txt earth/gen_1776061940_246.txt earth/gen_1776061943_247.txt earth/gen_1776061945_248.txt earth/gen_1776061948_249.txt earth/gen_1776061950_250.txt earth/gen_1776061953_251.txt earth/gen_1776061955_252.txt earth/gen_1776061958_253.txt earth/gen_1776061961_254.txt earth/gen_1776061963_255.txt earth/gen_1776061966_256.txt earth/gen_1776061968_257.txt earth/gen_1776061971_258.txt earth/gen_1776061974_259.txt earth/gen_1776061976_260.txt earth/gen_1776061979_261.txt earth/gen_1776061982_262.txt earth/gen_1776061984_263.txt earth/gen_1776061987_264.txt earth/gen_1776061989_265.txt earth/gen_1776061992_266.txt earth/gen_1776061995_267.txt earth/gen_1776061997_268.txt earth/gen_1776062000_269.txt earth/gen_1776062002_270.txt earth/gen_1776062005_271.txt earth/gen_1776062008_272.txt earth/gen_1776062010_273.txt earth/gen_1776062013_274.txt earth/gen_1776062015_275.txt earth/gen_1776062018_276.txt earth/gen_1776062021_277.txt earth/gen_1776062023_278.txt earth/gen_1776062026_279.txt earth/gen_1776062028_280.txt earth/gen_1776062031_281.txt earth/gen_1776062034_282.txt earth/gen_1776062036_283.txt earth/gen_1776062039_284.txt earth/gen_1776062041_285.txt earth/gen_1776062044_286.txt earth/gen_1776062047_287.txt earth/gen_1776062049_288.txt earth/gen_1776062052_289.txt earth/gen_1776062054_290.txt earth/gen_1776062057_291.txt earth/gen_1776062060_292.txt earth/gen_1776062062_293.txt earth/gen_1776062065_294.txt earth/gen_1776062067_295.txt earth/gen_1776062070_296.txt earth/gen_1776062073_297.txt earth/gen_1776062075_298.txt earth/gen_1776062078_299.txt earth/gen_1776062080_300.txt earth/gen_1776062083_301.txt earth/gen_1776062086_302.txt earth/gen_1776062088_303.txt earth/gen_1776062091_304.txt earth/gen_1776062093_305.txt earth/gen_1776062096_306.txt earth/gen_1776062098_307.txt earth/gen_1776062101_308.txt earth/gen_1776062103_309.txt earth/gen_1776062106_310.txt earth/gen_1776062109_311.txt earth/gen_1776062111_312.txt earth/gen_1776062114_313.txt earth/gen_1776062116_314.txt earth/gen_1776062119_315.txt earth/gen_1776062121_316.txt earth/gen_1776062124_317.txt earth/gen_1776062127_318.txt earth/gen_1776062129_319.txt earth/gen_1776062132_320.txt earth/gen_1776062134_321.txt earth/gen_1776062137_322.txt earth/gen_1776062139_323.txt earth/gen_1776062142_324.txt earth/gen_1776062144_325.txt earth/gen_1776062147_326.txt earth/gen_1776062150_327.txt earth/gen_1776062152_328.txt earth/gen_1776062155_329.txt earth/gen_1776062157_330.txt earth/gen_1776062160_331.txt earth/gen_1776062163_332.txt earth/gen_1776062165_333.txt earth/gen_1776062168_334.txt earth/gen_1776062170_335.txt earth/gen_1776062173_336.txt earth/gen_1776062176_337.txt earth/gen_1776062178_338.txt earth/gen_1776062181_339.txt earth/gen_1776062183_340.txt earth/gen_1776062186_341.txt earth/gen_1776062188_342.txt earth/gen_1776062191_343.txt earth/gen_1776062194_344.txt earth/gen_1776062196_345.txt earth/gen_1776062199_346.txt earth/gen_1776062201_347.txt earth/gen_1776062204_348.txt earth/gen_1776062206_349.txt earth/gen_1776062209_350.txt earth/gen_1776062212_351.txt earth/gen_1776062214_352.txt earth/gen_1776062217_353.txt earth/gen_1776062219_354.txt earth/gen_1776062222_355.txt earth/gen_1776062224_356.txt earth/gen_1776062227_357.txt earth/gen_1776062229_358.txt earth/gen_1776062232_359.txt earth/gen_1776062234_360.txt earth/gen_1776062237_361.txt earth/gen_1776062239_362.txt earth/gen_1776062242_363.txt earth/gen_1776062245_364.txt earth/gen_1776062247_365.txt earth/gen_1776062250_366.txt earth/gen_1776062252_367.txt earth/gen_1776062255_368.txt earth/gen_1776062257_369.txt earth/gen_1776062260_370.txt earth/gen_1776062262_371.txt earth/gen_1776062265_372.txt earth/gen_1776062267_373.txt earth/gen_1776062270_374.txt earth/gen_1776062273_375.txt earth/gen_1776062275_376.txt earth/gen_1776062278_377.txt earth/gen_1776062280_378.txt earth/gen_1776062283_379.txt earth/gen_1776062286_380.txt earth/gen_1776062288_381.txt earth/gen_1776062291_382.txt earth/gen_1776062293_383.txt earth/gen_1776062296_384.txt earth/gen_1776062299_385.txt earth/gen_1776062301_386.txt earth/gen_1776062304_387.txt earth/gen_1776062306_388.txt earth/gen_1776062309_389.txt earth/gen_1776062311_390.txt earth/gen_1776062314_391.txt earth/gen_1776062317_392.txt earth/gen_1776062319_393.txt earth/gen_1776062322_394.txt earth/gen_1776062324_395.txt earth/gen_1776062327_396.txt earth/gen_1776062330_397.txt earth/gen_1776062332_398.txt earth/gen_1776062335_399.txt earth/gen_1776062337_400.txt earth/gen_1776062340_401.txt earth/gen_1776062343_402.txt earth/gen_1776062345_403.txt earth/gen_1776062348_404.txt earth/gen_1776062351_405.txt earth/gen_1776062353_406.txt earth/gen_1776062356_407.txt earth/gen_1776062358_408.txt earth/gen_1776062361_409.txt earth/gen_1776062363_410.txt earth/gen_1776062366_411.txt earth/gen_1776062369_412.txt earth/gen_1776062371_413.txt earth/gen_1776062374_414.txt earth/gen_1776062377_415.txt earth/gen_1776062379_416.txt earth/gen_1776062382_417.txt earth/gen_1776062384_418.txt earth/gen_1776062387_419.txt earth/gen_1776062389_420.txt earth/gen_1776062392_421.txt earth/gen_1776062395_422.txt earth/gen_1776062397_423.txt earth/gen_1776062400_424.txt earth/gen_1776062403_425.txt earth/gen_1776062405_426.txt earth/gen_1776062408_427.txt earth/gen_1776062411_428.txt earth/gen_1776062413_429.txt earth/gen_1776062416_430.txt earth/gen_1776062418_431.txt earth/gen_1776062421_432.txt earth/gen_1776062424_433.txt earth/gen_1776062426_434.txt earth/gen_1776062429_435.txt earth/gen_1776062432_436.txt earth/gen_1776062434_437.txt earth/gen_1776062437_438.txt earth/gen_1776062440_439.txt earth/gen_1776062442_440.txt earth/gen_1776062445_441.txt earth/gen_1776062448_442.txt earth/gen_1776062450_443.txt earth/gen_1776062453_444.txt earth/gen_1776062456_445.txt earth/gen_1776062458_446.txt earth/gen_1776062461_447.txt earth/gen_1776062464_448.txt earth/gen_1776062466_449.txt earth/gen_1776062469_450.txt earth/gen_1776062472_451.txt earth/gen_1776062474_452.txt earth/gen_1776062477_453.txt earth/gen_1776062480_454.txt earth/gen_1776062483_455.txt earth/gen_1776062485_456.txt earth/gen_1776062488_457.txt earth/gen_1776062490_458.txt earth/gen_1776062493_459.txt earth/gen_1776062496_460.txt earth/gen_1776062498_461.txt earth/gen_1776062501_462.txt earth/gen_1776062504_463.txt earth/gen_1776062506_464.txt earth/gen_1776062509_465.txt earth/gen_1776062512_466.txt earth/gen_1776062514_467.txt earth/gen_1776062517_468.txt earth/gen_1776062520_469.txt earth/gen_1776062522_470.txt earth/gen_1776062525_471.txt earth/gen_1776062527_472.txt earth/gen_1776062530_473.txt earth/gen_1776062533_474.txt earth/gen_1776062535_475.txt earth/gen_1776062538_476.txt earth/gen_1776062541_477.txt earth/gen_1776062543_478.txt earth/gen_1776062546_479.txt earth/gen_1776062549_480.txt earth/gen_1776062551_481.txt earth/gen_1776062554_482.txt earth/gen_1776062556_483.txt earth/gen_1776062559_484.txt earth/gen_1776062562_485.txt earth/gen_1776062564_486.txt earth/gen_1776062567_487.txt earth/gen_1776062570_488.txt earth/gen_1776062572_489.txt earth/gen_1776062575_490.txt earth/gen_1776062578_491.txt earth/gen_1776062581_492.txt earth/gen_1776062583_493.txt earth/gen_1776062586_494.txt earth/gen_1776062588_495.txt earth/gen_1776062591_496.txt earth/gen_1776062594_497.txt earth/gen_1776062596_498.txt earth/gen_1776062599_499.txt earth/gen_1776062601_500.txt earth/gen_1776062604_501.txt earth/gen_1776062607_502.txt earth/gen_1776062609_503.txt earth/gen_1776062612_504.txt earth/gen_1776062615_505.txt earth/gen_1776062617_506.txt earth/gen_1776062620_507.txt earth/gen_1776062622_508.txt earth/gen_1776062625_509.txt earth/gen_1776062628_510.txt earth/gen_1776062630_511.txt earth/gen_1776062633_512.txt earth/gen_1776062635_513.txt earth/gen_1776062638_514.txt earth/gen_1776062641_515.txt earth/gen_1776062643_516.txt earth/gen_1776062646_517.txt earth/gen_1776062648_518.txt earth/gen_1776062651_519.txt earth/gen_1776062653_520.txt earth/gen_1776062656_521.txt earth/gen_1776062659_522.txt earth/gen_1776062661_523.txt earth/gen_1776062664_524.txt earth/gen_1776062666_525.txt earth/gen_1776062669_526.txt earth/gen_1776062672_527.txt earth/gen_1776062674_528.txt earth/gen_1776062677_529.txt earth/gen_1776062679_530.txt earth/gen_1776062682_531.txt earth/gen_1776062685_532.txt earth/gen_1776062687_533.txt earth/gen_1776062690_534.txt earth/gen_1776062692_535.txt earth/gen_1776062695_536.txt earth/gen_1776062698_537.txt earth/gen_1776062700_538.txt earth/gen_1776062703_539.txt earth/gen_1776062705_540.txt earth/gen_1776062708_541.txt earth/gen_1776062711_542.txt earth/gen_1776062713_543.txt earth/gen_1776062716_544.txt earth/gen_1776062718_545.txt earth/gen_1776062721_546.txt earth/gen_1776062724_547.txt earth/gen_1776062726_548.txt earth/gen_1776062729_549.txt earth/gen_1776062731_550.txt earth/gen_1776062734_551.txt earth/gen_1776062737_552.txt earth/gen_1776062739_553.txt earth/gen_1776062742_554.txt earth/gen_1776062745_555.txt earth/gen_1776062747_556.txt earth/gen_1776062750_557.txt earth/gen_1776062752_558.txt earth/gen_1776062755_559.txt earth/gen_1776062758_560.txt earth/gen_1776062760_561.txt earth/gen_1776062763_562.txt earth/gen_1776062766_563.txt earth/gen_1776062768_564.txt earth/gen_1776062771_565.txt earth/gen_1776062774_566.txt earth/gen_1776062776_567.txt earth/gen_1776062779_568.txt earth/gen_1776062782_569.txt earth/gen_1776062784_570.txt earth/gen_1776062787_571.txt earth/gen_1776062790_572.txt earth/gen_1776062792_573.txt earth/gen_1776062795_574.txt earth/gen_1776062797_575.txt earth/gen_1776062800_576.txt earth/gen_1776062803_577.txt earth/gen_1776062805_578.txt earth/gen_1776062808_579.txt earth/gen_1776062811_580.txt earth/gen_1776062813_581.txt earth/gen_1776062816_582.txt earth/gen_1776062819_583.txt earth/gen_1776062821_584.txt earth/gen_1776062824_585.txt earth/gen_1776062827_586.txt earth/gen_1776062829_587.txt earth/gen_1776062832_588.txt earth/gen_1776062835_589.txt earth/gen_1776062837_590.txt earth/gen_1776062840_591.txt earth/gen_1776062842_592.txt earth/gen_1776062845_593.txt earth/gen_1776062848_594.txt earth/gen_1776062850_595.txt earth/gen_1776062853_596.txt earth/gen_1776062856_597.txt earth/gen_1776062858_598.txt earth/gen_1776062861_599.txt earth/gen_1776062864_600.txt earth/gen_1776062866_601.txt earth/gen_1776062869_602.txt earth/gen_1776062872_603.txt earth/gen_1776062874_604.txt earth/gen_1776062877_605.txt earth/gen_1776062880_606.txt earth/gen_1776062882_607.txt earth/gen_1776062885_608.txt earth/gen_1776062888_609.txt earth/gen_1776062890_610.txt earth/gen_1776062893_611.txt earth/gen_1776062896_612.txt earth/gen_1776062898_613.txt earth/gen_1776062901_614.txt earth/gen_1776062903_615.txt earth/gen_1776062906_616.txt earth/gen_1776062909_617.txt earth/gen_1776062911_618.txt earth/gen_1776062914_619.txt earth/gen_1776062917_620.txt earth/gen_1776062919_621.txt earth/gen_1776062922_622.txt earth/gen_1776062925_623.txt earth/gen_1776062927_624.txt earth/gen_1776062930_625.txt earth/gen_1776062933_626.txt earth/gen_1776062935_627.txt earth/gen_1776062938_628.txt earth/gen_1776062941_629.txt earth/gen_1776062943_630.txt earth/gen_1776062946_631.txt earth/gen_1776062948_632.txt earth/gen_1776062951_633.txt earth/gen_1776062954_634.txt earth/gen_1776062956_635.txt earth/gen_1776062959_636.txt earth/gen_1776062962_637.txt earth/gen_1776062964_638.txt earth/gen_1776062967_639.txt earth/gen_1776062970_640.txt earth/gen_1776062972_641.txt earth/gen_1776062975_642.txt earth/gen_1776062978_643.txt earth/gen_1776062980_644.txt earth/gen_1776062983_645.txt earth/gen_1776062986_646.txt earth/gen_1776062988_647.txt earth/gen_1776062991_648.txt earth/gen_1776062993_649.txt earth/gen_1776062996_650.txt earth/gen_1776062999_651.txt earth/gen_1776063001_652.txt earth/gen_1776063004_653.txt earth/gen_1776063007_654.txt earth/gen_1776063009_655.txt earth/gen_1776063012_656.txt earth/gen_1776063015_657.txt earth/gen_1776063017_658.txt earth/gen_1776063020_659.txt earth/gen_1776063022_660.txt earth/gen_1776063025_661.txt earth/gen_1776063028_662.txt earth/gen_1776063030_663.txt earth/gen_1776063033_664.txt earth/gen_1776063036_665.txt earth/gen_1776063038_666.txt earth/gen_1776063041_667.txt earth/gen_1776063044_668.txt earth/gen_1776063046_669.txt earth/gen_1776063049_670.txt earth/gen_1776063052_671.txt earth/gen_1776063054_672.txt earth/gen_1776063057_673.txt earth/gen_1776063060_674.txt earth/gen_1776063062_675.txt earth/gen_1776063065_676.txt earth/gen_1776063067_677.txt earth/gen_1776063070_678.txt earth/gen_1776063073_679.txt]
[trainer] micro-train burst (59284 bytes, novelty 0.01) — and lo, it feeds again.
[syntropy] action=explore | trend=0.0000 | field_dev=-0.030 | purpose_align=-0.016 | lr_mul=1.30
[aml] burst complete: 32 steps, avg loss 2.0891 (memory freed)
[dna] air wrote 92 bytes to ecology
[dna] air wrote 48 bytes to ecology
[dna] air wrote 40 bytes to ecology
[dna] air wrote 57 bytes to ecology
[dna] air wrote 53 bytes to ecology
[dna] air wrote 114 bytes to ecology
[dna] air wrote 44 bytes to ecology
[dna] air wrote 32 bytes to ecology
[dna] air wrote 136 bytes to ecology
[dna] air wrote 97 bytes to ecology
[dna] air wrote 57 bytes to ecology
[dna] air wrote 72 bytes to ecology
[dna] air wrote 67 bytes to ecology
[dna] air wrote 113 bytes to ecology
[dna] air wrote 54 bytes to ecology
[dna] air wrote 94 bytes to ecology
[dna] air wrote 98 bytes to ecology
[dna] air wrote 208 bytes to ecology
[dna] air wrote 30 bytes to ecology
[dna] air wrote 331 bytes to ecology
[debug-onto] tick=50 corpus=182279 stage=2 freeze=0
[dna] air wrote 40 bytes to ecology
[dna] air wrote 61 bytes to ecology
[dna] air wrote 196 bytes to ecology
[dna] air wrote 99 bytes to ecology
[dna] air wrote 107 bytes to ecology
[dna] air wrote 17 bytes to ecology
[dna] air wrote 32 bytes to ecology
[dna] air wrote 107 bytes to ecology
[dna] air wrote 93 bytes to ecology
[dna] air wrote 162 bytes to ecology
[dna] air wrote 31 bytes to ecology
[dna] air wrote 69 bytes to ecology
[dna] air wrote 106 bytes to ecology
[dna] air wrote 48 bytes to ecology
[dna] air wrote 42 bytes to ecology
[dna] air wrote 72 bytes to ecology
[dna] air wrote 111 bytes to ecology
[dna] air wrote 11 bytes to ecology
[dna] air wrote 92 bytes to ecology
[dna] air wrote 34 bytes to ecology
[dna] air wrote 56 bytes to ecology
[dna] air wrote 120 bytes to ecology
[debug-onto] tick=100 corpus=182279 stage=2 freeze=0
[dna] air wrote 50 bytes to ecology
[dna] air wrote 97 bytes to ecology
[dna] air wrote 56 bytes to ecology
[dna] air wrote 83 bytes to ecology
[dna] air wrote 86 bytes to ecology
[dna] air wrote 39 bytes to ecology
[dna] air wrote 64 bytes to ecology
[dna] air wrote 61 bytes to ecology
[dna] air wrote 100 bytes to ecology
[dna] air wrote 30 bytes to ecology
[dna] air wrote 29 bytes to ecology
[dna] air wrote 42 bytes to ecology
[dna] air wrote 40 bytes to ecology
[dna] air wrote 79 bytes to ecology
[dna] air wrote 38 bytes to ecology
[dna] air wrote 33 bytes to ecology
[dna] air wrote 155 bytes to ecology
[dna] air wrote 58 bytes to ecology
[debug-onto] tick=150 corpus=182279 stage=2 freeze=0
[dna] air wrote 36 bytes to ecology
[dna] air wrote 39 bytes to ecology
[dna] air wrote 47 bytes to ecology
[dna] air wrote 46 bytes to ecology
[dna] air wrote 150 bytes to ecology
[dna] air wrote 74 bytes to ecology
[dna] air wrote 46 bytes to ecology
[dna] air wrote 47 bytes to ecology
[dna] air wrote 81 bytes to ecology
[dna] air wrote 95 bytes to ecology
[dna] air wrote 15 bytes to ecology
[dna] air wrote 47 bytes to ecology
[dna] air wrote 63 bytes to ecology
[dna] air wrote 28 bytes to ecology
[dna] air wrote 94 bytes to ecology
[dna] air wrote 106 bytes to ecology
[dna] air wrote 36 bytes to ecology
[dna] air wrote 97 bytes to ecology
[dna] air wrote 80 bytes to ecology
[dna] air wrote 108 bytes to ecology
[dna] air wrote 75 bytes to ecology
[dna] air wrote 87 bytes to ecology
[debug-onto] tick=200 corpus=182279 stage=2 freeze=0
[dna] air wrote 28 bytes to ecology
[dna] air wrote 34 bytes to ecology
[dna] air wrote 215 bytes to ecology
[dna] air wrote 66 bytes to ecology
[dna] air wrote 118 bytes to ecology
[dna] air wrote 45 bytes to ecology
[dna] air wrote 26 bytes to ecology
[dna] air wrote 50 bytes to ecology
[dna] air wrote 75 bytes to ecology
[dna] air wrote 42 bytes to ecology
[dna] air wrote 71 bytes to ecology
[dna] air wrote 84 bytes to ecology
[dna] air wrote 74 bytes to ecology
[dna] air wrote 250 bytes to ecology
[dna] air wrote 31 bytes to ecology
[dna] air wrote 69 bytes to ecology
[dna] air wrote 27 bytes to ecology
[dna] air wrote 14 bytes to ecology
[dna] air wrote 104 bytes to ecology
[dna] air wrote 87 bytes to ecology
[dna] air wrote 47 bytes to ecology
[dna] air wrote 50 bytes to ecology
[dna] air wrote 62 bytes to ecology
[debug-onto] tick=250 corpus=182279 stage=2 freeze=0
[dna] air wrote 77 bytes to ecology
[dna] air wrote 68 bytes to ecology
[dna] air wrote 19 bytes to ecology
[dna] air wrote 48 bytes to ecology
[dna] air wrote 110 bytes to ecology
[dna] air wrote 131 bytes to ecology
[dna] air wrote 38 bytes to ecology
[dna] air wrote 8 bytes to ecology
[dna] air wrote 34 bytes to ecology
[dna] air wrote 88 bytes to ecology
[dna] air wrote 42 bytes to ecology
[dna] air wrote 84 bytes to ecology
[dna] air wrote 78 bytes to ecology
[dna] air wrote 74 bytes to ecology
[dna] air wrote 79 bytes to ecology
[dna] air wrote 26 bytes to ecology
[dna] air wrote 43 bytes to ecology
[dna] air wrote 80 bytes to ecology
[dna] air wrote 9 bytes to ecology
[dna] air wrote 51 bytes to ecology
[debug-onto] tick=300 corpus=182279 stage=2 freeze=0
[dna] air wrote 116 bytes to ecology
[dna] air wrote 11 bytes to ecology
[dna] air wrote 122 bytes to ecology
[dna] air wrote 76 bytes to ecology
[dna] air wrote 14 bytes to ecology
[dna] air wrote 47 bytes to ecology
[dna] air wrote 43 bytes to ecology
[dna] air wrote 90 bytes to ecology
[dna] air wrote 133 bytes to ecology
[dna] air wrote 8 bytes to ecology
[dna] air wrote 87 bytes to ecology
[dna] air wrote 28 bytes to ecology
[dna] air wrote 108 bytes to ecology
[dna] air wrote 76 bytes to ecology
[dna] air wrote 41 bytes to ecology
[dna] air wrote 49 bytes to ecology
[dna] air wrote 55 bytes to ecology
[dna] air wrote 62 bytes to ecology
[dna] air wrote 75 bytes to ecology
[dna] air wrote 31 bytes to ecology
[dna] air wrote 111 bytes to ecology
[debug-onto] tick=350 corpus=182279 stage=2 freeze=0
[dna] air wrote 33 bytes to ecology
[dna] air wrote 80 bytes to ecology
[dna] air wrote 32 bytes to ecology
[dna] air wrote 61 bytes to ecology
[dna] air wrote 37 bytes to ecology
[dna] air wrote 92 bytes to ecology
[dna] air wrote 66 bytes to ecology
[dna] air wrote 93 bytes to ecology
[dna] air wrote 95 bytes to ecology
[dna] air wrote 31 bytes to ecology
[dna] air wrote 220 bytes to ecology
[dna] air wrote 116 bytes to ecology
[dna] air wrote 44 bytes to ecology
[dna] air wrote 114 bytes to ecology
[dna] air wrote 77 bytes to ecology
[dna] air wrote 36 bytes to ecology
[dna] air wrote 42 bytes to ecology
[dna] air wrote 148 bytes to ecology
[debug-onto] tick=400 corpus=182279 stage=2 freeze=0
[dna] air wrote 59 bytes to ecology
[dna] air wrote 34 bytes to ecology
[dna] air wrote 23 bytes to ecology
[dna] air wrote 56 bytes to ecology
[dna] air wrote 152 bytes to ecology
[dna] air wrote 20 bytes to ecology
[dna] air wrote 94 bytes to ecology
[dna] air wrote 137 bytes to ecology
[dna] air wrote 56 bytes to ecology
[dna] air wrote 51 bytes to ecology
[dna] air wrote 46 bytes to ecology
[dna] air wrote 226 bytes to ecology
[dna] air wrote 80 bytes to ecology
[dna] air wrote 119 bytes to ecology
[dna] air wrote 117 bytes to ecology
[dna] air wrote 85 bytes to ecology
[dna] air wrote 108 bytes to ecology
[dna] air wrote 95 bytes to ecology
[dna] air wrote 45 bytes to ecology
[debug-onto] tick=450 corpus=182279 stage=2 freeze=0
[dna] air wrote 15 bytes to ecology
[dna] air wrote 48 bytes to ecology
[dna] air wrote 9 bytes to ecology
[dna] air wrote 68 bytes to ecology
[dna] air wrote 175 bytes to ecology
[dna] air wrote 40 bytes to ecology
[dna] air wrote 36 bytes to ecology
[dna] air wrote 43 bytes to ecology
[dna] air wrote 90 bytes to ecology
[dna] air wrote 65 bytes to ecology
[dna] air wrote 152 bytes to ecology
[dna] air wrote 82 bytes to ecology
[dna] air wrote 72 bytes to ecology
[dna] air wrote 38 bytes to ecology
[dna] air wrote 76 bytes to ecology
[dna] air wrote 90 bytes to ecology
[dna] air wrote 29 bytes to ecology
[dna] air wrote 54 bytes to ecology
[dna] air wrote 36 bytes to ecology
[dna] air wrote 13 bytes to ecology
[debug-onto] tick=500 corpus=182279 stage=2 freeze=0
[dna] air wrote 60 bytes to ecology
[dna] air wrote 86 bytes to ecology
[dna] air wrote 84 bytes to ecology
[dna] air wrote 59 bytes to ecology
[dna] air wrote 45 bytes to ecology

[evolution] Organism shutting down gracefully.
