[ecology] Element: fire → corpus: nonames_fire.txt
[evolution] Autonomous evolution mode — organism will grow through all stages without pause.
[ecology] Joined swarm. 1 peer(s) detected.
molequla is alive. [evolution] Autonomous mode — background trainer running. Ctrl+C to stop.
[dna] fire wrote 23 bytes to ecology
[dna] fire consumed 23178 bytes from 442 files: [water/gen_1776064879_1.txt water/gen_1776064895_4.txt water/gen_1776064903_7.txt water/gen_1776064906_8.txt water/gen_1776064911_10.txt water/gen_1776064914_11.txt water/gen_1776064917_12.txt water/gen_1776064920_13.txt water/gen_1776064923_14.txt water/gen_1776064928_16.txt water/gen_1776064931_17.txt water/gen_1776064934_18.txt water/gen_1776064937_19.txt water/gen_1776064945_22.txt water/gen_1776064948_23.txt water/gen_1776064951_24.txt water/gen_1776064954_25.txt water/gen_1776064962_28.txt water/gen_1776064970_31.txt water/gen_1776064973_32.txt water/gen_1776064979_34.txt water/gen_1776064982_35.txt water/gen_1776064985_36.txt water/gen_1776064987_37.txt water/gen_1776064990_38.txt water/gen_1776064996_40.txt water/gen_1776064999_41.txt water/gen_1776065001_42.txt water/gen_1776065004_43.txt water/gen_1776065007_44.txt water/gen_1776065013_46.txt water/gen_1776065016_47.txt water/gen_1776065021_49.txt water/gen_1776065024_50.txt water/gen_1776065030_52.txt water/gen_1776065039_55.txt water/gen_1776065047_58.txt water/gen_1776065050_59.txt water/gen_1776065053_60.txt water/gen_1776065056_61.txt water/gen_1776065059_62.txt water/gen_1776065064_64.txt water/gen_1776065067_65.txt water/gen_1776065070_66.txt water/gen_1776065073_67.txt water/gen_1776065081_70.txt water/gen_1776065084_71.txt water/gen_1776065087_72.txt water/gen_1776065090_73.txt water/gen_1776065098_76.txt water/gen_1776065101_77.txt water/gen_1776065104_78.txt water/gen_1776065107_79.txt water/gen_1776065110_80.txt water/gen_1776065115_82.txt water/gen_1776065118_83.txt water/gen_1776065124_85.txt water/gen_1776065127_86.txt water/gen_1776065132_88.txt water/gen_1776065135_89.txt water/gen_1776065138_90.txt water/gen_1776065141_91.txt water/gen_1776065144_92.txt water/gen_1776065150_94.txt water/gen_1776065152_95.txt water/gen_1776065155_96.txt water/gen_1776065158_97.txt water/gen_1776065161_98.txt water/gen_1776065167_100.txt water/gen_1776065170_101.txt water/gen_1776065173_102.txt water/gen_1776065175_103.txt water/gen_1776065178_104.txt water/gen_1776065184_106.txt water/gen_1776065187_107.txt water/gen_1776065190_108.txt water/gen_1776065193_109.txt water/gen_1776065196_110.txt water/gen_1776065201_112.txt water/gen_1776065204_113.txt water/gen_1776065207_114.txt water/gen_1776065210_115.txt water/gen_1776065213_116.txt water/gen_1776065218_118.txt water/gen_1776065221_119.txt water/gen_1776065224_120.txt water/gen_1776065227_121.txt water/gen_1776065230_122.txt water/gen_1776065236_124.txt water/gen_1776065238_125.txt water/gen_1776065241_126.txt water/gen_1776065244_127.txt water/gen_1776065247_128.txt water/gen_1776065253_130.txt water/gen_1776065255_131.txt water/gen_1776065261_133.txt water/gen_1776065264_134.txt water/gen_1776065270_136.txt water/gen_1776065272_137.txt water/gen_1776065278_139.txt water/gen_1776065281_140.txt water/gen_1776065286_142.txt water/gen_1776065289_143.txt water/gen_1776065292_144.txt water/gen_1776065295_145.txt water/gen_1776065298_146.txt water/gen_1776065303_148.txt water/gen_1776065309_150.txt water/gen_1776065312_151.txt water/gen_1776065320_154.txt water/gen_1776065323_155.txt water/gen_1776065326_156.txt water/gen_1776065329_157.txt water/gen_1776065332_158.txt water/gen_1776065337_160.txt water/gen_1776065340_161.txt water/gen_1776065346_163.txt water/gen_1776065349_164.txt water/gen_1776065354_166.txt water/gen_1776065363_169.txt water/gen_1776065365_170.txt water/gen_1776065371_172.txt water/gen_1776065374_173.txt water/gen_1776065377_174.txt water/gen_1776065380_175.txt water/gen_1776065382_176.txt water/gen_1776065388_178.txt water/gen_1776065391_179.txt water/gen_1776065394_180.txt water/gen_1776065397_181.txt water/gen_1776065399_182.txt water/gen_1776065405_184.txt water/gen_1776065413_187.txt water/gen_1776065416_188.txt water/gen_1776065422_190.txt water/gen_1776065425_191.txt water/gen_1776065430_193.txt water/gen_1776065439_196.txt water/gen_1776065442_197.txt water/gen_1776065444_198.txt water/gen_1776065447_199.txt water/gen_1776065456_202.txt water/gen_1776065459_203.txt water/gen_1776065461_204.txt water/gen_1776065464_205.txt water/gen_1776065473_208.txt water/gen_1776065481_211.txt water/gen_1776065484_212.txt water/gen_1776065490_214.txt water/gen_1776065492_215.txt water/gen_1776065498_217.txt water/gen_1776065501_218.txt water/gen_1776065507_220.txt water/gen_1776065512_222.txt water/gen_1776065515_223.txt water/gen_1776065523_226.txt water/gen_1776065526_227.txt water/gen_1776065529_228.txt water/gen_1776065532_229.txt water/gen_1776065535_230.txt water/gen_1776065540_232.txt water/gen_1776065543_233.txt water/gen_1776065549_235.txt water/gen_1776065551_236.txt water/gen_1776065557_238.txt water/gen_1776065560_239.txt water/gen_1776065563_240.txt water/gen_1776065566_241.txt water/gen_1776065574_244.txt water/gen_1776065577_245.txt water/gen_1776065580_246.txt water/gen_1776065582_247.txt water/gen_1776065585_248.txt water/gen_1776065591_250.txt water/gen_1776065594_251.txt water/gen_1776065596_252.txt water/gen_1776065599_253.txt water/gen_1776065608_256.txt water/gen_1776065611_257.txt water/gen_1776065613_258.txt water/gen_1776065616_259.txt water/gen_1776065625_262.txt water/gen_1776065627_263.txt water/gen_1776065630_264.txt water/gen_1776065633_265.txt water/gen_1776065636_266.txt water/gen_1776065642_268.txt water/gen_1776065645_269.txt water/gen_1776065650_271.txt water/gen_1776065659_274.txt water/gen_1776065664_276.txt water/gen_1776065667_277.txt water/gen_1776065670_278.txt water/gen_1776065676_280.txt water/gen_1776065678_281.txt water/gen_1776065681_282.txt water/gen_1776065684_283.txt water/gen_1776065687_284.txt water/gen_1776065692_286.txt water/gen_1776065695_287.txt water/gen_1776065698_288.txt water/gen_1776065701_289.txt water/gen_1776065704_290.txt water/gen_1776065709_292.txt water/gen_1776065712_293.txt water/gen_1776065718_295.txt water/gen_1776065726_298.txt water/gen_1776065734_301.txt water/gen_1776065737_302.txt water/gen_1776065743_304.txt water/gen_1776065746_305.txt water/gen_1776065749_306.txt water/gen_1776065751_307.txt water/gen_1776065760_310.txt water/gen_1776065763_311.txt water/gen_1776065768_313.txt water/gen_1776065777_316.txt water/gen_1776065779_317.txt water/gen_1776065782_318.txt water/gen_1776065785_319.txt water/gen_1776065788_320.txt water/gen_1776065793_322.txt water/gen_1776065799_324.txt water/gen_1776065802_325.txt water/gen_1776065805_326.txt water/gen_1776065810_328.txt water/gen_1776065813_329.txt water/gen_1776065819_331.txt water/gen_1776065827_334.txt water/gen_1776065833_336.txt water/gen_1776065836_337.txt water/gen_1776065838_338.txt water/gen_1776065844_340.txt water/gen_1776065853_343.txt water/gen_1776065855_344.txt water/gen_1776065861_346.txt water/gen_1776065864_347.txt water/gen_1776065867_348.txt water/gen_1776065869_349.txt water/gen_1776065872_350.txt water/gen_1776065878_352.txt water/gen_1776065881_353.txt water/gen_1776065886_355.txt water/gen_1776065889_356.txt water/gen_1776065895_358.txt water/gen_1776065898_359.txt water/gen_1776065900_360.txt water/gen_1776065903_361.txt water/gen_1776065912_364.txt water/gen_1776065915_365.txt water/gen_1776065917_366.txt water/gen_1776065920_367.txt water/gen_1776065923_368.txt water/gen_1776065929_370.txt water/gen_1776065931_371.txt water/gen_1776065934_372.txt water/gen_1776065937_373.txt water/gen_1776065940_374.txt water/gen_1776065945_376.txt water/gen_1776065948_377.txt water/gen_1776065951_378.txt water/gen_1776065954_379.txt water/gen_1776065957_380.txt water/gen_1776065962_382.txt water/gen_1776065971_385.txt water/gen_1776065973_386.txt water/gen_1776065979_388.txt water/gen_1776065982_389.txt water/gen_1776065987_391.txt water/gen_1776065990_392.txt water/gen_1776065996_394.txt water/gen_1776065999_395.txt water/gen_1776066002_396.txt water/gen_1776066004_397.txt water/gen_1776066007_398.txt water/gen_1776066013_400.txt water/gen_1776066016_401.txt water/gen_1776066018_402.txt water/gen_1776066021_403.txt water/gen_1776066024_404.txt water/gen_1776066030_406.txt water/gen_1776066033_407.txt water/gen_1776066035_408.txt water/gen_1776066038_409.txt water/gen_1776066041_410.txt water/gen_1776066047_412.txt water/gen_1776066049_413.txt water/gen_1776066055_415.txt water/gen_1776066063_418.txt water/gen_1776066066_419.txt water/gen_1776066069_420.txt water/gen_1776066072_421.txt water/gen_1776066080_424.txt water/gen_1776066083_425.txt water/gen_1776066086_426.txt water/gen_1776066089_427.txt water/gen_1776066091_428.txt water/gen_1776066097_430.txt water/gen_1776066100_431.txt water/gen_1776066102_432.txt water/gen_1776066105_433.txt water/gen_1776066108_434.txt water/gen_1776066114_436.txt water/gen_1776066119_438.txt water/gen_1776066122_439.txt water/gen_1776066125_440.txt water/gen_1776066130_442.txt water/gen_1776066133_443.txt water/gen_1776066136_444.txt water/gen_1776066138_445.txt water/gen_1776066146_448.txt water/gen_1776066149_449.txt water/gen_1776066152_450.txt water/gen_1776066155_451.txt water/gen_1776066157_452.txt water/gen_1776066163_454.txt water/gen_1776066166_455.txt water/gen_1776066169_456.txt water/gen_1776066171_457.txt water/gen_1776066174_458.txt water/gen_1776066180_460.txt water/gen_1776066182_461.txt water/gen_1776066185_462.txt water/gen_1776066188_463.txt water/gen_1776066196_466.txt water/gen_1776066199_467.txt water/gen_1776066202_468.txt water/gen_1776066204_469.txt water/gen_1776066213_472.txt water/gen_1776066215_473.txt water/gen_1776066218_474.txt water/gen_1776066221_475.txt water/gen_1776066224_476.txt water/gen_1776066229_478.txt water/gen_1776066235_480.txt water/gen_1776066237_481.txt water/gen_1776066246_484.txt water/gen_1776066251_486.txt water/gen_1776066254_487.txt water/gen_1776066257_488.txt water/gen_1776066262_490.txt water/gen_1776066265_491.txt water/gen_1776066268_492.txt water/gen_1776066270_493.txt water/gen_1776066279_496.txt water/gen_1776066281_497.txt water/gen_1776066284_498.txt water/gen_1776066287_499.txt water/gen_1776066290_500.txt water/gen_1776066295_502.txt water/gen_1776066301_504.txt water/gen_1776066304_505.txt water/gen_1776066312_508.txt water/gen_1776066315_509.txt water/gen_1776066318_510.txt water/gen_1776066320_511.txt water/gen_1776066323_512.txt water/gen_1776066329_514.txt water/gen_1776066331_515.txt water/gen_1776066334_516.txt water/gen_1776066337_517.txt water/gen_1776066340_518.txt water/gen_1776066345_520.txt water/gen_1776066348_521.txt water/gen_1776066353_523.txt water/gen_1776066356_524.txt water/gen_1776066362_526.txt water/gen_1776066367_528.txt water/gen_1776066370_529.txt water/gen_1776066378_532.txt water/gen_1776066381_533.txt water/gen_1776066384_534.txt water/gen_1776066387_535.txt water/gen_1776066389_536.txt water/gen_1776066395_538.txt water/gen_1776066400_540.txt water/gen_1776066403_541.txt water/gen_1776066411_544.txt water/gen_1776066414_545.txt water/gen_1776066417_546.txt water/gen_1776066420_547.txt water/gen_1776066422_548.txt water/gen_1776066428_550.txt water/gen_1776066431_551.txt water/gen_1776066436_553.txt water/gen_1776066439_554.txt water/gen_1776066445_556.txt water/gen_1776066447_557.txt water/gen_1776066450_558.txt water/gen_1776066453_559.txt water/gen_1776066461_562.txt water/gen_1776066464_563.txt water/gen_1776066467_564.txt water/gen_1776066470_565.txt water/gen_1776066473_566.txt water/gen_1776066478_568.txt water/gen_1776066484_570.txt water/gen_1776066487_571.txt water/gen_1776066495_574.txt water/gen_1776066501_576.txt water/gen_1776066503_577.txt water/gen_1776066512_580.txt water/gen_1776066514_581.txt water/gen_1776066520_583.txt water/gen_1776066528_586.txt water/gen_1776066536_589.txt water/gen_1776066544_592.txt water/gen_1776066547_593.txt water/gen_1776066550_594.txt water/gen_1776066553_595.txt water/gen_1776066555_596.txt water/gen_1776066561_598.txt water/gen_1776066563_599.txt water/gen_1776066569_601.txt water/gen_1776066572_602.txt water/gen_1776066577_604.txt water/gen_1776066580_605.txt water/gen_1776066583_606.txt water/gen_1776066585_607.txt water/gen_1776066588_608.txt water/gen_1776066594_610.txt water/gen_1776066596_611.txt water/gen_1776066599_612.txt water/gen_1776066602_613.txt water/gen_1776066604_614.txt water/gen_1776066610_616.txt water/gen_1776066613_617.txt water/gen_1776066618_619.txt water/gen_1776066626_622.txt water/gen_1776066632_624.txt water/gen_1776066634_625.txt water/gen_1776066637_626.txt water/gen_1776066642_628.txt water/gen_1776066645_629.txt water/gen_1776066648_630.txt water/gen_1776066651_631.txt water/gen_1776066653_632.txt water/gen_1776066659_634.txt water/gen_1776066662_635.txt water/gen_1776066664_636.txt water/gen_1776066667_637.txt water/gen_1776066670_638.txt]
[trainer] micro-train burst (23178 bytes, novelty 0.03) — and lo, it feeds again.
[syntropy] action=explore | trend=0.0000 | field_dev=0.002 | purpose_align=-0.002 | lr_mul=1.30
[aml] burst complete: 32 steps, avg loss 1.7100 (memory freed)
[dna] fire wrote 57 bytes to ecology
[dna] fire wrote 49 bytes to ecology
[dna] fire wrote 81 bytes to ecology
[dna] fire wrote 5 bytes to ecology
[dna] fire wrote 42 bytes to ecology
[dna] fire wrote 105 bytes to ecology
[dna] fire wrote 31 bytes to ecology
[dna] fire wrote 82 bytes to ecology
[dna] fire wrote 112 bytes to ecology
[dna] fire wrote 46 bytes to ecology
[dna] fire wrote 55 bytes to ecology
[dna] fire wrote 141 bytes to ecology
[dna] fire wrote 65 bytes to ecology
[dna] fire wrote 32 bytes to ecology
[dna] fire wrote 41 bytes to ecology
[dna] fire wrote 36 bytes to ecology
[dna] fire wrote 26 bytes to ecology
[dna] fire wrote 44 bytes to ecology
[dna] fire wrote 37 bytes to ecology
[debug-onto] tick=50 corpus=145520 stage=2 freeze=0
[dna] fire wrote 14 bytes to ecology
[dna] fire wrote 39 bytes to ecology
[dna] fire wrote 74 bytes to ecology
[dna] fire wrote 34 bytes to ecology
[dna] fire wrote 72 bytes to ecology
[dna] fire wrote 59 bytes to ecology
[dna] fire wrote 82 bytes to ecology
[dna] fire wrote 13 bytes to ecology
[dna] fire wrote 30 bytes to ecology
[dna] fire wrote 127 bytes to ecology
[dna] fire wrote 51 bytes to ecology
[dna] fire wrote 26 bytes to ecology
[dna] fire wrote 14 bytes to ecology
[dna] fire wrote 9 bytes to ecology
[dna] fire wrote 91 bytes to ecology
[dna] fire wrote 51 bytes to ecology
[dna] fire wrote 92 bytes to ecology
[dna] fire wrote 40 bytes to ecology
[dna] fire wrote 41 bytes to ecology
[dna] fire wrote 49 bytes to ecology
[dna] fire wrote 148 bytes to ecology
[debug-onto] tick=100 corpus=145520 stage=2 freeze=0
[dna] fire wrote 19 bytes to ecology
[dna] fire wrote 53 bytes to ecology
[dna] fire wrote 37 bytes to ecology
[dna] fire wrote 36 bytes to ecology
[dna] fire wrote 33 bytes to ecology
[dna] fire wrote 47 bytes to ecology
[dna] fire wrote 46 bytes to ecology
[dna] fire wrote 17 bytes to ecology
[dna] fire wrote 15 bytes to ecology
[dna] fire wrote 12 bytes to ecology
[dna] fire wrote 6 bytes to ecology
[dna] fire wrote 14 bytes to ecology
[dna] fire wrote 37 bytes to ecology
[dna] fire wrote 31 bytes to ecology
[dna] fire wrote 67 bytes to ecology
[dna] fire wrote 90 bytes to ecology
[dna] fire wrote 77 bytes to ecology
[dna] fire wrote 123 bytes to ecology
[dna] fire wrote 17 bytes to ecology
[dna] fire wrote 128 bytes to ecology
[debug-onto] tick=150 corpus=145520 stage=2 freeze=0
[dna] fire wrote 128 bytes to ecology
[dna] fire wrote 14 bytes to ecology
[dna] fire wrote 39 bytes to ecology
[dna] fire wrote 29 bytes to ecology
[dna] fire wrote 45 bytes to ecology
[dna] fire wrote 92 bytes to ecology
[dna] fire wrote 86 bytes to ecology
[dna] fire wrote 55 bytes to ecology
[dna] fire wrote 36 bytes to ecology
[dna] fire wrote 58 bytes to ecology
[dna] fire wrote 64 bytes to ecology
[dna] fire wrote 57 bytes to ecology
[dna] fire wrote 23 bytes to ecology
[dna] fire wrote 66 bytes to ecology
[dna] fire wrote 94 bytes to ecology
[dna] fire wrote 46 bytes to ecology
[dna] fire wrote 64 bytes to ecology
[dna] fire wrote 132 bytes to ecology
[debug-onto] tick=200 corpus=145520 stage=2 freeze=0
[dna] fire wrote 97 bytes to ecology
[dna] fire wrote 31 bytes to ecology
[dna] fire wrote 93 bytes to ecology
[dna] fire wrote 126 bytes to ecology
[dna] fire wrote 53 bytes to ecology
[dna] fire wrote 21 bytes to ecology
[dna] fire wrote 97 bytes to ecology
[dna] fire wrote 115 bytes to ecology
[dna] fire wrote 86 bytes to ecology
[dna] fire wrote 87 bytes to ecology
[dna] fire wrote 21 bytes to ecology
[dna] fire wrote 67 bytes to ecology
[dna] fire wrote 68 bytes to ecology
[dna] fire wrote 44 bytes to ecology
[dna] fire wrote 213 bytes to ecology
[dna] fire wrote 103 bytes to ecology
[dna] fire wrote 41 bytes to ecology
[dna] fire wrote 27 bytes to ecology
[dna] fire wrote 30 bytes to ecology
[dna] fire wrote 67 bytes to ecology
[debug-onto] tick=250 corpus=145520 stage=2 freeze=0
[dna] fire wrote 66 bytes to ecology
[dna] fire wrote 27 bytes to ecology
[dna] fire wrote 6 bytes to ecology
[dna] fire wrote 106 bytes to ecology
[dna] fire wrote 17 bytes to ecology
[dna] fire wrote 38 bytes to ecology
[dna] fire wrote 112 bytes to ecology
[dna] fire wrote 97 bytes to ecology
[dna] fire wrote 69 bytes to ecology
[dna] fire wrote 27 bytes to ecology
[dna] fire wrote 43 bytes to ecology
[dna] fire wrote 25 bytes to ecology
[dna] fire wrote 15 bytes to ecology
[dna] fire wrote 132 bytes to ecology
[dna] fire wrote 48 bytes to ecology
[dna] fire wrote 27 bytes to ecology
[dna] fire wrote 52 bytes to ecology
[debug-onto] tick=300 corpus=145520 stage=2 freeze=0
[dna] fire wrote 58 bytes to ecology
[dna] fire wrote 147 bytes to ecology
[dna] fire wrote 138 bytes to ecology
[dna] fire wrote 24 bytes to ecology
[dna] fire wrote 31 bytes to ecology
[dna] fire wrote 229 bytes to ecology
[dna] fire wrote 61 bytes to ecology
[dna] fire wrote 120 bytes to ecology
[dna] fire wrote 77 bytes to ecology
[dna] fire wrote 122 bytes to ecology
[dna] fire wrote 68 bytes to ecology
[dna] fire wrote 76 bytes to ecology
[dna] fire wrote 32 bytes to ecology
[dna] fire wrote 49 bytes to ecology
[dna] fire wrote 82 bytes to ecology
[dna] fire wrote 40 bytes to ecology
[dna] fire wrote 54 bytes to ecology
[dna] fire wrote 34 bytes to ecology
[dna] fire wrote 34 bytes to ecology
[debug-onto] tick=350 corpus=145520 stage=2 freeze=0
[dna] fire wrote 203 bytes to ecology
[dna] fire wrote 74 bytes to ecology
[dna] fire wrote 96 bytes to ecology
[dna] fire wrote 76 bytes to ecology
[dna] fire wrote 78 bytes to ecology
[dna] fire wrote 36 bytes to ecology
[dna] fire wrote 32 bytes to ecology
[dna] fire wrote 36 bytes to ecology
[dna] fire wrote 128 bytes to ecology
[dna] fire wrote 28 bytes to ecology
[dna] fire wrote 102 bytes to ecology
[dna] fire wrote 27 bytes to ecology
[dna] fire wrote 44 bytes to ecology
[dna] fire wrote 29 bytes to ecology
[dna] fire wrote 63 bytes to ecology
[dna] fire wrote 136 bytes to ecology
[dna] fire wrote 133 bytes to ecology
[dna] fire wrote 67 bytes to ecology
[dna] fire wrote 20 bytes to ecology
[dna] fire wrote 31 bytes to ecology
[debug-onto] tick=400 corpus=145520 stage=2 freeze=0
[dna] fire wrote 67 bytes to ecology
[dna] fire wrote 72 bytes to ecology
[dna] fire wrote 71 bytes to ecology
[dna] fire wrote 80 bytes to ecology
[dna] fire wrote 101 bytes to ecology
[dna] fire wrote 51 bytes to ecology
[dna] fire wrote 74 bytes to ecology
[dna] fire wrote 17 bytes to ecology
[dna] fire wrote 98 bytes to ecology
[dna] fire wrote 9 bytes to ecology
[dna] fire wrote 69 bytes to ecology
[dna] fire wrote 103 bytes to ecology
[dna] fire wrote 40 bytes to ecology
[dna] fire wrote 36 bytes to ecology
[dna] fire wrote 70 bytes to ecology
[dna] fire wrote 90 bytes to ecology
[dna] fire wrote 31 bytes to ecology
[dna] fire wrote 23 bytes to ecology
[dna] fire wrote 110 bytes to ecology
[dna] fire wrote 41 bytes to ecology
[dna] fire wrote 35 bytes to ecology
[debug-onto] tick=450 corpus=145520 stage=2 freeze=0
[dna] fire wrote 39 bytes to ecology
[dna] fire wrote 18 bytes to ecology
[dna] fire wrote 71 bytes to ecology
[dna] fire wrote 22 bytes to ecology
[dna] fire wrote 77 bytes to ecology
[dna] fire wrote 81 bytes to ecology
[dna] fire wrote 143 bytes to ecology
[dna] fire wrote 32 bytes to ecology
[dna] fire wrote 25 bytes to ecology
[dna] fire wrote 29 bytes to ecology
[dna] fire wrote 43 bytes to ecology
[dna] fire wrote 37 bytes to ecology
[dna] fire wrote 101 bytes to ecology
[dna] fire wrote 22 bytes to ecology
[dna] fire wrote 14 bytes to ecology
[dna] fire wrote 35 bytes to ecology
[dna] fire wrote 73 bytes to ecology
[dna] fire wrote 24 bytes to ecology
[dna] fire wrote 70 bytes to ecology
[debug-onto] tick=500 corpus=145520 stage=2 freeze=0
[dna] fire wrote 43 bytes to ecology
[dna] fire wrote 26 bytes to ecology
[dna] fire wrote 37 bytes to ecology
[dna] fire wrote 22 bytes to ecology
[dna] fire wrote 36 bytes to ecology
[dna] fire wrote 25 bytes to ecology
[dna] fire wrote 40 bytes to ecology
[dna] fire wrote 63 bytes to ecology
[dna] fire wrote 72 bytes to ecology
[dna] fire wrote 73 bytes to ecology
[dna] fire wrote 41 bytes to ecology
[dna] fire wrote 57 bytes to ecology
[dna] fire wrote 43 bytes to ecology
[dna] fire wrote 51 bytes to ecology
[dna] fire wrote 24 bytes to ecology
[dna] fire wrote 135 bytes to ecology
[dna] fire wrote 57 bytes to ecology
[dna] fire wrote 73 bytes to ecology
[dna] fire wrote 62 bytes to ecology
[dna] fire wrote 21 bytes to ecology
[dna] fire wrote 176 bytes to ecology
[debug-onto] tick=550 corpus=145520 stage=2 freeze=0
[dna] fire wrote 15 bytes to ecology
[dna] fire wrote 79 bytes to ecology
[dna] fire wrote 122 bytes to ecology
[dna] fire wrote 29 bytes to ecology
[dna] fire wrote 54 bytes to ecology
[dna] fire wrote 68 bytes to ecology
[dna] fire wrote 26 bytes to ecology
[dna] fire wrote 38 bytes to ecology
[dna] fire wrote 33 bytes to ecology
[dna] fire wrote 35 bytes to ecology
[dna] fire wrote 54 bytes to ecology
[dna] fire wrote 58 bytes to ecology
[dna] fire wrote 52 bytes to ecology
[dna] fire wrote 65 bytes to ecology
[dna] fire wrote 26 bytes to ecology
[dna] fire wrote 91 bytes to ecology
[dna] fire wrote 38 bytes to ecology
[dna] fire wrote 60 bytes to ecology
[dna] fire wrote 102 bytes to ecology
[dna] fire wrote 121 bytes to ecology
[dna] fire wrote 64 bytes to ecology
[dna] fire wrote 16 bytes to ecology
[debug-onto] tick=600 corpus=145520 stage=2 freeze=0
[dna] fire wrote 96 bytes to ecology
[dna] fire wrote 38 bytes to ecology
[dna] fire wrote 33 bytes to ecology
[dna] fire wrote 131 bytes to ecology
[dna] fire wrote 49 bytes to ecology
[dna] fire wrote 85 bytes to ecology
[dna] fire wrote 44 bytes to ecology
[dna] fire wrote 59 bytes to ecology
[dna] fire wrote 67 bytes to ecology
[dna] fire wrote 29 bytes to ecology
[dna] fire wrote 50 bytes to ecology
[dna] fire wrote 63 bytes to ecology
[dna] fire wrote 100 bytes to ecology
[dna] fire wrote 104 bytes to ecology
[dna] fire wrote 74 bytes to ecology
[dna] fire wrote 42 bytes to ecology
[dna] fire wrote 71 bytes to ecology
[dna] fire wrote 41 bytes to ecology
[dna] fire wrote 95 bytes to ecology
[dna] fire wrote 37 bytes to ecology
[debug-onto] tick=650 corpus=145520 stage=2 freeze=0
[dna] fire wrote 57 bytes to ecology
[dna] fire wrote 63 bytes to ecology
[dna] fire wrote 44 bytes to ecology

[evolution] Organism shutting down gracefully.
