[ecology] Element: water → corpus: nonames_water.txt
[evolution] Autonomous evolution mode — organism will grow through all stages without pause.
[ecology] Joined swarm. 1 peer(s) detected.
molequla is alive. [evolution] Autonomous mode — background trainer running. Ctrl+C to stop.
[dna] water wrote 173 bytes to ecology
[dna] water consumed 15137 bytes from 209 files: [air/gen_1776063079_1.txt air/gen_1776063100_4.txt air/gen_1776063103_5.txt air/gen_1776063110_7.txt air/gen_1776063121_10.txt air/gen_1776063131_13.txt air/gen_1776063142_16.txt air/gen_1776063152_19.txt air/gen_1776063163_22.txt air/gen_1776063166_23.txt air/gen_1776063173_25.txt air/gen_1776063184_28.txt air/gen_1776063194_31.txt air/gen_1776063205_34.txt air/gen_1776063215_37.txt air/gen_1776063226_40.txt air/gen_1776063233_42.txt air/gen_1776063236_43.txt air/gen_1776063247_46.txt air/gen_1776063253_48.txt air/gen_1776063257_49.txt air/gen_1776063267_52.txt air/gen_1776063278_55.txt air/gen_1776063288_58.txt air/gen_1776063295_60.txt air/gen_1776063299_61.txt air/gen_1776063309_64.txt air/gen_1776063316_66.txt air/gen_1776063319_67.txt air/gen_1776063330_70.txt air/gen_1776063337_72.txt air/gen_1776063340_73.txt air/gen_1776063351_76.txt air/gen_1776063361_79.txt air/gen_1776063372_82.txt air/gen_1776063378_84.txt air/gen_1776063382_85.txt air/gen_1776063392_88.txt air/gen_1776063403_91.txt air/gen_1776063413_94.txt air/gen_1776063420_96.txt air/gen_1776063423_97.txt air/gen_1776063434_100.txt air/gen_1776063444_103.txt air/gen_1776063454_106.txt air/gen_1776063458_107.txt air/gen_1776063465_109.txt air/gen_1776063475_112.txt air/gen_1776063486_115.txt air/gen_1776063496_118.txt air/gen_1776063506_121.txt air/gen_1776063517_124.txt air/gen_1776063527_127.txt air/gen_1776063538_130.txt air/gen_1776063548_133.txt air/gen_1776063558_136.txt air/gen_1776063569_139.txt air/gen_1776063579_142.txt air/gen_1776063586_144.txt air/gen_1776063589_145.txt air/gen_1776063600_148.txt air/gen_1776063610_151.txt air/gen_1776063621_154.txt air/gen_1776063631_157.txt air/gen_1776063641_160.txt air/gen_1776063645_161.txt air/gen_1776063648_162.txt air/gen_1776063652_163.txt air/gen_1776063662_166.txt air/gen_1776063673_169.txt air/gen_1776063683_172.txt air/gen_1776063693_175.txt air/gen_1776063704_178.txt air/gen_1776063714_181.txt air/gen_1776063725_184.txt air/gen_1776063728_185.txt air/gen_1776063732_186.txt air/gen_1776063735_187.txt air/gen_1776063745_190.txt air/gen_1776063756_193.txt air/gen_1776063766_196.txt air/gen_1776063773_198.txt air/gen_1776063777_199.txt air/gen_1776063787_202.txt air/gen_1776063794_204.txt air/gen_1776063797_205.txt air/gen_1776063808_208.txt air/gen_1776063815_210.txt air/gen_1776063818_211.txt air/gen_1776063829_214.txt air/gen_1776063839_217.txt air/gen_1776063849_220.txt air/gen_1776063856_222.txt air/gen_1776063860_223.txt air/gen_1776063870_226.txt air/gen_1776063877_228.txt air/gen_1776063881_229.txt air/gen_1776063891_232.txt air/gen_1776063902_235.txt air/gen_1776063912_238.txt air/gen_1776063916_239.txt air/gen_1776063923_241.txt air/gen_1776063933_244.txt air/gen_1776063940_246.txt air/gen_1776063944_247.txt air/gen_1776063955_250.txt air/gen_1776063962_252.txt air/gen_1776063965_253.txt air/gen_1776063976_256.txt air/gen_1776063982_258.txt air/gen_1776063986_259.txt air/gen_1776063996_262.txt air/gen_1776064003_264.txt air/gen_1776064007_265.txt air/gen_1776064018_268.txt air/gen_1776064028_271.txt air/gen_1776064038_274.txt air/gen_1776064049_277.txt air/gen_1776064059_280.txt air/gen_1776064066_282.txt air/gen_1776064070_283.txt air/gen_1776064080_286.txt air/gen_1776064091_289.txt air/gen_1776064101_292.txt air/gen_1776064112_295.txt air/gen_1776064122_298.txt air/gen_1776064132_301.txt air/gen_1776064143_304.txt air/gen_1776064153_307.txt air/gen_1776064164_310.txt air/gen_1776064171_312.txt air/gen_1776064174_313.txt air/gen_1776064185_316.txt air/gen_1776064195_319.txt air/gen_1776064206_322.txt air/gen_1776064209_323.txt air/gen_1776064216_325.txt air/gen_1776064227_328.txt air/gen_1776064234_330.txt air/gen_1776064237_331.txt air/gen_1776064248_334.txt air/gen_1776064258_337.txt air/gen_1776064268_340.txt air/gen_1776064279_343.txt air/gen_1776064290_346.txt air/gen_1776064297_348.txt air/gen_1776064300_349.txt air/gen_1776064311_352.txt air/gen_1776064321_355.txt air/gen_1776064332_358.txt air/gen_1776064342_361.txt air/gen_1776064353_364.txt air/gen_1776064363_367.txt air/gen_1776064374_370.txt air/gen_1776064384_373.txt air/gen_1776064395_376.txt air/gen_1776064405_379.txt air/gen_1776064416_382.txt air/gen_1776064426_385.txt air/gen_1776064436_388.txt air/gen_1776064443_390.txt air/gen_1776064447_391.txt air/gen_1776064457_394.txt air/gen_1776064468_397.txt air/gen_1776064478_400.txt air/gen_1776064489_403.txt air/gen_1776064499_406.txt air/gen_1776064506_408.txt air/gen_1776064509_409.txt air/gen_1776064520_412.txt air/gen_1776064527_414.txt air/gen_1776064530_415.txt air/gen_1776064541_418.txt air/gen_1776064551_421.txt air/gen_1776064561_424.txt air/gen_1776064572_427.txt air/gen_1776064582_430.txt air/gen_1776064593_433.txt air/gen_1776064603_436.txt air/gen_1776064610_438.txt air/gen_1776064614_439.txt air/gen_1776064624_442.txt air/gen_1776064635_445.txt air/gen_1776064645_448.txt air/gen_1776064656_451.txt air/gen_1776064666_454.txt air/gen_1776064677_457.txt air/gen_1776064687_460.txt air/gen_1776064698_463.txt air/gen_1776064709_466.txt air/gen_1776064712_467.txt air/gen_1776064719_469.txt air/gen_1776064730_472.txt air/gen_1776064740_475.txt air/gen_1776064751_478.txt air/gen_1776064761_481.txt air/gen_1776064772_484.txt air/gen_1776064779_486.txt air/gen_1776064782_487.txt air/gen_1776064793_490.txt air/gen_1776064800_492.txt air/gen_1776064803_493.txt air/gen_1776064813_496.txt air/gen_1776064824_499.txt air/gen_1776064834_502.txt air/gen_1776064841_504.txt air/gen_1776064844_505.txt air/gen_1776064855_508.txt air/gen_1776064865_511.txt]
[trainer] micro-train burst (15137 bytes, novelty 0.05) — and lo, it feeds again.
[syntropy] action=explore | trend=0.0000 | field_dev=0.019 | purpose_align=-0.012 | lr_mul=1.30
[aml] burst complete: 32 steps, avg loss 1.4970 (memory freed)
[trainer] growing new delta module (total: 2) — new soul appended.
[dna] water wrote 87 bytes to ecology
[dna] water wrote 65 bytes to ecology
[dna] water wrote 8 bytes to ecology
[dna] water wrote 18 bytes to ecology
[dna] water wrote 21 bytes to ecology
[dna] water wrote 68 bytes to ecology
[dna] water wrote 43 bytes to ecology
[dna] water wrote 43 bytes to ecology
[dna] water wrote 34 bytes to ecology
[dna] water wrote 123 bytes to ecology
[dna] water wrote 50 bytes to ecology
[dna] water wrote 14 bytes to ecology
[dna] water wrote 34 bytes to ecology
[dna] water wrote 51 bytes to ecology
[dna] water wrote 7 bytes to ecology
[dna] water wrote 102 bytes to ecology
[dna] water wrote 42 bytes to ecology
[dna] water wrote 59 bytes to ecology
[dna] water wrote 62 bytes to ecology
[dna] water wrote 36 bytes to ecology
[dna] water wrote 50 bytes to ecology
[dna] water wrote 27 bytes to ecology
[dna] water wrote 25 bytes to ecology
[dna] water wrote 55 bytes to ecology
[dna] water wrote 67 bytes to ecology
[dna] water wrote 33 bytes to ecology
[dna] water wrote 42 bytes to ecology
[dna] water wrote 28 bytes to ecology
[dna] water wrote 60 bytes to ecology
[dna] water wrote 109 bytes to ecology
[dna] water wrote 14 bytes to ecology
[dna] water wrote 14 bytes to ecology
[dna] water wrote 65 bytes to ecology
[debug-onto] tick=50 corpus=141043 stage=2 freeze=0
[dna] water wrote 84 bytes to ecology
[dna] water wrote 33 bytes to ecology
[dna] water wrote 32 bytes to ecology
[dna] water wrote 48 bytes to ecology
[dna] water wrote 128 bytes to ecology
[dna] water wrote 36 bytes to ecology
[dna] water wrote 146 bytes to ecology
[dna] water wrote 51 bytes to ecology
[dna] water wrote 52 bytes to ecology
[dna] water wrote 20 bytes to ecology
[dna] water wrote 57 bytes to ecology
[dna] water wrote 137 bytes to ecology
[dna] water wrote 18 bytes to ecology
[dna] water wrote 38 bytes to ecology
[dna] water wrote 50 bytes to ecology
[dna] water wrote 29 bytes to ecology
[dna] water wrote 116 bytes to ecology
[dna] water wrote 13 bytes to ecology
[dna] water wrote 51 bytes to ecology
[dna] water wrote 35 bytes to ecology
[dna] water wrote 22 bytes to ecology
[dna] water wrote 15 bytes to ecology
[dna] water wrote 93 bytes to ecology
[dna] water wrote 13 bytes to ecology
[dna] water wrote 52 bytes to ecology
[dna] water wrote 104 bytes to ecology
[dna] water wrote 47 bytes to ecology
[dna] water wrote 35 bytes to ecology
[dna] water wrote 51 bytes to ecology
[dna] water wrote 21 bytes to ecology
[dna] water wrote 10 bytes to ecology
[dna] water wrote 34 bytes to ecology
[dna] water wrote 32 bytes to ecology
[dna] water wrote 13 bytes to ecology
[dna] water wrote 29 bytes to ecology
[debug-onto] tick=100 corpus=141043 stage=2 freeze=0
[dna] water wrote 93 bytes to ecology
[dna] water wrote 28 bytes to ecology
[dna] water wrote 52 bytes to ecology
[dna] water wrote 48 bytes to ecology
[dna] water wrote 51 bytes to ecology
[dna] water wrote 154 bytes to ecology
[dna] water wrote 30 bytes to ecology
[dna] water wrote 33 bytes to ecology
[dna] water wrote 83 bytes to ecology
[dna] water wrote 24 bytes to ecology
[dna] water wrote 13 bytes to ecology
[dna] water wrote 27 bytes to ecology
[dna] water wrote 37 bytes to ecology
[dna] water wrote 22 bytes to ecology
[dna] water wrote 57 bytes to ecology
[dna] water wrote 38 bytes to ecology
[dna] water wrote 59 bytes to ecology
[dna] water wrote 90 bytes to ecology
[dna] water wrote 27 bytes to ecology
[dna] water wrote 106 bytes to ecology
[dna] water wrote 111 bytes to ecology
[dna] water wrote 10 bytes to ecology
[dna] water wrote 23 bytes to ecology
[dna] water wrote 32 bytes to ecology
[dna] water wrote 22 bytes to ecology
[dna] water wrote 61 bytes to ecology
[dna] water wrote 16 bytes to ecology
[dna] water wrote 34 bytes to ecology
[dna] water wrote 43 bytes to ecology
[dna] water wrote 43 bytes to ecology
[dna] water wrote 53 bytes to ecology
[dna] water wrote 5 bytes to ecology
[dna] water wrote 90 bytes to ecology
[dna] water wrote 45 bytes to ecology
[dna] water wrote 33 bytes to ecology
[dna] water wrote 95 bytes to ecology
[dna] water wrote 66 bytes to ecology
[dna] water wrote 22 bytes to ecology
[dna] water wrote 78 bytes to ecology
[debug-onto] tick=150 corpus=141043 stage=2 freeze=0
[dna] water wrote 131 bytes to ecology
[dna] water wrote 110 bytes to ecology
[dna] water wrote 19 bytes to ecology
[dna] water wrote 48 bytes to ecology
[dna] water wrote 12 bytes to ecology
[dna] water wrote 8 bytes to ecology
[dna] water wrote 18 bytes to ecology
[dna] water wrote 85 bytes to ecology
[dna] water wrote 39 bytes to ecology
[dna] water wrote 76 bytes to ecology
[dna] water wrote 21 bytes to ecology
[dna] water wrote 51 bytes to ecology
[dna] water wrote 29 bytes to ecology
[dna] water wrote 45 bytes to ecology
[dna] water wrote 53 bytes to ecology
[dna] water wrote 12 bytes to ecology
[dna] water wrote 119 bytes to ecology
[dna] water wrote 15 bytes to ecology
[dna] water wrote 51 bytes to ecology
[dna] water wrote 145 bytes to ecology
[dna] water wrote 77 bytes to ecology
[dna] water wrote 34 bytes to ecology
[dna] water wrote 32 bytes to ecology
[dna] water wrote 120 bytes to ecology
[dna] water wrote 28 bytes to ecology
[dna] water wrote 33 bytes to ecology
[dna] water wrote 75 bytes to ecology
[dna] water wrote 115 bytes to ecology
[dna] water wrote 30 bytes to ecology
[dna] water wrote 31 bytes to ecology
[dna] water wrote 29 bytes to ecology
[dna] water wrote 31 bytes to ecology
[dna] water wrote 17 bytes to ecology
[debug-onto] tick=200 corpus=141043 stage=2 freeze=0
[dna] water wrote 73 bytes to ecology
[dna] water wrote 26 bytes to ecology
[dna] water wrote 57 bytes to ecology
[dna] water wrote 44 bytes to ecology
[dna] water wrote 51 bytes to ecology
[dna] water wrote 34 bytes to ecology
[dna] water wrote 37 bytes to ecology
[dna] water wrote 14 bytes to ecology
[dna] water wrote 143 bytes to ecology
[dna] water wrote 23 bytes to ecology
[dna] water wrote 17 bytes to ecology
[dna] water wrote 127 bytes to ecology
[dna] water wrote 60 bytes to ecology
[dna] water wrote 63 bytes to ecology
[dna] water wrote 66 bytes to ecology
[dna] water wrote 31 bytes to ecology
[dna] water wrote 12 bytes to ecology
[dna] water wrote 14 bytes to ecology
[dna] water wrote 28 bytes to ecology
[dna] water wrote 81 bytes to ecology
[dna] water wrote 54 bytes to ecology
[dna] water wrote 32 bytes to ecology
[dna] water wrote 13 bytes to ecology
[dna] water wrote 124 bytes to ecology
[dna] water wrote 27 bytes to ecology
[dna] water wrote 59 bytes to ecology
[dna] water wrote 96 bytes to ecology
[dna] water wrote 43 bytes to ecology
[dna] water wrote 29 bytes to ecology
[dna] water wrote 44 bytes to ecology
[dna] water wrote 72 bytes to ecology
[dna] water wrote 9 bytes to ecology
[dna] water wrote 41 bytes to ecology
[debug-onto] tick=250 corpus=141043 stage=2 freeze=0
[dna] water wrote 28 bytes to ecology
[dna] water wrote 24 bytes to ecology
[dna] water wrote 59 bytes to ecology
[dna] water wrote 37 bytes to ecology
[dna] water wrote 26 bytes to ecology
[dna] water wrote 30 bytes to ecology
[dna] water wrote 35 bytes to ecology
[dna] water wrote 129 bytes to ecology
[dna] water wrote 62 bytes to ecology
[dna] water wrote 45 bytes to ecology
[dna] water wrote 197 bytes to ecology
[dna] water wrote 9 bytes to ecology
[dna] water wrote 20 bytes to ecology
[dna] water wrote 40 bytes to ecology
[dna] water wrote 47 bytes to ecology
[dna] water wrote 26 bytes to ecology
[dna] water wrote 99 bytes to ecology
[dna] water wrote 9 bytes to ecology
[dna] water wrote 51 bytes to ecology
[dna] water wrote 73 bytes to ecology
[dna] water wrote 44 bytes to ecology
[dna] water wrote 43 bytes to ecology
[dna] water wrote 38 bytes to ecology
[dna] water wrote 37 bytes to ecology
[dna] water wrote 87 bytes to ecology
[dna] water wrote 80 bytes to ecology
[dna] water wrote 35 bytes to ecology
[dna] water wrote 78 bytes to ecology
[dna] water wrote 86 bytes to ecology
[dna] water wrote 69 bytes to ecology
[dna] water wrote 53 bytes to ecology
[dna] water wrote 54 bytes to ecology
[dna] water wrote 41 bytes to ecology
[debug-onto] tick=300 corpus=141043 stage=2 freeze=0
[dna] water wrote 83 bytes to ecology
[dna] water wrote 35 bytes to ecology
[dna] water wrote 70 bytes to ecology
[dna] water wrote 32 bytes to ecology
[dna] water wrote 26 bytes to ecology
[dna] water wrote 36 bytes to ecology
[dna] water wrote 33 bytes to ecology
[dna] water wrote 17 bytes to ecology
[dna] water wrote 79 bytes to ecology
[dna] water wrote 50 bytes to ecology
[dna] water wrote 53 bytes to ecology
[dna] water wrote 76 bytes to ecology
[dna] water wrote 62 bytes to ecology
[dna] water wrote 41 bytes to ecology
[dna] water wrote 29 bytes to ecology
[dna] water wrote 16 bytes to ecology
[dna] water wrote 41 bytes to ecology
[dna] water wrote 11 bytes to ecology
[dna] water wrote 92 bytes to ecology
[dna] water wrote 45 bytes to ecology
[dna] water wrote 33 bytes to ecology
[dna] water wrote 54 bytes to ecology
[dna] water wrote 80 bytes to ecology
[dna] water wrote 63 bytes to ecology
[dna] water wrote 40 bytes to ecology
[dna] water wrote 88 bytes to ecology
[dna] water wrote 50 bytes to ecology
[dna] water wrote 62 bytes to ecology
[dna] water wrote 79 bytes to ecology
[dna] water wrote 30 bytes to ecology
[dna] water wrote 20 bytes to ecology
[dna] water wrote 120 bytes to ecology
[dna] water wrote 31 bytes to ecology
[debug-onto] tick=350 corpus=141043 stage=2 freeze=0
[dna] water wrote 50 bytes to ecology
[dna] water wrote 31 bytes to ecology
[dna] water wrote 136 bytes to ecology
[dna] water wrote 7 bytes to ecology
[dna] water wrote 75 bytes to ecology
[dna] water wrote 23 bytes to ecology
[dna] water wrote 95 bytes to ecology
[dna] water wrote 70 bytes to ecology
[dna] water wrote 28 bytes to ecology
[dna] water wrote 24 bytes to ecology
[dna] water wrote 15 bytes to ecology
[dna] water wrote 77 bytes to ecology
[dna] water wrote 56 bytes to ecology
[dna] water wrote 26 bytes to ecology
[dna] water wrote 37 bytes to ecology
[dna] water wrote 134 bytes to ecology
[dna] water wrote 33 bytes to ecology
[dna] water wrote 109 bytes to ecology
[dna] water wrote 31 bytes to ecology
[dna] water wrote 58 bytes to ecology
[dna] water wrote 71 bytes to ecology
[dna] water wrote 59 bytes to ecology
[dna] water wrote 13 bytes to ecology
[dna] water wrote 49 bytes to ecology
[dna] water wrote 41 bytes to ecology
[dna] water wrote 57 bytes to ecology
[dna] water wrote 46 bytes to ecology
[dna] water wrote 18 bytes to ecology
[dna] water wrote 43 bytes to ecology
[dna] water wrote 47 bytes to ecology
[dna] water wrote 39 bytes to ecology
[dna] water wrote 192 bytes to ecology
[dna] water wrote 8 bytes to ecology
[dna] water wrote 45 bytes to ecology
[dna] water wrote 101 bytes to ecology
[dna] water wrote 26 bytes to ecology
[debug-onto] tick=400 corpus=141043 stage=2 freeze=0
[dna] water wrote 31 bytes to ecology
[dna] water wrote 29 bytes to ecology
[dna] water wrote 89 bytes to ecology
[dna] water wrote 38 bytes to ecology
[dna] water wrote 33 bytes to ecology
[dna] water wrote 86 bytes to ecology
[dna] water wrote 10 bytes to ecology
[dna] water wrote 13 bytes to ecology
[dna] water wrote 15 bytes to ecology
[dna] water wrote 84 bytes to ecology
[dna] water wrote 31 bytes to ecology
[dna] water wrote 28 bytes to ecology
[dna] water wrote 99 bytes to ecology
[dna] water wrote 145 bytes to ecology
[dna] water wrote 13 bytes to ecology
[dna] water wrote 42 bytes to ecology
[dna] water wrote 28 bytes to ecology
[dna] water wrote 25 bytes to ecology
[dna] water wrote 95 bytes to ecology
[dna] water wrote 27 bytes to ecology
[dna] water wrote 80 bytes to ecology
[dna] water wrote 26 bytes to ecology
[dna] water wrote 120 bytes to ecology
[dna] water wrote 56 bytes to ecology
[dna] water wrote 121 bytes to ecology
[dna] water wrote 52 bytes to ecology
[dna] water wrote 70 bytes to ecology
[dna] water wrote 20 bytes to ecology
[dna] water wrote 41 bytes to ecology
[dna] water wrote 19 bytes to ecology
[dna] water wrote 47 bytes to ecology
[dna] water wrote 52 bytes to ecology
[dna] water wrote 39 bytes to ecology
[dna] water wrote 66 bytes to ecology
[dna] water wrote 23 bytes to ecology
[dna] water wrote 21 bytes to ecology
[dna] water wrote 32 bytes to ecology
[debug-onto] tick=450 corpus=141043 stage=2 freeze=0
[dna] water wrote 9 bytes to ecology
[dna] water wrote 14 bytes to ecology
[dna] water wrote 62 bytes to ecology
[dna] water wrote 61 bytes to ecology
[dna] water wrote 30 bytes to ecology
[dna] water wrote 33 bytes to ecology
[dna] water wrote 31 bytes to ecology
[dna] water wrote 72 bytes to ecology
[dna] water wrote 17 bytes to ecology
[dna] water wrote 53 bytes to ecology
[dna] water wrote 119 bytes to ecology
[dna] water wrote 96 bytes to ecology
[dna] water wrote 82 bytes to ecology
[dna] water wrote 25 bytes to ecology
[dna] water wrote 64 bytes to ecology
[dna] water wrote 29 bytes to ecology
[dna] water wrote 40 bytes to ecology
[dna] water wrote 59 bytes to ecology
[dna] water wrote 108 bytes to ecology
[dna] water wrote 124 bytes to ecology
[dna] water wrote 49 bytes to ecology
[dna] water wrote 29 bytes to ecology
[dna] water wrote 13 bytes to ecology
[dna] water wrote 45 bytes to ecology
[dna] water wrote 204 bytes to ecology
[dna] water wrote 49 bytes to ecology
[dna] water wrote 32 bytes to ecology
[dna] water wrote 20 bytes to ecology
[dna] water wrote 27 bytes to ecology
[dna] water wrote 46 bytes to ecology
[dna] water wrote 16 bytes to ecology
[dna] water wrote 31 bytes to ecology
[dna] water wrote 10 bytes to ecology
[dna] water wrote 7 bytes to ecology
[dna] water wrote 25 bytes to ecology
[dna] water wrote 65 bytes to ecology
[debug-onto] tick=500 corpus=141043 stage=2 freeze=0
[dna] water wrote 71 bytes to ecology
[dna] water wrote 26 bytes to ecology
[dna] water wrote 53 bytes to ecology
[dna] water wrote 137 bytes to ecology
[dna] water wrote 75 bytes to ecology
[dna] water wrote 83 bytes to ecology
[dna] water wrote 115 bytes to ecology
[dna] water wrote 10 bytes to ecology
[dna] water wrote 120 bytes to ecology
[dna] water wrote 29 bytes to ecology
[dna] water wrote 199 bytes to ecology
[dna] water wrote 29 bytes to ecology
[dna] water wrote 129 bytes to ecology
[dna] water wrote 42 bytes to ecology
[dna] water wrote 8 bytes to ecology
[dna] water wrote 56 bytes to ecology
[dna] water wrote 114 bytes to ecology
[dna] water wrote 80 bytes to ecology
[dna] water wrote 49 bytes to ecology
[dna] water wrote 188 bytes to ecology
[dna] water wrote 60 bytes to ecology
[dna] water wrote 53 bytes to ecology
[dna] water wrote 76 bytes to ecology
[dna] water wrote 75 bytes to ecology
[dna] water wrote 38 bytes to ecology
[dna] water wrote 101 bytes to ecology
[dna] water wrote 58 bytes to ecology
[dna] water wrote 77 bytes to ecology
[dna] water wrote 122 bytes to ecology
[dna] water wrote 61 bytes to ecology
[dna] water wrote 30 bytes to ecology
[dna] water wrote 42 bytes to ecology
[dna] water wrote 61 bytes to ecology
[dna] water wrote 71 bytes to ecology
[debug-onto] tick=550 corpus=141043 stage=2 freeze=0
[dna] water wrote 13 bytes to ecology
[dna] water wrote 40 bytes to ecology
[dna] water wrote 35 bytes to ecology
[dna] water wrote 77 bytes to ecology
[dna] water wrote 54 bytes to ecology
[dna] water wrote 41 bytes to ecology
[dna] water wrote 64 bytes to ecology
[dna] water wrote 53 bytes to ecology
[dna] water wrote 23 bytes to ecology
[dna] water wrote 85 bytes to ecology
[dna] water wrote 73 bytes to ecology
[dna] water wrote 31 bytes to ecology
[dna] water wrote 27 bytes to ecology
[dna] water wrote 36 bytes to ecology
[dna] water wrote 46 bytes to ecology
[dna] water wrote 34 bytes to ecology
[dna] water wrote 43 bytes to ecology
[dna] water wrote 15 bytes to ecology
[dna] water wrote 21 bytes to ecology
[dna] water wrote 94 bytes to ecology
[dna] water wrote 9 bytes to ecology
[dna] water wrote 64 bytes to ecology
[dna] water wrote 53 bytes to ecology
[dna] water wrote 22 bytes to ecology
[dna] water wrote 82 bytes to ecology
[dna] water wrote 21 bytes to ecology
[dna] water wrote 62 bytes to ecology
[dna] water wrote 27 bytes to ecology
[dna] water wrote 48 bytes to ecology
[dna] water wrote 91 bytes to ecology
[debug-onto] tick=600 corpus=141043 stage=2 freeze=0
[dna] water wrote 7 bytes to ecology
[dna] water wrote 60 bytes to ecology
[dna] water wrote 64 bytes to ecology
[dna] water wrote 13 bytes to ecology
[dna] water wrote 18 bytes to ecology
[dna] water wrote 31 bytes to ecology
[dna] water wrote 34 bytes to ecology
[dna] water wrote 44 bytes to ecology
[dna] water wrote 36 bytes to ecology
[dna] water wrote 51 bytes to ecology
[dna] water wrote 38 bytes to ecology
[dna] water wrote 39 bytes to ecology
[dna] water wrote 100 bytes to ecology
[dna] water wrote 35 bytes to ecology
[dna] water wrote 36 bytes to ecology
[dna] water wrote 71 bytes to ecology
[dna] water wrote 15 bytes to ecology
[dna] water wrote 34 bytes to ecology
[dna] water wrote 32 bytes to ecology
[dna] water wrote 12 bytes to ecology
[dna] water wrote 28 bytes to ecology
[dna] water wrote 26 bytes to ecology
[dna] water wrote 34 bytes to ecology
[dna] water wrote 97 bytes to ecology
[dna] water wrote 178 bytes to ecology
[dna] water wrote 62 bytes to ecology
[dna] water wrote 16 bytes to ecology
[dna] water wrote 24 bytes to ecology
[dna] water wrote 130 bytes to ecology

[evolution] Organism shutting down gracefully.
