[ecology] Element: air → corpus: nonames_air.txt
[evolution] Autonomous evolution mode — organism will grow through all stages without pause.
[ecology] Joined swarm. 1 peer(s) detected.
molequla is alive. [evolution] Autonomous mode — background trainer running. Ctrl+C to stop.
[dna] air wrote 124 bytes to ecology
[dna] air consumed 24877 bytes from 373 files: [earth/gen_1777271638_1.txt earth/gen_1777271646_4.txt earth/gen_1777271654_7.txt earth/gen_1777271662_10.txt earth/gen_1777271667_12.txt earth/gen_1777271669_13.txt earth/gen_1777271672_14.txt earth/gen_1777271677_16.txt earth/gen_1777271682_18.txt earth/gen_1777271685_19.txt earth/gen_1777271693_22.txt earth/gen_1777271695_23.txt earth/gen_1777271700_25.txt earth/gen_1777271703_26.txt earth/gen_1777271708_28.txt earth/gen_1777271711_29.txt earth/gen_1777271716_31.txt earth/gen_1777271718_32.txt earth/gen_1777271723_34.txt earth/gen_1777271726_35.txt earth/gen_1777271731_37.txt earth/gen_1777271734_38.txt earth/gen_1777271739_40.txt earth/gen_1777271744_42.txt earth/gen_1777271746_43.txt earth/gen_1777271754_46.txt earth/gen_1777271759_48.txt earth/gen_1777271762_49.txt earth/gen_1777271765_50.txt earth/gen_1777271770_52.txt earth/gen_1777271778_55.txt earth/gen_1777271785_58.txt earth/gen_1777271793_61.txt earth/gen_1777271798_63.txt earth/gen_1777271801_64.txt earth/gen_1777271806_66.txt earth/gen_1777271809_67.txt earth/gen_1777271811_68.txt earth/gen_1777271814_69.txt earth/gen_1777271817_70.txt earth/gen_1777271832_76.txt earth/gen_1777271840_79.txt earth/gen_1777271843_80.txt earth/gen_1777271845_81.txt earth/gen_1777271848_82.txt earth/gen_1777271850_83.txt earth/gen_1777271856_85.txt earth/gen_1777271858_86.txt earth/gen_1777271861_87.txt earth/gen_1777271864_88.txt earth/gen_1777271872_91.txt earth/gen_1777271879_94.txt earth/gen_1777271887_97.txt earth/gen_1777271895_100.txt earth/gen_1777271901_102.txt earth/gen_1777271903_103.txt earth/gen_1777271911_106.txt earth/gen_1777271919_109.txt earth/gen_1777271927_112.txt earth/gen_1777271935_115.txt earth/gen_1777271941_117.txt earth/gen_1777271943_118.txt earth/gen_1777271951_121.txt earth/gen_1777271957_123.txt earth/gen_1777271959_124.txt earth/gen_1777271967_127.txt earth/gen_1777271970_128.txt earth/gen_1777271975_130.txt earth/gen_1777271978_131.txt earth/gen_1777271980_132.txt earth/gen_1777271983_133.txt earth/gen_1777271986_134.txt earth/gen_1777271988_135.txt earth/gen_1777271991_136.txt earth/gen_1777271994_137.txt earth/gen_1777271999_139.txt earth/gen_1777272002_140.txt earth/gen_1777272007_142.txt earth/gen_1777272012_144.txt earth/gen_1777272015_145.txt earth/gen_1777272018_146.txt earth/gen_1777272021_147.txt earth/gen_1777272023_148.txt earth/gen_1777272029_150.txt earth/gen_1777272031_151.txt earth/gen_1777272034_152.txt earth/gen_1777272039_154.txt earth/gen_1777272047_157.txt earth/gen_1777272055_160.txt earth/gen_1777272063_163.txt earth/gen_1777272071_166.txt earth/gen_1777272079_169.txt earth/gen_1777272082_170.txt earth/gen_1777272087_172.txt earth/gen_1777272095_175.txt earth/gen_1777272103_178.txt earth/gen_1777272109_180.txt earth/gen_1777272111_181.txt earth/gen_1777272114_182.txt earth/gen_1777272117_183.txt earth/gen_1777272120_184.txt earth/gen_1777272125_186.txt earth/gen_1777272128_187.txt earth/gen_1777272130_188.txt earth/gen_1777272133_189.txt earth/gen_1777272136_190.txt earth/gen_1777272144_193.txt earth/gen_1777272152_196.txt earth/gen_1777272154_197.txt earth/gen_1777272160_199.txt earth/gen_1777272165_201.txt earth/gen_1777272168_202.txt earth/gen_1777272175_205.txt earth/gen_1777272181_207.txt earth/gen_1777272183_208.txt earth/gen_1777272186_209.txt earth/gen_1777272191_211.txt earth/gen_1777272197_213.txt earth/gen_1777272200_214.txt earth/gen_1777272208_217.txt earth/gen_1777272215_220.txt earth/gen_1777272223_223.txt earth/gen_1777272226_224.txt earth/gen_1777272229_225.txt earth/gen_1777272231_226.txt earth/gen_1777272234_227.txt earth/gen_1777272239_229.txt earth/gen_1777272242_230.txt earth/gen_1777272247_232.txt earth/gen_1777272252_234.txt earth/gen_1777272255_235.txt earth/gen_1777272258_236.txt earth/gen_1777272263_238.txt earth/gen_1777272266_239.txt earth/gen_1777272271_241.txt earth/gen_1777272279_244.txt earth/gen_1777272287_247.txt earth/gen_1777272295_250.txt earth/gen_1777272298_251.txt earth/gen_1777272303_253.txt earth/gen_1777272308_255.txt earth/gen_1777272311_256.txt earth/gen_1777272314_257.txt earth/gen_1777272319_259.txt earth/gen_1777272324_261.txt earth/gen_1777272327_262.txt earth/gen_1777272332_264.txt earth/gen_1777272335_265.txt earth/gen_1777272340_267.txt earth/gen_1777272343_268.txt earth/gen_1777272351_271.txt earth/gen_1777272359_274.txt earth/gen_1777272367_277.txt earth/gen_1777272369_278.txt earth/gen_1777272372_279.txt earth/gen_1777272375_280.txt earth/gen_1777272380_282.txt earth/gen_1777272383_283.txt earth/gen_1777272388_285.txt earth/gen_1777272391_286.txt earth/gen_1777272399_289.txt earth/gen_1777272401_290.txt earth/gen_1777272404_291.txt earth/gen_1777272407_292.txt earth/gen_1777272409_293.txt earth/gen_1777272414_295.txt earth/gen_1777272417_296.txt earth/gen_1777272422_298.txt earth/gen_1777272424_299.txt earth/gen_1777272427_300.txt earth/gen_1777272430_301.txt earth/gen_1777272435_303.txt earth/gen_1777272437_304.txt earth/gen_1777272443_306.txt earth/gen_1777272445_307.txt earth/gen_1777272453_310.txt earth/gen_1777272458_312.txt earth/gen_1777272461_313.txt earth/gen_1777272466_315.txt earth/gen_1777272468_316.txt earth/gen_1777272476_319.txt earth/gen_1777272479_320.txt earth/gen_1777272484_322.txt earth/gen_1777272491_325.txt earth/gen_1777272494_326.txt earth/gen_1777272499_328.txt earth/gen_1777272502_329.txt earth/gen_1777272507_331.txt earth/gen_1777272509_332.txt earth/gen_1777272514_334.txt earth/gen_1777272519_336.txt earth/gen_1777272522_337.txt earth/gen_1777272530_340.txt earth/gen_1777272537_343.txt earth/gen_1777272542_345.txt earth/gen_1777272545_346.txt earth/gen_1777272552_349.txt earth/gen_1777272555_350.txt earth/gen_1777272557_351.txt earth/gen_1777272560_352.txt earth/gen_1777272565_354.txt earth/gen_1777272567_355.txt earth/gen_1777272575_358.txt earth/gen_1777272580_360.txt earth/gen_1777272583_361.txt earth/gen_1777272590_364.txt earth/gen_1777272598_367.txt earth/gen_1777272603_369.txt earth/gen_1777272606_370.txt earth/gen_1777272609_371.txt earth/gen_1777272614_373.txt earth/gen_1777272621_376.txt earth/gen_1777272624_377.txt earth/gen_1777272626_378.txt earth/gen_1777272629_379.txt earth/gen_1777272637_382.txt earth/gen_1777272642_384.txt earth/gen_1777272645_385.txt earth/gen_1777272653_388.txt earth/gen_1777272658_390.txt earth/gen_1777272661_391.txt earth/gen_1777272666_393.txt earth/gen_1777272669_394.txt earth/gen_1777272674_396.txt earth/gen_1777272677_397.txt earth/gen_1777272679_398.txt earth/gen_1777272685_400.txt earth/gen_1777272687_401.txt earth/gen_1777272690_402.txt earth/gen_1777272693_403.txt earth/gen_1777272695_404.txt earth/gen_1777272698_405.txt earth/gen_1777272701_406.txt earth/gen_1777272708_409.txt earth/gen_1777272714_411.txt earth/gen_1777272717_412.txt earth/gen_1777272719_413.txt earth/gen_1777272724_415.txt earth/gen_1777272732_418.txt earth/gen_1777272738_420.txt earth/gen_1777272740_421.txt earth/gen_1777272743_422.txt earth/gen_1777272748_424.txt earth/gen_1777272751_425.txt earth/gen_1777272761_429.txt earth/gen_1777272764_430.txt earth/gen_1777272772_433.txt earth/gen_1777272779_436.txt earth/gen_1777272785_438.txt earth/gen_1777272787_439.txt earth/gen_1777272795_442.txt earth/gen_1777272803_445.txt earth/gen_1777272805_446.txt earth/gen_1777272808_447.txt earth/gen_1777272811_448.txt earth/gen_1777272813_449.txt earth/gen_1777272816_450.txt earth/gen_1777272819_451.txt earth/gen_1777272827_454.txt earth/gen_1777272835_457.txt earth/gen_1777272837_458.txt earth/gen_1777272840_459.txt earth/gen_1777272842_460.txt earth/gen_1777272848_462.txt earth/gen_1777272850_463.txt earth/gen_1777272853_464.txt earth/gen_1777272858_466.txt earth/gen_1777272866_469.txt earth/gen_1777272869_470.txt earth/gen_1777272874_472.txt earth/gen_1777272876_473.txt earth/gen_1777272879_474.txt earth/gen_1777272882_475.txt earth/gen_1777272884_476.txt earth/gen_1777272887_477.txt earth/gen_1777272889_478.txt earth/gen_1777272897_481.txt earth/gen_1777272902_483.txt earth/gen_1777272905_484.txt earth/gen_1777272908_485.txt earth/gen_1777272913_487.txt earth/gen_1777272915_488.txt earth/gen_1777272921_490.txt earth/gen_1777272928_493.txt earth/gen_1777272931_494.txt earth/gen_1777272936_496.txt earth/gen_1777272944_499.txt earth/gen_1777272952_502.txt earth/gen_1777272954_503.txt earth/gen_1777272959_505.txt earth/gen_1777272967_508.txt earth/gen_1777272972_510.txt earth/gen_1777272974_511.txt earth/gen_1777272982_514.txt earth/gen_1777272987_516.txt earth/gen_1777272990_517.txt earth/gen_1777272992_518.txt earth/gen_1777272998_520.txt earth/gen_1777273005_523.txt earth/gen_1777273013_526.txt earth/gen_1777273018_528.txt earth/gen_1777273020_529.txt earth/gen_1777273028_532.txt earth/gen_1777273036_535.txt earth/gen_1777273043_538.txt earth/gen_1777273051_541.txt earth/gen_1777273053_542.txt earth/gen_1777273058_544.txt earth/gen_1777273063_546.txt earth/gen_1777273066_547.txt earth/gen_1777273071_549.txt earth/gen_1777273074_550.txt earth/gen_1777273079_552.txt earth/gen_1777273081_553.txt earth/gen_1777273089_556.txt earth/gen_1777273097_559.txt earth/gen_1777273100_560.txt earth/gen_1777273105_562.txt earth/gen_1777273108_563.txt earth/gen_1777273113_565.txt earth/gen_1777273116_566.txt earth/gen_1777273122_568.txt earth/gen_1777273129_571.txt earth/gen_1777273138_574.txt earth/gen_1777273140_575.txt earth/gen_1777273146_577.txt earth/gen_1777273148_578.txt earth/gen_1777273151_579.txt earth/gen_1777273154_580.txt earth/gen_1777273162_583.txt earth/gen_1777273170_586.txt earth/gen_1777273178_589.txt earth/gen_1777273183_591.txt earth/gen_1777273186_592.txt earth/gen_1777273189_593.txt earth/gen_1777273194_595.txt earth/gen_1777273199_597.txt earth/gen_1777273202_598.txt earth/gen_1777273209_601.txt earth/gen_1777273212_602.txt earth/gen_1777273217_604.txt earth/gen_1777273225_607.txt earth/gen_1777273233_610.txt earth/gen_1777273241_613.txt earth/gen_1777273249_616.txt earth/gen_1777273254_618.txt earth/gen_1777273257_619.txt earth/gen_1777273264_622.txt earth/gen_1777273272_625.txt earth/gen_1777273280_628.txt earth/gen_1777273288_631.txt earth/gen_1777273295_634.txt earth/gen_1777273303_637.txt earth/gen_1777273306_638.txt earth/gen_1777273311_640.txt earth/gen_1777273316_642.txt earth/gen_1777273319_643.txt earth/gen_1777273327_646.txt earth/gen_1777273332_648.txt earth/gen_1777273335_649.txt earth/gen_1777273342_652.txt earth/gen_1777273350_655.txt earth/gen_1777273356_657.txt earth/gen_1777273358_658.txt earth/gen_1777273361_659.txt earth/gen_1777273366_661.txt earth/gen_1777273371_663.txt earth/gen_1777273374_664.txt earth/gen_1777273382_667.txt earth/gen_1777273385_668.txt earth/gen_1777273390_670.txt earth/gen_1777273398_673.txt earth/gen_1777273406_676.txt]
[trainer] micro-train burst (24877 bytes, novelty 0.03) — and lo, it feeds again.
[syntropy] action=explore | trend=0.0000 | field_dev=-0.060 | purpose_align=0.219 | lr_mul=1.30
[aml] burst complete: 32 steps, avg loss 2.6077 (memory freed)
[dna] air wrote 24 bytes to ecology
[dna] air wrote 82 bytes to ecology
[dna] air wrote 163 bytes to ecology
[dna] air wrote 73 bytes to ecology
[dna] air wrote 19 bytes to ecology
[dna] air wrote 160 bytes to ecology
[dna] air wrote 60 bytes to ecology
[dna] air wrote 44 bytes to ecology
[dna] air wrote 12 bytes to ecology
[dna] air wrote 36 bytes to ecology
[dna] air wrote 77 bytes to ecology
[dna] air wrote 76 bytes to ecology
[dna] air wrote 96 bytes to ecology
[dna] air wrote 249 bytes to ecology
[dna] air wrote 124 bytes to ecology
[dna] air wrote 58 bytes to ecology
[dna] air wrote 77 bytes to ecology
[dna] air wrote 44 bytes to ecology
[dna] air wrote 122 bytes to ecology
[dna] air wrote 11 bytes to ecology
[dna] air wrote 122 bytes to ecology
[dna] air wrote 8 bytes to ecology
[dna] air wrote 32 bytes to ecology
[dna] air wrote 81 bytes to ecology
[dna] air wrote 14 bytes to ecology
[dna] air wrote 47 bytes to ecology
[dna] air wrote 116 bytes to ecology
[dna] air wrote 82 bytes to ecology
[dna] air wrote 128 bytes to ecology
[dna] air wrote 13 bytes to ecology
[dna] air wrote 24 bytes to ecology
[dna] air wrote 106 bytes to ecology
[dna] air wrote 45 bytes to ecology
[dna] air wrote 32 bytes to ecology
[dna] air wrote 41 bytes to ecology
[dna] air wrote 53 bytes to ecology
[debug-onto] tick=50 corpus=147566 stage=2 freeze=0
[dna] air wrote 41 bytes to ecology
[dna] air wrote 87 bytes to ecology
[dna] air wrote 12 bytes to ecology
[dna] air wrote 30 bytes to ecology
[dna] air wrote 25 bytes to ecology
[dna] air wrote 39 bytes to ecology
[dna] air wrote 38 bytes to ecology
[dna] air wrote 39 bytes to ecology
[dna] air wrote 12 bytes to ecology
[dna] air wrote 38 bytes to ecology
[dna] air wrote 60 bytes to ecology
[dna] air wrote 66 bytes to ecology
[dna] air wrote 76 bytes to ecology
[dna] air wrote 58 bytes to ecology
[dna] air wrote 41 bytes to ecology
[dna] air wrote 29 bytes to ecology
[dna] air wrote 99 bytes to ecology
[dna] air wrote 174 bytes to ecology
[dna] air wrote 131 bytes to ecology
[dna] air wrote 15 bytes to ecology
[dna] air wrote 39 bytes to ecology
[dna] air wrote 40 bytes to ecology
[dna] air wrote 94 bytes to ecology
[dna] air wrote 32 bytes to ecology
[dna] air wrote 40 bytes to ecology
[dna] air wrote 43 bytes to ecology
[dna] air wrote 96 bytes to ecology
[dna] air wrote 26 bytes to ecology
[dna] air wrote 49 bytes to ecology
[dna] air wrote 35 bytes to ecology
[dna] air wrote 39 bytes to ecology
[dna] air wrote 70 bytes to ecology
[dna] air wrote 21 bytes to ecology
[dna] air wrote 94 bytes to ecology
[dna] air wrote 54 bytes to ecology
[dna] air wrote 21 bytes to ecology
[dna] air wrote 124 bytes to ecology
[dna] air wrote 74 bytes to ecology
[dna] air wrote 52 bytes to ecology
[dna] air wrote 73 bytes to ecology
[dna] air wrote 101 bytes to ecology
[dna] air wrote 38 bytes to ecology
[dna] air wrote 78 bytes to ecology
[debug-onto] tick=100 corpus=147566 stage=2 freeze=0
[dna] air wrote 82 bytes to ecology
[dna] air wrote 82 bytes to ecology
[dna] air wrote 32 bytes to ecology
[dna] air wrote 21 bytes to ecology
[dna] air wrote 88 bytes to ecology
[dna] air wrote 116 bytes to ecology
[dna] air wrote 31 bytes to ecology
[dna] air wrote 185 bytes to ecology
[dna] air wrote 124 bytes to ecology
[dna] air wrote 35 bytes to ecology
[dna] air wrote 99 bytes to ecology
[dna] air wrote 75 bytes to ecology
[dna] air wrote 10 bytes to ecology
[dna] air wrote 44 bytes to ecology
[dna] air wrote 65 bytes to ecology
[dna] air wrote 35 bytes to ecology
[dna] air wrote 30 bytes to ecology
[dna] air wrote 44 bytes to ecology
[dna] air wrote 186 bytes to ecology
[dna] air wrote 54 bytes to ecology
[dna] air wrote 45 bytes to ecology
[dna] air wrote 40 bytes to ecology
[dna] air wrote 17 bytes to ecology
[dna] air wrote 80 bytes to ecology
[dna] air wrote 87 bytes to ecology
[dna] air wrote 54 bytes to ecology
[dna] air wrote 59 bytes to ecology
[dna] air wrote 44 bytes to ecology
[dna] air wrote 108 bytes to ecology
[dna] air wrote 129 bytes to ecology
[dna] air wrote 124 bytes to ecology
[dna] air wrote 64 bytes to ecology
[dna] air wrote 33 bytes to ecology
[dna] air wrote 9 bytes to ecology
[dna] air wrote 60 bytes to ecology
[dna] air wrote 23 bytes to ecology
[dna] air wrote 37 bytes to ecology
[dna] air wrote 12 bytes to ecology
[debug-onto] tick=150 corpus=147566 stage=2 freeze=0
[dna] air wrote 146 bytes to ecology
[dna] air wrote 45 bytes to ecology
[dna] air wrote 60 bytes to ecology
[dna] air wrote 31 bytes to ecology
[dna] air wrote 62 bytes to ecology
[dna] air wrote 62 bytes to ecology
[dna] air wrote 33 bytes to ecology
[dna] air wrote 69 bytes to ecology
[dna] air wrote 108 bytes to ecology
[dna] air wrote 8 bytes to ecology
[dna] air wrote 118 bytes to ecology
[dna] air wrote 135 bytes to ecology
[dna] air wrote 46 bytes to ecology
[dna] air wrote 103 bytes to ecology
[dna] air wrote 68 bytes to ecology
[dna] air wrote 90 bytes to ecology
[dna] air wrote 129 bytes to ecology
[dna] air wrote 66 bytes to ecology
[dna] air wrote 50 bytes to ecology
[dna] air wrote 37 bytes to ecology
[dna] air wrote 9 bytes to ecology
[dna] air wrote 5 bytes to ecology
[dna] air wrote 39 bytes to ecology
[dna] air wrote 48 bytes to ecology
[dna] air wrote 34 bytes to ecology
[dna] air wrote 14 bytes to ecology
[dna] air wrote 45 bytes to ecology
[dna] air wrote 42 bytes to ecology
[dna] air wrote 61 bytes to ecology
[dna] air wrote 93 bytes to ecology
[dna] air wrote 95 bytes to ecology
[dna] air wrote 32 bytes to ecology
[dna] air wrote 21 bytes to ecology
[dna] air wrote 118 bytes to ecology
[dna] air wrote 77 bytes to ecology
[dna] air wrote 25 bytes to ecology
[dna] air wrote 62 bytes to ecology
[dna] air wrote 70 bytes to ecology
[dna] air wrote 73 bytes to ecology
[dna] air wrote 120 bytes to ecology
[dna] air wrote 48 bytes to ecology
[dna] air wrote 17 bytes to ecology
[debug-onto] tick=200 corpus=147566 stage=2 freeze=0
[dna] air wrote 59 bytes to ecology
[dna] air wrote 129 bytes to ecology
[dna] air wrote 155 bytes to ecology
[dna] air wrote 120 bytes to ecology
[dna] air wrote 7 bytes to ecology
[dna] air wrote 32 bytes to ecology
[dna] air wrote 40 bytes to ecology
[dna] air wrote 52 bytes to ecology
[dna] air wrote 26 bytes to ecology
[dna] air wrote 28 bytes to ecology
[dna] air wrote 33 bytes to ecology
[dna] air wrote 55 bytes to ecology
[dna] air wrote 19 bytes to ecology
[dna] air wrote 51 bytes to ecology
[dna] air wrote 96 bytes to ecology
[dna] air wrote 34 bytes to ecology
[dna] air wrote 23 bytes to ecology
[dna] air wrote 32 bytes to ecology
[dna] air wrote 22 bytes to ecology
[dna] air wrote 38 bytes to ecology
[dna] air wrote 163 bytes to ecology
[dna] air wrote 73 bytes to ecology
[dna] air wrote 49 bytes to ecology
[dna] air wrote 61 bytes to ecology
[dna] air wrote 37 bytes to ecology
[dna] air wrote 36 bytes to ecology
[dna] air wrote 52 bytes to ecology
[dna] air wrote 34 bytes to ecology
[dna] air wrote 18 bytes to ecology
[dna] air wrote 96 bytes to ecology
[dna] air wrote 55 bytes to ecology
[dna] air wrote 48 bytes to ecology
[dna] air wrote 85 bytes to ecology
[dna] air wrote 110 bytes to ecology
[dna] air wrote 49 bytes to ecology
[dna] air wrote 48 bytes to ecology
[dna] air wrote 10 bytes to ecology
[dna] air wrote 34 bytes to ecology
[dna] air wrote 78 bytes to ecology
[debug-onto] tick=250 corpus=147566 stage=2 freeze=0
[dna] air wrote 50 bytes to ecology
[dna] air wrote 41 bytes to ecology
[dna] air wrote 53 bytes to ecology
[dna] air wrote 49 bytes to ecology
[dna] air wrote 51 bytes to ecology
[dna] air wrote 46 bytes to ecology
[dna] air wrote 140 bytes to ecology
[dna] air wrote 32 bytes to ecology
[dna] air wrote 43 bytes to ecology
[dna] air wrote 32 bytes to ecology
[dna] air wrote 38 bytes to ecology
[dna] air wrote 71 bytes to ecology
[dna] air wrote 86 bytes to ecology
[dna] air wrote 18 bytes to ecology
[dna] air wrote 53 bytes to ecology
[dna] air wrote 123 bytes to ecology
[dna] air wrote 75 bytes to ecology
[dna] air wrote 40 bytes to ecology
[dna] air wrote 49 bytes to ecology
[dna] air wrote 121 bytes to ecology
[dna] air wrote 185 bytes to ecology
[dna] air wrote 66 bytes to ecology
[dna] air wrote 51 bytes to ecology
[dna] air wrote 50 bytes to ecology
[dna] air wrote 64 bytes to ecology
[dna] air wrote 86 bytes to ecology
[dna] air wrote 44 bytes to ecology
[dna] air wrote 13 bytes to ecology
[dna] air wrote 50 bytes to ecology
[dna] air wrote 30 bytes to ecology
[dna] air wrote 42 bytes to ecology
[dna] air wrote 46 bytes to ecology
[dna] air wrote 60 bytes to ecology
[dna] air wrote 46 bytes to ecology
[dna] air wrote 39 bytes to ecology
[dna] air wrote 67 bytes to ecology
[dna] air wrote 227 bytes to ecology
[debug-onto] tick=300 corpus=147566 stage=2 freeze=0
[dna] air wrote 80 bytes to ecology
[dna] air wrote 23 bytes to ecology
[dna] air wrote 64 bytes to ecology
[dna] air wrote 51 bytes to ecology
[dna] air wrote 27 bytes to ecology
[dna] air wrote 113 bytes to ecology
[dna] air wrote 39 bytes to ecology
[dna] air wrote 79 bytes to ecology
[dna] air wrote 71 bytes to ecology
[dna] air wrote 40 bytes to ecology
[dna] air wrote 44 bytes to ecology
[dna] air wrote 49 bytes to ecology
[dna] air wrote 62 bytes to ecology
[dna] air wrote 92 bytes to ecology
[dna] air wrote 88 bytes to ecology
[dna] air wrote 50 bytes to ecology
[dna] air wrote 45 bytes to ecology
[dna] air wrote 44 bytes to ecology
[dna] air wrote 28 bytes to ecology
[dna] air wrote 50 bytes to ecology
[dna] air wrote 77 bytes to ecology
[dna] air wrote 66 bytes to ecology
[dna] air wrote 102 bytes to ecology
[dna] air wrote 21 bytes to ecology
[dna] air wrote 43 bytes to ecology
[dna] air wrote 191 bytes to ecology
[dna] air wrote 52 bytes to ecology
[dna] air wrote 91 bytes to ecology
[dna] air wrote 111 bytes to ecology
[dna] air wrote 54 bytes to ecology
[dna] air wrote 35 bytes to ecology
[dna] air wrote 50 bytes to ecology
[dna] air wrote 67 bytes to ecology
[dna] air wrote 29 bytes to ecology
[dna] air wrote 33 bytes to ecology
[dna] air wrote 113 bytes to ecology
[debug-onto] tick=350 corpus=147566 stage=2 freeze=0
[dna] air wrote 71 bytes to ecology
[dna] air wrote 42 bytes to ecology
[dna] air wrote 28 bytes to ecology
[dna] air wrote 164 bytes to ecology
[dna] air wrote 93 bytes to ecology
[dna] air wrote 67 bytes to ecology
[dna] air wrote 150 bytes to ecology
[dna] air wrote 22 bytes to ecology
[dna] air wrote 84 bytes to ecology
[dna] air wrote 38 bytes to ecology
[dna] air wrote 57 bytes to ecology
[dna] air wrote 110 bytes to ecology
[dna] air wrote 52 bytes to ecology
[dna] air wrote 33 bytes to ecology
[dna] air wrote 17 bytes to ecology
[dna] air wrote 84 bytes to ecology
[dna] air wrote 19 bytes to ecology
[dna] air wrote 50 bytes to ecology
[dna] air wrote 108 bytes to ecology
[dna] air wrote 129 bytes to ecology
[dna] air wrote 99 bytes to ecology
[dna] air wrote 84 bytes to ecology
[dna] air wrote 68 bytes to ecology
[dna] air wrote 114 bytes to ecology
[dna] air wrote 26 bytes to ecology
[dna] air wrote 26 bytes to ecology
[dna] air wrote 88 bytes to ecology
[dna] air wrote 46 bytes to ecology
[dna] air wrote 17 bytes to ecology
[dna] air wrote 26 bytes to ecology
[dna] air wrote 67 bytes to ecology
[dna] air wrote 315 bytes to ecology
[dna] air wrote 23 bytes to ecology
[dna] air wrote 55 bytes to ecology
[dna] air wrote 52 bytes to ecology
[dna] air wrote 49 bytes to ecology
[dna] air wrote 63 bytes to ecology
[dna] air wrote 84 bytes to ecology
[dna] air wrote 67 bytes to ecology
[dna] air wrote 89 bytes to ecology
[dna] air wrote 58 bytes to ecology
[dna] air wrote 102 bytes to ecology
[dna] air wrote 64 bytes to ecology
[debug-onto] tick=400 corpus=147566 stage=2 freeze=0
[dna] air wrote 103 bytes to ecology
[dna] air wrote 17 bytes to ecology
[dna] air wrote 27 bytes to ecology
[dna] air wrote 49 bytes to ecology
[dna] air wrote 45 bytes to ecology
[dna] air wrote 24 bytes to ecology
[dna] air wrote 12 bytes to ecology
[dna] air wrote 28 bytes to ecology
[dna] air wrote 37 bytes to ecology
[dna] air wrote 82 bytes to ecology
[dna] air wrote 46 bytes to ecology
[dna] air wrote 84 bytes to ecology
[dna] air wrote 63 bytes to ecology
[dna] air wrote 56 bytes to ecology
[dna] air wrote 90 bytes to ecology
[dna] air wrote 94 bytes to ecology
[dna] air wrote 52 bytes to ecology
[dna] air wrote 34 bytes to ecology
[dna] air wrote 41 bytes to ecology
[dna] air wrote 32 bytes to ecology
[dna] air wrote 72 bytes to ecology
[dna] air wrote 54 bytes to ecology
[dna] air wrote 78 bytes to ecology
[dna] air wrote 27 bytes to ecology
[dna] air wrote 24 bytes to ecology
[dna] air wrote 38 bytes to ecology
[dna] air wrote 82 bytes to ecology
[dna] air wrote 79 bytes to ecology
[dna] air wrote 51 bytes to ecology
[dna] air wrote 12 bytes to ecology
[dna] air wrote 154 bytes to ecology
[dna] air wrote 74 bytes to ecology
[dna] air wrote 163 bytes to ecology
[dna] air wrote 74 bytes to ecology
[dna] air wrote 31 bytes to ecology
[dna] air wrote 11 bytes to ecology
[dna] air wrote 117 bytes to ecology
[dna] air wrote 98 bytes to ecology
[dna] air wrote 249 bytes to ecology
[debug-onto] tick=450 corpus=147566 stage=2 freeze=0
[dna] air wrote 68 bytes to ecology
[dna] air wrote 55 bytes to ecology
[dna] air wrote 44 bytes to ecology
[dna] air wrote 128 bytes to ecology
[dna] air wrote 105 bytes to ecology
[dna] air wrote 101 bytes to ecology
[dna] air wrote 41 bytes to ecology
[dna] air wrote 51 bytes to ecology
[dna] air wrote 73 bytes to ecology
[dna] air wrote 51 bytes to ecology
[dna] air wrote 44 bytes to ecology
[dna] air wrote 29 bytes to ecology
[dna] air wrote 82 bytes to ecology
[dna] air wrote 104 bytes to ecology
[dna] air wrote 15 bytes to ecology
[dna] air wrote 34 bytes to ecology
[dna] air wrote 99 bytes to ecology
[dna] air wrote 155 bytes to ecology
[dna] air wrote 39 bytes to ecology
[dna] air wrote 103 bytes to ecology
[dna] air wrote 160 bytes to ecology
[dna] air wrote 74 bytes to ecology
[dna] air wrote 26 bytes to ecology
[dna] air wrote 62 bytes to ecology
[dna] air wrote 146 bytes to ecology
[dna] air wrote 128 bytes to ecology
[dna] air wrote 7 bytes to ecology
[dna] air wrote 268 bytes to ecology
[dna] air wrote 22 bytes to ecology
[dna] air wrote 72 bytes to ecology
[dna] air wrote 90 bytes to ecology
[dna] air wrote 25 bytes to ecology
[dna] air wrote 13 bytes to ecology
[dna] air wrote 18 bytes to ecology
[dna] air wrote 33 bytes to ecology
[dna] air wrote 148 bytes to ecology
[dna] air wrote 64 bytes to ecology
[debug-onto] tick=500 corpus=147566 stage=2 freeze=0
[dna] air wrote 99 bytes to ecology
[dna] air wrote 46 bytes to ecology
[dna] air wrote 119 bytes to ecology
[dna] air wrote 85 bytes to ecology
[dna] air wrote 85 bytes to ecology
[dna] air wrote 96 bytes to ecology
[dna] air wrote 39 bytes to ecology
[dna] air wrote 33 bytes to ecology
[dna] air wrote 29 bytes to ecology
[dna] air wrote 33 bytes to ecology
[dna] air wrote 51 bytes to ecology
[dna] air wrote 103 bytes to ecology
[dna] air wrote 51 bytes to ecology
[dna] air wrote 108 bytes to ecology
[dna] air wrote 35 bytes to ecology
[dna] air wrote 150 bytes to ecology
[dna] air wrote 195 bytes to ecology
[dna] air wrote 122 bytes to ecology
[dna] air wrote 32 bytes to ecology
[dna] air wrote 29 bytes to ecology
[dna] air wrote 97 bytes to ecology
[dna] air wrote 78 bytes to ecology
[dna] air wrote 112 bytes to ecology
[dna] air wrote 58 bytes to ecology
[dna] air wrote 31 bytes to ecology
[dna] air wrote 51 bytes to ecology
[dna] air wrote 130 bytes to ecology
[dna] air wrote 54 bytes to ecology
[dna] air wrote 98 bytes to ecology
[dna] air wrote 13 bytes to ecology
[dna] air wrote 25 bytes to ecology
[dna] air wrote 96 bytes to ecology
[dna] air wrote 53 bytes to ecology
[dna] air wrote 32 bytes to ecology
[dna] air wrote 87 bytes to ecology
[dna] air wrote 50 bytes to ecology
[dna] air wrote 119 bytes to ecology
[dna] air wrote 87 bytes to ecology
[dna] air wrote 69 bytes to ecology
[dna] air wrote 51 bytes to ecology
[dna] air wrote 43 bytes to ecology
[dna] air wrote 69 bytes to ecology
[debug-onto] tick=550 corpus=147566 stage=2 freeze=0
[dna] air wrote 49 bytes to ecology
[dna] air wrote 70 bytes to ecology
[dna] air wrote 49 bytes to ecology
[dna] air wrote 79 bytes to ecology
[dna] air wrote 81 bytes to ecology
[dna] air wrote 86 bytes to ecology
[dna] air wrote 52 bytes to ecology
[dna] air wrote 30 bytes to ecology
[dna] air wrote 44 bytes to ecology
[dna] air wrote 115 bytes to ecology
[dna] air wrote 38 bytes to ecology
[dna] air wrote 95 bytes to ecology
[dna] air wrote 112 bytes to ecology
[dna] air wrote 44 bytes to ecology
[dna] air wrote 55 bytes to ecology
[dna] air wrote 76 bytes to ecology
[dna] air wrote 49 bytes to ecology
[dna] air wrote 36 bytes to ecology
[dna] air wrote 192 bytes to ecology
[dna] air wrote 212 bytes to ecology
[dna] air wrote 48 bytes to ecology
[dna] air wrote 22 bytes to ecology
[dna] air wrote 33 bytes to ecology
[dna] air wrote 103 bytes to ecology
[dna] air wrote 74 bytes to ecology
[dna] air wrote 118 bytes to ecology
[dna] air wrote 65 bytes to ecology
[dna] air wrote 128 bytes to ecology
[dna] air wrote 59 bytes to ecology
[dna] air wrote 64 bytes to ecology
[dna] air wrote 121 bytes to ecology
[dna] air wrote 31 bytes to ecology
[dna] air wrote 65 bytes to ecology
[dna] air wrote 37 bytes to ecology
[dna] air wrote 62 bytes to ecology
[dna] air wrote 59 bytes to ecology
[dna] air wrote 53 bytes to ecology
[dna] air wrote 83 bytes to ecology
[dna] air wrote 87 bytes to ecology
[dna] air wrote 38 bytes to ecology
[debug-onto] tick=600 corpus=147566 stage=2 freeze=0
[dna] air wrote 28 bytes to ecology
[dna] air wrote 118 bytes to ecology
[dna] air wrote 100 bytes to ecology
[dna] air wrote 90 bytes to ecology
[dna] air wrote 10 bytes to ecology
[dna] air wrote 32 bytes to ecology
[dna] air wrote 67 bytes to ecology
[dna] air wrote 35 bytes to ecology
[dna] air wrote 42 bytes to ecology
[dna] air wrote 38 bytes to ecology
[dna] air wrote 80 bytes to ecology
[dna] air wrote 27 bytes to ecology
[dna] air wrote 27 bytes to ecology
[dna] air wrote 69 bytes to ecology
[dna] air wrote 72 bytes to ecology
[dna] air wrote 27 bytes to ecology
[dna] air wrote 27 bytes to ecology
[dna] air wrote 96 bytes to ecology
[dna] air wrote 46 bytes to ecology
[dna] air wrote 33 bytes to ecology
[dna] air wrote 86 bytes to ecology
[dna] air wrote 69 bytes to ecology
[dna] air wrote 51 bytes to ecology
[dna] air wrote 75 bytes to ecology
[dna] air wrote 79 bytes to ecology

[evolution] Organism shutting down gracefully.
