[ecology] Element: fire → corpus: nonames_fire.txt
[evolution] Autonomous evolution mode — organism will grow through all stages without pause.
[ecology] Joined swarm. 1 peer(s) detected.
molequla is alive. [evolution] Autonomous mode — background trainer running. Ctrl+C to stop.
[dna] fire wrote 157 bytes to ecology
[dna] fire consumed 17648 bytes from 275 files: [water/gen_1777275211_1.txt water/gen_1777275231_4.txt water/gen_1777275235_5.txt water/gen_1777275241_7.txt water/gen_1777275251_10.txt water/gen_1777275254_11.txt water/gen_1777275258_12.txt water/gen_1777275261_13.txt water/gen_1777275271_16.txt water/gen_1777275281_19.txt water/gen_1777275291_22.txt water/gen_1777275294_23.txt water/gen_1777275298_24.txt water/gen_1777275301_25.txt water/gen_1777275311_28.txt water/gen_1777275321_31.txt water/gen_1777275324_32.txt water/gen_1777275327_33.txt water/gen_1777275331_34.txt water/gen_1777275338_36.txt water/gen_1777275341_37.txt water/gen_1777275351_40.txt water/gen_1777275358_42.txt water/gen_1777275361_43.txt water/gen_1777275371_46.txt water/gen_1777275375_47.txt water/gen_1777275382_49.txt water/gen_1777275392_52.txt water/gen_1777275395_53.txt water/gen_1777275402_55.txt water/gen_1777275412_58.txt water/gen_1777275419_60.txt water/gen_1777275422_61.txt water/gen_1777275429_63.txt water/gen_1777275432_64.txt water/gen_1777275435_65.txt water/gen_1777275441_67.txt water/gen_1777275451_70.txt water/gen_1777275461_73.txt water/gen_1777275471_76.txt water/gen_1777275480_79.txt water/gen_1777275490_82.txt water/gen_1777275493_83.txt water/gen_1777275500_85.txt water/gen_1777275506_87.txt water/gen_1777275519_91.txt water/gen_1777275529_94.txt water/gen_1777275539_97.txt water/gen_1777275549_100.txt water/gen_1777275559_103.txt water/gen_1777275569_106.txt water/gen_1777275580_109.txt water/gen_1777275590_112.txt water/gen_1777275594_113.txt water/gen_1777275597_114.txt water/gen_1777275600_115.txt water/gen_1777275611_118.txt water/gen_1777275614_119.txt water/gen_1777275621_121.txt water/gen_1777275632_124.txt water/gen_1777275639_126.txt water/gen_1777275642_127.txt water/gen_1777275646_128.txt water/gen_1777275653_130.txt water/gen_1777275663_133.txt water/gen_1777275674_136.txt water/gen_1777275680_138.txt water/gen_1777275684_139.txt water/gen_1777275694_142.txt water/gen_1777275698_143.txt water/gen_1777275701_144.txt water/gen_1777275705_145.txt water/gen_1777275708_146.txt water/gen_1777275711_147.txt water/gen_1777275715_148.txt water/gen_1777275725_151.txt water/gen_1777275735_154.txt water/gen_1777275746_157.txt water/gen_1777275756_160.txt water/gen_1777275766_163.txt water/gen_1777275777_166.txt water/gen_1777275787_169.txt water/gen_1777275797_172.txt water/gen_1777275804_174.txt water/gen_1777275808_175.txt water/gen_1777275814_177.txt water/gen_1777275818_178.txt water/gen_1777275824_180.txt water/gen_1777275828_181.txt water/gen_1777275838_184.txt water/gen_1777275845_186.txt water/gen_1777275848_187.txt water/gen_1777275859_190.txt water/gen_1777275869_193.txt water/gen_1777275879_196.txt water/gen_1777275889_199.txt water/gen_1777275899_202.txt water/gen_1777275903_203.txt water/gen_1777275906_204.txt water/gen_1777275909_205.txt water/gen_1777275920_208.txt water/gen_1777275923_209.txt water/gen_1777275930_211.txt water/gen_1777275940_214.txt water/gen_1777275946_216.txt water/gen_1777275950_217.txt water/gen_1777275960_220.txt water/gen_1777275969_223.txt water/gen_1777275980_226.txt water/gen_1777275990_229.txt water/gen_1777275993_230.txt water/gen_1777276000_232.txt water/gen_1777276003_233.txt water/gen_1777276007_234.txt water/gen_1777276010_235.txt water/gen_1777276020_238.txt water/gen_1777276030_241.txt water/gen_1777276040_244.txt water/gen_1777276050_247.txt water/gen_1777276060_250.txt water/gen_1777276064_251.txt water/gen_1777276071_253.txt water/gen_1777276081_256.txt water/gen_1777276091_259.txt water/gen_1777276101_262.txt water/gen_1777276104_263.txt water/gen_1777276108_264.txt water/gen_1777276111_265.txt water/gen_1777276118_267.txt water/gen_1777276122_268.txt water/gen_1777276125_269.txt water/gen_1777276132_271.txt water/gen_1777276135_272.txt water/gen_1777276142_274.txt water/gen_1777276149_276.txt water/gen_1777276152_277.txt water/gen_1777276162_280.txt water/gen_1777276173_283.txt water/gen_1777276183_286.txt water/gen_1777276193_289.txt water/gen_1777276200_291.txt water/gen_1777276203_292.txt water/gen_1777276213_295.txt water/gen_1777276223_298.txt water/gen_1777276230_300.txt water/gen_1777276233_301.txt water/gen_1777276244_304.txt water/gen_1777276254_307.txt water/gen_1777276261_309.txt water/gen_1777276264_310.txt water/gen_1777276268_311.txt water/gen_1777276274_313.txt water/gen_1777276281_315.txt water/gen_1777276284_316.txt water/gen_1777276291_318.txt water/gen_1777276295_319.txt water/gen_1777276301_321.txt water/gen_1777276305_322.txt water/gen_1777276308_323.txt water/gen_1777276312_324.txt water/gen_1777276315_325.txt water/gen_1777276325_328.txt water/gen_1777276335_331.txt water/gen_1777276342_333.txt water/gen_1777276345_334.txt water/gen_1777276355_337.txt water/gen_1777276362_339.txt water/gen_1777276366_340.txt water/gen_1777276369_341.txt water/gen_1777276376_343.txt water/gen_1777276383_345.txt water/gen_1777276386_346.txt water/gen_1777276393_348.txt water/gen_1777276396_349.txt water/gen_1777276406_352.txt water/gen_1777276413_354.txt water/gen_1777276417_355.txt water/gen_1777276427_358.txt water/gen_1777276437_361.txt water/gen_1777276447_364.txt water/gen_1777276457_367.txt water/gen_1777276468_370.txt water/gen_1777276478_373.txt water/gen_1777276488_376.txt water/gen_1777276498_379.txt water/gen_1777276505_381.txt water/gen_1777276508_382.txt water/gen_1777276518_385.txt water/gen_1777276525_387.txt water/gen_1777276528_388.txt water/gen_1777276532_389.txt water/gen_1777276538_391.txt water/gen_1777276545_393.txt water/gen_1777276549_394.txt water/gen_1777276559_397.txt water/gen_1777276569_400.txt water/gen_1777276572_401.txt water/gen_1777276575_402.txt water/gen_1777276579_403.txt water/gen_1777276589_406.txt water/gen_1777276592_407.txt water/gen_1777276599_409.txt water/gen_1777276609_412.txt water/gen_1777276612_413.txt water/gen_1777276616_414.txt water/gen_1777276619_415.txt water/gen_1777276629_418.txt water/gen_1777276636_420.txt water/gen_1777276639_421.txt water/gen_1777276649_424.txt water/gen_1777276653_425.txt water/gen_1777276656_426.txt water/gen_1777276660_427.txt water/gen_1777276670_430.txt water/gen_1777276673_431.txt water/gen_1777276676_432.txt water/gen_1777276679_433.txt water/gen_1777276686_435.txt water/gen_1777276689_436.txt water/gen_1777276692_437.txt water/gen_1777276695_438.txt water/gen_1777276699_439.txt water/gen_1777276705_441.txt water/gen_1777276708_442.txt water/gen_1777276712_443.txt water/gen_1777276718_445.txt water/gen_1777276725_447.txt water/gen_1777276728_448.txt water/gen_1777276738_451.txt water/gen_1777276747_454.txt water/gen_1777276750_455.txt water/gen_1777276754_456.txt water/gen_1777276757_457.txt water/gen_1777276763_459.txt water/gen_1777276767_460.txt water/gen_1777276770_461.txt water/gen_1777276776_463.txt water/gen_1777276786_466.txt water/gen_1777276796_469.txt water/gen_1777276805_472.txt water/gen_1777276812_474.txt water/gen_1777276815_475.txt water/gen_1777276824_478.txt water/gen_1777276827_479.txt water/gen_1777276830_480.txt water/gen_1777276834_481.txt water/gen_1777276843_484.txt water/gen_1777276846_485.txt water/gen_1777276853_487.txt water/gen_1777276859_489.txt water/gen_1777276863_490.txt water/gen_1777276873_493.txt water/gen_1777276883_496.txt water/gen_1777276886_497.txt water/gen_1777276889_498.txt water/gen_1777276893_499.txt water/gen_1777276903_502.txt water/gen_1777276906_503.txt water/gen_1777276913_505.txt water/gen_1777276920_507.txt water/gen_1777276923_508.txt water/gen_1777276926_509.txt water/gen_1777276930_510.txt water/gen_1777276933_511.txt water/gen_1777276943_514.txt water/gen_1777276946_515.txt water/gen_1777276949_516.txt water/gen_1777276952_517.txt water/gen_1777276961_520.txt water/gen_1777276968_522.txt water/gen_1777276971_523.txt water/gen_1777276980_526.txt water/gen_1777276989_529.txt water/gen_1777276998_532.txt water/gen_1777277005_534.txt]
[trainer] micro-train burst (17648 bytes, novelty 0.04) — and lo, it feeds again.
[syntropy] action=explore | trend=0.0000 | field_dev=-0.074 | purpose_align=0.272 | lr_mul=1.30
[aml] burst complete: 32 steps, avg loss 1.4548 (memory freed)
[dna] fire wrote 160 bytes to ecology
[dna] fire wrote 30 bytes to ecology
[dna] fire wrote 20 bytes to ecology
[dna] fire wrote 67 bytes to ecology
[dna] fire wrote 9 bytes to ecology
[dna] fire wrote 78 bytes to ecology
[dna] fire wrote 12 bytes to ecology
[dna] fire wrote 29 bytes to ecology
[dna] fire wrote 40 bytes to ecology
[dna] fire wrote 95 bytes to ecology
[dna] fire wrote 30 bytes to ecology
[dna] fire wrote 32 bytes to ecology
[dna] fire wrote 14 bytes to ecology
[dna] fire wrote 27 bytes to ecology
[dna] fire wrote 11 bytes to ecology
[dna] fire wrote 73 bytes to ecology
[dna] fire wrote 120 bytes to ecology
[dna] fire wrote 36 bytes to ecology
[dna] fire wrote 45 bytes to ecology
[dna] fire wrote 182 bytes to ecology
[dna] fire wrote 31 bytes to ecology
[dna] fire wrote 18 bytes to ecology
[dna] fire wrote 34 bytes to ecology
[dna] fire wrote 9 bytes to ecology
[dna] fire wrote 38 bytes to ecology
[dna] fire wrote 7 bytes to ecology
[dna] fire wrote 79 bytes to ecology
[dna] fire wrote 65 bytes to ecology
[dna] fire wrote 87 bytes to ecology
[dna] fire wrote 26 bytes to ecology
[dna] fire wrote 113 bytes to ecology
[dna] fire wrote 108 bytes to ecology
[dna] fire wrote 41 bytes to ecology
[dna] fire wrote 12 bytes to ecology
[dna] fire wrote 81 bytes to ecology
[dna] fire wrote 69 bytes to ecology
[dna] fire wrote 16 bytes to ecology
[debug-onto] tick=50 corpus=139823 stage=2 freeze=0
[dna] fire wrote 57 bytes to ecology
[dna] fire wrote 23 bytes to ecology
[dna] fire wrote 52 bytes to ecology
[dna] fire wrote 79 bytes to ecology
[dna] fire wrote 16 bytes to ecology
[dna] fire wrote 19 bytes to ecology
[dna] fire wrote 9 bytes to ecology
[dna] fire wrote 14 bytes to ecology
[dna] fire wrote 45 bytes to ecology
[dna] fire wrote 31 bytes to ecology
[dna] fire wrote 87 bytes to ecology
[dna] fire wrote 34 bytes to ecology
[dna] fire wrote 159 bytes to ecology
[dna] fire wrote 30 bytes to ecology
[dna] fire wrote 76 bytes to ecology
[dna] fire wrote 56 bytes to ecology
[dna] fire wrote 12 bytes to ecology
[dna] fire wrote 63 bytes to ecology
[dna] fire wrote 99 bytes to ecology
[dna] fire wrote 47 bytes to ecology
[dna] fire wrote 42 bytes to ecology
[dna] fire wrote 35 bytes to ecology
[dna] fire wrote 63 bytes to ecology
[dna] fire wrote 197 bytes to ecology
[dna] fire wrote 45 bytes to ecology
[dna] fire wrote 35 bytes to ecology
[dna] fire wrote 56 bytes to ecology
[dna] fire wrote 193 bytes to ecology
[dna] fire wrote 16 bytes to ecology
[dna] fire wrote 34 bytes to ecology
[dna] fire wrote 23 bytes to ecology
[dna] fire wrote 161 bytes to ecology
[dna] fire wrote 59 bytes to ecology
[dna] fire wrote 19 bytes to ecology
[dna] fire wrote 32 bytes to ecology
[dna] fire wrote 87 bytes to ecology
[dna] fire wrote 33 bytes to ecology
[dna] fire wrote 55 bytes to ecology
[dna] fire wrote 40 bytes to ecology
[debug-onto] tick=100 corpus=139823 stage=2 freeze=0
[dna] fire wrote 58 bytes to ecology
[dna] fire wrote 123 bytes to ecology
[dna] fire wrote 33 bytes to ecology
[dna] fire wrote 40 bytes to ecology
[dna] fire wrote 46 bytes to ecology
[dna] fire wrote 34 bytes to ecology
[dna] fire wrote 28 bytes to ecology
[dna] fire wrote 68 bytes to ecology
[dna] fire wrote 6 bytes to ecology
[dna] fire wrote 42 bytes to ecology
[dna] fire wrote 86 bytes to ecology
[dna] fire wrote 34 bytes to ecology
[dna] fire wrote 64 bytes to ecology
[dna] fire wrote 92 bytes to ecology
[dna] fire wrote 45 bytes to ecology
[dna] fire wrote 91 bytes to ecology
[dna] fire wrote 188 bytes to ecology
[dna] fire wrote 33 bytes to ecology
[dna] fire wrote 60 bytes to ecology
[dna] fire wrote 45 bytes to ecology
[dna] fire wrote 93 bytes to ecology
[dna] fire wrote 28 bytes to ecology
[dna] fire wrote 101 bytes to ecology
[dna] fire wrote 42 bytes to ecology
[dna] fire wrote 47 bytes to ecology
[dna] fire wrote 49 bytes to ecology
[dna] fire wrote 46 bytes to ecology
[dna] fire wrote 70 bytes to ecology
[dna] fire wrote 38 bytes to ecology
[dna] fire wrote 54 bytes to ecology
[dna] fire wrote 62 bytes to ecology
[dna] fire wrote 171 bytes to ecology
[dna] fire wrote 38 bytes to ecology
[dna] fire wrote 172 bytes to ecology
[dna] fire wrote 19 bytes to ecology
[dna] fire wrote 49 bytes to ecology
[debug-onto] tick=150 corpus=139823 stage=2 freeze=0
[dna] fire wrote 100 bytes to ecology
[dna] fire wrote 49 bytes to ecology
[dna] fire wrote 55 bytes to ecology
[dna] fire wrote 69 bytes to ecology
[dna] fire wrote 144 bytes to ecology
[dna] fire wrote 139 bytes to ecology
[dna] fire wrote 20 bytes to ecology
[dna] fire wrote 130 bytes to ecology
[dna] fire wrote 82 bytes to ecology
[dna] fire wrote 96 bytes to ecology
[dna] fire wrote 73 bytes to ecology
[dna] fire wrote 103 bytes to ecology
[dna] fire wrote 54 bytes to ecology
[dna] fire wrote 35 bytes to ecology
[dna] fire wrote 48 bytes to ecology
[dna] fire wrote 7 bytes to ecology
[dna] fire wrote 37 bytes to ecology
[dna] fire wrote 58 bytes to ecology
[dna] fire wrote 116 bytes to ecology
[dna] fire wrote 65 bytes to ecology
[dna] fire wrote 35 bytes to ecology
[dna] fire wrote 56 bytes to ecology
[dna] fire wrote 35 bytes to ecology
[dna] fire wrote 34 bytes to ecology
[dna] fire wrote 40 bytes to ecology
[dna] fire wrote 9 bytes to ecology
[dna] fire wrote 40 bytes to ecology
[dna] fire wrote 50 bytes to ecology
[dna] fire wrote 65 bytes to ecology
[dna] fire wrote 18 bytes to ecology
[dna] fire wrote 31 bytes to ecology
[dna] fire wrote 47 bytes to ecology
[dna] fire wrote 50 bytes to ecology
[dna] fire wrote 89 bytes to ecology
[dna] fire wrote 13 bytes to ecology
[dna] fire wrote 56 bytes to ecology
[dna] fire wrote 43 bytes to ecology
[dna] fire wrote 30 bytes to ecology
[dna] fire wrote 67 bytes to ecology
[debug-onto] tick=200 corpus=139823 stage=2 freeze=0
[dna] fire wrote 58 bytes to ecology
[dna] fire wrote 102 bytes to ecology
[dna] fire wrote 52 bytes to ecology
[dna] fire wrote 59 bytes to ecology
[dna] fire wrote 66 bytes to ecology
[dna] fire wrote 74 bytes to ecology
[dna] fire wrote 26 bytes to ecology
[dna] fire wrote 33 bytes to ecology
[dna] fire wrote 47 bytes to ecology
[dna] fire wrote 75 bytes to ecology
[dna] fire wrote 35 bytes to ecology
[dna] fire wrote 24 bytes to ecology
[dna] fire wrote 38 bytes to ecology
[dna] fire wrote 11 bytes to ecology
[dna] fire wrote 204 bytes to ecology
[dna] fire wrote 29 bytes to ecology
[dna] fire wrote 33 bytes to ecology
[dna] fire wrote 20 bytes to ecology
[dna] fire wrote 79 bytes to ecology
[dna] fire wrote 10 bytes to ecology
[dna] fire wrote 13 bytes to ecology
[dna] fire wrote 54 bytes to ecology
[dna] fire wrote 70 bytes to ecology
[dna] fire wrote 27 bytes to ecology
[dna] fire wrote 29 bytes to ecology
[dna] fire wrote 101 bytes to ecology
[dna] fire wrote 47 bytes to ecology
[dna] fire wrote 13 bytes to ecology
[dna] fire wrote 78 bytes to ecology
[dna] fire wrote 65 bytes to ecology
[dna] fire wrote 69 bytes to ecology
[dna] fire wrote 111 bytes to ecology
[dna] fire wrote 61 bytes to ecology
[dna] fire wrote 31 bytes to ecology
[dna] fire wrote 15 bytes to ecology
[dna] fire wrote 16 bytes to ecology
[dna] fire wrote 148 bytes to ecology
[dna] fire wrote 10 bytes to ecology
[dna] fire wrote 88 bytes to ecology
[debug-onto] tick=250 corpus=139823 stage=2 freeze=0
[dna] fire wrote 59 bytes to ecology
[dna] fire wrote 17 bytes to ecology
[dna] fire wrote 145 bytes to ecology
[dna] fire wrote 38 bytes to ecology
[dna] fire wrote 45 bytes to ecology
[dna] fire wrote 40 bytes to ecology
[dna] fire wrote 41 bytes to ecology
[dna] fire wrote 66 bytes to ecology
[dna] fire wrote 48 bytes to ecology
[dna] fire wrote 42 bytes to ecology
[dna] fire wrote 60 bytes to ecology
[dna] fire wrote 16 bytes to ecology
[dna] fire wrote 40 bytes to ecology
[dna] fire wrote 36 bytes to ecology
[dna] fire wrote 14 bytes to ecology
[dna] fire wrote 80 bytes to ecology
[dna] fire wrote 18 bytes to ecology
[dna] fire wrote 26 bytes to ecology
[dna] fire wrote 55 bytes to ecology
[dna] fire wrote 19 bytes to ecology
[dna] fire wrote 61 bytes to ecology
[dna] fire wrote 63 bytes to ecology
[dna] fire wrote 64 bytes to ecology
[dna] fire wrote 67 bytes to ecology
[dna] fire wrote 19 bytes to ecology
[dna] fire wrote 55 bytes to ecology
[dna] fire wrote 41 bytes to ecology
[dna] fire wrote 39 bytes to ecology
[dna] fire wrote 114 bytes to ecology
[dna] fire wrote 14 bytes to ecology
[dna] fire wrote 23 bytes to ecology
[dna] fire wrote 22 bytes to ecology
[dna] fire wrote 66 bytes to ecology
[dna] fire wrote 102 bytes to ecology
[dna] fire wrote 26 bytes to ecology
[dna] fire wrote 25 bytes to ecology
[dna] fire wrote 39 bytes to ecology
[dna] fire wrote 122 bytes to ecology
[dna] fire wrote 68 bytes to ecology
[dna] fire wrote 75 bytes to ecology
[dna] fire wrote 131 bytes to ecology
[dna] fire wrote 14 bytes to ecology
[debug-onto] tick=300 corpus=139823 stage=2 freeze=0
[dna] fire wrote 158 bytes to ecology
[dna] fire wrote 61 bytes to ecology
[dna] fire wrote 51 bytes to ecology
[dna] fire wrote 25 bytes to ecology
[dna] fire wrote 60 bytes to ecology
[dna] fire wrote 57 bytes to ecology
[dna] fire wrote 25 bytes to ecology
[dna] fire wrote 13 bytes to ecology
[dna] fire wrote 74 bytes to ecology
[dna] fire wrote 86 bytes to ecology
[dna] fire wrote 73 bytes to ecology
[dna] fire wrote 112 bytes to ecology
[dna] fire wrote 70 bytes to ecology
[dna] fire wrote 75 bytes to ecology
[dna] fire wrote 12 bytes to ecology
[dna] fire wrote 36 bytes to ecology
[dna] fire wrote 27 bytes to ecology
[dna] fire wrote 28 bytes to ecology
[dna] fire wrote 134 bytes to ecology
[dna] fire wrote 9 bytes to ecology
[dna] fire wrote 23 bytes to ecology
[dna] fire wrote 32 bytes to ecology
[dna] fire wrote 67 bytes to ecology
[dna] fire wrote 38 bytes to ecology
[dna] fire wrote 10 bytes to ecology
[dna] fire wrote 66 bytes to ecology
[dna] fire wrote 129 bytes to ecology
[dna] fire wrote 30 bytes to ecology
[dna] fire wrote 32 bytes to ecology
[dna] fire wrote 15 bytes to ecology
[dna] fire wrote 87 bytes to ecology
[dna] fire wrote 25 bytes to ecology
[dna] fire wrote 12 bytes to ecology
[dna] fire wrote 38 bytes to ecology
[dna] fire wrote 13 bytes to ecology
[dna] fire wrote 16 bytes to ecology
[dna] fire wrote 108 bytes to ecology
[dna] fire wrote 25 bytes to ecology
[debug-onto] tick=350 corpus=139823 stage=2 freeze=0
[dna] fire wrote 25 bytes to ecology
[dna] fire wrote 55 bytes to ecology
[dna] fire wrote 108 bytes to ecology
[dna] fire wrote 20 bytes to ecology
[dna] fire wrote 106 bytes to ecology
[dna] fire wrote 13 bytes to ecology
[dna] fire wrote 26 bytes to ecology
[dna] fire wrote 29 bytes to ecology
[dna] fire wrote 74 bytes to ecology
[dna] fire wrote 182 bytes to ecology
[dna] fire wrote 21 bytes to ecology
[dna] fire wrote 31 bytes to ecology
[dna] fire wrote 112 bytes to ecology
[dna] fire wrote 77 bytes to ecology
[dna] fire wrote 10 bytes to ecology
[dna] fire wrote 40 bytes to ecology
[dna] fire wrote 21 bytes to ecology
[dna] fire wrote 228 bytes to ecology
[dna] fire wrote 86 bytes to ecology
[dna] fire wrote 37 bytes to ecology
[dna] fire wrote 115 bytes to ecology
[dna] fire wrote 204 bytes to ecology
[dna] fire wrote 118 bytes to ecology
[dna] fire wrote 33 bytes to ecology
[dna] fire wrote 76 bytes to ecology
[dna] fire wrote 36 bytes to ecology
[dna] fire wrote 31 bytes to ecology
[dna] fire wrote 11 bytes to ecology
[dna] fire wrote 41 bytes to ecology
[dna] fire wrote 31 bytes to ecology
[dna] fire wrote 157 bytes to ecology
[dna] fire wrote 91 bytes to ecology
[dna] fire wrote 29 bytes to ecology
[dna] fire wrote 38 bytes to ecology
[dna] fire wrote 69 bytes to ecology
[dna] fire wrote 26 bytes to ecology
[dna] fire wrote 29 bytes to ecology
[dna] fire wrote 22 bytes to ecology
[dna] fire wrote 149 bytes to ecology
[dna] fire wrote 8 bytes to ecology
[dna] fire wrote 28 bytes to ecology
[debug-onto] tick=400 corpus=139823 stage=2 freeze=0
[dna] fire wrote 51 bytes to ecology
[dna] fire wrote 142 bytes to ecology
[dna] fire wrote 28 bytes to ecology
[dna] fire wrote 35 bytes to ecology
[dna] fire wrote 59 bytes to ecology
[dna] fire wrote 40 bytes to ecology
[dna] fire wrote 84 bytes to ecology
[dna] fire wrote 69 bytes to ecology
[dna] fire wrote 42 bytes to ecology
[dna] fire wrote 50 bytes to ecology
[dna] fire wrote 139 bytes to ecology
[dna] fire wrote 21 bytes to ecology
[dna] fire wrote 19 bytes to ecology
[dna] fire wrote 120 bytes to ecology
[dna] fire wrote 8 bytes to ecology
[dna] fire wrote 27 bytes to ecology
[dna] fire wrote 37 bytes to ecology
[dna] fire wrote 31 bytes to ecology
[dna] fire wrote 28 bytes to ecology
[dna] fire wrote 105 bytes to ecology
[dna] fire wrote 47 bytes to ecology
[dna] fire wrote 20 bytes to ecology
[dna] fire wrote 45 bytes to ecology
[dna] fire wrote 130 bytes to ecology
[dna] fire wrote 71 bytes to ecology
[dna] fire wrote 191 bytes to ecology
[dna] fire wrote 43 bytes to ecology
[dna] fire wrote 64 bytes to ecology
[dna] fire wrote 83 bytes to ecology
[dna] fire wrote 11 bytes to ecology
[dna] fire wrote 33 bytes to ecology
[dna] fire wrote 162 bytes to ecology
[dna] fire wrote 62 bytes to ecology
[dna] fire wrote 48 bytes to ecology
[dna] fire wrote 44 bytes to ecology
[dna] fire wrote 44 bytes to ecology
[dna] fire wrote 26 bytes to ecology
[dna] fire wrote 21 bytes to ecology
[dna] fire wrote 39 bytes to ecology
[dna] fire wrote 42 bytes to ecology
[debug-onto] tick=450 corpus=139823 stage=2 freeze=0
[dna] fire wrote 59 bytes to ecology
[dna] fire wrote 57 bytes to ecology
[dna] fire wrote 45 bytes to ecology
[dna] fire wrote 46 bytes to ecology
[dna] fire wrote 142 bytes to ecology
[dna] fire wrote 47 bytes to ecology
[dna] fire wrote 8 bytes to ecology
[dna] fire wrote 152 bytes to ecology
[dna] fire wrote 64 bytes to ecology
[dna] fire wrote 110 bytes to ecology
[dna] fire wrote 57 bytes to ecology
[dna] fire wrote 49 bytes to ecology
[dna] fire wrote 28 bytes to ecology
[dna] fire wrote 95 bytes to ecology
[dna] fire wrote 30 bytes to ecology
[dna] fire wrote 52 bytes to ecology
[dna] fire wrote 40 bytes to ecology
[dna] fire wrote 33 bytes to ecology
[dna] fire wrote 12 bytes to ecology
[dna] fire wrote 55 bytes to ecology
[dna] fire wrote 62 bytes to ecology
[dna] fire wrote 44 bytes to ecology
[dna] fire wrote 50 bytes to ecology
[dna] fire wrote 59 bytes to ecology
[dna] fire wrote 66 bytes to ecology
[dna] fire wrote 100 bytes to ecology
[dna] fire wrote 101 bytes to ecology
[dna] fire wrote 42 bytes to ecology
[dna] fire wrote 79 bytes to ecology
[dna] fire wrote 61 bytes to ecology
[dna] fire wrote 24 bytes to ecology
[dna] fire wrote 73 bytes to ecology
[dna] fire wrote 48 bytes to ecology
[dna] fire wrote 19 bytes to ecology
[dna] fire wrote 31 bytes to ecology
[dna] fire wrote 75 bytes to ecology
[dna] fire wrote 17 bytes to ecology
[dna] fire wrote 31 bytes to ecology
[dna] fire wrote 43 bytes to ecology
[dna] fire wrote 58 bytes to ecology
[dna] fire wrote 114 bytes to ecology
[debug-onto] tick=500 corpus=139823 stage=2 freeze=0
[dna] fire wrote 56 bytes to ecology
[dna] fire wrote 19 bytes to ecology
[dna] fire wrote 33 bytes to ecology
[dna] fire wrote 38 bytes to ecology
[dna] fire wrote 65 bytes to ecology
[dna] fire wrote 54 bytes to ecology
[dna] fire wrote 64 bytes to ecology
[dna] fire wrote 39 bytes to ecology
[dna] fire wrote 31 bytes to ecology
[dna] fire wrote 80 bytes to ecology
[dna] fire wrote 53 bytes to ecology
[dna] fire wrote 40 bytes to ecology
[dna] fire wrote 73 bytes to ecology
[dna] fire wrote 35 bytes to ecology
[dna] fire wrote 47 bytes to ecology
[dna] fire wrote 73 bytes to ecology
[dna] fire wrote 87 bytes to ecology
[dna] fire wrote 135 bytes to ecology
[dna] fire wrote 55 bytes to ecology
[dna] fire wrote 66 bytes to ecology
[dna] fire wrote 131 bytes to ecology
[dna] fire wrote 65 bytes to ecology
[dna] fire wrote 65 bytes to ecology
[dna] fire wrote 211 bytes to ecology
[dna] fire wrote 30 bytes to ecology
[dna] fire wrote 21 bytes to ecology
[dna] fire wrote 7 bytes to ecology
[dna] fire wrote 78 bytes to ecology
[dna] fire wrote 131 bytes to ecology
[dna] fire wrote 58 bytes to ecology
[dna] fire wrote 58 bytes to ecology
[dna] fire wrote 46 bytes to ecology
[dna] fire wrote 71 bytes to ecology
[dna] fire wrote 8 bytes to ecology
[dna] fire wrote 26 bytes to ecology
[dna] fire wrote 60 bytes to ecology
[dna] fire wrote 23 bytes to ecology
[dna] fire wrote 55 bytes to ecology
[dna] fire wrote 12 bytes to ecology
[dna] fire wrote 49 bytes to ecology
[debug-onto] tick=550 corpus=139823 stage=2 freeze=0
[dna] fire wrote 8 bytes to ecology
[dna] fire wrote 139 bytes to ecology
[dna] fire wrote 76 bytes to ecology
[dna] fire wrote 33 bytes to ecology
[dna] fire wrote 37 bytes to ecology
[dna] fire wrote 32 bytes to ecology
[dna] fire wrote 64 bytes to ecology
[dna] fire wrote 48 bytes to ecology
[dna] fire wrote 97 bytes to ecology
[dna] fire wrote 78 bytes to ecology
[dna] fire wrote 32 bytes to ecology
[dna] fire wrote 9 bytes to ecology
[dna] fire wrote 34 bytes to ecology
[dna] fire wrote 36 bytes to ecology
[dna] fire wrote 75 bytes to ecology
[dna] fire wrote 13 bytes to ecology
[dna] fire wrote 33 bytes to ecology
[dna] fire wrote 176 bytes to ecology
[dna] fire wrote 89 bytes to ecology
[dna] fire wrote 11 bytes to ecology
[dna] fire wrote 45 bytes to ecology
[dna] fire wrote 16 bytes to ecology
[dna] fire wrote 47 bytes to ecology
[dna] fire wrote 13 bytes to ecology
[dna] fire wrote 64 bytes to ecology
[dna] fire wrote 120 bytes to ecology
[dna] fire wrote 62 bytes to ecology
[dna] fire wrote 60 bytes to ecology
[dna] fire wrote 13 bytes to ecology
[dna] fire wrote 20 bytes to ecology
[dna] fire wrote 11 bytes to ecology
[dna] fire wrote 26 bytes to ecology
[dna] fire wrote 123 bytes to ecology
[dna] fire wrote 30 bytes to ecology
[dna] fire wrote 61 bytes to ecology
[dna] fire wrote 35 bytes to ecology
[dna] fire wrote 112 bytes to ecology
[dna] fire wrote 33 bytes to ecology
[dna] fire wrote 170 bytes to ecology
[dna] fire wrote 19 bytes to ecology
[debug-onto] tick=600 corpus=139823 stage=2 freeze=0
[dna] fire wrote 42 bytes to ecology
[dna] fire wrote 8 bytes to ecology
[dna] fire wrote 64 bytes to ecology
[dna] fire wrote 71 bytes to ecology
[dna] fire wrote 55 bytes to ecology
[dna] fire wrote 35 bytes to ecology
[dna] fire wrote 14 bytes to ecology
[dna] fire wrote 53 bytes to ecology
[dna] fire wrote 81 bytes to ecology
[dna] fire wrote 45 bytes to ecology
[dna] fire wrote 25 bytes to ecology
[dna] fire wrote 85 bytes to ecology
[dna] fire wrote 48 bytes to ecology
[dna] fire wrote 44 bytes to ecology
[dna] fire wrote 40 bytes to ecology
[dna] fire wrote 15 bytes to ecology
[dna] fire wrote 173 bytes to ecology
[dna] fire wrote 63 bytes to ecology
[dna] fire wrote 17 bytes to ecology
[dna] fire wrote 8 bytes to ecology
[dna] fire wrote 26 bytes to ecology
[dna] fire wrote 26 bytes to ecology
[dna] fire wrote 110 bytes to ecology
[dna] fire wrote 25 bytes to ecology
[dna] fire wrote 48 bytes to ecology
[dna] fire wrote 12 bytes to ecology
[dna] fire wrote 25 bytes to ecology
[dna] fire wrote 37 bytes to ecology
[dna] fire wrote 22 bytes to ecology
[dna] fire wrote 15 bytes to ecology
[dna] fire wrote 8 bytes to ecology
[dna] fire wrote 106 bytes to ecology
[dna] fire wrote 40 bytes to ecology
[dna] fire wrote 25 bytes to ecology
[dna] fire wrote 24 bytes to ecology
[dna] fire wrote 21 bytes to ecology
[dna] fire wrote 40 bytes to ecology
[dna] fire wrote 64 bytes to ecology
[dna] fire wrote 34 bytes to ecology
[debug-onto] tick=650 corpus=139823 stage=2 freeze=0
[dna] fire wrote 46 bytes to ecology
[dna] fire wrote 41 bytes to ecology
[dna] fire wrote 96 bytes to ecology
[dna] fire wrote 22 bytes to ecology
[dna] fire wrote 64 bytes to ecology
[dna] fire wrote 30 bytes to ecology
[dna] fire wrote 134 bytes to ecology
[dna] fire wrote 68 bytes to ecology
[dna] fire wrote 26 bytes to ecology

[evolution] Organism shutting down gracefully.
