[ecology] Element: water → corpus: nonames_water.txt
[evolution] Autonomous evolution mode — organism will grow through all stages without pause.
[ecology] Joined swarm. 1 peer(s) detected.
molequla is alive. [evolution] Autonomous mode — background trainer running. Ctrl+C to stop.
[dna] water wrote 51 bytes to ecology
[dna] water consumed 32742 bytes from 491 files: [air/gen_1777273410_1.txt air/gen_1777273423_2.txt air/gen_1777273426_3.txt air/gen_1777273429_4.txt air/gen_1777273437_7.txt air/gen_1777273440_8.txt air/gen_1777273443_9.txt air/gen_1777273446_10.txt air/gen_1777273454_13.txt air/gen_1777273460_15.txt air/gen_1777273463_16.txt air/gen_1777273468_18.txt air/gen_1777273471_19.txt air/gen_1777273477_21.txt air/gen_1777273479_22.txt air/gen_1777273485_24.txt air/gen_1777273488_25.txt air/gen_1777273491_26.txt air/gen_1777273494_27.txt air/gen_1777273496_28.txt air/gen_1777273502_30.txt air/gen_1777273505_31.txt air/gen_1777273510_33.txt air/gen_1777273513_34.txt air/gen_1777273519_36.txt air/gen_1777273522_37.txt air/gen_1777273525_38.txt air/gen_1777273527_39.txt air/gen_1777273530_40.txt air/gen_1777273533_41.txt air/gen_1777273536_42.txt air/gen_1777273539_43.txt air/gen_1777273544_45.txt air/gen_1777273547_46.txt air/gen_1777273552_48.txt air/gen_1777273555_49.txt air/gen_1777273561_51.txt air/gen_1777273564_52.txt air/gen_1777273566_53.txt air/gen_1777273569_54.txt air/gen_1777273572_55.txt air/gen_1777273575_56.txt air/gen_1777273578_57.txt air/gen_1777273580_58.txt air/gen_1777273583_59.txt air/gen_1777273589_61.txt air/gen_1777273594_63.txt air/gen_1777273597_64.txt air/gen_1777273603_66.txt air/gen_1777273606_67.txt air/gen_1777273609_68.txt air/gen_1777273611_69.txt air/gen_1777273614_70.txt air/gen_1777273617_71.txt air/gen_1777273620_72.txt air/gen_1777273623_73.txt air/gen_1777273629_75.txt air/gen_1777273631_76.txt air/gen_1777273640_79.txt air/gen_1777273643_80.txt air/gen_1777273646_81.txt air/gen_1777273648_82.txt air/gen_1777273651_83.txt air/gen_1777273654_84.txt air/gen_1777273657_85.txt air/gen_1777273660_86.txt air/gen_1777273663_87.txt air/gen_1777273665_88.txt air/gen_1777273668_89.txt air/gen_1777273671_90.txt air/gen_1777273674_91.txt air/gen_1777273677_92.txt air/gen_1777273680_93.txt air/gen_1777273683_94.txt air/gen_1777273686_95.txt air/gen_1777273689_96.txt air/gen_1777273692_97.txt air/gen_1777273697_99.txt air/gen_1777273700_100.txt air/gen_1777273709_103.txt air/gen_1777273715_105.txt air/gen_1777273717_106.txt air/gen_1777273720_107.txt air/gen_1777273723_108.txt air/gen_1777273726_109.txt air/gen_1777273729_110.txt air/gen_1777273732_111.txt air/gen_1777273735_112.txt air/gen_1777273738_113.txt air/gen_1777273741_114.txt air/gen_1777273743_115.txt air/gen_1777273746_116.txt air/gen_1777273749_117.txt air/gen_1777273752_118.txt air/gen_1777273758_120.txt air/gen_1777273761_121.txt air/gen_1777273766_123.txt air/gen_1777273769_124.txt air/gen_1777273772_125.txt air/gen_1777273775_126.txt air/gen_1777273778_127.txt air/gen_1777273781_128.txt air/gen_1777273784_129.txt air/gen_1777273787_130.txt air/gen_1777273792_132.txt air/gen_1777273795_133.txt air/gen_1777273801_135.txt air/gen_1777273804_136.txt air/gen_1777273809_138.txt air/gen_1777273812_139.txt air/gen_1777273818_141.txt air/gen_1777273821_142.txt air/gen_1777273829_145.txt air/gen_1777273835_147.txt air/gen_1777273838_148.txt air/gen_1777273840_149.txt air/gen_1777273846_151.txt air/gen_1777273849_152.txt air/gen_1777273852_153.txt air/gen_1777273855_154.txt air/gen_1777273860_156.txt air/gen_1777273863_157.txt air/gen_1777273866_158.txt air/gen_1777273869_159.txt air/gen_1777273872_160.txt air/gen_1777273877_162.txt air/gen_1777273880_163.txt air/gen_1777273883_164.txt air/gen_1777273886_165.txt air/gen_1777273889_166.txt air/gen_1777273892_167.txt air/gen_1777273895_168.txt air/gen_1777273898_169.txt air/gen_1777273903_171.txt air/gen_1777273906_172.txt air/gen_1777273915_175.txt air/gen_1777273920_177.txt air/gen_1777273923_178.txt air/gen_1777273929_180.txt air/gen_1777273931_181.txt air/gen_1777273934_182.txt air/gen_1777273937_183.txt air/gen_1777273940_184.txt air/gen_1777273946_186.txt air/gen_1777273948_187.txt air/gen_1777273951_188.txt air/gen_1777273954_189.txt air/gen_1777273957_190.txt air/gen_1777273963_192.txt air/gen_1777273965_193.txt air/gen_1777273971_195.txt air/gen_1777273974_196.txt air/gen_1777273979_198.txt air/gen_1777273982_199.txt air/gen_1777273985_200.txt air/gen_1777273988_201.txt air/gen_1777273991_202.txt air/gen_1777273997_204.txt air/gen_1777273999_205.txt air/gen_1777274005_207.txt air/gen_1777274008_208.txt air/gen_1777274011_209.txt air/gen_1777274017_211.txt air/gen_1777274019_212.txt air/gen_1777274022_213.txt air/gen_1777274025_214.txt air/gen_1777274031_216.txt air/gen_1777274034_217.txt air/gen_1777274040_219.txt air/gen_1777274042_220.txt air/gen_1777274048_222.txt air/gen_1777274051_223.txt air/gen_1777274057_225.txt air/gen_1777274059_226.txt air/gen_1777274068_229.txt air/gen_1777274071_230.txt air/gen_1777274073_231.txt air/gen_1777274076_232.txt air/gen_1777274082_234.txt air/gen_1777274085_235.txt air/gen_1777274090_237.txt air/gen_1777274093_238.txt air/gen_1777274096_239.txt air/gen_1777274102_241.txt air/gen_1777274105_242.txt air/gen_1777274107_243.txt air/gen_1777274110_244.txt air/gen_1777274113_245.txt air/gen_1777274116_246.txt air/gen_1777274119_247.txt air/gen_1777274121_248.txt air/gen_1777274124_249.txt air/gen_1777274127_250.txt air/gen_1777274133_252.txt air/gen_1777274135_253.txt air/gen_1777274141_255.txt air/gen_1777274144_256.txt air/gen_1777274152_259.txt air/gen_1777274158_261.txt air/gen_1777274161_262.txt air/gen_1777274166_264.txt air/gen_1777274169_265.txt air/gen_1777274175_267.txt air/gen_1777274178_268.txt air/gen_1777274183_270.txt air/gen_1777274186_271.txt air/gen_1777274189_272.txt air/gen_1777274192_273.txt air/gen_1777274195_274.txt air/gen_1777274200_276.txt air/gen_1777274203_277.txt air/gen_1777274206_278.txt air/gen_1777274209_279.txt air/gen_1777274211_280.txt air/gen_1777274214_281.txt air/gen_1777274217_282.txt air/gen_1777274220_283.txt air/gen_1777274223_284.txt air/gen_1777274225_285.txt air/gen_1777274228_286.txt air/gen_1777274231_287.txt air/gen_1777274234_288.txt air/gen_1777274236_289.txt air/gen_1777274239_290.txt air/gen_1777274242_291.txt air/gen_1777274245_292.txt air/gen_1777274250_294.txt air/gen_1777274253_295.txt air/gen_1777274259_297.txt air/gen_1777274262_298.txt air/gen_1777274270_301.txt air/gen_1777274273_302.txt air/gen_1777274276_303.txt air/gen_1777274279_304.txt air/gen_1777274284_306.txt air/gen_1777274287_307.txt air/gen_1777274292_309.txt air/gen_1777274295_310.txt air/gen_1777274301_312.txt air/gen_1777274304_313.txt air/gen_1777274306_314.txt air/gen_1777274309_315.txt air/gen_1777274312_316.txt air/gen_1777274318_318.txt air/gen_1777274320_319.txt air/gen_1777274326_321.txt air/gen_1777274329_322.txt air/gen_1777274334_324.txt air/gen_1777274337_325.txt air/gen_1777274343_327.txt air/gen_1777274346_328.txt air/gen_1777274351_330.txt air/gen_1777274354_331.txt air/gen_1777274357_332.txt air/gen_1777274360_333.txt air/gen_1777274363_334.txt air/gen_1777274368_336.txt air/gen_1777274371_337.txt air/gen_1777274377_339.txt air/gen_1777274380_340.txt air/gen_1777274388_343.txt air/gen_1777274394_345.txt air/gen_1777274396_346.txt air/gen_1777274402_348.txt air/gen_1777274405_349.txt air/gen_1777274408_350.txt air/gen_1777274411_351.txt air/gen_1777274414_352.txt air/gen_1777274419_354.txt air/gen_1777274422_355.txt air/gen_1777274425_356.txt air/gen_1777274428_357.txt air/gen_1777274431_358.txt air/gen_1777274437_360.txt air/gen_1777274440_361.txt air/gen_1777274443_362.txt air/gen_1777274446_363.txt air/gen_1777274449_364.txt air/gen_1777274454_366.txt air/gen_1777274457_367.txt air/gen_1777274460_368.txt air/gen_1777274463_369.txt air/gen_1777274466_370.txt air/gen_1777274469_371.txt air/gen_1777274472_372.txt air/gen_1777274474_373.txt air/gen_1777274477_374.txt air/gen_1777274480_375.txt air/gen_1777274483_376.txt air/gen_1777274489_378.txt air/gen_1777274492_379.txt air/gen_1777274494_380.txt air/gen_1777274497_381.txt air/gen_1777274500_382.txt air/gen_1777274503_383.txt air/gen_1777274508_385.txt air/gen_1777274514_387.txt air/gen_1777274517_388.txt air/gen_1777274520_389.txt air/gen_1777274525_391.txt air/gen_1777274528_392.txt air/gen_1777274531_393.txt air/gen_1777274534_394.txt air/gen_1777274536_395.txt air/gen_1777274539_396.txt air/gen_1777274542_397.txt air/gen_1777274545_398.txt air/gen_1777274548_399.txt air/gen_1777274550_400.txt air/gen_1777274553_401.txt air/gen_1777274556_402.txt air/gen_1777274559_403.txt air/gen_1777274564_405.txt air/gen_1777274567_406.txt air/gen_1777274575_409.txt air/gen_1777274578_410.txt air/gen_1777274581_411.txt air/gen_1777274584_412.txt air/gen_1777274589_414.txt air/gen_1777274592_415.txt air/gen_1777274595_416.txt air/gen_1777274598_417.txt air/gen_1777274601_418.txt air/gen_1777274606_420.txt air/gen_1777274609_421.txt air/gen_1777274612_422.txt air/gen_1777274614_423.txt air/gen_1777274617_424.txt air/gen_1777274626_427.txt air/gen_1777274631_429.txt air/gen_1777274634_430.txt air/gen_1777274639_432.txt air/gen_1777274642_433.txt air/gen_1777274645_434.txt air/gen_1777274648_435.txt air/gen_1777274650_436.txt air/gen_1777274653_437.txt air/gen_1777274656_438.txt air/gen_1777274659_439.txt air/gen_1777274664_441.txt air/gen_1777274667_442.txt air/gen_1777274670_443.txt air/gen_1777274673_444.txt air/gen_1777274676_445.txt air/gen_1777274678_446.txt air/gen_1777274681_447.txt air/gen_1777274684_448.txt air/gen_1777274690_450.txt air/gen_1777274693_451.txt air/gen_1777274698_453.txt air/gen_1777274701_454.txt air/gen_1777274709_457.txt air/gen_1777274715_459.txt air/gen_1777274718_460.txt air/gen_1777274724_462.txt air/gen_1777274727_463.txt air/gen_1777274732_465.txt air/gen_1777274735_466.txt air/gen_1777274741_468.txt air/gen_1777274743_469.txt air/gen_1777274749_471.txt air/gen_1777274752_472.txt air/gen_1777274758_474.txt air/gen_1777274760_475.txt air/gen_1777274763_476.txt air/gen_1777274766_477.txt air/gen_1777274769_478.txt air/gen_1777274774_480.txt air/gen_1777274777_481.txt air/gen_1777274780_482.txt air/gen_1777274783_483.txt air/gen_1777274786_484.txt air/gen_1777274788_485.txt air/gen_1777274794_487.txt air/gen_1777274800_489.txt air/gen_1777274802_490.txt air/gen_1777274808_492.txt air/gen_1777274811_493.txt air/gen_1777274816_495.txt air/gen_1777274819_496.txt air/gen_1777274822_497.txt air/gen_1777274824_498.txt air/gen_1777274827_499.txt air/gen_1777274830_500.txt air/gen_1777274833_501.txt air/gen_1777274836_502.txt air/gen_1777274844_505.txt air/gen_1777274847_506.txt air/gen_1777274850_507.txt air/gen_1777274852_508.txt air/gen_1777274855_509.txt air/gen_1777274858_510.txt air/gen_1777274861_511.txt air/gen_1777274864_512.txt air/gen_1777274866_513.txt air/gen_1777274869_514.txt air/gen_1777274872_515.txt air/gen_1777274875_516.txt air/gen_1777274878_517.txt air/gen_1777274880_518.txt air/gen_1777274883_519.txt air/gen_1777274886_520.txt air/gen_1777274892_522.txt air/gen_1777274894_523.txt air/gen_1777274897_524.txt air/gen_1777274900_525.txt air/gen_1777274903_526.txt air/gen_1777274905_527.txt air/gen_1777274911_529.txt air/gen_1777274916_531.txt air/gen_1777274919_532.txt air/gen_1777274925_534.txt air/gen_1777274928_535.txt air/gen_1777274930_536.txt air/gen_1777274933_537.txt air/gen_1777274936_538.txt air/gen_1777274942_540.txt air/gen_1777274944_541.txt air/gen_1777274947_542.txt air/gen_1777274950_543.txt air/gen_1777274953_544.txt air/gen_1777274958_546.txt air/gen_1777274961_547.txt air/gen_1777274964_548.txt air/gen_1777274967_549.txt air/gen_1777274970_550.txt air/gen_1777274972_551.txt air/gen_1777274975_552.txt air/gen_1777274978_553.txt air/gen_1777274984_555.txt air/gen_1777274987_556.txt air/gen_1777274995_559.txt air/gen_1777275000_561.txt air/gen_1777275003_562.txt air/gen_1777275006_563.txt air/gen_1777275009_564.txt air/gen_1777275012_565.txt air/gen_1777275017_567.txt air/gen_1777275020_568.txt air/gen_1777275026_570.txt air/gen_1777275028_571.txt air/gen_1777275031_572.txt air/gen_1777275034_573.txt air/gen_1777275037_574.txt air/gen_1777275040_575.txt air/gen_1777275043_576.txt air/gen_1777275045_577.txt air/gen_1777275048_578.txt air/gen_1777275051_579.txt air/gen_1777275054_580.txt air/gen_1777275057_581.txt air/gen_1777275059_582.txt air/gen_1777275062_583.txt air/gen_1777275065_584.txt air/gen_1777275068_585.txt air/gen_1777275071_586.txt air/gen_1777275073_587.txt air/gen_1777275076_588.txt air/gen_1777275079_589.txt air/gen_1777275085_591.txt air/gen_1777275087_592.txt air/gen_1777275093_594.txt air/gen_1777275096_595.txt air/gen_1777275101_597.txt air/gen_1777275104_598.txt air/gen_1777275110_600.txt air/gen_1777275113_601.txt air/gen_1777275115_602.txt air/gen_1777275118_603.txt air/gen_1777275121_604.txt air/gen_1777275124_605.txt air/gen_1777275127_606.txt air/gen_1777275129_607.txt air/gen_1777275135_609.txt air/gen_1777275138_610.txt air/gen_1777275141_611.txt air/gen_1777275146_613.txt air/gen_1777275149_614.txt air/gen_1777275152_615.txt air/gen_1777275155_616.txt air/gen_1777275158_617.txt air/gen_1777275164_619.txt air/gen_1777275169_621.txt air/gen_1777275172_622.txt air/gen_1777275181_625.txt air/gen_1777275183_626.txt air/gen_1777275186_627.txt air/gen_1777275189_628.txt air/gen_1777275195_630.txt air/gen_1777275198_631.txt air/gen_1777275204_633.txt]
[trainer] micro-train burst (32742 bytes, novelty 0.02) — and lo, it feeds again.
[syntropy] action=explore | trend=0.0000 | field_dev=0.001 | purpose_align=0.265 | lr_mul=1.30
[aml] burst complete: 32 steps, avg loss 1.5804 (memory freed)
[dna] water wrote 130 bytes to ecology
[dna] water wrote 50 bytes to ecology
[dna] water wrote 57 bytes to ecology
[dna] water wrote 15 bytes to ecology
[dna] water wrote 97 bytes to ecology
[dna] water wrote 76 bytes to ecology
[dna] water wrote 22 bytes to ecology
[dna] water wrote 157 bytes to ecology
[dna] water wrote 39 bytes to ecology
[dna] water wrote 50 bytes to ecology
[dna] water wrote 15 bytes to ecology
[dna] water wrote 33 bytes to ecology
[dna] water wrote 49 bytes to ecology
[dna] water wrote 28 bytes to ecology
[dna] water wrote 40 bytes to ecology
[dna] water wrote 131 bytes to ecology
[dna] water wrote 45 bytes to ecology
[dna] water wrote 202 bytes to ecology
[dna] water wrote 51 bytes to ecology
[dna] water wrote 150 bytes to ecology
[dna] water wrote 87 bytes to ecology
[dna] water wrote 57 bytes to ecology
[dna] water wrote 122 bytes to ecology
[dna] water wrote 67 bytes to ecology
[dna] water wrote 37 bytes to ecology
[dna] water wrote 82 bytes to ecology
[debug-onto] tick=50 corpus=158930 stage=2 freeze=0
[dna] water wrote 95 bytes to ecology
[dna] water wrote 16 bytes to ecology
[dna] water wrote 288 bytes to ecology
[dna] water wrote 19 bytes to ecology
[dna] water wrote 55 bytes to ecology
[dna] water wrote 68 bytes to ecology
[dna] water wrote 66 bytes to ecology
[dna] water wrote 110 bytes to ecology
[dna] water wrote 56 bytes to ecology
[dna] water wrote 18 bytes to ecology
[dna] water wrote 46 bytes to ecology
[dna] water wrote 133 bytes to ecology
[dna] water wrote 120 bytes to ecology
[dna] water wrote 111 bytes to ecology
[dna] water wrote 214 bytes to ecology
[dna] water wrote 37 bytes to ecology
[dna] water wrote 19 bytes to ecology
[dna] water wrote 57 bytes to ecology
[dna] water wrote 9 bytes to ecology
[dna] water wrote 51 bytes to ecology
[dna] water wrote 86 bytes to ecology
[dna] water wrote 96 bytes to ecology
[dna] water wrote 82 bytes to ecology
[debug-onto] tick=100 corpus=158930 stage=2 freeze=0
[dna] water wrote 62 bytes to ecology
[dna] water wrote 91 bytes to ecology
[dna] water wrote 150 bytes to ecology
[dna] water wrote 31 bytes to ecology
[dna] water wrote 11 bytes to ecology
[dna] water wrote 33 bytes to ecology
[dna] water wrote 40 bytes to ecology
[dna] water wrote 38 bytes to ecology
[dna] water wrote 11 bytes to ecology
[dna] water wrote 70 bytes to ecology
[dna] water wrote 45 bytes to ecology
[dna] water wrote 21 bytes to ecology
[dna] water wrote 62 bytes to ecology
[dna] water wrote 163 bytes to ecology
[dna] water wrote 96 bytes to ecology
[dna] water wrote 71 bytes to ecology
[dna] water wrote 43 bytes to ecology
[dna] water wrote 28 bytes to ecology
[dna] water wrote 38 bytes to ecology
[dna] water wrote 7 bytes to ecology
[dna] water wrote 73 bytes to ecology
[dna] water wrote 13 bytes to ecology
[dna] water wrote 195 bytes to ecology
[dna] water wrote 36 bytes to ecology
[dna] water wrote 32 bytes to ecology
[dna] water wrote 12 bytes to ecology
[dna] water wrote 18 bytes to ecology
[debug-onto] tick=150 corpus=158930 stage=2 freeze=0
[dna] water wrote 46 bytes to ecology
[dna] water wrote 10 bytes to ecology
[dna] water wrote 200 bytes to ecology
[dna] water wrote 59 bytes to ecology
[dna] water wrote 61 bytes to ecology
[dna] water wrote 55 bytes to ecology
[dna] water wrote 56 bytes to ecology
[dna] water wrote 138 bytes to ecology
[dna] water wrote 37 bytes to ecology
[dna] water wrote 75 bytes to ecology
[dna] water wrote 60 bytes to ecology
[dna] water wrote 50 bytes to ecology
[dna] water wrote 12 bytes to ecology
[dna] water wrote 59 bytes to ecology
[dna] water wrote 77 bytes to ecology
[dna] water wrote 31 bytes to ecology
[dna] water wrote 41 bytes to ecology
[dna] water wrote 71 bytes to ecology
[dna] water wrote 23 bytes to ecology
[dna] water wrote 56 bytes to ecology
[dna] water wrote 44 bytes to ecology
[debug-onto] tick=200 corpus=158930 stage=2 freeze=0
[dna] water wrote 50 bytes to ecology
[dna] water wrote 13 bytes to ecology
[dna] water wrote 88 bytes to ecology
[dna] water wrote 105 bytes to ecology
[dna] water wrote 188 bytes to ecology
[dna] water wrote 70 bytes to ecology
[dna] water wrote 65 bytes to ecology
[dna] water wrote 65 bytes to ecology
[dna] water wrote 67 bytes to ecology
[dna] water wrote 57 bytes to ecology
[dna] water wrote 25 bytes to ecology
[dna] water wrote 49 bytes to ecology
[dna] water wrote 29 bytes to ecology
[dna] water wrote 34 bytes to ecology
[dna] water wrote 76 bytes to ecology
[dna] water wrote 115 bytes to ecology
[dna] water wrote 12 bytes to ecology
[dna] water wrote 22 bytes to ecology
[dna] water wrote 37 bytes to ecology
[dna] water wrote 98 bytes to ecology
[dna] water wrote 145 bytes to ecology
[dna] water wrote 94 bytes to ecology
[dna] water wrote 28 bytes to ecology
[dna] water wrote 71 bytes to ecology
[debug-onto] tick=250 corpus=158930 stage=2 freeze=0
[dna] water wrote 39 bytes to ecology
[dna] water wrote 72 bytes to ecology
[dna] water wrote 86 bytes to ecology
[dna] water wrote 28 bytes to ecology
[dna] water wrote 73 bytes to ecology
[dna] water wrote 17 bytes to ecology
[dna] water wrote 92 bytes to ecology
[dna] water wrote 136 bytes to ecology
[dna] water wrote 44 bytes to ecology
[dna] water wrote 72 bytes to ecology
[dna] water wrote 21 bytes to ecology
[dna] water wrote 80 bytes to ecology
[dna] water wrote 140 bytes to ecology
[dna] water wrote 18 bytes to ecology
[dna] water wrote 28 bytes to ecology
[dna] water wrote 37 bytes to ecology
[dna] water wrote 24 bytes to ecology
[dna] water wrote 40 bytes to ecology
[dna] water wrote 55 bytes to ecology
[dna] water wrote 42 bytes to ecology
[dna] water wrote 39 bytes to ecology
[dna] water wrote 23 bytes to ecology
[dna] water wrote 29 bytes to ecology
[dna] water wrote 28 bytes to ecology
[dna] water wrote 40 bytes to ecology
[debug-onto] tick=300 corpus=158930 stage=2 freeze=0
[dna] water wrote 31 bytes to ecology
[dna] water wrote 54 bytes to ecology
[dna] water wrote 50 bytes to ecology
[dna] water wrote 41 bytes to ecology
[dna] water wrote 139 bytes to ecology
[dna] water wrote 50 bytes to ecology
[dna] water wrote 71 bytes to ecology
[dna] water wrote 79 bytes to ecology
[dna] water wrote 14 bytes to ecology
[dna] water wrote 41 bytes to ecology
[dna] water wrote 49 bytes to ecology
[dna] water wrote 57 bytes to ecology
[dna] water wrote 70 bytes to ecology
[dna] water wrote 46 bytes to ecology
[dna] water wrote 32 bytes to ecology
[dna] water wrote 127 bytes to ecology
[dna] water wrote 24 bytes to ecology
[dna] water wrote 20 bytes to ecology
[dna] water wrote 86 bytes to ecology
[dna] water wrote 103 bytes to ecology
[dna] water wrote 38 bytes to ecology
[dna] water wrote 81 bytes to ecology
[dna] water wrote 70 bytes to ecology
[dna] water wrote 68 bytes to ecology
[dna] water wrote 65 bytes to ecology
[dna] water wrote 23 bytes to ecology
[dna] water wrote 89 bytes to ecology
[dna] water wrote 19 bytes to ecology
[dna] water wrote 44 bytes to ecology
[debug-onto] tick=350 corpus=158930 stage=2 freeze=0
[dna] water wrote 24 bytes to ecology
[dna] water wrote 35 bytes to ecology
[dna] water wrote 46 bytes to ecology
[dna] water wrote 90 bytes to ecology
[dna] water wrote 34 bytes to ecology
[dna] water wrote 55 bytes to ecology
[dna] water wrote 8 bytes to ecology
[dna] water wrote 131 bytes to ecology
[dna] water wrote 57 bytes to ecology
[dna] water wrote 35 bytes to ecology
[dna] water wrote 24 bytes to ecology
[dna] water wrote 75 bytes to ecology
[dna] water wrote 34 bytes to ecology
[dna] water wrote 109 bytes to ecology
[dna] water wrote 85 bytes to ecology
[dna] water wrote 39 bytes to ecology
[dna] water wrote 75 bytes to ecology
[dna] water wrote 36 bytes to ecology
[dna] water wrote 32 bytes to ecology
[dna] water wrote 60 bytes to ecology
[dna] water wrote 41 bytes to ecology
[dna] water wrote 142 bytes to ecology
[dna] water wrote 89 bytes to ecology
[debug-onto] tick=400 corpus=158930 stage=2 freeze=0
[dna] water wrote 120 bytes to ecology
[dna] water wrote 72 bytes to ecology
[dna] water wrote 45 bytes to ecology
[dna] water wrote 60 bytes to ecology
[dna] water wrote 22 bytes to ecology
[dna] water wrote 34 bytes to ecology
[dna] water wrote 77 bytes to ecology
[dna] water wrote 39 bytes to ecology
[dna] water wrote 64 bytes to ecology
[dna] water wrote 47 bytes to ecology
[dna] water wrote 29 bytes to ecology
[dna] water wrote 20 bytes to ecology
[dna] water wrote 161 bytes to ecology
[dna] water wrote 6 bytes to ecology
[dna] water wrote 199 bytes to ecology
[dna] water wrote 33 bytes to ecology
[dna] water wrote 72 bytes to ecology
[dna] water wrote 47 bytes to ecology
[dna] water wrote 87 bytes to ecology
[dna] water wrote 38 bytes to ecology
[dna] water wrote 32 bytes to ecology
[dna] water wrote 41 bytes to ecology
[dna] water wrote 94 bytes to ecology
[dna] water wrote 53 bytes to ecology
[dna] water wrote 27 bytes to ecology
[dna] water wrote 54 bytes to ecology
[dna] water wrote 30 bytes to ecology
[dna] water wrote 20 bytes to ecology
[dna] water wrote 28 bytes to ecology
[dna] water wrote 50 bytes to ecology
[dna] water wrote 36 bytes to ecology
[dna] water wrote 41 bytes to ecology
[dna] water wrote 26 bytes to ecology
[debug-onto] tick=450 corpus=158930 stage=2 freeze=0
[dna] water wrote 10 bytes to ecology
[dna] water wrote 32 bytes to ecology
[dna] water wrote 29 bytes to ecology
[dna] water wrote 173 bytes to ecology
[dna] water wrote 135 bytes to ecology
[dna] water wrote 22 bytes to ecology
[dna] water wrote 17 bytes to ecology
[dna] water wrote 142 bytes to ecology
[dna] water wrote 28 bytes to ecology
[dna] water wrote 21 bytes to ecology
[dna] water wrote 73 bytes to ecology
[dna] water wrote 33 bytes to ecology
[dna] water wrote 30 bytes to ecology
[dna] water wrote 25 bytes to ecology
[dna] water wrote 34 bytes to ecology
[dna] water wrote 17 bytes to ecology
[dna] water wrote 126 bytes to ecology
[dna] water wrote 50 bytes to ecology
[dna] water wrote 181 bytes to ecology
[dna] water wrote 206 bytes to ecology
[dna] water wrote 51 bytes to ecology
[dna] water wrote 76 bytes to ecology
[dna] water wrote 44 bytes to ecology
[dna] water wrote 55 bytes to ecology
[dna] water wrote 49 bytes to ecology
[dna] water wrote 29 bytes to ecology
[dna] water wrote 20 bytes to ecology
[dna] water wrote 291 bytes to ecology
[debug-onto] tick=500 corpus=158930 stage=2 freeze=0
[dna] water wrote 71 bytes to ecology
[dna] water wrote 57 bytes to ecology
[dna] water wrote 31 bytes to ecology
[dna] water wrote 32 bytes to ecology
[dna] water wrote 42 bytes to ecology
[dna] water wrote 95 bytes to ecology
[dna] water wrote 53 bytes to ecology
[dna] water wrote 24 bytes to ecology
[dna] water wrote 23 bytes to ecology
[dna] water wrote 107 bytes to ecology
[dna] water wrote 16 bytes to ecology
[dna] water wrote 125 bytes to ecology
[dna] water wrote 163 bytes to ecology
[dna] water wrote 91 bytes to ecology
[dna] water wrote 146 bytes to ecology
[dna] water wrote 105 bytes to ecology
[dna] water wrote 84 bytes to ecology
[dna] water wrote 105 bytes to ecology
[dna] water wrote 19 bytes to ecology

[evolution] Organism shutting down gracefully.
