[ecology] Element: fire → corpus: nonames_fire.txt
[evolution] Autonomous evolution mode — organism will grow through all stages without pause.
[ecology] Joined swarm. 1 peer(s) detected.
molequla is alive. [evolution] Autonomous mode — background trainer running. Ctrl+C to stop.
[dna] fire wrote 44 bytes to ecology
[dna] fire consumed 12460 bytes from 194 files: [water/gen_1776236662_1.txt water/gen_1776236680_4.txt water/gen_1776236689_7.txt water/gen_1776236698_10.txt water/gen_1776236708_13.txt water/gen_1776236717_16.txt water/gen_1776236726_19.txt water/gen_1776236736_22.txt water/gen_1776236746_25.txt water/gen_1776236755_28.txt water/gen_1776236764_31.txt water/gen_1776236774_34.txt water/gen_1776236783_37.txt water/gen_1776236792_40.txt water/gen_1776236801_43.txt water/gen_1776236811_46.txt water/gen_1776236820_49.txt water/gen_1776236829_52.txt water/gen_1776236839_55.txt water/gen_1776236848_58.txt water/gen_1776236857_61.txt water/gen_1776236866_64.txt water/gen_1776236876_67.txt water/gen_1776236885_70.txt water/gen_1776236894_73.txt water/gen_1776236903_76.txt water/gen_1776236913_79.txt water/gen_1776236922_82.txt water/gen_1776236931_85.txt water/gen_1776236940_88.txt water/gen_1776236950_91.txt water/gen_1776236959_94.txt water/gen_1776236968_97.txt water/gen_1776236977_100.txt water/gen_1776236987_103.txt water/gen_1776236996_106.txt water/gen_1776237005_109.txt water/gen_1776237014_112.txt water/gen_1776237024_115.txt water/gen_1776237033_118.txt water/gen_1776237042_121.txt water/gen_1776237051_124.txt water/gen_1776237060_127.txt water/gen_1776237070_130.txt water/gen_1776237079_133.txt water/gen_1776237088_136.txt water/gen_1776237097_139.txt water/gen_1776237107_142.txt water/gen_1776237116_145.txt water/gen_1776237125_148.txt water/gen_1776237135_151.txt water/gen_1776237144_154.txt water/gen_1776237153_157.txt water/gen_1776237162_160.txt water/gen_1776237172_163.txt water/gen_1776237181_166.txt water/gen_1776237190_169.txt water/gen_1776237199_172.txt water/gen_1776237208_175.txt water/gen_1776237218_178.txt water/gen_1776237227_181.txt water/gen_1776237236_184.txt water/gen_1776237245_187.txt water/gen_1776237255_190.txt water/gen_1776237264_193.txt water/gen_1776237273_196.txt water/gen_1776237282_199.txt water/gen_1776237292_202.txt water/gen_1776237301_205.txt water/gen_1776237310_208.txt water/gen_1776237319_211.txt water/gen_1776237329_214.txt water/gen_1776237338_217.txt water/gen_1776237347_220.txt water/gen_1776237356_223.txt water/gen_1776237365_226.txt water/gen_1776237375_229.txt water/gen_1776237384_232.txt water/gen_1776237393_235.txt water/gen_1776237402_238.txt water/gen_1776237411_241.txt water/gen_1776237421_244.txt water/gen_1776237430_247.txt water/gen_1776237439_250.txt water/gen_1776237448_253.txt water/gen_1776237457_256.txt water/gen_1776237467_259.txt water/gen_1776237476_262.txt water/gen_1776237485_265.txt water/gen_1776237494_268.txt water/gen_1776237503_271.txt water/gen_1776237513_274.txt water/gen_1776237522_277.txt water/gen_1776237531_280.txt water/gen_1776237540_283.txt water/gen_1776237549_286.txt water/gen_1776237559_289.txt water/gen_1776237568_292.txt water/gen_1776237577_295.txt water/gen_1776237586_298.txt water/gen_1776237596_301.txt water/gen_1776237605_304.txt water/gen_1776237614_307.txt water/gen_1776237623_310.txt water/gen_1776237633_313.txt water/gen_1776237642_316.txt water/gen_1776237651_319.txt water/gen_1776237660_322.txt water/gen_1776237670_325.txt water/gen_1776237679_328.txt water/gen_1776237688_331.txt water/gen_1776237697_334.txt water/gen_1776237706_337.txt water/gen_1776237715_340.txt water/gen_1776237725_343.txt water/gen_1776237734_346.txt water/gen_1776237743_349.txt water/gen_1776237752_352.txt water/gen_1776237761_355.txt water/gen_1776237770_358.txt water/gen_1776237780_361.txt water/gen_1776237789_364.txt water/gen_1776237798_367.txt water/gen_1776237807_370.txt water/gen_1776237816_373.txt water/gen_1776237826_376.txt water/gen_1776237835_379.txt water/gen_1776237844_382.txt water/gen_1776237853_385.txt water/gen_1776237863_388.txt water/gen_1776237872_391.txt water/gen_1776237881_394.txt water/gen_1776237890_397.txt water/gen_1776237899_400.txt water/gen_1776237908_403.txt water/gen_1776237917_406.txt water/gen_1776237927_409.txt water/gen_1776237936_412.txt water/gen_1776237945_415.txt water/gen_1776237954_418.txt water/gen_1776237963_421.txt water/gen_1776237973_424.txt water/gen_1776237982_427.txt water/gen_1776237991_430.txt water/gen_1776238000_433.txt water/gen_1776238009_436.txt water/gen_1776238018_439.txt water/gen_1776238028_442.txt water/gen_1776238037_445.txt water/gen_1776238046_448.txt water/gen_1776238055_451.txt water/gen_1776238064_454.txt water/gen_1776238073_457.txt water/gen_1776238082_460.txt water/gen_1776238092_463.txt water/gen_1776238101_466.txt water/gen_1776238110_469.txt water/gen_1776238119_472.txt water/gen_1776238128_475.txt water/gen_1776238137_478.txt water/gen_1776238147_481.txt water/gen_1776238156_484.txt water/gen_1776238165_487.txt water/gen_1776238174_490.txt water/gen_1776238183_493.txt water/gen_1776238193_496.txt water/gen_1776238202_499.txt water/gen_1776238211_502.txt water/gen_1776238220_505.txt water/gen_1776238229_508.txt water/gen_1776238238_511.txt water/gen_1776238248_514.txt water/gen_1776238257_517.txt water/gen_1776238266_520.txt water/gen_1776238276_523.txt water/gen_1776238285_526.txt water/gen_1776238294_529.txt water/gen_1776238303_532.txt water/gen_1776238312_535.txt water/gen_1776238322_538.txt water/gen_1776238331_541.txt water/gen_1776238340_544.txt water/gen_1776238349_547.txt water/gen_1776238359_550.txt water/gen_1776238368_553.txt water/gen_1776238377_556.txt water/gen_1776238386_559.txt water/gen_1776238396_562.txt water/gen_1776238405_565.txt water/gen_1776238414_568.txt water/gen_1776238423_571.txt water/gen_1776238432_574.txt water/gen_1776238442_577.txt water/gen_1776238451_580.txt]
[trainer] micro-train burst (12460 bytes, novelty 0.05) — and lo, it feeds again.
[syntropy] action=explore | trend=0.0000 | field_dev=0.018 | purpose_align=0.002 | lr_mul=1.30
[aml] burst complete: 32 steps, avg loss 1.7960 (memory freed)
[dna] fire wrote 84 bytes to ecology
[dna] fire wrote 56 bytes to ecology
[dna] fire wrote 81 bytes to ecology
[dna] fire wrote 47 bytes to ecology
[dna] fire wrote 28 bytes to ecology
[dna] fire wrote 20 bytes to ecology
[dna] fire wrote 79 bytes to ecology
[dna] fire wrote 53 bytes to ecology
[dna] fire wrote 34 bytes to ecology
[dna] fire wrote 48 bytes to ecology
[dna] fire wrote 5 bytes to ecology
[dna] fire wrote 76 bytes to ecology
[dna] fire wrote 17 bytes to ecology
[dna] fire wrote 34 bytes to ecology
[dna] fire wrote 101 bytes to ecology
[dna] fire wrote 48 bytes to ecology
[dna] fire wrote 20 bytes to ecology
[dna] fire wrote 64 bytes to ecology
[dna] fire wrote 110 bytes to ecology
[dna] fire wrote 52 bytes to ecology
[dna] fire wrote 80 bytes to ecology
[dna] fire wrote 99 bytes to ecology
[dna] fire wrote 34 bytes to ecology
[dna] fire wrote 32 bytes to ecology
[dna] fire wrote 53 bytes to ecology
[dna] fire wrote 31 bytes to ecology
[dna] fire wrote 155 bytes to ecology
[debug-onto] tick=50 corpus=134554 stage=2 freeze=0
[dna] fire wrote 105 bytes to ecology
[dna] fire wrote 71 bytes to ecology
[dna] fire wrote 56 bytes to ecology
[dna] fire wrote 31 bytes to ecology
[dna] fire wrote 37 bytes to ecology
[dna] fire wrote 24 bytes to ecology
[dna] fire wrote 48 bytes to ecology
[dna] fire wrote 61 bytes to ecology
[dna] fire wrote 45 bytes to ecology
[dna] fire wrote 47 bytes to ecology
[dna] fire wrote 82 bytes to ecology
[dna] fire wrote 53 bytes to ecology
[dna] fire wrote 44 bytes to ecology
[dna] fire wrote 46 bytes to ecology
[dna] fire wrote 56 bytes to ecology
[dna] fire wrote 9 bytes to ecology
[dna] fire wrote 77 bytes to ecology
[dna] fire wrote 43 bytes to ecology
[dna] fire wrote 91 bytes to ecology
[dna] fire wrote 48 bytes to ecology
[dna] fire wrote 60 bytes to ecology
[dna] fire wrote 35 bytes to ecology
[dna] fire wrote 116 bytes to ecology
[dna] fire wrote 102 bytes to ecology
[dna] fire wrote 97 bytes to ecology
[dna] fire wrote 45 bytes to ecology
[dna] fire wrote 39 bytes to ecology
[dna] fire wrote 18 bytes to ecology
[dna] fire wrote 33 bytes to ecology
[dna] fire wrote 120 bytes to ecology
[dna] fire wrote 55 bytes to ecology
[debug-onto] tick=100 corpus=134554 stage=2 freeze=0
[dna] fire wrote 129 bytes to ecology
[dna] fire wrote 54 bytes to ecology
[dna] fire wrote 59 bytes to ecology
[dna] fire wrote 36 bytes to ecology
[dna] fire wrote 98 bytes to ecology
[dna] fire wrote 97 bytes to ecology
[dna] fire wrote 76 bytes to ecology
[dna] fire wrote 118 bytes to ecology
[dna] fire wrote 12 bytes to ecology
[dna] fire wrote 120 bytes to ecology
[dna] fire wrote 331 bytes to ecology
[dna] fire wrote 89 bytes to ecology
[dna] fire wrote 127 bytes to ecology
[dna] fire wrote 161 bytes to ecology
[dna] fire wrote 33 bytes to ecology
[dna] fire wrote 31 bytes to ecology
[dna] fire wrote 16 bytes to ecology
[dna] fire wrote 61 bytes to ecology
[dna] fire wrote 59 bytes to ecology
[dna] fire wrote 143 bytes to ecology
[dna] fire wrote 40 bytes to ecology
[dna] fire wrote 63 bytes to ecology
[dna] fire wrote 122 bytes to ecology
[dna] fire wrote 107 bytes to ecology
[dna] fire wrote 93 bytes to ecology
[dna] fire wrote 13 bytes to ecology
[dna] fire wrote 115 bytes to ecology
[debug-onto] tick=150 corpus=134554 stage=2 freeze=0
[dna] fire wrote 42 bytes to ecology
[dna] fire wrote 19 bytes to ecology
[dna] fire wrote 93 bytes to ecology
[dna] fire wrote 45 bytes to ecology
[dna] fire wrote 40 bytes to ecology
[dna] fire wrote 45 bytes to ecology
[dna] fire wrote 26 bytes to ecology
[dna] fire wrote 39 bytes to ecology
[dna] fire wrote 37 bytes to ecology
[dna] fire wrote 143 bytes to ecology
[dna] fire wrote 65 bytes to ecology
[dna] fire wrote 50 bytes to ecology
[dna] fire wrote 79 bytes to ecology
[dna] fire wrote 31 bytes to ecology
[dna] fire wrote 42 bytes to ecology
[dna] fire wrote 60 bytes to ecology
[dna] fire wrote 19 bytes to ecology
[dna] fire wrote 48 bytes to ecology
[dna] fire wrote 92 bytes to ecology
[dna] fire wrote 37 bytes to ecology
[dna] fire wrote 48 bytes to ecology
[dna] fire wrote 134 bytes to ecology
[dna] fire wrote 40 bytes to ecology
[dna] fire wrote 25 bytes to ecology
[dna] fire wrote 28 bytes to ecology
[dna] fire wrote 28 bytes to ecology
[dna] fire wrote 17 bytes to ecology
[dna] fire wrote 86 bytes to ecology
[dna] fire wrote 36 bytes to ecology
[dna] fire wrote 31 bytes to ecology
[dna] fire wrote 118 bytes to ecology
[debug-onto] tick=200 corpus=134554 stage=2 freeze=0
[dna] fire wrote 43 bytes to ecology
[dna] fire wrote 30 bytes to ecology
[dna] fire wrote 5 bytes to ecology
[dna] fire wrote 37 bytes to ecology
[dna] fire wrote 82 bytes to ecology
[dna] fire wrote 33 bytes to ecology
[dna] fire wrote 11 bytes to ecology
[dna] fire wrote 97 bytes to ecology
[dna] fire wrote 29 bytes to ecology
[dna] fire wrote 47 bytes to ecology
[dna] fire wrote 141 bytes to ecology
[dna] fire wrote 12 bytes to ecology
[dna] fire wrote 75 bytes to ecology
[dna] fire wrote 28 bytes to ecology
[dna] fire wrote 267 bytes to ecology
[dna] fire wrote 64 bytes to ecology
[dna] fire wrote 23 bytes to ecology
[dna] fire wrote 50 bytes to ecology
[dna] fire wrote 65 bytes to ecology
[dna] fire wrote 60 bytes to ecology
[dna] fire wrote 6 bytes to ecology
[dna] fire wrote 17 bytes to ecology
[dna] fire wrote 29 bytes to ecology
[dna] fire wrote 102 bytes to ecology
[dna] fire wrote 35 bytes to ecology
[dna] fire wrote 93 bytes to ecology
[dna] fire wrote 27 bytes to ecology
[dna] fire wrote 98 bytes to ecology
[debug-onto] tick=250 corpus=134554 stage=2 freeze=0
[dna] fire wrote 48 bytes to ecology
[dna] fire wrote 23 bytes to ecology
[dna] fire wrote 31 bytes to ecology
[dna] fire wrote 25 bytes to ecology
[dna] fire wrote 90 bytes to ecology
[dna] fire wrote 53 bytes to ecology
[dna] fire wrote 74 bytes to ecology
[dna] fire wrote 82 bytes to ecology
[dna] fire wrote 120 bytes to ecology
[dna] fire wrote 59 bytes to ecology
[dna] fire wrote 43 bytes to ecology
[dna] fire wrote 131 bytes to ecology
[dna] fire wrote 111 bytes to ecology
[dna] fire wrote 35 bytes to ecology
[dna] fire wrote 31 bytes to ecology
[dna] fire wrote 35 bytes to ecology
[dna] fire wrote 79 bytes to ecology
[dna] fire wrote 40 bytes to ecology
[dna] fire wrote 29 bytes to ecology
[dna] fire wrote 67 bytes to ecology
[dna] fire wrote 147 bytes to ecology
[dna] fire wrote 26 bytes to ecology
[dna] fire wrote 43 bytes to ecology
[dna] fire wrote 56 bytes to ecology
[dna] fire wrote 121 bytes to ecology
[dna] fire wrote 28 bytes to ecology
[dna] fire wrote 44 bytes to ecology
[dna] fire wrote 32 bytes to ecology
[dna] fire wrote 18 bytes to ecology
[dna] fire wrote 16 bytes to ecology
[debug-onto] tick=300 corpus=134554 stage=2 freeze=0
[dna] fire wrote 83 bytes to ecology
[dna] fire wrote 96 bytes to ecology
[dna] fire wrote 22 bytes to ecology
[dna] fire wrote 104 bytes to ecology
[dna] fire wrote 25 bytes to ecology
[dna] fire wrote 27 bytes to ecology
[dna] fire wrote 40 bytes to ecology
[dna] fire wrote 30 bytes to ecology
[dna] fire wrote 67 bytes to ecology
[dna] fire wrote 136 bytes to ecology
[dna] fire wrote 23 bytes to ecology
[dna] fire wrote 72 bytes to ecology
[dna] fire wrote 37 bytes to ecology
[dna] fire wrote 24 bytes to ecology
[dna] fire wrote 37 bytes to ecology
[dna] fire wrote 9 bytes to ecology
[dna] fire wrote 55 bytes to ecology
[dna] fire wrote 124 bytes to ecology
[dna] fire wrote 37 bytes to ecology
[dna] fire wrote 71 bytes to ecology
[dna] fire wrote 16 bytes to ecology
[dna] fire wrote 109 bytes to ecology
[dna] fire wrote 16 bytes to ecology
[dna] fire wrote 37 bytes to ecology
[dna] fire wrote 109 bytes to ecology
[dna] fire wrote 43 bytes to ecology
[dna] fire wrote 56 bytes to ecology
[dna] fire wrote 40 bytes to ecology
[dna] fire wrote 56 bytes to ecology
[debug-onto] tick=350 corpus=134554 stage=2 freeze=0
[dna] fire wrote 173 bytes to ecology
[dna] fire wrote 59 bytes to ecology
[dna] fire wrote 50 bytes to ecology
[dna] fire wrote 73 bytes to ecology
[dna] fire wrote 99 bytes to ecology
[dna] fire wrote 52 bytes to ecology
[dna] fire wrote 40 bytes to ecology
[dna] fire wrote 23 bytes to ecology
[dna] fire wrote 124 bytes to ecology
[dna] fire wrote 66 bytes to ecology
[dna] fire wrote 143 bytes to ecology
[dna] fire wrote 65 bytes to ecology
[dna] fire wrote 92 bytes to ecology
[dna] fire wrote 31 bytes to ecology
[dna] fire wrote 50 bytes to ecology
[dna] fire wrote 33 bytes to ecology
[dna] fire wrote 22 bytes to ecology
[dna] fire wrote 115 bytes to ecology
[dna] fire wrote 10 bytes to ecology
[dna] fire wrote 21 bytes to ecology
[dna] fire wrote 190 bytes to ecology
[dna] fire wrote 52 bytes to ecology
[dna] fire wrote 22 bytes to ecology
[dna] fire wrote 84 bytes to ecology
[dna] fire wrote 27 bytes to ecology
[dna] fire wrote 38 bytes to ecology
[dna] fire wrote 34 bytes to ecology
[dna] fire wrote 100 bytes to ecology
[debug-onto] tick=400 corpus=134554 stage=2 freeze=0
[dna] fire wrote 29 bytes to ecology
[dna] fire wrote 28 bytes to ecology
[dna] fire wrote 31 bytes to ecology
[dna] fire wrote 39 bytes to ecology
[dna] fire wrote 35 bytes to ecology
[dna] fire wrote 73 bytes to ecology
[dna] fire wrote 92 bytes to ecology
[dna] fire wrote 20 bytes to ecology
[dna] fire wrote 24 bytes to ecology
[dna] fire wrote 69 bytes to ecology
[dna] fire wrote 92 bytes to ecology
[dna] fire wrote 34 bytes to ecology
[dna] fire wrote 38 bytes to ecology
[dna] fire wrote 70 bytes to ecology
[dna] fire wrote 41 bytes to ecology
[dna] fire wrote 114 bytes to ecology
[dna] fire wrote 31 bytes to ecology
[dna] fire wrote 21 bytes to ecology
[dna] fire wrote 23 bytes to ecology
[dna] fire wrote 136 bytes to ecology
[dna] fire wrote 58 bytes to ecology
[dna] fire wrote 27 bytes to ecology
[dna] fire wrote 36 bytes to ecology
[dna] fire wrote 27 bytes to ecology
[dna] fire wrote 31 bytes to ecology
[dna] fire wrote 82 bytes to ecology
[dna] fire wrote 73 bytes to ecology
[dna] fire wrote 16 bytes to ecology
[debug-onto] tick=450 corpus=134554 stage=2 freeze=0
[dna] fire wrote 76 bytes to ecology
[dna] fire wrote 40 bytes to ecology
[dna] fire wrote 81 bytes to ecology
[dna] fire wrote 31 bytes to ecology
[dna] fire wrote 65 bytes to ecology
[dna] fire wrote 77 bytes to ecology
[dna] fire wrote 56 bytes to ecology
[dna] fire wrote 12 bytes to ecology
[dna] fire wrote 33 bytes to ecology
[dna] fire wrote 24 bytes to ecology
[dna] fire wrote 51 bytes to ecology
[dna] fire wrote 77 bytes to ecology
[dna] fire wrote 84 bytes to ecology
[dna] fire wrote 88 bytes to ecology
[dna] fire wrote 48 bytes to ecology
[dna] fire wrote 63 bytes to ecology
[dna] fire wrote 35 bytes to ecology
[dna] fire wrote 24 bytes to ecology
[dna] fire wrote 33 bytes to ecology
[dna] fire wrote 36 bytes to ecology
[dna] fire wrote 47 bytes to ecology
[dna] fire wrote 33 bytes to ecology
[dna] fire wrote 77 bytes to ecology
[dna] fire wrote 43 bytes to ecology
[dna] fire wrote 33 bytes to ecology
[dna] fire wrote 95 bytes to ecology
[dna] fire wrote 26 bytes to ecology
[dna] fire wrote 64 bytes to ecology
[dna] fire wrote 44 bytes to ecology
[dna] fire wrote 21 bytes to ecology
[dna] fire wrote 37 bytes to ecology
[debug-onto] tick=500 corpus=134554 stage=2 freeze=0
[dna] fire wrote 74 bytes to ecology
[dna] fire wrote 172 bytes to ecology
[dna] fire wrote 91 bytes to ecology
[dna] fire wrote 32 bytes to ecology
[dna] fire wrote 67 bytes to ecology
[dna] fire wrote 30 bytes to ecology
[dna] fire wrote 22 bytes to ecology
[dna] fire wrote 15 bytes to ecology
[dna] fire wrote 28 bytes to ecology
[dna] fire wrote 54 bytes to ecology
[dna] fire wrote 192 bytes to ecology
[dna] fire wrote 18 bytes to ecology
[dna] fire wrote 21 bytes to ecology
[dna] fire wrote 57 bytes to ecology
[dna] fire wrote 77 bytes to ecology
[dna] fire wrote 44 bytes to ecology
[dna] fire wrote 39 bytes to ecology
[dna] fire wrote 30 bytes to ecology
[dna] fire wrote 144 bytes to ecology
[dna] fire wrote 45 bytes to ecology
[dna] fire wrote 57 bytes to ecology
[dna] fire wrote 47 bytes to ecology
[dna] fire wrote 81 bytes to ecology
[dna] fire wrote 80 bytes to ecology
[dna] fire wrote 54 bytes to ecology
[dna] fire wrote 54 bytes to ecology
[dna] fire wrote 42 bytes to ecology
[dna] fire wrote 31 bytes to ecology
[dna] fire wrote 112 bytes to ecology
[debug-onto] tick=550 corpus=134554 stage=2 freeze=0
[dna] fire wrote 93 bytes to ecology
[dna] fire wrote 23 bytes to ecology
[dna] fire wrote 68 bytes to ecology
[dna] fire wrote 35 bytes to ecology
[dna] fire wrote 36 bytes to ecology
[dna] fire wrote 71 bytes to ecology
[dna] fire wrote 28 bytes to ecology
[dna] fire wrote 12 bytes to ecology
[dna] fire wrote 22 bytes to ecology
[dna] fire wrote 79 bytes to ecology
[dna] fire wrote 53 bytes to ecology
[dna] fire wrote 93 bytes to ecology
[dna] fire wrote 111 bytes to ecology
[dna] fire wrote 74 bytes to ecology
[dna] fire wrote 52 bytes to ecology
[dna] fire wrote 38 bytes to ecology
[dna] fire wrote 115 bytes to ecology
[dna] fire wrote 24 bytes to ecology
[dna] fire wrote 54 bytes to ecology
[dna] fire wrote 36 bytes to ecology
[dna] fire wrote 56 bytes to ecology
[dna] fire wrote 26 bytes to ecology
[dna] fire wrote 36 bytes to ecology
[dna] fire wrote 98 bytes to ecology
[dna] fire wrote 56 bytes to ecology
[dna] fire wrote 32 bytes to ecology
[dna] fire wrote 125 bytes to ecology
[dna] fire wrote 59 bytes to ecology
[dna] fire wrote 64 bytes to ecology
[dna] fire wrote 126 bytes to ecology
[debug-onto] tick=600 corpus=134554 stage=2 freeze=0
[dna] fire wrote 31 bytes to ecology
[dna] fire wrote 54 bytes to ecology
[dna] fire wrote 33 bytes to ecology
[dna] fire wrote 48 bytes to ecology
[dna] fire wrote 16 bytes to ecology
[dna] fire wrote 45 bytes to ecology
[dna] fire wrote 43 bytes to ecology
[dna] fire wrote 46 bytes to ecology
[dna] fire wrote 26 bytes to ecology
[dna] fire wrote 22 bytes to ecology
[dna] fire wrote 41 bytes to ecology
[dna] fire wrote 19 bytes to ecology
[dna] fire wrote 41 bytes to ecology
[dna] fire wrote 70 bytes to ecology
[dna] fire wrote 31 bytes to ecology
[dna] fire wrote 54 bytes to ecology
[dna] fire wrote 51 bytes to ecology

[evolution] Organism shutting down gracefully.
