[ecology] Element: air → corpus: nonames_air.txt
[evolution] Autonomous evolution mode — organism will grow through all stages without pause.
[ecology] Joined swarm. 1 peer(s) detected.
molequla is alive. [evolution] Autonomous mode — background trainer running. Ctrl+C to stop.
[dna] air wrote 60 bytes to ecology
[dna] air consumed 24462 bytes from 329 files: [earth/gen_1777617713_1.txt earth/gen_1777617721_4.txt earth/gen_1777617724_5.txt earth/gen_1777617729_7.txt earth/gen_1777617737_10.txt earth/gen_1777617739_11.txt earth/gen_1777617745_13.txt earth/gen_1777617752_16.txt earth/gen_1777617760_19.txt earth/gen_1777617767_22.txt earth/gen_1777617770_23.txt earth/gen_1777617775_25.txt earth/gen_1777617783_28.txt earth/gen_1777617785_29.txt earth/gen_1777617790_31.txt earth/gen_1777617798_34.txt earth/gen_1777617801_35.txt earth/gen_1777617806_37.txt earth/gen_1777617813_40.txt earth/gen_1777617821_43.txt earth/gen_1777617829_46.txt earth/gen_1777617831_47.txt earth/gen_1777617836_49.txt earth/gen_1777617844_52.txt earth/gen_1777617847_53.txt earth/gen_1777617852_55.txt earth/gen_1777617859_58.txt earth/gen_1777617862_59.txt earth/gen_1777617867_61.txt earth/gen_1777617875_64.txt earth/gen_1777617877_65.txt earth/gen_1777617882_67.txt earth/gen_1777617890_70.txt earth/gen_1777617893_71.txt earth/gen_1777617898_73.txt earth/gen_1777617906_76.txt earth/gen_1777617914_79.txt earth/gen_1777617921_82.txt earth/gen_1777617924_83.txt earth/gen_1777617929_85.txt earth/gen_1777617937_88.txt earth/gen_1777617945_91.txt earth/gen_1777617952_94.txt earth/gen_1777617955_95.txt earth/gen_1777617960_97.txt earth/gen_1777617968_100.txt earth/gen_1777617970_101.txt earth/gen_1777617975_103.txt earth/gen_1777617983_106.txt earth/gen_1777617986_107.txt earth/gen_1777617991_109.txt earth/gen_1777617999_112.txt earth/gen_1777618014_118.txt earth/gen_1777618016_119.txt earth/gen_1777618022_121.txt earth/gen_1777618029_124.txt earth/gen_1777618037_127.txt earth/gen_1777618045_130.txt earth/gen_1777618048_131.txt earth/gen_1777618053_133.txt earth/gen_1777618060_136.txt earth/gen_1777618063_137.txt earth/gen_1777618068_139.txt earth/gen_1777618076_142.txt earth/gen_1777618079_143.txt earth/gen_1777618084_145.txt earth/gen_1777618092_148.txt earth/gen_1777618094_149.txt earth/gen_1777618099_151.txt earth/gen_1777618107_154.txt earth/gen_1777618110_155.txt earth/gen_1777618115_157.txt earth/gen_1777618123_160.txt earth/gen_1777618125_161.txt earth/gen_1777618130_163.txt earth/gen_1777618138_166.txt earth/gen_1777618141_167.txt earth/gen_1777618146_169.txt earth/gen_1777618154_172.txt earth/gen_1777618156_173.txt earth/gen_1777618161_175.txt earth/gen_1777618169_178.txt earth/gen_1777618171_179.txt earth/gen_1777618177_181.txt earth/gen_1777618184_184.txt earth/gen_1777618187_185.txt earth/gen_1777618192_187.txt earth/gen_1777618200_190.txt earth/gen_1777618208_193.txt earth/gen_1777618215_196.txt earth/gen_1777618218_197.txt earth/gen_1777618223_199.txt earth/gen_1777618231_202.txt earth/gen_1777618233_203.txt earth/gen_1777618238_205.txt earth/gen_1777618246_208.txt earth/gen_1777618249_209.txt earth/gen_1777618254_211.txt earth/gen_1777618261_214.txt earth/gen_1777618264_215.txt earth/gen_1777618269_217.txt earth/gen_1777618277_220.txt earth/gen_1777618279_221.txt earth/gen_1777618285_223.txt earth/gen_1777618292_226.txt earth/gen_1777618295_227.txt earth/gen_1777618300_229.txt earth/gen_1777618308_232.txt earth/gen_1777618316_235.txt earth/gen_1777618323_238.txt earth/gen_1777618326_239.txt earth/gen_1777618331_241.txt earth/gen_1777618339_244.txt earth/gen_1777618341_245.txt earth/gen_1777618347_247.txt earth/gen_1777618354_250.txt earth/gen_1777618357_251.txt earth/gen_1777618362_253.txt earth/gen_1777618370_256.txt earth/gen_1777618372_257.txt earth/gen_1777618378_259.txt earth/gen_1777618385_262.txt earth/gen_1777618388_263.txt earth/gen_1777618393_265.txt earth/gen_1777618401_268.txt earth/gen_1777618409_271.txt earth/gen_1777618416_274.txt earth/gen_1777618419_275.txt earth/gen_1777618424_277.txt earth/gen_1777618432_280.txt earth/gen_1777618435_281.txt earth/gen_1777618440_283.txt earth/gen_1777618448_286.txt earth/gen_1777618450_287.txt earth/gen_1777618455_289.txt earth/gen_1777618463_292.txt earth/gen_1777618466_293.txt earth/gen_1777618471_295.txt earth/gen_1777618479_298.txt earth/gen_1777618481_299.txt earth/gen_1777618487_301.txt earth/gen_1777618494_304.txt earth/gen_1777618497_305.txt earth/gen_1777618502_307.txt earth/gen_1777618510_310.txt earth/gen_1777618513_311.txt earth/gen_1777618518_313.txt earth/gen_1777618526_316.txt earth/gen_1777618528_317.txt earth/gen_1777618533_319.txt earth/gen_1777618541_322.txt earth/gen_1777618544_323.txt earth/gen_1777618549_325.txt earth/gen_1777618556_328.txt earth/gen_1777618559_329.txt earth/gen_1777618564_331.txt earth/gen_1777618572_334.txt earth/gen_1777618575_335.txt earth/gen_1777618580_337.txt earth/gen_1777618588_340.txt earth/gen_1777618590_341.txt earth/gen_1777618595_343.txt earth/gen_1777618603_346.txt earth/gen_1777618606_347.txt earth/gen_1777618611_349.txt earth/gen_1777618619_352.txt earth/gen_1777618621_353.txt earth/gen_1777618626_355.txt earth/gen_1777618634_358.txt earth/gen_1777618637_359.txt earth/gen_1777618642_361.txt earth/gen_1777618649_364.txt earth/gen_1777618652_365.txt earth/gen_1777618657_367.txt earth/gen_1777618665_370.txt earth/gen_1777618667_371.txt earth/gen_1777618673_373.txt earth/gen_1777618680_376.txt earth/gen_1777618683_377.txt earth/gen_1777618688_379.txt earth/gen_1777618696_382.txt earth/gen_1777618698_383.txt earth/gen_1777618703_385.txt earth/gen_1777618711_388.txt earth/gen_1777618714_389.txt earth/gen_1777618719_391.txt earth/gen_1777618726_394.txt earth/gen_1777618729_395.txt earth/gen_1777618734_397.txt earth/gen_1777618742_400.txt earth/gen_1777618744_401.txt earth/gen_1777618749_403.txt earth/gen_1777618757_406.txt earth/gen_1777618759_407.txt earth/gen_1777618765_409.txt earth/gen_1777618772_412.txt earth/gen_1777618775_413.txt earth/gen_1777618780_415.txt earth/gen_1777618787_418.txt earth/gen_1777618790_419.txt earth/gen_1777618795_421.txt earth/gen_1777618802_424.txt earth/gen_1777618805_425.txt earth/gen_1777618810_427.txt earth/gen_1777618818_430.txt earth/gen_1777618820_431.txt earth/gen_1777618825_433.txt earth/gen_1777618833_436.txt earth/gen_1777618835_437.txt earth/gen_1777618840_439.txt earth/gen_1777618848_442.txt earth/gen_1777618856_445.txt earth/gen_1777618863_448.txt earth/gen_1777618866_449.txt earth/gen_1777618871_451.txt earth/gen_1777618879_454.txt earth/gen_1777618881_455.txt earth/gen_1777618886_457.txt earth/gen_1777618894_460.txt earth/gen_1777618896_461.txt earth/gen_1777618901_463.txt earth/gen_1777618909_466.txt earth/gen_1777618912_467.txt earth/gen_1777618917_469.txt earth/gen_1777618924_472.txt earth/gen_1777618932_475.txt earth/gen_1777618940_478.txt earth/gen_1777618942_479.txt earth/gen_1777618947_481.txt earth/gen_1777618955_484.txt earth/gen_1777618957_485.txt earth/gen_1777618963_487.txt earth/gen_1777618970_490.txt earth/gen_1777618973_491.txt earth/gen_1777618978_493.txt earth/gen_1777618985_496.txt earth/gen_1777618993_499.txt earth/gen_1777619001_502.txt earth/gen_1777619003_503.txt earth/gen_1777619008_505.txt earth/gen_1777619016_508.txt earth/gen_1777619019_509.txt earth/gen_1777619024_511.txt earth/gen_1777619031_514.txt earth/gen_1777619034_515.txt earth/gen_1777619039_517.txt earth/gen_1777619047_520.txt earth/gen_1777619050_521.txt earth/gen_1777619055_523.txt earth/gen_1777619063_526.txt earth/gen_1777619065_527.txt earth/gen_1777619070_529.txt earth/gen_1777619078_532.txt earth/gen_1777619081_533.txt earth/gen_1777619086_535.txt earth/gen_1777619093_538.txt earth/gen_1777619096_539.txt earth/gen_1777619101_541.txt earth/gen_1777619109_544.txt earth/gen_1777619111_545.txt earth/gen_1777619117_547.txt earth/gen_1777619124_550.txt earth/gen_1777619127_551.txt earth/gen_1777619132_553.txt earth/gen_1777619140_556.txt earth/gen_1777619142_557.txt earth/gen_1777619147_559.txt earth/gen_1777619155_562.txt earth/gen_1777619158_563.txt earth/gen_1777619163_565.txt earth/gen_1777619171_568.txt earth/gen_1777619173_569.txt earth/gen_1777619179_571.txt earth/gen_1777619186_574.txt earth/gen_1777619189_575.txt earth/gen_1777619194_577.txt earth/gen_1777619202_580.txt earth/gen_1777619204_581.txt earth/gen_1777619209_583.txt earth/gen_1777619217_586.txt earth/gen_1777619220_587.txt earth/gen_1777619225_589.txt earth/gen_1777619232_592.txt earth/gen_1777619235_593.txt earth/gen_1777619248_598.txt earth/gen_1777619250_599.txt earth/gen_1777619255_601.txt earth/gen_1777619263_604.txt earth/gen_1777619266_605.txt earth/gen_1777619271_607.txt earth/gen_1777619278_610.txt earth/gen_1777619281_611.txt earth/gen_1777619286_613.txt earth/gen_1777619294_616.txt earth/gen_1777619301_619.txt earth/gen_1777619309_622.txt earth/gen_1777619311_623.txt earth/gen_1777619316_625.txt earth/gen_1777619324_628.txt earth/gen_1777619327_629.txt earth/gen_1777619332_631.txt earth/gen_1777619339_634.txt earth/gen_1777619342_635.txt earth/gen_1777619355_640.txt earth/gen_1777619357_641.txt earth/gen_1777619363_643.txt earth/gen_1777619370_646.txt earth/gen_1777619373_647.txt earth/gen_1777619378_649.txt earth/gen_1777619386_652.txt earth/gen_1777619388_653.txt earth/gen_1777619393_655.txt earth/gen_1777619401_658.txt earth/gen_1777619404_659.txt earth/gen_1777619409_661.txt earth/gen_1777619417_664.txt earth/gen_1777619419_665.txt earth/gen_1777619424_667.txt earth/gen_1777619432_670.txt earth/gen_1777619435_671.txt earth/gen_1777619440_673.txt earth/gen_1777619448_676.txt earth/gen_1777619450_677.txt earth/gen_1777619456_679.txt earth/gen_1777619463_682.txt earth/gen_1777619466_683.txt earth/gen_1777619471_685.txt earth/gen_1777619479_688.txt earth/gen_1777619482_689.txt]
[trainer] micro-train burst (24462 bytes, novelty 0.03) — and lo, it feeds again.
[syntropy] action=explore | trend=0.0000 | field_dev=-0.058 | purpose_align=-0.043 | lr_mul=1.30
[aml] burst complete: 32 steps, avg loss 2.6682 (memory freed)
[dna] air wrote 104 bytes to ecology
[dna] air wrote 31 bytes to ecology
[dna] air wrote 43 bytes to ecology
[dna] air wrote 80 bytes to ecology
[dna] air wrote 61 bytes to ecology
[dna] air wrote 223 bytes to ecology
[dna] air wrote 114 bytes to ecology
[dna] air wrote 46 bytes to ecology
[dna] air wrote 90 bytes to ecology
[dna] air wrote 31 bytes to ecology
[dna] air wrote 293 bytes to ecology
[dna] air wrote 226 bytes to ecology
[dna] air wrote 75 bytes to ecology
[dna] air wrote 69 bytes to ecology
[dna] air wrote 67 bytes to ecology
[dna] air wrote 54 bytes to ecology
[dna] air wrote 153 bytes to ecology
[dna] air wrote 59 bytes to ecology
[dna] air wrote 133 bytes to ecology
[dna] air wrote 41 bytes to ecology
[dna] air wrote 91 bytes to ecology
[dna] air wrote 34 bytes to ecology
[dna] air wrote 172 bytes to ecology
[debug-onto] tick=50 corpus=147107 stage=2 freeze=0
[dna] air wrote 109 bytes to ecology
[dna] air wrote 61 bytes to ecology
[dna] air wrote 56 bytes to ecology
[dna] air wrote 67 bytes to ecology
[dna] air wrote 31 bytes to ecology
[dna] air wrote 30 bytes to ecology
[dna] air wrote 33 bytes to ecology
[dna] air wrote 25 bytes to ecology
[dna] air wrote 56 bytes to ecology
[dna] air wrote 65 bytes to ecology
[dna] air wrote 76 bytes to ecology
[dna] air wrote 67 bytes to ecology
[dna] air wrote 20 bytes to ecology
[dna] air wrote 51 bytes to ecology
[dna] air wrote 78 bytes to ecology
[dna] air wrote 85 bytes to ecology
[dna] air wrote 88 bytes to ecology
[dna] air wrote 39 bytes to ecology
[dna] air wrote 43 bytes to ecology
[dna] air wrote 78 bytes to ecology
[dna] air wrote 75 bytes to ecology
[dna] air wrote 82 bytes to ecology
[dna] air wrote 169 bytes to ecology
[debug-onto] tick=100 corpus=147107 stage=2 freeze=0
[dna] air wrote 21 bytes to ecology
[dna] air wrote 62 bytes to ecology
[dna] air wrote 70 bytes to ecology
[dna] air wrote 213 bytes to ecology
[dna] air wrote 12 bytes to ecology
[dna] air wrote 26 bytes to ecology
[dna] air wrote 22 bytes to ecology
[dna] air wrote 27 bytes to ecology
[dna] air wrote 27 bytes to ecology
[dna] air wrote 57 bytes to ecology
[dna] air wrote 41 bytes to ecology
[dna] air wrote 50 bytes to ecology
[dna] air wrote 139 bytes to ecology
[dna] air wrote 86 bytes to ecology
[dna] air wrote 76 bytes to ecology
[dna] air wrote 33 bytes to ecology
[dna] air wrote 41 bytes to ecology
[dna] air wrote 94 bytes to ecology
[dna] air wrote 33 bytes to ecology
[dna] air wrote 127 bytes to ecology
[dna] air wrote 21 bytes to ecology
[dna] air wrote 79 bytes to ecology
[dna] air wrote 256 bytes to ecology
[dna] air wrote 32 bytes to ecology
[dna] air wrote 247 bytes to ecology
[debug-onto] tick=150 corpus=147107 stage=2 freeze=0
[dna] air wrote 83 bytes to ecology
[dna] air wrote 47 bytes to ecology
[dna] air wrote 36 bytes to ecology
[dna] air wrote 108 bytes to ecology
[dna] air wrote 36 bytes to ecology
[dna] air wrote 97 bytes to ecology
[dna] air wrote 156 bytes to ecology
[dna] air wrote 63 bytes to ecology
[dna] air wrote 75 bytes to ecology
[dna] air wrote 97 bytes to ecology
[dna] air wrote 148 bytes to ecology
[dna] air wrote 23 bytes to ecology
[dna] air wrote 39 bytes to ecology
[dna] air wrote 16 bytes to ecology
[dna] air wrote 163 bytes to ecology
[dna] air wrote 38 bytes to ecology
[dna] air wrote 29 bytes to ecology
[dna] air wrote 48 bytes to ecology
[dna] air wrote 41 bytes to ecology
[dna] air wrote 138 bytes to ecology
[dna] air wrote 84 bytes to ecology
[dna] air wrote 42 bytes to ecology
[dna] air wrote 65 bytes to ecology
[debug-onto] tick=200 corpus=147107 stage=2 freeze=0
[dna] air wrote 32 bytes to ecology
[dna] air wrote 101 bytes to ecology
[dna] air wrote 79 bytes to ecology
[dna] air wrote 40 bytes to ecology
[dna] air wrote 155 bytes to ecology
[dna] air wrote 59 bytes to ecology
[dna] air wrote 59 bytes to ecology
[dna] air wrote 29 bytes to ecology
[dna] air wrote 192 bytes to ecology
[dna] air wrote 46 bytes to ecology
[dna] air wrote 81 bytes to ecology
[dna] air wrote 31 bytes to ecology
[dna] air wrote 148 bytes to ecology
[dna] air wrote 28 bytes to ecology
[dna] air wrote 16 bytes to ecology
[dna] air wrote 95 bytes to ecology
[dna] air wrote 54 bytes to ecology
[dna] air wrote 256 bytes to ecology
[dna] air wrote 78 bytes to ecology
[dna] air wrote 156 bytes to ecology
[dna] air wrote 41 bytes to ecology
[dna] air wrote 28 bytes to ecology
[dna] air wrote 82 bytes to ecology
[dna] air wrote 36 bytes to ecology
[debug-onto] tick=250 corpus=147107 stage=2 freeze=0
[dna] air wrote 26 bytes to ecology
[dna] air wrote 44 bytes to ecology
[dna] air wrote 88 bytes to ecology
[dna] air wrote 19 bytes to ecology
[dna] air wrote 41 bytes to ecology
[dna] air wrote 193 bytes to ecology
[dna] air wrote 113 bytes to ecology
[dna] air wrote 29 bytes to ecology
[dna] air wrote 17 bytes to ecology
[dna] air wrote 162 bytes to ecology
[dna] air wrote 41 bytes to ecology
[dna] air wrote 73 bytes to ecology
[dna] air wrote 142 bytes to ecology
[dna] air wrote 67 bytes to ecology
[dna] air wrote 11 bytes to ecology
[dna] air wrote 70 bytes to ecology
[dna] air wrote 51 bytes to ecology
[dna] air wrote 137 bytes to ecology
[dna] air wrote 86 bytes to ecology
[dna] air wrote 194 bytes to ecology
[dna] air wrote 80 bytes to ecology
[dna] air wrote 51 bytes to ecology
[debug-onto] tick=300 corpus=147107 stage=2 freeze=0
[dna] air wrote 289 bytes to ecology
[dna] air wrote 48 bytes to ecology
[dna] air wrote 35 bytes to ecology
[dna] air wrote 96 bytes to ecology
[dna] air wrote 59 bytes to ecology
[dna] air wrote 101 bytes to ecology
[dna] air wrote 67 bytes to ecology
[dna] air wrote 36 bytes to ecology
[dna] air wrote 195 bytes to ecology
[dna] air wrote 64 bytes to ecology
[dna] air wrote 37 bytes to ecology
[dna] air wrote 98 bytes to ecology
[dna] air wrote 80 bytes to ecology
[dna] air wrote 72 bytes to ecology
[dna] air wrote 37 bytes to ecology
[dna] air wrote 32 bytes to ecology
[dna] air wrote 105 bytes to ecology
[dna] air wrote 35 bytes to ecology
[dna] air wrote 55 bytes to ecology
[dna] air wrote 102 bytes to ecology
[dna] air wrote 33 bytes to ecology
[dna] air wrote 107 bytes to ecology
[dna] air wrote 58 bytes to ecology
[dna] air wrote 63 bytes to ecology
[debug-onto] tick=350 corpus=147107 stage=2 freeze=0
[dna] air wrote 67 bytes to ecology
[dna] air wrote 37 bytes to ecology
[dna] air wrote 86 bytes to ecology
[dna] air wrote 59 bytes to ecology
[dna] air wrote 55 bytes to ecology
[dna] air wrote 73 bytes to ecology
[dna] air wrote 56 bytes to ecology
[dna] air wrote 44 bytes to ecology
[dna] air wrote 39 bytes to ecology
[dna] air wrote 62 bytes to ecology
[dna] air wrote 23 bytes to ecology
[dna] air wrote 75 bytes to ecology
[dna] air wrote 63 bytes to ecology
[dna] air wrote 45 bytes to ecology
[dna] air wrote 144 bytes to ecology
[dna] air wrote 116 bytes to ecology
[dna] air wrote 26 bytes to ecology
[dna] air wrote 46 bytes to ecology
[dna] air wrote 154 bytes to ecology
[dna] air wrote 69 bytes to ecology
[dna] air wrote 187 bytes to ecology
[dna] air wrote 72 bytes to ecology
[dna] air wrote 23 bytes to ecology
[dna] air wrote 20 bytes to ecology
[dna] air wrote 69 bytes to ecology
[debug-onto] tick=400 corpus=147107 stage=2 freeze=0
[dna] air wrote 12 bytes to ecology
[dna] air wrote 130 bytes to ecology
[dna] air wrote 158 bytes to ecology
[dna] air wrote 14 bytes to ecology
[dna] air wrote 106 bytes to ecology
[dna] air wrote 209 bytes to ecology
[dna] air wrote 12 bytes to ecology
[dna] air wrote 49 bytes to ecology
[dna] air wrote 44 bytes to ecology
[dna] air wrote 48 bytes to ecology
[dna] air wrote 74 bytes to ecology
[dna] air wrote 102 bytes to ecology
[dna] air wrote 72 bytes to ecology
[dna] air wrote 13 bytes to ecology
[dna] air wrote 37 bytes to ecology
[dna] air wrote 11 bytes to ecology
[dna] air wrote 165 bytes to ecology
[dna] air wrote 46 bytes to ecology
[dna] air wrote 123 bytes to ecology
[dna] air wrote 60 bytes to ecology
[dna] air wrote 59 bytes to ecology
[dna] air wrote 54 bytes to ecology
[debug-onto] tick=450 corpus=147107 stage=2 freeze=0
[dna] air wrote 33 bytes to ecology
[dna] air wrote 108 bytes to ecology
[dna] air wrote 93 bytes to ecology
[dna] air wrote 78 bytes to ecology
[dna] air wrote 72 bytes to ecology
[dna] air wrote 17 bytes to ecology
[dna] air wrote 35 bytes to ecology
[dna] air wrote 36 bytes to ecology
[dna] air wrote 220 bytes to ecology
[dna] air wrote 44 bytes to ecology
[dna] air wrote 60 bytes to ecology
[dna] air wrote 65 bytes to ecology
[dna] air wrote 157 bytes to ecology
[dna] air wrote 76 bytes to ecology
[dna] air wrote 175 bytes to ecology
[dna] air wrote 47 bytes to ecology
[dna] air wrote 185 bytes to ecology
[dna] air wrote 238 bytes to ecology
[dna] air wrote 69 bytes to ecology
[dna] air wrote 35 bytes to ecology
[dna] air wrote 48 bytes to ecology
[dna] air wrote 95 bytes to ecology
[dna] air wrote 26 bytes to ecology
[debug-onto] tick=500 corpus=147107 stage=2 freeze=0
[dna] air wrote 108 bytes to ecology
[dna] air wrote 138 bytes to ecology
[dna] air wrote 97 bytes to ecology
[dna] air wrote 52 bytes to ecology
[dna] air wrote 42 bytes to ecology
[dna] air wrote 156 bytes to ecology
[dna] air wrote 101 bytes to ecology
[dna] air wrote 37 bytes to ecology
[dna] air wrote 136 bytes to ecology
[dna] air wrote 44 bytes to ecology
[dna] air wrote 143 bytes to ecology
[dna] air wrote 35 bytes to ecology
[dna] air wrote 21 bytes to ecology
[dna] air wrote 82 bytes to ecology
[dna] air wrote 58 bytes to ecology
[dna] air wrote 45 bytes to ecology
[dna] air wrote 35 bytes to ecology
[dna] air wrote 73 bytes to ecology
[dna] air wrote 12 bytes to ecology
[dna] air wrote 109 bytes to ecology
[debug-onto] tick=550 corpus=147107 stage=2 freeze=0
[dna] air wrote 47 bytes to ecology
[dna] air wrote 40 bytes to ecology
[dna] air wrote 120 bytes to ecology
[dna] air wrote 31 bytes to ecology
[dna] air wrote 15 bytes to ecology
[dna] air wrote 135 bytes to ecology
[dna] air wrote 30 bytes to ecology
[dna] air wrote 50 bytes to ecology
[dna] air wrote 87 bytes to ecology
[dna] air wrote 61 bytes to ecology
[dna] air wrote 48 bytes to ecology
[dna] air wrote 112 bytes to ecology
[dna] air wrote 250 bytes to ecology
[dna] air wrote 45 bytes to ecology
[dna] air wrote 54 bytes to ecology
[dna] air wrote 52 bytes to ecology
[dna] air wrote 119 bytes to ecology
[dna] air wrote 58 bytes to ecology
[dna] air wrote 23 bytes to ecology
[dna] air wrote 56 bytes to ecology
[dna] air wrote 90 bytes to ecology
[dna] air wrote 137 bytes to ecology
[dna] air wrote 33 bytes to ecology
[dna] air wrote 50 bytes to ecology
[dna] air wrote 37 bytes to ecology
[debug-onto] tick=600 corpus=147107 stage=2 freeze=0
[dna] air wrote 32 bytes to ecology
[dna] air wrote 213 bytes to ecology
[dna] air wrote 64 bytes to ecology
[dna] air wrote 50 bytes to ecology
[dna] air wrote 139 bytes to ecology
[dna] air wrote 53 bytes to ecology
[dna] air wrote 88 bytes to ecology
[dna] air wrote 45 bytes to ecology
[dna] air wrote 40 bytes to ecology
[dna] air wrote 29 bytes to ecology
[dna] air wrote 45 bytes to ecology
[dna] air wrote 33 bytes to ecology
[dna] air wrote 79 bytes to ecology
[dna] air wrote 120 bytes to ecology
[dna] air wrote 75 bytes to ecology
[dna] air wrote 29 bytes to ecology
[dna] air wrote 172 bytes to ecology
[dna] air wrote 161 bytes to ecology
[dna] air wrote 30 bytes to ecology
[dna] air wrote 103 bytes to ecology
[dna] air wrote 85 bytes to ecology
[dna] air wrote 52 bytes to ecology
[dna] air wrote 93 bytes to ecology

[evolution] Organism shutting down gracefully.
