[ecology] Element: fire → corpus: nonames_fire.txt
[evolution] Autonomous evolution mode — organism will grow through all stages without pause.
[ecology] Joined swarm. 1 peer(s) detected.
molequla is alive. [evolution] Autonomous mode — background trainer running. Ctrl+C to stop.
[dna] fire wrote 70 bytes to ecology
[dna] fire consumed 13635 bytes from 204 files: [water/gen_1777621287_1.txt water/gen_1777621303_4.txt water/gen_1777621311_7.txt water/gen_1777621320_10.txt water/gen_1777621329_13.txt water/gen_1777621337_16.txt water/gen_1777621346_19.txt water/gen_1777621354_22.txt water/gen_1777621363_25.txt water/gen_1777621372_28.txt water/gen_1777621380_31.txt water/gen_1777621389_34.txt water/gen_1777621397_37.txt water/gen_1777621406_40.txt water/gen_1777621415_43.txt water/gen_1777621423_46.txt water/gen_1777621432_49.txt water/gen_1777621440_52.txt water/gen_1777621449_55.txt water/gen_1777621458_58.txt water/gen_1777621466_61.txt water/gen_1777621475_64.txt water/gen_1777621484_67.txt water/gen_1777621492_70.txt water/gen_1777621501_73.txt water/gen_1777621509_76.txt water/gen_1777621518_79.txt water/gen_1777621527_82.txt water/gen_1777621535_85.txt water/gen_1777621544_88.txt water/gen_1777621553_91.txt water/gen_1777621561_94.txt water/gen_1777621570_97.txt water/gen_1777621578_100.txt water/gen_1777621587_103.txt water/gen_1777621596_106.txt water/gen_1777621604_109.txt water/gen_1777621613_112.txt water/gen_1777621621_115.txt water/gen_1777621630_118.txt water/gen_1777621638_121.txt water/gen_1777621647_124.txt water/gen_1777621656_127.txt water/gen_1777621664_130.txt water/gen_1777621673_133.txt water/gen_1777621682_136.txt water/gen_1777621690_139.txt water/gen_1777621699_142.txt water/gen_1777621708_145.txt water/gen_1777621717_148.txt water/gen_1777621725_151.txt water/gen_1777621734_154.txt water/gen_1777621743_157.txt water/gen_1777621752_160.txt water/gen_1777621761_163.txt water/gen_1777621770_166.txt water/gen_1777621778_169.txt water/gen_1777621787_172.txt water/gen_1777621796_175.txt water/gen_1777621805_178.txt water/gen_1777621814_181.txt water/gen_1777621823_184.txt water/gen_1777621831_187.txt water/gen_1777621840_190.txt water/gen_1777621849_193.txt water/gen_1777621858_196.txt water/gen_1777621867_199.txt water/gen_1777621875_202.txt water/gen_1777621884_205.txt water/gen_1777621893_208.txt water/gen_1777621902_211.txt water/gen_1777621911_214.txt water/gen_1777621920_217.txt water/gen_1777621928_220.txt water/gen_1777621937_223.txt water/gen_1777621946_226.txt water/gen_1777621955_229.txt water/gen_1777621964_232.txt water/gen_1777621972_235.txt water/gen_1777621981_238.txt water/gen_1777621990_241.txt water/gen_1777621999_244.txt water/gen_1777622017_250.txt water/gen_1777622025_253.txt water/gen_1777622034_256.txt water/gen_1777622043_259.txt water/gen_1777622052_262.txt water/gen_1777622061_265.txt water/gen_1777622069_268.txt water/gen_1777622078_271.txt water/gen_1777622087_274.txt water/gen_1777622095_277.txt water/gen_1777622104_280.txt water/gen_1777622113_283.txt water/gen_1777622121_286.txt water/gen_1777622130_289.txt water/gen_1777622139_292.txt water/gen_1777622148_295.txt water/gen_1777622156_298.txt water/gen_1777622165_301.txt water/gen_1777622174_304.txt water/gen_1777622183_307.txt water/gen_1777622192_310.txt water/gen_1777622200_313.txt water/gen_1777622209_316.txt water/gen_1777622218_319.txt water/gen_1777622227_322.txt water/gen_1777622236_325.txt water/gen_1777622245_328.txt water/gen_1777622254_331.txt water/gen_1777622263_334.txt water/gen_1777622271_337.txt water/gen_1777622280_340.txt water/gen_1777622289_343.txt water/gen_1777622298_346.txt water/gen_1777622306_349.txt water/gen_1777622315_352.txt water/gen_1777622324_355.txt water/gen_1777622333_358.txt water/gen_1777622341_361.txt water/gen_1777622350_364.txt water/gen_1777622359_367.txt water/gen_1777622367_370.txt water/gen_1777622376_373.txt water/gen_1777622385_376.txt water/gen_1777622394_379.txt water/gen_1777622402_382.txt water/gen_1777622411_385.txt water/gen_1777622419_388.txt water/gen_1777622428_391.txt water/gen_1777622437_394.txt water/gen_1777622446_397.txt water/gen_1777622455_400.txt water/gen_1777622464_403.txt water/gen_1777622473_406.txt water/gen_1777622482_409.txt water/gen_1777622491_412.txt water/gen_1777622499_415.txt water/gen_1777622508_418.txt water/gen_1777622517_421.txt water/gen_1777622526_424.txt water/gen_1777622535_427.txt water/gen_1777622544_430.txt water/gen_1777622552_433.txt water/gen_1777622561_436.txt water/gen_1777622570_439.txt water/gen_1777622579_442.txt water/gen_1777622588_445.txt water/gen_1777622596_448.txt water/gen_1777622605_451.txt water/gen_1777622614_454.txt water/gen_1777622623_457.txt water/gen_1777622631_460.txt water/gen_1777622640_463.txt water/gen_1777622649_466.txt water/gen_1777622658_469.txt water/gen_1777622666_472.txt water/gen_1777622675_475.txt water/gen_1777622684_478.txt water/gen_1777622693_481.txt water/gen_1777622701_484.txt water/gen_1777622710_487.txt water/gen_1777622719_490.txt water/gen_1777622728_493.txt water/gen_1777622736_496.txt water/gen_1777622745_499.txt water/gen_1777622754_502.txt water/gen_1777622763_505.txt water/gen_1777622771_508.txt water/gen_1777622780_511.txt water/gen_1777622789_514.txt water/gen_1777622797_517.txt water/gen_1777622806_520.txt water/gen_1777622815_523.txt water/gen_1777622824_526.txt water/gen_1777622832_529.txt water/gen_1777622841_532.txt water/gen_1777622850_535.txt water/gen_1777622859_538.txt water/gen_1777622868_541.txt water/gen_1777622876_544.txt water/gen_1777622885_547.txt water/gen_1777622894_550.txt water/gen_1777622903_553.txt water/gen_1777622911_556.txt water/gen_1777622920_559.txt water/gen_1777622929_562.txt water/gen_1777622938_565.txt water/gen_1777622947_568.txt water/gen_1777622955_571.txt water/gen_1777622964_574.txt water/gen_1777622973_577.txt water/gen_1777622981_580.txt water/gen_1777622990_583.txt water/gen_1777622999_586.txt water/gen_1777623008_589.txt water/gen_1777623016_592.txt water/gen_1777623025_595.txt water/gen_1777623033_598.txt water/gen_1777623042_601.txt water/gen_1777623051_604.txt water/gen_1777623059_607.txt water/gen_1777623068_610.txt water/gen_1777623077_613.txt]
[trainer] micro-train burst (13635 bytes, novelty 0.04) — and lo, it feeds again.
[syntropy] action=explore | trend=0.0000 | field_dev=0.032 | purpose_align=-0.025 | lr_mul=1.30
[aml] burst complete: 32 steps, avg loss 1.9019 (memory freed)
[dna] fire wrote 161 bytes to ecology
[dna] fire wrote 84 bytes to ecology
[dna] fire wrote 20 bytes to ecology
[dna] fire wrote 40 bytes to ecology
[dna] fire wrote 82 bytes to ecology
[dna] fire wrote 42 bytes to ecology
[dna] fire wrote 72 bytes to ecology
[dna] fire wrote 57 bytes to ecology
[dna] fire wrote 19 bytes to ecology
[dna] fire wrote 190 bytes to ecology
[dna] fire wrote 68 bytes to ecology
[dna] fire wrote 160 bytes to ecology
[dna] fire wrote 84 bytes to ecology
[dna] fire wrote 55 bytes to ecology
[dna] fire wrote 42 bytes to ecology
[dna] fire wrote 74 bytes to ecology
[debug-onto] tick=50 corpus=135739 stage=2 freeze=0
[dna] fire wrote 69 bytes to ecology
[dna] fire wrote 53 bytes to ecology
[dna] fire wrote 45 bytes to ecology
[dna] fire wrote 38 bytes to ecology
[dna] fire wrote 49 bytes to ecology
[dna] fire wrote 42 bytes to ecology
[dna] fire wrote 73 bytes to ecology
[dna] fire wrote 94 bytes to ecology
[dna] fire wrote 101 bytes to ecology
[dna] fire wrote 74 bytes to ecology
[dna] fire wrote 50 bytes to ecology
[dna] fire wrote 56 bytes to ecology
[dna] fire wrote 69 bytes to ecology
[dna] fire wrote 42 bytes to ecology
[dna] fire wrote 36 bytes to ecology
[dna] fire wrote 24 bytes to ecology
[dna] fire wrote 59 bytes to ecology
[debug-onto] tick=100 corpus=135739 stage=2 freeze=0
[dna] fire wrote 18 bytes to ecology
[dna] fire wrote 14 bytes to ecology
[dna] fire wrote 33 bytes to ecology
[dna] fire wrote 58 bytes to ecology
[dna] fire wrote 115 bytes to ecology
[dna] fire wrote 18 bytes to ecology
[dna] fire wrote 34 bytes to ecology
[dna] fire wrote 66 bytes to ecology
[dna] fire wrote 89 bytes to ecology
[dna] fire wrote 36 bytes to ecology
[dna] fire wrote 29 bytes to ecology
[dna] fire wrote 42 bytes to ecology
[dna] fire wrote 73 bytes to ecology
[dna] fire wrote 23 bytes to ecology
[dna] fire wrote 30 bytes to ecology
[dna] fire wrote 102 bytes to ecology
[debug-onto] tick=150 corpus=135739 stage=2 freeze=0
[dna] fire wrote 7 bytes to ecology
[dna] fire wrote 34 bytes to ecology
[dna] fire wrote 35 bytes to ecology
[dna] fire wrote 8 bytes to ecology
[dna] fire wrote 33 bytes to ecology
[dna] fire wrote 9 bytes to ecology
[dna] fire wrote 9 bytes to ecology
[dna] fire wrote 51 bytes to ecology
[dna] fire wrote 62 bytes to ecology
[dna] fire wrote 56 bytes to ecology
[dna] fire wrote 25 bytes to ecology
[dna] fire wrote 175 bytes to ecology
[dna] fire wrote 30 bytes to ecology
[dna] fire wrote 134 bytes to ecology
[dna] fire wrote 30 bytes to ecology
[dna] fire wrote 18 bytes to ecology
[dna] fire wrote 60 bytes to ecology
[debug-onto] tick=200 corpus=135739 stage=2 freeze=0
[dna] fire wrote 103 bytes to ecology
[dna] fire wrote 53 bytes to ecology
[dna] fire wrote 131 bytes to ecology
[dna] fire wrote 89 bytes to ecology
[dna] fire wrote 59 bytes to ecology
[dna] fire wrote 240 bytes to ecology
[dna] fire wrote 66 bytes to ecology
[dna] fire wrote 32 bytes to ecology
[dna] fire wrote 26 bytes to ecology
[dna] fire wrote 69 bytes to ecology
[dna] fire wrote 28 bytes to ecology
[dna] fire wrote 57 bytes to ecology
[dna] fire wrote 24 bytes to ecology
[dna] fire wrote 47 bytes to ecology
[dna] fire wrote 33 bytes to ecology
[dna] fire wrote 76 bytes to ecology
[dna] fire wrote 66 bytes to ecology
[debug-onto] tick=250 corpus=135739 stage=2 freeze=0
[dna] fire wrote 30 bytes to ecology
[dna] fire wrote 29 bytes to ecology
[dna] fire wrote 28 bytes to ecology
[dna] fire wrote 178 bytes to ecology
[dna] fire wrote 31 bytes to ecology
[dna] fire wrote 32 bytes to ecology
[dna] fire wrote 33 bytes to ecology
[dna] fire wrote 45 bytes to ecology
[dna] fire wrote 43 bytes to ecology
[dna] fire wrote 66 bytes to ecology
[dna] fire wrote 26 bytes to ecology
[dna] fire wrote 37 bytes to ecology
[dna] fire wrote 96 bytes to ecology
[dna] fire wrote 75 bytes to ecology
[dna] fire wrote 30 bytes to ecology
[dna] fire wrote 95 bytes to ecology
[debug-onto] tick=300 corpus=135739 stage=2 freeze=0
[dna] fire wrote 35 bytes to ecology
[dna] fire wrote 27 bytes to ecology
[dna] fire wrote 42 bytes to ecology
[dna] fire wrote 179 bytes to ecology
[dna] fire wrote 110 bytes to ecology
[dna] fire wrote 46 bytes to ecology
[dna] fire wrote 71 bytes to ecology
[dna] fire wrote 56 bytes to ecology
[dna] fire wrote 46 bytes to ecology
[dna] fire wrote 51 bytes to ecology
[dna] fire wrote 8 bytes to ecology
[dna] fire wrote 91 bytes to ecology
[dna] fire wrote 10 bytes to ecology
[dna] fire wrote 45 bytes to ecology
[dna] fire wrote 41 bytes to ecology
[dna] fire wrote 28 bytes to ecology
[dna] fire wrote 47 bytes to ecology
[debug-onto] tick=350 corpus=135739 stage=2 freeze=0
[dna] fire wrote 30 bytes to ecology
[dna] fire wrote 27 bytes to ecology
[dna] fire wrote 60 bytes to ecology
[dna] fire wrote 92 bytes to ecology
[dna] fire wrote 36 bytes to ecology
[dna] fire wrote 103 bytes to ecology
[dna] fire wrote 78 bytes to ecology
[dna] fire wrote 59 bytes to ecology
[dna] fire wrote 40 bytes to ecology
[dna] fire wrote 33 bytes to ecology
[dna] fire wrote 126 bytes to ecology
[dna] fire wrote 109 bytes to ecology
[dna] fire wrote 27 bytes to ecology
[dna] fire wrote 31 bytes to ecology
[dna] fire wrote 74 bytes to ecology
[dna] fire wrote 150 bytes to ecology
[dna] fire wrote 57 bytes to ecology
[debug-onto] tick=400 corpus=135739 stage=2 freeze=0
[dna] fire wrote 38 bytes to ecology
[dna] fire wrote 69 bytes to ecology
[dna] fire wrote 34 bytes to ecology
[dna] fire wrote 35 bytes to ecology
[dna] fire wrote 99 bytes to ecology
[dna] fire wrote 79 bytes to ecology
[dna] fire wrote 88 bytes to ecology
[dna] fire wrote 104 bytes to ecology
[dna] fire wrote 43 bytes to ecology
[dna] fire wrote 134 bytes to ecology
[dna] fire wrote 163 bytes to ecology
[dna] fire wrote 99 bytes to ecology
[dna] fire wrote 179 bytes to ecology
[dna] fire wrote 25 bytes to ecology
[dna] fire wrote 157 bytes to ecology
[dna] fire wrote 143 bytes to ecology
[debug-onto] tick=450 corpus=135739 stage=2 freeze=0
[dna] fire wrote 64 bytes to ecology
[dna] fire wrote 57 bytes to ecology
[dna] fire wrote 51 bytes to ecology
[dna] fire wrote 75 bytes to ecology
[dna] fire wrote 48 bytes to ecology
[dna] fire wrote 10 bytes to ecology
[dna] fire wrote 46 bytes to ecology
[dna] fire wrote 89 bytes to ecology
[dna] fire wrote 36 bytes to ecology
[dna] fire wrote 20 bytes to ecology
[dna] fire wrote 46 bytes to ecology
[dna] fire wrote 75 bytes to ecology
[dna] fire wrote 49 bytes to ecology
[dna] fire wrote 61 bytes to ecology
[dna] fire wrote 59 bytes to ecology
[dna] fire wrote 148 bytes to ecology
[dna] fire wrote 55 bytes to ecology
[debug-onto] tick=500 corpus=135739 stage=2 freeze=0
[dna] fire wrote 164 bytes to ecology
[dna] fire wrote 162 bytes to ecology
[dna] fire wrote 67 bytes to ecology
[dna] fire wrote 76 bytes to ecology
[dna] fire wrote 19 bytes to ecology
[dna] fire wrote 82 bytes to ecology
[dna] fire wrote 128 bytes to ecology
[dna] fire wrote 35 bytes to ecology
[dna] fire wrote 135 bytes to ecology
[dna] fire wrote 59 bytes to ecology
[dna] fire wrote 44 bytes to ecology
[dna] fire wrote 65 bytes to ecology
[dna] fire wrote 83 bytes to ecology
[dna] fire wrote 58 bytes to ecology
[dna] fire wrote 25 bytes to ecology
[dna] fire wrote 45 bytes to ecology
[dna] fire wrote 42 bytes to ecology
[debug-onto] tick=550 corpus=135739 stage=2 freeze=0
[dna] fire wrote 47 bytes to ecology
[dna] fire wrote 42 bytes to ecology
[dna] fire wrote 27 bytes to ecology
[dna] fire wrote 33 bytes to ecology
[dna] fire wrote 260 bytes to ecology
[dna] fire wrote 117 bytes to ecology
[dna] fire wrote 9 bytes to ecology
[dna] fire wrote 22 bytes to ecology
[dna] fire wrote 46 bytes to ecology
[dna] fire wrote 30 bytes to ecology
[dna] fire wrote 71 bytes to ecology
[dna] fire wrote 65 bytes to ecology
[dna] fire wrote 113 bytes to ecology
[dna] fire wrote 21 bytes to ecology
[dna] fire wrote 30 bytes to ecology
[dna] fire wrote 69 bytes to ecology
[debug-onto] tick=600 corpus=135739 stage=2 freeze=0
[dna] fire wrote 73 bytes to ecology
[dna] fire wrote 58 bytes to ecology
[dna] fire wrote 30 bytes to ecology
[dna] fire wrote 64 bytes to ecology
[dna] fire wrote 70 bytes to ecology
[dna] fire wrote 50 bytes to ecology
[dna] fire wrote 118 bytes to ecology
[dna] fire wrote 39 bytes to ecology
[dna] fire wrote 44 bytes to ecology
[dna] fire wrote 42 bytes to ecology
[dna] fire wrote 31 bytes to ecology
[dna] fire wrote 29 bytes to ecology
[dna] fire wrote 42 bytes to ecology
[dna] fire wrote 138 bytes to ecology
[dna] fire wrote 38 bytes to ecology
[dna] fire wrote 59 bytes to ecology
[dna] fire wrote 6 bytes to ecology
[debug-onto] tick=650 corpus=135739 stage=2 freeze=0
[dna] fire wrote 83 bytes to ecology
[dna] fire wrote 39 bytes to ecology
[dna] fire wrote 49 bytes to ecology
[dna] fire wrote 56 bytes to ecology
[dna] fire wrote 61 bytes to ecology
[dna] fire wrote 42 bytes to ecology
[dna] fire wrote 83 bytes to ecology
[dna] fire wrote 122 bytes to ecology
[dna] fire wrote 11 bytes to ecology
[dna] fire wrote 34 bytes to ecology
[dna] fire wrote 195 bytes to ecology
[dna] fire wrote 125 bytes to ecology

[evolution] Organism shutting down gracefully.
