[ecology] Element: air → corpus: nonames_air.txt
[evolution] Autonomous evolution mode — organism will grow through all stages without pause.
[ecology] Joined swarm. 1 peer(s) detected.
molequla is alive. [evolution] Autonomous mode — background trainer running. Ctrl+C to stop.
[dna] air wrote 53 bytes to ecology
[dna] air consumed 56302 bytes from 672 files: [earth/gen_1778485852_1.txt earth/gen_1778485855_2.txt earth/gen_1778485858_3.txt earth/gen_1778485860_4.txt earth/gen_1778485863_5.txt earth/gen_1778485865_6.txt earth/gen_1778485868_7.txt earth/gen_1778485871_8.txt earth/gen_1778485873_9.txt earth/gen_1778485876_10.txt earth/gen_1778485879_11.txt earth/gen_1778485881_12.txt earth/gen_1778485884_13.txt earth/gen_1778485886_14.txt earth/gen_1778485889_15.txt earth/gen_1778485891_16.txt earth/gen_1778485894_17.txt earth/gen_1778485897_18.txt earth/gen_1778485899_19.txt earth/gen_1778485902_20.txt earth/gen_1778485904_21.txt earth/gen_1778485907_22.txt earth/gen_1778485910_23.txt earth/gen_1778485912_24.txt earth/gen_1778485915_25.txt earth/gen_1778485918_26.txt earth/gen_1778485920_27.txt earth/gen_1778485923_28.txt earth/gen_1778485925_29.txt earth/gen_1778485928_30.txt earth/gen_1778485931_31.txt earth/gen_1778485933_32.txt earth/gen_1778485936_33.txt earth/gen_1778485938_34.txt earth/gen_1778485941_35.txt earth/gen_1778485943_36.txt earth/gen_1778485946_37.txt earth/gen_1778485949_38.txt earth/gen_1778485951_39.txt earth/gen_1778485954_40.txt earth/gen_1778485957_41.txt earth/gen_1778485959_42.txt earth/gen_1778485962_43.txt earth/gen_1778485964_44.txt earth/gen_1778485967_45.txt earth/gen_1778485970_46.txt earth/gen_1778485972_47.txt earth/gen_1778485975_48.txt earth/gen_1778485978_49.txt earth/gen_1778485980_50.txt earth/gen_1778485983_51.txt earth/gen_1778485985_52.txt earth/gen_1778485988_53.txt earth/gen_1778485991_54.txt earth/gen_1778485993_55.txt earth/gen_1778485996_56.txt earth/gen_1778485999_57.txt earth/gen_1778486001_58.txt earth/gen_1778486004_59.txt earth/gen_1778486006_60.txt earth/gen_1778486009_61.txt earth/gen_1778486012_62.txt earth/gen_1778486014_63.txt earth/gen_1778486017_64.txt earth/gen_1778486020_65.txt earth/gen_1778486022_66.txt earth/gen_1778486025_67.txt earth/gen_1778486027_68.txt earth/gen_1778486030_69.txt earth/gen_1778486032_70.txt earth/gen_1778486035_71.txt earth/gen_1778486038_72.txt earth/gen_1778486040_73.txt earth/gen_1778486043_74.txt earth/gen_1778486046_75.txt earth/gen_1778486048_76.txt earth/gen_1778486051_77.txt earth/gen_1778486053_78.txt earth/gen_1778486056_79.txt earth/gen_1778486059_80.txt earth/gen_1778486061_81.txt earth/gen_1778486064_82.txt earth/gen_1778486066_83.txt earth/gen_1778486069_84.txt earth/gen_1778486072_85.txt earth/gen_1778486074_86.txt earth/gen_1778486077_87.txt earth/gen_1778486080_88.txt earth/gen_1778486082_89.txt earth/gen_1778486085_90.txt earth/gen_1778486087_91.txt earth/gen_1778486090_92.txt earth/gen_1778486093_93.txt earth/gen_1778486095_94.txt earth/gen_1778486098_95.txt earth/gen_1778486101_96.txt earth/gen_1778486103_97.txt earth/gen_1778486106_98.txt earth/gen_1778486109_99.txt earth/gen_1778486111_100.txt earth/gen_1778486114_101.txt earth/gen_1778486117_102.txt earth/gen_1778486119_103.txt earth/gen_1778486122_104.txt earth/gen_1778486125_105.txt earth/gen_1778486127_106.txt earth/gen_1778486130_107.txt earth/gen_1778486132_108.txt earth/gen_1778486135_109.txt earth/gen_1778486138_110.txt earth/gen_1778486140_111.txt earth/gen_1778486143_112.txt earth/gen_1778486145_113.txt earth/gen_1778486148_114.txt earth/gen_1778486151_115.txt earth/gen_1778486153_116.txt earth/gen_1778486156_117.txt earth/gen_1778486158_118.txt earth/gen_1778486161_119.txt earth/gen_1778486164_120.txt earth/gen_1778486166_121.txt earth/gen_1778486169_122.txt earth/gen_1778486172_123.txt earth/gen_1778486174_124.txt earth/gen_1778486177_125.txt earth/gen_1778486179_126.txt earth/gen_1778486182_127.txt earth/gen_1778486185_128.txt earth/gen_1778486187_129.txt earth/gen_1778486190_130.txt earth/gen_1778486193_131.txt earth/gen_1778486195_132.txt earth/gen_1778486198_133.txt earth/gen_1778486200_134.txt earth/gen_1778486203_135.txt earth/gen_1778486206_136.txt earth/gen_1778486208_137.txt earth/gen_1778486211_138.txt earth/gen_1778486214_139.txt earth/gen_1778486216_140.txt earth/gen_1778486219_141.txt earth/gen_1778486221_142.txt earth/gen_1778486224_143.txt earth/gen_1778486227_144.txt earth/gen_1778486229_145.txt earth/gen_1778486232_146.txt earth/gen_1778486235_147.txt earth/gen_1778486237_148.txt earth/gen_1778486240_149.txt earth/gen_1778486242_150.txt earth/gen_1778486245_151.txt earth/gen_1778486247_152.txt earth/gen_1778486250_153.txt earth/gen_1778486253_154.txt earth/gen_1778486255_155.txt earth/gen_1778486258_156.txt earth/gen_1778486261_157.txt earth/gen_1778486263_158.txt earth/gen_1778486266_159.txt earth/gen_1778486268_160.txt earth/gen_1778486271_161.txt earth/gen_1778486274_162.txt earth/gen_1778486276_163.txt earth/gen_1778486279_164.txt earth/gen_1778486282_165.txt earth/gen_1778486284_166.txt earth/gen_1778486287_167.txt earth/gen_1778486289_168.txt earth/gen_1778486292_169.txt earth/gen_1778486295_170.txt earth/gen_1778486297_171.txt earth/gen_1778486300_172.txt earth/gen_1778486303_173.txt earth/gen_1778486305_174.txt earth/gen_1778486308_175.txt earth/gen_1778486310_176.txt earth/gen_1778486313_177.txt earth/gen_1778486316_178.txt earth/gen_1778486318_179.txt earth/gen_1778486321_180.txt earth/gen_1778486324_181.txt earth/gen_1778486326_182.txt earth/gen_1778486329_183.txt earth/gen_1778486331_184.txt earth/gen_1778486334_185.txt earth/gen_1778486337_186.txt earth/gen_1778486339_187.txt earth/gen_1778486342_188.txt earth/gen_1778486345_189.txt earth/gen_1778486347_190.txt earth/gen_1778486350_191.txt earth/gen_1778486353_192.txt earth/gen_1778486355_193.txt earth/gen_1778486358_194.txt earth/gen_1778486360_195.txt earth/gen_1778486363_196.txt earth/gen_1778486366_197.txt earth/gen_1778486368_198.txt earth/gen_1778486371_199.txt earth/gen_1778486374_200.txt earth/gen_1778486376_201.txt earth/gen_1778486379_202.txt earth/gen_1778486381_203.txt earth/gen_1778486384_204.txt earth/gen_1778486387_205.txt earth/gen_1778486389_206.txt earth/gen_1778486392_207.txt earth/gen_1778486395_208.txt earth/gen_1778486397_209.txt earth/gen_1778486400_210.txt earth/gen_1778486403_211.txt earth/gen_1778486405_212.txt earth/gen_1778486408_213.txt earth/gen_1778486411_214.txt earth/gen_1778486413_215.txt earth/gen_1778486416_216.txt earth/gen_1778486419_217.txt earth/gen_1778486421_218.txt earth/gen_1778486424_219.txt earth/gen_1778486426_220.txt earth/gen_1778486429_221.txt earth/gen_1778486432_222.txt earth/gen_1778486434_223.txt earth/gen_1778486437_224.txt earth/gen_1778486440_225.txt earth/gen_1778486442_226.txt earth/gen_1778486445_227.txt earth/gen_1778486448_228.txt earth/gen_1778486450_229.txt earth/gen_1778486453_230.txt earth/gen_1778486455_231.txt earth/gen_1778486458_232.txt earth/gen_1778486461_233.txt earth/gen_1778486463_234.txt earth/gen_1778486466_235.txt earth/gen_1778486469_236.txt earth/gen_1778486471_237.txt earth/gen_1778486474_238.txt earth/gen_1778486477_239.txt earth/gen_1778486479_240.txt earth/gen_1778486482_241.txt earth/gen_1778486484_242.txt earth/gen_1778486487_243.txt earth/gen_1778486490_244.txt earth/gen_1778486492_245.txt earth/gen_1778486495_246.txt earth/gen_1778486498_247.txt earth/gen_1778486500_248.txt earth/gen_1778486503_249.txt earth/gen_1778486506_250.txt earth/gen_1778486508_251.txt earth/gen_1778486511_252.txt earth/gen_1778486513_253.txt earth/gen_1778486516_254.txt earth/gen_1778486519_255.txt earth/gen_1778486521_256.txt earth/gen_1778486524_257.txt earth/gen_1778486526_258.txt earth/gen_1778486529_259.txt earth/gen_1778486532_260.txt earth/gen_1778486534_261.txt earth/gen_1778486537_262.txt earth/gen_1778486539_263.txt earth/gen_1778486542_264.txt earth/gen_1778486545_265.txt earth/gen_1778486547_266.txt earth/gen_1778486550_267.txt earth/gen_1778486553_268.txt earth/gen_1778486555_269.txt earth/gen_1778486558_270.txt earth/gen_1778486561_271.txt earth/gen_1778486563_272.txt earth/gen_1778486566_273.txt earth/gen_1778486569_274.txt earth/gen_1778486571_275.txt earth/gen_1778486574_276.txt earth/gen_1778486576_277.txt earth/gen_1778486579_278.txt earth/gen_1778486582_279.txt earth/gen_1778486584_280.txt earth/gen_1778486587_281.txt earth/gen_1778486590_282.txt earth/gen_1778486592_283.txt earth/gen_1778486595_284.txt earth/gen_1778486597_285.txt earth/gen_1778486600_286.txt earth/gen_1778486603_287.txt earth/gen_1778486605_288.txt earth/gen_1778486608_289.txt earth/gen_1778486610_290.txt earth/gen_1778486613_291.txt earth/gen_1778486616_292.txt earth/gen_1778486618_293.txt earth/gen_1778486621_294.txt earth/gen_1778486623_295.txt earth/gen_1778486626_296.txt earth/gen_1778486629_297.txt earth/gen_1778486631_298.txt earth/gen_1778486634_299.txt earth/gen_1778486637_300.txt earth/gen_1778486639_301.txt earth/gen_1778486642_302.txt earth/gen_1778486645_303.txt earth/gen_1778486647_304.txt earth/gen_1778486650_305.txt earth/gen_1778486653_306.txt earth/gen_1778486655_307.txt earth/gen_1778486658_308.txt earth/gen_1778486661_309.txt earth/gen_1778486663_310.txt earth/gen_1778486666_311.txt earth/gen_1778486669_312.txt earth/gen_1778486671_313.txt earth/gen_1778486674_314.txt earth/gen_1778486676_315.txt earth/gen_1778486679_316.txt earth/gen_1778486682_317.txt earth/gen_1778486684_318.txt earth/gen_1778486687_319.txt earth/gen_1778486690_320.txt earth/gen_1778486692_321.txt earth/gen_1778486695_322.txt earth/gen_1778486698_323.txt earth/gen_1778486700_324.txt earth/gen_1778486703_325.txt earth/gen_1778486706_326.txt earth/gen_1778486708_327.txt earth/gen_1778486711_328.txt earth/gen_1778486714_329.txt earth/gen_1778486716_330.txt earth/gen_1778486719_331.txt earth/gen_1778486722_332.txt earth/gen_1778486724_333.txt earth/gen_1778486727_334.txt earth/gen_1778486730_335.txt earth/gen_1778486732_336.txt earth/gen_1778486735_337.txt earth/gen_1778486737_338.txt earth/gen_1778486740_339.txt earth/gen_1778486743_340.txt earth/gen_1778486745_341.txt earth/gen_1778486748_342.txt earth/gen_1778486750_343.txt earth/gen_1778486753_344.txt earth/gen_1778486756_345.txt earth/gen_1778486758_346.txt earth/gen_1778486761_347.txt earth/gen_1778486764_348.txt earth/gen_1778486766_349.txt earth/gen_1778486769_350.txt earth/gen_1778486772_351.txt earth/gen_1778486774_352.txt earth/gen_1778486777_353.txt earth/gen_1778486780_354.txt earth/gen_1778486782_355.txt earth/gen_1778486785_356.txt earth/gen_1778486788_357.txt earth/gen_1778486790_358.txt earth/gen_1778486793_359.txt earth/gen_1778486796_360.txt earth/gen_1778486798_361.txt earth/gen_1778486801_362.txt earth/gen_1778486803_363.txt earth/gen_1778486806_364.txt earth/gen_1778486809_365.txt earth/gen_1778486811_366.txt earth/gen_1778486814_367.txt earth/gen_1778486817_368.txt earth/gen_1778486819_369.txt earth/gen_1778486822_370.txt earth/gen_1778486824_371.txt earth/gen_1778486827_372.txt earth/gen_1778486830_373.txt earth/gen_1778486832_374.txt earth/gen_1778486835_375.txt earth/gen_1778486838_376.txt earth/gen_1778486840_377.txt earth/gen_1778486843_378.txt earth/gen_1778486846_379.txt earth/gen_1778486848_380.txt earth/gen_1778486851_381.txt earth/gen_1778486853_382.txt earth/gen_1778486856_383.txt earth/gen_1778486859_384.txt earth/gen_1778486861_385.txt earth/gen_1778486864_386.txt earth/gen_1778486867_387.txt earth/gen_1778486869_388.txt earth/gen_1778486872_389.txt earth/gen_1778486875_390.txt earth/gen_1778486877_391.txt earth/gen_1778486880_392.txt earth/gen_1778486883_393.txt earth/gen_1778486885_394.txt earth/gen_1778486888_395.txt earth/gen_1778486891_396.txt earth/gen_1778486893_397.txt earth/gen_1778486896_398.txt earth/gen_1778486899_399.txt earth/gen_1778486901_400.txt earth/gen_1778486904_401.txt earth/gen_1778486907_402.txt earth/gen_1778486909_403.txt earth/gen_1778486912_404.txt earth/gen_1778486915_405.txt earth/gen_1778486917_406.txt earth/gen_1778486920_407.txt earth/gen_1778486923_408.txt earth/gen_1778486925_409.txt earth/gen_1778486928_410.txt earth/gen_1778486931_411.txt earth/gen_1778486933_412.txt earth/gen_1778486936_413.txt earth/gen_1778486939_414.txt earth/gen_1778486941_415.txt earth/gen_1778486944_416.txt earth/gen_1778486946_417.txt earth/gen_1778486949_418.txt earth/gen_1778486952_419.txt earth/gen_1778486954_420.txt earth/gen_1778486957_421.txt earth/gen_1778486960_422.txt earth/gen_1778486962_423.txt earth/gen_1778486965_424.txt earth/gen_1778486967_425.txt earth/gen_1778486970_426.txt earth/gen_1778486973_427.txt earth/gen_1778486975_428.txt earth/gen_1778486978_429.txt earth/gen_1778486980_430.txt earth/gen_1778486983_431.txt earth/gen_1778486986_432.txt earth/gen_1778486988_433.txt earth/gen_1778486991_434.txt earth/gen_1778486994_435.txt earth/gen_1778486996_436.txt earth/gen_1778486999_437.txt earth/gen_1778487002_438.txt earth/gen_1778487004_439.txt earth/gen_1778487007_440.txt earth/gen_1778487009_441.txt earth/gen_1778487012_442.txt earth/gen_1778487015_443.txt earth/gen_1778487018_444.txt earth/gen_1778487020_445.txt earth/gen_1778487023_446.txt earth/gen_1778487026_447.txt earth/gen_1778487028_448.txt earth/gen_1778487031_449.txt earth/gen_1778487034_450.txt earth/gen_1778487036_451.txt earth/gen_1778487039_452.txt earth/gen_1778487042_453.txt earth/gen_1778487044_454.txt earth/gen_1778487047_455.txt earth/gen_1778487049_456.txt earth/gen_1778487052_457.txt earth/gen_1778487055_458.txt earth/gen_1778487057_459.txt earth/gen_1778487060_460.txt earth/gen_1778487062_461.txt earth/gen_1778487065_462.txt earth/gen_1778487068_463.txt earth/gen_1778487070_464.txt earth/gen_1778487073_465.txt earth/gen_1778487076_466.txt earth/gen_1778487078_467.txt earth/gen_1778487081_468.txt earth/gen_1778487083_469.txt earth/gen_1778487086_470.txt earth/gen_1778487089_471.txt earth/gen_1778487091_472.txt earth/gen_1778487094_473.txt earth/gen_1778487096_474.txt earth/gen_1778487099_475.txt earth/gen_1778487102_476.txt earth/gen_1778487104_477.txt earth/gen_1778487107_478.txt earth/gen_1778487110_479.txt earth/gen_1778487112_480.txt earth/gen_1778487115_481.txt earth/gen_1778487117_482.txt earth/gen_1778487120_483.txt earth/gen_1778487123_484.txt earth/gen_1778487125_485.txt earth/gen_1778487128_486.txt earth/gen_1778487131_487.txt earth/gen_1778487133_488.txt earth/gen_1778487136_489.txt earth/gen_1778487139_490.txt earth/gen_1778487141_491.txt earth/gen_1778487144_492.txt earth/gen_1778487146_493.txt earth/gen_1778487149_494.txt earth/gen_1778487152_495.txt earth/gen_1778487154_496.txt earth/gen_1778487157_497.txt earth/gen_1778487160_498.txt earth/gen_1778487162_499.txt earth/gen_1778487165_500.txt earth/gen_1778487167_501.txt earth/gen_1778487170_502.txt earth/gen_1778487173_503.txt earth/gen_1778487175_504.txt earth/gen_1778487178_505.txt earth/gen_1778487181_506.txt earth/gen_1778487183_507.txt earth/gen_1778487186_508.txt earth/gen_1778487189_509.txt earth/gen_1778487191_510.txt earth/gen_1778487194_511.txt earth/gen_1778487197_512.txt earth/gen_1778487199_513.txt earth/gen_1778487202_514.txt earth/gen_1778487204_515.txt earth/gen_1778487207_516.txt earth/gen_1778487210_517.txt earth/gen_1778487212_518.txt earth/gen_1778487215_519.txt earth/gen_1778487217_520.txt earth/gen_1778487220_521.txt earth/gen_1778487223_522.txt earth/gen_1778487225_523.txt earth/gen_1778487228_524.txt earth/gen_1778487231_525.txt earth/gen_1778487233_526.txt earth/gen_1778487236_527.txt earth/gen_1778487238_528.txt earth/gen_1778487241_529.txt earth/gen_1778487244_530.txt earth/gen_1778487246_531.txt earth/gen_1778487249_532.txt earth/gen_1778487252_533.txt earth/gen_1778487254_534.txt earth/gen_1778487257_535.txt earth/gen_1778487260_536.txt earth/gen_1778487262_537.txt earth/gen_1778487265_538.txt earth/gen_1778487267_539.txt earth/gen_1778487270_540.txt earth/gen_1778487273_541.txt earth/gen_1778487275_542.txt earth/gen_1778487278_543.txt earth/gen_1778487281_544.txt earth/gen_1778487283_545.txt earth/gen_1778487286_546.txt earth/gen_1778487288_547.txt earth/gen_1778487291_548.txt earth/gen_1778487294_549.txt earth/gen_1778487296_550.txt earth/gen_1778487299_551.txt earth/gen_1778487302_552.txt earth/gen_1778487304_553.txt earth/gen_1778487307_554.txt earth/gen_1778487310_555.txt earth/gen_1778487312_556.txt earth/gen_1778487315_557.txt earth/gen_1778487318_558.txt earth/gen_1778487320_559.txt earth/gen_1778487323_560.txt earth/gen_1778487326_561.txt earth/gen_1778487328_562.txt earth/gen_1778487331_563.txt earth/gen_1778487334_564.txt earth/gen_1778487336_565.txt earth/gen_1778487339_566.txt earth/gen_1778487342_567.txt earth/gen_1778487344_568.txt earth/gen_1778487347_569.txt earth/gen_1778487349_570.txt earth/gen_1778487352_571.txt earth/gen_1778487355_572.txt earth/gen_1778487357_573.txt earth/gen_1778487360_574.txt earth/gen_1778487363_575.txt earth/gen_1778487365_576.txt earth/gen_1778487368_577.txt earth/gen_1778487371_578.txt earth/gen_1778487374_579.txt earth/gen_1778487376_580.txt earth/gen_1778487379_581.txt earth/gen_1778487382_582.txt earth/gen_1778487384_583.txt earth/gen_1778487387_584.txt earth/gen_1778487390_585.txt earth/gen_1778487392_586.txt earth/gen_1778487395_587.txt earth/gen_1778487397_588.txt earth/gen_1778487400_589.txt earth/gen_1778487403_590.txt earth/gen_1778487405_591.txt earth/gen_1778487408_592.txt earth/gen_1778487411_593.txt earth/gen_1778487413_594.txt earth/gen_1778487416_595.txt earth/gen_1778487419_596.txt earth/gen_1778487421_597.txt earth/gen_1778487424_598.txt earth/gen_1778487426_599.txt earth/gen_1778487429_600.txt earth/gen_1778487432_601.txt earth/gen_1778487434_602.txt earth/gen_1778487437_603.txt earth/gen_1778487440_604.txt earth/gen_1778487442_605.txt earth/gen_1778487445_606.txt earth/gen_1778487448_607.txt earth/gen_1778487450_608.txt earth/gen_1778487453_609.txt earth/gen_1778487455_610.txt earth/gen_1778487458_611.txt earth/gen_1778487461_612.txt earth/gen_1778487463_613.txt earth/gen_1778487466_614.txt earth/gen_1778487469_615.txt earth/gen_1778487471_616.txt earth/gen_1778487474_617.txt earth/gen_1778487476_618.txt earth/gen_1778487479_619.txt earth/gen_1778487482_620.txt earth/gen_1778487484_621.txt earth/gen_1778487487_622.txt earth/gen_1778487490_623.txt earth/gen_1778487492_624.txt earth/gen_1778487495_625.txt earth/gen_1778487498_626.txt earth/gen_1778487500_627.txt earth/gen_1778487503_628.txt earth/gen_1778487505_629.txt earth/gen_1778487508_630.txt earth/gen_1778487511_631.txt earth/gen_1778487513_632.txt earth/gen_1778487516_633.txt earth/gen_1778487519_634.txt earth/gen_1778487521_635.txt earth/gen_1778487524_636.txt earth/gen_1778487527_637.txt earth/gen_1778487529_638.txt earth/gen_1778487532_639.txt earth/gen_1778487534_640.txt earth/gen_1778487537_641.txt earth/gen_1778487540_642.txt earth/gen_1778487542_643.txt earth/gen_1778487545_644.txt earth/gen_1778487548_645.txt earth/gen_1778487550_646.txt earth/gen_1778487553_647.txt earth/gen_1778487555_648.txt earth/gen_1778487558_649.txt earth/gen_1778487561_650.txt earth/gen_1778487563_651.txt earth/gen_1778487566_652.txt earth/gen_1778487568_653.txt earth/gen_1778487571_654.txt earth/gen_1778487574_655.txt earth/gen_1778487576_656.txt earth/gen_1778487579_657.txt earth/gen_1778487582_658.txt earth/gen_1778487584_659.txt earth/gen_1778487587_660.txt earth/gen_1778487589_661.txt earth/gen_1778487592_662.txt earth/gen_1778487595_663.txt earth/gen_1778487597_664.txt earth/gen_1778487600_665.txt earth/gen_1778487603_666.txt earth/gen_1778487605_667.txt earth/gen_1778487608_668.txt earth/gen_1778487610_669.txt earth/gen_1778487613_670.txt earth/gen_1778487616_671.txt earth/gen_1778487618_672.txt]
[trainer] micro-train burst (56302 bytes, novelty 0.01) — and lo, it feeds again.
[syntropy] action=explore | trend=0.0000 | field_dev=-0.054 | purpose_align=-0.061 | lr_mul=1.30
[aml] burst complete: 32 steps, avg loss 2.0654 (memory freed)
[dna] air wrote 109 bytes to ecology
[dna] air wrote 84 bytes to ecology
[dna] air wrote 96 bytes to ecology
[dna] air wrote 137 bytes to ecology
[dna] air wrote 104 bytes to ecology
[dna] air wrote 219 bytes to ecology
[dna] air wrote 98 bytes to ecology
[dna] air wrote 41 bytes to ecology
[dna] air wrote 290 bytes to ecology
[dna] air wrote 67 bytes to ecology
[dna] air wrote 67 bytes to ecology
[dna] air wrote 39 bytes to ecology
[dna] air wrote 77 bytes to ecology
[dna] air wrote 117 bytes to ecology
[dna] air wrote 75 bytes to ecology
[dna] air wrote 90 bytes to ecology
[dna] air wrote 43 bytes to ecology
[dna] air wrote 83 bytes to ecology
[dna] air wrote 81 bytes to ecology
[dna] air wrote 27 bytes to ecology
[dna] air wrote 44 bytes to ecology
[dna] air wrote 90 bytes to ecology
[dna] air wrote 75 bytes to ecology
[dna] air wrote 67 bytes to ecology
[dna] air wrote 52 bytes to ecology
[dna] air wrote 46 bytes to ecology
[dna] air wrote 97 bytes to ecology
[dna] air wrote 71 bytes to ecology
[dna] air wrote 48 bytes to ecology
[dna] air wrote 35 bytes to ecology
[dna] air wrote 101 bytes to ecology
[dna] air wrote 67 bytes to ecology
[dna] air wrote 152 bytes to ecology
[dna] air wrote 50 bytes to ecology
[dna] air wrote 46 bytes to ecology
[dna] air wrote 36 bytes to ecology
[dna] air wrote 7 bytes to ecology
[dna] air wrote 54 bytes to ecology
[dna] air wrote 130 bytes to ecology
[dna] air wrote 60 bytes to ecology
[dna] air wrote 111 bytes to ecology
[dna] air wrote 43 bytes to ecology
[dna] air wrote 115 bytes to ecology
[dna] air wrote 64 bytes to ecology
[dna] air wrote 156 bytes to ecology
[dna] air wrote 25 bytes to ecology
[debug-onto] tick=50 corpus=179290 stage=2 freeze=0
[dna] air wrote 53 bytes to ecology
[dna] air wrote 43 bytes to ecology
[dna] air wrote 36 bytes to ecology
[dna] air wrote 144 bytes to ecology
[dna] air wrote 60 bytes to ecology
[dna] air wrote 40 bytes to ecology
[dna] air wrote 19 bytes to ecology
[dna] air wrote 62 bytes to ecology
[dna] air wrote 47 bytes to ecology
[dna] air wrote 131 bytes to ecology
[dna] air wrote 46 bytes to ecology
[dna] air wrote 85 bytes to ecology
[dna] air wrote 41 bytes to ecology
[dna] air wrote 207 bytes to ecology
[dna] air wrote 35 bytes to ecology
[dna] air wrote 65 bytes to ecology
[dna] air wrote 49 bytes to ecology
[dna] air wrote 71 bytes to ecology
[dna] air wrote 138 bytes to ecology
[dna] air wrote 78 bytes to ecology
[dna] air wrote 168 bytes to ecology
[dna] air wrote 28 bytes to ecology
[dna] air wrote 28 bytes to ecology
[dna] air wrote 50 bytes to ecology
[dna] air wrote 142 bytes to ecology
[dna] air wrote 50 bytes to ecology
[dna] air wrote 51 bytes to ecology
[dna] air wrote 47 bytes to ecology
[dna] air wrote 45 bytes to ecology
[dna] air wrote 75 bytes to ecology
[dna] air wrote 185 bytes to ecology
[dna] air wrote 49 bytes to ecology
[dna] air wrote 83 bytes to ecology
[dna] air wrote 341 bytes to ecology
[dna] air wrote 48 bytes to ecology
[dna] air wrote 19 bytes to ecology
[dna] air wrote 71 bytes to ecology
[dna] air wrote 91 bytes to ecology
[dna] air wrote 24 bytes to ecology
[dna] air wrote 85 bytes to ecology
[dna] air wrote 142 bytes to ecology
[dna] air wrote 42 bytes to ecology
[dna] air wrote 114 bytes to ecology
[dna] air wrote 162 bytes to ecology
[dna] air wrote 98 bytes to ecology
[debug-onto] tick=100 corpus=179290 stage=2 freeze=0
[dna] air wrote 73 bytes to ecology
[dna] air wrote 109 bytes to ecology
[dna] air wrote 68 bytes to ecology
[dna] air wrote 55 bytes to ecology
[dna] air wrote 63 bytes to ecology
[dna] air wrote 112 bytes to ecology
[dna] air wrote 61 bytes to ecology
[dna] air wrote 98 bytes to ecology
[dna] air wrote 123 bytes to ecology
[dna] air wrote 163 bytes to ecology
[dna] air wrote 55 bytes to ecology
[dna] air wrote 48 bytes to ecology
[dna] air wrote 49 bytes to ecology
[dna] air wrote 87 bytes to ecology
[dna] air wrote 44 bytes to ecology
[dna] air wrote 28 bytes to ecology
[dna] air wrote 15 bytes to ecology
[dna] air wrote 65 bytes to ecology
[dna] air wrote 56 bytes to ecology
[dna] air wrote 47 bytes to ecology
[dna] air wrote 48 bytes to ecology
[dna] air wrote 100 bytes to ecology
[dna] air wrote 61 bytes to ecology
[dna] air wrote 137 bytes to ecology
[dna] air wrote 92 bytes to ecology
[dna] air wrote 47 bytes to ecology
[dna] air wrote 53 bytes to ecology
[dna] air wrote 54 bytes to ecology
[dna] air wrote 117 bytes to ecology
[dna] air wrote 149 bytes to ecology
[dna] air wrote 46 bytes to ecology
[dna] air wrote 53 bytes to ecology
[dna] air wrote 182 bytes to ecology
[dna] air wrote 46 bytes to ecology
[dna] air wrote 30 bytes to ecology
[dna] air wrote 88 bytes to ecology
[dna] air wrote 72 bytes to ecology
[dna] air wrote 102 bytes to ecology
[dna] air wrote 46 bytes to ecology
[dna] air wrote 103 bytes to ecology
[dna] air wrote 43 bytes to ecology
[dna] air wrote 31 bytes to ecology
[dna] air wrote 105 bytes to ecology
[dna] air wrote 118 bytes to ecology
[dna] air wrote 30 bytes to ecology
[dna] air wrote 47 bytes to ecology
[debug-onto] tick=150 corpus=179290 stage=2 freeze=0
[dna] air wrote 87 bytes to ecology
[dna] air wrote 70 bytes to ecology
[dna] air wrote 27 bytes to ecology
[dna] air wrote 105 bytes to ecology
[dna] air wrote 63 bytes to ecology
[dna] air wrote 33 bytes to ecology
[dna] air wrote 138 bytes to ecology
[dna] air wrote 37 bytes to ecology
[dna] air wrote 121 bytes to ecology
[dna] air wrote 50 bytes to ecology
[dna] air wrote 138 bytes to ecology
[dna] air wrote 78 bytes to ecology
[dna] air wrote 123 bytes to ecology
[dna] air wrote 37 bytes to ecology
[dna] air wrote 30 bytes to ecology
[dna] air wrote 11 bytes to ecology
[dna] air wrote 129 bytes to ecology
[dna] air wrote 69 bytes to ecology
[dna] air wrote 39 bytes to ecology
[dna] air wrote 125 bytes to ecology
[dna] air wrote 24 bytes to ecology
[dna] air wrote 159 bytes to ecology
[dna] air wrote 24 bytes to ecology
[dna] air wrote 51 bytes to ecology
[dna] air wrote 154 bytes to ecology
[dna] air wrote 94 bytes to ecology
[dna] air wrote 21 bytes to ecology
[dna] air wrote 63 bytes to ecology
[dna] air wrote 87 bytes to ecology
[dna] air wrote 78 bytes to ecology
[dna] air wrote 88 bytes to ecology
[dna] air wrote 82 bytes to ecology
[dna] air wrote 22 bytes to ecology
[dna] air wrote 49 bytes to ecology
[dna] air wrote 41 bytes to ecology
[dna] air wrote 48 bytes to ecology
[dna] air wrote 29 bytes to ecology
[dna] air wrote 64 bytes to ecology
[dna] air wrote 51 bytes to ecology
[dna] air wrote 162 bytes to ecology
[dna] air wrote 192 bytes to ecology
[dna] air wrote 43 bytes to ecology
[dna] air wrote 27 bytes to ecology
[dna] air wrote 86 bytes to ecology
[dna] air wrote 43 bytes to ecology
[debug-onto] tick=200 corpus=179290 stage=2 freeze=0
[dna] air wrote 82 bytes to ecology
[dna] air wrote 141 bytes to ecology
[dna] air wrote 61 bytes to ecology
[dna] air wrote 37 bytes to ecology
[dna] air wrote 21 bytes to ecology
[dna] air wrote 67 bytes to ecology
[dna] air wrote 103 bytes to ecology
[dna] air wrote 36 bytes to ecology
[dna] air wrote 151 bytes to ecology
[dna] air wrote 58 bytes to ecology
[dna] air wrote 79 bytes to ecology
[dna] air wrote 38 bytes to ecology
[dna] air wrote 135 bytes to ecology
[dna] air wrote 150 bytes to ecology
[dna] air wrote 42 bytes to ecology
[dna] air wrote 19 bytes to ecology
[dna] air wrote 193 bytes to ecology
[dna] air wrote 169 bytes to ecology
[dna] air wrote 46 bytes to ecology
[dna] air wrote 87 bytes to ecology
[dna] air wrote 26 bytes to ecology
[dna] air wrote 85 bytes to ecology
[dna] air wrote 47 bytes to ecology
[dna] air wrote 54 bytes to ecology
[dna] air wrote 57 bytes to ecology
[dna] air wrote 44 bytes to ecology
[dna] air wrote 65 bytes to ecology
[dna] air wrote 38 bytes to ecology
[dna] air wrote 51 bytes to ecology
[dna] air wrote 225 bytes to ecology
[dna] air wrote 108 bytes to ecology
[dna] air wrote 191 bytes to ecology
[dna] air wrote 118 bytes to ecology
[dna] air wrote 86 bytes to ecology
[dna] air wrote 171 bytes to ecology
[dna] air wrote 41 bytes to ecology
[dna] air wrote 119 bytes to ecology
[dna] air wrote 74 bytes to ecology
[dna] air wrote 27 bytes to ecology
[dna] air wrote 27 bytes to ecology
[dna] air wrote 164 bytes to ecology
[dna] air wrote 82 bytes to ecology
[dna] air wrote 48 bytes to ecology
[dna] air wrote 282 bytes to ecology
[dna] air wrote 150 bytes to ecology
[debug-onto] tick=250 corpus=179290 stage=2 freeze=0
[dna] air wrote 44 bytes to ecology
[dna] air wrote 25 bytes to ecology
[dna] air wrote 111 bytes to ecology
[dna] air wrote 64 bytes to ecology
[dna] air wrote 47 bytes to ecology
[dna] air wrote 30 bytes to ecology
[dna] air wrote 43 bytes to ecology
[dna] air wrote 102 bytes to ecology
[dna] air wrote 39 bytes to ecology
[dna] air wrote 67 bytes to ecology
[dna] air wrote 21 bytes to ecology
[dna] air wrote 23 bytes to ecology
[dna] air wrote 116 bytes to ecology
[dna] air wrote 157 bytes to ecology
[dna] air wrote 81 bytes to ecology
[dna] air wrote 22 bytes to ecology
[dna] air wrote 192 bytes to ecology
[dna] air wrote 44 bytes to ecology
[dna] air wrote 105 bytes to ecology
[dna] air wrote 96 bytes to ecology
[dna] air wrote 58 bytes to ecology
[dna] air wrote 68 bytes to ecology
[dna] air wrote 66 bytes to ecology
[dna] air wrote 65 bytes to ecology
[dna] air wrote 94 bytes to ecology
[dna] air wrote 248 bytes to ecology
[dna] air wrote 54 bytes to ecology
[dna] air wrote 24 bytes to ecology
[dna] air wrote 45 bytes to ecology
[dna] air wrote 89 bytes to ecology
[dna] air wrote 39 bytes to ecology
[dna] air wrote 35 bytes to ecology
[dna] air wrote 67 bytes to ecology
[dna] air wrote 89 bytes to ecology
[dna] air wrote 27 bytes to ecology
[dna] air wrote 48 bytes to ecology
[dna] air wrote 77 bytes to ecology
[dna] air wrote 92 bytes to ecology
[dna] air wrote 62 bytes to ecology
[dna] air wrote 34 bytes to ecology
[dna] air wrote 54 bytes to ecology
[dna] air wrote 121 bytes to ecology
[dna] air wrote 72 bytes to ecology
[dna] air wrote 33 bytes to ecology
[dna] air wrote 58 bytes to ecology
[dna] air wrote 29 bytes to ecology
[debug-onto] tick=300 corpus=179290 stage=2 freeze=0
[dna] air wrote 35 bytes to ecology
[dna] air wrote 25 bytes to ecology
[dna] air wrote 61 bytes to ecology
[dna] air wrote 40 bytes to ecology
[dna] air wrote 61 bytes to ecology
[dna] air wrote 66 bytes to ecology
[dna] air wrote 28 bytes to ecology
[dna] air wrote 54 bytes to ecology
[dna] air wrote 80 bytes to ecology
[dna] air wrote 63 bytes to ecology
[dna] air wrote 47 bytes to ecology
[dna] air wrote 15 bytes to ecology
[dna] air wrote 37 bytes to ecology
[dna] air wrote 62 bytes to ecology
[dna] air wrote 63 bytes to ecology
[dna] air wrote 79 bytes to ecology
[dna] air wrote 78 bytes to ecology
[dna] air wrote 33 bytes to ecology
[dna] air wrote 29 bytes to ecology
[dna] air wrote 65 bytes to ecology
[dna] air wrote 115 bytes to ecology
[dna] air wrote 29 bytes to ecology
[dna] air wrote 66 bytes to ecology
[dna] air wrote 30 bytes to ecology
[dna] air wrote 47 bytes to ecology
[dna] air wrote 94 bytes to ecology
[dna] air wrote 40 bytes to ecology
[dna] air wrote 87 bytes to ecology
[dna] air wrote 101 bytes to ecology
[dna] air wrote 67 bytes to ecology
[dna] air wrote 38 bytes to ecology
[dna] air wrote 59 bytes to ecology
[dna] air wrote 133 bytes to ecology
[dna] air wrote 33 bytes to ecology
[dna] air wrote 117 bytes to ecology
[dna] air wrote 27 bytes to ecology
[dna] air wrote 49 bytes to ecology
[dna] air wrote 83 bytes to ecology
[dna] air wrote 114 bytes to ecology
[dna] air wrote 44 bytes to ecology
[dna] air wrote 32 bytes to ecology
[dna] air wrote 98 bytes to ecology
[dna] air wrote 96 bytes to ecology
[debug-onto] tick=350 corpus=179290 stage=2 freeze=0
[dna] air wrote 206 bytes to ecology
[dna] air wrote 65 bytes to ecology
[dna] air wrote 58 bytes to ecology
[dna] air wrote 97 bytes to ecology
[dna] air wrote 100 bytes to ecology
[dna] air wrote 136 bytes to ecology
[dna] air wrote 40 bytes to ecology
[dna] air wrote 26 bytes to ecology
[dna] air wrote 29 bytes to ecology
[dna] air wrote 61 bytes to ecology
[dna] air wrote 33 bytes to ecology
[dna] air wrote 16 bytes to ecology
[dna] air wrote 145 bytes to ecology
[dna] air wrote 79 bytes to ecology
[dna] air wrote 73 bytes to ecology
[dna] air wrote 78 bytes to ecology
[dna] air wrote 50 bytes to ecology
[dna] air wrote 17 bytes to ecology
[dna] air wrote 25 bytes to ecology
[dna] air wrote 267 bytes to ecology
[dna] air wrote 43 bytes to ecology
[dna] air wrote 64 bytes to ecology
[dna] air wrote 24 bytes to ecology
[dna] air wrote 76 bytes to ecology
[dna] air wrote 82 bytes to ecology
[dna] air wrote 71 bytes to ecology
[dna] air wrote 79 bytes to ecology
[dna] air wrote 39 bytes to ecology
[dna] air wrote 17 bytes to ecology
[dna] air wrote 131 bytes to ecology
[dna] air wrote 35 bytes to ecology
[dna] air wrote 71 bytes to ecology
[dna] air wrote 155 bytes to ecology
[dna] air wrote 52 bytes to ecology
[dna] air wrote 118 bytes to ecology
[dna] air wrote 47 bytes to ecology
[dna] air wrote 154 bytes to ecology
[dna] air wrote 38 bytes to ecology
[dna] air wrote 45 bytes to ecology
[dna] air wrote 50 bytes to ecology
[dna] air wrote 88 bytes to ecology
[dna] air wrote 68 bytes to ecology
[dna] air wrote 113 bytes to ecology
[dna] air wrote 52 bytes to ecology
[debug-onto] tick=400 corpus=179290 stage=2 freeze=0
[dna] air wrote 31 bytes to ecology
[dna] air wrote 34 bytes to ecology
[dna] air wrote 147 bytes to ecology
[dna] air wrote 39 bytes to ecology
[dna] air wrote 28 bytes to ecology
[dna] air wrote 128 bytes to ecology
[dna] air wrote 40 bytes to ecology
[dna] air wrote 103 bytes to ecology
[dna] air wrote 146 bytes to ecology
[dna] air wrote 61 bytes to ecology
[dna] air wrote 122 bytes to ecology
[dna] air wrote 15 bytes to ecology
[dna] air wrote 93 bytes to ecology
[dna] air wrote 36 bytes to ecology
[dna] air wrote 166 bytes to ecology
[dna] air wrote 17 bytes to ecology
[dna] air wrote 46 bytes to ecology
[dna] air wrote 53 bytes to ecology
[dna] air wrote 197 bytes to ecology
[dna] air wrote 30 bytes to ecology
[dna] air wrote 38 bytes to ecology
[dna] air wrote 46 bytes to ecology
[dna] air wrote 245 bytes to ecology
[dna] air wrote 136 bytes to ecology
[dna] air wrote 35 bytes to ecology
[dna] air wrote 66 bytes to ecology
[dna] air wrote 40 bytes to ecology
[dna] air wrote 170 bytes to ecology
[dna] air wrote 131 bytes to ecology
[dna] air wrote 39 bytes to ecology
[dna] air wrote 51 bytes to ecology
[dna] air wrote 144 bytes to ecology
[dna] air wrote 67 bytes to ecology
[dna] air wrote 55 bytes to ecology
[dna] air wrote 37 bytes to ecology
[dna] air wrote 31 bytes to ecology
[dna] air wrote 121 bytes to ecology
[dna] air wrote 58 bytes to ecology
[dna] air wrote 26 bytes to ecology
[dna] air wrote 72 bytes to ecology
[dna] air wrote 49 bytes to ecology
[dna] air wrote 46 bytes to ecology
[dna] air wrote 77 bytes to ecology
[dna] air wrote 54 bytes to ecology
[debug-onto] tick=450 corpus=179290 stage=2 freeze=0
[dna] air wrote 35 bytes to ecology
[dna] air wrote 59 bytes to ecology
[dna] air wrote 185 bytes to ecology
[dna] air wrote 101 bytes to ecology
[dna] air wrote 57 bytes to ecology
[dna] air wrote 36 bytes to ecology
[dna] air wrote 17 bytes to ecology
[dna] air wrote 71 bytes to ecology
[dna] air wrote 75 bytes to ecology
[dna] air wrote 94 bytes to ecology
[dna] air wrote 55 bytes to ecology
[dna] air wrote 33 bytes to ecology
[dna] air wrote 84 bytes to ecology
[dna] air wrote 52 bytes to ecology
[dna] air wrote 64 bytes to ecology
[dna] air wrote 28 bytes to ecology
[dna] air wrote 210 bytes to ecology
[dna] air wrote 169 bytes to ecology
[dna] air wrote 71 bytes to ecology
[dna] air wrote 50 bytes to ecology
[dna] air wrote 167 bytes to ecology
[dna] air wrote 20 bytes to ecology
[dna] air wrote 42 bytes to ecology
[dna] air wrote 79 bytes to ecology
[dna] air wrote 28 bytes to ecology
[dna] air wrote 28 bytes to ecology
[dna] air wrote 36 bytes to ecology
[dna] air wrote 161 bytes to ecology
[dna] air wrote 106 bytes to ecology
[dna] air wrote 52 bytes to ecology
[dna] air wrote 72 bytes to ecology
[dna] air wrote 58 bytes to ecology
[dna] air wrote 15 bytes to ecology
[dna] air wrote 58 bytes to ecology
[dna] air wrote 52 bytes to ecology
[dna] air wrote 200 bytes to ecology
[dna] air wrote 63 bytes to ecology
[dna] air wrote 37 bytes to ecology
[dna] air wrote 117 bytes to ecology
[dna] air wrote 36 bytes to ecology
[dna] air wrote 23 bytes to ecology
[dna] air wrote 52 bytes to ecology
[dna] air wrote 32 bytes to ecology
[dna] air wrote 57 bytes to ecology
[dna] air wrote 56 bytes to ecology
[dna] air wrote 27 bytes to ecology
[dna] air wrote 140 bytes to ecology
[dna] air wrote 50 bytes to ecology
[debug-onto] tick=500 corpus=179290 stage=2 freeze=0
[dna] air wrote 36 bytes to ecology
[dna] air wrote 31 bytes to ecology
[dna] air wrote 138 bytes to ecology
[dna] air wrote 97 bytes to ecology
[dna] air wrote 82 bytes to ecology
[dna] air wrote 79 bytes to ecology
[dna] air wrote 65 bytes to ecology
[dna] air wrote 30 bytes to ecology
[dna] air wrote 63 bytes to ecology
[dna] air wrote 163 bytes to ecology
[dna] air wrote 41 bytes to ecology
[dna] air wrote 33 bytes to ecology
[dna] air wrote 78 bytes to ecology
[dna] air wrote 51 bytes to ecology
[dna] air wrote 61 bytes to ecology
[dna] air wrote 40 bytes to ecology
[dna] air wrote 139 bytes to ecology
[dna] air wrote 33 bytes to ecology
[dna] air wrote 74 bytes to ecology
[dna] air wrote 44 bytes to ecology
[dna] air wrote 73 bytes to ecology
[dna] air wrote 54 bytes to ecology
[dna] air wrote 75 bytes to ecology
[dna] air wrote 48 bytes to ecology
[dna] air wrote 128 bytes to ecology
[dna] air wrote 74 bytes to ecology
[dna] air wrote 157 bytes to ecology
[dna] air wrote 75 bytes to ecology
[dna] air wrote 58 bytes to ecology

[evolution] Organism shutting down gracefully.
