[ecology] Element: fire → corpus: nonames_fire.txt
[evolution] Autonomous evolution mode — organism will grow through all stages without pause.
[ecology] Joined swarm. 1 peer(s) detected.
molequla is alive. [evolution] Autonomous mode — background trainer running. Ctrl+C to stop.
[dna] fire wrote 25 bytes to ecology
[dna] fire consumed 22534 bytes from 372 files: [water/gen_1778489425_1.txt water/gen_1778489437_2.txt water/gen_1778489443_4.txt water/gen_1778489446_5.txt water/gen_1778489449_6.txt water/gen_1778489452_7.txt water/gen_1778489455_8.txt water/gen_1778489465_11.txt water/gen_1778489468_12.txt water/gen_1778489471_13.txt water/gen_1778489474_14.txt water/gen_1778489480_16.txt water/gen_1778489487_18.txt water/gen_1778489490_19.txt water/gen_1778489499_22.txt water/gen_1778489505_24.txt water/gen_1778489509_25.txt water/gen_1778489512_26.txt water/gen_1778489518_28.txt water/gen_1778489524_30.txt water/gen_1778489527_31.txt water/gen_1778489531_32.txt water/gen_1778489537_34.txt water/gen_1778489546_37.txt water/gen_1778489549_38.txt water/gen_1778489556_40.txt water/gen_1778489559_41.txt water/gen_1778489562_42.txt water/gen_1778489565_43.txt water/gen_1778489575_46.txt water/gen_1778489581_48.txt water/gen_1778489584_49.txt water/gen_1778489587_50.txt water/gen_1778489594_52.txt water/gen_1778489597_53.txt water/gen_1778489600_54.txt water/gen_1778489603_55.txt water/gen_1778489613_58.txt water/gen_1778489616_59.txt water/gen_1778489619_60.txt water/gen_1778489622_61.txt water/gen_1778489626_62.txt water/gen_1778489632_64.txt water/gen_1778489641_67.txt water/gen_1778489651_70.txt water/gen_1778489657_72.txt water/gen_1778489660_73.txt water/gen_1778489664_74.txt water/gen_1778489670_76.txt water/gen_1778489673_77.txt water/gen_1778489679_79.txt water/gen_1778489683_80.txt water/gen_1778489689_82.txt water/gen_1778489692_83.txt water/gen_1778489695_84.txt water/gen_1778489698_85.txt water/gen_1778489708_88.txt water/gen_1778489711_89.txt water/gen_1778489714_90.txt water/gen_1778489717_91.txt water/gen_1778489727_94.txt water/gen_1778489733_96.txt water/gen_1778489736_97.txt water/gen_1778489739_98.txt water/gen_1778489746_100.txt water/gen_1778489749_101.txt water/gen_1778489755_103.txt water/gen_1778489764_106.txt water/gen_1778489771_108.txt water/gen_1778489774_109.txt water/gen_1778489777_110.txt water/gen_1778489783_112.txt water/gen_1778489793_115.txt water/gen_1778489802_118.txt water/gen_1778489805_119.txt water/gen_1778489808_120.txt water/gen_1778489811_121.txt water/gen_1778489821_124.txt water/gen_1778489827_126.txt water/gen_1778489830_127.txt water/gen_1778489833_128.txt water/gen_1778489840_130.txt water/gen_1778489846_132.txt water/gen_1778489849_133.txt water/gen_1778489852_134.txt water/gen_1778489859_136.txt water/gen_1778489862_137.txt water/gen_1778489865_138.txt water/gen_1778489868_139.txt water/gen_1778489871_140.txt water/gen_1778489877_142.txt water/gen_1778489880_143.txt water/gen_1778489884_144.txt water/gen_1778489887_145.txt water/gen_1778489890_146.txt water/gen_1778489896_148.txt water/gen_1778489902_150.txt water/gen_1778489906_151.txt water/gen_1778489915_154.txt water/gen_1778489918_155.txt water/gen_1778489921_156.txt water/gen_1778489925_157.txt water/gen_1778489934_160.txt water/gen_1778489937_161.txt water/gen_1778489940_162.txt water/gen_1778489943_163.txt water/gen_1778489947_164.txt water/gen_1778489953_166.txt water/gen_1778489956_167.txt water/gen_1778489959_168.txt water/gen_1778489962_169.txt water/gen_1778489972_172.txt water/gen_1778489975_173.txt water/gen_1778489978_174.txt water/gen_1778489981_175.txt water/gen_1778489984_176.txt water/gen_1778489990_178.txt water/gen_1778489994_179.txt water/gen_1778489997_180.txt water/gen_1778490000_181.txt water/gen_1778490003_182.txt water/gen_1778490009_184.txt water/gen_1778490013_185.txt water/gen_1778490019_187.txt water/gen_1778490022_188.txt water/gen_1778490028_190.txt water/gen_1778490032_191.txt water/gen_1778490035_192.txt water/gen_1778490038_193.txt water/gen_1778490041_194.txt water/gen_1778490048_196.txt water/gen_1778490054_198.txt water/gen_1778490057_199.txt water/gen_1778490067_202.txt water/gen_1778490070_203.txt water/gen_1778490076_205.txt water/gen_1778490079_206.txt water/gen_1778490085_208.txt water/gen_1778490092_210.txt water/gen_1778490095_211.txt water/gen_1778490098_212.txt water/gen_1778490104_214.txt water/gen_1778490107_215.txt water/gen_1778490111_216.txt water/gen_1778490114_217.txt water/gen_1778490117_218.txt water/gen_1778490123_220.txt water/gen_1778490126_221.txt water/gen_1778490129_222.txt water/gen_1778490133_223.txt water/gen_1778490142_226.txt water/gen_1778490145_227.txt water/gen_1778490151_229.txt water/gen_1778490161_232.txt water/gen_1778490164_233.txt water/gen_1778490167_234.txt water/gen_1778490170_235.txt water/gen_1778490173_236.txt water/gen_1778490180_238.txt water/gen_1778490186_240.txt water/gen_1778490189_241.txt water/gen_1778490192_242.txt water/gen_1778490198_244.txt water/gen_1778490205_246.txt water/gen_1778490208_247.txt water/gen_1778490217_250.txt water/gen_1778490220_251.txt water/gen_1778490224_252.txt water/gen_1778490227_253.txt water/gen_1778490230_254.txt water/gen_1778490236_256.txt water/gen_1778490245_259.txt water/gen_1778490249_260.txt water/gen_1778490255_262.txt water/gen_1778490258_263.txt water/gen_1778490261_264.txt water/gen_1778490264_265.txt water/gen_1778490274_268.txt water/gen_1778490277_269.txt water/gen_1778490280_270.txt water/gen_1778490283_271.txt water/gen_1778490293_274.txt water/gen_1778490296_275.txt water/gen_1778490302_277.txt water/gen_1778490305_278.txt water/gen_1778490312_280.txt water/gen_1778490315_281.txt water/gen_1778490318_282.txt water/gen_1778490321_283.txt water/gen_1778490324_284.txt water/gen_1778490331_286.txt water/gen_1778490334_287.txt water/gen_1778490337_288.txt water/gen_1778490340_289.txt water/gen_1778490350_292.txt water/gen_1778490359_295.txt water/gen_1778490362_296.txt water/gen_1778490369_298.txt water/gen_1778490378_301.txt water/gen_1778490388_304.txt water/gen_1778490397_307.txt water/gen_1778490400_308.txt water/gen_1778490407_310.txt water/gen_1778490416_313.txt water/gen_1778490419_314.txt water/gen_1778490426_316.txt water/gen_1778490432_318.txt water/gen_1778490435_319.txt water/gen_1778490438_320.txt water/gen_1778490444_322.txt water/gen_1778490448_323.txt water/gen_1778490451_324.txt water/gen_1778490454_325.txt water/gen_1778490457_326.txt water/gen_1778490463_328.txt water/gen_1778490470_330.txt water/gen_1778490473_331.txt water/gen_1778490482_334.txt water/gen_1778490485_335.txt water/gen_1778490492_337.txt water/gen_1778490495_338.txt water/gen_1778490501_340.txt water/gen_1778490504_341.txt water/gen_1778490507_342.txt water/gen_1778490511_343.txt water/gen_1778490514_344.txt water/gen_1778490520_346.txt water/gen_1778490523_347.txt water/gen_1778490527_348.txt water/gen_1778490530_349.txt water/gen_1778490539_352.txt water/gen_1778490542_353.txt water/gen_1778490545_354.txt water/gen_1778490549_355.txt water/gen_1778490558_358.txt water/gen_1778490561_359.txt water/gen_1778490564_360.txt water/gen_1778490567_361.txt water/gen_1778490577_364.txt water/gen_1778490586_367.txt water/gen_1778490596_370.txt water/gen_1778490599_371.txt water/gen_1778490602_372.txt water/gen_1778490605_373.txt water/gen_1778490615_376.txt water/gen_1778490624_379.txt water/gen_1778490628_380.txt water/gen_1778490634_382.txt water/gen_1778490637_383.txt water/gen_1778490644_385.txt water/gen_1778490653_388.txt water/gen_1778490660_390.txt water/gen_1778490663_391.txt water/gen_1778490666_392.txt water/gen_1778490672_394.txt water/gen_1778490676_395.txt water/gen_1778490679_396.txt water/gen_1778490682_397.txt water/gen_1778490685_398.txt water/gen_1778490691_400.txt water/gen_1778490698_402.txt water/gen_1778490701_403.txt water/gen_1778490704_404.txt water/gen_1778490711_406.txt water/gen_1778490714_407.txt water/gen_1778490717_408.txt water/gen_1778490720_409.txt water/gen_1778490723_410.txt water/gen_1778490729_412.txt water/gen_1778490733_413.txt water/gen_1778490736_414.txt water/gen_1778490739_415.txt water/gen_1778490748_418.txt water/gen_1778490758_421.txt water/gen_1778490761_422.txt water/gen_1778490767_424.txt water/gen_1778490777_427.txt water/gen_1778490780_428.txt water/gen_1778490786_430.txt water/gen_1778490793_432.txt water/gen_1778490796_433.txt water/gen_1778490805_436.txt water/gen_1778490808_437.txt water/gen_1778490811_438.txt water/gen_1778490815_439.txt water/gen_1778490818_440.txt water/gen_1778490824_442.txt water/gen_1778490827_443.txt water/gen_1778490834_445.txt water/gen_1778490843_448.txt water/gen_1778490849_450.txt water/gen_1778490853_451.txt water/gen_1778490862_454.txt water/gen_1778490865_455.txt water/gen_1778490869_456.txt water/gen_1778490875_458.txt water/gen_1778490881_460.txt water/gen_1778490885_461.txt water/gen_1778490891_463.txt water/gen_1778490894_464.txt water/gen_1778490900_466.txt water/gen_1778490910_469.txt water/gen_1778490913_470.txt water/gen_1778490920_472.txt water/gen_1778490923_473.txt water/gen_1778490929_475.txt water/gen_1778490932_476.txt water/gen_1778490939_478.txt water/gen_1778490942_479.txt water/gen_1778490945_480.txt water/gen_1778490948_481.txt water/gen_1778490951_482.txt water/gen_1778490958_484.txt water/gen_1778490961_485.txt water/gen_1778490964_486.txt water/gen_1778490967_487.txt water/gen_1778490977_490.txt water/gen_1778490980_491.txt water/gen_1778490983_492.txt water/gen_1778490986_493.txt water/gen_1778490989_494.txt water/gen_1778490996_496.txt water/gen_1778490999_497.txt water/gen_1778491005_499.txt water/gen_1778491015_502.txt water/gen_1778491018_503.txt water/gen_1778491021_504.txt water/gen_1778491024_505.txt water/gen_1778491034_508.txt water/gen_1778491037_509.txt water/gen_1778491040_510.txt water/gen_1778491044_511.txt water/gen_1778491053_514.txt water/gen_1778491059_516.txt water/gen_1778491063_517.txt water/gen_1778491066_518.txt water/gen_1778491072_520.txt water/gen_1778491075_521.txt water/gen_1778491079_522.txt water/gen_1778491082_523.txt water/gen_1778491085_524.txt water/gen_1778491091_526.txt water/gen_1778491094_527.txt water/gen_1778491101_529.txt water/gen_1778491104_530.txt water/gen_1778491110_532.txt water/gen_1778491113_533.txt water/gen_1778491117_534.txt water/gen_1778491120_535.txt water/gen_1778491123_536.txt water/gen_1778491129_538.txt water/gen_1778491132_539.txt water/gen_1778491136_540.txt water/gen_1778491139_541.txt water/gen_1778491142_542.txt water/gen_1778491148_544.txt water/gen_1778491152_545.txt water/gen_1778491155_546.txt water/gen_1778491158_547.txt water/gen_1778491161_548.txt water/gen_1778491167_550.txt water/gen_1778491173_552.txt water/gen_1778491177_553.txt water/gen_1778491180_554.txt water/gen_1778491186_556.txt water/gen_1778491189_557.txt water/gen_1778491196_559.txt water/gen_1778491199_560.txt water/gen_1778491205_562.txt water/gen_1778491211_564.txt water/gen_1778491215_565.txt water/gen_1778491218_566.txt]
[trainer] micro-train burst (22534 bytes, novelty 0.03) — and lo, it feeds again.
[syntropy] action=explore | trend=0.0000 | field_dev=0.064 | purpose_align=-0.066 | lr_mul=1.30
[aml] burst complete: 32 steps, avg loss 1.8396 (memory freed)
[dna] fire wrote 104 bytes to ecology
[dna] fire wrote 39 bytes to ecology
[dna] fire wrote 70 bytes to ecology
[dna] fire wrote 45 bytes to ecology
[dna] fire wrote 33 bytes to ecology
[dna] fire wrote 50 bytes to ecology
[dna] fire wrote 64 bytes to ecology
[dna] fire wrote 91 bytes to ecology
[dna] fire wrote 100 bytes to ecology
[dna] fire wrote 22 bytes to ecology
[dna] fire wrote 60 bytes to ecology
[dna] fire wrote 179 bytes to ecology
[dna] fire wrote 7 bytes to ecology
[dna] fire wrote 30 bytes to ecology
[dna] fire wrote 41 bytes to ecology
[dna] fire wrote 76 bytes to ecology
[dna] fire wrote 114 bytes to ecology
[dna] fire wrote 108 bytes to ecology
[dna] fire wrote 71 bytes to ecology
[dna] fire wrote 52 bytes to ecology
[dna] fire wrote 56 bytes to ecology
[dna] fire wrote 31 bytes to ecology
[dna] fire wrote 220 bytes to ecology
[dna] fire wrote 21 bytes to ecology
[debug-onto] tick=50 corpus=144806 stage=2 freeze=0
[dna] fire wrote 168 bytes to ecology
[dna] fire wrote 48 bytes to ecology
[dna] fire wrote 66 bytes to ecology
[dna] fire wrote 249 bytes to ecology
[dna] fire wrote 45 bytes to ecology
[dna] fire wrote 44 bytes to ecology
[dna] fire wrote 69 bytes to ecology
[dna] fire wrote 44 bytes to ecology
[dna] fire wrote 71 bytes to ecology
[dna] fire wrote 65 bytes to ecology
[dna] fire wrote 60 bytes to ecology
[dna] fire wrote 64 bytes to ecology
[dna] fire wrote 179 bytes to ecology
[dna] fire wrote 156 bytes to ecology
[dna] fire wrote 70 bytes to ecology
[dna] fire wrote 37 bytes to ecology
[dna] fire wrote 33 bytes to ecology
[dna] fire wrote 13 bytes to ecology
[dna] fire wrote 37 bytes to ecology
[dna] fire wrote 91 bytes to ecology
[dna] fire wrote 50 bytes to ecology
[dna] fire wrote 87 bytes to ecology
[dna] fire wrote 119 bytes to ecology
[dna] fire wrote 118 bytes to ecology
[dna] fire wrote 45 bytes to ecology
[debug-onto] tick=100 corpus=144806 stage=2 freeze=0
[dna] fire wrote 131 bytes to ecology
[dna] fire wrote 144 bytes to ecology
[dna] fire wrote 85 bytes to ecology
[dna] fire wrote 41 bytes to ecology
[dna] fire wrote 36 bytes to ecology
[dna] fire wrote 41 bytes to ecology
[dna] fire wrote 96 bytes to ecology
[dna] fire wrote 104 bytes to ecology
[dna] fire wrote 13 bytes to ecology
[dna] fire wrote 111 bytes to ecology
[dna] fire wrote 130 bytes to ecology
[dna] fire wrote 100 bytes to ecology
[dna] fire wrote 99 bytes to ecology
[dna] fire wrote 26 bytes to ecology
[dna] fire wrote 149 bytes to ecology
[dna] fire wrote 26 bytes to ecology
[dna] fire wrote 19 bytes to ecology
[dna] fire wrote 56 bytes to ecology
[dna] fire wrote 40 bytes to ecology
[dna] fire wrote 35 bytes to ecology
[dna] fire wrote 116 bytes to ecology
[dna] fire wrote 58 bytes to ecology
[dna] fire wrote 54 bytes to ecology
[debug-onto] tick=150 corpus=144806 stage=2 freeze=0
[dna] fire wrote 47 bytes to ecology
[dna] fire wrote 76 bytes to ecology
[dna] fire wrote 66 bytes to ecology
[dna] fire wrote 151 bytes to ecology
[dna] fire wrote 126 bytes to ecology
[dna] fire wrote 28 bytes to ecology
[dna] fire wrote 46 bytes to ecology
[dna] fire wrote 54 bytes to ecology
[dna] fire wrote 49 bytes to ecology
[dna] fire wrote 101 bytes to ecology
[dna] fire wrote 13 bytes to ecology
[dna] fire wrote 67 bytes to ecology
[dna] fire wrote 11 bytes to ecology
[dna] fire wrote 48 bytes to ecology
[dna] fire wrote 91 bytes to ecology
[dna] fire wrote 91 bytes to ecology
[dna] fire wrote 16 bytes to ecology
[dna] fire wrote 38 bytes to ecology
[dna] fire wrote 26 bytes to ecology
[dna] fire wrote 62 bytes to ecology
[dna] fire wrote 109 bytes to ecology
[dna] fire wrote 42 bytes to ecology
[dna] fire wrote 56 bytes to ecology
[dna] fire wrote 59 bytes to ecology
[dna] fire wrote 48 bytes to ecology
[dna] fire wrote 226 bytes to ecology
[debug-onto] tick=200 corpus=144806 stage=2 freeze=0
[dna] fire wrote 69 bytes to ecology
[dna] fire wrote 25 bytes to ecology
[dna] fire wrote 46 bytes to ecology
[dna] fire wrote 66 bytes to ecology
[dna] fire wrote 66 bytes to ecology
[dna] fire wrote 15 bytes to ecology
[dna] fire wrote 20 bytes to ecology
[dna] fire wrote 138 bytes to ecology
[dna] fire wrote 62 bytes to ecology
[dna] fire wrote 30 bytes to ecology
[dna] fire wrote 39 bytes to ecology
[dna] fire wrote 131 bytes to ecology
[dna] fire wrote 51 bytes to ecology
[dna] fire wrote 35 bytes to ecology
[dna] fire wrote 26 bytes to ecology
[dna] fire wrote 68 bytes to ecology
[dna] fire wrote 104 bytes to ecology
[dna] fire wrote 66 bytes to ecology
[dna] fire wrote 29 bytes to ecology
[dna] fire wrote 126 bytes to ecology
[dna] fire wrote 72 bytes to ecology
[dna] fire wrote 31 bytes to ecology
[dna] fire wrote 157 bytes to ecology
[dna] fire wrote 48 bytes to ecology
[dna] fire wrote 122 bytes to ecology
[debug-onto] tick=250 corpus=144806 stage=2 freeze=0
[dna] fire wrote 33 bytes to ecology
[dna] fire wrote 55 bytes to ecology
[dna] fire wrote 157 bytes to ecology
[dna] fire wrote 155 bytes to ecology
[dna] fire wrote 36 bytes to ecology
[dna] fire wrote 81 bytes to ecology
[dna] fire wrote 35 bytes to ecology
[dna] fire wrote 24 bytes to ecology
[dna] fire wrote 182 bytes to ecology
[dna] fire wrote 29 bytes to ecology
[dna] fire wrote 27 bytes to ecology
[dna] fire wrote 105 bytes to ecology
[dna] fire wrote 71 bytes to ecology
[dna] fire wrote 129 bytes to ecology
[dna] fire wrote 20 bytes to ecology
[dna] fire wrote 178 bytes to ecology
[dna] fire wrote 43 bytes to ecology
[dna] fire wrote 79 bytes to ecology
[dna] fire wrote 45 bytes to ecology
[dna] fire wrote 71 bytes to ecology
[dna] fire wrote 68 bytes to ecology
[dna] fire wrote 87 bytes to ecology
[dna] fire wrote 103 bytes to ecology
[dna] fire wrote 53 bytes to ecology
[debug-onto] tick=300 corpus=144806 stage=2 freeze=0
[dna] fire wrote 30 bytes to ecology
[dna] fire wrote 86 bytes to ecology
[dna] fire wrote 43 bytes to ecology
[dna] fire wrote 91 bytes to ecology
[dna] fire wrote 43 bytes to ecology
[dna] fire wrote 69 bytes to ecology
[dna] fire wrote 171 bytes to ecology
[dna] fire wrote 67 bytes to ecology
[dna] fire wrote 145 bytes to ecology
[dna] fire wrote 80 bytes to ecology
[dna] fire wrote 29 bytes to ecology
[dna] fire wrote 92 bytes to ecology
[dna] fire wrote 26 bytes to ecology
[dna] fire wrote 92 bytes to ecology
[dna] fire wrote 194 bytes to ecology
[dna] fire wrote 27 bytes to ecology
[dna] fire wrote 84 bytes to ecology
[dna] fire wrote 99 bytes to ecology
[dna] fire wrote 104 bytes to ecology
[dna] fire wrote 39 bytes to ecology
[dna] fire wrote 73 bytes to ecology
[dna] fire wrote 43 bytes to ecology
[dna] fire wrote 35 bytes to ecology
[dna] fire wrote 142 bytes to ecology
[dna] fire wrote 43 bytes to ecology
[dna] fire wrote 45 bytes to ecology
[debug-onto] tick=350 corpus=144806 stage=2 freeze=0
[dna] fire wrote 51 bytes to ecology
[dna] fire wrote 47 bytes to ecology
[dna] fire wrote 34 bytes to ecology
[dna] fire wrote 71 bytes to ecology
[dna] fire wrote 121 bytes to ecology
[dna] fire wrote 59 bytes to ecology
[dna] fire wrote 28 bytes to ecology
[dna] fire wrote 64 bytes to ecology
[dna] fire wrote 92 bytes to ecology
[dna] fire wrote 33 bytes to ecology
[dna] fire wrote 52 bytes to ecology
[dna] fire wrote 30 bytes to ecology
[dna] fire wrote 220 bytes to ecology
[dna] fire wrote 52 bytes to ecology
[dna] fire wrote 119 bytes to ecology
[dna] fire wrote 37 bytes to ecology
[dna] fire wrote 54 bytes to ecology
[dna] fire wrote 180 bytes to ecology
[dna] fire wrote 82 bytes to ecology
[dna] fire wrote 13 bytes to ecology
[dna] fire wrote 105 bytes to ecology
[dna] fire wrote 73 bytes to ecology
[dna] fire wrote 66 bytes to ecology
[dna] fire wrote 75 bytes to ecology
[debug-onto] tick=400 corpus=144806 stage=2 freeze=0
[dna] fire wrote 129 bytes to ecology
[dna] fire wrote 66 bytes to ecology
[dna] fire wrote 99 bytes to ecology
[dna] fire wrote 120 bytes to ecology
[dna] fire wrote 54 bytes to ecology
[dna] fire wrote 57 bytes to ecology
[dna] fire wrote 133 bytes to ecology
[dna] fire wrote 193 bytes to ecology
[dna] fire wrote 86 bytes to ecology
[dna] fire wrote 83 bytes to ecology
[dna] fire wrote 36 bytes to ecology
[dna] fire wrote 95 bytes to ecology
[dna] fire wrote 49 bytes to ecology
[dna] fire wrote 112 bytes to ecology
[dna] fire wrote 12 bytes to ecology
[dna] fire wrote 69 bytes to ecology
[dna] fire wrote 58 bytes to ecology
[dna] fire wrote 26 bytes to ecology
[dna] fire wrote 30 bytes to ecology
[dna] fire wrote 33 bytes to ecology
[dna] fire wrote 35 bytes to ecology
[dna] fire wrote 43 bytes to ecology
[dna] fire wrote 49 bytes to ecology
[debug-onto] tick=450 corpus=144806 stage=2 freeze=0
[dna] fire wrote 41 bytes to ecology
[dna] fire wrote 96 bytes to ecology
[dna] fire wrote 48 bytes to ecology
[dna] fire wrote 53 bytes to ecology
[dna] fire wrote 26 bytes to ecology
[dna] fire wrote 109 bytes to ecology
[dna] fire wrote 28 bytes to ecology
[dna] fire wrote 125 bytes to ecology
[dna] fire wrote 50 bytes to ecology
[dna] fire wrote 53 bytes to ecology
[dna] fire wrote 88 bytes to ecology
[dna] fire wrote 56 bytes to ecology
[dna] fire wrote 75 bytes to ecology
[dna] fire wrote 77 bytes to ecology
[dna] fire wrote 72 bytes to ecology
[dna] fire wrote 20 bytes to ecology
[dna] fire wrote 36 bytes to ecology
[dna] fire wrote 147 bytes to ecology
[dna] fire wrote 44 bytes to ecology
[dna] fire wrote 118 bytes to ecology
[dna] fire wrote 97 bytes to ecology
[dna] fire wrote 57 bytes to ecology
[dna] fire wrote 18 bytes to ecology
[dna] fire wrote 146 bytes to ecology
[dna] fire wrote 27 bytes to ecology
[dna] fire wrote 212 bytes to ecology
[debug-onto] tick=500 corpus=144806 stage=2 freeze=0
[dna] fire wrote 31 bytes to ecology
[dna] fire wrote 61 bytes to ecology
[dna] fire wrote 68 bytes to ecology
[dna] fire wrote 13 bytes to ecology
[dna] fire wrote 78 bytes to ecology
[dna] fire wrote 122 bytes to ecology
[dna] fire wrote 81 bytes to ecology
[dna] fire wrote 11 bytes to ecology
[dna] fire wrote 154 bytes to ecology
[dna] fire wrote 32 bytes to ecology
[dna] fire wrote 63 bytes to ecology
[dna] fire wrote 56 bytes to ecology
[dna] fire wrote 93 bytes to ecology
[dna] fire wrote 28 bytes to ecology
[dna] fire wrote 40 bytes to ecology
[dna] fire wrote 65 bytes to ecology
[dna] fire wrote 15 bytes to ecology
[dna] fire wrote 54 bytes to ecology
[dna] fire wrote 89 bytes to ecology
[dna] fire wrote 32 bytes to ecology
[dna] fire wrote 22 bytes to ecology
[dna] fire wrote 26 bytes to ecology
[dna] fire wrote 145 bytes to ecology
[dna] fire wrote 73 bytes to ecology
[debug-onto] tick=550 corpus=144806 stage=2 freeze=0
[dna] fire wrote 42 bytes to ecology
[dna] fire wrote 92 bytes to ecology
[dna] fire wrote 43 bytes to ecology
[dna] fire wrote 53 bytes to ecology
[dna] fire wrote 14 bytes to ecology
[dna] fire wrote 27 bytes to ecology
[dna] fire wrote 32 bytes to ecology
[dna] fire wrote 81 bytes to ecology
[dna] fire wrote 52 bytes to ecology
[dna] fire wrote 24 bytes to ecology
[dna] fire wrote 15 bytes to ecology
[dna] fire wrote 93 bytes to ecology
[dna] fire wrote 14 bytes to ecology
[dna] fire wrote 62 bytes to ecology
[dna] fire wrote 62 bytes to ecology
[dna] fire wrote 70 bytes to ecology
[dna] fire wrote 81 bytes to ecology
[dna] fire wrote 97 bytes to ecology
[dna] fire wrote 23 bytes to ecology
[dna] fire wrote 89 bytes to ecology
[dna] fire wrote 35 bytes to ecology
[dna] fire wrote 12 bytes to ecology
[dna] fire wrote 115 bytes to ecology
[dna] fire wrote 99 bytes to ecology
[debug-onto] tick=600 corpus=144806 stage=2 freeze=0
[dna] fire wrote 36 bytes to ecology
[dna] fire wrote 40 bytes to ecology
[dna] fire wrote 72 bytes to ecology
[dna] fire wrote 71 bytes to ecology
[dna] fire wrote 53 bytes to ecology
[dna] fire wrote 127 bytes to ecology
[dna] fire wrote 105 bytes to ecology
[dna] fire wrote 74 bytes to ecology
[dna] fire wrote 17 bytes to ecology
[dna] fire wrote 304 bytes to ecology
[dna] fire wrote 39 bytes to ecology
[dna] fire wrote 36 bytes to ecology
[dna] fire wrote 33 bytes to ecology
[dna] fire wrote 23 bytes to ecology
[dna] fire wrote 39 bytes to ecology
[dna] fire wrote 64 bytes to ecology
[dna] fire wrote 137 bytes to ecology
[dna] fire wrote 90 bytes to ecology
[dna] fire wrote 100 bytes to ecology
[dna] fire wrote 47 bytes to ecology

[evolution] Organism shutting down gracefully.
