[ecology] Element: water → corpus: nonames_water.txt
[evolution] Autonomous evolution mode — organism will grow through all stages without pause.
[ecology] Joined swarm. 1 peer(s) detected.
molequla is alive. [evolution] Autonomous mode — background trainer running. Ctrl+C to stop.
[dna] water wrote 32 bytes to ecology
[dna] water consumed 36332 bytes from 481 files: [air/gen_1778487625_1.txt air/gen_1778487639_2.txt air/gen_1778487645_4.txt air/gen_1778487649_5.txt air/gen_1778487652_6.txt air/gen_1778487656_7.txt air/gen_1778487659_8.txt air/gen_1778487662_9.txt air/gen_1778487666_10.txt air/gen_1778487669_11.txt air/gen_1778487673_12.txt air/gen_1778487676_13.txt air/gen_1778487679_14.txt air/gen_1778487686_16.txt air/gen_1778487690_17.txt air/gen_1778487693_18.txt air/gen_1778487696_19.txt air/gen_1778487700_20.txt air/gen_1778487703_21.txt air/gen_1778487706_22.txt air/gen_1778487710_23.txt air/gen_1778487713_24.txt air/gen_1778487716_25.txt air/gen_1778487720_26.txt air/gen_1778487723_27.txt air/gen_1778487726_28.txt air/gen_1778487730_29.txt air/gen_1778487733_30.txt air/gen_1778487737_31.txt air/gen_1778487740_32.txt air/gen_1778487743_33.txt air/gen_1778487747_34.txt air/gen_1778487750_35.txt air/gen_1778487753_36.txt air/gen_1778487756_37.txt air/gen_1778487760_38.txt air/gen_1778487763_39.txt air/gen_1778487770_41.txt air/gen_1778487773_42.txt air/gen_1778487776_43.txt air/gen_1778487780_44.txt air/gen_1778487786_46.txt air/gen_1778487790_47.txt air/gen_1778487793_48.txt air/gen_1778487797_49.txt air/gen_1778487800_50.txt air/gen_1778487806_52.txt air/gen_1778487810_53.txt air/gen_1778487813_54.txt air/gen_1778487816_55.txt air/gen_1778487820_56.txt air/gen_1778487823_57.txt air/gen_1778487826_58.txt air/gen_1778487830_59.txt air/gen_1778487833_60.txt air/gen_1778487836_61.txt air/gen_1778487840_62.txt air/gen_1778487846_64.txt air/gen_1778487849_65.txt air/gen_1778487853_66.txt air/gen_1778487856_67.txt air/gen_1778487859_68.txt air/gen_1778487866_70.txt air/gen_1778487869_71.txt air/gen_1778487873_72.txt air/gen_1778487876_73.txt air/gen_1778487879_74.txt air/gen_1778487886_76.txt air/gen_1778487889_77.txt air/gen_1778487892_78.txt air/gen_1778487896_79.txt air/gen_1778487899_80.txt air/gen_1778487902_81.txt air/gen_1778487906_82.txt air/gen_1778487909_83.txt air/gen_1778487912_84.txt air/gen_1778487916_85.txt air/gen_1778487919_86.txt air/gen_1778487923_87.txt air/gen_1778487926_88.txt air/gen_1778487929_89.txt air/gen_1778487933_90.txt air/gen_1778487936_91.txt air/gen_1778487939_92.txt air/gen_1778487943_93.txt air/gen_1778487946_94.txt air/gen_1778487949_95.txt air/gen_1778487953_96.txt air/gen_1778487956_97.txt air/gen_1778487959_98.txt air/gen_1778487966_100.txt air/gen_1778487969_101.txt air/gen_1778487972_102.txt air/gen_1778487976_103.txt air/gen_1778487979_104.txt air/gen_1778487982_105.txt air/gen_1778487986_106.txt air/gen_1778487989_107.txt air/gen_1778487992_108.txt air/gen_1778487996_109.txt air/gen_1778487999_110.txt air/gen_1778488002_111.txt air/gen_1778488006_112.txt air/gen_1778488009_113.txt air/gen_1778488012_114.txt air/gen_1778488015_115.txt air/gen_1778488019_116.txt air/gen_1778488025_118.txt air/gen_1778488029_119.txt air/gen_1778488032_120.txt air/gen_1778488035_121.txt air/gen_1778488039_122.txt air/gen_1778488042_123.txt air/gen_1778488045_124.txt air/gen_1778488049_125.txt air/gen_1778488052_126.txt air/gen_1778488055_127.txt air/gen_1778488058_128.txt air/gen_1778488065_130.txt air/gen_1778488068_131.txt air/gen_1778488072_132.txt air/gen_1778488075_133.txt air/gen_1778488079_134.txt air/gen_1778488085_136.txt air/gen_1778488089_137.txt air/gen_1778488092_138.txt air/gen_1778488096_139.txt air/gen_1778488099_140.txt air/gen_1778488106_142.txt air/gen_1778488109_143.txt air/gen_1778488112_144.txt air/gen_1778488116_145.txt air/gen_1778488119_146.txt air/gen_1778488123_147.txt air/gen_1778488126_148.txt air/gen_1778488129_149.txt air/gen_1778488133_150.txt air/gen_1778488136_151.txt air/gen_1778488140_152.txt air/gen_1778488143_153.txt air/gen_1778488146_154.txt air/gen_1778488150_155.txt air/gen_1778488153_156.txt air/gen_1778488156_157.txt air/gen_1778488160_158.txt air/gen_1778488166_160.txt air/gen_1778488170_161.txt air/gen_1778488173_162.txt air/gen_1778488176_163.txt air/gen_1778488180_164.txt air/gen_1778488183_165.txt air/gen_1778488186_166.txt air/gen_1778488190_167.txt air/gen_1778488193_168.txt air/gen_1778488197_169.txt air/gen_1778488200_170.txt air/gen_1778488207_172.txt air/gen_1778488210_173.txt air/gen_1778488213_174.txt air/gen_1778488217_175.txt air/gen_1778488220_176.txt air/gen_1778488227_178.txt air/gen_1778488230_179.txt air/gen_1778488234_180.txt air/gen_1778488237_181.txt air/gen_1778488240_182.txt air/gen_1778488244_183.txt air/gen_1778488247_184.txt air/gen_1778488251_185.txt air/gen_1778488254_186.txt air/gen_1778488257_187.txt air/gen_1778488261_188.txt air/gen_1778488264_189.txt air/gen_1778488267_190.txt air/gen_1778488271_191.txt air/gen_1778488274_192.txt air/gen_1778488277_193.txt air/gen_1778488281_194.txt air/gen_1778488288_196.txt air/gen_1778488294_198.txt air/gen_1778488298_199.txt air/gen_1778488301_200.txt air/gen_1778488307_202.txt air/gen_1778488311_203.txt air/gen_1778488314_204.txt air/gen_1778488318_205.txt air/gen_1778488321_206.txt air/gen_1778488324_207.txt air/gen_1778488328_208.txt air/gen_1778488331_209.txt air/gen_1778488334_210.txt air/gen_1778488338_211.txt air/gen_1778488341_212.txt air/gen_1778488348_214.txt air/gen_1778488351_215.txt air/gen_1778488355_216.txt air/gen_1778488358_217.txt air/gen_1778488361_218.txt air/gen_1778488368_220.txt air/gen_1778488371_221.txt air/gen_1778488375_222.txt air/gen_1778488378_223.txt air/gen_1778488381_224.txt air/gen_1778488385_225.txt air/gen_1778488388_226.txt air/gen_1778488391_227.txt air/gen_1778488395_228.txt air/gen_1778488398_229.txt air/gen_1778488401_230.txt air/gen_1778488405_231.txt air/gen_1778488408_232.txt air/gen_1778488411_233.txt air/gen_1778488415_234.txt air/gen_1778488418_235.txt air/gen_1778488422_236.txt air/gen_1778488428_238.txt air/gen_1778488432_239.txt air/gen_1778488435_240.txt air/gen_1778488439_241.txt air/gen_1778488442_242.txt air/gen_1778488445_243.txt air/gen_1778488449_244.txt air/gen_1778488452_245.txt air/gen_1778488455_246.txt air/gen_1778488459_247.txt air/gen_1778488462_248.txt air/gen_1778488469_250.txt air/gen_1778488472_251.txt air/gen_1778488476_252.txt air/gen_1778488479_253.txt air/gen_1778488482_254.txt air/gen_1778488486_255.txt air/gen_1778488489_256.txt air/gen_1778488492_257.txt air/gen_1778488496_258.txt air/gen_1778488499_259.txt air/gen_1778488503_260.txt air/gen_1778488506_261.txt air/gen_1778488509_262.txt air/gen_1778488513_263.txt air/gen_1778488516_264.txt air/gen_1778488520_265.txt air/gen_1778488523_266.txt air/gen_1778488530_268.txt air/gen_1778488533_269.txt air/gen_1778488537_270.txt air/gen_1778488540_271.txt air/gen_1778488543_272.txt air/gen_1778488547_273.txt air/gen_1778488550_274.txt air/gen_1778488553_275.txt air/gen_1778488557_276.txt air/gen_1778488560_277.txt air/gen_1778488564_278.txt air/gen_1778488570_280.txt air/gen_1778488574_281.txt air/gen_1778488577_282.txt air/gen_1778488580_283.txt air/gen_1778488584_284.txt air/gen_1778488587_285.txt air/gen_1778488590_286.txt air/gen_1778488594_287.txt air/gen_1778488597_288.txt air/gen_1778488600_289.txt air/gen_1778488604_290.txt air/gen_1778488610_292.txt air/gen_1778488614_293.txt air/gen_1778488617_294.txt air/gen_1778488620_295.txt air/gen_1778488624_296.txt air/gen_1778488630_298.txt air/gen_1778488634_299.txt air/gen_1778488637_300.txt air/gen_1778488640_301.txt air/gen_1778488644_302.txt air/gen_1778488650_304.txt air/gen_1778488653_305.txt air/gen_1778488657_306.txt air/gen_1778488660_307.txt air/gen_1778488663_308.txt air/gen_1778488670_310.txt air/gen_1778488673_311.txt air/gen_1778488677_312.txt air/gen_1778488680_313.txt air/gen_1778488683_314.txt air/gen_1778488687_315.txt air/gen_1778488690_316.txt air/gen_1778488693_317.txt air/gen_1778488697_318.txt air/gen_1778488700_319.txt air/gen_1778488703_320.txt air/gen_1778488710_322.txt air/gen_1778488713_323.txt air/gen_1778488717_324.txt air/gen_1778488720_325.txt air/gen_1778488723_326.txt air/gen_1778488730_328.txt air/gen_1778488734_329.txt air/gen_1778488737_330.txt air/gen_1778488740_331.txt air/gen_1778488744_332.txt air/gen_1778488750_334.txt air/gen_1778488754_335.txt air/gen_1778488757_336.txt air/gen_1778488760_337.txt air/gen_1778488764_338.txt air/gen_1778488771_340.txt air/gen_1778488774_341.txt air/gen_1778488777_342.txt air/gen_1778488781_343.txt air/gen_1778488784_344.txt air/gen_1778488791_346.txt air/gen_1778488794_347.txt air/gen_1778488797_348.txt air/gen_1778488801_349.txt air/gen_1778488804_350.txt air/gen_1778488808_351.txt air/gen_1778488811_352.txt air/gen_1778488814_353.txt air/gen_1778488818_354.txt air/gen_1778488821_355.txt air/gen_1778488825_356.txt air/gen_1778488831_358.txt air/gen_1778488835_359.txt air/gen_1778488838_360.txt air/gen_1778488841_361.txt air/gen_1778488845_362.txt air/gen_1778488851_364.txt air/gen_1778488855_365.txt air/gen_1778488858_366.txt air/gen_1778488862_367.txt air/gen_1778488865_368.txt air/gen_1778488872_370.txt air/gen_1778488875_371.txt air/gen_1778488879_372.txt air/gen_1778488882_373.txt air/gen_1778488886_374.txt air/gen_1778488892_376.txt air/gen_1778488896_377.txt air/gen_1778488899_378.txt air/gen_1778488902_379.txt air/gen_1778488906_380.txt air/gen_1778488909_381.txt air/gen_1778488912_382.txt air/gen_1778488916_383.txt air/gen_1778488919_384.txt air/gen_1778488923_385.txt air/gen_1778488926_386.txt air/gen_1778488933_388.txt air/gen_1778488936_389.txt air/gen_1778488940_390.txt air/gen_1778488943_391.txt air/gen_1778488946_392.txt air/gen_1778488953_394.txt air/gen_1778488957_395.txt air/gen_1778488960_396.txt air/gen_1778488963_397.txt air/gen_1778488967_398.txt air/gen_1778488970_399.txt air/gen_1778488973_400.txt air/gen_1778488977_401.txt air/gen_1778488980_402.txt air/gen_1778488984_403.txt air/gen_1778488987_404.txt air/gen_1778488994_406.txt air/gen_1778488997_407.txt air/gen_1778489001_408.txt air/gen_1778489004_409.txt air/gen_1778489007_410.txt air/gen_1778489014_412.txt air/gen_1778489017_413.txt air/gen_1778489021_414.txt air/gen_1778489024_415.txt air/gen_1778489028_416.txt air/gen_1778489034_418.txt air/gen_1778489038_419.txt air/gen_1778489041_420.txt air/gen_1778489044_421.txt air/gen_1778489048_422.txt air/gen_1778489051_423.txt air/gen_1778489055_424.txt air/gen_1778489058_425.txt air/gen_1778489061_426.txt air/gen_1778489065_427.txt air/gen_1778489068_428.txt air/gen_1778489075_430.txt air/gen_1778489078_431.txt air/gen_1778489082_432.txt air/gen_1778489085_433.txt air/gen_1778489088_434.txt air/gen_1778489092_435.txt air/gen_1778489095_436.txt air/gen_1778489099_437.txt air/gen_1778489102_438.txt air/gen_1778489105_439.txt air/gen_1778489109_440.txt air/gen_1778489115_442.txt air/gen_1778489119_443.txt air/gen_1778489122_444.txt air/gen_1778489126_445.txt air/gen_1778489129_446.txt air/gen_1778489136_448.txt air/gen_1778489139_449.txt air/gen_1778489142_450.txt air/gen_1778489146_451.txt air/gen_1778489149_452.txt air/gen_1778489156_454.txt air/gen_1778489159_455.txt air/gen_1778489163_456.txt air/gen_1778489166_457.txt air/gen_1778489169_458.txt air/gen_1778489173_459.txt air/gen_1778489176_460.txt air/gen_1778489179_461.txt air/gen_1778489183_462.txt air/gen_1778489186_463.txt air/gen_1778489189_464.txt air/gen_1778489193_465.txt air/gen_1778489196_466.txt air/gen_1778489199_467.txt air/gen_1778489203_468.txt air/gen_1778489206_469.txt air/gen_1778489210_470.txt air/gen_1778489213_471.txt air/gen_1778489216_472.txt air/gen_1778489220_473.txt air/gen_1778489223_474.txt air/gen_1778489227_475.txt air/gen_1778489230_476.txt air/gen_1778489233_477.txt air/gen_1778489236_478.txt air/gen_1778489240_479.txt air/gen_1778489243_480.txt air/gen_1778489247_481.txt air/gen_1778489250_482.txt air/gen_1778489257_484.txt air/gen_1778489260_485.txt air/gen_1778489263_486.txt air/gen_1778489267_487.txt air/gen_1778489270_488.txt air/gen_1778489274_489.txt air/gen_1778489277_490.txt air/gen_1778489280_491.txt air/gen_1778489284_492.txt air/gen_1778489287_493.txt air/gen_1778489290_494.txt air/gen_1778489294_495.txt air/gen_1778489297_496.txt air/gen_1778489300_497.txt air/gen_1778489304_498.txt air/gen_1778489307_499.txt air/gen_1778489310_500.txt air/gen_1778489317_502.txt air/gen_1778489320_503.txt air/gen_1778489324_504.txt air/gen_1778489327_505.txt air/gen_1778489331_506.txt air/gen_1778489337_508.txt air/gen_1778489341_509.txt air/gen_1778489344_510.txt air/gen_1778489347_511.txt air/gen_1778489351_512.txt air/gen_1778489357_514.txt air/gen_1778489361_515.txt air/gen_1778489364_516.txt air/gen_1778489368_517.txt air/gen_1778489371_518.txt air/gen_1778489374_519.txt air/gen_1778489378_520.txt air/gen_1778489381_521.txt air/gen_1778489385_522.txt air/gen_1778489388_523.txt air/gen_1778489391_524.txt air/gen_1778489395_525.txt air/gen_1778489398_526.txt air/gen_1778489401_527.txt air/gen_1778489405_528.txt air/gen_1778489408_529.txt air/gen_1778489412_530.txt air/gen_1778489415_531.txt air/gen_1778489418_532.txt]
[trainer] micro-train burst (36332 bytes, novelty 0.02) — and lo, it feeds again.
[syntropy] action=explore | trend=0.0000 | field_dev=0.092 | purpose_align=-0.059 | lr_mul=1.30
[aml] burst complete: 32 steps, avg loss 1.8890 (memory freed)
[dna] water wrote 47 bytes to ecology
[dna] water wrote 48 bytes to ecology
[dna] water wrote 50 bytes to ecology
[dna] water wrote 43 bytes to ecology
[dna] water wrote 57 bytes to ecology
[dna] water wrote 34 bytes to ecology
[dna] water wrote 7 bytes to ecology
[dna] water wrote 39 bytes to ecology
[dna] water wrote 14 bytes to ecology
[dna] water wrote 10 bytes to ecology
[dna] water wrote 95 bytes to ecology
[dna] water wrote 26 bytes to ecology
[dna] water wrote 25 bytes to ecology
[dna] water wrote 44 bytes to ecology
[dna] water wrote 78 bytes to ecology
[dna] water wrote 18 bytes to ecology
[dna] water wrote 40 bytes to ecology
[dna] water wrote 32 bytes to ecology
[dna] water wrote 45 bytes to ecology
[dna] water wrote 41 bytes to ecology
[dna] water wrote 60 bytes to ecology
[dna] water wrote 29 bytes to ecology
[dna] water wrote 34 bytes to ecology
[dna] water wrote 7 bytes to ecology
[dna] water wrote 50 bytes to ecology
[dna] water wrote 56 bytes to ecology
[dna] water wrote 61 bytes to ecology
[dna] water wrote 28 bytes to ecology
[dna] water wrote 31 bytes to ecology
[dna] water wrote 135 bytes to ecology
[dna] water wrote 62 bytes to ecology
[dna] water wrote 43 bytes to ecology
[dna] water wrote 26 bytes to ecology
[dna] water wrote 74 bytes to ecology
[debug-onto] tick=50 corpus=162510 stage=2 freeze=0
[dna] water wrote 71 bytes to ecology
[dna] water wrote 20 bytes to ecology
[dna] water wrote 64 bytes to ecology
[dna] water wrote 33 bytes to ecology
[dna] water wrote 88 bytes to ecology
[dna] water wrote 61 bytes to ecology
[dna] water wrote 73 bytes to ecology
[dna] water wrote 52 bytes to ecology
[dna] water wrote 227 bytes to ecology
[dna] water wrote 26 bytes to ecology
[dna] water wrote 140 bytes to ecology
[dna] water wrote 50 bytes to ecology
[dna] water wrote 94 bytes to ecology
[dna] water wrote 25 bytes to ecology
[dna] water wrote 48 bytes to ecology
[dna] water wrote 55 bytes to ecology
[dna] water wrote 29 bytes to ecology
[dna] water wrote 30 bytes to ecology
[dna] water wrote 28 bytes to ecology
[dna] water wrote 109 bytes to ecology
[dna] water wrote 71 bytes to ecology
[dna] water wrote 164 bytes to ecology
[dna] water wrote 148 bytes to ecology
[dna] water wrote 73 bytes to ecology
[dna] water wrote 145 bytes to ecology
[dna] water wrote 19 bytes to ecology
[dna] water wrote 22 bytes to ecology
[dna] water wrote 62 bytes to ecology
[dna] water wrote 85 bytes to ecology
[dna] water wrote 55 bytes to ecology
[dna] water wrote 80 bytes to ecology
[dna] water wrote 11 bytes to ecology
[debug-onto] tick=100 corpus=162510 stage=2 freeze=0
[dna] water wrote 14 bytes to ecology
[dna] water wrote 21 bytes to ecology
[dna] water wrote 48 bytes to ecology
[dna] water wrote 56 bytes to ecology
[dna] water wrote 65 bytes to ecology
[dna] water wrote 71 bytes to ecology
[dna] water wrote 37 bytes to ecology
[dna] water wrote 41 bytes to ecology
[dna] water wrote 81 bytes to ecology
[dna] water wrote 74 bytes to ecology
[dna] water wrote 31 bytes to ecology
[dna] water wrote 41 bytes to ecology
[dna] water wrote 45 bytes to ecology
[dna] water wrote 87 bytes to ecology
[dna] water wrote 38 bytes to ecology
[dna] water wrote 51 bytes to ecology
[dna] water wrote 57 bytes to ecology
[dna] water wrote 102 bytes to ecology
[dna] water wrote 45 bytes to ecology
[dna] water wrote 92 bytes to ecology
[dna] water wrote 66 bytes to ecology
[dna] water wrote 59 bytes to ecology
[dna] water wrote 32 bytes to ecology
[dna] water wrote 40 bytes to ecology
[dna] water wrote 48 bytes to ecology
[dna] water wrote 55 bytes to ecology
[dna] water wrote 24 bytes to ecology
[dna] water wrote 51 bytes to ecology
[dna] water wrote 193 bytes to ecology
[dna] water wrote 22 bytes to ecology
[dna] water wrote 74 bytes to ecology
[dna] water wrote 78 bytes to ecology
[debug-onto] tick=150 corpus=162510 stage=2 freeze=0
[dna] water wrote 112 bytes to ecology
[dna] water wrote 46 bytes to ecology
[dna] water wrote 40 bytes to ecology
[dna] water wrote 63 bytes to ecology
[dna] water wrote 158 bytes to ecology
[dna] water wrote 37 bytes to ecology
[dna] water wrote 151 bytes to ecology
[dna] water wrote 70 bytes to ecology
[dna] water wrote 47 bytes to ecology
[dna] water wrote 17 bytes to ecology
[dna] water wrote 110 bytes to ecology
[dna] water wrote 34 bytes to ecology
[dna] water wrote 42 bytes to ecology
[dna] water wrote 111 bytes to ecology
[dna] water wrote 8 bytes to ecology
[dna] water wrote 79 bytes to ecology
[dna] water wrote 31 bytes to ecology
[dna] water wrote 27 bytes to ecology
[dna] water wrote 66 bytes to ecology
[dna] water wrote 10 bytes to ecology
[dna] water wrote 84 bytes to ecology
[dna] water wrote 77 bytes to ecology
[dna] water wrote 25 bytes to ecology
[dna] water wrote 60 bytes to ecology
[dna] water wrote 46 bytes to ecology
[dna] water wrote 87 bytes to ecology
[dna] water wrote 37 bytes to ecology
[dna] water wrote 75 bytes to ecology
[dna] water wrote 161 bytes to ecology
[dna] water wrote 45 bytes to ecology
[dna] water wrote 14 bytes to ecology
[dna] water wrote 22 bytes to ecology
[dna] water wrote 70 bytes to ecology
[dna] water wrote 145 bytes to ecology
[dna] water wrote 63 bytes to ecology
[dna] water wrote 61 bytes to ecology
[dna] water wrote 79 bytes to ecology
[debug-onto] tick=200 corpus=162510 stage=2 freeze=0
[dna] water wrote 44 bytes to ecology
[dna] water wrote 35 bytes to ecology
[dna] water wrote 136 bytes to ecology
[dna] water wrote 19 bytes to ecology
[dna] water wrote 44 bytes to ecology
[dna] water wrote 9 bytes to ecology
[dna] water wrote 128 bytes to ecology
[dna] water wrote 93 bytes to ecology
[dna] water wrote 68 bytes to ecology
[dna] water wrote 38 bytes to ecology
[dna] water wrote 67 bytes to ecology
[dna] water wrote 33 bytes to ecology
[dna] water wrote 20 bytes to ecology
[dna] water wrote 31 bytes to ecology
[dna] water wrote 32 bytes to ecology
[dna] water wrote 39 bytes to ecology
[dna] water wrote 42 bytes to ecology
[dna] water wrote 54 bytes to ecology
[dna] water wrote 27 bytes to ecology
[dna] water wrote 61 bytes to ecology
[dna] water wrote 75 bytes to ecology
[dna] water wrote 75 bytes to ecology
[dna] water wrote 68 bytes to ecology
[dna] water wrote 10 bytes to ecology
[dna] water wrote 48 bytes to ecology
[dna] water wrote 58 bytes to ecology
[dna] water wrote 184 bytes to ecology
[dna] water wrote 60 bytes to ecology
[dna] water wrote 102 bytes to ecology
[dna] water wrote 31 bytes to ecology
[dna] water wrote 63 bytes to ecology
[dna] water wrote 44 bytes to ecology
[dna] water wrote 40 bytes to ecology
[dna] water wrote 31 bytes to ecology
[debug-onto] tick=250 corpus=162510 stage=2 freeze=0
[dna] water wrote 43 bytes to ecology
[dna] water wrote 43 bytes to ecology
[dna] water wrote 46 bytes to ecology
[dna] water wrote 31 bytes to ecology
[dna] water wrote 110 bytes to ecology
[dna] water wrote 106 bytes to ecology
[dna] water wrote 19 bytes to ecology
[dna] water wrote 36 bytes to ecology
[dna] water wrote 205 bytes to ecology
[dna] water wrote 42 bytes to ecology
[dna] water wrote 52 bytes to ecology
[dna] water wrote 60 bytes to ecology
[dna] water wrote 44 bytes to ecology
[dna] water wrote 86 bytes to ecology
[dna] water wrote 154 bytes to ecology
[dna] water wrote 115 bytes to ecology
[dna] water wrote 30 bytes to ecology
[dna] water wrote 7 bytes to ecology
[dna] water wrote 48 bytes to ecology
[dna] water wrote 15 bytes to ecology
[dna] water wrote 18 bytes to ecology
[dna] water wrote 79 bytes to ecology
[dna] water wrote 80 bytes to ecology
[dna] water wrote 29 bytes to ecology
[dna] water wrote 41 bytes to ecology
[dna] water wrote 214 bytes to ecology
[dna] water wrote 166 bytes to ecology
[dna] water wrote 38 bytes to ecology
[dna] water wrote 44 bytes to ecology
[dna] water wrote 74 bytes to ecology
[dna] water wrote 156 bytes to ecology
[dna] water wrote 55 bytes to ecology
[dna] water wrote 41 bytes to ecology
[debug-onto] tick=300 corpus=162510 stage=2 freeze=0
[dna] water wrote 41 bytes to ecology
[dna] water wrote 38 bytes to ecology
[dna] water wrote 44 bytes to ecology
[dna] water wrote 108 bytes to ecology
[dna] water wrote 72 bytes to ecology
[dna] water wrote 53 bytes to ecology
[dna] water wrote 61 bytes to ecology
[dna] water wrote 31 bytes to ecology
[dna] water wrote 38 bytes to ecology
[dna] water wrote 73 bytes to ecology
[dna] water wrote 28 bytes to ecology
[dna] water wrote 35 bytes to ecology
[dna] water wrote 49 bytes to ecology
[dna] water wrote 56 bytes to ecology
[dna] water wrote 61 bytes to ecology
[dna] water wrote 16 bytes to ecology
[dna] water wrote 59 bytes to ecology
[dna] water wrote 8 bytes to ecology
[dna] water wrote 36 bytes to ecology
[dna] water wrote 150 bytes to ecology
[dna] water wrote 15 bytes to ecology
[dna] water wrote 48 bytes to ecology
[dna] water wrote 197 bytes to ecology
[dna] water wrote 38 bytes to ecology
[dna] water wrote 92 bytes to ecology
[dna] water wrote 46 bytes to ecology
[dna] water wrote 24 bytes to ecology
[dna] water wrote 134 bytes to ecology
[dna] water wrote 41 bytes to ecology
[dna] water wrote 86 bytes to ecology
[dna] water wrote 17 bytes to ecology
[dna] water wrote 135 bytes to ecology
[dna] water wrote 95 bytes to ecology
[debug-onto] tick=350 corpus=162510 stage=2 freeze=0
[dna] water wrote 116 bytes to ecology
[dna] water wrote 11 bytes to ecology
[dna] water wrote 29 bytes to ecology
[dna] water wrote 54 bytes to ecology
[dna] water wrote 23 bytes to ecology
[dna] water wrote 11 bytes to ecology
[dna] water wrote 21 bytes to ecology
[dna] water wrote 51 bytes to ecology
[dna] water wrote 8 bytes to ecology
[dna] water wrote 40 bytes to ecology
[dna] water wrote 45 bytes to ecology
[dna] water wrote 91 bytes to ecology
[dna] water wrote 113 bytes to ecology
[dna] water wrote 69 bytes to ecology
[dna] water wrote 146 bytes to ecology
[dna] water wrote 36 bytes to ecology
[dna] water wrote 65 bytes to ecology
[dna] water wrote 142 bytes to ecology
[dna] water wrote 36 bytes to ecology
[dna] water wrote 24 bytes to ecology
[dna] water wrote 111 bytes to ecology
[dna] water wrote 47 bytes to ecology
[dna] water wrote 31 bytes to ecology
[dna] water wrote 110 bytes to ecology
[dna] water wrote 43 bytes to ecology
[dna] water wrote 35 bytes to ecology
[dna] water wrote 17 bytes to ecology
[dna] water wrote 79 bytes to ecology
[dna] water wrote 55 bytes to ecology
[dna] water wrote 79 bytes to ecology
[dna] water wrote 22 bytes to ecology
[debug-onto] tick=400 corpus=162510 stage=2 freeze=0
[dna] water wrote 113 bytes to ecology
[dna] water wrote 15 bytes to ecology
[dna] water wrote 83 bytes to ecology
[dna] water wrote 122 bytes to ecology
[dna] water wrote 51 bytes to ecology
[dna] water wrote 45 bytes to ecology
[dna] water wrote 20 bytes to ecology
[dna] water wrote 43 bytes to ecology
[dna] water wrote 91 bytes to ecology
[dna] water wrote 91 bytes to ecology
[dna] water wrote 30 bytes to ecology
[dna] water wrote 22 bytes to ecology
[dna] water wrote 43 bytes to ecology
[dna] water wrote 117 bytes to ecology
[dna] water wrote 67 bytes to ecology
[dna] water wrote 49 bytes to ecology
[dna] water wrote 72 bytes to ecology
[dna] water wrote 28 bytes to ecology
[dna] water wrote 100 bytes to ecology
[dna] water wrote 85 bytes to ecology
[dna] water wrote 51 bytes to ecology
[dna] water wrote 64 bytes to ecology
[dna] water wrote 24 bytes to ecology
[dna] water wrote 67 bytes to ecology
[dna] water wrote 71 bytes to ecology
[dna] water wrote 45 bytes to ecology
[dna] water wrote 30 bytes to ecology
[dna] water wrote 36 bytes to ecology
[dna] water wrote 31 bytes to ecology
[dna] water wrote 63 bytes to ecology
[dna] water wrote 5 bytes to ecology
[dna] water wrote 27 bytes to ecology
[debug-onto] tick=450 corpus=162510 stage=2 freeze=0
[dna] water wrote 39 bytes to ecology
[dna] water wrote 71 bytes to ecology
[dna] water wrote 96 bytes to ecology
[dna] water wrote 93 bytes to ecology
[dna] water wrote 9 bytes to ecology
[dna] water wrote 39 bytes to ecology
[dna] water wrote 66 bytes to ecology
[dna] water wrote 19 bytes to ecology
[dna] water wrote 30 bytes to ecology
[dna] water wrote 48 bytes to ecology
[dna] water wrote 21 bytes to ecology
[dna] water wrote 36 bytes to ecology
[dna] water wrote 71 bytes to ecology
[dna] water wrote 74 bytes to ecology
[dna] water wrote 49 bytes to ecology
[dna] water wrote 106 bytes to ecology
[dna] water wrote 95 bytes to ecology
[dna] water wrote 55 bytes to ecology
[dna] water wrote 42 bytes to ecology
[dna] water wrote 25 bytes to ecology
[dna] water wrote 90 bytes to ecology
[dna] water wrote 37 bytes to ecology
[dna] water wrote 107 bytes to ecology
[dna] water wrote 27 bytes to ecology
[dna] water wrote 114 bytes to ecology
[dna] water wrote 75 bytes to ecology
[dna] water wrote 40 bytes to ecology
[dna] water wrote 148 bytes to ecology
[dna] water wrote 84 bytes to ecology
[dna] water wrote 104 bytes to ecology
[dna] water wrote 69 bytes to ecology
[dna] water wrote 82 bytes to ecology
[dna] water wrote 44 bytes to ecology
[dna] water wrote 163 bytes to ecology
[debug-onto] tick=500 corpus=162510 stage=2 freeze=0
[dna] water wrote 107 bytes to ecology
[dna] water wrote 30 bytes to ecology
[dna] water wrote 40 bytes to ecology
[dna] water wrote 65 bytes to ecology
[dna] water wrote 29 bytes to ecology
[dna] water wrote 144 bytes to ecology
[dna] water wrote 35 bytes to ecology
[dna] water wrote 119 bytes to ecology
[dna] water wrote 28 bytes to ecology
[dna] water wrote 12 bytes to ecology
[dna] water wrote 91 bytes to ecology
[dna] water wrote 52 bytes to ecology
[dna] water wrote 79 bytes to ecology
[dna] water wrote 44 bytes to ecology
[dna] water wrote 11 bytes to ecology
[dna] water wrote 37 bytes to ecology
[dna] water wrote 49 bytes to ecology
[dna] water wrote 95 bytes to ecology
[dna] water wrote 32 bytes to ecology
[dna] water wrote 119 bytes to ecology
[dna] water wrote 53 bytes to ecology
[dna] water wrote 19 bytes to ecology
[dna] water wrote 31 bytes to ecology
[dna] water wrote 60 bytes to ecology
[dna] water wrote 28 bytes to ecology
[dna] water wrote 37 bytes to ecology
[dna] water wrote 49 bytes to ecology
[dna] water wrote 39 bytes to ecology
[dna] water wrote 29 bytes to ecology
[dna] water wrote 41 bytes to ecology
[dna] water wrote 79 bytes to ecology
[dna] water wrote 41 bytes to ecology
[dna] water wrote 10 bytes to ecology
[dna] water wrote 16 bytes to ecology
[dna] water wrote 32 bytes to ecology
[dna] water wrote 53 bytes to ecology
[dna] water wrote 22 bytes to ecology
[debug-onto] tick=550 corpus=162510 stage=2 freeze=0
[dna] water wrote 35 bytes to ecology
[dna] water wrote 34 bytes to ecology
[dna] water wrote 69 bytes to ecology
[dna] water wrote 28 bytes to ecology
[dna] water wrote 25 bytes to ecology
[dna] water wrote 60 bytes to ecology
[dna] water wrote 183 bytes to ecology
[dna] water wrote 29 bytes to ecology
[dna] water wrote 90 bytes to ecology
[dna] water wrote 49 bytes to ecology
[dna] water wrote 25 bytes to ecology

[evolution] Organism shutting down gracefully.
