[ecology] Element: air → corpus: nonames_air.txt
[evolution] Autonomous evolution mode — organism will grow through all stages without pause.
[ecology] Joined swarm. 1 peer(s) detected.
molequla is alive. [evolution] Autonomous mode — background trainer running. Ctrl+C to stop.
[dna] air wrote 82 bytes to ecology
[dna] air consumed 16457 bytes from 213 files: [earth/gen_1778220195_1.txt earth/gen_1778220203_4.txt earth/gen_1778220211_7.txt earth/gen_1778220219_10.txt earth/gen_1778220227_13.txt earth/gen_1778220235_16.txt earth/gen_1778220242_19.txt earth/gen_1778220250_22.txt earth/gen_1778220258_25.txt earth/gen_1778220266_28.txt earth/gen_1778220273_31.txt earth/gen_1778220281_34.txt earth/gen_1778220289_37.txt earth/gen_1778220297_40.txt earth/gen_1778220305_43.txt earth/gen_1778220313_46.txt earth/gen_1778220321_49.txt earth/gen_1778220328_52.txt earth/gen_1778220336_55.txt earth/gen_1778220344_58.txt earth/gen_1778220352_61.txt earth/gen_1778220360_64.txt earth/gen_1778220368_67.txt earth/gen_1778220384_73.txt earth/gen_1778220392_76.txt earth/gen_1778220400_79.txt earth/gen_1778220416_85.txt earth/gen_1778220424_88.txt earth/gen_1778220431_91.txt earth/gen_1778220439_94.txt earth/gen_1778220447_97.txt earth/gen_1778220455_100.txt earth/gen_1778220463_103.txt earth/gen_1778220471_106.txt earth/gen_1778220479_109.txt earth/gen_1778220487_112.txt earth/gen_1778220494_115.txt earth/gen_1778220502_118.txt earth/gen_1778220510_121.txt earth/gen_1778220518_124.txt earth/gen_1778220534_130.txt earth/gen_1778220542_133.txt earth/gen_1778220550_136.txt earth/gen_1778220558_139.txt earth/gen_1778220565_142.txt earth/gen_1778220573_145.txt earth/gen_1778220581_148.txt earth/gen_1778220589_151.txt earth/gen_1778220597_154.txt earth/gen_1778220605_157.txt earth/gen_1778220613_160.txt earth/gen_1778220621_163.txt earth/gen_1778220629_166.txt earth/gen_1778220637_169.txt earth/gen_1778220645_172.txt earth/gen_1778220653_175.txt earth/gen_1778220661_178.txt earth/gen_1778220669_181.txt earth/gen_1778220677_184.txt earth/gen_1778220685_187.txt earth/gen_1778220693_190.txt earth/gen_1778220701_193.txt earth/gen_1778220709_196.txt earth/gen_1778220717_199.txt earth/gen_1778220725_202.txt earth/gen_1778220733_205.txt earth/gen_1778220741_208.txt earth/gen_1778220749_211.txt earth/gen_1778220757_214.txt earth/gen_1778220765_217.txt earth/gen_1778220774_220.txt earth/gen_1778220782_223.txt earth/gen_1778220790_226.txt earth/gen_1778220798_229.txt earth/gen_1778220806_232.txt earth/gen_1778220814_235.txt earth/gen_1778220822_238.txt earth/gen_1778220830_241.txt earth/gen_1778220839_244.txt earth/gen_1778220847_247.txt earth/gen_1778220855_250.txt earth/gen_1778220864_253.txt earth/gen_1778220881_259.txt earth/gen_1778220889_262.txt earth/gen_1778220897_265.txt earth/gen_1778220906_268.txt earth/gen_1778220922_274.txt earth/gen_1778220931_277.txt earth/gen_1778220939_280.txt earth/gen_1778220947_283.txt earth/gen_1778220956_286.txt earth/gen_1778220965_289.txt earth/gen_1778220973_292.txt earth/gen_1778220981_295.txt earth/gen_1778220990_298.txt earth/gen_1778220998_301.txt earth/gen_1778221006_304.txt earth/gen_1778221015_307.txt earth/gen_1778221023_310.txt earth/gen_1778221040_316.txt earth/gen_1778221048_319.txt earth/gen_1778221057_322.txt earth/gen_1778221065_325.txt earth/gen_1778221074_328.txt earth/gen_1778221082_331.txt earth/gen_1778221090_334.txt earth/gen_1778221099_337.txt earth/gen_1778221107_340.txt earth/gen_1778221115_343.txt earth/gen_1778221124_346.txt earth/gen_1778221132_349.txt earth/gen_1778221140_352.txt earth/gen_1778221148_355.txt earth/gen_1778221157_358.txt earth/gen_1778221165_361.txt earth/gen_1778221173_364.txt earth/gen_1778221182_367.txt earth/gen_1778221190_370.txt earth/gen_1778221198_373.txt earth/gen_1778221206_376.txt earth/gen_1778221215_379.txt earth/gen_1778221223_382.txt earth/gen_1778221231_385.txt earth/gen_1778221238_388.txt earth/gen_1778221246_391.txt earth/gen_1778221254_394.txt earth/gen_1778221262_397.txt earth/gen_1778221269_400.txt earth/gen_1778221277_403.txt earth/gen_1778221285_406.txt earth/gen_1778221292_409.txt earth/gen_1778221300_412.txt earth/gen_1778221308_415.txt earth/gen_1778221316_418.txt earth/gen_1778221324_421.txt earth/gen_1778221332_424.txt earth/gen_1778221339_427.txt earth/gen_1778221347_430.txt earth/gen_1778221355_433.txt earth/gen_1778221363_436.txt earth/gen_1778221371_439.txt earth/gen_1778221380_442.txt earth/gen_1778221388_445.txt earth/gen_1778221396_448.txt earth/gen_1778221405_451.txt earth/gen_1778221413_454.txt earth/gen_1778221422_457.txt earth/gen_1778221430_460.txt earth/gen_1778221438_463.txt earth/gen_1778221447_466.txt earth/gen_1778221455_469.txt earth/gen_1778221463_472.txt earth/gen_1778221471_475.txt earth/gen_1778221480_478.txt earth/gen_1778221488_481.txt earth/gen_1778221496_484.txt earth/gen_1778221504_487.txt earth/gen_1778221512_490.txt earth/gen_1778221521_493.txt earth/gen_1778221529_496.txt earth/gen_1778221537_499.txt earth/gen_1778221546_502.txt earth/gen_1778221554_505.txt earth/gen_1778221562_508.txt earth/gen_1778221570_511.txt earth/gen_1778221579_514.txt earth/gen_1778221588_517.txt earth/gen_1778221596_520.txt earth/gen_1778221605_523.txt earth/gen_1778221613_526.txt earth/gen_1778221621_529.txt earth/gen_1778221630_532.txt earth/gen_1778221638_535.txt earth/gen_1778221646_538.txt earth/gen_1778221655_541.txt earth/gen_1778221663_544.txt earth/gen_1778221671_547.txt earth/gen_1778221680_550.txt earth/gen_1778221688_553.txt earth/gen_1778221696_556.txt earth/gen_1778221705_559.txt earth/gen_1778221713_562.txt earth/gen_1778221721_565.txt earth/gen_1778221729_568.txt earth/gen_1778221738_571.txt earth/gen_1778221746_574.txt earth/gen_1778221753_577.txt earth/gen_1778221761_580.txt earth/gen_1778221769_583.txt earth/gen_1778221777_586.txt earth/gen_1778221785_589.txt earth/gen_1778221792_592.txt earth/gen_1778221800_595.txt earth/gen_1778221808_598.txt earth/gen_1778221816_601.txt earth/gen_1778221824_604.txt earth/gen_1778221832_607.txt earth/gen_1778221840_610.txt earth/gen_1778221848_613.txt earth/gen_1778221856_616.txt earth/gen_1778221864_619.txt earth/gen_1778221871_622.txt earth/gen_1778221879_625.txt earth/gen_1778221887_628.txt earth/gen_1778221895_631.txt earth/gen_1778221902_634.txt earth/gen_1778221910_637.txt earth/gen_1778221918_640.txt earth/gen_1778221926_643.txt earth/gen_1778221933_646.txt earth/gen_1778221941_649.txt earth/gen_1778221949_652.txt earth/gen_1778221957_655.txt]
[trainer] micro-train burst (16457 bytes, novelty 0.04) — and lo, it feeds again.
[syntropy] action=explore | trend=0.0000 | field_dev=0.051 | purpose_align=-0.039 | lr_mul=1.30
[aml] burst complete: 32 steps, avg loss 2.8168 (memory freed)
[dna] air wrote 48 bytes to ecology
[dna] air wrote 84 bytes to ecology
[dna] air wrote 36 bytes to ecology
[dna] air wrote 133 bytes to ecology
[dna] air wrote 123 bytes to ecology
[dna] air wrote 92 bytes to ecology
[dna] air wrote 79 bytes to ecology
[dna] air wrote 176 bytes to ecology
[dna] air wrote 28 bytes to ecology
[dna] air wrote 172 bytes to ecology
[dna] air wrote 57 bytes to ecology
[dna] air wrote 19 bytes to ecology
[dna] air wrote 81 bytes to ecology
[dna] air wrote 42 bytes to ecology
[dna] air wrote 15 bytes to ecology
[dna] air wrote 85 bytes to ecology
[debug-onto] tick=50 corpus=138986 stage=2 freeze=0
[dna] air wrote 52 bytes to ecology
[dna] air wrote 28 bytes to ecology
[dna] air wrote 126 bytes to ecology
[dna] air wrote 69 bytes to ecology
[dna] air wrote 22 bytes to ecology
[dna] air wrote 17 bytes to ecology
[dna] air wrote 98 bytes to ecology
[dna] air wrote 85 bytes to ecology
[dna] air wrote 67 bytes to ecology
[dna] air wrote 110 bytes to ecology
[dna] air wrote 62 bytes to ecology
[dna] air wrote 126 bytes to ecology
[dna] air wrote 113 bytes to ecology
[dna] air wrote 49 bytes to ecology
[dna] air wrote 56 bytes to ecology
[dna] air wrote 30 bytes to ecology
[dna] air wrote 283 bytes to ecology
[debug-onto] tick=100 corpus=138986 stage=2 freeze=0
[dna] air wrote 52 bytes to ecology
[dna] air wrote 155 bytes to ecology
[dna] air wrote 32 bytes to ecology
[dna] air wrote 72 bytes to ecology
[dna] air wrote 104 bytes to ecology
[dna] air wrote 94 bytes to ecology
[dna] air wrote 94 bytes to ecology
[dna] air wrote 12 bytes to ecology
[dna] air wrote 53 bytes to ecology
[dna] air wrote 139 bytes to ecology
[dna] air wrote 128 bytes to ecology
[dna] air wrote 102 bytes to ecology
[dna] air wrote 38 bytes to ecology
[dna] air wrote 36 bytes to ecology
[dna] air wrote 180 bytes to ecology
[dna] air wrote 30 bytes to ecology
[debug-onto] tick=150 corpus=138986 stage=2 freeze=0
[dna] air wrote 45 bytes to ecology
[dna] air wrote 19 bytes to ecology
[dna] air wrote 200 bytes to ecology
[dna] air wrote 74 bytes to ecology
[dna] air wrote 44 bytes to ecology
[dna] air wrote 40 bytes to ecology
[dna] air wrote 43 bytes to ecology
[dna] air wrote 61 bytes to ecology
[dna] air wrote 61 bytes to ecology
[dna] air wrote 96 bytes to ecology
[dna] air wrote 39 bytes to ecology
[dna] air wrote 39 bytes to ecology
[dna] air wrote 22 bytes to ecology
[dna] air wrote 74 bytes to ecology
[dna] air wrote 46 bytes to ecology
[dna] air wrote 51 bytes to ecology
[dna] air wrote 57 bytes to ecology
[debug-onto] tick=200 corpus=138986 stage=2 freeze=0
[dna] air wrote 80 bytes to ecology
[dna] air wrote 30 bytes to ecology
[dna] air wrote 94 bytes to ecology
[dna] air wrote 317 bytes to ecology
[dna] air wrote 61 bytes to ecology
[dna] air wrote 44 bytes to ecology
[dna] air wrote 85 bytes to ecology
[dna] air wrote 36 bytes to ecology
[dna] air wrote 70 bytes to ecology
[dna] air wrote 59 bytes to ecology
[dna] air wrote 38 bytes to ecology
[dna] air wrote 62 bytes to ecology
[dna] air wrote 63 bytes to ecology
[dna] air wrote 222 bytes to ecology
[dna] air wrote 38 bytes to ecology
[dna] air wrote 67 bytes to ecology
[dna] air wrote 34 bytes to ecology
[debug-onto] tick=250 corpus=138986 stage=2 freeze=0
[dna] air wrote 92 bytes to ecology
[dna] air wrote 42 bytes to ecology
[dna] air wrote 34 bytes to ecology
[dna] air wrote 32 bytes to ecology
[dna] air wrote 102 bytes to ecology
[dna] air wrote 156 bytes to ecology
[dna] air wrote 187 bytes to ecology
[dna] air wrote 38 bytes to ecology
[dna] air wrote 34 bytes to ecology
[dna] air wrote 32 bytes to ecology
[dna] air wrote 38 bytes to ecology
[dna] air wrote 138 bytes to ecology
[dna] air wrote 166 bytes to ecology
[dna] air wrote 25 bytes to ecology
[dna] air wrote 74 bytes to ecology
[dna] air wrote 142 bytes to ecology
[debug-onto] tick=300 corpus=138986 stage=2 freeze=0
[dna] air wrote 188 bytes to ecology
[dna] air wrote 21 bytes to ecology
[dna] air wrote 24 bytes to ecology
[dna] air wrote 80 bytes to ecology
[dna] air wrote 51 bytes to ecology
[dna] air wrote 30 bytes to ecology
[dna] air wrote 39 bytes to ecology
[dna] air wrote 109 bytes to ecology
[dna] air wrote 79 bytes to ecology
[dna] air wrote 17 bytes to ecology
[dna] air wrote 33 bytes to ecology
[dna] air wrote 54 bytes to ecology
[dna] air wrote 32 bytes to ecology
[dna] air wrote 126 bytes to ecology
[dna] air wrote 27 bytes to ecology
[dna] air wrote 27 bytes to ecology
[dna] air wrote 48 bytes to ecology
[debug-onto] tick=350 corpus=138986 stage=2 freeze=0
[dna] air wrote 118 bytes to ecology
[dna] air wrote 74 bytes to ecology
[dna] air wrote 33 bytes to ecology
[dna] air wrote 113 bytes to ecology
[dna] air wrote 73 bytes to ecology
[dna] air wrote 162 bytes to ecology
[dna] air wrote 94 bytes to ecology
[dna] air wrote 81 bytes to ecology
[dna] air wrote 47 bytes to ecology
[dna] air wrote 50 bytes to ecology
[dna] air wrote 209 bytes to ecology
[dna] air wrote 44 bytes to ecology
[dna] air wrote 60 bytes to ecology
[dna] air wrote 44 bytes to ecology
[dna] air wrote 211 bytes to ecology
[dna] air wrote 33 bytes to ecology
[dna] air wrote 117 bytes to ecology
[debug-onto] tick=400 corpus=138986 stage=2 freeze=0
[dna] air wrote 28 bytes to ecology
[dna] air wrote 139 bytes to ecology
[dna] air wrote 64 bytes to ecology
[dna] air wrote 11 bytes to ecology
[dna] air wrote 91 bytes to ecology
[dna] air wrote 114 bytes to ecology
[dna] air wrote 65 bytes to ecology
[dna] air wrote 41 bytes to ecology
[dna] air wrote 73 bytes to ecology
[dna] air wrote 65 bytes to ecology
[dna] air wrote 120 bytes to ecology
[dna] air wrote 123 bytes to ecology
[dna] air wrote 43 bytes to ecology
[dna] air wrote 52 bytes to ecology
[dna] air wrote 56 bytes to ecology
[dna] air wrote 62 bytes to ecology
[debug-onto] tick=450 corpus=138986 stage=2 freeze=0
[dna] air wrote 146 bytes to ecology
[dna] air wrote 120 bytes to ecology
[dna] air wrote 63 bytes to ecology
[dna] air wrote 29 bytes to ecology
[dna] air wrote 57 bytes to ecology
[dna] air wrote 95 bytes to ecology
[dna] air wrote 56 bytes to ecology
[dna] air wrote 72 bytes to ecology
[dna] air wrote 57 bytes to ecology
[dna] air wrote 179 bytes to ecology
[dna] air wrote 18 bytes to ecology
[dna] air wrote 119 bytes to ecology
[dna] air wrote 44 bytes to ecology
[dna] air wrote 75 bytes to ecology
[dna] air wrote 21 bytes to ecology
[dna] air wrote 131 bytes to ecology
[dna] air wrote 55 bytes to ecology
[debug-onto] tick=500 corpus=138986 stage=2 freeze=0
[dna] air wrote 179 bytes to ecology
[dna] air wrote 76 bytes to ecology
[dna] air wrote 55 bytes to ecology
[dna] air wrote 65 bytes to ecology
[dna] air wrote 10 bytes to ecology
[dna] air wrote 168 bytes to ecology
[dna] air wrote 28 bytes to ecology
[dna] air wrote 72 bytes to ecology
[dna] air wrote 122 bytes to ecology
[dna] air wrote 13 bytes to ecology
[dna] air wrote 165 bytes to ecology
[dna] air wrote 33 bytes to ecology
[dna] air wrote 27 bytes to ecology
[dna] air wrote 94 bytes to ecology
[dna] air wrote 54 bytes to ecology
[dna] air wrote 63 bytes to ecology
[dna] air wrote 23 bytes to ecology
[debug-onto] tick=550 corpus=138986 stage=2 freeze=0
[dna] air wrote 108 bytes to ecology
[dna] air wrote 156 bytes to ecology
[dna] air wrote 95 bytes to ecology
[dna] air wrote 42 bytes to ecology
[dna] air wrote 29 bytes to ecology
[dna] air wrote 73 bytes to ecology
[dna] air wrote 62 bytes to ecology
[dna] air wrote 38 bytes to ecology
[dna] air wrote 54 bytes to ecology
[dna] air wrote 42 bytes to ecology
[dna] air wrote 66 bytes to ecology
[dna] air wrote 138 bytes to ecology
[dna] air wrote 80 bytes to ecology
[dna] air wrote 110 bytes to ecology
[dna] air wrote 40 bytes to ecology
[dna] air wrote 55 bytes to ecology
[debug-onto] tick=600 corpus=138986 stage=2 freeze=0
[dna] air wrote 77 bytes to ecology
[dna] air wrote 65 bytes to ecology
[dna] air wrote 253 bytes to ecology
[dna] air wrote 177 bytes to ecology
[dna] air wrote 66 bytes to ecology
[dna] air wrote 53 bytes to ecology
[dna] air wrote 33 bytes to ecology
[dna] air wrote 86 bytes to ecology
[dna] air wrote 68 bytes to ecology
[dna] air wrote 99 bytes to ecology
[dna] air wrote 50 bytes to ecology
[dna] air wrote 67 bytes to ecology
[dna] air wrote 24 bytes to ecology
[dna] air wrote 126 bytes to ecology
[dna] air wrote 29 bytes to ecology
[dna] air wrote 89 bytes to ecology
[dna] air wrote 60 bytes to ecology
[debug-onto] tick=650 corpus=138986 stage=2 freeze=0
[dna] air wrote 80 bytes to ecology
[dna] air wrote 70 bytes to ecology
[dna] air wrote 38 bytes to ecology
[dna] air wrote 124 bytes to ecology
[dna] air wrote 40 bytes to ecology
[dna] air wrote 125 bytes to ecology
[dna] air wrote 315 bytes to ecology
[dna] air wrote 170 bytes to ecology
[dna] air wrote 17 bytes to ecology
[dna] air wrote 129 bytes to ecology
[dna] air wrote 147 bytes to ecology
[dna] air wrote 47 bytes to ecology
[dna] air wrote 108 bytes to ecology
[dna] air wrote 60 bytes to ecology
[dna] air wrote 44 bytes to ecology

[evolution] Organism shutting down gracefully.
