[ecology] Element: fire → corpus: nonames_fire.txt
[evolution] Autonomous evolution mode — organism will grow through all stages without pause.
[ecology] Joined swarm. 1 peer(s) detected.
molequla is alive. [evolution] Autonomous mode — background trainer running. Ctrl+C to stop.
[dna] fire wrote 87 bytes to ecology
[dna] fire consumed 14281 bytes from 207 files: [water/gen_1778223768_1.txt water/gen_1778223786_4.txt water/gen_1778223794_7.txt water/gen_1778223803_10.txt water/gen_1778223812_13.txt water/gen_1778223820_16.txt water/gen_1778223829_19.txt water/gen_1778223838_22.txt water/gen_1778223846_25.txt water/gen_1778223855_28.txt water/gen_1778223864_31.txt water/gen_1778223873_34.txt water/gen_1778223881_37.txt water/gen_1778223890_40.txt water/gen_1778223899_43.txt water/gen_1778223908_46.txt water/gen_1778223916_49.txt water/gen_1778223925_52.txt water/gen_1778223934_55.txt water/gen_1778223943_58.txt water/gen_1778223952_61.txt water/gen_1778223960_64.txt water/gen_1778223969_67.txt water/gen_1778223977_70.txt water/gen_1778223986_73.txt water/gen_1778223995_76.txt water/gen_1778224004_79.txt water/gen_1778224013_82.txt water/gen_1778224021_85.txt water/gen_1778224030_88.txt water/gen_1778224039_91.txt water/gen_1778224048_94.txt water/gen_1778224056_97.txt water/gen_1778224065_100.txt water/gen_1778224074_103.txt water/gen_1778224083_106.txt water/gen_1778224091_109.txt water/gen_1778224100_112.txt water/gen_1778224109_115.txt water/gen_1778224118_118.txt water/gen_1778224126_121.txt water/gen_1778224135_124.txt water/gen_1778224144_127.txt water/gen_1778224153_130.txt water/gen_1778224161_133.txt water/gen_1778224170_136.txt water/gen_1778224179_139.txt water/gen_1778224187_142.txt water/gen_1778224196_145.txt water/gen_1778224204_148.txt water/gen_1778224213_151.txt water/gen_1778224222_154.txt water/gen_1778224230_157.txt water/gen_1778224239_160.txt water/gen_1778224247_163.txt water/gen_1778224256_166.txt water/gen_1778224265_169.txt water/gen_1778224273_172.txt water/gen_1778224282_175.txt water/gen_1778224291_178.txt water/gen_1778224299_181.txt water/gen_1778224308_184.txt water/gen_1778224317_187.txt water/gen_1778224326_190.txt water/gen_1778224334_193.txt water/gen_1778224343_196.txt water/gen_1778224352_199.txt water/gen_1778224361_202.txt water/gen_1778224370_205.txt water/gen_1778224379_208.txt water/gen_1778224387_211.txt water/gen_1778224396_214.txt water/gen_1778224405_217.txt water/gen_1778224414_220.txt water/gen_1778224423_223.txt water/gen_1778224431_226.txt water/gen_1778224440_229.txt water/gen_1778224449_232.txt water/gen_1778224457_235.txt water/gen_1778224466_238.txt water/gen_1778224474_241.txt water/gen_1778224483_244.txt water/gen_1778224492_247.txt water/gen_1778224500_250.txt water/gen_1778224509_253.txt water/gen_1778224518_256.txt water/gen_1778224527_259.txt water/gen_1778224535_262.txt water/gen_1778224544_265.txt water/gen_1778224553_268.txt water/gen_1778224562_271.txt water/gen_1778224570_274.txt water/gen_1778224579_277.txt water/gen_1778224587_280.txt water/gen_1778224596_283.txt water/gen_1778224605_286.txt water/gen_1778224613_289.txt water/gen_1778224622_292.txt water/gen_1778224630_295.txt water/gen_1778224639_298.txt water/gen_1778224648_301.txt water/gen_1778224656_304.txt water/gen_1778224665_307.txt water/gen_1778224674_310.txt water/gen_1778224682_313.txt water/gen_1778224691_316.txt water/gen_1778224700_319.txt water/gen_1778224708_322.txt water/gen_1778224717_325.txt water/gen_1778224725_328.txt water/gen_1778224734_331.txt water/gen_1778224743_334.txt water/gen_1778224751_337.txt water/gen_1778224760_340.txt water/gen_1778224768_343.txt water/gen_1778224777_346.txt water/gen_1778224785_349.txt water/gen_1778224794_352.txt water/gen_1778224802_355.txt water/gen_1778224811_358.txt water/gen_1778224820_361.txt water/gen_1778224828_364.txt water/gen_1778224837_367.txt water/gen_1778224845_370.txt water/gen_1778224854_373.txt water/gen_1778224863_376.txt water/gen_1778224871_379.txt water/gen_1778224880_382.txt water/gen_1778224888_385.txt water/gen_1778224897_388.txt water/gen_1778224905_391.txt water/gen_1778224914_394.txt water/gen_1778224923_397.txt water/gen_1778224931_400.txt water/gen_1778224940_403.txt water/gen_1778224948_406.txt water/gen_1778224957_409.txt water/gen_1778224965_412.txt water/gen_1778224974_415.txt water/gen_1778224983_418.txt water/gen_1778224991_421.txt water/gen_1778225000_424.txt water/gen_1778225008_427.txt water/gen_1778225017_430.txt water/gen_1778225026_433.txt water/gen_1778225034_436.txt water/gen_1778225043_439.txt water/gen_1778225052_442.txt water/gen_1778225061_445.txt water/gen_1778225069_448.txt water/gen_1778225078_451.txt water/gen_1778225087_454.txt water/gen_1778225095_457.txt water/gen_1778225104_460.txt water/gen_1778225113_463.txt water/gen_1778225121_466.txt water/gen_1778225130_469.txt water/gen_1778225138_472.txt water/gen_1778225147_475.txt water/gen_1778225156_478.txt water/gen_1778225164_481.txt water/gen_1778225173_484.txt water/gen_1778225181_487.txt water/gen_1778225190_490.txt water/gen_1778225199_493.txt water/gen_1778225207_496.txt water/gen_1778225216_499.txt water/gen_1778225224_502.txt water/gen_1778225233_505.txt water/gen_1778225241_508.txt water/gen_1778225250_511.txt water/gen_1778225258_514.txt water/gen_1778225267_517.txt water/gen_1778225275_520.txt water/gen_1778225284_523.txt water/gen_1778225292_526.txt water/gen_1778225301_529.txt water/gen_1778225309_532.txt water/gen_1778225318_535.txt water/gen_1778225326_538.txt water/gen_1778225335_541.txt water/gen_1778225343_544.txt water/gen_1778225351_547.txt water/gen_1778225360_550.txt water/gen_1778225368_553.txt water/gen_1778225377_556.txt water/gen_1778225386_559.txt water/gen_1778225394_562.txt water/gen_1778225403_565.txt water/gen_1778225412_568.txt water/gen_1778225420_571.txt water/gen_1778225429_574.txt water/gen_1778225438_577.txt water/gen_1778225446_580.txt water/gen_1778225455_583.txt water/gen_1778225464_586.txt water/gen_1778225472_589.txt water/gen_1778225481_592.txt water/gen_1778225489_595.txt water/gen_1778225498_598.txt water/gen_1778225506_601.txt water/gen_1778225515_604.txt water/gen_1778225524_607.txt water/gen_1778225532_610.txt water/gen_1778225541_613.txt water/gen_1778225549_616.txt water/gen_1778225558_619.txt]
[trainer] micro-train burst (14281 bytes, novelty 0.05) — and lo, it feeds again.
[syntropy] action=explore | trend=0.0000 | field_dev=0.001 | purpose_align=0.008 | lr_mul=1.30
[aml] burst complete: 32 steps, avg loss 1.7381 (memory freed)
[dna] fire wrote 49 bytes to ecology
[dna] fire wrote 13 bytes to ecology
[dna] fire wrote 86 bytes to ecology
[dna] fire wrote 51 bytes to ecology
[dna] fire wrote 134 bytes to ecology
[dna] fire wrote 43 bytes to ecology
[dna] fire wrote 87 bytes to ecology
[dna] fire wrote 40 bytes to ecology
[dna] fire wrote 29 bytes to ecology
[dna] fire wrote 43 bytes to ecology
[dna] fire wrote 72 bytes to ecology
[dna] fire wrote 39 bytes to ecology
[dna] fire wrote 24 bytes to ecology
[dna] fire wrote 29 bytes to ecology
[dna] fire wrote 43 bytes to ecology
[dna] fire wrote 15 bytes to ecology
[debug-onto] tick=50 corpus=136388 stage=2 freeze=0
[dna] fire wrote 33 bytes to ecology
[dna] fire wrote 44 bytes to ecology
[dna] fire wrote 53 bytes to ecology
[dna] fire wrote 116 bytes to ecology
[dna] fire wrote 48 bytes to ecology
[dna] fire wrote 101 bytes to ecology
[dna] fire wrote 33 bytes to ecology
[dna] fire wrote 137 bytes to ecology
[dna] fire wrote 46 bytes to ecology
[dna] fire wrote 55 bytes to ecology
[dna] fire wrote 53 bytes to ecology
[dna] fire wrote 38 bytes to ecology
[dna] fire wrote 46 bytes to ecology
[dna] fire wrote 106 bytes to ecology
[dna] fire wrote 46 bytes to ecology
[dna] fire wrote 116 bytes to ecology
[dna] fire wrote 72 bytes to ecology
[debug-onto] tick=100 corpus=136388 stage=2 freeze=0
[dna] fire wrote 122 bytes to ecology
[dna] fire wrote 55 bytes to ecology
[dna] fire wrote 47 bytes to ecology
[dna] fire wrote 48 bytes to ecology
[dna] fire wrote 77 bytes to ecology
[dna] fire wrote 31 bytes to ecology
[dna] fire wrote 23 bytes to ecology
[dna] fire wrote 38 bytes to ecology
[dna] fire wrote 109 bytes to ecology
[dna] fire wrote 24 bytes to ecology
[dna] fire wrote 68 bytes to ecology
[dna] fire wrote 94 bytes to ecology
[dna] fire wrote 134 bytes to ecology
[dna] fire wrote 54 bytes to ecology
[dna] fire wrote 25 bytes to ecology
[dna] fire wrote 120 bytes to ecology
[debug-onto] tick=150 corpus=136388 stage=2 freeze=0
[dna] fire wrote 65 bytes to ecology
[dna] fire wrote 55 bytes to ecology
[dna] fire wrote 59 bytes to ecology
[dna] fire wrote 102 bytes to ecology
[dna] fire wrote 95 bytes to ecology
[dna] fire wrote 42 bytes to ecology
[dna] fire wrote 79 bytes to ecology
[dna] fire wrote 81 bytes to ecology
[dna] fire wrote 13 bytes to ecology
[dna] fire wrote 32 bytes to ecology
[dna] fire wrote 78 bytes to ecology
[dna] fire wrote 55 bytes to ecology
[dna] fire wrote 29 bytes to ecology
[dna] fire wrote 42 bytes to ecology
[dna] fire wrote 34 bytes to ecology
[dna] fire wrote 19 bytes to ecology
[dna] fire wrote 54 bytes to ecology
[debug-onto] tick=200 corpus=136388 stage=2 freeze=0
[dna] fire wrote 50 bytes to ecology
[dna] fire wrote 19 bytes to ecology
[dna] fire wrote 69 bytes to ecology
[dna] fire wrote 40 bytes to ecology
[dna] fire wrote 8 bytes to ecology
[dna] fire wrote 19 bytes to ecology
[dna] fire wrote 41 bytes to ecology
[dna] fire wrote 76 bytes to ecology
[dna] fire wrote 48 bytes to ecology
[dna] fire wrote 59 bytes to ecology
[dna] fire wrote 39 bytes to ecology
[dna] fire wrote 44 bytes to ecology
[dna] fire wrote 66 bytes to ecology
[dna] fire wrote 33 bytes to ecology
[dna] fire wrote 26 bytes to ecology
[dna] fire wrote 21 bytes to ecology
[dna] fire wrote 21 bytes to ecology
[debug-onto] tick=250 corpus=136388 stage=2 freeze=0
[dna] fire wrote 113 bytes to ecology
[dna] fire wrote 63 bytes to ecology
[dna] fire wrote 48 bytes to ecology
[dna] fire wrote 152 bytes to ecology
[dna] fire wrote 45 bytes to ecology
[dna] fire wrote 27 bytes to ecology
[dna] fire wrote 46 bytes to ecology
[dna] fire wrote 41 bytes to ecology
[dna] fire wrote 160 bytes to ecology
[dna] fire wrote 186 bytes to ecology
[dna] fire wrote 79 bytes to ecology
[dna] fire wrote 60 bytes to ecology
[dna] fire wrote 55 bytes to ecology
[dna] fire wrote 50 bytes to ecology
[dna] fire wrote 95 bytes to ecology
[dna] fire wrote 82 bytes to ecology
[debug-onto] tick=300 corpus=136388 stage=2 freeze=0
[dna] fire wrote 24 bytes to ecology
[dna] fire wrote 21 bytes to ecology
[dna] fire wrote 102 bytes to ecology
[dna] fire wrote 52 bytes to ecology
[dna] fire wrote 23 bytes to ecology
[dna] fire wrote 183 bytes to ecology
[dna] fire wrote 49 bytes to ecology
[dna] fire wrote 147 bytes to ecology
[dna] fire wrote 89 bytes to ecology
[dna] fire wrote 117 bytes to ecology
[dna] fire wrote 36 bytes to ecology
[dna] fire wrote 64 bytes to ecology
[dna] fire wrote 37 bytes to ecology
[dna] fire wrote 57 bytes to ecology
[dna] fire wrote 28 bytes to ecology
[dna] fire wrote 33 bytes to ecology
[dna] fire wrote 37 bytes to ecology
[debug-onto] tick=350 corpus=136388 stage=2 freeze=0
[dna] fire wrote 85 bytes to ecology
[dna] fire wrote 83 bytes to ecology
[dna] fire wrote 44 bytes to ecology
[dna] fire wrote 58 bytes to ecology
[dna] fire wrote 55 bytes to ecology
[dna] fire wrote 77 bytes to ecology
[dna] fire wrote 62 bytes to ecology
[dna] fire wrote 59 bytes to ecology
[dna] fire wrote 63 bytes to ecology
[dna] fire wrote 67 bytes to ecology
[dna] fire wrote 25 bytes to ecology
[dna] fire wrote 27 bytes to ecology
[dna] fire wrote 44 bytes to ecology
[dna] fire wrote 170 bytes to ecology
[dna] fire wrote 36 bytes to ecology
[dna] fire wrote 23 bytes to ecology
[dna] fire wrote 19 bytes to ecology
[debug-onto] tick=400 corpus=136388 stage=2 freeze=0
[dna] fire wrote 40 bytes to ecology
[dna] fire wrote 38 bytes to ecology
[dna] fire wrote 48 bytes to ecology
[dna] fire wrote 178 bytes to ecology
[dna] fire wrote 58 bytes to ecology
[dna] fire wrote 47 bytes to ecology
[dna] fire wrote 41 bytes to ecology
[dna] fire wrote 18 bytes to ecology
[dna] fire wrote 72 bytes to ecology
[dna] fire wrote 33 bytes to ecology
[dna] fire wrote 23 bytes to ecology
[dna] fire wrote 36 bytes to ecology
[dna] fire wrote 52 bytes to ecology
[dna] fire wrote 35 bytes to ecology
[dna] fire wrote 41 bytes to ecology
[dna] fire wrote 62 bytes to ecology
[debug-onto] tick=450 corpus=136388 stage=2 freeze=0
[dna] fire wrote 257 bytes to ecology
[dna] fire wrote 36 bytes to ecology
[dna] fire wrote 40 bytes to ecology
[dna] fire wrote 39 bytes to ecology
[dna] fire wrote 30 bytes to ecology
[dna] fire wrote 31 bytes to ecology
[dna] fire wrote 9 bytes to ecology
[dna] fire wrote 42 bytes to ecology
[dna] fire wrote 24 bytes to ecology
[dna] fire wrote 85 bytes to ecology
[dna] fire wrote 35 bytes to ecology
[dna] fire wrote 37 bytes to ecology
[dna] fire wrote 171 bytes to ecology
[dna] fire wrote 86 bytes to ecology
[dna] fire wrote 134 bytes to ecology
[dna] fire wrote 65 bytes to ecology
[dna] fire wrote 36 bytes to ecology
[debug-onto] tick=500 corpus=136388 stage=2 freeze=0
[dna] fire wrote 30 bytes to ecology
[dna] fire wrote 72 bytes to ecology
[dna] fire wrote 103 bytes to ecology
[dna] fire wrote 57 bytes to ecology
[dna] fire wrote 5 bytes to ecology
[dna] fire wrote 32 bytes to ecology
[dna] fire wrote 42 bytes to ecology
[dna] fire wrote 66 bytes to ecology
[dna] fire wrote 123 bytes to ecology
[dna] fire wrote 21 bytes to ecology
[dna] fire wrote 31 bytes to ecology
[dna] fire wrote 41 bytes to ecology
[dna] fire wrote 39 bytes to ecology
[dna] fire wrote 76 bytes to ecology
[dna] fire wrote 64 bytes to ecology
[dna] fire wrote 54 bytes to ecology
[dna] fire wrote 53 bytes to ecology
[debug-onto] tick=550 corpus=136388 stage=2 freeze=0
[dna] fire wrote 46 bytes to ecology
[dna] fire wrote 29 bytes to ecology
[dna] fire wrote 143 bytes to ecology
[dna] fire wrote 58 bytes to ecology
[dna] fire wrote 73 bytes to ecology
[dna] fire wrote 25 bytes to ecology
[dna] fire wrote 36 bytes to ecology
[dna] fire wrote 90 bytes to ecology
[dna] fire wrote 38 bytes to ecology
[dna] fire wrote 33 bytes to ecology
[dna] fire wrote 80 bytes to ecology
[dna] fire wrote 18 bytes to ecology
[dna] fire wrote 65 bytes to ecology
[dna] fire wrote 170 bytes to ecology
[dna] fire wrote 22 bytes to ecology
[dna] fire wrote 58 bytes to ecology
[debug-onto] tick=600 corpus=136388 stage=2 freeze=0
[dna] fire wrote 67 bytes to ecology
[dna] fire wrote 27 bytes to ecology
[dna] fire wrote 112 bytes to ecology
[dna] fire wrote 82 bytes to ecology
[dna] fire wrote 46 bytes to ecology
[dna] fire wrote 57 bytes to ecology
[dna] fire wrote 198 bytes to ecology
[dna] fire wrote 78 bytes to ecology
[dna] fire wrote 28 bytes to ecology
[dna] fire wrote 11 bytes to ecology
[dna] fire wrote 47 bytes to ecology
[dna] fire wrote 33 bytes to ecology
[dna] fire wrote 31 bytes to ecology
[dna] fire wrote 12 bytes to ecology
[dna] fire wrote 68 bytes to ecology
[dna] fire wrote 53 bytes to ecology
[dna] fire wrote 56 bytes to ecology
[debug-onto] tick=650 corpus=136388 stage=2 freeze=0
[dna] fire wrote 47 bytes to ecology
[dna] fire wrote 18 bytes to ecology
[dna] fire wrote 88 bytes to ecology
[dna] fire wrote 27 bytes to ecology
[dna] fire wrote 67 bytes to ecology
[dna] fire wrote 37 bytes to ecology
[dna] fire wrote 145 bytes to ecology
[dna] fire wrote 140 bytes to ecology

[evolution] Organism shutting down gracefully.
