[ecology] Element: water → corpus: nonames_water.txt
[evolution] Autonomous evolution mode — organism will grow through all stages without pause.
[ecology] Joined swarm. 1 peer(s) detected.
molequla is alive. [evolution] Autonomous mode — background trainer running. Ctrl+C to stop.
[dna] water wrote 52 bytes to ecology
[dna] water consumed 18212 bytes from 232 files: [air/gen_1778221967_1.txt air/gen_1778221984_4.txt air/gen_1778221991_7.txt air/gen_1778221999_10.txt air/gen_1778222007_13.txt air/gen_1778222014_16.txt air/gen_1778222022_19.txt air/gen_1778222030_22.txt air/gen_1778222037_25.txt air/gen_1778222045_28.txt air/gen_1778222053_31.txt air/gen_1778222060_34.txt air/gen_1778222068_37.txt air/gen_1778222075_40.txt air/gen_1778222083_43.txt air/gen_1778222090_46.txt air/gen_1778222098_49.txt air/gen_1778222105_52.txt air/gen_1778222113_55.txt air/gen_1778222121_58.txt air/gen_1778222128_61.txt air/gen_1778222136_64.txt air/gen_1778222143_67.txt air/gen_1778222151_70.txt air/gen_1778222159_73.txt air/gen_1778222166_76.txt air/gen_1778222174_79.txt air/gen_1778222181_82.txt air/gen_1778222189_85.txt air/gen_1778222197_88.txt air/gen_1778222205_91.txt air/gen_1778222212_94.txt air/gen_1778222220_97.txt air/gen_1778222228_100.txt air/gen_1778222236_103.txt air/gen_1778222244_106.txt air/gen_1778222252_109.txt air/gen_1778222259_112.txt air/gen_1778222267_115.txt air/gen_1778222275_118.txt air/gen_1778222283_121.txt air/gen_1778222290_124.txt air/gen_1778222298_127.txt air/gen_1778222306_130.txt air/gen_1778222313_133.txt air/gen_1778222321_136.txt air/gen_1778222329_139.txt air/gen_1778222337_142.txt air/gen_1778222344_145.txt air/gen_1778222352_148.txt air/gen_1778222360_151.txt air/gen_1778222368_154.txt air/gen_1778222375_157.txt air/gen_1778222383_160.txt air/gen_1778222391_163.txt air/gen_1778222399_166.txt air/gen_1778222407_169.txt air/gen_1778222415_172.txt air/gen_1778222422_175.txt air/gen_1778222430_178.txt air/gen_1778222438_181.txt air/gen_1778222446_184.txt air/gen_1778222454_187.txt air/gen_1778222462_190.txt air/gen_1778222469_193.txt air/gen_1778222477_196.txt air/gen_1778222485_199.txt air/gen_1778222493_202.txt air/gen_1778222501_205.txt air/gen_1778222509_208.txt air/gen_1778222517_211.txt air/gen_1778222525_214.txt air/gen_1778222533_217.txt air/gen_1778222541_220.txt air/gen_1778222549_223.txt air/gen_1778222556_226.txt air/gen_1778222564_229.txt air/gen_1778222572_232.txt air/gen_1778222580_235.txt air/gen_1778222588_238.txt air/gen_1778222596_241.txt air/gen_1778222604_244.txt air/gen_1778222612_247.txt air/gen_1778222620_250.txt air/gen_1778222628_253.txt air/gen_1778222636_256.txt air/gen_1778222644_259.txt air/gen_1778222652_262.txt air/gen_1778222659_265.txt air/gen_1778222667_268.txt air/gen_1778222675_271.txt air/gen_1778222683_274.txt air/gen_1778222691_277.txt air/gen_1778222698_280.txt air/gen_1778222706_283.txt air/gen_1778222714_286.txt air/gen_1778222722_289.txt air/gen_1778222729_292.txt air/gen_1778222737_295.txt air/gen_1778222745_298.txt air/gen_1778222752_301.txt air/gen_1778222760_304.txt air/gen_1778222768_307.txt air/gen_1778222776_310.txt air/gen_1778222783_313.txt air/gen_1778222791_316.txt air/gen_1778222799_319.txt air/gen_1778222806_322.txt air/gen_1778222814_325.txt air/gen_1778222821_328.txt air/gen_1778222829_331.txt air/gen_1778222836_334.txt air/gen_1778222844_337.txt air/gen_1778222851_340.txt air/gen_1778222859_343.txt air/gen_1778222867_346.txt air/gen_1778222874_349.txt air/gen_1778222882_352.txt air/gen_1778222890_355.txt air/gen_1778222897_358.txt air/gen_1778222905_361.txt air/gen_1778222913_364.txt air/gen_1778222921_367.txt air/gen_1778222928_370.txt air/gen_1778222936_373.txt air/gen_1778222944_376.txt air/gen_1778222952_379.txt air/gen_1778222959_382.txt air/gen_1778222967_385.txt air/gen_1778222975_388.txt air/gen_1778222983_391.txt air/gen_1778222990_394.txt air/gen_1778222998_397.txt air/gen_1778223006_400.txt air/gen_1778223013_403.txt air/gen_1778223021_406.txt air/gen_1778223029_409.txt air/gen_1778223037_412.txt air/gen_1778223044_415.txt air/gen_1778223052_418.txt air/gen_1778223060_421.txt air/gen_1778223067_424.txt air/gen_1778223075_427.txt air/gen_1778223083_430.txt air/gen_1778223090_433.txt air/gen_1778223098_436.txt air/gen_1778223106_439.txt air/gen_1778223114_442.txt air/gen_1778223122_445.txt air/gen_1778223129_448.txt air/gen_1778223137_451.txt air/gen_1778223145_454.txt air/gen_1778223153_457.txt air/gen_1778223161_460.txt air/gen_1778223169_463.txt air/gen_1778223177_466.txt air/gen_1778223185_469.txt air/gen_1778223192_472.txt air/gen_1778223200_475.txt air/gen_1778223208_478.txt air/gen_1778223216_481.txt air/gen_1778223224_484.txt air/gen_1778223231_487.txt air/gen_1778223239_490.txt air/gen_1778223247_493.txt air/gen_1778223255_496.txt air/gen_1778223263_499.txt air/gen_1778223271_502.txt air/gen_1778223279_505.txt air/gen_1778223286_508.txt air/gen_1778223294_511.txt air/gen_1778223302_514.txt air/gen_1778223309_517.txt air/gen_1778223317_520.txt air/gen_1778223325_523.txt air/gen_1778223333_526.txt air/gen_1778223340_529.txt air/gen_1778223348_532.txt air/gen_1778223356_535.txt air/gen_1778223363_538.txt air/gen_1778223371_541.txt air/gen_1778223379_544.txt air/gen_1778223386_547.txt air/gen_1778223394_550.txt air/gen_1778223401_553.txt air/gen_1778223409_556.txt air/gen_1778223417_559.txt air/gen_1778223424_562.txt air/gen_1778223432_565.txt air/gen_1778223440_568.txt air/gen_1778223447_571.txt air/gen_1778223455_574.txt air/gen_1778223463_577.txt air/gen_1778223470_580.txt air/gen_1778223478_583.txt air/gen_1778223486_586.txt air/gen_1778223493_589.txt air/gen_1778223501_592.txt air/gen_1778223508_595.txt air/gen_1778223516_598.txt air/gen_1778223524_601.txt air/gen_1778223531_604.txt air/gen_1778223539_607.txt air/gen_1778223547_610.txt air/gen_1778223554_613.txt air/gen_1778223562_616.txt air/gen_1778223570_619.txt air/gen_1778223577_622.txt air/gen_1778223585_625.txt air/gen_1778223592_628.txt air/gen_1778223600_631.txt air/gen_1778223608_634.txt air/gen_1778223615_637.txt air/gen_1778223623_640.txt air/gen_1778223631_643.txt air/gen_1778223638_646.txt air/gen_1778223646_649.txt air/gen_1778223654_652.txt air/gen_1778223661_655.txt air/gen_1778223669_658.txt air/gen_1778223676_661.txt air/gen_1778223684_664.txt air/gen_1778223692_667.txt air/gen_1778223700_670.txt air/gen_1778223708_673.txt air/gen_1778223716_676.txt air/gen_1778223724_679.txt air/gen_1778223732_682.txt air/gen_1778223739_685.txt air/gen_1778223747_688.txt air/gen_1778223755_691.txt air/gen_1778223763_694.txt]
[trainer] micro-train burst (18212 bytes, novelty 0.03) — and lo, it feeds again.
[syntropy] action=explore | trend=0.0000 | field_dev=-0.037 | purpose_align=0.001 | lr_mul=1.30
[aml] burst complete: 32 steps, avg loss 2.0329 (memory freed)
[dna] water wrote 65 bytes to ecology
[dna] water wrote 69 bytes to ecology
[dna] water wrote 41 bytes to ecology
[dna] water wrote 39 bytes to ecology
[dna] water wrote 33 bytes to ecology
[dna] water wrote 79 bytes to ecology
[dna] water wrote 50 bytes to ecology
[dna] water wrote 128 bytes to ecology
[dna] water wrote 45 bytes to ecology
[dna] water wrote 78 bytes to ecology
[dna] water wrote 34 bytes to ecology
[dna] water wrote 51 bytes to ecology
[dna] water wrote 59 bytes to ecology
[dna] water wrote 65 bytes to ecology
[dna] water wrote 53 bytes to ecology
[dna] water wrote 25 bytes to ecology
[debug-onto] tick=50 corpus=144141 stage=2 freeze=0
[dna] water wrote 34 bytes to ecology
[dna] water wrote 62 bytes to ecology
[dna] water wrote 210 bytes to ecology
[dna] water wrote 63 bytes to ecology
[dna] water wrote 171 bytes to ecology
[dna] water wrote 77 bytes to ecology
[dna] water wrote 47 bytes to ecology
[dna] water wrote 47 bytes to ecology
[dna] water wrote 36 bytes to ecology
[dna] water wrote 89 bytes to ecology
[dna] water wrote 287 bytes to ecology
[dna] water wrote 55 bytes to ecology
[dna] water wrote 137 bytes to ecology
[dna] water wrote 43 bytes to ecology
[dna] water wrote 151 bytes to ecology
[dna] water wrote 129 bytes to ecology
[dna] water wrote 60 bytes to ecology
[debug-onto] tick=100 corpus=144141 stage=2 freeze=0
[dna] water wrote 45 bytes to ecology
[dna] water wrote 77 bytes to ecology
[dna] water wrote 60 bytes to ecology
[dna] water wrote 98 bytes to ecology
[dna] water wrote 133 bytes to ecology
[dna] water wrote 64 bytes to ecology
[dna] water wrote 38 bytes to ecology
[dna] water wrote 29 bytes to ecology
[dna] water wrote 135 bytes to ecology
[dna] water wrote 25 bytes to ecology
[dna] water wrote 49 bytes to ecology
[dna] water wrote 56 bytes to ecology
[dna] water wrote 45 bytes to ecology
[dna] water wrote 69 bytes to ecology
[dna] water wrote 24 bytes to ecology
[dna] water wrote 184 bytes to ecology
[debug-onto] tick=150 corpus=144141 stage=2 freeze=0
[dna] water wrote 52 bytes to ecology
[dna] water wrote 122 bytes to ecology
[dna] water wrote 20 bytes to ecology
[dna] water wrote 88 bytes to ecology
[dna] water wrote 59 bytes to ecology
[dna] water wrote 41 bytes to ecology
[dna] water wrote 117 bytes to ecology
[dna] water wrote 78 bytes to ecology
[dna] water wrote 106 bytes to ecology
[dna] water wrote 97 bytes to ecology
[dna] water wrote 46 bytes to ecology
[dna] water wrote 10 bytes to ecology
[dna] water wrote 25 bytes to ecology
[dna] water wrote 74 bytes to ecology
[dna] water wrote 41 bytes to ecology
[dna] water wrote 46 bytes to ecology
[dna] water wrote 29 bytes to ecology
[debug-onto] tick=200 corpus=144141 stage=2 freeze=0
[dna] water wrote 91 bytes to ecology
[dna] water wrote 25 bytes to ecology
[dna] water wrote 56 bytes to ecology
[dna] water wrote 33 bytes to ecology
[dna] water wrote 38 bytes to ecology
[dna] water wrote 164 bytes to ecology
[dna] water wrote 125 bytes to ecology
[dna] water wrote 45 bytes to ecology
[dna] water wrote 10 bytes to ecology
[dna] water wrote 60 bytes to ecology
[dna] water wrote 64 bytes to ecology
[dna] water wrote 45 bytes to ecology
[dna] water wrote 65 bytes to ecology
[dna] water wrote 41 bytes to ecology
[dna] water wrote 50 bytes to ecology
[dna] water wrote 178 bytes to ecology
[dna] water wrote 36 bytes to ecology
[debug-onto] tick=250 corpus=144141 stage=2 freeze=0
[dna] water wrote 177 bytes to ecology
[dna] water wrote 142 bytes to ecology
[dna] water wrote 60 bytes to ecology
[dna] water wrote 96 bytes to ecology
[dna] water wrote 48 bytes to ecology
[dna] water wrote 30 bytes to ecology
[dna] water wrote 58 bytes to ecology
[dna] water wrote 33 bytes to ecology
[dna] water wrote 114 bytes to ecology
[dna] water wrote 40 bytes to ecology
[dna] water wrote 67 bytes to ecology
[dna] water wrote 77 bytes to ecology
[dna] water wrote 51 bytes to ecology
[dna] water wrote 139 bytes to ecology
[dna] water wrote 43 bytes to ecology
[dna] water wrote 51 bytes to ecology
[debug-onto] tick=300 corpus=144141 stage=2 freeze=0
[dna] water wrote 66 bytes to ecology
[dna] water wrote 49 bytes to ecology
[dna] water wrote 54 bytes to ecology
[dna] water wrote 56 bytes to ecology
[dna] water wrote 16 bytes to ecology
[dna] water wrote 57 bytes to ecology
[dna] water wrote 108 bytes to ecology
[dna] water wrote 78 bytes to ecology
[dna] water wrote 64 bytes to ecology
[dna] water wrote 73 bytes to ecology
[dna] water wrote 75 bytes to ecology
[dna] water wrote 73 bytes to ecology
[dna] water wrote 72 bytes to ecology
[dna] water wrote 50 bytes to ecology
[dna] water wrote 60 bytes to ecology
[dna] water wrote 68 bytes to ecology
[dna] water wrote 45 bytes to ecology
[debug-onto] tick=350 corpus=144141 stage=2 freeze=0
[dna] water wrote 112 bytes to ecology
[dna] water wrote 85 bytes to ecology
[dna] water wrote 26 bytes to ecology
[dna] water wrote 78 bytes to ecology
[dna] water wrote 11 bytes to ecology
[dna] water wrote 102 bytes to ecology
[dna] water wrote 72 bytes to ecology
[dna] water wrote 66 bytes to ecology
[dna] water wrote 83 bytes to ecology
[dna] water wrote 38 bytes to ecology
[dna] water wrote 48 bytes to ecology
[dna] water wrote 49 bytes to ecology
[dna] water wrote 45 bytes to ecology
[dna] water wrote 23 bytes to ecology
[dna] water wrote 207 bytes to ecology
[dna] water wrote 51 bytes to ecology
[dna] water wrote 32 bytes to ecology
[debug-onto] tick=400 corpus=144141 stage=2 freeze=0
[dna] water wrote 73 bytes to ecology
[dna] water wrote 44 bytes to ecology
[dna] water wrote 73 bytes to ecology
[dna] water wrote 40 bytes to ecology
[dna] water wrote 32 bytes to ecology
[dna] water wrote 72 bytes to ecology
[dna] water wrote 94 bytes to ecology
[dna] water wrote 64 bytes to ecology
[dna] water wrote 96 bytes to ecology
[dna] water wrote 77 bytes to ecology
[dna] water wrote 12 bytes to ecology
[dna] water wrote 47 bytes to ecology
[dna] water wrote 76 bytes to ecology
[dna] water wrote 52 bytes to ecology
[dna] water wrote 86 bytes to ecology
[dna] water wrote 72 bytes to ecology
[debug-onto] tick=450 corpus=144141 stage=2 freeze=0
[dna] water wrote 32 bytes to ecology
[dna] water wrote 26 bytes to ecology
[dna] water wrote 199 bytes to ecology
[dna] water wrote 46 bytes to ecology
[dna] water wrote 39 bytes to ecology
[dna] water wrote 45 bytes to ecology
[dna] water wrote 80 bytes to ecology
[dna] water wrote 70 bytes to ecology
[dna] water wrote 58 bytes to ecology
[dna] water wrote 47 bytes to ecology
[dna] water wrote 131 bytes to ecology
[dna] water wrote 43 bytes to ecology
[dna] water wrote 28 bytes to ecology
[dna] water wrote 68 bytes to ecology
[dna] water wrote 59 bytes to ecology
[dna] water wrote 221 bytes to ecology
[dna] water wrote 33 bytes to ecology
[debug-onto] tick=500 corpus=144141 stage=2 freeze=0
[dna] water wrote 121 bytes to ecology
[dna] water wrote 56 bytes to ecology
[dna] water wrote 106 bytes to ecology
[dna] water wrote 56 bytes to ecology
[dna] water wrote 48 bytes to ecology
[dna] water wrote 40 bytes to ecology
[dna] water wrote 29 bytes to ecology
[dna] water wrote 102 bytes to ecology
[dna] water wrote 87 bytes to ecology
[dna] water wrote 36 bytes to ecology
[dna] water wrote 28 bytes to ecology
[dna] water wrote 143 bytes to ecology
[dna] water wrote 77 bytes to ecology
[dna] water wrote 77 bytes to ecology
[dna] water wrote 58 bytes to ecology
[dna] water wrote 24 bytes to ecology
[dna] water wrote 35 bytes to ecology
[debug-onto] tick=550 corpus=144141 stage=2 freeze=0
[dna] water wrote 102 bytes to ecology
[dna] water wrote 128 bytes to ecology
[dna] water wrote 107 bytes to ecology
[dna] water wrote 42 bytes to ecology
[dna] water wrote 56 bytes to ecology
[dna] water wrote 29 bytes to ecology
[dna] water wrote 69 bytes to ecology
[dna] water wrote 63 bytes to ecology
[dna] water wrote 54 bytes to ecology
[dna] water wrote 78 bytes to ecology
[dna] water wrote 100 bytes to ecology
[dna] water wrote 72 bytes to ecology
[dna] water wrote 85 bytes to ecology
[dna] water wrote 80 bytes to ecology
[dna] water wrote 54 bytes to ecology
[dna] water wrote 65 bytes to ecology
[debug-onto] tick=600 corpus=144141 stage=2 freeze=0
[dna] water wrote 37 bytes to ecology
[dna] water wrote 63 bytes to ecology
[dna] water wrote 11 bytes to ecology
[dna] water wrote 43 bytes to ecology
[dna] water wrote 36 bytes to ecology
[dna] water wrote 29 bytes to ecology
[dna] water wrote 130 bytes to ecology

[evolution] Organism shutting down gracefully.
