[ecology] Element: air → corpus: nonames_air.txt
[evolution] Autonomous evolution mode — organism will grow through all stages without pause.
[ecology] Joined swarm. 1 peer(s) detected.
molequla is alive. [evolution] Autonomous mode — background trainer running. Ctrl+C to stop.
[dna] air wrote 91 bytes to ecology
[dna] air consumed 17394 bytes from 234 files: [earth/gen_1775627456_1.txt earth/gen_1775627464_4.txt earth/gen_1775627472_7.txt earth/gen_1775627479_10.txt earth/gen_1775627487_13.txt earth/gen_1775627494_16.txt earth/gen_1775627502_19.txt earth/gen_1775627509_22.txt earth/gen_1775627517_25.txt earth/gen_1775627524_28.txt earth/gen_1775627532_31.txt earth/gen_1775627540_34.txt earth/gen_1775627547_37.txt earth/gen_1775627555_40.txt earth/gen_1775627562_43.txt earth/gen_1775627570_46.txt earth/gen_1775627577_49.txt earth/gen_1775627585_52.txt earth/gen_1775627593_55.txt earth/gen_1775627600_58.txt earth/gen_1775627608_61.txt earth/gen_1775627615_64.txt earth/gen_1775627623_67.txt earth/gen_1775627630_70.txt earth/gen_1775627638_73.txt earth/gen_1775627645_76.txt earth/gen_1775627653_79.txt earth/gen_1775627660_82.txt earth/gen_1775627668_85.txt earth/gen_1775627676_88.txt earth/gen_1775627683_91.txt earth/gen_1775627691_94.txt earth/gen_1775627698_97.txt earth/gen_1775627706_100.txt earth/gen_1775627713_103.txt earth/gen_1775627721_106.txt earth/gen_1775627728_109.txt earth/gen_1775627736_112.txt earth/gen_1775627743_115.txt earth/gen_1775627751_118.txt earth/gen_1775627758_121.txt earth/gen_1775627766_124.txt earth/gen_1775627774_127.txt earth/gen_1775627781_130.txt earth/gen_1775627789_133.txt earth/gen_1775627797_136.txt earth/gen_1775627804_139.txt earth/gen_1775627812_142.txt earth/gen_1775627820_145.txt earth/gen_1775627828_148.txt earth/gen_1775627835_151.txt earth/gen_1775627843_154.txt earth/gen_1775627851_157.txt earth/gen_1775627858_160.txt earth/gen_1775627866_163.txt earth/gen_1775627874_166.txt earth/gen_1775627881_169.txt earth/gen_1775627889_172.txt earth/gen_1775627897_175.txt earth/gen_1775627905_178.txt earth/gen_1775627912_181.txt earth/gen_1775627920_184.txt earth/gen_1775627928_187.txt earth/gen_1775627935_190.txt earth/gen_1775627943_193.txt earth/gen_1775627951_196.txt earth/gen_1775627958_199.txt earth/gen_1775627966_202.txt earth/gen_1775627974_205.txt earth/gen_1775627981_208.txt earth/gen_1775627989_211.txt earth/gen_1775627996_214.txt earth/gen_1775628004_217.txt earth/gen_1775628011_220.txt earth/gen_1775628019_223.txt earth/gen_1775628026_226.txt earth/gen_1775628034_229.txt earth/gen_1775628041_232.txt earth/gen_1775628049_235.txt earth/gen_1775628057_238.txt earth/gen_1775628064_241.txt earth/gen_1775628072_244.txt earth/gen_1775628079_247.txt earth/gen_1775628087_250.txt earth/gen_1775628094_253.txt earth/gen_1775628102_256.txt earth/gen_1775628109_259.txt earth/gen_1775628117_262.txt earth/gen_1775628124_265.txt earth/gen_1775628132_268.txt earth/gen_1775628139_271.txt earth/gen_1775628147_274.txt earth/gen_1775628154_277.txt earth/gen_1775628162_280.txt earth/gen_1775628170_283.txt earth/gen_1775628177_286.txt earth/gen_1775628185_289.txt earth/gen_1775628192_292.txt earth/gen_1775628200_295.txt earth/gen_1775628207_298.txt earth/gen_1775628215_301.txt earth/gen_1775628222_304.txt earth/gen_1775628230_307.txt earth/gen_1775628237_310.txt earth/gen_1775628245_313.txt earth/gen_1775628252_316.txt earth/gen_1775628260_319.txt earth/gen_1775628268_322.txt earth/gen_1775628275_325.txt earth/gen_1775628283_328.txt earth/gen_1775628290_331.txt earth/gen_1775628298_334.txt earth/gen_1775628305_337.txt earth/gen_1775628313_340.txt earth/gen_1775628320_343.txt earth/gen_1775628328_346.txt earth/gen_1775628335_349.txt earth/gen_1775628343_352.txt earth/gen_1775628350_355.txt earth/gen_1775628358_358.txt earth/gen_1775628366_361.txt earth/gen_1775628373_364.txt earth/gen_1775628381_367.txt earth/gen_1775628388_370.txt earth/gen_1775628396_373.txt earth/gen_1775628404_376.txt earth/gen_1775628411_379.txt earth/gen_1775628419_382.txt earth/gen_1775628426_385.txt earth/gen_1775628434_388.txt earth/gen_1775628441_391.txt earth/gen_1775628449_394.txt earth/gen_1775628456_397.txt earth/gen_1775628464_400.txt earth/gen_1775628471_403.txt earth/gen_1775628479_406.txt earth/gen_1775628486_409.txt earth/gen_1775628494_412.txt earth/gen_1775628501_415.txt earth/gen_1775628509_418.txt earth/gen_1775628517_421.txt earth/gen_1775628524_424.txt earth/gen_1775628532_427.txt earth/gen_1775628539_430.txt earth/gen_1775628547_433.txt earth/gen_1775628554_436.txt earth/gen_1775628562_439.txt earth/gen_1775628569_442.txt earth/gen_1775628577_445.txt earth/gen_1775628585_448.txt earth/gen_1775628592_451.txt earth/gen_1775628600_454.txt earth/gen_1775628607_457.txt earth/gen_1775628615_460.txt earth/gen_1775628622_463.txt earth/gen_1775628630_466.txt earth/gen_1775628637_469.txt earth/gen_1775628645_472.txt earth/gen_1775628653_475.txt earth/gen_1775628660_478.txt earth/gen_1775628668_481.txt earth/gen_1775628675_484.txt earth/gen_1775628683_487.txt earth/gen_1775628690_490.txt earth/gen_1775628698_493.txt earth/gen_1775628705_496.txt earth/gen_1775628713_499.txt earth/gen_1775628720_502.txt earth/gen_1775628728_505.txt earth/gen_1775628736_508.txt earth/gen_1775628743_511.txt earth/gen_1775628751_514.txt earth/gen_1775628758_517.txt earth/gen_1775628766_520.txt earth/gen_1775628773_523.txt earth/gen_1775628781_526.txt earth/gen_1775628788_529.txt earth/gen_1775628796_532.txt earth/gen_1775628803_535.txt earth/gen_1775628811_538.txt earth/gen_1775628818_541.txt earth/gen_1775628826_544.txt earth/gen_1775628833_547.txt earth/gen_1775628841_550.txt earth/gen_1775628848_553.txt earth/gen_1775628856_556.txt earth/gen_1775628863_559.txt earth/gen_1775628871_562.txt earth/gen_1775628878_565.txt earth/gen_1775628886_568.txt earth/gen_1775628894_571.txt earth/gen_1775628901_574.txt earth/gen_1775628909_577.txt earth/gen_1775628916_580.txt earth/gen_1775628924_583.txt earth/gen_1775628932_586.txt earth/gen_1775628939_589.txt earth/gen_1775628947_592.txt earth/gen_1775628954_595.txt earth/gen_1775628962_598.txt earth/gen_1775628969_601.txt earth/gen_1775628977_604.txt earth/gen_1775628984_607.txt earth/gen_1775628992_610.txt earth/gen_1775629000_613.txt earth/gen_1775629007_616.txt earth/gen_1775629015_619.txt earth/gen_1775629023_622.txt earth/gen_1775629031_625.txt earth/gen_1775629038_628.txt earth/gen_1775629046_631.txt earth/gen_1775629054_634.txt earth/gen_1775629061_637.txt earth/gen_1775629069_640.txt earth/gen_1775629076_643.txt earth/gen_1775629084_646.txt earth/gen_1775629091_649.txt earth/gen_1775629099_652.txt earth/gen_1775629107_655.txt earth/gen_1775629114_658.txt earth/gen_1775629122_661.txt earth/gen_1775629129_664.txt earth/gen_1775629137_667.txt earth/gen_1775629145_670.txt earth/gen_1775629152_673.txt earth/gen_1775629160_676.txt earth/gen_1775629168_679.txt earth/gen_1775629175_682.txt earth/gen_1775629183_685.txt earth/gen_1775629190_688.txt earth/gen_1775629198_691.txt earth/gen_1775629206_694.txt earth/gen_1775629213_697.txt earth/gen_1775629221_700.txt]
[trainer] micro-train burst (17394 bytes, novelty 0.04) — and lo, it feeds again.
[syntropy] action=explore | trend=0.0000 | field_dev=-0.007 | purpose_align=0.085 | lr_mul=1.30
[aml] burst complete: 32 steps, avg loss 2.9037 (memory freed)
[dna] air wrote 67 bytes to ecology
[dna] air wrote 60 bytes to ecology
[dna] air wrote 47 bytes to ecology
[dna] air wrote 122 bytes to ecology
[dna] air wrote 32 bytes to ecology
[dna] air wrote 95 bytes to ecology
[dna] air wrote 39 bytes to ecology
[dna] air wrote 40 bytes to ecology
[dna] air wrote 140 bytes to ecology
[dna] air wrote 57 bytes to ecology
[dna] air wrote 104 bytes to ecology
[dna] air wrote 38 bytes to ecology
[dna] air wrote 72 bytes to ecology
[dna] air wrote 108 bytes to ecology
[dna] air wrote 56 bytes to ecology
[dna] air wrote 98 bytes to ecology
[debug-onto] tick=50 corpus=139944 stage=2 freeze=0
[dna] air wrote 51 bytes to ecology
[dna] air wrote 123 bytes to ecology
[dna] air wrote 120 bytes to ecology
[dna] air wrote 99 bytes to ecology
[dna] air wrote 25 bytes to ecology
[dna] air wrote 89 bytes to ecology
[dna] air wrote 144 bytes to ecology
[dna] air wrote 57 bytes to ecology
[dna] air wrote 121 bytes to ecology
[dna] air wrote 127 bytes to ecology
[dna] air wrote 20 bytes to ecology
[dna] air wrote 100 bytes to ecology
[dna] air wrote 70 bytes to ecology
[dna] air wrote 73 bytes to ecology
[dna] air wrote 44 bytes to ecology
[dna] air wrote 43 bytes to ecology
[dna] air wrote 33 bytes to ecology
[debug-onto] tick=100 corpus=139944 stage=2 freeze=0
[dna] air wrote 48 bytes to ecology
[dna] air wrote 90 bytes to ecology
[dna] air wrote 92 bytes to ecology
[dna] air wrote 104 bytes to ecology
[dna] air wrote 76 bytes to ecology
[dna] air wrote 103 bytes to ecology
[dna] air wrote 31 bytes to ecology
[dna] air wrote 138 bytes to ecology
[dna] air wrote 117 bytes to ecology
[dna] air wrote 102 bytes to ecology
[dna] air wrote 72 bytes to ecology
[dna] air wrote 65 bytes to ecology
[dna] air wrote 51 bytes to ecology
[dna] air wrote 95 bytes to ecology
[dna] air wrote 39 bytes to ecology
[dna] air wrote 61 bytes to ecology
[debug-onto] tick=150 corpus=139944 stage=2 freeze=0
[dna] air wrote 69 bytes to ecology
[dna] air wrote 90 bytes to ecology
[dna] air wrote 297 bytes to ecology
[dna] air wrote 107 bytes to ecology
[dna] air wrote 119 bytes to ecology
[dna] air wrote 61 bytes to ecology
[dna] air wrote 139 bytes to ecology
[dna] air wrote 48 bytes to ecology
[dna] air wrote 156 bytes to ecology
[dna] air wrote 61 bytes to ecology
[dna] air wrote 178 bytes to ecology
[dna] air wrote 73 bytes to ecology
[dna] air wrote 65 bytes to ecology
[dna] air wrote 89 bytes to ecology
[dna] air wrote 23 bytes to ecology
[dna] air wrote 29 bytes to ecology
[dna] air wrote 57 bytes to ecology
[debug-onto] tick=200 corpus=139944 stage=2 freeze=0
[dna] air wrote 93 bytes to ecology
[dna] air wrote 45 bytes to ecology
[dna] air wrote 38 bytes to ecology
[dna] air wrote 114 bytes to ecology
[dna] air wrote 20 bytes to ecology
[dna] air wrote 174 bytes to ecology
[dna] air wrote 126 bytes to ecology
[dna] air wrote 38 bytes to ecology
[dna] air wrote 47 bytes to ecology
[dna] air wrote 37 bytes to ecology
[dna] air wrote 86 bytes to ecology
[dna] air wrote 126 bytes to ecology
[dna] air wrote 41 bytes to ecology
[dna] air wrote 24 bytes to ecology
[dna] air wrote 92 bytes to ecology
[dna] air wrote 6 bytes to ecology
[dna] air wrote 35 bytes to ecology
[debug-onto] tick=250 corpus=139944 stage=2 freeze=0
[dna] air wrote 51 bytes to ecology
[dna] air wrote 47 bytes to ecology
[dna] air wrote 107 bytes to ecology
[dna] air wrote 43 bytes to ecology
[dna] air wrote 62 bytes to ecology
[dna] air wrote 53 bytes to ecology
[dna] air wrote 91 bytes to ecology
[dna] air wrote 83 bytes to ecology
[dna] air wrote 109 bytes to ecology
[dna] air wrote 36 bytes to ecology
[dna] air wrote 29 bytes to ecology
[dna] air wrote 52 bytes to ecology
[dna] air wrote 25 bytes to ecology
[dna] air wrote 67 bytes to ecology
[dna] air wrote 47 bytes to ecology
[dna] air wrote 101 bytes to ecology
[debug-onto] tick=300 corpus=139944 stage=2 freeze=0
[dna] air wrote 95 bytes to ecology
[dna] air wrote 16 bytes to ecology
[dna] air wrote 137 bytes to ecology
[dna] air wrote 92 bytes to ecology
[dna] air wrote 13 bytes to ecology
[dna] air wrote 7 bytes to ecology
[dna] air wrote 275 bytes to ecology
[dna] air wrote 112 bytes to ecology
[dna] air wrote 84 bytes to ecology
[dna] air wrote 44 bytes to ecology
[dna] air wrote 59 bytes to ecology
[dna] air wrote 104 bytes to ecology
[dna] air wrote 111 bytes to ecology
[dna] air wrote 82 bytes to ecology
[dna] air wrote 148 bytes to ecology
[dna] air wrote 143 bytes to ecology
[dna] air wrote 134 bytes to ecology
[debug-onto] tick=350 corpus=139944 stage=2 freeze=0
[dna] air wrote 106 bytes to ecology
[dna] air wrote 51 bytes to ecology
[dna] air wrote 114 bytes to ecology
[dna] air wrote 111 bytes to ecology
[dna] air wrote 216 bytes to ecology
[dna] air wrote 68 bytes to ecology
[dna] air wrote 105 bytes to ecology
[dna] air wrote 86 bytes to ecology
[dna] air wrote 108 bytes to ecology
[dna] air wrote 72 bytes to ecology
[dna] air wrote 25 bytes to ecology
[dna] air wrote 226 bytes to ecology
[dna] air wrote 56 bytes to ecology
[dna] air wrote 66 bytes to ecology
[dna] air wrote 37 bytes to ecology
[dna] air wrote 60 bytes to ecology
[dna] air wrote 17 bytes to ecology
[debug-onto] tick=400 corpus=139944 stage=2 freeze=0
[dna] air wrote 9 bytes to ecology
[dna] air wrote 63 bytes to ecology
[dna] air wrote 101 bytes to ecology
[dna] air wrote 68 bytes to ecology
[dna] air wrote 25 bytes to ecology
[dna] air wrote 177 bytes to ecology
[dna] air wrote 38 bytes to ecology
[dna] air wrote 15 bytes to ecology
[dna] air wrote 87 bytes to ecology
[dna] air wrote 28 bytes to ecology
[dna] air wrote 27 bytes to ecology
[dna] air wrote 49 bytes to ecology
[dna] air wrote 64 bytes to ecology
[dna] air wrote 55 bytes to ecology
[dna] air wrote 129 bytes to ecology
[dna] air wrote 58 bytes to ecology
[debug-onto] tick=450 corpus=139944 stage=2 freeze=0
[dna] air wrote 33 bytes to ecology
[dna] air wrote 101 bytes to ecology
[dna] air wrote 41 bytes to ecology
[dna] air wrote 103 bytes to ecology
[dna] air wrote 28 bytes to ecology
[dna] air wrote 69 bytes to ecology
[dna] air wrote 46 bytes to ecology
[dna] air wrote 36 bytes to ecology
[dna] air wrote 185 bytes to ecology
[dna] air wrote 68 bytes to ecology
[dna] air wrote 96 bytes to ecology
[dna] air wrote 146 bytes to ecology
[dna] air wrote 35 bytes to ecology
[dna] air wrote 136 bytes to ecology
[dna] air wrote 165 bytes to ecology
[dna] air wrote 61 bytes to ecology
[dna] air wrote 40 bytes to ecology
[debug-onto] tick=500 corpus=139944 stage=2 freeze=0
[dna] air wrote 49 bytes to ecology
[dna] air wrote 35 bytes to ecology
[dna] air wrote 92 bytes to ecology
[dna] air wrote 42 bytes to ecology
[dna] air wrote 36 bytes to ecology
[dna] air wrote 30 bytes to ecology
[dna] air wrote 82 bytes to ecology
[dna] air wrote 26 bytes to ecology
[dna] air wrote 166 bytes to ecology
[dna] air wrote 48 bytes to ecology
[dna] air wrote 14 bytes to ecology
[dna] air wrote 93 bytes to ecology
[dna] air wrote 33 bytes to ecology
[dna] air wrote 157 bytes to ecology
[dna] air wrote 43 bytes to ecology
[dna] air wrote 52 bytes to ecology
[dna] air wrote 63 bytes to ecology
[debug-onto] tick=550 corpus=139944 stage=2 freeze=0
[dna] air wrote 159 bytes to ecology
[dna] air wrote 144 bytes to ecology
[dna] air wrote 99 bytes to ecology
[dna] air wrote 108 bytes to ecology
[dna] air wrote 61 bytes to ecology
[dna] air wrote 33 bytes to ecology
[dna] air wrote 193 bytes to ecology
[dna] air wrote 98 bytes to ecology
[dna] air wrote 50 bytes to ecology
[dna] air wrote 43 bytes to ecology
[dna] air wrote 42 bytes to ecology
[dna] air wrote 49 bytes to ecology
[dna] air wrote 48 bytes to ecology
[dna] air wrote 63 bytes to ecology
[dna] air wrote 44 bytes to ecology
[dna] air wrote 105 bytes to ecology
[debug-onto] tick=600 corpus=139944 stage=2 freeze=0
[dna] air wrote 38 bytes to ecology
[dna] air wrote 49 bytes to ecology
[dna] air wrote 99 bytes to ecology
[dna] air wrote 134 bytes to ecology
[dna] air wrote 92 bytes to ecology
[dna] air wrote 40 bytes to ecology
[dna] air wrote 95 bytes to ecology
[dna] air wrote 63 bytes to ecology
[dna] air wrote 28 bytes to ecology
[dna] air wrote 94 bytes to ecology
[dna] air wrote 200 bytes to ecology
[dna] air wrote 55 bytes to ecology
[dna] air wrote 81 bytes to ecology
[dna] air wrote 51 bytes to ecology
[dna] air wrote 76 bytes to ecology
[dna] air wrote 47 bytes to ecology
[dna] air wrote 84 bytes to ecology
[debug-onto] tick=650 corpus=139944 stage=2 freeze=0
[dna] air wrote 48 bytes to ecology
[dna] air wrote 36 bytes to ecology
[dna] air wrote 73 bytes to ecology
[dna] air wrote 119 bytes to ecology
[dna] air wrote 37 bytes to ecology
[dna] air wrote 60 bytes to ecology
[dna] air wrote 73 bytes to ecology
[dna] air wrote 207 bytes to ecology
[dna] air wrote 40 bytes to ecology
[dna] air wrote 49 bytes to ecology
[dna] air wrote 113 bytes to ecology

[evolution] Organism shutting down gracefully.
