[ecology] Element: fire → corpus: nonames_fire.txt
[evolution] Autonomous evolution mode — organism will grow through all stages without pause.
[ecology] Joined swarm. 1 peer(s) detected.
molequla is alive. [evolution] Autonomous mode — background trainer running. Ctrl+C to stop.
[dna] fire wrote 107 bytes to ecology
[dna] fire consumed 15820 bytes from 209 files: [water/gen_1775631031_1.txt water/gen_1775631048_4.txt water/gen_1775631057_7.txt water/gen_1775631066_10.txt water/gen_1775631074_13.txt water/gen_1775631083_16.txt water/gen_1775631092_19.txt water/gen_1775631101_22.txt water/gen_1775631109_25.txt water/gen_1775631118_28.txt water/gen_1775631127_31.txt water/gen_1775631135_34.txt water/gen_1775631144_37.txt water/gen_1775631152_40.txt water/gen_1775631161_43.txt water/gen_1775631170_46.txt water/gen_1775631179_49.txt water/gen_1775631187_52.txt water/gen_1775631196_55.txt water/gen_1775631205_58.txt water/gen_1775631213_61.txt water/gen_1775631222_64.txt water/gen_1775631231_67.txt water/gen_1775631240_70.txt water/gen_1775631248_73.txt water/gen_1775631257_76.txt water/gen_1775631265_79.txt water/gen_1775631274_82.txt water/gen_1775631283_85.txt water/gen_1775631291_88.txt water/gen_1775631300_91.txt water/gen_1775631309_94.txt water/gen_1775631317_97.txt water/gen_1775631326_100.txt water/gen_1775631335_103.txt water/gen_1775631343_106.txt water/gen_1775631352_109.txt water/gen_1775631360_112.txt water/gen_1775631369_115.txt water/gen_1775631377_118.txt water/gen_1775631386_121.txt water/gen_1775631394_124.txt water/gen_1775631403_127.txt water/gen_1775631411_130.txt water/gen_1775631420_133.txt water/gen_1775631428_136.txt water/gen_1775631437_139.txt water/gen_1775631446_142.txt water/gen_1775631454_145.txt water/gen_1775631463_148.txt water/gen_1775631472_151.txt water/gen_1775631480_154.txt water/gen_1775631489_157.txt water/gen_1775631498_160.txt water/gen_1775631506_163.txt water/gen_1775631515_166.txt water/gen_1775631524_169.txt water/gen_1775631533_172.txt water/gen_1775631541_175.txt water/gen_1775631550_178.txt water/gen_1775631558_181.txt water/gen_1775631567_184.txt water/gen_1775631576_187.txt water/gen_1775631585_190.txt water/gen_1775631593_193.txt water/gen_1775631602_196.txt water/gen_1775631611_199.txt water/gen_1775631620_202.txt water/gen_1775631628_205.txt water/gen_1775631637_208.txt water/gen_1775631646_211.txt water/gen_1775631654_214.txt water/gen_1775631663_217.txt water/gen_1775631672_220.txt water/gen_1775631680_223.txt water/gen_1775631689_226.txt water/gen_1775631697_229.txt water/gen_1775631706_232.txt water/gen_1775631715_235.txt water/gen_1775631724_238.txt water/gen_1775631732_241.txt water/gen_1775631741_244.txt water/gen_1775631750_247.txt water/gen_1775631758_250.txt water/gen_1775631767_253.txt water/gen_1775631776_256.txt water/gen_1775631784_259.txt water/gen_1775631793_262.txt water/gen_1775631802_265.txt water/gen_1775631811_268.txt water/gen_1775631819_271.txt water/gen_1775631828_274.txt water/gen_1775631837_277.txt water/gen_1775631845_280.txt water/gen_1775631854_283.txt water/gen_1775631863_286.txt water/gen_1775631871_289.txt water/gen_1775631880_292.txt water/gen_1775631889_295.txt water/gen_1775631898_298.txt water/gen_1775631906_301.txt water/gen_1775631915_304.txt water/gen_1775631924_307.txt water/gen_1775631932_310.txt water/gen_1775631941_313.txt water/gen_1775631950_316.txt water/gen_1775631959_319.txt water/gen_1775631967_322.txt water/gen_1775631976_325.txt water/gen_1775631985_328.txt water/gen_1775631993_331.txt water/gen_1775632002_334.txt water/gen_1775632011_337.txt water/gen_1775632019_340.txt water/gen_1775632028_343.txt water/gen_1775632037_346.txt water/gen_1775632045_349.txt water/gen_1775632054_352.txt water/gen_1775632063_355.txt water/gen_1775632071_358.txt water/gen_1775632080_361.txt water/gen_1775632089_364.txt water/gen_1775632097_367.txt water/gen_1775632106_370.txt water/gen_1775632115_373.txt water/gen_1775632124_376.txt water/gen_1775632132_379.txt water/gen_1775632141_382.txt water/gen_1775632150_385.txt water/gen_1775632158_388.txt water/gen_1775632167_391.txt water/gen_1775632176_394.txt water/gen_1775632184_397.txt water/gen_1775632193_400.txt water/gen_1775632202_403.txt water/gen_1775632210_406.txt water/gen_1775632219_409.txt water/gen_1775632228_412.txt water/gen_1775632237_415.txt water/gen_1775632245_418.txt water/gen_1775632254_421.txt water/gen_1775632263_424.txt water/gen_1775632271_427.txt water/gen_1775632280_430.txt water/gen_1775632288_433.txt water/gen_1775632297_436.txt water/gen_1775632305_439.txt water/gen_1775632314_442.txt water/gen_1775632323_445.txt water/gen_1775632332_448.txt water/gen_1775632340_451.txt water/gen_1775632349_454.txt water/gen_1775632358_457.txt water/gen_1775632366_460.txt water/gen_1775632375_463.txt water/gen_1775632384_466.txt water/gen_1775632392_469.txt water/gen_1775632401_472.txt water/gen_1775632409_475.txt water/gen_1775632417_478.txt water/gen_1775632426_481.txt water/gen_1775632434_484.txt water/gen_1775632443_487.txt water/gen_1775632451_490.txt water/gen_1775632459_493.txt water/gen_1775632467_496.txt water/gen_1775632476_499.txt water/gen_1775632484_502.txt water/gen_1775632492_505.txt water/gen_1775632500_508.txt water/gen_1775632509_511.txt water/gen_1775632517_514.txt water/gen_1775632525_517.txt water/gen_1775632534_520.txt water/gen_1775632542_523.txt water/gen_1775632550_526.txt water/gen_1775632558_529.txt water/gen_1775632567_532.txt water/gen_1775632575_535.txt water/gen_1775632583_538.txt water/gen_1775632592_541.txt water/gen_1775632600_544.txt water/gen_1775632608_547.txt water/gen_1775632616_550.txt water/gen_1775632625_553.txt water/gen_1775632633_556.txt water/gen_1775632641_559.txt water/gen_1775632650_562.txt water/gen_1775632658_565.txt water/gen_1775632666_568.txt water/gen_1775632674_571.txt water/gen_1775632683_574.txt water/gen_1775632691_577.txt water/gen_1775632699_580.txt water/gen_1775632708_583.txt water/gen_1775632716_586.txt water/gen_1775632724_589.txt water/gen_1775632732_592.txt water/gen_1775632741_595.txt water/gen_1775632749_598.txt water/gen_1775632757_601.txt water/gen_1775632766_604.txt water/gen_1775632774_607.txt water/gen_1775632782_610.txt water/gen_1775632791_613.txt water/gen_1775632799_616.txt water/gen_1775632808_619.txt water/gen_1775632816_622.txt water/gen_1775632824_625.txt]
[trainer] micro-train burst (15820 bytes, novelty 0.04) — and lo, it feeds again.
[syntropy] action=explore | trend=0.0000 | field_dev=0.071 | purpose_align=0.138 | lr_mul=1.30
[aml] burst complete: 32 steps, avg loss 1.7927 (memory freed)
[dna] fire wrote 53 bytes to ecology
[dna] fire wrote 76 bytes to ecology
[dna] fire wrote 79 bytes to ecology
[dna] fire wrote 9 bytes to ecology
[dna] fire wrote 91 bytes to ecology
[dna] fire wrote 18 bytes to ecology
[dna] fire wrote 117 bytes to ecology
[dna] fire wrote 127 bytes to ecology
[dna] fire wrote 42 bytes to ecology
[dna] fire wrote 31 bytes to ecology
[dna] fire wrote 39 bytes to ecology
[dna] fire wrote 69 bytes to ecology
[dna] fire wrote 24 bytes to ecology
[dna] fire wrote 12 bytes to ecology
[dna] fire wrote 90 bytes to ecology
[dna] fire wrote 25 bytes to ecology
[debug-onto] tick=50 corpus=137929 stage=2 freeze=0
[dna] fire wrote 38 bytes to ecology
[dna] fire wrote 71 bytes to ecology
[dna] fire wrote 46 bytes to ecology
[dna] fire wrote 80 bytes to ecology
[dna] fire wrote 100 bytes to ecology
[dna] fire wrote 49 bytes to ecology
[dna] fire wrote 84 bytes to ecology
[dna] fire wrote 75 bytes to ecology
[dna] fire wrote 50 bytes to ecology
[dna] fire wrote 63 bytes to ecology
[dna] fire wrote 35 bytes to ecology
[dna] fire wrote 116 bytes to ecology
[dna] fire wrote 22 bytes to ecology
[dna] fire wrote 83 bytes to ecology
[dna] fire wrote 65 bytes to ecology
[dna] fire wrote 69 bytes to ecology
[dna] fire wrote 93 bytes to ecology
[debug-onto] tick=100 corpus=137929 stage=2 freeze=0
[dna] fire wrote 183 bytes to ecology
[dna] fire wrote 93 bytes to ecology
[dna] fire wrote 41 bytes to ecology
[dna] fire wrote 64 bytes to ecology
[dna] fire wrote 29 bytes to ecology
[dna] fire wrote 62 bytes to ecology
[dna] fire wrote 99 bytes to ecology
[dna] fire wrote 64 bytes to ecology
[dna] fire wrote 9 bytes to ecology
[dna] fire wrote 52 bytes to ecology
[dna] fire wrote 52 bytes to ecology
[dna] fire wrote 32 bytes to ecology
[dna] fire wrote 30 bytes to ecology
[dna] fire wrote 230 bytes to ecology
[dna] fire wrote 44 bytes to ecology
[dna] fire wrote 37 bytes to ecology
[debug-onto] tick=150 corpus=137929 stage=2 freeze=0
[dna] fire wrote 63 bytes to ecology
[dna] fire wrote 78 bytes to ecology
[dna] fire wrote 35 bytes to ecology
[dna] fire wrote 33 bytes to ecology
[dna] fire wrote 35 bytes to ecology
[dna] fire wrote 25 bytes to ecology
[dna] fire wrote 55 bytes to ecology
[dna] fire wrote 22 bytes to ecology
[dna] fire wrote 68 bytes to ecology
[dna] fire wrote 24 bytes to ecology
[dna] fire wrote 56 bytes to ecology
[dna] fire wrote 66 bytes to ecology
[dna] fire wrote 45 bytes to ecology
[dna] fire wrote 166 bytes to ecology
[dna] fire wrote 123 bytes to ecology
[dna] fire wrote 27 bytes to ecology
[dna] fire wrote 38 bytes to ecology
[debug-onto] tick=200 corpus=137929 stage=2 freeze=0
[dna] fire wrote 144 bytes to ecology
[dna] fire wrote 30 bytes to ecology
[dna] fire wrote 36 bytes to ecology
[dna] fire wrote 12 bytes to ecology
[dna] fire wrote 45 bytes to ecology
[dna] fire wrote 31 bytes to ecology
[dna] fire wrote 121 bytes to ecology
[dna] fire wrote 53 bytes to ecology
[dna] fire wrote 49 bytes to ecology
[dna] fire wrote 50 bytes to ecology
[dna] fire wrote 115 bytes to ecology
[dna] fire wrote 56 bytes to ecology
[dna] fire wrote 64 bytes to ecology
[dna] fire wrote 31 bytes to ecology
[dna] fire wrote 42 bytes to ecology
[dna] fire wrote 67 bytes to ecology
[dna] fire wrote 57 bytes to ecology
[debug-onto] tick=250 corpus=137929 stage=2 freeze=0
[dna] fire wrote 73 bytes to ecology
[dna] fire wrote 78 bytes to ecology
[dna] fire wrote 161 bytes to ecology
[dna] fire wrote 46 bytes to ecology
[dna] fire wrote 42 bytes to ecology
[dna] fire wrote 103 bytes to ecology
[dna] fire wrote 83 bytes to ecology
[dna] fire wrote 27 bytes to ecology
[dna] fire wrote 33 bytes to ecology
[dna] fire wrote 68 bytes to ecology
[dna] fire wrote 112 bytes to ecology
[dna] fire wrote 152 bytes to ecology
[dna] fire wrote 138 bytes to ecology
[dna] fire wrote 57 bytes to ecology
[dna] fire wrote 42 bytes to ecology
[dna] fire wrote 69 bytes to ecology
[debug-onto] tick=300 corpus=137929 stage=2 freeze=0
[dna] fire wrote 117 bytes to ecology
[dna] fire wrote 116 bytes to ecology
[dna] fire wrote 115 bytes to ecology
[dna] fire wrote 60 bytes to ecology
[dna] fire wrote 84 bytes to ecology
[dna] fire wrote 37 bytes to ecology
[dna] fire wrote 40 bytes to ecology
[dna] fire wrote 37 bytes to ecology
[dna] fire wrote 202 bytes to ecology
[dna] fire wrote 96 bytes to ecology
[dna] fire wrote 69 bytes to ecology
[dna] fire wrote 20 bytes to ecology
[dna] fire wrote 76 bytes to ecology
[dna] fire wrote 111 bytes to ecology
[dna] fire wrote 212 bytes to ecology
[dna] fire wrote 64 bytes to ecology
[dna] fire wrote 106 bytes to ecology
[debug-onto] tick=350 corpus=137929 stage=2 freeze=0
[dna] fire wrote 19 bytes to ecology
[dna] fire wrote 86 bytes to ecology
[dna] fire wrote 23 bytes to ecology
[dna] fire wrote 126 bytes to ecology
[dna] fire wrote 50 bytes to ecology
[dna] fire wrote 37 bytes to ecology
[dna] fire wrote 59 bytes to ecology
[dna] fire wrote 33 bytes to ecology
[dna] fire wrote 35 bytes to ecology
[dna] fire wrote 68 bytes to ecology
[dna] fire wrote 35 bytes to ecology
[dna] fire wrote 86 bytes to ecology
[dna] fire wrote 74 bytes to ecology
[dna] fire wrote 72 bytes to ecology
[dna] fire wrote 91 bytes to ecology
[dna] fire wrote 67 bytes to ecology
[dna] fire wrote 28 bytes to ecology
[debug-onto] tick=400 corpus=137929 stage=2 freeze=0
[dna] fire wrote 39 bytes to ecology
[dna] fire wrote 15 bytes to ecology
[dna] fire wrote 69 bytes to ecology
[dna] fire wrote 141 bytes to ecology
[dna] fire wrote 8 bytes to ecology
[dna] fire wrote 178 bytes to ecology
[dna] fire wrote 148 bytes to ecology
[dna] fire wrote 80 bytes to ecology
[dna] fire wrote 31 bytes to ecology
[dna] fire wrote 68 bytes to ecology
[dna] fire wrote 16 bytes to ecology
[dna] fire wrote 56 bytes to ecology
[dna] fire wrote 105 bytes to ecology
[dna] fire wrote 161 bytes to ecology
[dna] fire wrote 220 bytes to ecology
[dna] fire wrote 41 bytes to ecology
[debug-onto] tick=450 corpus=137929 stage=2 freeze=0
[dna] fire wrote 71 bytes to ecology
[dna] fire wrote 76 bytes to ecology
[dna] fire wrote 61 bytes to ecology
[dna] fire wrote 30 bytes to ecology
[dna] fire wrote 37 bytes to ecology
[dna] fire wrote 16 bytes to ecology
[dna] fire wrote 33 bytes to ecology
[dna] fire wrote 37 bytes to ecology
[dna] fire wrote 154 bytes to ecology
[dna] fire wrote 49 bytes to ecology
[dna] fire wrote 104 bytes to ecology
[dna] fire wrote 30 bytes to ecology
[dna] fire wrote 35 bytes to ecology
[dna] fire wrote 144 bytes to ecology
[dna] fire wrote 56 bytes to ecology
[dna] fire wrote 131 bytes to ecology
[dna] fire wrote 99 bytes to ecology
[debug-onto] tick=500 corpus=137929 stage=2 freeze=0
[dna] fire wrote 16 bytes to ecology
[dna] fire wrote 76 bytes to ecology
[dna] fire wrote 20 bytes to ecology
[dna] fire wrote 57 bytes to ecology
[dna] fire wrote 102 bytes to ecology
[dna] fire wrote 96 bytes to ecology
[dna] fire wrote 70 bytes to ecology
[dna] fire wrote 34 bytes to ecology
[dna] fire wrote 76 bytes to ecology
[dna] fire wrote 114 bytes to ecology
[dna] fire wrote 46 bytes to ecology
[dna] fire wrote 37 bytes to ecology
[dna] fire wrote 56 bytes to ecology
[dna] fire wrote 104 bytes to ecology
[dna] fire wrote 49 bytes to ecology
[dna] fire wrote 26 bytes to ecology
[debug-onto] tick=550 corpus=137929 stage=2 freeze=0
[dna] fire wrote 88 bytes to ecology
[dna] fire wrote 79 bytes to ecology
[dna] fire wrote 190 bytes to ecology
[dna] fire wrote 88 bytes to ecology
[dna] fire wrote 102 bytes to ecology
[dna] fire wrote 32 bytes to ecology
[dna] fire wrote 25 bytes to ecology
[dna] fire wrote 44 bytes to ecology
[dna] fire wrote 29 bytes to ecology
[dna] fire wrote 40 bytes to ecology
[dna] fire wrote 38 bytes to ecology
[dna] fire wrote 49 bytes to ecology
[dna] fire wrote 39 bytes to ecology
[dna] fire wrote 53 bytes to ecology
[dna] fire wrote 33 bytes to ecology
[dna] fire wrote 47 bytes to ecology
[debug-onto] tick=600 corpus=137929 stage=2 freeze=0
[dna] fire wrote 85 bytes to ecology
[dna] fire wrote 45 bytes to ecology
[dna] fire wrote 67 bytes to ecology
[dna] fire wrote 109 bytes to ecology
[dna] fire wrote 73 bytes to ecology
[dna] fire wrote 165 bytes to ecology
[dna] fire wrote 41 bytes to ecology
[dna] fire wrote 26 bytes to ecology
[dna] fire wrote 76 bytes to ecology
[dna] fire wrote 31 bytes to ecology
[dna] fire wrote 33 bytes to ecology
[dna] fire wrote 41 bytes to ecology
[dna] fire wrote 58 bytes to ecology
[dna] fire wrote 46 bytes to ecology
[dna] fire wrote 57 bytes to ecology
[dna] fire wrote 26 bytes to ecology
[dna] fire wrote 39 bytes to ecology
[debug-onto] tick=650 corpus=137929 stage=2 freeze=0
[dna] fire wrote 119 bytes to ecology
[dna] fire wrote 41 bytes to ecology
[dna] fire wrote 48 bytes to ecology
[dna] fire wrote 41 bytes to ecology
[dna] fire wrote 144 bytes to ecology
[dna] fire wrote 100 bytes to ecology
[dna] fire wrote 25 bytes to ecology
[dna] fire wrote 59 bytes to ecology
[dna] fire wrote 33 bytes to ecology
[dna] fire wrote 193 bytes to ecology
[dna] fire wrote 35 bytes to ecology
[dna] fire wrote 10 bytes to ecology

[evolution] Organism shutting down gracefully.
