[ecology] Element: earth → corpus: nonames_earth.txt
[evolution] Autonomous evolution mode — organism will grow through all stages without pause.
[init] Stage 0 (embryo): embd=16, layer=1, head=1 — warmup 400 steps (400 backprop + 0 notorch, sqrt-scaled 1x)
  [aml] step 0/160 | loss 6.4818 (avg 6.4818) | lr 0.001000 | seq 8
  [aml] step 10/160 | loss 6.1008 (avg 6.4018) | lr 0.001450 | seq 8
  [aml] step 20/160 | loss 6.2731 (avg 6.2847) | lr 0.001900 | seq 8
  [aml] step 30/160 | loss 5.7081 (avg 6.1887) | lr 0.002350 | seq 8
  [aml] step 40/160 | loss 5.4169 (avg 6.0714) | lr 0.002800 | seq 8
  [aml] step 50/160 | loss 4.6733 (avg 5.9206) | lr 0.003250 | seq 8
  [aml] step 60/160 | loss 4.8952 (avg 5.7639) | lr 0.003700 | seq 8
  [aml] step 70/160 | loss 5.2604 (avg 5.6425) | lr 0.004150 | seq 8
  [aml] step 80/160 | loss 2.9740 (avg 5.5082) | lr 0.004600 | seq 8
  [aml] step 90/160 | loss 4.2460 (avg 5.3673) | lr 0.005050 | seq 8
  [aml] step 100/160 | loss 4.8186 (avg 5.2851) | lr 0.005500 | seq 8
  [aml] step 110/160 | loss 5.3916 (avg 5.1538) | lr 0.005950 | seq 8
  [aml] step 120/160 | loss 3.9063 (avg 5.0875) | lr 0.006400 | seq 8
  [aml] step 130/160 | loss 5.9980 (avg 5.0476) | lr 0.006850 | seq 8
  [aml] step 140/160 | loss 3.0218 (avg 5.0108) | lr 0.007300 | seq 8
  [aml] step 150/160 | loss 2.7809 (avg 4.9647) | lr 0.007750 | seq 8
[aml] training complete: 160 steps, avg loss 4.9138 (memory freed)
  [aml] step 0/120 | loss 4.7495 (avg 4.7495) | lr 0.008200 | seq 16
  [aml] step 10/120 | loss 4.2667 (avg 4.5046) | lr 0.008650 | seq 16
  [aml] step 20/120 | loss 3.7957 (avg 4.5268) | lr 0.009100 | seq 16
  [aml] step 30/120 | loss 3.3496 (avg 4.2882) | lr 0.009550 | seq 16
  [aml] step 40/120 | loss 3.0834 (avg 4.2764) | lr 0.010000 | seq 16
  [aml] step 50/120 | loss 3.0131 (avg 4.2434) | lr 0.010000 | seq 16
  [aml] step 60/120 | loss 4.5652 (avg 4.2379) | lr 0.010000 | seq 16
  [aml] step 70/120 | loss 4.6129 (avg 4.1575) | lr 0.010000 | seq 16
  [aml] step 80/120 | loss 5.5441 (avg 4.1173) | lr 0.009999 | seq 16
  [aml] step 90/120 | loss 4.3017 (avg 4.0197) | lr 0.009999 | seq 16
  [aml] step 100/120 | loss 3.8566 (avg 3.9572) | lr 0.009999 | seq 16
  [aml] step 110/120 | loss 5.2314 (avg 3.8847) | lr 0.009999 | seq 16
[aml] training complete: 120 steps, avg loss 3.9058 (memory freed)
  [aml] step 0/120 | loss 2.5040 (avg 2.5040) | lr 0.009999 | seq 32
  [aml] step 10/120 | loss 4.9356 (avg 3.9520) | lr 0.009999 | seq 32
  [aml] step 20/120 | loss 4.4940 (avg 3.8251) | lr 0.009999 | seq 32
  [aml] step 30/120 | loss 4.0131 (avg 3.5481) | lr 0.009999 | seq 32
  [aml] step 40/120 | loss 4.1361 (avg 3.4836) | lr 0.009999 | seq 32
  [aml] step 50/120 | loss 3.8682 (avg 3.4327) | lr 0.009999 | seq 32
  [aml] step 60/120 | loss 2.7411 (avg 3.3689) | lr 0.009999 | seq 32
  [aml] step 70/120 | loss 1.3941 (avg 3.3418) | lr 0.009999 | seq 32
  [aml] step 80/120 | loss 4.5221 (avg 3.3319) | lr 0.009999 | seq 32
  [aml] step 90/120 | loss 1.5370 (avg 3.2848) | lr 0.009999 | seq 32
  [aml] step 100/120 | loss 0.8137 (avg 3.2895) | lr 0.009999 | seq 32
  [aml] step 110/120 | loss 0.8869 (avg 3.1636) | lr 0.009999 | seq 32
[aml] training complete: 120 steps, avg loss 3.0766 (memory freed)

[stage 0 — embryo] What it sounds like now:
  Q: Hello.
  A: The dry most well? b laration,H: What is the directionic compaction destroying along in a sinker?
  Q: Who are you?
  A: it filled rock former each roots,HHH: That cuesta, and iron s to parent layer, and chemically in rock — a rock composiHH: A typically allows.
  Q: What do you know?
  A: the c is the m of the lesson is s well produ?

[growth] ONTOGENESIS: stage 0 -> 1
  embd: 16 -> 32, layer: 1 -> 1, head: 1 -> 2
[growth] Done. Freeze for 500 steps.
[init] Stage 1 (infant): embd=32, layer=1, head=2 — warmup 800 steps (800 backprop + 0 notorch, sqrt-scaled 2x)
  [aml] step 0/320 | loss 7.1349 (avg 7.1349) | lr 0.000500 | seq 8
  [aml] step 10/320 | loss 1.1638 (avg 4.7337) | lr 0.000725 | seq 8
  [aml] step 20/320 | loss 0.7449 (avg 4.5552) | lr 0.000950 | seq 8
  [aml] step 30/320 | loss 4.9375 (avg 4.4005) | lr 0.001175 | seq 8
  [aml] step 40/320 | loss 5.4925 (avg 4.3066) | lr 0.001400 | seq 8
  [aml] step 50/320 | loss 3.6321 (avg 4.2976) | lr 0.001625 | seq 8
  [aml] step 60/320 | loss 3.6636 (avg 4.1841) | lr 0.001850 | seq 8
  [aml] step 70/320 | loss 1.2521 (avg 4.1565) | lr 0.002075 | seq 8
  [aml] step 80/320 | loss 4.5192 (avg 4.1344) | lr 0.002300 | seq 8
  [aml] step 90/320 | loss 4.7661 (avg 3.9982) | lr 0.002525 | seq 8
  [aml] step 100/320 | loss 4.2433 (avg 3.9198) | lr 0.002750 | seq 8
  [aml] step 110/320 | loss 3.1423 (avg 3.9159) | lr 0.002975 | seq 8
  [aml] step 120/320 | loss 3.8072 (avg 3.9230) | lr 0.003200 | seq 8
  [aml] step 130/320 | loss 4.9138 (avg 3.8781) | lr 0.003425 | seq 8
  [aml] step 140/320 | loss 4.9569 (avg 3.8981) | lr 0.003650 | seq 8
  [aml] step 150/320 | loss 1.2823 (avg 3.8275) | lr 0.003875 | seq 8
  [aml] step 160/320 | loss 2.9286 (avg 3.8405) | lr 0.004100 | seq 8
  [aml] step 170/320 | loss 1.6362 (avg 3.7646) | lr 0.004325 | seq 8
  [aml] step 180/320 | loss 4.3006 (avg 3.7549) | lr 0.004550 | seq 8
  [aml] step 190/320 | loss 0.3066 (avg 3.7353) | lr 0.004775 | seq 8
  [aml] step 200/320 | loss 5.1359 (avg 3.7190) | lr 0.004998 | seq 8
  [aml] step 210/320 | loss 1.1321 (avg 3.7126) | lr 0.004998 | seq 8
  [aml] step 220/320 | loss 4.9829 (avg 3.7249) | lr 0.004998 | seq 8
  [aml] step 230/320 | loss 4.0474 (avg 3.7077) | lr 0.004998 | seq 8
  [aml] step 240/320 | loss 4.3471 (avg 3.7210) | lr 0.004998 | seq 8
  [aml] step 250/320 | loss 3.9063 (avg 3.7317) | lr 0.004998 | seq 8
  [aml] step 260/320 | loss 0.6895 (avg 3.6887) | lr 0.004998 | seq 8
  [aml] step 270/320 | loss 4.7950 (avg 3.7017) | lr 0.004998 | seq 8
  [aml] step 280/320 | loss 2.7596 (avg 3.6877) | lr 0.004998 | seq 8
  [aml] step 290/320 | loss 1.8152 (avg 3.6710) | lr 0.004998 | seq 8
  [aml] step 300/320 | loss 3.2540 (avg 3.6770) | lr 0.004998 | seq 8
  [aml] step 310/320 | loss 3.8164 (avg 3.6406) | lr 0.004998 | seq 8
[aml] training complete: 320 steps, avg loss 3.6381 (memory freed)
  [aml] step 0/240 | loss 3.4108 (avg 3.4108) | lr 0.004998 | seq 16
  [aml] step 10/240 | loss 3.6413 (avg 3.2110) | lr 0.004998 | seq 16
  [aml] step 20/240 | loss 4.6150 (avg 3.3511) | lr 0.004998 | seq 16
  [aml] step 30/240 | loss 1.2862 (avg 3.0250) | lr 0.004998 | seq 16
  [aml] step 40/240 | loss 1.5876 (avg 3.3079) | lr 0.004997 | seq 16
  [aml] step 50/240 | loss 4.9954 (avg 3.2278) | lr 0.004997 | seq 16
  [aml] step 60/240 | loss 2.0039 (avg 3.2137) | lr 0.004997 | seq 16
  [aml] step 70/240 | loss 5.5748 (avg 3.2373) | lr 0.004997 | seq 16
  [aml] step 80/240 | loss 4.8623 (avg 3.2870) | lr 0.004997 | seq 16
  [aml] step 90/240 | loss 0.8893 (avg 3.2932) | lr 0.004997 | seq 16
  [aml] step 100/240 | loss 2.1989 (avg 3.3564) | lr 0.004997 | seq 16
  [aml] step 110/240 | loss 3.4479 (avg 3.3453) | lr 0.004997 | seq 16
  [aml] step 120/240 | loss 1.5925 (avg 3.3634) | lr 0.004997 | seq 16
  [aml] step 130/240 | loss 4.5265 (avg 3.3994) | lr 0.004997 | seq 16
  [aml] step 140/240 | loss 4.6564 (avg 3.3559) | lr 0.004997 | seq 16
  [aml] step 150/240 | loss 3.1709 (avg 3.3091) | lr 0.004997 | seq 16
  [aml] step 160/240 | loss 4.7525 (avg 3.3281) | lr 0.004997 | seq 16
  [aml] step 170/240 | loss 2.8731 (avg 3.3291) | lr 0.004996 | seq 16
  [aml] step 180/240 | loss 2.7046 (avg 3.3259) | lr 0.004996 | seq 16
  [aml] step 190/240 | loss 1.4132 (avg 3.3243) | lr 0.004996 | seq 16
  [aml] step 200/240 | loss 4.2013 (avg 3.3076) | lr 0.004996 | seq 16
  [aml] step 210/240 | loss 3.9904 (avg 3.3323) | lr 0.004996 | seq 16
  [aml] step 220/240 | loss 3.6281 (avg 3.3380) | lr 0.004996 | seq 16
  [aml] step 230/240 | loss 2.0240 (avg 3.3186) | lr 0.004996 | seq 16
[aml] training complete: 240 steps, avg loss 3.3069 (memory freed)
  [aml] step 0/240 | loss 2.5155 (avg 2.5155) | lr 0.004996 | seq 32
  [aml] step 10/240 | loss 1.5204 (avg 2.6961) | lr 0.004996 | seq 32
  [aml] step 20/240 | loss 4.1127 (avg 2.8860) | lr 0.004996 | seq 32
  [aml] step 30/240 | loss 1.1412 (avg 2.7852) | lr 0.004996 | seq 32
  [aml] step 40/240 | loss 4.0828 (avg 2.8072) | lr 0.004996 | seq 32
  [aml] step 50/240 | loss 1.7049 (avg 2.7473) | lr 0.004995 | seq 32
  [aml] step 60/240 | loss 0.8977 (avg 2.7952) | lr 0.004995 | seq 32
  [aml] step 70/240 | loss 0.8487 (avg 2.7048) | lr 0.004995 | seq 32
  [aml] step 80/240 | loss 4.6704 (avg 2.7052) | lr 0.004995 | seq 32
  [aml] step 90/240 | loss 4.1834 (avg 2.6829) | lr 0.004995 | seq 32
  [aml] step 100/240 | loss 3.5510 (avg 2.7419) | lr 0.004995 | seq 32
  [aml] step 110/240 | loss 1.5282 (avg 2.6565) | lr 0.004995 | seq 32
  [aml] step 120/240 | loss 3.8086 (avg 2.6551) | lr 0.004995 | seq 32
  [aml] step 130/240 | loss 0.9228 (avg 2.5764) | lr 0.004995 | seq 32
  [aml] step 140/240 | loss 4.2308 (avg 2.6478) | lr 0.004995 | seq 32
  [aml] step 150/240 | loss 1.3405 (avg 2.6222) | lr 0.004995 | seq 32
  [aml] step 160/240 | loss 3.8824 (avg 2.5978) | lr 0.004994 | seq 32
  [aml] step 170/240 | loss 1.3565 (avg 2.6020) | lr 0.004994 | seq 32
  [aml] step 180/240 | loss 1.0854 (avg 2.6239) | lr 0.004994 | seq 32
  [aml] step 190/240 | loss 2.2712 (avg 2.6138) | lr 0.004994 | seq 32
  [aml] step 200/240 | loss 0.9198 (avg 2.6022) | lr 0.004994 | seq 32
  [aml] step 210/240 | loss 0.7146 (avg 2.5973) | lr 0.004994 | seq 32
  [aml] step 220/240 | loss 1.2828 (avg 2.5919) | lr 0.004994 | seq 32
  [aml] step 230/240 | loss 3.7239 (avg 2.6052) | lr 0.004994 | seq 32
[aml] training complete: 240 steps, avg loss 2.5687 (memory freed)

[stage 1 — infant] What it sounds like now:
  Q: Hello.
  A: They are the surface remove. Stability is a pulverized in sediment on the sim accumulate.
  Q: Who are you?
  A: ...
  Q: What do you know?
  A: — moved it is an interlock?

[growth] ONTOGENESIS: stage 1 -> 2
  embd: 32 -> 64, layer: 1 -> 2, head: 2 -> 4
[growth] Done. Freeze for 500 steps.
[init] Stage 2 (child): embd=64, layer=2, head=4 — warmup 800 steps (800 backprop + 0 notorch, sqrt-scaled 2x)
  [aml] step 0/320 | loss 5.3893 (avg 5.3893) | lr 0.000250 | seq 8
  [aml] step 10/320 | loss 2.6153 (avg 3.7733) | lr 0.000363 | seq 8
  [aml] step 20/320 | loss 5.4184 (avg 3.8203) | lr 0.000475 | seq 8
  [aml] step 30/320 | loss 2.3906 (avg 3.6490) | lr 0.000588 | seq 8
  [aml] step 40/320 | loss 4.2124 (avg 3.7004) | lr 0.000700 | seq 8
  [aml] step 50/320 | loss 5.0030 (avg 3.5478) | lr 0.000813 | seq 8
  [aml] step 60/320 | loss 4.4595 (avg 3.5360) | lr 0.000925 | seq 8
  [aml] step 70/320 | loss 0.1213 (avg 3.4919) | lr 0.001038 | seq 8
  [aml] step 80/320 | loss 3.6176 (avg 3.4876) | lr 0.001150 | seq 8
  [aml] step 90/320 | loss 4.2187 (avg 3.4737) | lr 0.001263 | seq 8
  [aml] step 100/320 | loss 2.6321 (avg 3.4411) | lr 0.001375 | seq 8
  [aml] step 110/320 | loss 3.3426 (avg 3.4346) | lr 0.001488 | seq 8
  [aml] step 120/320 | loss 3.9772 (avg 3.4570) | lr 0.001600 | seq 8
  [aml] step 130/320 | loss 4.1626 (avg 3.4831) | lr 0.001713 | seq 8
  [aml] step 140/320 | loss 2.5965 (avg 3.4224) | lr 0.001825 | seq 8
  [aml] step 150/320 | loss 3.2151 (avg 3.3923) | lr 0.001938 | seq 8
  [aml] step 160/320 | loss 2.5976 (avg 3.3909) | lr 0.002050 | seq 8
  [aml] step 170/320 | loss 4.0304 (avg 3.4002) | lr 0.002163 | seq 8
  [aml] step 180/320 | loss 4.1865 (avg 3.3975) | lr 0.002275 | seq 8
  [aml] step 190/320 | loss 5.6554 (avg 3.3877) | lr 0.002387 | seq 8
  [aml] step 200/320 | loss 3.9614 (avg 3.3846) | lr 0.002496 | seq 8
  [aml] step 210/320 | loss 4.7608 (avg 3.3555) | lr 0.002496 | seq 8
  [aml] step 220/320 | loss 1.1024 (avg 3.3225) | lr 0.002496 | seq 8
  [aml] step 230/320 | loss 4.4739 (avg 3.3382) | lr 0.002495 | seq 8
  [aml] step 240/320 | loss 3.9676 (avg 3.3725) | lr 0.002495 | seq 8
  [aml] step 250/320 | loss 3.9199 (avg 3.3834) | lr 0.002495 | seq 8
  [aml] step 260/320 | loss 0.1960 (avg 3.3513) | lr 0.002495 | seq 8
  [aml] step 270/320 | loss 2.2983 (avg 3.3521) | lr 0.002495 | seq 8
  [aml] step 280/320 | loss 3.4319 (avg 3.3581) | lr 0.002495 | seq 8
  [aml] step 290/320 | loss 1.2012 (avg 3.3043) | lr 0.002495 | seq 8
  [aml] step 300/320 | loss 0.5662 (avg 3.2798) | lr 0.002495 | seq 8
  [aml] step 310/320 | loss 4.0780 (avg 3.2973) | lr 0.002495 | seq 8
[aml] training complete: 320 steps, avg loss 3.2932 (memory freed)
  [aml] step 0/240 | loss 3.5274 (avg 3.5274) | lr 0.002495 | seq 16
  [aml] step 10/240 | loss 1.1754 (avg 2.6741) | lr 0.002495 | seq 16
  [aml] step 20/240 | loss 1.1356 (avg 3.0640) | lr 0.002495 | seq 16
  [aml] step 30/240 | loss 2.5052 (avg 3.0246) | lr 0.002495 | seq 16
  [aml] step 40/240 | loss 3.9685 (avg 3.0904) | lr 0.002495 | seq 16
  [aml] step 50/240 | loss 4.5280 (avg 3.1990) | lr 0.002495 | seq 16
  [aml] step 60/240 | loss 1.8260 (avg 3.2918) | lr 0.002494 | seq 16
  [aml] step 70/240 | loss 4.6915 (avg 3.3446) | lr 0.002494 | seq 16
  [aml] step 80/240 | loss 4.5776 (avg 3.2717) | lr 0.002494 | seq 16
  [aml] step 90/240 | loss 3.1280 (avg 3.1831) | lr 0.002494 | seq 16
  [aml] step 100/240 | loss 2.5837 (avg 3.2159) | lr 0.002494 | seq 16
  [aml] step 110/240 | loss 1.9335 (avg 3.1470) | lr 0.002494 | seq 16
  [aml] step 120/240 | loss 4.5865 (avg 3.0903) | lr 0.002494 | seq 16
  [aml] step 130/240 | loss 2.7848 (avg 3.1010) | lr 0.002494 | seq 16
  [aml] step 140/240 | loss 4.1924 (avg 3.1345) | lr 0.002494 | seq 16
  [aml] step 150/240 | loss 4.0751 (avg 3.1312) | lr 0.002494 | seq 16
  [aml] step 160/240 | loss 1.0613 (avg 3.0946) | lr 0.002494 | seq 16
  [aml] step 170/240 | loss 1.2739 (avg 3.0896) | lr 0.002494 | seq 16
  [aml] step 180/240 | loss 1.9555 (avg 3.0483) | lr 0.002494 | seq 16
  [aml] step 190/240 | loss 5.0149 (avg 3.0729) | lr 0.002494 | seq 16
  [aml] step 200/240 | loss 1.5153 (avg 3.0447) | lr 0.002493 | seq 16
  [aml] step 210/240 | loss 2.7624 (avg 3.0113) | lr 0.002493 | seq 16
  [aml] step 220/240 | loss 1.1539 (avg 2.9921) | lr 0.002493 | seq 16
  [aml] step 230/240 | loss 3.4477 (avg 3.0106) | lr 0.002493 | seq 16
[aml] training complete: 240 steps, avg loss 3.0036 (memory freed)
  [aml] step 0/240 | loss 3.7147 (avg 3.7147) | lr 0.002493 | seq 32
  [aml] step 10/240 | loss 0.6390 (avg 3.0508) | lr 0.002493 | seq 32
  [aml] step 20/240 | loss 4.3840 (avg 3.1355) | lr 0.002493 | seq 32
  [aml] step 30/240 | loss 4.8606 (avg 3.1387) | lr 0.002493 | seq 32
  [aml] step 40/240 | loss 1.0617 (avg 2.9495) | lr 0.002493 | seq 32
  [aml] step 50/240 | loss 1.8732 (avg 2.8945) | lr 0.002493 | seq 32
  [aml] step 60/240 | loss 4.1234 (avg 2.8495) | lr 0.002493 | seq 32
  [aml] step 70/240 | loss 2.0745 (avg 2.8768) | lr 0.002493 | seq 32
  [aml] step 80/240 | loss 3.4616 (avg 2.9058) | lr 0.002492 | seq 32
  [aml] step 90/240 | loss 2.2659 (avg 2.8960) | lr 0.002492 | seq 32
  [aml] step 100/240 | loss 0.7784 (avg 2.8093) | lr 0.002492 | seq 32
  [aml] step 110/240 | loss 4.3965 (avg 2.8668) | lr 0.002492 | seq 32
  [aml] step 120/240 | loss 3.8982 (avg 2.8188) | lr 0.002492 | seq 32
  [aml] step 130/240 | loss 3.8746 (avg 2.8016) | lr 0.002492 | seq 32
  [aml] step 140/240 | loss 3.8423 (avg 2.7859) | lr 0.002492 | seq 32
  [aml] step 150/240 | loss 4.3809 (avg 2.7958) | lr 0.002492 | seq 32
  [aml] step 160/240 | loss 4.2713 (avg 2.7479) | lr 0.002492 | seq 32
  [aml] step 170/240 | loss 0.6984 (avg 2.6880) | lr 0.002492 | seq 32
  [aml] step 180/240 | loss 1.0705 (avg 2.6519) | lr 0.002492 | seq 32
  [aml] step 190/240 | loss 0.7743 (avg 2.6348) | lr 0.002492 | seq 32
  [aml] step 200/240 | loss 3.9865 (avg 2.6207) | lr 0.002491 | seq 32
  [aml] step 210/240 | loss 3.7989 (avg 2.6216) | lr 0.002491 | seq 32
  [aml] step 220/240 | loss 0.4638 (avg 2.6181) | lr 0.002491 | seq 32
  [aml] step 230/240 | loss 1.6009 (avg 2.5925) | lr 0.002491 | seq 32
[aml] training complete: 240 steps, avg loss 2.5852 (memory freed)

[stage 2 — child] What it sounds like now:
  Q: Hello.
  A: The metaphorical. Natural space?
  Q: Who are you?
  A: ...
  Q: What do you know?
  A: ...

[init] Warmup complete at stage 2. Organism ready.
[ecology] First organism in the swarm.
molequla is alive. [evolution] Autonomous mode — background trainer running. Ctrl+C to stop.
[dna] earth wrote 145 bytes to ecology
[dna] earth wrote 109 bytes to ecology
[dna] earth wrote 24 bytes to ecology
[dna] earth wrote 45 bytes to ecology
[dna] earth wrote 100 bytes to ecology
[dna] earth wrote 84 bytes to ecology
[dna] earth wrote 64 bytes to ecology
[dna] earth wrote 28 bytes to ecology
[dna] earth wrote 83 bytes to ecology
[dna] earth wrote 60 bytes to ecology
[dna] earth wrote 135 bytes to ecology
[dna] earth wrote 49 bytes to ecology
[dna] earth wrote 36 bytes to ecology
[dna] earth wrote 244 bytes to ecology
[dna] earth wrote 60 bytes to ecology
[dna] earth wrote 30 bytes to ecology
[dna] earth wrote 54 bytes to ecology
[dna] earth wrote 93 bytes to ecology
[dna] earth wrote 68 bytes to ecology
[dna] earth wrote 184 bytes to ecology
[dna] earth wrote 60 bytes to ecology
[dna] earth wrote 227 bytes to ecology
[dna] earth wrote 104 bytes to ecology
[dna] earth wrote 28 bytes to ecology
[dna] earth wrote 50 bytes to ecology
[dna] earth wrote 67 bytes to ecology
[debug-onto] tick=50 corpus=173643 stage=2 freeze=0
[dna] earth wrote 51 bytes to ecology
[dna] earth wrote 9 bytes to ecology
[dna] earth wrote 108 bytes to ecology
[dna] earth wrote 150 bytes to ecology
[dna] earth wrote 78 bytes to ecology
[dna] earth wrote 33 bytes to ecology
[dna] earth wrote 111 bytes to ecology
[dna] earth wrote 32 bytes to ecology
[dna] earth wrote 41 bytes to ecology
[dna] earth wrote 62 bytes to ecology
[dna] earth wrote 93 bytes to ecology
[dna] earth wrote 271 bytes to ecology
[dna] earth wrote 41 bytes to ecology
[dna] earth wrote 27 bytes to ecology
[dna] earth wrote 88 bytes to ecology
[dna] earth wrote 56 bytes to ecology
[dna] earth wrote 96 bytes to ecology
[dna] earth wrote 95 bytes to ecology
[dna] earth wrote 122 bytes to ecology
[dna] earth wrote 210 bytes to ecology
[dna] earth wrote 124 bytes to ecology
[dna] earth wrote 74 bytes to ecology
[dna] earth wrote 21 bytes to ecology
[dna] earth wrote 40 bytes to ecology
[dna] earth wrote 63 bytes to ecology
[dna] earth wrote 38 bytes to ecology
[dna] earth wrote 88 bytes to ecology
[debug-onto] tick=100 corpus=173643 stage=2 freeze=0
[dna] earth wrote 55 bytes to ecology
[dna] earth wrote 45 bytes to ecology
[dna] earth wrote 64 bytes to ecology
[dna] earth wrote 70 bytes to ecology
[dna] earth wrote 36 bytes to ecology
[dna] earth wrote 54 bytes to ecology
[dna] earth wrote 29 bytes to ecology
[dna] earth wrote 177 bytes to ecology
[dna] earth wrote 97 bytes to ecology
[dna] earth wrote 104 bytes to ecology
[dna] earth wrote 63 bytes to ecology
[dna] earth wrote 38 bytes to ecology
[dna] earth wrote 57 bytes to ecology
[dna] earth wrote 48 bytes to ecology
[dna] earth wrote 136 bytes to ecology
[dna] earth wrote 146 bytes to ecology
[dna] earth wrote 115 bytes to ecology
[dna] earth wrote 43 bytes to ecology
[dna] earth wrote 56 bytes to ecology
[dna] earth wrote 37 bytes to ecology
[dna] earth wrote 69 bytes to ecology
[dna] earth wrote 151 bytes to ecology
[dna] earth wrote 36 bytes to ecology
[dna] earth wrote 34 bytes to ecology
[debug-onto] tick=150 corpus=173643 stage=2 freeze=0
[dna] earth wrote 78 bytes to ecology
[dna] earth wrote 16 bytes to ecology
[dna] earth wrote 109 bytes to ecology
[dna] earth wrote 45 bytes to ecology
[dna] earth wrote 13 bytes to ecology
[dna] earth wrote 62 bytes to ecology
[dna] earth wrote 30 bytes to ecology
[dna] earth wrote 172 bytes to ecology
[dna] earth wrote 22 bytes to ecology
[dna] earth wrote 27 bytes to ecology
[dna] earth wrote 12 bytes to ecology
[dna] earth wrote 44 bytes to ecology
[dna] earth wrote 118 bytes to ecology
[dna] earth wrote 72 bytes to ecology
[dna] earth wrote 70 bytes to ecology
[dna] earth wrote 35 bytes to ecology
[dna] earth wrote 97 bytes to ecology
[dna] earth wrote 42 bytes to ecology
[dna] earth wrote 38 bytes to ecology
[dna] earth wrote 45 bytes to ecology
[dna] earth wrote 84 bytes to ecology
[dna] earth wrote 69 bytes to ecology
[dna] earth wrote 38 bytes to ecology
[dna] earth wrote 37 bytes to ecology
[dna] earth wrote 60 bytes to ecology
[dna] earth wrote 91 bytes to ecology
[dna] earth wrote 172 bytes to ecology
[debug-onto] tick=200 corpus=173643 stage=2 freeze=0
[dna] earth wrote 117 bytes to ecology
[dna] earth wrote 118 bytes to ecology
[dna] earth wrote 12 bytes to ecology
[dna] earth wrote 117 bytes to ecology
[dna] earth wrote 25 bytes to ecology
[dna] earth wrote 87 bytes to ecology
[dna] earth wrote 114 bytes to ecology
[dna] earth wrote 76 bytes to ecology
[dna] earth wrote 71 bytes to ecology
[dna] earth wrote 25 bytes to ecology
[dna] earth wrote 238 bytes to ecology
[dna] earth wrote 67 bytes to ecology
[dna] earth wrote 84 bytes to ecology
[dna] earth wrote 25 bytes to ecology
[dna] earth wrote 144 bytes to ecology
[dna] earth wrote 59 bytes to ecology
[dna] earth wrote 146 bytes to ecology
[dna] earth wrote 63 bytes to ecology
[dna] earth wrote 47 bytes to ecology
[dna] earth wrote 66 bytes to ecology
[dna] earth wrote 18 bytes to ecology
[dna] earth wrote 63 bytes to ecology
[dna] earth wrote 25 bytes to ecology
[dna] earth wrote 10 bytes to ecology
[dna] earth wrote 27 bytes to ecology
[debug-onto] tick=250 corpus=173643 stage=2 freeze=0
[dna] earth wrote 24 bytes to ecology
[dna] earth wrote 28 bytes to ecology
[dna] earth wrote 16 bytes to ecology
[dna] earth wrote 30 bytes to ecology
[dna] earth wrote 82 bytes to ecology
[dna] earth wrote 30 bytes to ecology
[dna] earth wrote 64 bytes to ecology
[dna] earth wrote 39 bytes to ecology
[dna] earth wrote 53 bytes to ecology
[dna] earth wrote 107 bytes to ecology
[dna] earth wrote 40 bytes to ecology
[dna] earth wrote 101 bytes to ecology
[dna] earth wrote 47 bytes to ecology
[dna] earth wrote 44 bytes to ecology
[dna] earth wrote 32 bytes to ecology
[dna] earth wrote 39 bytes to ecology
[dna] earth wrote 5 bytes to ecology
[dna] earth wrote 89 bytes to ecology
[dna] earth wrote 34 bytes to ecology
[dna] earth wrote 84 bytes to ecology
[dna] earth wrote 46 bytes to ecology
[dna] earth wrote 49 bytes to ecology
[dna] earth wrote 28 bytes to ecology
[dna] earth wrote 66 bytes to ecology
[dna] earth wrote 147 bytes to ecology
[dna] earth wrote 19 bytes to ecology
[debug-onto] tick=300 corpus=173643 stage=2 freeze=0
[dna] earth wrote 121 bytes to ecology
[dna] earth wrote 103 bytes to ecology
[dna] earth wrote 33 bytes to ecology
[dna] earth wrote 29 bytes to ecology
[dna] earth wrote 45 bytes to ecology
[dna] earth wrote 85 bytes to ecology
[dna] earth wrote 72 bytes to ecology
[dna] earth wrote 83 bytes to ecology
[dna] earth wrote 66 bytes to ecology
[dna] earth wrote 108 bytes to ecology
[dna] earth wrote 71 bytes to ecology
[dna] earth wrote 55 bytes to ecology
[dna] earth wrote 177 bytes to ecology
[dna] earth wrote 92 bytes to ecology
[dna] earth wrote 29 bytes to ecology
[dna] earth wrote 232 bytes to ecology
[dna] earth wrote 91 bytes to ecology
[dna] earth wrote 55 bytes to ecology
[dna] earth wrote 53 bytes to ecology
[dna] earth wrote 38 bytes to ecology
[dna] earth wrote 178 bytes to ecology
[dna] earth wrote 64 bytes to ecology
[dna] earth wrote 145 bytes to ecology
[dna] earth wrote 116 bytes to ecology
[dna] earth wrote 104 bytes to ecology
[dna] earth wrote 44 bytes to ecology
[debug-onto] tick=350 corpus=173643 stage=2 freeze=0
[dna] earth wrote 46 bytes to ecology
[dna] earth wrote 33 bytes to ecology
[dna] earth wrote 32 bytes to ecology
[dna] earth wrote 64 bytes to ecology
[dna] earth wrote 33 bytes to ecology
[dna] earth wrote 104 bytes to ecology
[dna] earth wrote 95 bytes to ecology
[dna] earth wrote 32 bytes to ecology
[dna] earth wrote 27 bytes to ecology
[dna] earth wrote 227 bytes to ecology
[dna] earth wrote 35 bytes to ecology
[dna] earth wrote 29 bytes to ecology
[dna] earth wrote 87 bytes to ecology
[dna] earth wrote 19 bytes to ecology
[dna] earth wrote 91 bytes to ecology
[dna] earth wrote 62 bytes to ecology
[dna] earth wrote 50 bytes to ecology
[dna] earth wrote 22 bytes to ecology
[dna] earth wrote 48 bytes to ecology
[dna] earth wrote 26 bytes to ecology
[dna] earth wrote 86 bytes to ecology
[dna] earth wrote 123 bytes to ecology
[dna] earth wrote 101 bytes to ecology
[dna] earth wrote 100 bytes to ecology
[dna] earth wrote 37 bytes to ecology
[dna] earth wrote 86 bytes to ecology
[debug-onto] tick=400 corpus=173643 stage=2 freeze=0
[dna] earth wrote 29 bytes to ecology
[dna] earth wrote 28 bytes to ecology
[dna] earth wrote 67 bytes to ecology
[dna] earth wrote 33 bytes to ecology
[dna] earth wrote 110 bytes to ecology
[dna] earth wrote 32 bytes to ecology
[dna] earth wrote 64 bytes to ecology
[dna] earth wrote 56 bytes to ecology
[dna] earth wrote 145 bytes to ecology
[dna] earth wrote 51 bytes to ecology
[dna] earth wrote 39 bytes to ecology
[dna] earth wrote 58 bytes to ecology
[dna] earth wrote 85 bytes to ecology
[dna] earth wrote 34 bytes to ecology
[dna] earth wrote 42 bytes to ecology
[dna] earth wrote 42 bytes to ecology
[dna] earth wrote 105 bytes to ecology
[dna] earth wrote 135 bytes to ecology
[dna] earth wrote 29 bytes to ecology
[dna] earth wrote 20 bytes to ecology
[dna] earth wrote 56 bytes to ecology
[dna] earth wrote 56 bytes to ecology
[dna] earth wrote 29 bytes to ecology
[dna] earth wrote 98 bytes to ecology
[dna] earth wrote 103 bytes to ecology
[dna] earth wrote 93 bytes to ecology
[debug-onto] tick=450 corpus=173643 stage=2 freeze=0
[dna] earth wrote 45 bytes to ecology
[dna] earth wrote 35 bytes to ecology
[dna] earth wrote 144 bytes to ecology
[dna] earth wrote 49 bytes to ecology
[dna] earth wrote 26 bytes to ecology
[dna] earth wrote 201 bytes to ecology
[dna] earth wrote 7 bytes to ecology
[dna] earth wrote 205 bytes to ecology
[dna] earth wrote 21 bytes to ecology
[dna] earth wrote 95 bytes to ecology
[dna] earth wrote 37 bytes to ecology
[dna] earth wrote 41 bytes to ecology
[dna] earth wrote 123 bytes to ecology
[dna] earth wrote 53 bytes to ecology
[dna] earth wrote 92 bytes to ecology
[dna] earth wrote 78 bytes to ecology
[dna] earth wrote 15 bytes to ecology
[dna] earth wrote 17 bytes to ecology
[dna] earth wrote 50 bytes to ecology
[dna] earth wrote 28 bytes to ecology
[dna] earth wrote 150 bytes to ecology
[dna] earth wrote 94 bytes to ecology
[dna] earth wrote 146 bytes to ecology
[dna] earth wrote 94 bytes to ecology
[dna] earth wrote 115 bytes to ecology
[debug-onto] tick=500 corpus=173643 stage=2 freeze=0
[dna] earth wrote 122 bytes to ecology
[dna] earth wrote 48 bytes to ecology
[dna] earth wrote 80 bytes to ecology
[dna] earth wrote 20 bytes to ecology
[dna] earth wrote 56 bytes to ecology
[dna] earth wrote 85 bytes to ecology
[dna] earth wrote 30 bytes to ecology
[dna] earth wrote 167 bytes to ecology
[dna] earth wrote 42 bytes to ecology
[dna] earth wrote 210 bytes to ecology
[dna] earth wrote 72 bytes to ecology
[dna] earth wrote 104 bytes to ecology
[dna] earth wrote 56 bytes to ecology
[dna] earth wrote 229 bytes to ecology
[dna] earth wrote 157 bytes to ecology
[dna] earth wrote 115 bytes to ecology
[dna] earth wrote 34 bytes to ecology
[dna] earth wrote 41 bytes to ecology
[dna] earth wrote 30 bytes to ecology
[dna] earth wrote 76 bytes to ecology
[dna] earth wrote 30 bytes to ecology
[dna] earth wrote 7 bytes to ecology
[dna] earth wrote 66 bytes to ecology
[dna] earth wrote 104 bytes to ecology
[dna] earth wrote 189 bytes to ecology
[dna] earth wrote 43 bytes to ecology
[dna] earth wrote 36 bytes to ecology
[debug-onto] tick=550 corpus=173643 stage=2 freeze=0
[dna] earth wrote 65 bytes to ecology
[dna] earth wrote 61 bytes to ecology
[dna] earth wrote 32 bytes to ecology
[dna] earth wrote 88 bytes to ecology
[dna] earth wrote 85 bytes to ecology
[dna] earth wrote 33 bytes to ecology
[dna] earth wrote 108 bytes to ecology
[dna] earth wrote 41 bytes to ecology
[dna] earth wrote 74 bytes to ecology
[dna] earth wrote 52 bytes to ecology
[dna] earth wrote 114 bytes to ecology
[dna] earth wrote 58 bytes to ecology
[dna] earth wrote 12 bytes to ecology
[dna] earth wrote 118 bytes to ecology
[dna] earth wrote 106 bytes to ecology
[dna] earth wrote 19 bytes to ecology
[dna] earth wrote 43 bytes to ecology
[dna] earth wrote 151 bytes to ecology
[dna] earth wrote 95 bytes to ecology
[dna] earth wrote 167 bytes to ecology
[dna] earth wrote 54 bytes to ecology
[dna] earth wrote 195 bytes to ecology
[dna] earth wrote 54 bytes to ecology
[dna] earth wrote 36 bytes to ecology
[dna] earth wrote 39 bytes to ecology
[dna] earth wrote 56 bytes to ecology
[debug-onto] tick=600 corpus=173643 stage=2 freeze=0
[dna] earth wrote 33 bytes to ecology
[dna] earth wrote 39 bytes to ecology
[dna] earth wrote 70 bytes to ecology
[dna] earth wrote 49 bytes to ecology
[dna] earth wrote 120 bytes to ecology
[dna] earth wrote 18 bytes to ecology
[dna] earth wrote 49 bytes to ecology
[dna] earth wrote 77 bytes to ecology
[dna] earth wrote 209 bytes to ecology
[dna] earth wrote 104 bytes to ecology
[dna] earth wrote 21 bytes to ecology
[dna] earth wrote 99 bytes to ecology
[dna] earth wrote 67 bytes to ecology
[dna] earth wrote 64 bytes to ecology
[dna] earth wrote 25 bytes to ecology
[dna] earth wrote 51 bytes to ecology
[dna] earth wrote 99 bytes to ecology
[dna] earth wrote 234 bytes to ecology
[dna] earth wrote 51 bytes to ecology
[dna] earth wrote 25 bytes to ecology
[dna] earth wrote 9 bytes to ecology
[dna] earth wrote 66 bytes to ecology
[dna] earth wrote 193 bytes to ecology
[dna] earth wrote 129 bytes to ecology
[debug-onto] tick=650 corpus=173643 stage=2 freeze=0
[dna] earth wrote 94 bytes to ecology
[dna] earth wrote 94 bytes to ecology
[dna] earth wrote 35 bytes to ecology
[dna] earth wrote 56 bytes to ecology
[dna] earth wrote 32 bytes to ecology
[dna] earth wrote 39 bytes to ecology
[dna] earth wrote 68 bytes to ecology
[dna] earth wrote 17 bytes to ecology
[dna] earth wrote 39 bytes to ecology
[dna] earth wrote 110 bytes to ecology
[dna] earth wrote 51 bytes to ecology
[dna] earth wrote 49 bytes to ecology
[dna] earth wrote 90 bytes to ecology
[dna] earth wrote 85 bytes to ecology
[dna] earth wrote 59 bytes to ecology
[dna] earth wrote 31 bytes to ecology
[dna] earth wrote 16 bytes to ecology
[dna] earth wrote 127 bytes to ecology
[dna] earth wrote 26 bytes to ecology
[dna] earth wrote 34 bytes to ecology
[dna] earth wrote 116 bytes to ecology

[evolution] Organism shutting down gracefully.
