[ecology] Element: water → corpus: nonames_water.txt
[evolution] Autonomous evolution mode — organism will grow through all stages without pause.
[ecology] Joined swarm. 1 peer(s) detected.
molequla is alive. [evolution] Autonomous mode — background trainer running. Ctrl+C to stop.
[dna] water wrote 159 bytes to ecology
[dna] water consumed 14155 bytes from 212 files: [air/gen_1777532555_1.txt air/gen_1777532573_4.txt air/gen_1777532581_7.txt air/gen_1777532590_10.txt air/gen_1777532598_13.txt air/gen_1777532607_16.txt air/gen_1777532615_19.txt air/gen_1777532623_22.txt air/gen_1777532631_25.txt air/gen_1777532640_28.txt air/gen_1777532648_31.txt air/gen_1777532656_34.txt air/gen_1777532664_37.txt air/gen_1777532672_40.txt air/gen_1777532680_43.txt air/gen_1777532688_46.txt air/gen_1777532697_49.txt air/gen_1777532705_52.txt air/gen_1777532713_55.txt air/gen_1777532721_58.txt air/gen_1777532729_61.txt air/gen_1777532738_64.txt air/gen_1777532746_67.txt air/gen_1777532754_70.txt air/gen_1777532762_73.txt air/gen_1777532771_76.txt air/gen_1777532779_79.txt air/gen_1777532787_82.txt air/gen_1777532795_85.txt air/gen_1777532804_88.txt air/gen_1777532812_91.txt air/gen_1777532820_94.txt air/gen_1777532837_100.txt air/gen_1777532845_103.txt air/gen_1777532853_106.txt air/gen_1777532862_109.txt air/gen_1777532870_112.txt air/gen_1777532878_115.txt air/gen_1777532887_118.txt air/gen_1777532895_121.txt air/gen_1777532903_124.txt air/gen_1777532912_127.txt air/gen_1777532920_130.txt air/gen_1777532928_133.txt air/gen_1777532937_136.txt air/gen_1777532945_139.txt air/gen_1777532954_142.txt air/gen_1777532962_145.txt air/gen_1777532971_148.txt air/gen_1777532979_151.txt air/gen_1777532987_154.txt air/gen_1777532996_157.txt air/gen_1777533004_160.txt air/gen_1777533012_163.txt air/gen_1777533021_166.txt air/gen_1777533029_169.txt air/gen_1777533038_172.txt air/gen_1777533046_175.txt air/gen_1777533055_178.txt air/gen_1777533063_181.txt air/gen_1777533072_184.txt air/gen_1777533080_187.txt air/gen_1777533089_190.txt air/gen_1777533097_193.txt air/gen_1777533106_196.txt air/gen_1777533114_199.txt air/gen_1777533123_202.txt air/gen_1777533131_205.txt air/gen_1777533140_208.txt air/gen_1777533149_211.txt air/gen_1777533157_214.txt air/gen_1777533166_217.txt air/gen_1777533174_220.txt air/gen_1777533183_223.txt air/gen_1777533191_226.txt air/gen_1777533200_229.txt air/gen_1777533208_232.txt air/gen_1777533217_235.txt air/gen_1777533225_238.txt air/gen_1777533234_241.txt air/gen_1777533242_244.txt air/gen_1777533250_247.txt air/gen_1777533259_250.txt air/gen_1777533267_253.txt air/gen_1777533275_256.txt air/gen_1777533284_259.txt air/gen_1777533292_262.txt air/gen_1777533301_265.txt air/gen_1777533309_268.txt air/gen_1777533318_271.txt air/gen_1777533326_274.txt air/gen_1777533335_277.txt air/gen_1777533343_280.txt air/gen_1777533352_283.txt air/gen_1777533360_286.txt air/gen_1777533369_289.txt air/gen_1777533377_292.txt air/gen_1777533386_295.txt air/gen_1777533394_298.txt air/gen_1777533403_301.txt air/gen_1777533411_304.txt air/gen_1777533419_307.txt air/gen_1777533428_310.txt air/gen_1777533436_313.txt air/gen_1777533445_316.txt air/gen_1777533453_319.txt air/gen_1777533462_322.txt air/gen_1777533470_325.txt air/gen_1777533478_328.txt air/gen_1777533487_331.txt air/gen_1777533495_334.txt air/gen_1777533504_337.txt air/gen_1777533512_340.txt air/gen_1777533520_343.txt air/gen_1777533529_346.txt air/gen_1777533537_349.txt air/gen_1777533546_352.txt air/gen_1777533555_355.txt air/gen_1777533563_358.txt air/gen_1777533572_361.txt air/gen_1777533581_364.txt air/gen_1777533589_367.txt air/gen_1777533598_370.txt air/gen_1777533607_373.txt air/gen_1777533616_376.txt air/gen_1777533624_379.txt air/gen_1777533633_382.txt air/gen_1777533642_385.txt air/gen_1777533650_388.txt air/gen_1777533659_391.txt air/gen_1777533668_394.txt air/gen_1777533677_397.txt air/gen_1777533685_400.txt air/gen_1777533694_403.txt air/gen_1777533702_406.txt air/gen_1777533711_409.txt air/gen_1777533719_412.txt air/gen_1777533728_415.txt air/gen_1777533737_418.txt air/gen_1777533745_421.txt air/gen_1777533754_424.txt air/gen_1777533762_427.txt air/gen_1777533771_430.txt air/gen_1777533779_433.txt air/gen_1777533787_436.txt air/gen_1777533796_439.txt air/gen_1777533804_442.txt air/gen_1777533813_445.txt air/gen_1777533821_448.txt air/gen_1777533829_451.txt air/gen_1777533838_454.txt air/gen_1777533846_457.txt air/gen_1777533854_460.txt air/gen_1777533863_463.txt air/gen_1777533871_466.txt air/gen_1777533880_469.txt air/gen_1777533888_472.txt air/gen_1777533896_475.txt air/gen_1777533905_478.txt air/gen_1777533913_481.txt air/gen_1777533921_484.txt air/gen_1777533929_487.txt air/gen_1777533938_490.txt air/gen_1777533946_493.txt air/gen_1777533955_496.txt air/gen_1777533963_499.txt air/gen_1777533971_502.txt air/gen_1777533980_505.txt air/gen_1777533988_508.txt air/gen_1777533997_511.txt air/gen_1777534005_514.txt air/gen_1777534013_517.txt air/gen_1777534021_520.txt air/gen_1777534030_523.txt air/gen_1777534038_526.txt air/gen_1777534046_529.txt air/gen_1777534055_532.txt air/gen_1777534063_535.txt air/gen_1777534071_538.txt air/gen_1777534079_541.txt air/gen_1777534088_544.txt air/gen_1777534096_547.txt air/gen_1777534104_550.txt air/gen_1777534113_553.txt air/gen_1777534121_556.txt air/gen_1777534129_559.txt air/gen_1777534138_562.txt air/gen_1777534146_565.txt air/gen_1777534154_568.txt air/gen_1777534163_571.txt air/gen_1777534171_574.txt air/gen_1777534179_577.txt air/gen_1777534187_580.txt air/gen_1777534196_583.txt air/gen_1777534204_586.txt air/gen_1777534212_589.txt air/gen_1777534221_592.txt air/gen_1777534229_595.txt air/gen_1777534237_598.txt air/gen_1777534246_601.txt air/gen_1777534254_604.txt air/gen_1777534262_607.txt air/gen_1777534271_610.txt air/gen_1777534279_613.txt air/gen_1777534288_616.txt air/gen_1777534296_619.txt air/gen_1777534305_622.txt air/gen_1777534313_625.txt air/gen_1777534321_628.txt air/gen_1777534330_631.txt air/gen_1777534338_634.txt air/gen_1777534346_637.txt]
[trainer] micro-train burst (14155 bytes, novelty 0.05) — and lo, it feeds again.
[syntropy] action=explore | trend=0.0000 | field_dev=-0.043 | purpose_align=0.068 | lr_mul=1.30
[aml] burst complete: 32 steps, avg loss 1.6747 (memory freed)
[dna] water wrote 51 bytes to ecology
[dna] water wrote 46 bytes to ecology
[dna] water wrote 96 bytes to ecology
[dna] water wrote 84 bytes to ecology
[dna] water wrote 59 bytes to ecology
[dna] water wrote 39 bytes to ecology
[dna] water wrote 133 bytes to ecology
[dna] water wrote 95 bytes to ecology
[dna] water wrote 74 bytes to ecology
[dna] water wrote 56 bytes to ecology
[dna] water wrote 57 bytes to ecology
[dna] water wrote 59 bytes to ecology
[dna] water wrote 39 bytes to ecology
[dna] water wrote 13 bytes to ecology
[dna] water wrote 114 bytes to ecology
[dna] water wrote 40 bytes to ecology
[debug-onto] tick=50 corpus=140064 stage=2 freeze=0
[dna] water wrote 49 bytes to ecology
[dna] water wrote 49 bytes to ecology
[dna] water wrote 75 bytes to ecology
[dna] water wrote 50 bytes to ecology
[dna] water wrote 48 bytes to ecology
[dna] water wrote 109 bytes to ecology
[dna] water wrote 55 bytes to ecology
[dna] water wrote 81 bytes to ecology
[dna] water wrote 147 bytes to ecology
[dna] water wrote 63 bytes to ecology
[dna] water wrote 107 bytes to ecology
[dna] water wrote 42 bytes to ecology
[dna] water wrote 49 bytes to ecology
[dna] water wrote 133 bytes to ecology
[dna] water wrote 44 bytes to ecology
[dna] water wrote 43 bytes to ecology
[dna] water wrote 134 bytes to ecology
[debug-onto] tick=100 corpus=140064 stage=2 freeze=0
[dna] water wrote 76 bytes to ecology
[dna] water wrote 89 bytes to ecology
[dna] water wrote 35 bytes to ecology
[dna] water wrote 26 bytes to ecology
[dna] water wrote 108 bytes to ecology
[dna] water wrote 60 bytes to ecology
[dna] water wrote 101 bytes to ecology
[dna] water wrote 47 bytes to ecology
[dna] water wrote 57 bytes to ecology
[dna] water wrote 30 bytes to ecology
[dna] water wrote 29 bytes to ecology
[dna] water wrote 59 bytes to ecology
[dna] water wrote 32 bytes to ecology
[dna] water wrote 97 bytes to ecology
[dna] water wrote 34 bytes to ecology
[dna] water wrote 36 bytes to ecology
[debug-onto] tick=150 corpus=140064 stage=2 freeze=0
[dna] water wrote 78 bytes to ecology
[dna] water wrote 58 bytes to ecology
[dna] water wrote 81 bytes to ecology
[dna] water wrote 113 bytes to ecology
[dna] water wrote 138 bytes to ecology
[dna] water wrote 64 bytes to ecology
[dna] water wrote 89 bytes to ecology
[dna] water wrote 54 bytes to ecology
[dna] water wrote 117 bytes to ecology
[dna] water wrote 20 bytes to ecology
[dna] water wrote 50 bytes to ecology
[dna] water wrote 39 bytes to ecology
[dna] water wrote 68 bytes to ecology
[dna] water wrote 47 bytes to ecology
[dna] water wrote 125 bytes to ecology
[dna] water wrote 68 bytes to ecology
[dna] water wrote 186 bytes to ecology
[debug-onto] tick=200 corpus=140064 stage=2 freeze=0
[dna] water wrote 50 bytes to ecology
[dna] water wrote 79 bytes to ecology
[dna] water wrote 64 bytes to ecology
[dna] water wrote 62 bytes to ecology
[dna] water wrote 251 bytes to ecology
[dna] water wrote 28 bytes to ecology
[dna] water wrote 46 bytes to ecology
[dna] water wrote 64 bytes to ecology
[dna] water wrote 46 bytes to ecology
[dna] water wrote 40 bytes to ecology
[dna] water wrote 55 bytes to ecology
[dna] water wrote 54 bytes to ecology
[dna] water wrote 61 bytes to ecology
[dna] water wrote 48 bytes to ecology
[dna] water wrote 61 bytes to ecology
[dna] water wrote 81 bytes to ecology
[dna] water wrote 46 bytes to ecology
[debug-onto] tick=250 corpus=140064 stage=2 freeze=0
[dna] water wrote 33 bytes to ecology
[dna] water wrote 56 bytes to ecology
[dna] water wrote 169 bytes to ecology
[dna] water wrote 74 bytes to ecology
[dna] water wrote 67 bytes to ecology
[dna] water wrote 84 bytes to ecology
[dna] water wrote 50 bytes to ecology
[dna] water wrote 36 bytes to ecology
[dna] water wrote 27 bytes to ecology
[dna] water wrote 177 bytes to ecology
[dna] water wrote 139 bytes to ecology
[dna] water wrote 17 bytes to ecology
[dna] water wrote 47 bytes to ecology
[dna] water wrote 46 bytes to ecology
[dna] water wrote 64 bytes to ecology
[dna] water wrote 41 bytes to ecology
[debug-onto] tick=300 corpus=140064 stage=2 freeze=0
[dna] water wrote 46 bytes to ecology
[dna] water wrote 58 bytes to ecology
[dna] water wrote 34 bytes to ecology
[dna] water wrote 97 bytes to ecology
[dna] water wrote 44 bytes to ecology
[dna] water wrote 57 bytes to ecology
[dna] water wrote 37 bytes to ecology
[dna] water wrote 48 bytes to ecology
[dna] water wrote 44 bytes to ecology
[dna] water wrote 91 bytes to ecology
[dna] water wrote 114 bytes to ecology
[dna] water wrote 61 bytes to ecology
[dna] water wrote 83 bytes to ecology
[dna] water wrote 41 bytes to ecology
[dna] water wrote 96 bytes to ecology
[dna] water wrote 35 bytes to ecology
[dna] water wrote 119 bytes to ecology
[debug-onto] tick=350 corpus=140064 stage=2 freeze=0
[dna] water wrote 135 bytes to ecology
[dna] water wrote 72 bytes to ecology
[dna] water wrote 65 bytes to ecology
[dna] water wrote 80 bytes to ecology
[dna] water wrote 54 bytes to ecology
[dna] water wrote 50 bytes to ecology
[dna] water wrote 7 bytes to ecology
[dna] water wrote 31 bytes to ecology
[dna] water wrote 50 bytes to ecology
[dna] water wrote 62 bytes to ecology
[dna] water wrote 35 bytes to ecology
[dna] water wrote 79 bytes to ecology
[dna] water wrote 52 bytes to ecology
[dna] water wrote 78 bytes to ecology
[dna] water wrote 32 bytes to ecology
[dna] water wrote 167 bytes to ecology
[dna] water wrote 11 bytes to ecology
[debug-onto] tick=400 corpus=140064 stage=2 freeze=0
[dna] water wrote 25 bytes to ecology
[dna] water wrote 57 bytes to ecology
[dna] water wrote 170 bytes to ecology
[dna] water wrote 84 bytes to ecology
[dna] water wrote 26 bytes to ecology
[dna] water wrote 67 bytes to ecology
[dna] water wrote 29 bytes to ecology
[dna] water wrote 119 bytes to ecology
[dna] water wrote 36 bytes to ecology
[dna] water wrote 10 bytes to ecology
[dna] water wrote 119 bytes to ecology
[dna] water wrote 106 bytes to ecology
[dna] water wrote 120 bytes to ecology
[dna] water wrote 61 bytes to ecology
[dna] water wrote 37 bytes to ecology
[dna] water wrote 18 bytes to ecology
[debug-onto] tick=450 corpus=140064 stage=2 freeze=0
[dna] water wrote 49 bytes to ecology
[dna] water wrote 40 bytes to ecology
[dna] water wrote 35 bytes to ecology
[dna] water wrote 28 bytes to ecology
[dna] water wrote 54 bytes to ecology
[dna] water wrote 90 bytes to ecology
[dna] water wrote 56 bytes to ecology
[dna] water wrote 60 bytes to ecology
[dna] water wrote 55 bytes to ecology
[dna] water wrote 57 bytes to ecology
[dna] water wrote 45 bytes to ecology
[dna] water wrote 114 bytes to ecology
[dna] water wrote 57 bytes to ecology
[dna] water wrote 28 bytes to ecology
[dna] water wrote 30 bytes to ecology
[dna] water wrote 31 bytes to ecology
[dna] water wrote 79 bytes to ecology
[debug-onto] tick=500 corpus=140064 stage=2 freeze=0
[dna] water wrote 27 bytes to ecology
[dna] water wrote 40 bytes to ecology
[dna] water wrote 89 bytes to ecology
[dna] water wrote 41 bytes to ecology
[dna] water wrote 45 bytes to ecology
[dna] water wrote 111 bytes to ecology
[dna] water wrote 13 bytes to ecology
[dna] water wrote 65 bytes to ecology
[dna] water wrote 41 bytes to ecology
[dna] water wrote 50 bytes to ecology
[dna] water wrote 37 bytes to ecology
[dna] water wrote 84 bytes to ecology
[dna] water wrote 28 bytes to ecology
[dna] water wrote 41 bytes to ecology
[dna] water wrote 18 bytes to ecology
[dna] water wrote 57 bytes to ecology
[dna] water wrote 144 bytes to ecology
[debug-onto] tick=550 corpus=140064 stage=2 freeze=0
[dna] water wrote 98 bytes to ecology
[dna] water wrote 37 bytes to ecology
[dna] water wrote 126 bytes to ecology
[dna] water wrote 71 bytes to ecology
[dna] water wrote 32 bytes to ecology
[dna] water wrote 151 bytes to ecology
[dna] water wrote 73 bytes to ecology
[dna] water wrote 109 bytes to ecology
[dna] water wrote 30 bytes to ecology
[dna] water wrote 133 bytes to ecology
[dna] water wrote 54 bytes to ecology
[dna] water wrote 9 bytes to ecology
[dna] water wrote 114 bytes to ecology
[dna] water wrote 86 bytes to ecology
[dna] water wrote 68 bytes to ecology
[dna] water wrote 46 bytes to ecology
[debug-onto] tick=600 corpus=140064 stage=2 freeze=0
[dna] water wrote 29 bytes to ecology
[dna] water wrote 69 bytes to ecology
[dna] water wrote 161 bytes to ecology
[dna] water wrote 60 bytes to ecology
[dna] water wrote 79 bytes to ecology
[dna] water wrote 164 bytes to ecology
[dna] water wrote 63 bytes to ecology
[dna] water wrote 62 bytes to ecology
[dna] water wrote 30 bytes to ecology
[dna] water wrote 91 bytes to ecology
[dna] water wrote 71 bytes to ecology
[dna] water wrote 36 bytes to ecology
[dna] water wrote 23 bytes to ecology
[dna] water wrote 158 bytes to ecology
[dna] water wrote 72 bytes to ecology
[dna] water wrote 33 bytes to ecology
[dna] water wrote 49 bytes to ecology
[debug-onto] tick=650 corpus=140064 stage=2 freeze=0
[dna] water wrote 25 bytes to ecology

[evolution] Organism shutting down gracefully.
