[ecology] Element: air → corpus: nonames_air.txt
[evolution] Autonomous evolution mode — organism will grow through all stages without pause.
[ecology] Joined swarm. 1 peer(s) detected.
molequla is alive. [evolution] Autonomous mode — background trainer running. Ctrl+C to stop.
[dna] air wrote 64 bytes to ecology
[dna] air consumed 16653 bytes from 226 files: [earth/gen_1775713961_1.txt earth/gen_1775713969_4.txt earth/gen_1775713977_7.txt earth/gen_1775713985_10.txt earth/gen_1775713993_13.txt earth/gen_1775714001_16.txt earth/gen_1775714009_19.txt earth/gen_1775714017_22.txt earth/gen_1775714024_25.txt earth/gen_1775714032_28.txt earth/gen_1775714040_31.txt earth/gen_1775714048_34.txt earth/gen_1775714056_37.txt earth/gen_1775714064_40.txt earth/gen_1775714072_43.txt earth/gen_1775714080_46.txt earth/gen_1775714088_49.txt earth/gen_1775714096_52.txt earth/gen_1775714104_55.txt earth/gen_1775714112_58.txt earth/gen_1775714120_61.txt earth/gen_1775714128_64.txt earth/gen_1775714136_67.txt earth/gen_1775714143_70.txt earth/gen_1775714151_73.txt earth/gen_1775714159_76.txt earth/gen_1775714167_79.txt earth/gen_1775714175_82.txt earth/gen_1775714183_85.txt earth/gen_1775714191_88.txt earth/gen_1775714199_91.txt earth/gen_1775714206_94.txt earth/gen_1775714214_97.txt earth/gen_1775714222_100.txt earth/gen_1775714230_103.txt earth/gen_1775714238_106.txt earth/gen_1775714245_109.txt earth/gen_1775714253_112.txt earth/gen_1775714261_115.txt earth/gen_1775714269_118.txt earth/gen_1775714276_121.txt earth/gen_1775714284_124.txt earth/gen_1775714292_127.txt earth/gen_1775714300_130.txt earth/gen_1775714308_133.txt earth/gen_1775714315_136.txt earth/gen_1775714323_139.txt earth/gen_1775714331_142.txt earth/gen_1775714339_145.txt earth/gen_1775714347_148.txt earth/gen_1775714355_151.txt earth/gen_1775714362_154.txt earth/gen_1775714370_157.txt earth/gen_1775714378_160.txt earth/gen_1775714386_163.txt earth/gen_1775714394_166.txt earth/gen_1775714402_169.txt earth/gen_1775714409_172.txt earth/gen_1775714417_175.txt earth/gen_1775714425_178.txt earth/gen_1775714433_181.txt earth/gen_1775714441_184.txt earth/gen_1775714449_187.txt earth/gen_1775714457_190.txt earth/gen_1775714465_193.txt earth/gen_1775714472_196.txt earth/gen_1775714480_199.txt earth/gen_1775714488_202.txt earth/gen_1775714496_205.txt earth/gen_1775714504_208.txt earth/gen_1775714512_211.txt earth/gen_1775714519_214.txt earth/gen_1775714527_217.txt earth/gen_1775714535_220.txt earth/gen_1775714543_223.txt earth/gen_1775714551_226.txt earth/gen_1775714559_229.txt earth/gen_1775714566_232.txt earth/gen_1775714574_235.txt earth/gen_1775714582_238.txt earth/gen_1775714590_241.txt earth/gen_1775714598_244.txt earth/gen_1775714605_247.txt earth/gen_1775714613_250.txt earth/gen_1775714621_253.txt earth/gen_1775714629_256.txt earth/gen_1775714637_259.txt earth/gen_1775714645_262.txt earth/gen_1775714653_265.txt earth/gen_1775714661_268.txt earth/gen_1775714669_271.txt earth/gen_1775714677_274.txt earth/gen_1775714684_277.txt earth/gen_1775714692_280.txt earth/gen_1775714700_283.txt earth/gen_1775714708_286.txt earth/gen_1775714716_289.txt earth/gen_1775714724_292.txt earth/gen_1775714732_295.txt earth/gen_1775714739_298.txt earth/gen_1775714747_301.txt earth/gen_1775714755_304.txt earth/gen_1775714763_307.txt earth/gen_1775714771_310.txt earth/gen_1775714779_313.txt earth/gen_1775714787_316.txt earth/gen_1775714794_319.txt earth/gen_1775714802_322.txt earth/gen_1775714810_325.txt earth/gen_1775714818_328.txt earth/gen_1775714826_331.txt earth/gen_1775714834_334.txt earth/gen_1775714841_337.txt earth/gen_1775714849_340.txt earth/gen_1775714857_343.txt earth/gen_1775714865_346.txt earth/gen_1775714873_349.txt earth/gen_1775714880_352.txt earth/gen_1775714888_355.txt earth/gen_1775714896_358.txt earth/gen_1775714904_361.txt earth/gen_1775714912_364.txt earth/gen_1775714919_367.txt earth/gen_1775714927_370.txt earth/gen_1775714935_373.txt earth/gen_1775714943_376.txt earth/gen_1775714951_379.txt earth/gen_1775714958_382.txt earth/gen_1775714966_385.txt earth/gen_1775714974_388.txt earth/gen_1775714982_391.txt earth/gen_1775714990_394.txt earth/gen_1775714997_397.txt earth/gen_1775715005_400.txt earth/gen_1775715013_403.txt earth/gen_1775715021_406.txt earth/gen_1775715029_409.txt earth/gen_1775715037_412.txt earth/gen_1775715045_415.txt earth/gen_1775715052_418.txt earth/gen_1775715060_421.txt earth/gen_1775715068_424.txt earth/gen_1775715076_427.txt earth/gen_1775715084_430.txt earth/gen_1775715091_433.txt earth/gen_1775715099_436.txt earth/gen_1775715107_439.txt earth/gen_1775715115_442.txt earth/gen_1775715123_445.txt earth/gen_1775715130_448.txt earth/gen_1775715138_451.txt earth/gen_1775715146_454.txt earth/gen_1775715154_457.txt earth/gen_1775715161_460.txt earth/gen_1775715169_463.txt earth/gen_1775715177_466.txt earth/gen_1775715185_469.txt earth/gen_1775715193_472.txt earth/gen_1775715200_475.txt earth/gen_1775715208_478.txt earth/gen_1775715216_481.txt earth/gen_1775715224_484.txt earth/gen_1775715231_487.txt earth/gen_1775715239_490.txt earth/gen_1775715247_493.txt earth/gen_1775715255_496.txt earth/gen_1775715263_499.txt earth/gen_1775715271_502.txt earth/gen_1775715278_505.txt earth/gen_1775715286_508.txt earth/gen_1775715294_511.txt earth/gen_1775715302_514.txt earth/gen_1775715310_517.txt earth/gen_1775715318_520.txt earth/gen_1775715325_523.txt earth/gen_1775715333_526.txt earth/gen_1775715341_529.txt earth/gen_1775715349_532.txt earth/gen_1775715357_535.txt earth/gen_1775715364_538.txt earth/gen_1775715372_541.txt earth/gen_1775715380_544.txt earth/gen_1775715388_547.txt earth/gen_1775715396_550.txt earth/gen_1775715403_553.txt earth/gen_1775715411_556.txt earth/gen_1775715419_559.txt earth/gen_1775715427_562.txt earth/gen_1775715435_565.txt earth/gen_1775715442_568.txt earth/gen_1775715450_571.txt earth/gen_1775715458_574.txt earth/gen_1775715466_577.txt earth/gen_1775715474_580.txt earth/gen_1775715481_583.txt earth/gen_1775715489_586.txt earth/gen_1775715497_589.txt earth/gen_1775715505_592.txt earth/gen_1775715512_595.txt earth/gen_1775715520_598.txt earth/gen_1775715528_601.txt earth/gen_1775715536_604.txt earth/gen_1775715544_607.txt earth/gen_1775715552_610.txt earth/gen_1775715559_613.txt earth/gen_1775715567_616.txt earth/gen_1775715575_619.txt earth/gen_1775715583_622.txt earth/gen_1775715591_625.txt earth/gen_1775715598_628.txt earth/gen_1775715606_631.txt earth/gen_1775715614_634.txt earth/gen_1775715622_637.txt earth/gen_1775715630_640.txt earth/gen_1775715638_643.txt earth/gen_1775715646_646.txt earth/gen_1775715653_649.txt earth/gen_1775715661_652.txt earth/gen_1775715669_655.txt earth/gen_1775715677_658.txt earth/gen_1775715685_661.txt earth/gen_1775715692_664.txt earth/gen_1775715700_667.txt earth/gen_1775715708_670.txt earth/gen_1775715716_673.txt earth/gen_1775715724_676.txt]
[trainer] micro-train burst (16653 bytes, novelty 0.04) — and lo, it feeds again.
[syntropy] action=explore | trend=0.0000 | field_dev=0.080 | purpose_align=0.057 | lr_mul=1.30
[aml] burst complete: 32 steps, avg loss 2.5033 (memory freed)
[dna] air wrote 58 bytes to ecology
[dna] air wrote 151 bytes to ecology
[dna] air wrote 87 bytes to ecology
[dna] air wrote 64 bytes to ecology
[dna] air wrote 47 bytes to ecology
[dna] air wrote 57 bytes to ecology
[dna] air wrote 123 bytes to ecology
[dna] air wrote 10 bytes to ecology
[dna] air wrote 95 bytes to ecology
[dna] air wrote 29 bytes to ecology
[dna] air wrote 32 bytes to ecology
[dna] air wrote 65 bytes to ecology
[dna] air wrote 207 bytes to ecology
[dna] air wrote 77 bytes to ecology
[dna] air wrote 13 bytes to ecology
[dna] air wrote 85 bytes to ecology
[debug-onto] tick=50 corpus=139195 stage=2 freeze=0
[dna] air wrote 110 bytes to ecology
[dna] air wrote 43 bytes to ecology
[dna] air wrote 66 bytes to ecology
[dna] air wrote 99 bytes to ecology
[dna] air wrote 263 bytes to ecology
[dna] air wrote 171 bytes to ecology
[dna] air wrote 141 bytes to ecology
[dna] air wrote 87 bytes to ecology
[dna] air wrote 70 bytes to ecology
[dna] air wrote 29 bytes to ecology
[dna] air wrote 42 bytes to ecology
[dna] air wrote 124 bytes to ecology
[dna] air wrote 180 bytes to ecology
[dna] air wrote 89 bytes to ecology
[dna] air wrote 122 bytes to ecology
[dna] air wrote 51 bytes to ecology
[dna] air wrote 29 bytes to ecology
[debug-onto] tick=100 corpus=139195 stage=2 freeze=0
[dna] air wrote 84 bytes to ecology
[dna] air wrote 27 bytes to ecology
[dna] air wrote 29 bytes to ecology
[dna] air wrote 23 bytes to ecology
[dna] air wrote 31 bytes to ecology
[dna] air wrote 50 bytes to ecology
[dna] air wrote 62 bytes to ecology
[dna] air wrote 109 bytes to ecology
[dna] air wrote 44 bytes to ecology
[dna] air wrote 74 bytes to ecology
[dna] air wrote 43 bytes to ecology
[dna] air wrote 42 bytes to ecology
[dna] air wrote 35 bytes to ecology
[dna] air wrote 74 bytes to ecology
[dna] air wrote 88 bytes to ecology
[dna] air wrote 57 bytes to ecology
[debug-onto] tick=150 corpus=139195 stage=2 freeze=0
[dna] air wrote 166 bytes to ecology
[dna] air wrote 84 bytes to ecology
[dna] air wrote 64 bytes to ecology
[dna] air wrote 38 bytes to ecology
[dna] air wrote 67 bytes to ecology
[dna] air wrote 31 bytes to ecology
[dna] air wrote 164 bytes to ecology
[dna] air wrote 48 bytes to ecology
[dna] air wrote 92 bytes to ecology
[dna] air wrote 34 bytes to ecology
[dna] air wrote 58 bytes to ecology
[dna] air wrote 122 bytes to ecology
[dna] air wrote 48 bytes to ecology
[dna] air wrote 52 bytes to ecology
[dna] air wrote 109 bytes to ecology
[dna] air wrote 78 bytes to ecology
[dna] air wrote 38 bytes to ecology
[debug-onto] tick=200 corpus=139195 stage=2 freeze=0
[dna] air wrote 195 bytes to ecology
[dna] air wrote 25 bytes to ecology
[dna] air wrote 158 bytes to ecology
[dna] air wrote 67 bytes to ecology
[dna] air wrote 53 bytes to ecology
[dna] air wrote 91 bytes to ecology
[dna] air wrote 43 bytes to ecology
[dna] air wrote 131 bytes to ecology
[dna] air wrote 103 bytes to ecology
[dna] air wrote 29 bytes to ecology
[dna] air wrote 29 bytes to ecology
[dna] air wrote 33 bytes to ecology
[dna] air wrote 109 bytes to ecology
[dna] air wrote 100 bytes to ecology
[dna] air wrote 42 bytes to ecology
[dna] air wrote 43 bytes to ecology
[dna] air wrote 42 bytes to ecology
[debug-onto] tick=250 corpus=139195 stage=2 freeze=0
[dna] air wrote 68 bytes to ecology
[dna] air wrote 46 bytes to ecology
[dna] air wrote 42 bytes to ecology
[dna] air wrote 49 bytes to ecology
[dna] air wrote 86 bytes to ecology
[dna] air wrote 75 bytes to ecology
[dna] air wrote 52 bytes to ecology
[dna] air wrote 53 bytes to ecology
[dna] air wrote 78 bytes to ecology
[dna] air wrote 181 bytes to ecology
[dna] air wrote 65 bytes to ecology
[dna] air wrote 74 bytes to ecology
[dna] air wrote 45 bytes to ecology
[dna] air wrote 41 bytes to ecology
[dna] air wrote 57 bytes to ecology
[dna] air wrote 24 bytes to ecology
[debug-onto] tick=300 corpus=139195 stage=2 freeze=0
[dna] air wrote 125 bytes to ecology
[dna] air wrote 111 bytes to ecology
[dna] air wrote 85 bytes to ecology
[dna] air wrote 36 bytes to ecology
[dna] air wrote 37 bytes to ecology
[dna] air wrote 51 bytes to ecology
[dna] air wrote 22 bytes to ecology
[dna] air wrote 28 bytes to ecology
[dna] air wrote 59 bytes to ecology
[dna] air wrote 152 bytes to ecology
[dna] air wrote 81 bytes to ecology
[dna] air wrote 79 bytes to ecology
[dna] air wrote 56 bytes to ecology
[dna] air wrote 119 bytes to ecology
[dna] air wrote 83 bytes to ecology
[dna] air wrote 72 bytes to ecology
[dna] air wrote 19 bytes to ecology
[debug-onto] tick=350 corpus=139195 stage=2 freeze=0
[dna] air wrote 51 bytes to ecology
[dna] air wrote 78 bytes to ecology
[dna] air wrote 38 bytes to ecology
[dna] air wrote 49 bytes to ecology
[dna] air wrote 37 bytes to ecology
[dna] air wrote 52 bytes to ecology
[dna] air wrote 64 bytes to ecology
[dna] air wrote 44 bytes to ecology
[dna] air wrote 97 bytes to ecology
[dna] air wrote 62 bytes to ecology
[dna] air wrote 33 bytes to ecology
[dna] air wrote 95 bytes to ecology
[dna] air wrote 44 bytes to ecology
[dna] air wrote 193 bytes to ecology
[dna] air wrote 29 bytes to ecology
[dna] air wrote 51 bytes to ecology
[dna] air wrote 45 bytes to ecology
[debug-onto] tick=400 corpus=139195 stage=2 freeze=0
[dna] air wrote 92 bytes to ecology
[dna] air wrote 31 bytes to ecology
[dna] air wrote 95 bytes to ecology
[dna] air wrote 50 bytes to ecology
[dna] air wrote 54 bytes to ecology
[dna] air wrote 63 bytes to ecology
[dna] air wrote 36 bytes to ecology
[dna] air wrote 52 bytes to ecology
[dna] air wrote 62 bytes to ecology
[dna] air wrote 66 bytes to ecology
[dna] air wrote 258 bytes to ecology
[dna] air wrote 85 bytes to ecology
[dna] air wrote 64 bytes to ecology
[dna] air wrote 32 bytes to ecology
[dna] air wrote 37 bytes to ecology
[dna] air wrote 78 bytes to ecology
[debug-onto] tick=450 corpus=139195 stage=2 freeze=0
[dna] air wrote 113 bytes to ecology
[dna] air wrote 25 bytes to ecology
[dna] air wrote 23 bytes to ecology
[dna] air wrote 15 bytes to ecology
[dna] air wrote 84 bytes to ecology
[dna] air wrote 156 bytes to ecology
[dna] air wrote 15 bytes to ecology
[dna] air wrote 157 bytes to ecology
[dna] air wrote 133 bytes to ecology
[dna] air wrote 25 bytes to ecology
[dna] air wrote 69 bytes to ecology
[dna] air wrote 22 bytes to ecology
[dna] air wrote 28 bytes to ecology
[dna] air wrote 29 bytes to ecology
[dna] air wrote 31 bytes to ecology
[dna] air wrote 97 bytes to ecology
[dna] air wrote 41 bytes to ecology
[debug-onto] tick=500 corpus=139195 stage=2 freeze=0
[dna] air wrote 232 bytes to ecology
[dna] air wrote 61 bytes to ecology
[dna] air wrote 49 bytes to ecology
[dna] air wrote 27 bytes to ecology
[dna] air wrote 47 bytes to ecology
[dna] air wrote 42 bytes to ecology
[dna] air wrote 36 bytes to ecology
[dna] air wrote 58 bytes to ecology
[dna] air wrote 153 bytes to ecology
[dna] air wrote 77 bytes to ecology
[dna] air wrote 110 bytes to ecology
[dna] air wrote 41 bytes to ecology
[dna] air wrote 170 bytes to ecology
[dna] air wrote 9 bytes to ecology
[dna] air wrote 43 bytes to ecology
[dna] air wrote 38 bytes to ecology
[dna] air wrote 39 bytes to ecology
[debug-onto] tick=550 corpus=139195 stage=2 freeze=0
[dna] air wrote 36 bytes to ecology
[dna] air wrote 36 bytes to ecology
[dna] air wrote 62 bytes to ecology
[dna] air wrote 47 bytes to ecology
[dna] air wrote 38 bytes to ecology
[dna] air wrote 26 bytes to ecology
[dna] air wrote 43 bytes to ecology
[dna] air wrote 14 bytes to ecology
[dna] air wrote 33 bytes to ecology
[dna] air wrote 65 bytes to ecology
[dna] air wrote 48 bytes to ecology
[dna] air wrote 138 bytes to ecology
[dna] air wrote 43 bytes to ecology
[dna] air wrote 71 bytes to ecology
[dna] air wrote 6 bytes to ecology
[dna] air wrote 44 bytes to ecology
[debug-onto] tick=600 corpus=139195 stage=2 freeze=0
[dna] air wrote 26 bytes to ecology
[dna] air wrote 50 bytes to ecology
[dna] air wrote 45 bytes to ecology
[dna] air wrote 80 bytes to ecology
[dna] air wrote 41 bytes to ecology
[dna] air wrote 33 bytes to ecology
[dna] air wrote 30 bytes to ecology
[dna] air wrote 21 bytes to ecology
[dna] air wrote 33 bytes to ecology
[dna] air wrote 85 bytes to ecology
[dna] air wrote 43 bytes to ecology
[dna] air wrote 26 bytes to ecology
[dna] air wrote 129 bytes to ecology
[dna] air wrote 34 bytes to ecology
[dna] air wrote 96 bytes to ecology
[dna] air wrote 90 bytes to ecology
[dna] air wrote 47 bytes to ecology
[debug-onto] tick=650 corpus=139195 stage=2 freeze=0
[dna] air wrote 57 bytes to ecology
[dna] air wrote 35 bytes to ecology
[dna] air wrote 62 bytes to ecology
[dna] air wrote 116 bytes to ecology
[dna] air wrote 62 bytes to ecology
[dna] air wrote 65 bytes to ecology
[dna] air wrote 31 bytes to ecology
[dna] air wrote 110 bytes to ecology
[dna] air wrote 82 bytes to ecology

[evolution] Organism shutting down gracefully.
