[ecology] Element: earth → corpus: nonames_earth.txt
[evolution] Autonomous evolution mode — organism will grow through all stages without pause.
[init] Stage 0 (embryo): embd=16, layer=1, head=1 — warmup 400 steps (400 backprop + 0 notorch, sqrt-scaled 1x)
  [aml] step 0/160 | loss 6.6797 (avg 6.6797) | lr 0.001000 | seq 8
  [aml] step 10/160 | loss 6.1752 (avg 6.4591) | lr 0.001450 | seq 8
  [aml] step 20/160 | loss 6.2104 (avg 6.3099) | lr 0.001900 | seq 8
  [aml] step 30/160 | loss 5.7418 (avg 6.2166) | lr 0.002350 | seq 8
  [aml] step 40/160 | loss 5.4129 (avg 6.0940) | lr 0.002800 | seq 8
  [aml] step 50/160 | loss 4.6398 (avg 5.9383) | lr 0.003250 | seq 8
  [aml] step 60/160 | loss 4.8618 (avg 5.7743) | lr 0.003700 | seq 8
  [aml] step 70/160 | loss 5.2617 (avg 5.6536) | lr 0.004150 | seq 8
  [aml] step 80/160 | loss 2.9711 (avg 5.5281) | lr 0.004600 | seq 8
  [aml] step 90/160 | loss 4.1847 (avg 5.3838) | lr 0.005050 | seq 8
  [aml] step 100/160 | loss 4.9389 (avg 5.2935) | lr 0.005500 | seq 8
  [aml] step 110/160 | loss 5.2948 (avg 5.1641) | lr 0.005950 | seq 8
  [aml] step 120/160 | loss 4.0138 (avg 5.0913) | lr 0.006400 | seq 8
  [aml] step 130/160 | loss 4.3765 (avg 5.0438) | lr 0.006850 | seq 8
  [aml] step 140/160 | loss 3.0837 (avg 5.0102) | lr 0.007300 | seq 8
  [aml] step 150/160 | loss 2.8111 (avg 4.9686) | lr 0.007750 | seq 8
[aml] training complete: 160 steps, avg loss 4.9274 (memory freed)
  [aml] step 0/120 | loss 4.7556 (avg 4.7556) | lr 0.008200 | seq 16
  [aml] step 10/120 | loss 4.3003 (avg 4.5273) | lr 0.008650 | seq 16
  [aml] step 20/120 | loss 3.3320 (avg 4.4874) | lr 0.009100 | seq 16
  [aml] step 30/120 | loss 3.5547 (avg 4.2830) | lr 0.009550 | seq 16
  [aml] step 40/120 | loss 3.1292 (avg 4.3207) | lr 0.010000 | seq 16
  [aml] step 50/120 | loss 2.9131 (avg 4.2834) | lr 0.010000 | seq 16
  [aml] step 60/120 | loss 4.6011 (avg 4.2824) | lr 0.010000 | seq 16
  [aml] step 70/120 | loss 4.7080 (avg 4.2113) | lr 0.010000 | seq 16
  [aml] step 80/120 | loss 5.0177 (avg 4.1655) | lr 0.009999 | seq 16
  [aml] step 90/120 | loss 4.4488 (avg 4.0660) | lr 0.009999 | seq 16
  [aml] step 100/120 | loss 3.7978 (avg 4.0036) | lr 0.009999 | seq 16
  [aml] step 110/120 | loss 4.9782 (avg 3.9188) | lr 0.009999 | seq 16
[aml] training complete: 120 steps, avg loss 3.9429 (memory freed)
  [aml] step 0/120 | loss 3.9396 (avg 3.9396) | lr 0.009999 | seq 32
  [aml] step 10/120 | loss 5.0678 (avg 4.3096) | lr 0.009999 | seq 32
  [aml] step 20/120 | loss 4.4720 (avg 4.0469) | lr 0.009999 | seq 32
  [aml] step 30/120 | loss 3.9721 (avg 3.7003) | lr 0.009999 | seq 32
  [aml] step 40/120 | loss 4.0135 (avg 3.5990) | lr 0.009999 | seq 32
  [aml] step 50/120 | loss 3.9682 (avg 3.5398) | lr 0.009999 | seq 32
  [aml] step 60/120 | loss 2.8718 (avg 3.4660) | lr 0.009999 | seq 32
  [aml] step 70/120 | loss 1.4724 (avg 3.4324) | lr 0.009999 | seq 32
  [aml] step 80/120 | loss 4.4973 (avg 3.4152) | lr 0.009999 | seq 32
  [aml] step 90/120 | loss 1.4956 (avg 3.3608) | lr 0.009999 | seq 32
  [aml] step 100/120 | loss 0.8335 (avg 3.3638) | lr 0.009999 | seq 32
  [aml] step 110/120 | loss 0.9221 (avg 3.2364) | lr 0.009999 | seq 32
[aml] training complete: 120 steps, avg loss 3.1453 (memory freed)

[stage 0 — embryo] What it sounds like now:
  Q: Hello.
  A: is a rock that has beach. River is the sample formatione?
  Q: Who are you?
  A: fine-grade rock is the?
  Q: What do you know?
  A: ...

[growth] ONTOGENESIS: stage 0 -> 1
  embd: 16 -> 32, layer: 1 -> 1, head: 1 -> 2
[growth] Done. Freeze for 500 steps.
[init] Stage 1 (infant): embd=32, layer=1, head=2 — warmup 800 steps (800 backprop + 0 notorch, sqrt-scaled 2x)
  [aml] step 0/320 | loss 4.6412 (avg 4.6412) | lr 0.000500 | seq 8
  [aml] step 10/320 | loss 2.9648 (avg 4.3031) | lr 0.000725 | seq 8
  [aml] step 20/320 | loss 2.6061 (avg 4.2272) | lr 0.000950 | seq 8
  [aml] step 30/320 | loss 0.3970 (avg 3.8512) | lr 0.001175 | seq 8
  [aml] step 40/320 | loss 4.0713 (avg 3.8672) | lr 0.001400 | seq 8
  [aml] step 50/320 | loss 4.5017 (avg 3.9315) | lr 0.001625 | seq 8
  [aml] step 60/320 | loss 3.3604 (avg 3.9398) | lr 0.001850 | seq 8
  [aml] step 70/320 | loss 3.5397 (avg 4.0391) | lr 0.002075 | seq 8
  [aml] step 80/320 | loss 5.3690 (avg 4.0855) | lr 0.002300 | seq 8
  [aml] step 90/320 | loss 3.4075 (avg 4.1167) | lr 0.002525 | seq 8
  [aml] step 100/320 | loss 5.5235 (avg 4.1420) | lr 0.002750 | seq 8
  [aml] step 110/320 | loss 1.6384 (avg 4.0998) | lr 0.002975 | seq 8
  [aml] step 120/320 | loss 0.8934 (avg 4.0868) | lr 0.003200 | seq 8
  [aml] step 130/320 | loss 4.2747 (avg 4.0612) | lr 0.003425 | seq 8
  [aml] step 140/320 | loss 5.4938 (avg 4.0369) | lr 0.003650 | seq 8
  [aml] step 150/320 | loss 3.4573 (avg 4.0551) | lr 0.003875 | seq 8
  [aml] step 160/320 | loss 3.7045 (avg 4.0243) | lr 0.004100 | seq 8
  [aml] step 170/320 | loss 1.1116 (avg 4.0163) | lr 0.004325 | seq 8
  [aml] step 180/320 | loss 4.4495 (avg 4.0117) | lr 0.004550 | seq 8
  [aml] step 190/320 | loss 4.0616 (avg 3.9598) | lr 0.004775 | seq 8
  [aml] step 200/320 | loss 4.5099 (avg 3.9226) | lr 0.004998 | seq 8
  [aml] step 210/320 | loss 3.1679 (avg 3.9246) | lr 0.004998 | seq 8
  [aml] step 220/320 | loss 3.6592 (avg 3.9279) | lr 0.004998 | seq 8
  [aml] step 230/320 | loss 3.5261 (avg 3.9000) | lr 0.004998 | seq 8
  [aml] step 240/320 | loss 4.9781 (avg 3.9191) | lr 0.004998 | seq 8
  [aml] step 250/320 | loss 1.2827 (avg 3.8869) | lr 0.004998 | seq 8
  [aml] step 260/320 | loss 2.1765 (avg 3.8828) | lr 0.004998 | seq 8
  [aml] step 270/320 | loss 0.8994 (avg 3.8287) | lr 0.004998 | seq 8
  [aml] step 280/320 | loss 4.3971 (avg 3.8238) | lr 0.004998 | seq 8
  [aml] step 290/320 | loss 0.2392 (avg 3.8035) | lr 0.004998 | seq 8
  [aml] step 300/320 | loss 4.7840 (avg 3.7933) | lr 0.004998 | seq 8
  [aml] step 310/320 | loss 1.1284 (avg 3.7866) | lr 0.004998 | seq 8
[aml] training complete: 320 steps, avg loss 3.7865 (memory freed)
  [aml] step 0/240 | loss 3.4911 (avg 3.4911) | lr 0.004998 | seq 16
  [aml] step 10/240 | loss 1.4691 (avg 3.1680) | lr 0.004998 | seq 16
  [aml] step 20/240 | loss 4.5531 (avg 3.5776) | lr 0.004998 | seq 16
  [aml] step 30/240 | loss 3.8741 (avg 3.6108) | lr 0.004998 | seq 16
  [aml] step 40/240 | loss 4.7521 (avg 3.5829) | lr 0.004997 | seq 16
  [aml] step 50/240 | loss 2.4336 (avg 3.4376) | lr 0.004997 | seq 16
  [aml] step 60/240 | loss 1.4524 (avg 3.3482) | lr 0.004997 | seq 16
  [aml] step 70/240 | loss 1.0731 (avg 3.3190) | lr 0.004997 | seq 16
  [aml] step 80/240 | loss 3.5723 (avg 3.2949) | lr 0.004997 | seq 16
  [aml] step 90/240 | loss 3.7300 (avg 3.2733) | lr 0.004997 | seq 16
  [aml] step 100/240 | loss 1.4186 (avg 3.2326) | lr 0.004997 | seq 16
  [aml] step 110/240 | loss 1.2781 (avg 3.2178) | lr 0.004997 | seq 16
  [aml] step 120/240 | loss 2.7836 (avg 3.1957) | lr 0.004997 | seq 16
  [aml] step 130/240 | loss 1.4471 (avg 3.1543) | lr 0.004997 | seq 16
  [aml] step 140/240 | loss 1.5606 (avg 3.1355) | lr 0.004997 | seq 16
  [aml] step 150/240 | loss 3.8098 (avg 3.1279) | lr 0.004997 | seq 16
  [aml] step 160/240 | loss 5.2392 (avg 3.1585) | lr 0.004997 | seq 16
  [aml] step 170/240 | loss 3.9787 (avg 3.1356) | lr 0.004996 | seq 16
  [aml] step 180/240 | loss 4.5147 (avg 3.1614) | lr 0.004996 | seq 16
  [aml] step 190/240 | loss 4.4477 (avg 3.1700) | lr 0.004996 | seq 16
  [aml] step 200/240 | loss 2.2567 (avg 3.1620) | lr 0.004996 | seq 16
  [aml] step 210/240 | loss 3.6457 (avg 3.1849) | lr 0.004996 | seq 16
  [aml] step 220/240 | loss 4.1285 (avg 3.1999) | lr 0.004996 | seq 16
  [aml] step 230/240 | loss 3.9302 (avg 3.2115) | lr 0.004996 | seq 16
[aml] training complete: 240 steps, avg loss 3.2228 (memory freed)
  [aml] step 0/240 | loss 4.3071 (avg 4.3071) | lr 0.004996 | seq 32
  [aml] step 10/240 | loss 4.1065 (avg 3.0929) | lr 0.004996 | seq 32
  [aml] step 20/240 | loss 4.4705 (avg 2.7706) | lr 0.004996 | seq 32
  [aml] step 30/240 | loss 1.1695 (avg 2.5668) | lr 0.004996 | seq 32
  [aml] step 40/240 | loss 0.9818 (avg 2.8288) | lr 0.004996 | seq 32
  [aml] step 50/240 | loss 1.4775 (avg 2.9445) | lr 0.004995 | seq 32
  [aml] step 60/240 | loss 1.2186 (avg 3.0070) | lr 0.004995 | seq 32
  [aml] step 70/240 | loss 4.2373 (avg 3.0069) | lr 0.004995 | seq 32
  [aml] step 80/240 | loss 4.6679 (avg 2.9326) | lr 0.004995 | seq 32
  [aml] step 90/240 | loss 1.6750 (avg 2.9731) | lr 0.004995 | seq 32
  [aml] step 100/240 | loss 3.4169 (avg 2.9603) | lr 0.004995 | seq 32
  [aml] step 110/240 | loss 4.4304 (avg 3.0223) | lr 0.004995 | seq 32
  [aml] step 120/240 | loss 3.8669 (avg 2.9857) | lr 0.004995 | seq 32
  [aml] step 130/240 | loss 0.5903 (avg 2.9394) | lr 0.004995 | seq 32
  [aml] step 140/240 | loss 4.2727 (avg 2.9225) | lr 0.004995 | seq 32
  [aml] step 150/240 | loss 0.3913 (avg 2.9039) | lr 0.004995 | seq 32
  [aml] step 160/240 | loss 4.3194 (avg 2.8921) | lr 0.004994 | seq 32
  [aml] step 170/240 | loss 1.2867 (avg 2.8872) | lr 0.004994 | seq 32
  [aml] step 180/240 | loss 3.5800 (avg 2.8603) | lr 0.004994 | seq 32
  [aml] step 190/240 | loss 4.4672 (avg 2.8660) | lr 0.004994 | seq 32
  [aml] step 200/240 | loss 0.6219 (avg 2.8433) | lr 0.004994 | seq 32
  [aml] step 210/240 | loss 0.5660 (avg 2.8215) | lr 0.004994 | seq 32
  [aml] step 220/240 | loss 1.4491 (avg 2.7942) | lr 0.004994 | seq 32
  [aml] step 230/240 | loss 0.9383 (avg 2.7971) | lr 0.004994 | seq 32
[aml] training complete: 240 steps, avg loss 2.7855 (memory freed)

[stage 1 — infant] What it sounds like now:
  Q: Hello.
  A: When the ground its sedimentary rock of the cycles and pieces that broken it feelsic domediately to above the pipe is the lesson of history, there is a slidesic foot pulling.
  Q: Who are you?
  A: of a lake?
  Q: What do you know?
  A: the laciers and is the in the side based mills.

[growth] ONTOGENESIS: stage 1 -> 2
  embd: 32 -> 64, layer: 1 -> 2, head: 2 -> 4
[growth] Done. Freeze for 500 steps.
[init] Stage 2 (child): embd=64, layer=2, head=4 — warmup 800 steps (800 backprop + 0 notorch, sqrt-scaled 2x)
  [aml] step 0/320 | loss 0.2605 (avg 0.2605) | lr 0.000250 | seq 8
  [aml] step 10/320 | loss 2.1258 (avg 3.7091) | lr 0.000363 | seq 8
  [aml] step 20/320 | loss 2.9673 (avg 3.8103) | lr 0.000475 | seq 8
  [aml] step 30/320 | loss 5.1240 (avg 3.8759) | lr 0.000588 | seq 8
  [aml] step 40/320 | loss 3.8812 (avg 3.6931) | lr 0.000700 | seq 8
  [aml] step 50/320 | loss 2.2933 (avg 3.6358) | lr 0.000813 | seq 8
  [aml] step 60/320 | loss 4.8818 (avg 3.5736) | lr 0.000925 | seq 8
  [aml] step 70/320 | loss 4.3793 (avg 3.5653) | lr 0.001038 | seq 8
  [aml] step 80/320 | loss 3.7139 (avg 3.4682) | lr 0.001150 | seq 8
  [aml] step 90/320 | loss 3.5400 (avg 3.4665) | lr 0.001263 | seq 8
  [aml] step 100/320 | loss 3.4950 (avg 3.4916) | lr 0.001375 | seq 8
  [aml] step 110/320 | loss 0.9056 (avg 3.4446) | lr 0.001488 | seq 8
  [aml] step 120/320 | loss 1.4574 (avg 3.4090) | lr 0.001600 | seq 8
  [aml] step 130/320 | loss 4.3799 (avg 3.3973) | lr 0.001713 | seq 8
  [aml] step 140/320 | loss 3.7884 (avg 3.3885) | lr 0.001825 | seq 8
  [aml] step 150/320 | loss 3.6275 (avg 3.4062) | lr 0.001938 | seq 8
  [aml] step 160/320 | loss 2.6287 (avg 3.4350) | lr 0.002050 | seq 8
  [aml] step 170/320 | loss 2.3478 (avg 3.3930) | lr 0.002163 | seq 8
  [aml] step 180/320 | loss 4.1971 (avg 3.3705) | lr 0.002275 | seq 8
  [aml] step 190/320 | loss 0.0954 (avg 3.3756) | lr 0.002387 | seq 8
  [aml] step 200/320 | loss 2.5027 (avg 3.3740) | lr 0.002496 | seq 8
  [aml] step 210/320 | loss 1.2724 (avg 3.3714) | lr 0.002496 | seq 8
  [aml] step 220/320 | loss 2.0027 (avg 3.3586) | lr 0.002496 | seq 8
  [aml] step 230/320 | loss 2.2855 (avg 3.3678) | lr 0.002495 | seq 8
  [aml] step 240/320 | loss 3.1426 (avg 3.3406) | lr 0.002495 | seq 8
  [aml] step 250/320 | loss 1.5287 (avg 3.3252) | lr 0.002495 | seq 8
  [aml] step 260/320 | loss 1.0699 (avg 3.3196) | lr 0.002495 | seq 8
  [aml] step 270/320 | loss 5.1019 (avg 3.3496) | lr 0.002495 | seq 8
  [aml] step 280/320 | loss 4.3345 (avg 3.3563) | lr 0.002495 | seq 8
  [aml] step 290/320 | loss 4.7319 (avg 3.3448) | lr 0.002495 | seq 8
  [aml] step 300/320 | loss 2.0392 (avg 3.3351) | lr 0.002495 | seq 8
  [aml] step 310/320 | loss 1.0985 (avg 3.3427) | lr 0.002495 | seq 8
[aml] training complete: 320 steps, avg loss 3.3077 (memory freed)
  [aml] step 0/240 | loss 2.2900 (avg 2.2900) | lr 0.002495 | seq 16
  [aml] step 10/240 | loss 4.0277 (avg 1.8128) | lr 0.002495 | seq 16
  [aml] step 20/240 | loss 3.7899 (avg 2.5787) | lr 0.002495 | seq 16
  [aml] step 30/240 | loss 3.9847 (avg 3.0780) | lr 0.002495 | seq 16
  [aml] step 40/240 | loss 2.0604 (avg 3.0375) | lr 0.002495 | seq 16
  [aml] step 50/240 | loss 1.0444 (avg 2.9814) | lr 0.002495 | seq 16
  [aml] step 60/240 | loss 2.6751 (avg 3.0630) | lr 0.002494 | seq 16
  [aml] step 70/240 | loss 4.1386 (avg 3.0631) | lr 0.002494 | seq 16
  [aml] step 80/240 | loss 4.5777 (avg 3.1080) | lr 0.002494 | seq 16
  [aml] step 90/240 | loss 5.0050 (avg 3.2073) | lr 0.002494 | seq 16
  [aml] step 100/240 | loss 3.8994 (avg 3.2418) | lr 0.002494 | seq 16
  [aml] step 110/240 | loss 1.0874 (avg 3.2560) | lr 0.002494 | seq 16
  [aml] step 120/240 | loss 1.5037 (avg 3.1921) | lr 0.002494 | seq 16
  [aml] step 130/240 | loss 4.2414 (avg 3.1577) | lr 0.002494 | seq 16
  [aml] step 140/240 | loss 2.5760 (avg 3.1692) | lr 0.002494 | seq 16
  [aml] step 150/240 | loss 4.5953 (avg 3.1323) | lr 0.002494 | seq 16
  [aml] step 160/240 | loss 1.8910 (avg 3.0757) | lr 0.002494 | seq 16
  [aml] step 170/240 | loss 2.0342 (avg 3.0807) | lr 0.002494 | seq 16
  [aml] step 180/240 | loss 1.7660 (avg 3.1111) | lr 0.002494 | seq 16
  [aml] step 190/240 | loss 1.9115 (avg 3.1024) | lr 0.002494 | seq 16
  [aml] step 200/240 | loss 2.1849 (avg 3.0887) | lr 0.002493 | seq 16
  [aml] step 210/240 | loss 0.8024 (avg 3.0762) | lr 0.002493 | seq 16
  [aml] step 220/240 | loss 4.3305 (avg 3.0505) | lr 0.002493 | seq 16
  [aml] step 230/240 | loss 1.1625 (avg 3.0680) | lr 0.002493 | seq 16
[aml] training complete: 240 steps, avg loss 3.0458 (memory freed)
  [aml] step 0/240 | loss 4.4688 (avg 4.4688) | lr 0.002493 | seq 32
  [aml] step 10/240 | loss 4.6965 (avg 2.3175) | lr 0.002493 | seq 32
  [aml] step 20/240 | loss 1.7866 (avg 2.3619) | lr 0.002493 | seq 32
  [aml] step 30/240 | loss 4.2152 (avg 2.5489) | lr 0.002493 | seq 32
  [aml] step 40/240 | loss 0.8428 (avg 2.3857) | lr 0.002493 | seq 32
  [aml] step 50/240 | loss 1.3377 (avg 2.5225) | lr 0.002493 | seq 32
  [aml] step 60/240 | loss 4.2054 (avg 2.5729) | lr 0.002493 | seq 32
  [aml] step 70/240 | loss 4.1888 (avg 2.6523) | lr 0.002493 | seq 32
  [aml] step 80/240 | loss 4.0898 (avg 2.7064) | lr 0.002492 | seq 32
  [aml] step 90/240 | loss 4.6599 (avg 2.6599) | lr 0.002492 | seq 32
  [aml] step 100/240 | loss 3.8282 (avg 2.6622) | lr 0.002492 | seq 32
  [aml] step 110/240 | loss 3.7873 (avg 2.6749) | lr 0.002492 | seq 32
  [aml] step 120/240 | loss 4.1788 (avg 2.7178) | lr 0.002492 | seq 32
  [aml] step 130/240 | loss 4.2275 (avg 2.7242) | lr 0.002492 | seq 32
  [aml] step 140/240 | loss 4.1689 (avg 2.7099) | lr 0.002492 | seq 32
  [aml] step 150/240 | loss 1.8847 (avg 2.6608) | lr 0.002492 | seq 32
  [aml] step 160/240 | loss 0.7275 (avg 2.6878) | lr 0.002492 | seq 32
  [aml] step 170/240 | loss 4.2696 (avg 2.7050) | lr 0.002492 | seq 32
  [aml] step 180/240 | loss 1.0419 (avg 2.6769) | lr 0.002492 | seq 32
  [aml] step 190/240 | loss 4.1358 (avg 2.6781) | lr 0.002492 | seq 32
  [aml] step 200/240 | loss 0.3937 (avg 2.6626) | lr 0.002491 | seq 32
  [aml] step 210/240 | loss 0.8538 (avg 2.6431) | lr 0.002491 | seq 32
  [aml] step 220/240 | loss 0.7962 (avg 2.6075) | lr 0.002491 | seq 32
  [aml] step 230/240 | loss 1.1650 (avg 2.5717) | lr 0.002491 | seq 32
[aml] training complete: 240 steps, avg loss 2.5755 (memory freed)

[stage 2 — child] What it sounds like now:
  Q: Hello.
  A: Foli Di Dirt in arid or finds means.
  Q: Who are you?
  A: ...
  Q: What do you know?
  A: ...

[init] Warmup complete at stage 2. Organism ready.
[ecology] First organism in the swarm.
molequla is alive. [evolution] Autonomous mode — background trainer running. Ctrl+C to stop.
[dna] earth wrote 7 bytes to ecology
[dna] earth wrote 43 bytes to ecology
[dna] earth wrote 57 bytes to ecology
[dna] earth wrote 42 bytes to ecology
[dna] earth wrote 64 bytes to ecology
[dna] earth wrote 75 bytes to ecology
[dna] earth wrote 84 bytes to ecology
[dna] earth wrote 70 bytes to ecology
[dna] earth wrote 66 bytes to ecology
[dna] earth wrote 143 bytes to ecology
[dna] earth wrote 55 bytes to ecology
[dna] earth wrote 174 bytes to ecology
[dna] earth wrote 34 bytes to ecology
[dna] earth wrote 85 bytes to ecology
[dna] earth wrote 57 bytes to ecology
[dna] earth wrote 80 bytes to ecology
[dna] earth wrote 38 bytes to ecology
[debug-onto] tick=50 corpus=173643 stage=2 freeze=0
[dna] earth wrote 108 bytes to ecology
[dna] earth wrote 31 bytes to ecology
[dna] earth wrote 120 bytes to ecology
[dna] earth wrote 166 bytes to ecology
[dna] earth wrote 99 bytes to ecology
[dna] earth wrote 213 bytes to ecology
[dna] earth wrote 28 bytes to ecology
[dna] earth wrote 47 bytes to ecology
[dna] earth wrote 33 bytes to ecology
[dna] earth wrote 43 bytes to ecology
[dna] earth wrote 51 bytes to ecology
[dna] earth wrote 39 bytes to ecology
[dna] earth wrote 65 bytes to ecology
[dna] earth wrote 91 bytes to ecology
[dna] earth wrote 133 bytes to ecology
[dna] earth wrote 76 bytes to ecology
[dna] earth wrote 121 bytes to ecology
[debug-onto] tick=100 corpus=173643 stage=2 freeze=0
[dna] earth wrote 28 bytes to ecology
[dna] earth wrote 146 bytes to ecology
[dna] earth wrote 116 bytes to ecology
[dna] earth wrote 88 bytes to ecology
[dna] earth wrote 101 bytes to ecology
[dna] earth wrote 109 bytes to ecology
[dna] earth wrote 9 bytes to ecology
[dna] earth wrote 71 bytes to ecology
[dna] earth wrote 66 bytes to ecology
[dna] earth wrote 48 bytes to ecology
[dna] earth wrote 45 bytes to ecology
[dna] earth wrote 93 bytes to ecology
[dna] earth wrote 74 bytes to ecology
[dna] earth wrote 84 bytes to ecology
[dna] earth wrote 53 bytes to ecology
[dna] earth wrote 84 bytes to ecology
[debug-onto] tick=150 corpus=173643 stage=2 freeze=0
[dna] earth wrote 75 bytes to ecology
[dna] earth wrote 145 bytes to ecology
[dna] earth wrote 101 bytes to ecology
[dna] earth wrote 36 bytes to ecology
[dna] earth wrote 25 bytes to ecology
[dna] earth wrote 26 bytes to ecology
[dna] earth wrote 89 bytes to ecology
[dna] earth wrote 76 bytes to ecology
[dna] earth wrote 73 bytes to ecology
[dna] earth wrote 114 bytes to ecology
[dna] earth wrote 89 bytes to ecology
[dna] earth wrote 44 bytes to ecology
[dna] earth wrote 89 bytes to ecology
[dna] earth wrote 158 bytes to ecology
[dna] earth wrote 61 bytes to ecology
[dna] earth wrote 35 bytes to ecology
[dna] earth wrote 23 bytes to ecology
[debug-onto] tick=200 corpus=173643 stage=2 freeze=0
[dna] earth wrote 62 bytes to ecology
[dna] earth wrote 45 bytes to ecology
[dna] earth wrote 29 bytes to ecology
[dna] earth wrote 90 bytes to ecology
[dna] earth wrote 38 bytes to ecology
[dna] earth wrote 68 bytes to ecology
[dna] earth wrote 95 bytes to ecology
[dna] earth wrote 62 bytes to ecology
[dna] earth wrote 49 bytes to ecology
[dna] earth wrote 27 bytes to ecology
[dna] earth wrote 46 bytes to ecology
[dna] earth wrote 75 bytes to ecology
[dna] earth wrote 30 bytes to ecology
[dna] earth wrote 100 bytes to ecology
[dna] earth wrote 24 bytes to ecology
[dna] earth wrote 43 bytes to ecology
[dna] earth wrote 56 bytes to ecology
[debug-onto] tick=250 corpus=173643 stage=2 freeze=0
[dna] earth wrote 96 bytes to ecology
[dna] earth wrote 53 bytes to ecology
[dna] earth wrote 215 bytes to ecology
[dna] earth wrote 57 bytes to ecology
[dna] earth wrote 10 bytes to ecology
[dna] earth wrote 45 bytes to ecology
[dna] earth wrote 39 bytes to ecology
[dna] earth wrote 28 bytes to ecology
[dna] earth wrote 36 bytes to ecology
[dna] earth wrote 67 bytes to ecology
[dna] earth wrote 38 bytes to ecology
[dna] earth wrote 75 bytes to ecology
[dna] earth wrote 74 bytes to ecology
[dna] earth wrote 134 bytes to ecology
[dna] earth wrote 43 bytes to ecology
[dna] earth wrote 53 bytes to ecology
[debug-onto] tick=300 corpus=173643 stage=2 freeze=0
[dna] earth wrote 132 bytes to ecology
[dna] earth wrote 100 bytes to ecology
[dna] earth wrote 35 bytes to ecology
[dna] earth wrote 215 bytes to ecology
[dna] earth wrote 128 bytes to ecology
[dna] earth wrote 81 bytes to ecology
[dna] earth wrote 126 bytes to ecology
[dna] earth wrote 84 bytes to ecology
[dna] earth wrote 45 bytes to ecology
[dna] earth wrote 116 bytes to ecology
[dna] earth wrote 22 bytes to ecology
[dna] earth wrote 27 bytes to ecology
[dna] earth wrote 38 bytes to ecology
[dna] earth wrote 54 bytes to ecology
[dna] earth wrote 62 bytes to ecology
[dna] earth wrote 42 bytes to ecology
[dna] earth wrote 64 bytes to ecology
[debug-onto] tick=350 corpus=173643 stage=2 freeze=0
[dna] earth wrote 106 bytes to ecology
[dna] earth wrote 67 bytes to ecology
[dna] earth wrote 100 bytes to ecology
[dna] earth wrote 138 bytes to ecology
[dna] earth wrote 22 bytes to ecology
[dna] earth wrote 142 bytes to ecology
[dna] earth wrote 92 bytes to ecology
[dna] earth wrote 117 bytes to ecology
[dna] earth wrote 85 bytes to ecology
[dna] earth wrote 37 bytes to ecology
[dna] earth wrote 53 bytes to ecology
[dna] earth wrote 29 bytes to ecology
[dna] earth wrote 43 bytes to ecology
[dna] earth wrote 32 bytes to ecology
[dna] earth wrote 68 bytes to ecology
[dna] earth wrote 21 bytes to ecology
[dna] earth wrote 55 bytes to ecology
[debug-onto] tick=400 corpus=173643 stage=2 freeze=0
[dna] earth wrote 80 bytes to ecology
[dna] earth wrote 84 bytes to ecology
[dna] earth wrote 220 bytes to ecology
[dna] earth wrote 107 bytes to ecology
[dna] earth wrote 113 bytes to ecology
[dna] earth wrote 31 bytes to ecology
[dna] earth wrote 63 bytes to ecology
[dna] earth wrote 41 bytes to ecology
[dna] earth wrote 78 bytes to ecology
[dna] earth wrote 84 bytes to ecology
[dna] earth wrote 45 bytes to ecology
[dna] earth wrote 88 bytes to ecology
[dna] earth wrote 96 bytes to ecology
[dna] earth wrote 28 bytes to ecology
[dna] earth wrote 63 bytes to ecology
[dna] earth wrote 43 bytes to ecology
[debug-onto] tick=450 corpus=173643 stage=2 freeze=0
[dna] earth wrote 56 bytes to ecology
[dna] earth wrote 131 bytes to ecology
[dna] earth wrote 48 bytes to ecology
[dna] earth wrote 140 bytes to ecology
[dna] earth wrote 69 bytes to ecology
[dna] earth wrote 63 bytes to ecology
[dna] earth wrote 35 bytes to ecology
[dna] earth wrote 40 bytes to ecology
[dna] earth wrote 170 bytes to ecology
[dna] earth wrote 25 bytes to ecology
[dna] earth wrote 45 bytes to ecology
[dna] earth wrote 29 bytes to ecology
[dna] earth wrote 95 bytes to ecology
[dna] earth wrote 63 bytes to ecology
[dna] earth wrote 178 bytes to ecology
[dna] earth wrote 62 bytes to ecology
[dna] earth wrote 55 bytes to ecology
[debug-onto] tick=500 corpus=173643 stage=2 freeze=0
[dna] earth wrote 142 bytes to ecology
[dna] earth wrote 68 bytes to ecology
[dna] earth wrote 132 bytes to ecology
[dna] earth wrote 100 bytes to ecology
[dna] earth wrote 35 bytes to ecology
[dna] earth wrote 99 bytes to ecology
[dna] earth wrote 47 bytes to ecology
[dna] earth wrote 55 bytes to ecology
[dna] earth wrote 72 bytes to ecology
[dna] earth wrote 24 bytes to ecology
[dna] earth wrote 41 bytes to ecology
[dna] earth wrote 89 bytes to ecology
[dna] earth wrote 35 bytes to ecology
[dna] earth wrote 68 bytes to ecology
[dna] earth wrote 53 bytes to ecology
[dna] earth wrote 113 bytes to ecology
[dna] earth wrote 74 bytes to ecology
[debug-onto] tick=550 corpus=173643 stage=2 freeze=0
[dna] earth wrote 43 bytes to ecology
[dna] earth wrote 27 bytes to ecology
[dna] earth wrote 43 bytes to ecology
[dna] earth wrote 68 bytes to ecology
[dna] earth wrote 112 bytes to ecology
[dna] earth wrote 37 bytes to ecology
[dna] earth wrote 97 bytes to ecology
[dna] earth wrote 34 bytes to ecology
[dna] earth wrote 78 bytes to ecology
[dna] earth wrote 72 bytes to ecology
[dna] earth wrote 57 bytes to ecology
[dna] earth wrote 113 bytes to ecology
[dna] earth wrote 38 bytes to ecology
[dna] earth wrote 60 bytes to ecology
[dna] earth wrote 42 bytes to ecology
[dna] earth wrote 8 bytes to ecology
[debug-onto] tick=600 corpus=173643 stage=2 freeze=0
[dna] earth wrote 68 bytes to ecology
[dna] earth wrote 35 bytes to ecology
[dna] earth wrote 29 bytes to ecology
[dna] earth wrote 74 bytes to ecology
[dna] earth wrote 81 bytes to ecology
[dna] earth wrote 101 bytes to ecology
[dna] earth wrote 100 bytes to ecology
[dna] earth wrote 139 bytes to ecology
[dna] earth wrote 83 bytes to ecology
[dna] earth wrote 109 bytes to ecology
[dna] earth wrote 122 bytes to ecology
[dna] earth wrote 51 bytes to ecology
[dna] earth wrote 70 bytes to ecology
[dna] earth wrote 130 bytes to ecology
[dna] earth wrote 28 bytes to ecology
[dna] earth wrote 81 bytes to ecology
[dna] earth wrote 38 bytes to ecology
[debug-onto] tick=650 corpus=173643 stage=2 freeze=0
[dna] earth wrote 57 bytes to ecology
[dna] earth wrote 16 bytes to ecology
[dna] earth wrote 118 bytes to ecology
[dna] earth wrote 67 bytes to ecology
[dna] earth wrote 106 bytes to ecology
[dna] earth wrote 120 bytes to ecology
[dna] earth wrote 155 bytes to ecology
[dna] earth wrote 166 bytes to ecology
[dna] earth wrote 73 bytes to ecology

[evolution] Organism shutting down gracefully.
