[ecology] Element: water → corpus: nonames_water.txt
[evolution] Autonomous evolution mode — organism will grow through all stages without pause.
[ecology] Joined swarm. 1 peer(s) detected.
molequla is alive. [evolution] Autonomous mode — background trainer running. Ctrl+C to stop.
[dna] water wrote 70 bytes to ecology
[dna] water consumed 15480 bytes from 226 files: [air/gen_1775715733_1.txt air/gen_1775715749_4.txt air/gen_1775715757_7.txt air/gen_1775715764_10.txt air/gen_1775715772_13.txt air/gen_1775715780_16.txt air/gen_1775715788_19.txt air/gen_1775715796_22.txt air/gen_1775715804_25.txt air/gen_1775715811_28.txt air/gen_1775715819_31.txt air/gen_1775715827_34.txt air/gen_1775715835_37.txt air/gen_1775715843_40.txt air/gen_1775715850_43.txt air/gen_1775715858_46.txt air/gen_1775715866_49.txt air/gen_1775715874_52.txt air/gen_1775715882_55.txt air/gen_1775715889_58.txt air/gen_1775715897_61.txt air/gen_1775715905_64.txt air/gen_1775715913_67.txt air/gen_1775715921_70.txt air/gen_1775715929_73.txt air/gen_1775715937_76.txt air/gen_1775715945_79.txt air/gen_1775715953_82.txt air/gen_1775715961_85.txt air/gen_1775715969_88.txt air/gen_1775715976_91.txt air/gen_1775715984_94.txt air/gen_1775715992_97.txt air/gen_1775716000_100.txt air/gen_1775716008_103.txt air/gen_1775716015_106.txt air/gen_1775716023_109.txt air/gen_1775716031_112.txt air/gen_1775716039_115.txt air/gen_1775716047_118.txt air/gen_1775716055_121.txt air/gen_1775716063_124.txt air/gen_1775716070_127.txt air/gen_1775716078_130.txt air/gen_1775716086_133.txt air/gen_1775716094_136.txt air/gen_1775716102_139.txt air/gen_1775716109_142.txt air/gen_1775716117_145.txt air/gen_1775716125_148.txt air/gen_1775716133_151.txt air/gen_1775716141_154.txt air/gen_1775716149_157.txt air/gen_1775716157_160.txt air/gen_1775716164_163.txt air/gen_1775716172_166.txt air/gen_1775716180_169.txt air/gen_1775716188_172.txt air/gen_1775716196_175.txt air/gen_1775716204_178.txt air/gen_1775716212_181.txt air/gen_1775716220_184.txt air/gen_1775716228_187.txt air/gen_1775716235_190.txt air/gen_1775716243_193.txt air/gen_1775716251_196.txt air/gen_1775716259_199.txt air/gen_1775716267_202.txt air/gen_1775716274_205.txt air/gen_1775716282_208.txt air/gen_1775716290_211.txt air/gen_1775716298_214.txt air/gen_1775716306_217.txt air/gen_1775716314_220.txt air/gen_1775716321_223.txt air/gen_1775716329_226.txt air/gen_1775716337_229.txt air/gen_1775716345_232.txt air/gen_1775716353_235.txt air/gen_1775716361_238.txt air/gen_1775716369_241.txt air/gen_1775716377_244.txt air/gen_1775716385_247.txt air/gen_1775716392_250.txt air/gen_1775716400_253.txt air/gen_1775716408_256.txt air/gen_1775716416_259.txt air/gen_1775716424_262.txt air/gen_1775716432_265.txt air/gen_1775716440_268.txt air/gen_1775716448_271.txt air/gen_1775716456_274.txt air/gen_1775716463_277.txt air/gen_1775716471_280.txt air/gen_1775716479_283.txt air/gen_1775716487_286.txt air/gen_1775716495_289.txt air/gen_1775716503_292.txt air/gen_1775716511_295.txt air/gen_1775716519_298.txt air/gen_1775716527_301.txt air/gen_1775716535_304.txt air/gen_1775716543_307.txt air/gen_1775716551_310.txt air/gen_1775716558_313.txt air/gen_1775716566_316.txt air/gen_1775716574_319.txt air/gen_1775716582_322.txt air/gen_1775716590_325.txt air/gen_1775716598_328.txt air/gen_1775716606_331.txt air/gen_1775716614_334.txt air/gen_1775716622_337.txt air/gen_1775716629_340.txt air/gen_1775716637_343.txt air/gen_1775716645_346.txt air/gen_1775716653_349.txt air/gen_1775716661_352.txt air/gen_1775716669_355.txt air/gen_1775716677_358.txt air/gen_1775716685_361.txt air/gen_1775716693_364.txt air/gen_1775716701_367.txt air/gen_1775716709_370.txt air/gen_1775716717_373.txt air/gen_1775716725_376.txt air/gen_1775716733_379.txt air/gen_1775716741_382.txt air/gen_1775716749_385.txt air/gen_1775716757_388.txt air/gen_1775716766_391.txt air/gen_1775716774_394.txt air/gen_1775716782_397.txt air/gen_1775716790_400.txt air/gen_1775716798_403.txt air/gen_1775716806_406.txt air/gen_1775716814_409.txt air/gen_1775716822_412.txt air/gen_1775716830_415.txt air/gen_1775716838_418.txt air/gen_1775716847_421.txt air/gen_1775716855_424.txt air/gen_1775716863_427.txt air/gen_1775716871_430.txt air/gen_1775716879_433.txt air/gen_1775716887_436.txt air/gen_1775716895_439.txt air/gen_1775716903_442.txt air/gen_1775716911_445.txt air/gen_1775716919_448.txt air/gen_1775716927_451.txt air/gen_1775716935_454.txt air/gen_1775716943_457.txt air/gen_1775716951_460.txt air/gen_1775716959_463.txt air/gen_1775716967_466.txt air/gen_1775716975_469.txt air/gen_1775716983_472.txt air/gen_1775716991_475.txt air/gen_1775716999_478.txt air/gen_1775717007_481.txt air/gen_1775717015_484.txt air/gen_1775717023_487.txt air/gen_1775717031_490.txt air/gen_1775717039_493.txt air/gen_1775717047_496.txt air/gen_1775717055_499.txt air/gen_1775717063_502.txt air/gen_1775717071_505.txt air/gen_1775717079_508.txt air/gen_1775717087_511.txt air/gen_1775717095_514.txt air/gen_1775717103_517.txt air/gen_1775717111_520.txt air/gen_1775717119_523.txt air/gen_1775717127_526.txt air/gen_1775717135_529.txt air/gen_1775717143_532.txt air/gen_1775717151_535.txt air/gen_1775717160_538.txt air/gen_1775717168_541.txt air/gen_1775717176_544.txt air/gen_1775717184_547.txt air/gen_1775717192_550.txt air/gen_1775717200_553.txt air/gen_1775717208_556.txt air/gen_1775717216_559.txt air/gen_1775717224_562.txt air/gen_1775717231_565.txt air/gen_1775717239_568.txt air/gen_1775717247_571.txt air/gen_1775717255_574.txt air/gen_1775717263_577.txt air/gen_1775717271_580.txt air/gen_1775717279_583.txt air/gen_1775717287_586.txt air/gen_1775717295_589.txt air/gen_1775717302_592.txt air/gen_1775717310_595.txt air/gen_1775717318_598.txt air/gen_1775717326_601.txt air/gen_1775717334_604.txt air/gen_1775717342_607.txt air/gen_1775717350_610.txt air/gen_1775717358_613.txt air/gen_1775717365_616.txt air/gen_1775717373_619.txt air/gen_1775717381_622.txt air/gen_1775717389_625.txt air/gen_1775717397_628.txt air/gen_1775717405_631.txt air/gen_1775717413_634.txt air/gen_1775717421_637.txt air/gen_1775717429_640.txt air/gen_1775717437_643.txt air/gen_1775717444_646.txt air/gen_1775717452_649.txt air/gen_1775717460_652.txt air/gen_1775717468_655.txt air/gen_1775717476_658.txt air/gen_1775717485_661.txt air/gen_1775717493_664.txt air/gen_1775717501_667.txt air/gen_1775717508_670.txt air/gen_1775717516_673.txt air/gen_1775717524_676.txt]
[trainer] micro-train burst (15480 bytes, novelty 0.03) — and lo, it feeds again.
[syntropy] action=explore | trend=0.0000 | field_dev=-0.067 | purpose_align=0.079 | lr_mul=1.30
[aml] burst complete: 32 steps, avg loss 1.8494 (memory freed)
[dna] water wrote 32 bytes to ecology
[dna] water wrote 55 bytes to ecology
[dna] water wrote 134 bytes to ecology
[dna] water wrote 101 bytes to ecology
[dna] water wrote 66 bytes to ecology
[dna] water wrote 23 bytes to ecology
[dna] water wrote 91 bytes to ecology
[dna] water wrote 151 bytes to ecology
[dna] water wrote 60 bytes to ecology
[dna] water wrote 177 bytes to ecology
[dna] water wrote 28 bytes to ecology
[dna] water wrote 36 bytes to ecology
[dna] water wrote 58 bytes to ecology
[dna] water wrote 56 bytes to ecology
[dna] water wrote 36 bytes to ecology
[dna] water wrote 64 bytes to ecology
[dna] water wrote 61 bytes to ecology
[dna] water wrote 32 bytes to ecology
[dna] water wrote 25 bytes to ecology
[dna] water wrote 11 bytes to ecology
[dna] water wrote 41 bytes to ecology
[dna] water wrote 83 bytes to ecology
[dna] water wrote 35 bytes to ecology
[dna] water wrote 35 bytes to ecology
[dna] water wrote 92 bytes to ecology
[dna] water wrote 124 bytes to ecology
[dna] water wrote 43 bytes to ecology
[dna] water wrote 139 bytes to ecology
[dna] water wrote 82 bytes to ecology
[debug-onto] tick=50 corpus=141403 stage=2 freeze=0
[dna] water wrote 37 bytes to ecology
[dna] water wrote 49 bytes to ecology
[dna] water wrote 17 bytes to ecology
[dna] water wrote 30 bytes to ecology
[dna] water wrote 50 bytes to ecology
[dna] water wrote 104 bytes to ecology
[dna] water wrote 73 bytes to ecology
[dna] water wrote 37 bytes to ecology
[dna] water wrote 42 bytes to ecology
[dna] water wrote 46 bytes to ecology
[dna] water wrote 86 bytes to ecology
[dna] water wrote 29 bytes to ecology
[dna] water wrote 40 bytes to ecology
[dna] water wrote 43 bytes to ecology
[dna] water wrote 59 bytes to ecology
[dna] water wrote 84 bytes to ecology
[dna] water wrote 150 bytes to ecology
[dna] water wrote 117 bytes to ecology
[dna] water wrote 177 bytes to ecology
[dna] water wrote 62 bytes to ecology
[dna] water wrote 36 bytes to ecology
[dna] water wrote 35 bytes to ecology
[dna] water wrote 32 bytes to ecology
[dna] water wrote 65 bytes to ecology
[dna] water wrote 124 bytes to ecology
[dna] water wrote 29 bytes to ecology
[debug-onto] tick=100 corpus=141403 stage=2 freeze=0
[dna] water wrote 73 bytes to ecology
[dna] water wrote 102 bytes to ecology
[dna] water wrote 126 bytes to ecology
[dna] water wrote 26 bytes to ecology
[dna] water wrote 59 bytes to ecology
[dna] water wrote 26 bytes to ecology
[dna] water wrote 29 bytes to ecology
[dna] water wrote 38 bytes to ecology
[dna] water wrote 64 bytes to ecology
[dna] water wrote 51 bytes to ecology
[dna] water wrote 64 bytes to ecology
[dna] water wrote 49 bytes to ecology
[dna] water wrote 44 bytes to ecology
[dna] water wrote 63 bytes to ecology
[dna] water wrote 79 bytes to ecology
[dna] water wrote 174 bytes to ecology
[dna] water wrote 90 bytes to ecology
[dna] water wrote 38 bytes to ecology
[dna] water wrote 76 bytes to ecology
[dna] water wrote 90 bytes to ecology
[dna] water wrote 62 bytes to ecology
[dna] water wrote 149 bytes to ecology
[dna] water wrote 52 bytes to ecology
[dna] water wrote 40 bytes to ecology
[dna] water wrote 25 bytes to ecology
[dna] water wrote 88 bytes to ecology
[dna] water wrote 53 bytes to ecology
[dna] water wrote 49 bytes to ecology
[dna] water wrote 38 bytes to ecology
[debug-onto] tick=150 corpus=141403 stage=2 freeze=0
[dna] water wrote 150 bytes to ecology
[dna] water wrote 31 bytes to ecology
[dna] water wrote 40 bytes to ecology
[dna] water wrote 42 bytes to ecology
[dna] water wrote 26 bytes to ecology
[dna] water wrote 40 bytes to ecology
[dna] water wrote 44 bytes to ecology
[dna] water wrote 102 bytes to ecology
[dna] water wrote 94 bytes to ecology
[dna] water wrote 135 bytes to ecology
[dna] water wrote 116 bytes to ecology
[dna] water wrote 67 bytes to ecology
[dna] water wrote 36 bytes to ecology
[dna] water wrote 60 bytes to ecology
[dna] water wrote 105 bytes to ecology
[dna] water wrote 55 bytes to ecology
[dna] water wrote 69 bytes to ecology
[dna] water wrote 45 bytes to ecology
[dna] water wrote 110 bytes to ecology
[dna] water wrote 102 bytes to ecology
[dna] water wrote 23 bytes to ecology
[dna] water wrote 41 bytes to ecology
[dna] water wrote 33 bytes to ecology
[dna] water wrote 46 bytes to ecology
[dna] water wrote 56 bytes to ecology
[dna] water wrote 140 bytes to ecology
[dna] water wrote 70 bytes to ecology
[dna] water wrote 43 bytes to ecology
[debug-onto] tick=200 corpus=141403 stage=2 freeze=0
[dna] water wrote 26 bytes to ecology
[dna] water wrote 97 bytes to ecology
[dna] water wrote 68 bytes to ecology
[dna] water wrote 55 bytes to ecology
[dna] water wrote 68 bytes to ecology
[dna] water wrote 110 bytes to ecology
[dna] water wrote 151 bytes to ecology
[dna] water wrote 57 bytes to ecology
[dna] water wrote 71 bytes to ecology
[dna] water wrote 57 bytes to ecology
[dna] water wrote 49 bytes to ecology
[dna] water wrote 96 bytes to ecology
[dna] water wrote 106 bytes to ecology
[dna] water wrote 79 bytes to ecology
[dna] water wrote 36 bytes to ecology
[dna] water wrote 110 bytes to ecology
[dna] water wrote 26 bytes to ecology
[dna] water wrote 109 bytes to ecology
[dna] water wrote 55 bytes to ecology
[dna] water wrote 44 bytes to ecology
[dna] water wrote 77 bytes to ecology
[dna] water wrote 30 bytes to ecology
[dna] water wrote 41 bytes to ecology
[dna] water wrote 81 bytes to ecology
[dna] water wrote 55 bytes to ecology
[debug-onto] tick=250 corpus=141403 stage=2 freeze=0
[dna] water wrote 143 bytes to ecology
[dna] water wrote 92 bytes to ecology
[dna] water wrote 62 bytes to ecology
[dna] water wrote 59 bytes to ecology
[dna] water wrote 41 bytes to ecology
[dna] water wrote 93 bytes to ecology
[dna] water wrote 98 bytes to ecology
[dna] water wrote 134 bytes to ecology
[dna] water wrote 93 bytes to ecology
[dna] water wrote 44 bytes to ecology
[dna] water wrote 69 bytes to ecology
[dna] water wrote 49 bytes to ecology
[dna] water wrote 111 bytes to ecology
[dna] water wrote 125 bytes to ecology
[dna] water wrote 43 bytes to ecology
[dna] water wrote 81 bytes to ecology
[dna] water wrote 81 bytes to ecology
[dna] water wrote 60 bytes to ecology
[dna] water wrote 47 bytes to ecology
[dna] water wrote 54 bytes to ecology
[dna] water wrote 49 bytes to ecology
[dna] water wrote 89 bytes to ecology
[dna] water wrote 129 bytes to ecology
[dna] water wrote 42 bytes to ecology
[dna] water wrote 38 bytes to ecology
[dna] water wrote 111 bytes to ecology
[debug-onto] tick=300 corpus=141403 stage=2 freeze=0
[dna] water wrote 98 bytes to ecology
[dna] water wrote 55 bytes to ecology
[dna] water wrote 71 bytes to ecology
[dna] water wrote 93 bytes to ecology
[dna] water wrote 47 bytes to ecology
[dna] water wrote 67 bytes to ecology
[dna] water wrote 66 bytes to ecology
[dna] water wrote 33 bytes to ecology
[dna] water wrote 43 bytes to ecology
[dna] water wrote 38 bytes to ecology
[dna] water wrote 155 bytes to ecology
[dna] water wrote 178 bytes to ecology
[dna] water wrote 45 bytes to ecology
[dna] water wrote 58 bytes to ecology
[dna] water wrote 64 bytes to ecology
[dna] water wrote 28 bytes to ecology
[dna] water wrote 41 bytes to ecology
[dna] water wrote 124 bytes to ecology
[dna] water wrote 27 bytes to ecology
[dna] water wrote 37 bytes to ecology
[dna] water wrote 81 bytes to ecology
[dna] water wrote 49 bytes to ecology
[dna] water wrote 74 bytes to ecology
[dna] water wrote 53 bytes to ecology
[dna] water wrote 47 bytes to ecology
[dna] water wrote 74 bytes to ecology
[dna] water wrote 71 bytes to ecology
[dna] water wrote 49 bytes to ecology
[dna] water wrote 60 bytes to ecology
[debug-onto] tick=350 corpus=141403 stage=2 freeze=0
[dna] water wrote 80 bytes to ecology
[dna] water wrote 66 bytes to ecology
[dna] water wrote 43 bytes to ecology
[dna] water wrote 128 bytes to ecology
[dna] water wrote 96 bytes to ecology
[dna] water wrote 69 bytes to ecology
[dna] water wrote 91 bytes to ecology
[dna] water wrote 61 bytes to ecology
[dna] water wrote 134 bytes to ecology
[dna] water wrote 180 bytes to ecology
[dna] water wrote 104 bytes to ecology
[dna] water wrote 99 bytes to ecology
[dna] water wrote 47 bytes to ecology
[dna] water wrote 30 bytes to ecology
[dna] water wrote 29 bytes to ecology
[dna] water wrote 132 bytes to ecology
[dna] water wrote 114 bytes to ecology
[dna] water wrote 121 bytes to ecology
[dna] water wrote 37 bytes to ecology
[dna] water wrote 48 bytes to ecology
[dna] water wrote 98 bytes to ecology
[dna] water wrote 91 bytes to ecology
[dna] water wrote 48 bytes to ecology
[dna] water wrote 48 bytes to ecology
[dna] water wrote 72 bytes to ecology
[dna] water wrote 148 bytes to ecology
[dna] water wrote 93 bytes to ecology
[dna] water wrote 90 bytes to ecology
[dna] water wrote 28 bytes to ecology
[dna] water wrote 46 bytes to ecology
[debug-onto] tick=400 corpus=141403 stage=2 freeze=0
[dna] water wrote 61 bytes to ecology
[dna] water wrote 38 bytes to ecology
[dna] water wrote 55 bytes to ecology
[dna] water wrote 81 bytes to ecology
[dna] water wrote 104 bytes to ecology
[dna] water wrote 71 bytes to ecology
[dna] water wrote 101 bytes to ecology
[dna] water wrote 51 bytes to ecology
[dna] water wrote 164 bytes to ecology
[dna] water wrote 123 bytes to ecology
[dna] water wrote 46 bytes to ecology
[dna] water wrote 76 bytes to ecology
[dna] water wrote 141 bytes to ecology
[dna] water wrote 27 bytes to ecology
[dna] water wrote 123 bytes to ecology
[dna] water wrote 47 bytes to ecology
[dna] water wrote 93 bytes to ecology
[dna] water wrote 30 bytes to ecology
[dna] water wrote 72 bytes to ecology
[dna] water wrote 79 bytes to ecology
[dna] water wrote 260 bytes to ecology
[dna] water wrote 30 bytes to ecology
[dna] water wrote 134 bytes to ecology
[dna] water wrote 19 bytes to ecology
[dna] water wrote 54 bytes to ecology
[dna] water wrote 133 bytes to ecology
[dna] water wrote 33 bytes to ecology
[dna] water wrote 40 bytes to ecology
[dna] water wrote 39 bytes to ecology
[debug-onto] tick=450 corpus=141403 stage=2 freeze=0
[dna] water wrote 66 bytes to ecology
[dna] water wrote 41 bytes to ecology
[dna] water wrote 65 bytes to ecology
[dna] water wrote 74 bytes to ecology
[dna] water wrote 66 bytes to ecology
[dna] water wrote 29 bytes to ecology
[dna] water wrote 37 bytes to ecology
[dna] water wrote 58 bytes to ecology
[dna] water wrote 39 bytes to ecology
[dna] water wrote 110 bytes to ecology
[dna] water wrote 57 bytes to ecology
[dna] water wrote 66 bytes to ecology
[dna] water wrote 148 bytes to ecology
[dna] water wrote 97 bytes to ecology
[dna] water wrote 59 bytes to ecology
[dna] water wrote 84 bytes to ecology
[dna] water wrote 177 bytes to ecology
[dna] water wrote 52 bytes to ecology
[dna] water wrote 114 bytes to ecology
[dna] water wrote 27 bytes to ecology
[dna] water wrote 64 bytes to ecology
[dna] water wrote 59 bytes to ecology
[dna] water wrote 35 bytes to ecology
[dna] water wrote 73 bytes to ecology
[dna] water wrote 115 bytes to ecology
[dna] water wrote 65 bytes to ecology
[dna] water wrote 64 bytes to ecology
[dna] water wrote 86 bytes to ecology
[dna] water wrote 39 bytes to ecology
[debug-onto] tick=500 corpus=141403 stage=2 freeze=0
[dna] water wrote 22 bytes to ecology
[dna] water wrote 31 bytes to ecology
[dna] water wrote 158 bytes to ecology
[dna] water wrote 130 bytes to ecology
[dna] water wrote 28 bytes to ecology
[dna] water wrote 67 bytes to ecology
[dna] water wrote 49 bytes to ecology
[dna] water wrote 164 bytes to ecology
[dna] water wrote 145 bytes to ecology
[dna] water wrote 16 bytes to ecology
[dna] water wrote 107 bytes to ecology
[dna] water wrote 142 bytes to ecology
[dna] water wrote 84 bytes to ecology
[dna] water wrote 38 bytes to ecology
[dna] water wrote 50 bytes to ecology
[dna] water wrote 53 bytes to ecology
[dna] water wrote 132 bytes to ecology
[dna] water wrote 47 bytes to ecology
[dna] water wrote 181 bytes to ecology
[dna] water wrote 133 bytes to ecology
[dna] water wrote 49 bytes to ecology
[dna] water wrote 29 bytes to ecology
[dna] water wrote 60 bytes to ecology
[dna] water wrote 75 bytes to ecology
[dna] water wrote 77 bytes to ecology
[dna] water wrote 40 bytes to ecology
[dna] water wrote 37 bytes to ecology
[dna] water wrote 32 bytes to ecology
[dna] water wrote 99 bytes to ecology
[dna] water wrote 131 bytes to ecology
[debug-onto] tick=550 corpus=141403 stage=2 freeze=0
[dna] water wrote 117 bytes to ecology
[dna] water wrote 61 bytes to ecology
[dna] water wrote 22 bytes to ecology
[dna] water wrote 103 bytes to ecology
[dna] water wrote 42 bytes to ecology
[dna] water wrote 76 bytes to ecology
[dna] water wrote 34 bytes to ecology
[dna] water wrote 33 bytes to ecology
[dna] water wrote 42 bytes to ecology
[dna] water wrote 51 bytes to ecology
[dna] water wrote 120 bytes to ecology
[dna] water wrote 113 bytes to ecology
[dna] water wrote 96 bytes to ecology
[dna] water wrote 77 bytes to ecology
[dna] water wrote 31 bytes to ecology
[dna] water wrote 79 bytes to ecology
[dna] water wrote 17 bytes to ecology
[dna] water wrote 59 bytes to ecology
[dna] water wrote 57 bytes to ecology
[dna] water wrote 15 bytes to ecology
[dna] water wrote 118 bytes to ecology
[dna] water wrote 103 bytes to ecology
[dna] water wrote 102 bytes to ecology
[dna] water wrote 79 bytes to ecology
[debug-onto] tick=600 corpus=141403 stage=2 freeze=0
[dna] water wrote 114 bytes to ecology
[dna] water wrote 84 bytes to ecology
[dna] water wrote 61 bytes to ecology
[dna] water wrote 30 bytes to ecology
[dna] water wrote 94 bytes to ecology
[dna] water wrote 28 bytes to ecology
[dna] water wrote 52 bytes to ecology
[dna] water wrote 29 bytes to ecology
[dna] water wrote 20 bytes to ecology
[dna] water wrote 90 bytes to ecology
[dna] water wrote 33 bytes to ecology
[dna] water wrote 44 bytes to ecology
[dna] water wrote 40 bytes to ecology
[dna] water wrote 70 bytes to ecology
[dna] water wrote 62 bytes to ecology
[dna] water wrote 63 bytes to ecology

[evolution] Organism shutting down gracefully.
