[ecology] Element: earth → corpus: nonames_earth.txt
[evolution] Autonomous evolution mode — organism will grow through all stages without pause.
[init] Stage 0 (embryo): embd=16, layer=1, head=1 — warmup 400 steps (400 backprop + 0 notorch, sqrt-scaled 1x)
  [aml] step 0/160 | loss 6.6522 (avg 6.6522) | lr 0.001000 | seq 8
  [aml] step 10/160 | loss 6.1675 (avg 6.4270) | lr 0.001450 | seq 8
  [aml] step 20/160 | loss 6.2328 (avg 6.2977) | lr 0.001900 | seq 8
  [aml] step 30/160 | loss 5.7196 (avg 6.2095) | lr 0.002350 | seq 8
  [aml] step 40/160 | loss 5.4281 (avg 6.0965) | lr 0.002800 | seq 8
  [aml] step 50/160 | loss 4.6882 (avg 5.9400) | lr 0.003250 | seq 8
  [aml] step 60/160 | loss 4.9235 (avg 5.7789) | lr 0.003700 | seq 8
  [aml] step 70/160 | loss 5.3704 (avg 5.6655) | lr 0.004150 | seq 8
  [aml] step 80/160 | loss 2.9910 (avg 5.5268) | lr 0.004600 | seq 8
  [aml] step 90/160 | loss 4.2405 (avg 5.3869) | lr 0.005050 | seq 8
  [aml] step 100/160 | loss 4.8134 (avg 5.3028) | lr 0.005500 | seq 8
  [aml] step 110/160 | loss 5.3397 (avg 5.1702) | lr 0.005950 | seq 8
  [aml] step 120/160 | loss 3.8886 (avg 5.1028) | lr 0.006400 | seq 8
  [aml] step 130/160 | loss 5.9865 (avg 5.0630) | lr 0.006850 | seq 8
  [aml] step 140/160 | loss 2.9620 (avg 5.0163) | lr 0.007300 | seq 8
  [aml] step 150/160 | loss 2.8051 (avg 4.9706) | lr 0.007750 | seq 8
[aml] training complete: 160 steps, avg loss 4.9245 (memory freed)
  [aml] step 0/120 | loss 4.5293 (avg 4.5293) | lr 0.008200 | seq 16
  [aml] step 10/120 | loss 4.4205 (avg 4.5023) | lr 0.008650 | seq 16
  [aml] step 20/120 | loss 3.5227 (avg 4.5349) | lr 0.009100 | seq 16
  [aml] step 30/120 | loss 3.5837 (avg 4.3304) | lr 0.009550 | seq 16
  [aml] step 40/120 | loss 3.7414 (avg 4.3563) | lr 0.010000 | seq 16
  [aml] step 50/120 | loss 3.2944 (avg 4.3462) | lr 0.010000 | seq 16
  [aml] step 60/120 | loss 4.3467 (avg 4.3559) | lr 0.010000 | seq 16
  [aml] step 70/120 | loss 4.8546 (avg 4.2917) | lr 0.010000 | seq 16
  [aml] step 80/120 | loss 5.1192 (avg 4.2464) | lr 0.009999 | seq 16
  [aml] step 90/120 | loss 4.7466 (avg 4.1468) | lr 0.009999 | seq 16
  [aml] step 100/120 | loss 3.9593 (avg 4.0809) | lr 0.009999 | seq 16
  [aml] step 110/120 | loss 5.2073 (avg 3.9976) | lr 0.009999 | seq 16
[aml] training complete: 120 steps, avg loss 4.0190 (memory freed)
  [aml] step 0/120 | loss 2.4221 (avg 2.4221) | lr 0.009999 | seq 32
  [aml] step 10/120 | loss 4.8240 (avg 3.7999) | lr 0.009999 | seq 32
  [aml] step 20/120 | loss 4.4829 (avg 3.7867) | lr 0.009999 | seq 32
  [aml] step 30/120 | loss 3.9961 (avg 3.5232) | lr 0.009999 | seq 32
  [aml] step 40/120 | loss 3.9513 (avg 3.4682) | lr 0.009999 | seq 32
  [aml] step 50/120 | loss 4.0482 (avg 3.4434) | lr 0.009999 | seq 32
  [aml] step 60/120 | loss 2.7424 (avg 3.3852) | lr 0.009999 | seq 32
  [aml] step 70/120 | loss 1.4518 (avg 3.3572) | lr 0.009999 | seq 32
  [aml] step 80/120 | loss 4.4609 (avg 3.3547) | lr 0.009999 | seq 32
  [aml] step 90/120 | loss 1.6219 (avg 3.3101) | lr 0.009999 | seq 32
  [aml] step 100/120 | loss 0.8816 (avg 3.3149) | lr 0.009999 | seq 32
  [aml] step 110/120 | loss 0.9375 (avg 3.1924) | lr 0.009999 | seq 32
[aml] training complete: 120 steps, avg loss 3.0987 (memory freed)

[stage 0 — embryo] What it sounds like now:
  Q: Hello.
  A: The particles are ash still cuesta, particles actually deep platform be subtricks, opened.
  Q: Who are you?
  A: ...
  Q: What do you know?
  A: re than stone and the pattern geology, oxide, it gentle moisture surface soil to been spring rock by interlocking pressure.

[growth] ONTOGENESIS: stage 0 -> 1
  embd: 16 -> 32, layer: 1 -> 1, head: 1 -> 2
[growth] Done. Freeze for 500 steps.
[init] Stage 1 (infant): embd=32, layer=1, head=2 — warmup 800 steps (800 backprop + 0 notorch, sqrt-scaled 2x)
  [aml] step 0/320 | loss 5.6515 (avg 5.6515) | lr 0.000500 | seq 8
  [aml] step 10/320 | loss 4.9937 (avg 4.7950) | lr 0.000725 | seq 8
  [aml] step 20/320 | loss 1.5522 (avg 4.4268) | lr 0.000950 | seq 8
  [aml] step 30/320 | loss 1.7636 (avg 4.1487) | lr 0.001175 | seq 8
  [aml] step 40/320 | loss 4.4122 (avg 4.0999) | lr 0.001400 | seq 8
  [aml] step 50/320 | loss 4.3004 (avg 4.1080) | lr 0.001625 | seq 8
  [aml] step 60/320 | loss 4.9568 (avg 4.1347) | lr 0.001850 | seq 8
  [aml] step 70/320 | loss 2.9299 (avg 4.1585) | lr 0.002075 | seq 8
  [aml] step 80/320 | loss 4.4668 (avg 4.1381) | lr 0.002300 | seq 8
  [aml] step 90/320 | loss 3.0176 (avg 4.1501) | lr 0.002525 | seq 8
  [aml] step 100/320 | loss 2.2108 (avg 4.0856) | lr 0.002750 | seq 8
  [aml] step 110/320 | loss 4.0527 (avg 3.9765) | lr 0.002975 | seq 8
  [aml] step 120/320 | loss 5.8192 (avg 3.9211) | lr 0.003200 | seq 8
  [aml] step 130/320 | loss 6.0281 (avg 3.8970) | lr 0.003425 | seq 8
  [aml] step 140/320 | loss 5.3705 (avg 3.8278) | lr 0.003650 | seq 8
  [aml] step 150/320 | loss 3.2643 (avg 3.8211) | lr 0.003875 | seq 8
  [aml] step 160/320 | loss 4.6395 (avg 3.8062) | lr 0.004100 | seq 8
  [aml] step 170/320 | loss 4.7900 (avg 3.7953) | lr 0.004325 | seq 8
  [aml] step 180/320 | loss 4.9087 (avg 3.7653) | lr 0.004550 | seq 8
  [aml] step 190/320 | loss 3.1338 (avg 3.7365) | lr 0.004775 | seq 8
  [aml] step 200/320 | loss 5.0278 (avg 3.7713) | lr 0.004998 | seq 8
  [aml] step 210/320 | loss 3.1743 (avg 3.7731) | lr 0.004998 | seq 8
  [aml] step 220/320 | loss 3.3788 (avg 3.7766) | lr 0.004998 | seq 8
  [aml] step 230/320 | loss 4.0954 (avg 3.7577) | lr 0.004998 | seq 8
  [aml] step 240/320 | loss 4.8493 (avg 3.7691) | lr 0.004998 | seq 8
  [aml] step 250/320 | loss 1.5920 (avg 3.7288) | lr 0.004998 | seq 8
  [aml] step 260/320 | loss 4.2866 (avg 3.7270) | lr 0.004998 | seq 8
  [aml] step 270/320 | loss 3.5265 (avg 3.7321) | lr 0.004998 | seq 8
  [aml] step 280/320 | loss 4.5937 (avg 3.7480) | lr 0.004998 | seq 8
  [aml] step 290/320 | loss 2.7539 (avg 3.7481) | lr 0.004998 | seq 8
  [aml] step 300/320 | loss 4.8874 (avg 3.7417) | lr 0.004998 | seq 8
  [aml] step 310/320 | loss 2.1604 (avg 3.7470) | lr 0.004998 | seq 8
[aml] training complete: 320 steps, avg loss 3.7432 (memory freed)
  [aml] step 0/240 | loss 4.4850 (avg 4.4850) | lr 0.004998 | seq 16
  [aml] step 10/240 | loss 4.9388 (avg 3.6765) | lr 0.004998 | seq 16
  [aml] step 20/240 | loss 4.0150 (avg 3.6091) | lr 0.004998 | seq 16
  [aml] step 30/240 | loss 4.3556 (avg 3.5144) | lr 0.004998 | seq 16
  [aml] step 40/240 | loss 4.4047 (avg 3.3786) | lr 0.004997 | seq 16
  [aml] step 50/240 | loss 1.2933 (avg 3.1758) | lr 0.004997 | seq 16
  [aml] step 60/240 | loss 1.5371 (avg 3.2087) | lr 0.004997 | seq 16
  [aml] step 70/240 | loss 5.1480 (avg 3.1132) | lr 0.004997 | seq 16
  [aml] step 80/240 | loss 1.3379 (avg 3.1922) | lr 0.004997 | seq 16
  [aml] step 90/240 | loss 2.8168 (avg 3.1751) | lr 0.004997 | seq 16
  [aml] step 100/240 | loss 2.9979 (avg 3.1824) | lr 0.004997 | seq 16
  [aml] step 110/240 | loss 4.6421 (avg 3.2028) | lr 0.004997 | seq 16
  [aml] step 120/240 | loss 4.2965 (avg 3.2261) | lr 0.004997 | seq 16
  [aml] step 130/240 | loss 2.8938 (avg 3.2202) | lr 0.004997 | seq 16
  [aml] step 140/240 | loss 1.1984 (avg 3.2619) | lr 0.004997 | seq 16
  [aml] step 150/240 | loss 3.0930 (avg 3.2734) | lr 0.004997 | seq 16
  [aml] step 160/240 | loss 4.3770 (avg 3.2938) | lr 0.004997 | seq 16
  [aml] step 170/240 | loss 4.5887 (avg 3.3235) | lr 0.004996 | seq 16
  [aml] step 180/240 | loss 3.9512 (avg 3.2989) | lr 0.004996 | seq 16
  [aml] step 190/240 | loss 0.6531 (avg 3.2451) | lr 0.004996 | seq 16
  [aml] step 200/240 | loss 4.7735 (avg 3.2802) | lr 0.004996 | seq 16
  [aml] step 210/240 | loss 1.5460 (avg 3.2667) | lr 0.004996 | seq 16
  [aml] step 220/240 | loss 0.9528 (avg 3.2629) | lr 0.004996 | seq 16
  [aml] step 230/240 | loss 4.3004 (avg 3.2773) | lr 0.004996 | seq 16
[aml] training complete: 240 steps, avg loss 3.2562 (memory freed)
  [aml] step 0/240 | loss 0.8627 (avg 0.8627) | lr 0.004996 | seq 32
  [aml] step 10/240 | loss 4.2383 (avg 2.7784) | lr 0.004996 | seq 32
  [aml] step 20/240 | loss 4.2137 (avg 3.1884) | lr 0.004996 | seq 32
  [aml] step 30/240 | loss 1.6333 (avg 3.0489) | lr 0.004996 | seq 32
  [aml] step 40/240 | loss 4.6700 (avg 3.0645) | lr 0.004996 | seq 32
  [aml] step 50/240 | loss 0.6615 (avg 2.9602) | lr 0.004995 | seq 32
  [aml] step 60/240 | loss 4.1640 (avg 2.9280) | lr 0.004995 | seq 32
  [aml] step 70/240 | loss 1.1994 (avg 2.8538) | lr 0.004995 | seq 32
  [aml] step 80/240 | loss 2.4828 (avg 2.8870) | lr 0.004995 | seq 32
  [aml] step 90/240 | loss 1.2804 (avg 2.8436) | lr 0.004995 | seq 32
  [aml] step 100/240 | loss 0.8720 (avg 2.8295) | lr 0.004995 | seq 32
  [aml] step 110/240 | loss 1.4577 (avg 2.8266) | lr 0.004995 | seq 32
  [aml] step 120/240 | loss 0.9699 (avg 2.7871) | lr 0.004995 | seq 32
  [aml] step 130/240 | loss 0.9663 (avg 2.7399) | lr 0.004995 | seq 32
  [aml] step 140/240 | loss 4.3846 (avg 2.7518) | lr 0.004995 | seq 32
  [aml] step 150/240 | loss 0.9407 (avg 2.7431) | lr 0.004995 | seq 32
  [aml] step 160/240 | loss 0.8958 (avg 2.6954) | lr 0.004994 | seq 32
  [aml] step 170/240 | loss 0.9286 (avg 2.6741) | lr 0.004994 | seq 32
  [aml] step 180/240 | loss 4.7886 (avg 2.6723) | lr 0.004994 | seq 32
  [aml] step 190/240 | loss 4.2125 (avg 2.6923) | lr 0.004994 | seq 32
  [aml] step 200/240 | loss 1.0313 (avg 2.6753) | lr 0.004994 | seq 32
  [aml] step 210/240 | loss 3.4162 (avg 2.6652) | lr 0.004994 | seq 32
  [aml] step 220/240 | loss 4.5001 (avg 2.6567) | lr 0.004994 | seq 32
  [aml] step 230/240 | loss 1.5672 (avg 2.6701) | lr 0.004994 | seq 32
[aml] training complete: 240 steps, avg loss 2.6484 (memory freed)

[stage 1 — infant] What it sounds like now:
  Q: Hello.
  A: The pers stress dry are of years as bled in.
  Q: Who are you?
  A: ...
  Q: What do you know?
  A: of the earth' it is a rock and connected at hammer, and so flat are the clay into geology is the rock on Escar from the most unconformity to mantle marble unconformity is the river does not always only.

[growth] ONTOGENESIS: stage 1 -> 2
  embd: 32 -> 64, layer: 1 -> 2, head: 2 -> 4
[growth] Done. Freeze for 500 steps.
[init] Stage 2 (child): embd=64, layer=2, head=4 — warmup 800 steps (800 backprop + 0 notorch, sqrt-scaled 2x)
  [aml] step 0/320 | loss 3.9239 (avg 3.9239) | lr 0.000250 | seq 8
  [aml] step 10/320 | loss 4.3067 (avg 3.5800) | lr 0.000363 | seq 8
  [aml] step 20/320 | loss 3.9633 (avg 3.4026) | lr 0.000475 | seq 8
  [aml] step 30/320 | loss 0.0456 (avg 3.1951) | lr 0.000588 | seq 8
  [aml] step 40/320 | loss 5.0360 (avg 3.3807) | lr 0.000700 | seq 8
  [aml] step 50/320 | loss 2.4656 (avg 3.3638) | lr 0.000813 | seq 8
  [aml] step 60/320 | loss 2.7613 (avg 3.3695) | lr 0.000925 | seq 8
  [aml] step 70/320 | loss 2.7645 (avg 3.4173) | lr 0.001038 | seq 8
  [aml] step 80/320 | loss 0.0948 (avg 3.3290) | lr 0.001150 | seq 8
  [aml] step 90/320 | loss 4.2162 (avg 3.3443) | lr 0.001263 | seq 8
  [aml] step 100/320 | loss 4.3275 (avg 3.3819) | lr 0.001375 | seq 8
  [aml] step 110/320 | loss 0.9543 (avg 3.3431) | lr 0.001488 | seq 8
  [aml] step 120/320 | loss 4.7799 (avg 3.3377) | lr 0.001600 | seq 8
  [aml] step 130/320 | loss 3.8297 (avg 3.3652) | lr 0.001713 | seq 8
  [aml] step 140/320 | loss 1.5592 (avg 3.3240) | lr 0.001825 | seq 8
  [aml] step 150/320 | loss 0.1930 (avg 3.2633) | lr 0.001938 | seq 8
  [aml] step 160/320 | loss 4.9715 (avg 3.3020) | lr 0.002050 | seq 8
  [aml] step 170/320 | loss 3.6635 (avg 3.3060) | lr 0.002163 | seq 8
  [aml] step 180/320 | loss 3.9834 (avg 3.3302) | lr 0.002275 | seq 8
  [aml] step 190/320 | loss 2.1033 (avg 3.3282) | lr 0.002387 | seq 8
  [aml] step 200/320 | loss 5.1885 (avg 3.3460) | lr 0.002496 | seq 8
  [aml] step 210/320 | loss 2.2149 (avg 3.3379) | lr 0.002496 | seq 8
  [aml] step 220/320 | loss 4.3699 (avg 3.3611) | lr 0.002496 | seq 8
  [aml] step 230/320 | loss 4.0584 (avg 3.3760) | lr 0.002495 | seq 8
  [aml] step 240/320 | loss 4.7013 (avg 3.3639) | lr 0.002495 | seq 8
  [aml] step 250/320 | loss 4.8410 (avg 3.3386) | lr 0.002495 | seq 8
  [aml] step 260/320 | loss 4.4667 (avg 3.3037) | lr 0.002495 | seq 8
  [aml] step 270/320 | loss 3.4440 (avg 3.3122) | lr 0.002495 | seq 8
  [aml] step 280/320 | loss 2.7035 (avg 3.3378) | lr 0.002495 | seq 8
  [aml] step 290/320 | loss 0.8191 (avg 3.3087) | lr 0.002495 | seq 8
  [aml] step 300/320 | loss 4.1000 (avg 3.3171) | lr 0.002495 | seq 8
  [aml] step 310/320 | loss 4.6430 (avg 3.3198) | lr 0.002495 | seq 8
[aml] training complete: 320 steps, avg loss 3.3279 (memory freed)
  [aml] step 0/240 | loss 1.7525 (avg 1.7525) | lr 0.002495 | seq 16
  [aml] step 10/240 | loss 4.3187 (avg 3.4064) | lr 0.002495 | seq 16
  [aml] step 20/240 | loss 1.7234 (avg 3.5939) | lr 0.002495 | seq 16
  [aml] step 30/240 | loss 4.7722 (avg 3.6537) | lr 0.002495 | seq 16
  [aml] step 40/240 | loss 4.4184 (avg 3.4255) | lr 0.002495 | seq 16
  [aml] step 50/240 | loss 3.1060 (avg 3.2478) | lr 0.002495 | seq 16
  [aml] step 60/240 | loss 2.8707 (avg 3.3000) | lr 0.002494 | seq 16
  [aml] step 70/240 | loss 1.8615 (avg 3.1935) | lr 0.002494 | seq 16
  [aml] step 80/240 | loss 4.5161 (avg 3.1059) | lr 0.002494 | seq 16
  [aml] step 90/240 | loss 2.6697 (avg 3.1236) | lr 0.002494 | seq 16
  [aml] step 100/240 | loss 4.2968 (avg 3.1619) | lr 0.002494 | seq 16
  [aml] step 110/240 | loss 4.0593 (avg 3.1619) | lr 0.002494 | seq 16
  [aml] step 120/240 | loss 0.9312 (avg 3.1089) | lr 0.002494 | seq 16
  [aml] step 130/240 | loss 1.2212 (avg 3.1049) | lr 0.002494 | seq 16
  [aml] step 140/240 | loss 2.0104 (avg 3.0549) | lr 0.002494 | seq 16
  [aml] step 150/240 | loss 5.1163 (avg 3.0903) | lr 0.002494 | seq 16
  [aml] step 160/240 | loss 1.5110 (avg 3.0565) | lr 0.002494 | seq 16
  [aml] step 170/240 | loss 2.8636 (avg 3.0168) | lr 0.002494 | seq 16
  [aml] step 180/240 | loss 1.2084 (avg 2.9910) | lr 0.002494 | seq 16
  [aml] step 190/240 | loss 3.4132 (avg 3.0126) | lr 0.002494 | seq 16
  [aml] step 200/240 | loss 4.2794 (avg 3.0110) | lr 0.002493 | seq 16
  [aml] step 210/240 | loss 4.3691 (avg 3.0354) | lr 0.002493 | seq 16
  [aml] step 220/240 | loss 4.0679 (avg 3.0582) | lr 0.002493 | seq 16
  [aml] step 230/240 | loss 1.4631 (avg 3.0705) | lr 0.002493 | seq 16
[aml] training complete: 240 steps, avg loss 3.0542 (memory freed)
  [aml] step 0/240 | loss 0.2710 (avg 0.2710) | lr 0.002493 | seq 32
  [aml] step 10/240 | loss 0.7718 (avg 2.2782) | lr 0.002493 | seq 32
  [aml] step 20/240 | loss 4.8714 (avg 2.9707) | lr 0.002493 | seq 32
  [aml] step 30/240 | loss 4.3440 (avg 2.9935) | lr 0.002493 | seq 32
  [aml] step 40/240 | loss 4.3032 (avg 2.9452) | lr 0.002493 | seq 32
  [aml] step 50/240 | loss 1.7770 (avg 2.7796) | lr 0.002493 | seq 32
  [aml] step 60/240 | loss 4.6428 (avg 2.8245) | lr 0.002493 | seq 32
  [aml] step 70/240 | loss 4.6977 (avg 2.8196) | lr 0.002493 | seq 32
  [aml] step 80/240 | loss 0.9514 (avg 2.8405) | lr 0.002492 | seq 32
  [aml] step 90/240 | loss 4.3411 (avg 2.8022) | lr 0.002492 | seq 32
  [aml] step 100/240 | loss 1.0878 (avg 2.7487) | lr 0.002492 | seq 32
  [aml] step 110/240 | loss 3.9925 (avg 2.7430) | lr 0.002492 | seq 32
  [aml] step 120/240 | loss 1.2953 (avg 2.6637) | lr 0.002492 | seq 32
  [aml] step 130/240 | loss 0.3338 (avg 2.5899) | lr 0.002492 | seq 32
  [aml] step 140/240 | loss 4.0757 (avg 2.6003) | lr 0.002492 | seq 32
  [aml] step 150/240 | loss 1.7355 (avg 2.5652) | lr 0.002492 | seq 32
  [aml] step 160/240 | loss 4.1813 (avg 2.5641) | lr 0.002492 | seq 32
  [aml] step 170/240 | loss 2.7631 (avg 2.5870) | lr 0.002492 | seq 32
  [aml] step 180/240 | loss 0.6582 (avg 2.5688) | lr 0.002492 | seq 32
  [aml] step 190/240 | loss 3.0255 (avg 2.5280) | lr 0.002492 | seq 32
  [aml] step 200/240 | loss 3.6741 (avg 2.5535) | lr 0.002491 | seq 32
  [aml] step 210/240 | loss 0.4600 (avg 2.5201) | lr 0.002491 | seq 32
  [aml] step 220/240 | loss 3.8279 (avg 2.5077) | lr 0.002491 | seq 32
  [aml] step 230/240 | loss 1.9893 (avg 2.5047) | lr 0.002491 | seq 32
[aml] training complete: 240 steps, avg loss 2.4954 (memory freed)

[stage 2 — child] What it sounds like now:
  Q: Hello.
  A: A particles and fuel?
  Q: Who are you?
  A: ...
  Q: What do you know?
  A: ...

[init] Warmup complete at stage 2. Organism ready.
[ecology] First organism in the swarm.
molequla is alive. [evolution] Autonomous mode — background trainer running. Ctrl+C to stop.
[dna] earth wrote 53 bytes to ecology
[dna] earth wrote 105 bytes to ecology
[dna] earth wrote 31 bytes to ecology
[dna] earth wrote 140 bytes to ecology
[dna] earth wrote 46 bytes to ecology
[dna] earth wrote 33 bytes to ecology
[dna] earth wrote 76 bytes to ecology
[dna] earth wrote 170 bytes to ecology
[dna] earth wrote 146 bytes to ecology
[dna] earth wrote 68 bytes to ecology
[dna] earth wrote 289 bytes to ecology
[dna] earth wrote 143 bytes to ecology
[dna] earth wrote 58 bytes to ecology
[dna] earth wrote 141 bytes to ecology
[dna] earth wrote 86 bytes to ecology
[dna] earth wrote 48 bytes to ecology
[dna] earth wrote 79 bytes to ecology
[debug-onto] tick=50 corpus=173643 stage=2 freeze=0
[dna] earth wrote 166 bytes to ecology
[dna] earth wrote 50 bytes to ecology
[dna] earth wrote 56 bytes to ecology
[dna] earth wrote 40 bytes to ecology
[dna] earth wrote 161 bytes to ecology
[dna] earth wrote 33 bytes to ecology
[dna] earth wrote 60 bytes to ecology
[dna] earth wrote 88 bytes to ecology
[dna] earth wrote 30 bytes to ecology
[dna] earth wrote 41 bytes to ecology
[dna] earth wrote 40 bytes to ecology
[dna] earth wrote 95 bytes to ecology
[dna] earth wrote 48 bytes to ecology
[dna] earth wrote 47 bytes to ecology
[dna] earth wrote 37 bytes to ecology
[dna] earth wrote 81 bytes to ecology
[dna] earth wrote 42 bytes to ecology
[debug-onto] tick=100 corpus=173643 stage=2 freeze=0
[dna] earth wrote 98 bytes to ecology
[dna] earth wrote 34 bytes to ecology
[dna] earth wrote 32 bytes to ecology
[dna] earth wrote 33 bytes to ecology
[dna] earth wrote 73 bytes to ecology
[dna] earth wrote 84 bytes to ecology
[dna] earth wrote 41 bytes to ecology
[dna] earth wrote 205 bytes to ecology
[dna] earth wrote 18 bytes to ecology
[dna] earth wrote 80 bytes to ecology
[dna] earth wrote 71 bytes to ecology
[dna] earth wrote 65 bytes to ecology
[dna] earth wrote 59 bytes to ecology
[dna] earth wrote 54 bytes to ecology
[dna] earth wrote 23 bytes to ecology
[dna] earth wrote 39 bytes to ecology
[debug-onto] tick=150 corpus=173643 stage=2 freeze=0
[dna] earth wrote 83 bytes to ecology
[dna] earth wrote 17 bytes to ecology
[dna] earth wrote 29 bytes to ecology
[dna] earth wrote 58 bytes to ecology
[dna] earth wrote 62 bytes to ecology
[dna] earth wrote 61 bytes to ecology
[dna] earth wrote 140 bytes to ecology
[dna] earth wrote 49 bytes to ecology
[dna] earth wrote 111 bytes to ecology
[dna] earth wrote 45 bytes to ecology
[dna] earth wrote 73 bytes to ecology
[dna] earth wrote 95 bytes to ecology
[dna] earth wrote 16 bytes to ecology
[dna] earth wrote 75 bytes to ecology
[dna] earth wrote 66 bytes to ecology
[dna] earth wrote 29 bytes to ecology
[dna] earth wrote 87 bytes to ecology
[debug-onto] tick=200 corpus=173643 stage=2 freeze=0
[dna] earth wrote 14 bytes to ecology
[dna] earth wrote 24 bytes to ecology
[dna] earth wrote 54 bytes to ecology
[dna] earth wrote 60 bytes to ecology
[dna] earth wrote 84 bytes to ecology
[dna] earth wrote 9 bytes to ecology
[dna] earth wrote 127 bytes to ecology
[dna] earth wrote 39 bytes to ecology
[dna] earth wrote 13 bytes to ecology
[dna] earth wrote 29 bytes to ecology
[dna] earth wrote 90 bytes to ecology
[dna] earth wrote 47 bytes to ecology
[dna] earth wrote 31 bytes to ecology
[dna] earth wrote 94 bytes to ecology
[dna] earth wrote 77 bytes to ecology
[dna] earth wrote 42 bytes to ecology
[dna] earth wrote 171 bytes to ecology
[debug-onto] tick=250 corpus=173643 stage=2 freeze=0
[dna] earth wrote 63 bytes to ecology
[dna] earth wrote 121 bytes to ecology
[dna] earth wrote 73 bytes to ecology
[dna] earth wrote 49 bytes to ecology
[dna] earth wrote 29 bytes to ecology
[dna] earth wrote 82 bytes to ecology
[dna] earth wrote 106 bytes to ecology
[dna] earth wrote 33 bytes to ecology
[dna] earth wrote 108 bytes to ecology
[dna] earth wrote 53 bytes to ecology
[dna] earth wrote 36 bytes to ecology
[dna] earth wrote 58 bytes to ecology
[dna] earth wrote 39 bytes to ecology
[dna] earth wrote 76 bytes to ecology
[dna] earth wrote 43 bytes to ecology
[dna] earth wrote 106 bytes to ecology
[debug-onto] tick=300 corpus=173643 stage=2 freeze=0
[dna] earth wrote 22 bytes to ecology
[dna] earth wrote 100 bytes to ecology
[dna] earth wrote 149 bytes to ecology
[dna] earth wrote 27 bytes to ecology
[dna] earth wrote 95 bytes to ecology
[dna] earth wrote 95 bytes to ecology
[dna] earth wrote 35 bytes to ecology
[dna] earth wrote 45 bytes to ecology
[dna] earth wrote 123 bytes to ecology
[dna] earth wrote 19 bytes to ecology
[dna] earth wrote 42 bytes to ecology
[dna] earth wrote 58 bytes to ecology
[dna] earth wrote 173 bytes to ecology
[dna] earth wrote 160 bytes to ecology
[dna] earth wrote 69 bytes to ecology
[dna] earth wrote 287 bytes to ecology
[dna] earth wrote 35 bytes to ecology
[debug-onto] tick=350 corpus=173643 stage=2 freeze=0
[dna] earth wrote 73 bytes to ecology
[dna] earth wrote 45 bytes to ecology
[dna] earth wrote 62 bytes to ecology
[dna] earth wrote 48 bytes to ecology
[dna] earth wrote 40 bytes to ecology
[dna] earth wrote 49 bytes to ecology
[dna] earth wrote 105 bytes to ecology
[dna] earth wrote 145 bytes to ecology
[dna] earth wrote 52 bytes to ecology
[dna] earth wrote 32 bytes to ecology
[dna] earth wrote 75 bytes to ecology
[dna] earth wrote 19 bytes to ecology
[dna] earth wrote 51 bytes to ecology
[dna] earth wrote 102 bytes to ecology
[dna] earth wrote 219 bytes to ecology
[dna] earth wrote 43 bytes to ecology
[dna] earth wrote 13 bytes to ecology
[debug-onto] tick=400 corpus=173643 stage=2 freeze=0
[dna] earth wrote 186 bytes to ecology
[dna] earth wrote 35 bytes to ecology
[dna] earth wrote 201 bytes to ecology
[dna] earth wrote 52 bytes to ecology
[dna] earth wrote 269 bytes to ecology
[dna] earth wrote 99 bytes to ecology
[dna] earth wrote 38 bytes to ecology
[dna] earth wrote 102 bytes to ecology
[dna] earth wrote 90 bytes to ecology
[dna] earth wrote 47 bytes to ecology
[dna] earth wrote 113 bytes to ecology
[dna] earth wrote 109 bytes to ecology
[dna] earth wrote 104 bytes to ecology
[dna] earth wrote 29 bytes to ecology
[dna] earth wrote 108 bytes to ecology
[dna] earth wrote 217 bytes to ecology
[debug-onto] tick=450 corpus=173643 stage=2 freeze=0
[dna] earth wrote 161 bytes to ecology
[dna] earth wrote 63 bytes to ecology
[dna] earth wrote 68 bytes to ecology
[dna] earth wrote 43 bytes to ecology
[dna] earth wrote 85 bytes to ecology
[dna] earth wrote 38 bytes to ecology
[dna] earth wrote 71 bytes to ecology
[dna] earth wrote 8 bytes to ecology
[dna] earth wrote 123 bytes to ecology
[dna] earth wrote 108 bytes to ecology
[dna] earth wrote 26 bytes to ecology
[dna] earth wrote 27 bytes to ecology
[dna] earth wrote 19 bytes to ecology
[dna] earth wrote 15 bytes to ecology
[dna] earth wrote 18 bytes to ecology
[dna] earth wrote 44 bytes to ecology
[dna] earth wrote 43 bytes to ecology
[debug-onto] tick=500 corpus=173643 stage=2 freeze=0
[dna] earth wrote 40 bytes to ecology
[dna] earth wrote 42 bytes to ecology
[dna] earth wrote 91 bytes to ecology
[dna] earth wrote 84 bytes to ecology
[dna] earth wrote 270 bytes to ecology
[dna] earth wrote 8 bytes to ecology
[dna] earth wrote 105 bytes to ecology
[dna] earth wrote 146 bytes to ecology
[dna] earth wrote 39 bytes to ecology
[dna] earth wrote 61 bytes to ecology
[dna] earth wrote 116 bytes to ecology
[dna] earth wrote 142 bytes to ecology
[dna] earth wrote 345 bytes to ecology
[dna] earth wrote 93 bytes to ecology
[dna] earth wrote 52 bytes to ecology
[dna] earth wrote 128 bytes to ecology
[dna] earth wrote 47 bytes to ecology
[debug-onto] tick=550 corpus=173643 stage=2 freeze=0
[dna] earth wrote 49 bytes to ecology
[dna] earth wrote 28 bytes to ecology
[dna] earth wrote 68 bytes to ecology
[dna] earth wrote 93 bytes to ecology
[dna] earth wrote 17 bytes to ecology
[dna] earth wrote 51 bytes to ecology
[dna] earth wrote 9 bytes to ecology
[dna] earth wrote 11 bytes to ecology
[dna] earth wrote 80 bytes to ecology
[dna] earth wrote 37 bytes to ecology
[dna] earth wrote 317 bytes to ecology
[dna] earth wrote 47 bytes to ecology
[dna] earth wrote 52 bytes to ecology
[dna] earth wrote 36 bytes to ecology
[dna] earth wrote 8 bytes to ecology
[dna] earth wrote 250 bytes to ecology
[debug-onto] tick=600 corpus=173643 stage=2 freeze=0
[dna] earth wrote 37 bytes to ecology
[dna] earth wrote 36 bytes to ecology
[dna] earth wrote 32 bytes to ecology
[dna] earth wrote 133 bytes to ecology
[dna] earth wrote 69 bytes to ecology
[dna] earth wrote 67 bytes to ecology
[dna] earth wrote 33 bytes to ecology
[dna] earth wrote 58 bytes to ecology
[dna] earth wrote 80 bytes to ecology
[dna] earth wrote 26 bytes to ecology
[dna] earth wrote 112 bytes to ecology
[dna] earth wrote 33 bytes to ecology
[dna] earth wrote 60 bytes to ecology
[dna] earth wrote 37 bytes to ecology
[dna] earth wrote 50 bytes to ecology
[dna] earth wrote 59 bytes to ecology
[dna] earth wrote 26 bytes to ecology
[debug-onto] tick=650 corpus=173643 stage=2 freeze=0
[dna] earth wrote 62 bytes to ecology
[dna] earth wrote 58 bytes to ecology
[dna] earth wrote 129 bytes to ecology
[dna] earth wrote 48 bytes to ecology
[dna] earth wrote 107 bytes to ecology
[dna] earth wrote 127 bytes to ecology
[dna] earth wrote 112 bytes to ecology
[dna] earth wrote 193 bytes to ecology

[evolution] Organism shutting down gracefully.
