[ecology] Element: air → corpus: nonames_air.txt
[evolution] Autonomous evolution mode — organism will grow through all stages without pause.
[ecology] Joined swarm. 1 peer(s) detected.
molequla is alive. [evolution] Autonomous mode — background trainer running. Ctrl+C to stop.
[dna] air wrote 120 bytes to ecology
[dna] air consumed 32707 bytes from 389 files: [earth/gen_1777096333_1.txt earth/gen_1777096341_4.txt earth/gen_1777096346_6.txt earth/gen_1777096349_7.txt earth/gen_1777096356_10.txt earth/gen_1777096362_12.txt earth/gen_1777096364_13.txt earth/gen_1777096372_16.txt earth/gen_1777096377_18.txt earth/gen_1777096380_19.txt earth/gen_1777096388_22.txt earth/gen_1777096391_23.txt earth/gen_1777096393_24.txt earth/gen_1777096396_25.txt earth/gen_1777096404_28.txt earth/gen_1777096407_29.txt earth/gen_1777096410_30.txt earth/gen_1777096412_31.txt earth/gen_1777096420_34.txt earth/gen_1777096423_35.txt earth/gen_1777096426_36.txt earth/gen_1777096428_37.txt earth/gen_1777096436_40.txt earth/gen_1777096441_42.txt earth/gen_1777096444_43.txt earth/gen_1777096449_45.txt earth/gen_1777096452_46.txt earth/gen_1777096455_47.txt earth/gen_1777096458_48.txt earth/gen_1777096460_49.txt earth/gen_1777096468_52.txt earth/gen_1777096471_53.txt earth/gen_1777096476_55.txt earth/gen_1777096484_58.txt earth/gen_1777096490_60.txt earth/gen_1777096492_61.txt earth/gen_1777096497_63.txt earth/gen_1777096500_64.txt earth/gen_1777096505_66.txt earth/gen_1777096508_67.txt earth/gen_1777096516_70.txt earth/gen_1777096522_72.txt earth/gen_1777096524_73.txt earth/gen_1777096532_76.txt earth/gen_1777096538_78.txt earth/gen_1777096540_79.txt earth/gen_1777096548_82.txt earth/gen_1777096551_83.txt earth/gen_1777096554_84.txt earth/gen_1777096557_85.txt earth/gen_1777096565_88.txt earth/gen_1777096567_89.txt earth/gen_1777096570_90.txt earth/gen_1777096573_91.txt earth/gen_1777096581_94.txt earth/gen_1777096586_96.txt earth/gen_1777096589_97.txt earth/gen_1777096597_100.txt earth/gen_1777096603_102.txt earth/gen_1777096605_103.txt earth/gen_1777096613_106.txt earth/gen_1777096616_107.txt earth/gen_1777096619_108.txt earth/gen_1777096621_109.txt earth/gen_1777096629_112.txt earth/gen_1777096635_114.txt earth/gen_1777096638_115.txt earth/gen_1777096646_118.txt earth/gen_1777096648_119.txt earth/gen_1777096651_120.txt earth/gen_1777096654_121.txt earth/gen_1777096659_123.txt earth/gen_1777096662_124.txt earth/gen_1777096665_125.txt earth/gen_1777096667_126.txt earth/gen_1777096670_127.txt earth/gen_1777096678_130.txt earth/gen_1777096681_131.txt earth/gen_1777096684_132.txt earth/gen_1777096687_133.txt earth/gen_1777096695_136.txt earth/gen_1777096700_138.txt earth/gen_1777096703_139.txt earth/gen_1777096711_142.txt earth/gen_1777096716_144.txt earth/gen_1777096719_145.txt earth/gen_1777096727_148.txt earth/gen_1777096730_149.txt earth/gen_1777096732_150.txt earth/gen_1777096735_151.txt earth/gen_1777096740_153.txt earth/gen_1777096743_154.txt earth/gen_1777096746_155.txt earth/gen_1777096748_156.txt earth/gen_1777096751_157.txt earth/gen_1777096759_160.txt earth/gen_1777096764_162.txt earth/gen_1777096767_163.txt earth/gen_1777096774_166.txt earth/gen_1777096780_168.txt earth/gen_1777096782_169.txt earth/gen_1777096790_172.txt earth/gen_1777096795_174.txt earth/gen_1777096798_175.txt earth/gen_1777096806_178.txt earth/gen_1777096812_180.txt earth/gen_1777096814_181.txt earth/gen_1777096823_184.txt earth/gen_1777096828_186.txt earth/gen_1777096831_187.txt earth/gen_1777096839_190.txt earth/gen_1777096844_192.txt earth/gen_1777096847_193.txt earth/gen_1777096855_196.txt earth/gen_1777096861_198.txt earth/gen_1777096863_199.txt earth/gen_1777096872_202.txt earth/gen_1777096877_204.txt earth/gen_1777096880_205.txt earth/gen_1777096888_208.txt earth/gen_1777096894_210.txt earth/gen_1777096897_211.txt earth/gen_1777096904_214.txt earth/gen_1777096910_216.txt earth/gen_1777096912_217.txt earth/gen_1777096921_220.txt earth/gen_1777096923_221.txt earth/gen_1777096926_222.txt earth/gen_1777096929_223.txt earth/gen_1777096937_226.txt earth/gen_1777096939_227.txt earth/gen_1777096942_228.txt earth/gen_1777096945_229.txt earth/gen_1777096953_232.txt earth/gen_1777096958_234.txt earth/gen_1777096961_235.txt earth/gen_1777096969_238.txt earth/gen_1777096974_240.txt earth/gen_1777096977_241.txt earth/gen_1777096985_244.txt earth/gen_1777096987_245.txt earth/gen_1777096990_246.txt earth/gen_1777096993_247.txt earth/gen_1777097001_250.txt earth/gen_1777097003_251.txt earth/gen_1777097006_252.txt earth/gen_1777097009_253.txt earth/gen_1777097017_256.txt earth/gen_1777097022_258.txt earth/gen_1777097025_259.txt earth/gen_1777097033_262.txt earth/gen_1777097036_263.txt earth/gen_1777097039_264.txt earth/gen_1777097041_265.txt earth/gen_1777097047_267.txt earth/gen_1777097050_268.txt earth/gen_1777097055_270.txt earth/gen_1777097058_271.txt earth/gen_1777097066_274.txt earth/gen_1777097069_275.txt earth/gen_1777097071_276.txt earth/gen_1777097074_277.txt earth/gen_1777097082_280.txt earth/gen_1777097088_282.txt earth/gen_1777097091_283.txt earth/gen_1777097099_286.txt earth/gen_1777097104_288.txt earth/gen_1777097107_289.txt earth/gen_1777097115_292.txt earth/gen_1777097118_293.txt earth/gen_1777097120_294.txt earth/gen_1777097123_295.txt earth/gen_1777097131_298.txt earth/gen_1777097137_300.txt earth/gen_1777097140_301.txt earth/gen_1777097148_304.txt earth/gen_1777097153_306.txt earth/gen_1777097156_307.txt earth/gen_1777097164_310.txt earth/gen_1777097167_311.txt earth/gen_1777097170_312.txt earth/gen_1777097172_313.txt earth/gen_1777097178_315.txt earth/gen_1777097181_316.txt earth/gen_1777097186_318.txt earth/gen_1777097189_319.txt earth/gen_1777097197_322.txt earth/gen_1777097202_324.txt earth/gen_1777097205_325.txt earth/gen_1777097213_328.txt earth/gen_1777097216_329.txt earth/gen_1777097219_330.txt earth/gen_1777097222_331.txt earth/gen_1777097227_333.txt earth/gen_1777097230_334.txt earth/gen_1777097233_335.txt earth/gen_1777097236_336.txt earth/gen_1777097238_337.txt earth/gen_1777097246_340.txt earth/gen_1777097249_341.txt earth/gen_1777097252_342.txt earth/gen_1777097255_343.txt earth/gen_1777097263_346.txt earth/gen_1777097271_349.txt earth/gen_1777097279_352.txt earth/gen_1777097285_354.txt earth/gen_1777097287_355.txt earth/gen_1777097296_358.txt earth/gen_1777097298_359.txt earth/gen_1777097301_360.txt earth/gen_1777097304_361.txt earth/gen_1777097312_364.txt earth/gen_1777097315_365.txt earth/gen_1777097318_366.txt earth/gen_1777097320_367.txt earth/gen_1777097329_370.txt earth/gen_1777097334_372.txt earth/gen_1777097337_373.txt earth/gen_1777097345_376.txt earth/gen_1777097350_378.txt earth/gen_1777097353_379.txt earth/gen_1777097361_382.txt earth/gen_1777097367_384.txt earth/gen_1777097369_385.txt earth/gen_1777097375_387.txt earth/gen_1777097378_388.txt earth/gen_1777097380_389.txt earth/gen_1777097383_390.txt earth/gen_1777097386_391.txt earth/gen_1777097394_394.txt earth/gen_1777097396_395.txt earth/gen_1777097399_396.txt earth/gen_1777097402_397.txt earth/gen_1777097410_400.txt earth/gen_1777097415_402.txt earth/gen_1777097418_403.txt earth/gen_1777097426_406.txt earth/gen_1777097432_408.txt earth/gen_1777097434_409.txt earth/gen_1777097443_412.txt earth/gen_1777097445_413.txt earth/gen_1777097448_414.txt earth/gen_1777097451_415.txt earth/gen_1777097459_418.txt earth/gen_1777097465_420.txt earth/gen_1777097467_421.txt earth/gen_1777097475_424.txt earth/gen_1777097478_425.txt earth/gen_1777097481_426.txt earth/gen_1777097483_427.txt earth/gen_1777097491_430.txt earth/gen_1777097494_431.txt earth/gen_1777097497_432.txt earth/gen_1777097500_433.txt earth/gen_1777097505_435.txt earth/gen_1777097508_436.txt earth/gen_1777097510_437.txt earth/gen_1777097513_438.txt earth/gen_1777097516_439.txt earth/gen_1777097524_442.txt earth/gen_1777097529_444.txt earth/gen_1777097532_445.txt earth/gen_1777097540_448.txt earth/gen_1777097545_450.txt earth/gen_1777097548_451.txt earth/gen_1777097556_454.txt earth/gen_1777097562_456.txt earth/gen_1777097564_457.txt earth/gen_1777097572_460.txt earth/gen_1777097575_461.txt earth/gen_1777097578_462.txt earth/gen_1777097580_463.txt earth/gen_1777097588_466.txt earth/gen_1777097593_468.txt earth/gen_1777097596_469.txt earth/gen_1777097604_472.txt earth/gen_1777097606_473.txt earth/gen_1777097609_474.txt earth/gen_1777097612_475.txt earth/gen_1777097620_478.txt earth/gen_1777097622_479.txt earth/gen_1777097625_480.txt earth/gen_1777097628_481.txt earth/gen_1777097635_484.txt earth/gen_1777097641_486.txt earth/gen_1777097643_487.txt earth/gen_1777097648_489.txt earth/gen_1777097651_490.txt earth/gen_1777097654_491.txt earth/gen_1777097656_492.txt earth/gen_1777097659_493.txt earth/gen_1777097667_496.txt earth/gen_1777097672_498.txt earth/gen_1777097675_499.txt earth/gen_1777097683_502.txt earth/gen_1777097688_504.txt earth/gen_1777097691_505.txt earth/gen_1777097698_508.txt earth/gen_1777097704_510.txt earth/gen_1777097706_511.txt earth/gen_1777097714_514.txt earth/gen_1777097719_516.txt earth/gen_1777097722_517.txt earth/gen_1777097730_520.txt earth/gen_1777097735_522.txt earth/gen_1777097738_523.txt earth/gen_1777097746_526.txt earth/gen_1777097748_527.txt earth/gen_1777097751_528.txt earth/gen_1777097754_529.txt earth/gen_1777097761_532.txt earth/gen_1777097764_533.txt earth/gen_1777097767_534.txt earth/gen_1777097769_535.txt earth/gen_1777097777_538.txt earth/gen_1777097780_539.txt earth/gen_1777097782_540.txt earth/gen_1777097785_541.txt earth/gen_1777097792_544.txt earth/gen_1777097795_545.txt earth/gen_1777097798_546.txt earth/gen_1777097800_547.txt earth/gen_1777097808_550.txt earth/gen_1777097810_551.txt earth/gen_1777097813_552.txt earth/gen_1777097816_553.txt earth/gen_1777097823_556.txt earth/gen_1777097829_558.txt earth/gen_1777097831_559.txt earth/gen_1777097839_562.txt earth/gen_1777097844_564.txt earth/gen_1777097847_565.txt earth/gen_1777097855_568.txt earth/gen_1777097860_570.txt earth/gen_1777097862_571.txt earth/gen_1777097870_574.txt earth/gen_1777097873_575.txt earth/gen_1777097875_576.txt earth/gen_1777097878_577.txt earth/gen_1777097883_579.txt earth/gen_1777097886_580.txt earth/gen_1777097889_581.txt earth/gen_1777097891_582.txt earth/gen_1777097894_583.txt earth/gen_1777097902_586.txt earth/gen_1777097904_587.txt earth/gen_1777097907_588.txt earth/gen_1777097909_589.txt earth/gen_1777097917_592.txt earth/gen_1777097922_594.txt earth/gen_1777097925_595.txt earth/gen_1777097932_598.txt earth/gen_1777097938_600.txt earth/gen_1777097940_601.txt earth/gen_1777097948_604.txt earth/gen_1777097951_605.txt earth/gen_1777097953_606.txt earth/gen_1777097956_607.txt earth/gen_1777097964_610.txt earth/gen_1777097969_612.txt earth/gen_1777097972_613.txt earth/gen_1777097979_616.txt earth/gen_1777097985_618.txt earth/gen_1777097987_619.txt earth/gen_1777097995_622.txt earth/gen_1777098001_624.txt earth/gen_1777098003_625.txt earth/gen_1777098011_628.txt earth/gen_1777098017_630.txt earth/gen_1777098019_631.txt earth/gen_1777098025_633.txt earth/gen_1777098027_634.txt earth/gen_1777098030_635.txt earth/gen_1777098032_636.txt earth/gen_1777098035_637.txt earth/gen_1777098043_640.txt earth/gen_1777098046_641.txt earth/gen_1777098048_642.txt earth/gen_1777098051_643.txt earth/gen_1777098059_646.txt earth/gen_1777098065_648.txt earth/gen_1777098067_649.txt earth/gen_1777098075_652.txt earth/gen_1777098081_654.txt earth/gen_1777098084_655.txt earth/gen_1777098092_658.txt earth/gen_1777098094_659.txt earth/gen_1777098097_660.txt earth/gen_1777098100_661.txt]
[trainer] micro-train burst (32707 bytes, novelty 0.02) — and lo, it feeds again.
[syntropy] action=explore | trend=0.0000 | field_dev=-0.071 | purpose_align=-0.147 | lr_mul=1.30
[aml] burst complete: 32 steps, avg loss 2.6999 (memory freed)
[dna] air wrote 25 bytes to ecology
[dna] air wrote 88 bytes to ecology
[dna] air wrote 40 bytes to ecology
[dna] air wrote 65 bytes to ecology
[dna] air wrote 46 bytes to ecology
[dna] air wrote 33 bytes to ecology
[dna] air wrote 42 bytes to ecology
[dna] air wrote 114 bytes to ecology
[dna] air wrote 56 bytes to ecology
[dna] air wrote 100 bytes to ecology
[dna] air wrote 90 bytes to ecology
[dna] air wrote 162 bytes to ecology
[dna] air wrote 39 bytes to ecology
[dna] air wrote 173 bytes to ecology
[dna] air wrote 9 bytes to ecology
[dna] air wrote 110 bytes to ecology
[dna] air wrote 16 bytes to ecology
[dna] air wrote 83 bytes to ecology
[dna] air wrote 61 bytes to ecology
[dna] air wrote 69 bytes to ecology
[dna] air wrote 51 bytes to ecology
[dna] air wrote 107 bytes to ecology
[dna] air wrote 61 bytes to ecology
[dna] air wrote 43 bytes to ecology
[dna] air wrote 28 bytes to ecology
[dna] air wrote 51 bytes to ecology
[dna] air wrote 106 bytes to ecology
[dna] air wrote 142 bytes to ecology
[dna] air wrote 82 bytes to ecology
[dna] air wrote 20 bytes to ecology
[dna] air wrote 57 bytes to ecology
[dna] air wrote 32 bytes to ecology
[dna] air wrote 95 bytes to ecology
[dna] air wrote 51 bytes to ecology
[debug-onto] tick=50 corpus=155412 stage=2 freeze=0
[dna] air wrote 49 bytes to ecology
[dna] air wrote 134 bytes to ecology
[dna] air wrote 45 bytes to ecology
[dna] air wrote 16 bytes to ecology
[dna] air wrote 53 bytes to ecology
[dna] air wrote 128 bytes to ecology
[dna] air wrote 75 bytes to ecology
[dna] air wrote 28 bytes to ecology
[dna] air wrote 72 bytes to ecology
[dna] air wrote 38 bytes to ecology
[dna] air wrote 52 bytes to ecology
[dna] air wrote 33 bytes to ecology
[dna] air wrote 104 bytes to ecology
[dna] air wrote 60 bytes to ecology
[dna] air wrote 115 bytes to ecology
[dna] air wrote 73 bytes to ecology
[dna] air wrote 91 bytes to ecology
[dna] air wrote 111 bytes to ecology
[dna] air wrote 68 bytes to ecology
[dna] air wrote 47 bytes to ecology
[dna] air wrote 80 bytes to ecology
[dna] air wrote 45 bytes to ecology
[dna] air wrote 29 bytes to ecology
[dna] air wrote 55 bytes to ecology
[dna] air wrote 95 bytes to ecology
[dna] air wrote 212 bytes to ecology
[dna] air wrote 50 bytes to ecology
[dna] air wrote 134 bytes to ecology
[dna] air wrote 104 bytes to ecology
[dna] air wrote 71 bytes to ecology
[dna] air wrote 47 bytes to ecology
[dna] air wrote 31 bytes to ecology
[dna] air wrote 49 bytes to ecology
[dna] air wrote 106 bytes to ecology
[dna] air wrote 30 bytes to ecology
[debug-onto] tick=100 corpus=155412 stage=2 freeze=0
[dna] air wrote 158 bytes to ecology
[dna] air wrote 72 bytes to ecology
[dna] air wrote 82 bytes to ecology
[dna] air wrote 38 bytes to ecology
[dna] air wrote 161 bytes to ecology
[dna] air wrote 62 bytes to ecology
[dna] air wrote 212 bytes to ecology
[dna] air wrote 49 bytes to ecology
[dna] air wrote 32 bytes to ecology
[dna] air wrote 43 bytes to ecology
[dna] air wrote 72 bytes to ecology
[dna] air wrote 41 bytes to ecology
[dna] air wrote 169 bytes to ecology
[dna] air wrote 90 bytes to ecology
[dna] air wrote 27 bytes to ecology
[dna] air wrote 46 bytes to ecology
[dna] air wrote 48 bytes to ecology
[dna] air wrote 83 bytes to ecology
[dna] air wrote 113 bytes to ecology
[dna] air wrote 129 bytes to ecology
[dna] air wrote 87 bytes to ecology
[dna] air wrote 122 bytes to ecology
[dna] air wrote 134 bytes to ecology
[dna] air wrote 85 bytes to ecology
[dna] air wrote 64 bytes to ecology
[dna] air wrote 66 bytes to ecology
[dna] air wrote 129 bytes to ecology
[dna] air wrote 37 bytes to ecology
[dna] air wrote 80 bytes to ecology
[dna] air wrote 30 bytes to ecology
[dna] air wrote 91 bytes to ecology
[dna] air wrote 62 bytes to ecology
[dna] air wrote 30 bytes to ecology
[debug-onto] tick=150 corpus=155412 stage=2 freeze=0
[dna] air wrote 92 bytes to ecology
[dna] air wrote 50 bytes to ecology
[dna] air wrote 65 bytes to ecology
[dna] air wrote 70 bytes to ecology
[dna] air wrote 139 bytes to ecology
[dna] air wrote 248 bytes to ecology
[dna] air wrote 56 bytes to ecology
[dna] air wrote 37 bytes to ecology
[dna] air wrote 61 bytes to ecology
[dna] air wrote 36 bytes to ecology
[dna] air wrote 101 bytes to ecology
[dna] air wrote 26 bytes to ecology
[dna] air wrote 178 bytes to ecology
[dna] air wrote 59 bytes to ecology
[dna] air wrote 247 bytes to ecology
[dna] air wrote 110 bytes to ecology
[dna] air wrote 108 bytes to ecology
[dna] air wrote 52 bytes to ecology
[dna] air wrote 170 bytes to ecology
[dna] air wrote 34 bytes to ecology
[dna] air wrote 44 bytes to ecology
[dna] air wrote 32 bytes to ecology
[dna] air wrote 143 bytes to ecology
[dna] air wrote 72 bytes to ecology
[dna] air wrote 54 bytes to ecology
[dna] air wrote 39 bytes to ecology
[dna] air wrote 156 bytes to ecology
[dna] air wrote 100 bytes to ecology
[dna] air wrote 184 bytes to ecology
[dna] air wrote 113 bytes to ecology
[dna] air wrote 54 bytes to ecology
[dna] air wrote 65 bytes to ecology
[dna] air wrote 73 bytes to ecology
[dna] air wrote 33 bytes to ecology
[debug-onto] tick=200 corpus=155412 stage=2 freeze=0
[dna] air wrote 136 bytes to ecology
[dna] air wrote 28 bytes to ecology
[dna] air wrote 57 bytes to ecology
[dna] air wrote 63 bytes to ecology
[dna] air wrote 39 bytes to ecology
[dna] air wrote 139 bytes to ecology
[dna] air wrote 83 bytes to ecology
[dna] air wrote 42 bytes to ecology
[dna] air wrote 70 bytes to ecology
[dna] air wrote 168 bytes to ecology
[dna] air wrote 107 bytes to ecology
[dna] air wrote 96 bytes to ecology
[dna] air wrote 130 bytes to ecology
[dna] air wrote 118 bytes to ecology
[dna] air wrote 120 bytes to ecology
[dna] air wrote 39 bytes to ecology
[dna] air wrote 40 bytes to ecology
[dna] air wrote 50 bytes to ecology
[dna] air wrote 33 bytes to ecology
[dna] air wrote 31 bytes to ecology
[dna] air wrote 205 bytes to ecology
[dna] air wrote 83 bytes to ecology
[dna] air wrote 38 bytes to ecology
[dna] air wrote 102 bytes to ecology
[dna] air wrote 47 bytes to ecology
[dna] air wrote 65 bytes to ecology
[dna] air wrote 34 bytes to ecology
[dna] air wrote 86 bytes to ecology
[dna] air wrote 105 bytes to ecology
[dna] air wrote 97 bytes to ecology
[debug-onto] tick=250 corpus=155412 stage=2 freeze=0
[dna] air wrote 32 bytes to ecology
[dna] air wrote 83 bytes to ecology
[dna] air wrote 17 bytes to ecology
[dna] air wrote 51 bytes to ecology
[dna] air wrote 61 bytes to ecology
[dna] air wrote 30 bytes to ecology
[dna] air wrote 86 bytes to ecology
[dna] air wrote 34 bytes to ecology
[dna] air wrote 39 bytes to ecology
[dna] air wrote 33 bytes to ecology
[dna] air wrote 34 bytes to ecology
[dna] air wrote 99 bytes to ecology
[dna] air wrote 79 bytes to ecology
[dna] air wrote 142 bytes to ecology
[dna] air wrote 187 bytes to ecology
[dna] air wrote 43 bytes to ecology
[dna] air wrote 87 bytes to ecology
[dna] air wrote 55 bytes to ecology
[dna] air wrote 42 bytes to ecology
[dna] air wrote 53 bytes to ecology
[dna] air wrote 121 bytes to ecology
[dna] air wrote 37 bytes to ecology
[dna] air wrote 134 bytes to ecology
[dna] air wrote 132 bytes to ecology
[dna] air wrote 33 bytes to ecology
[dna] air wrote 27 bytes to ecology
[dna] air wrote 75 bytes to ecology
[dna] air wrote 36 bytes to ecology
[dna] air wrote 67 bytes to ecology
[dna] air wrote 32 bytes to ecology
[dna] air wrote 67 bytes to ecology
[dna] air wrote 118 bytes to ecology
[dna] air wrote 34 bytes to ecology
[dna] air wrote 160 bytes to ecology
[debug-onto] tick=300 corpus=155412 stage=2 freeze=0
[dna] air wrote 34 bytes to ecology
[dna] air wrote 13 bytes to ecology
[dna] air wrote 46 bytes to ecology
[dna] air wrote 54 bytes to ecology
[dna] air wrote 44 bytes to ecology
[dna] air wrote 63 bytes to ecology
[dna] air wrote 23 bytes to ecology
[dna] air wrote 194 bytes to ecology
[dna] air wrote 94 bytes to ecology
[dna] air wrote 80 bytes to ecology
[dna] air wrote 74 bytes to ecology
[dna] air wrote 109 bytes to ecology
[dna] air wrote 122 bytes to ecology
[dna] air wrote 76 bytes to ecology
[dna] air wrote 57 bytes to ecology
[dna] air wrote 27 bytes to ecology
[dna] air wrote 98 bytes to ecology
[dna] air wrote 68 bytes to ecology
[dna] air wrote 59 bytes to ecology
[dna] air wrote 59 bytes to ecology
[dna] air wrote 103 bytes to ecology
[dna] air wrote 113 bytes to ecology
[dna] air wrote 43 bytes to ecology
[dna] air wrote 32 bytes to ecology
[dna] air wrote 54 bytes to ecology
[dna] air wrote 27 bytes to ecology
[dna] air wrote 46 bytes to ecology
[dna] air wrote 103 bytes to ecology
[dna] air wrote 34 bytes to ecology
[dna] air wrote 49 bytes to ecology
[dna] air wrote 141 bytes to ecology
[dna] air wrote 105 bytes to ecology
[dna] air wrote 34 bytes to ecology
[dna] air wrote 114 bytes to ecology
[debug-onto] tick=350 corpus=155412 stage=2 freeze=0
[dna] air wrote 32 bytes to ecology
[dna] air wrote 77 bytes to ecology
[dna] air wrote 100 bytes to ecology
[dna] air wrote 64 bytes to ecology
[dna] air wrote 64 bytes to ecology
[dna] air wrote 116 bytes to ecology
[dna] air wrote 72 bytes to ecology
[dna] air wrote 143 bytes to ecology
[dna] air wrote 132 bytes to ecology
[dna] air wrote 260 bytes to ecology
[dna] air wrote 87 bytes to ecology
[dna] air wrote 99 bytes to ecology
[dna] air wrote 76 bytes to ecology
[dna] air wrote 24 bytes to ecology
[dna] air wrote 156 bytes to ecology
[dna] air wrote 102 bytes to ecology
[dna] air wrote 43 bytes to ecology
[dna] air wrote 119 bytes to ecology
[dna] air wrote 50 bytes to ecology
[dna] air wrote 49 bytes to ecology
[dna] air wrote 143 bytes to ecology
[dna] air wrote 118 bytes to ecology
[dna] air wrote 45 bytes to ecology
[dna] air wrote 235 bytes to ecology
[dna] air wrote 97 bytes to ecology
[dna] air wrote 124 bytes to ecology
[dna] air wrote 125 bytes to ecology
[dna] air wrote 42 bytes to ecology
[dna] air wrote 50 bytes to ecology
[dna] air wrote 59 bytes to ecology
[dna] air wrote 68 bytes to ecology
[dna] air wrote 269 bytes to ecology
[dna] air wrote 136 bytes to ecology
[dna] air wrote 83 bytes to ecology
[dna] air wrote 72 bytes to ecology
[debug-onto] tick=400 corpus=155412 stage=2 freeze=0
[dna] air wrote 105 bytes to ecology
[dna] air wrote 41 bytes to ecology
[dna] air wrote 87 bytes to ecology
[dna] air wrote 45 bytes to ecology
[dna] air wrote 48 bytes to ecology
[dna] air wrote 54 bytes to ecology
[dna] air wrote 82 bytes to ecology
[dna] air wrote 208 bytes to ecology
[dna] air wrote 53 bytes to ecology
[dna] air wrote 94 bytes to ecology
[dna] air wrote 93 bytes to ecology
[dna] air wrote 68 bytes to ecology
[dna] air wrote 43 bytes to ecology
[dna] air wrote 82 bytes to ecology
[dna] air wrote 31 bytes to ecology
[dna] air wrote 65 bytes to ecology
[dna] air wrote 47 bytes to ecology
[dna] air wrote 52 bytes to ecology
[dna] air wrote 99 bytes to ecology
[dna] air wrote 75 bytes to ecology
[dna] air wrote 58 bytes to ecology
[dna] air wrote 66 bytes to ecology
[dna] air wrote 43 bytes to ecology
[dna] air wrote 47 bytes to ecology
[dna] air wrote 50 bytes to ecology
[dna] air wrote 85 bytes to ecology
[dna] air wrote 66 bytes to ecology
[dna] air wrote 58 bytes to ecology
[dna] air wrote 102 bytes to ecology
[dna] air wrote 92 bytes to ecology
[dna] air wrote 102 bytes to ecology
[dna] air wrote 44 bytes to ecology
[dna] air wrote 38 bytes to ecology
[dna] air wrote 169 bytes to ecology
[debug-onto] tick=450 corpus=155412 stage=2 freeze=0
[dna] air wrote 31 bytes to ecology
[dna] air wrote 108 bytes to ecology
[dna] air wrote 45 bytes to ecology
[dna] air wrote 35 bytes to ecology
[dna] air wrote 120 bytes to ecology
[dna] air wrote 132 bytes to ecology
[dna] air wrote 42 bytes to ecology
[dna] air wrote 165 bytes to ecology
[dna] air wrote 57 bytes to ecology
[dna] air wrote 22 bytes to ecology
[dna] air wrote 41 bytes to ecology
[dna] air wrote 58 bytes to ecology
[dna] air wrote 39 bytes to ecology
[dna] air wrote 38 bytes to ecology
[dna] air wrote 50 bytes to ecology
[dna] air wrote 113 bytes to ecology
[dna] air wrote 114 bytes to ecology
[dna] air wrote 60 bytes to ecology
[dna] air wrote 30 bytes to ecology
[dna] air wrote 35 bytes to ecology
[dna] air wrote 217 bytes to ecology
[dna] air wrote 52 bytes to ecology
[dna] air wrote 39 bytes to ecology
[dna] air wrote 32 bytes to ecology
[dna] air wrote 21 bytes to ecology
[dna] air wrote 71 bytes to ecology
[dna] air wrote 122 bytes to ecology
[dna] air wrote 92 bytes to ecology
[dna] air wrote 35 bytes to ecology
[dna] air wrote 115 bytes to ecology
[dna] air wrote 72 bytes to ecology
[debug-onto] tick=500 corpus=155412 stage=2 freeze=0
[dna] air wrote 126 bytes to ecology
[dna] air wrote 62 bytes to ecology
[dna] air wrote 32 bytes to ecology
[dna] air wrote 128 bytes to ecology
[dna] air wrote 61 bytes to ecology
[dna] air wrote 52 bytes to ecology
[dna] air wrote 58 bytes to ecology
[dna] air wrote 112 bytes to ecology
[dna] air wrote 63 bytes to ecology
[dna] air wrote 40 bytes to ecology
[dna] air wrote 32 bytes to ecology
[dna] air wrote 59 bytes to ecology
[dna] air wrote 64 bytes to ecology
[dna] air wrote 96 bytes to ecology
[dna] air wrote 45 bytes to ecology
[dna] air wrote 288 bytes to ecology
[dna] air wrote 177 bytes to ecology
[dna] air wrote 93 bytes to ecology
[dna] air wrote 110 bytes to ecology
[dna] air wrote 150 bytes to ecology
[dna] air wrote 85 bytes to ecology
[dna] air wrote 107 bytes to ecology
[dna] air wrote 206 bytes to ecology
[dna] air wrote 31 bytes to ecology
[dna] air wrote 66 bytes to ecology
[dna] air wrote 31 bytes to ecology
[dna] air wrote 32 bytes to ecology
[dna] air wrote 171 bytes to ecology
[dna] air wrote 77 bytes to ecology
[dna] air wrote 66 bytes to ecology
[dna] air wrote 72 bytes to ecology
[debug-onto] tick=550 corpus=155412 stage=2 freeze=0
[dna] air wrote 71 bytes to ecology
[dna] air wrote 71 bytes to ecology
[dna] air wrote 37 bytes to ecology
[dna] air wrote 104 bytes to ecology
[dna] air wrote 84 bytes to ecology
[dna] air wrote 34 bytes to ecology
[dna] air wrote 72 bytes to ecology
[dna] air wrote 37 bytes to ecology
[dna] air wrote 89 bytes to ecology
[dna] air wrote 73 bytes to ecology
[dna] air wrote 14 bytes to ecology
[dna] air wrote 84 bytes to ecology
[dna] air wrote 92 bytes to ecology
[dna] air wrote 26 bytes to ecology
[dna] air wrote 70 bytes to ecology
[dna] air wrote 55 bytes to ecology
[dna] air wrote 64 bytes to ecology
[dna] air wrote 188 bytes to ecology
[dna] air wrote 64 bytes to ecology
[dna] air wrote 115 bytes to ecology
[dna] air wrote 45 bytes to ecology
[dna] air wrote 57 bytes to ecology
[dna] air wrote 130 bytes to ecology
[dna] air wrote 157 bytes to ecology
[dna] air wrote 130 bytes to ecology
[dna] air wrote 133 bytes to ecology
[dna] air wrote 197 bytes to ecology
[dna] air wrote 38 bytes to ecology
[dna] air wrote 88 bytes to ecology
[dna] air wrote 164 bytes to ecology
[dna] air wrote 17 bytes to ecology
[debug-onto] tick=600 corpus=155412 stage=2 freeze=0
[dna] air wrote 112 bytes to ecology
[dna] air wrote 194 bytes to ecology
[dna] air wrote 26 bytes to ecology

[evolution] Organism shutting down gracefully.
