[ecology] Element: earth → corpus: nonames_earth.txt
[evolution] Autonomous evolution mode — organism will grow through all stages without pause.
[init] Stage 0 (embryo): embd=16, layer=1, head=1 — warmup 400 steps (400 backprop + 0 notorch, sqrt-scaled 1x)
  [aml] step 0/160 | loss 6.6100 (avg 6.6100) | lr 0.001000 | seq 8
  [aml] step 10/160 | loss 6.2033 (avg 6.4348) | lr 0.001450 | seq 8
  [aml] step 20/160 | loss 6.2772 (avg 6.2889) | lr 0.001900 | seq 8
  [aml] step 30/160 | loss 5.7606 (avg 6.1897) | lr 0.002350 | seq 8
  [aml] step 40/160 | loss 5.4394 (avg 6.0772) | lr 0.002800 | seq 8
  [aml] step 50/160 | loss 4.7014 (avg 5.9212) | lr 0.003250 | seq 8
  [aml] step 60/160 | loss 4.9274 (avg 5.7558) | lr 0.003700 | seq 8
  [aml] step 70/160 | loss 5.2841 (avg 5.6459) | lr 0.004150 | seq 8
  [aml] step 80/160 | loss 2.9835 (avg 5.5242) | lr 0.004600 | seq 8
  [aml] step 90/160 | loss 4.2872 (avg 5.3839) | lr 0.005050 | seq 8
  [aml] step 100/160 | loss 4.7571 (avg 5.2965) | lr 0.005500 | seq 8
  [aml] step 110/160 | loss 4.9943 (avg 5.1631) | lr 0.005950 | seq 8
  [aml] step 120/160 | loss 4.2028 (avg 5.0888) | lr 0.006400 | seq 8
  [aml] step 130/160 | loss 4.4801 (avg 5.0415) | lr 0.006850 | seq 8
  [aml] step 140/160 | loss 2.9617 (avg 4.9943) | lr 0.007300 | seq 8
  [aml] step 150/160 | loss 2.7668 (avg 4.9493) | lr 0.007750 | seq 8
[aml] training complete: 160 steps, avg loss 4.9049 (memory freed)
  [aml] step 0/120 | loss 4.5607 (avg 4.5607) | lr 0.008200 | seq 16
  [aml] step 10/120 | loss 4.3535 (avg 4.4426) | lr 0.008650 | seq 16
  [aml] step 20/120 | loss 3.5145 (avg 4.4112) | lr 0.009100 | seq 16
  [aml] step 30/120 | loss 3.3514 (avg 4.1758) | lr 0.009550 | seq 16
  [aml] step 40/120 | loss 3.1135 (avg 4.2198) | lr 0.010000 | seq 16
  [aml] step 50/120 | loss 3.0611 (avg 4.1853) | lr 0.010000 | seq 16
  [aml] step 60/120 | loss 4.2287 (avg 4.2218) | lr 0.010000 | seq 16
  [aml] step 70/120 | loss 4.2860 (avg 4.1468) | lr 0.010000 | seq 16
  [aml] step 80/120 | loss 4.9789 (avg 4.1004) | lr 0.009999 | seq 16
  [aml] step 90/120 | loss 4.5176 (avg 4.0084) | lr 0.009999 | seq 16
  [aml] step 100/120 | loss 4.0077 (avg 3.9427) | lr 0.009999 | seq 16
  [aml] step 110/120 | loss 5.3909 (avg 3.8693) | lr 0.009999 | seq 16
[aml] training complete: 120 steps, avg loss 3.8941 (memory freed)
  [aml] step 0/120 | loss 3.1012 (avg 3.1012) | lr 0.009999 | seq 32
  [aml] step 10/120 | loss 4.9963 (avg 4.0580) | lr 0.009999 | seq 32
  [aml] step 20/120 | loss 4.3356 (avg 3.8848) | lr 0.009999 | seq 32
  [aml] step 30/120 | loss 3.9276 (avg 3.5742) | lr 0.009999 | seq 32
  [aml] step 40/120 | loss 4.0272 (avg 3.5007) | lr 0.009999 | seq 32
  [aml] step 50/120 | loss 3.8352 (avg 3.4529) | lr 0.009999 | seq 32
  [aml] step 60/120 | loss 2.8619 (avg 3.3795) | lr 0.009999 | seq 32
  [aml] step 70/120 | loss 1.4630 (avg 3.3479) | lr 0.009999 | seq 32
  [aml] step 80/120 | loss 4.5039 (avg 3.3428) | lr 0.009999 | seq 32
  [aml] step 90/120 | loss 1.5203 (avg 3.2899) | lr 0.009999 | seq 32
  [aml] step 100/120 | loss 0.8063 (avg 3.2973) | lr 0.009999 | seq 32
  [aml] step 110/120 | loss 0.9028 (avg 3.1735) | lr 0.009999 | seq 32
[aml] training complete: 120 steps, avg loss 3.0763 (memory freed)

[stage 0 — embryo] What it sounds like now:
  Q: Hello.
  A: The dam deposit requences show m of the base of sediment lesson of byH::::::::
  Q: Who are you?
  A: a feature is the most minerals formed by the lesson of an impact, cliffs the curved calcium carbon into subsurface.
  Q: What do you know?
  A: ...

[growth] ONTOGENESIS: stage 0 -> 1
  embd: 16 -> 32, layer: 1 -> 1, head: 1 -> 2
[growth] Done. Freeze for 500 steps.
[init] Stage 1 (infant): embd=32, layer=1, head=2 — warmup 800 steps (800 backprop + 0 notorch, sqrt-scaled 2x)
  [aml] step 0/320 | loss 4.3836 (avg 4.3836) | lr 0.000500 | seq 8
  [aml] step 10/320 | loss 4.8271 (avg 4.1138) | lr 0.000725 | seq 8
  [aml] step 20/320 | loss 4.4939 (avg 3.8979) | lr 0.000950 | seq 8
  [aml] step 30/320 | loss 4.5081 (avg 3.9691) | lr 0.001175 | seq 8
  [aml] step 40/320 | loss 3.7573 (avg 3.9433) | lr 0.001400 | seq 8
  [aml] step 50/320 | loss 5.1455 (avg 3.8926) | lr 0.001625 | seq 8
  [aml] step 60/320 | loss 4.6558 (avg 3.9028) | lr 0.001850 | seq 8
  [aml] step 70/320 | loss 3.7659 (avg 3.9233) | lr 0.002075 | seq 8
  [aml] step 80/320 | loss 5.2965 (avg 3.9739) | lr 0.002300 | seq 8
  [aml] step 90/320 | loss 4.0580 (avg 3.9816) | lr 0.002525 | seq 8
  [aml] step 100/320 | loss 3.4135 (avg 3.9353) | lr 0.002750 | seq 8
  [aml] step 110/320 | loss 2.2018 (avg 3.9602) | lr 0.002975 | seq 8
  [aml] step 120/320 | loss 0.3913 (avg 3.8663) | lr 0.003200 | seq 8
  [aml] step 130/320 | loss 0.8971 (avg 3.8090) | lr 0.003425 | seq 8
  [aml] step 140/320 | loss 3.8196 (avg 3.8046) | lr 0.003650 | seq 8
  [aml] step 150/320 | loss 3.4729 (avg 3.7907) | lr 0.003875 | seq 8
  [aml] step 160/320 | loss 3.0195 (avg 3.7477) | lr 0.004100 | seq 8
  [aml] step 170/320 | loss 1.2703 (avg 3.7247) | lr 0.004325 | seq 8
  [aml] step 180/320 | loss 1.5395 (avg 3.7412) | lr 0.004550 | seq 8
  [aml] step 190/320 | loss 4.6713 (avg 3.7120) | lr 0.004775 | seq 8
  [aml] step 200/320 | loss 3.7721 (avg 3.6934) | lr 0.004998 | seq 8
  [aml] step 210/320 | loss 5.8383 (avg 3.6905) | lr 0.004998 | seq 8
  [aml] step 220/320 | loss 3.4451 (avg 3.6909) | lr 0.004998 | seq 8
  [aml] step 230/320 | loss 3.8021 (avg 3.7013) | lr 0.004998 | seq 8
  [aml] step 240/320 | loss 5.2081 (avg 3.6934) | lr 0.004998 | seq 8
  [aml] step 250/320 | loss 4.0565 (avg 3.6955) | lr 0.004998 | seq 8
  [aml] step 260/320 | loss 3.9246 (avg 3.7017) | lr 0.004998 | seq 8
  [aml] step 270/320 | loss 4.5971 (avg 3.6586) | lr 0.004998 | seq 8
  [aml] step 280/320 | loss 2.7618 (avg 3.6614) | lr 0.004998 | seq 8
  [aml] step 290/320 | loss 1.3485 (avg 3.6631) | lr 0.004998 | seq 8
  [aml] step 300/320 | loss 3.7687 (avg 3.6775) | lr 0.004998 | seq 8
  [aml] step 310/320 | loss 3.3347 (avg 3.6825) | lr 0.004998 | seq 8
[aml] training complete: 320 steps, avg loss 3.6734 (memory freed)
  [aml] step 0/240 | loss 2.7254 (avg 2.7254) | lr 0.004998 | seq 16
  [aml] step 10/240 | loss 4.1596 (avg 3.3338) | lr 0.004998 | seq 16
  [aml] step 20/240 | loss 3.8695 (avg 3.1300) | lr 0.004998 | seq 16
  [aml] step 30/240 | loss 4.1509 (avg 3.0502) | lr 0.004998 | seq 16
  [aml] step 40/240 | loss 3.1614 (avg 3.1622) | lr 0.004997 | seq 16
  [aml] step 50/240 | loss 4.2475 (avg 3.1697) | lr 0.004997 | seq 16
  [aml] step 60/240 | loss 4.1575 (avg 3.1449) | lr 0.004997 | seq 16
  [aml] step 70/240 | loss 3.6615 (avg 3.0881) | lr 0.004997 | seq 16
  [aml] step 80/240 | loss 4.3174 (avg 3.1174) | lr 0.004997 | seq 16
  [aml] step 90/240 | loss 1.1388 (avg 3.0074) | lr 0.004997 | seq 16
  [aml] step 100/240 | loss 1.2948 (avg 3.1098) | lr 0.004997 | seq 16
  [aml] step 110/240 | loss 2.2742 (avg 3.0663) | lr 0.004997 | seq 16
  [aml] step 120/240 | loss 4.1356 (avg 3.0954) | lr 0.004997 | seq 16
  [aml] step 130/240 | loss 3.6518 (avg 3.0882) | lr 0.004997 | seq 16
  [aml] step 140/240 | loss 4.1354 (avg 3.1202) | lr 0.004997 | seq 16
  [aml] step 150/240 | loss 3.8198 (avg 3.1531) | lr 0.004997 | seq 16
  [aml] step 160/240 | loss 3.4254 (avg 3.1902) | lr 0.004997 | seq 16
  [aml] step 170/240 | loss 3.9248 (avg 3.1816) | lr 0.004996 | seq 16
  [aml] step 180/240 | loss 3.4907 (avg 3.2063) | lr 0.004996 | seq 16
  [aml] step 190/240 | loss 4.4446 (avg 3.2234) | lr 0.004996 | seq 16
  [aml] step 200/240 | loss 2.2706 (avg 3.2031) | lr 0.004996 | seq 16
  [aml] step 210/240 | loss 2.7087 (avg 3.1882) | lr 0.004996 | seq 16
  [aml] step 220/240 | loss 1.9192 (avg 3.2083) | lr 0.004996 | seq 16
  [aml] step 230/240 | loss 1.8912 (avg 3.2250) | lr 0.004996 | seq 16
[aml] training complete: 240 steps, avg loss 3.2295 (memory freed)
  [aml] step 0/240 | loss 4.2537 (avg 4.2537) | lr 0.004996 | seq 32
  [aml] step 10/240 | loss 1.7157 (avg 3.3843) | lr 0.004996 | seq 32
  [aml] step 20/240 | loss 1.0994 (avg 2.8785) | lr 0.004996 | seq 32
  [aml] step 30/240 | loss 4.0748 (avg 3.0714) | lr 0.004996 | seq 32
  [aml] step 40/240 | loss 4.6725 (avg 3.1442) | lr 0.004996 | seq 32
  [aml] step 50/240 | loss 1.5238 (avg 3.1270) | lr 0.004995 | seq 32
  [aml] step 60/240 | loss 2.4752 (avg 3.0842) | lr 0.004995 | seq 32
  [aml] step 70/240 | loss 3.8662 (avg 3.0157) | lr 0.004995 | seq 32
  [aml] step 80/240 | loss 4.3854 (avg 2.9673) | lr 0.004995 | seq 32
  [aml] step 90/240 | loss 1.9103 (avg 2.9498) | lr 0.004995 | seq 32
  [aml] step 100/240 | loss 1.0921 (avg 2.9278) | lr 0.004995 | seq 32
  [aml] step 110/240 | loss 1.1076 (avg 2.8877) | lr 0.004995 | seq 32
  [aml] step 120/240 | loss 0.8319 (avg 2.8683) | lr 0.004995 | seq 32
  [aml] step 130/240 | loss 4.2433 (avg 2.8922) | lr 0.004995 | seq 32
  [aml] step 140/240 | loss 4.2786 (avg 2.8369) | lr 0.004995 | seq 32
  [aml] step 150/240 | loss 1.1207 (avg 2.7959) | lr 0.004995 | seq 32
  [aml] step 160/240 | loss 4.7500 (avg 2.7806) | lr 0.004994 | seq 32
  [aml] step 170/240 | loss 4.1876 (avg 2.8176) | lr 0.004994 | seq 32
  [aml] step 180/240 | loss 3.7383 (avg 2.7672) | lr 0.004994 | seq 32
  [aml] step 190/240 | loss 3.7172 (avg 2.7460) | lr 0.004994 | seq 32
  [aml] step 200/240 | loss 4.2376 (avg 2.7030) | lr 0.004994 | seq 32
  [aml] step 210/240 | loss 3.8216 (avg 2.7303) | lr 0.004994 | seq 32
  [aml] step 220/240 | loss 4.0469 (avg 2.7208) | lr 0.004994 | seq 32
  [aml] step 230/240 | loss 0.9210 (avg 2.6860) | lr 0.004994 | seq 32
[aml] training complete: 240 steps, avg loss 2.6901 (memory freed)

[stage 1 — infant] What it sounds like now:
  Q: Hello.
  A: The push entifact state. The lesson of the oed by destroys wind-depositly that syster, leach — they fa.
  Q: Who are you?
  A: The lesson of the walls, and you fes, and the melts, which fieldspark, and conchoids and you hillside vis the dirt?
  Q: What do you know?
  A: of the dead? to above cement.

[growth] ONTOGENESIS: stage 1 -> 2
  embd: 32 -> 64, layer: 1 -> 2, head: 2 -> 4
[growth] Done. Freeze for 500 steps.
[init] Stage 2 (child): embd=64, layer=2, head=4 — warmup 800 steps (800 backprop + 0 notorch, sqrt-scaled 2x)
  [aml] step 0/320 | loss 1.5363 (avg 1.5363) | lr 0.000250 | seq 8
  [aml] step 10/320 | loss 0.5472 (avg 3.4769) | lr 0.000363 | seq 8
  [aml] step 20/320 | loss 1.1556 (avg 3.4024) | lr 0.000475 | seq 8
  [aml] step 30/320 | loss 4.8251 (avg 3.5331) | lr 0.000588 | seq 8
  [aml] step 40/320 | loss 2.5935 (avg 3.4214) | lr 0.000700 | seq 8
  [aml] step 50/320 | loss 1.6542 (avg 3.4541) | lr 0.000813 | seq 8
  [aml] step 60/320 | loss 3.9661 (avg 3.4499) | lr 0.000925 | seq 8
  [aml] step 70/320 | loss 3.9849 (avg 3.4900) | lr 0.001038 | seq 8
  [aml] step 80/320 | loss 4.2282 (avg 3.3953) | lr 0.001150 | seq 8
  [aml] step 90/320 | loss 4.3852 (avg 3.3735) | lr 0.001263 | seq 8
  [aml] step 100/320 | loss 4.6925 (avg 3.3692) | lr 0.001375 | seq 8
  [aml] step 110/320 | loss 3.4030 (avg 3.4013) | lr 0.001488 | seq 8
  [aml] step 120/320 | loss 4.3950 (avg 3.4448) | lr 0.001600 | seq 8
  [aml] step 130/320 | loss 0.1440 (avg 3.4083) | lr 0.001713 | seq 8
  [aml] step 140/320 | loss 3.9847 (avg 3.3904) | lr 0.001825 | seq 8
  [aml] step 150/320 | loss 4.2615 (avg 3.3913) | lr 0.001938 | seq 8
  [aml] step 160/320 | loss 3.2396 (avg 3.3824) | lr 0.002050 | seq 8
  [aml] step 170/320 | loss 4.9920 (avg 3.3842) | lr 0.002163 | seq 8
  [aml] step 180/320 | loss 0.2585 (avg 3.3739) | lr 0.002275 | seq 8
  [aml] step 190/320 | loss 4.4315 (avg 3.3922) | lr 0.002387 | seq 8
  [aml] step 200/320 | loss 5.0849 (avg 3.3905) | lr 0.002496 | seq 8
  [aml] step 210/320 | loss 2.1639 (avg 3.3638) | lr 0.002496 | seq 8
  [aml] step 220/320 | loss 3.7438 (avg 3.3357) | lr 0.002496 | seq 8
  [aml] step 230/320 | loss 4.5107 (avg 3.3448) | lr 0.002495 | seq 8
  [aml] step 240/320 | loss 5.1628 (avg 3.3908) | lr 0.002495 | seq 8
  [aml] step 250/320 | loss 0.3274 (avg 3.3748) | lr 0.002495 | seq 8
  [aml] step 260/320 | loss 5.0890 (avg 3.3657) | lr 0.002495 | seq 8
  [aml] step 270/320 | loss 3.9247 (avg 3.3779) | lr 0.002495 | seq 8
  [aml] step 280/320 | loss 0.5943 (avg 3.3539) | lr 0.002495 | seq 8
  [aml] step 290/320 | loss 4.3329 (avg 3.2979) | lr 0.002495 | seq 8
  [aml] step 300/320 | loss 4.3210 (avg 3.3076) | lr 0.002495 | seq 8
  [aml] step 310/320 | loss 2.2204 (avg 3.3179) | lr 0.002495 | seq 8
[aml] training complete: 320 steps, avg loss 3.3093 (memory freed)
  [aml] step 0/240 | loss 2.4806 (avg 2.4806) | lr 0.002495 | seq 16
  [aml] step 10/240 | loss 4.7042 (avg 3.1317) | lr 0.002495 | seq 16
  [aml] step 20/240 | loss 3.9386 (avg 3.1513) | lr 0.002495 | seq 16
  [aml] step 30/240 | loss 4.0091 (avg 3.1092) | lr 0.002495 | seq 16
  [aml] step 40/240 | loss 5.2605 (avg 3.3120) | lr 0.002495 | seq 16
  [aml] step 50/240 | loss 3.7094 (avg 3.4206) | lr 0.002495 | seq 16
  [aml] step 60/240 | loss 1.4611 (avg 3.4440) | lr 0.002494 | seq 16
  [aml] step 70/240 | loss 1.3465 (avg 3.3800) | lr 0.002494 | seq 16
  [aml] step 80/240 | loss 1.4815 (avg 3.2815) | lr 0.002494 | seq 16
  [aml] step 90/240 | loss 3.4601 (avg 3.2737) | lr 0.002494 | seq 16
  [aml] step 100/240 | loss 2.0027 (avg 3.2202) | lr 0.002494 | seq 16
  [aml] step 110/240 | loss 2.0845 (avg 3.1700) | lr 0.002494 | seq 16
  [aml] step 120/240 | loss 4.4671 (avg 3.1493) | lr 0.002494 | seq 16
  [aml] step 130/240 | loss 2.8678 (avg 3.1793) | lr 0.002494 | seq 16
  [aml] step 140/240 | loss 3.4934 (avg 3.1942) | lr 0.002494 | seq 16
  [aml] step 150/240 | loss 1.9098 (avg 3.1832) | lr 0.002494 | seq 16
  [aml] step 160/240 | loss 4.2953 (avg 3.1568) | lr 0.002494 | seq 16
  [aml] step 170/240 | loss 4.0831 (avg 3.1174) | lr 0.002494 | seq 16
  [aml] step 180/240 | loss 3.5979 (avg 3.1241) | lr 0.002494 | seq 16
  [aml] step 190/240 | loss 1.8447 (avg 3.1145) | lr 0.002494 | seq 16
  [aml] step 200/240 | loss 4.1719 (avg 3.0879) | lr 0.002493 | seq 16
  [aml] step 210/240 | loss 4.0987 (avg 3.0617) | lr 0.002493 | seq 16
  [aml] step 220/240 | loss 4.5582 (avg 3.0750) | lr 0.002493 | seq 16
  [aml] step 230/240 | loss 4.4855 (avg 3.0489) | lr 0.002493 | seq 16
[aml] training complete: 240 steps, avg loss 3.0848 (memory freed)
  [aml] step 0/240 | loss 0.8505 (avg 0.8505) | lr 0.002493 | seq 32
  [aml] step 10/240 | loss 4.3155 (avg 3.0618) | lr 0.002493 | seq 32
  [aml] step 20/240 | loss 1.0982 (avg 3.0421) | lr 0.002493 | seq 32
  [aml] step 30/240 | loss 4.1085 (avg 2.8541) | lr 0.002493 | seq 32
  [aml] step 40/240 | loss 3.8625 (avg 2.7601) | lr 0.002493 | seq 32
  [aml] step 50/240 | loss 3.8977 (avg 2.6855) | lr 0.002493 | seq 32
  [aml] step 60/240 | loss 3.8698 (avg 2.8518) | lr 0.002493 | seq 32
  [aml] step 70/240 | loss 0.6269 (avg 2.8226) | lr 0.002493 | seq 32
  [aml] step 80/240 | loss 1.3918 (avg 2.8242) | lr 0.002492 | seq 32
  [aml] step 90/240 | loss 4.9996 (avg 2.7790) | lr 0.002492 | seq 32
  [aml] step 100/240 | loss 4.1603 (avg 2.7964) | lr 0.002492 | seq 32
  [aml] step 110/240 | loss 4.0558 (avg 2.7824) | lr 0.002492 | seq 32
  [aml] step 120/240 | loss 0.7523 (avg 2.7769) | lr 0.002492 | seq 32
  [aml] step 130/240 | loss 1.0853 (avg 2.7581) | lr 0.002492 | seq 32
  [aml] step 140/240 | loss 4.3712 (avg 2.7433) | lr 0.002492 | seq 32
  [aml] step 150/240 | loss 0.9735 (avg 2.7094) | lr 0.002492 | seq 32
  [aml] step 160/240 | loss 4.2834 (avg 2.6731) | lr 0.002492 | seq 32
  [aml] step 170/240 | loss 4.1960 (avg 2.6145) | lr 0.002492 | seq 32
  [aml] step 180/240 | loss 0.8945 (avg 2.5998) | lr 0.002492 | seq 32
  [aml] step 190/240 | loss 0.5291 (avg 2.5737) | lr 0.002492 | seq 32
  [aml] step 200/240 | loss 1.3227 (avg 2.5776) | lr 0.002491 | seq 32
  [aml] step 210/240 | loss 0.7270 (avg 2.5917) | lr 0.002491 | seq 32
  [aml] step 220/240 | loss 1.3049 (avg 2.5728) | lr 0.002491 | seq 32
  [aml] step 230/240 | loss 3.3042 (avg 2.5480) | lr 0.002491 | seq 32
[aml] training complete: 240 steps, avg loss 2.5641 (memory freed)

[stage 2 — child] What it sounds like now:
  Q: Hello.
  A: It is a detectonics to preserved where the block of rock of sediment, it.
  Q: Who are you?
  A: by which magnetized, A land erupts under more berately pen of a slides, formed underground and the rock and the ds.
  Q: What do you know?
  A: that form creates and cone-grained to a repeated path the for conditions.

[init] Warmup complete at stage 2. Organism ready.
[ecology] First organism in the swarm.
molequla is alive. [evolution] Autonomous mode — background trainer running. Ctrl+C to stop.
[dna] earth wrote 173 bytes to ecology
[dna] earth wrote 146 bytes to ecology
[dna] earth wrote 73 bytes to ecology
[dna] earth wrote 44 bytes to ecology
[dna] earth wrote 46 bytes to ecology
[dna] earth wrote 29 bytes to ecology
[dna] earth wrote 68 bytes to ecology
[dna] earth wrote 69 bytes to ecology
[dna] earth wrote 26 bytes to ecology
[dna] earth wrote 43 bytes to ecology
[dna] earth wrote 106 bytes to ecology
[dna] earth wrote 48 bytes to ecology
[dna] earth wrote 235 bytes to ecology
[dna] earth wrote 181 bytes to ecology
[dna] earth wrote 137 bytes to ecology
[dna] earth wrote 97 bytes to ecology
[dna] earth wrote 57 bytes to ecology
[dna] earth wrote 142 bytes to ecology
[dna] earth wrote 152 bytes to ecology
[dna] earth wrote 21 bytes to ecology
[dna] earth wrote 48 bytes to ecology
[dna] earth wrote 32 bytes to ecology
[dna] earth wrote 55 bytes to ecology
[dna] earth wrote 43 bytes to ecology
[dna] earth wrote 119 bytes to ecology
[dna] earth wrote 127 bytes to ecology
[dna] earth wrote 58 bytes to ecology
[dna] earth wrote 123 bytes to ecology
[dna] earth wrote 209 bytes to ecology
[dna] earth wrote 131 bytes to ecology
[debug-onto] tick=50 corpus=173643 stage=2 freeze=0
[dna] earth wrote 47 bytes to ecology
[dna] earth wrote 66 bytes to ecology
[dna] earth wrote 6 bytes to ecology
[dna] earth wrote 84 bytes to ecology
[dna] earth wrote 19 bytes to ecology
[dna] earth wrote 156 bytes to ecology
[dna] earth wrote 39 bytes to ecology
[dna] earth wrote 70 bytes to ecology
[dna] earth wrote 118 bytes to ecology
[dna] earth wrote 193 bytes to ecology
[dna] earth wrote 74 bytes to ecology
[dna] earth wrote 51 bytes to ecology
[dna] earth wrote 56 bytes to ecology
[dna] earth wrote 33 bytes to ecology
[dna] earth wrote 161 bytes to ecology
[dna] earth wrote 28 bytes to ecology
[dna] earth wrote 29 bytes to ecology
[dna] earth wrote 188 bytes to ecology
[dna] earth wrote 43 bytes to ecology
[dna] earth wrote 94 bytes to ecology
[dna] earth wrote 98 bytes to ecology
[dna] earth wrote 103 bytes to ecology
[dna] earth wrote 65 bytes to ecology
[dna] earth wrote 65 bytes to ecology
[dna] earth wrote 121 bytes to ecology
[dna] earth wrote 54 bytes to ecology
[dna] earth wrote 107 bytes to ecology
[dna] earth wrote 72 bytes to ecology
[dna] earth wrote 219 bytes to ecology
[debug-onto] tick=100 corpus=173643 stage=2 freeze=0
[dna] earth wrote 21 bytes to ecology
[dna] earth wrote 88 bytes to ecology
[dna] earth wrote 64 bytes to ecology
[dna] earth wrote 192 bytes to ecology
[dna] earth wrote 32 bytes to ecology
[dna] earth wrote 83 bytes to ecology
[dna] earth wrote 45 bytes to ecology
[dna] earth wrote 87 bytes to ecology
[dna] earth wrote 46 bytes to ecology
[dna] earth wrote 96 bytes to ecology
[dna] earth wrote 23 bytes to ecology
[dna] earth wrote 84 bytes to ecology
[dna] earth wrote 36 bytes to ecology
[dna] earth wrote 46 bytes to ecology
[dna] earth wrote 38 bytes to ecology
[dna] earth wrote 42 bytes to ecology
[dna] earth wrote 52 bytes to ecology
[dna] earth wrote 184 bytes to ecology
[dna] earth wrote 42 bytes to ecology
[dna] earth wrote 41 bytes to ecology
[dna] earth wrote 35 bytes to ecology
[dna] earth wrote 32 bytes to ecology
[dna] earth wrote 50 bytes to ecology
[dna] earth wrote 123 bytes to ecology
[dna] earth wrote 61 bytes to ecology
[dna] earth wrote 63 bytes to ecology
[dna] earth wrote 34 bytes to ecology
[dna] earth wrote 65 bytes to ecology
[dna] earth wrote 55 bytes to ecology
[dna] earth wrote 42 bytes to ecology
[dna] earth wrote 41 bytes to ecology
[debug-onto] tick=150 corpus=173643 stage=2 freeze=0
[dna] earth wrote 62 bytes to ecology
[dna] earth wrote 147 bytes to ecology
[dna] earth wrote 180 bytes to ecology
[dna] earth wrote 44 bytes to ecology
[dna] earth wrote 58 bytes to ecology
[dna] earth wrote 69 bytes to ecology
[dna] earth wrote 46 bytes to ecology
[dna] earth wrote 124 bytes to ecology
[dna] earth wrote 52 bytes to ecology
[dna] earth wrote 50 bytes to ecology
[dna] earth wrote 87 bytes to ecology
[dna] earth wrote 42 bytes to ecology
[dna] earth wrote 12 bytes to ecology
[dna] earth wrote 53 bytes to ecology
[dna] earth wrote 208 bytes to ecology
[dna] earth wrote 106 bytes to ecology
[dna] earth wrote 32 bytes to ecology
[dna] earth wrote 46 bytes to ecology
[dna] earth wrote 332 bytes to ecology
[dna] earth wrote 307 bytes to ecology
[dna] earth wrote 48 bytes to ecology
[dna] earth wrote 75 bytes to ecology
[dna] earth wrote 173 bytes to ecology
[dna] earth wrote 48 bytes to ecology
[dna] earth wrote 86 bytes to ecology
[dna] earth wrote 40 bytes to ecology
[dna] earth wrote 163 bytes to ecology
[debug-onto] tick=200 corpus=173643 stage=2 freeze=0
[dna] earth wrote 148 bytes to ecology
[dna] earth wrote 33 bytes to ecology
[dna] earth wrote 136 bytes to ecology
[dna] earth wrote 63 bytes to ecology
[dna] earth wrote 33 bytes to ecology
[dna] earth wrote 46 bytes to ecology
[dna] earth wrote 29 bytes to ecology
[dna] earth wrote 58 bytes to ecology
[dna] earth wrote 64 bytes to ecology
[dna] earth wrote 77 bytes to ecology
[dna] earth wrote 47 bytes to ecology
[dna] earth wrote 80 bytes to ecology
[dna] earth wrote 192 bytes to ecology
[dna] earth wrote 28 bytes to ecology
[dna] earth wrote 53 bytes to ecology
[dna] earth wrote 52 bytes to ecology
[dna] earth wrote 195 bytes to ecology
[dna] earth wrote 77 bytes to ecology
[dna] earth wrote 25 bytes to ecology
[dna] earth wrote 42 bytes to ecology
[dna] earth wrote 73 bytes to ecology
[dna] earth wrote 98 bytes to ecology
[dna] earth wrote 40 bytes to ecology
[dna] earth wrote 30 bytes to ecology
[dna] earth wrote 83 bytes to ecology
[dna] earth wrote 134 bytes to ecology
[dna] earth wrote 56 bytes to ecology
[dna] earth wrote 68 bytes to ecology
[debug-onto] tick=250 corpus=173643 stage=2 freeze=0
[dna] earth wrote 135 bytes to ecology
[dna] earth wrote 19 bytes to ecology
[dna] earth wrote 51 bytes to ecology
[dna] earth wrote 121 bytes to ecology
[dna] earth wrote 151 bytes to ecology
[dna] earth wrote 74 bytes to ecology
[dna] earth wrote 65 bytes to ecology
[dna] earth wrote 228 bytes to ecology
[dna] earth wrote 124 bytes to ecology
[dna] earth wrote 104 bytes to ecology
[dna] earth wrote 79 bytes to ecology
[dna] earth wrote 76 bytes to ecology
[dna] earth wrote 41 bytes to ecology
[dna] earth wrote 72 bytes to ecology
[dna] earth wrote 51 bytes to ecology
[dna] earth wrote 34 bytes to ecology
[dna] earth wrote 76 bytes to ecology
[dna] earth wrote 91 bytes to ecology
[dna] earth wrote 105 bytes to ecology
[dna] earth wrote 136 bytes to ecology
[dna] earth wrote 120 bytes to ecology
[dna] earth wrote 195 bytes to ecology
[dna] earth wrote 15 bytes to ecology
[dna] earth wrote 23 bytes to ecology
[dna] earth wrote 68 bytes to ecology
[dna] earth wrote 58 bytes to ecology
[dna] earth wrote 30 bytes to ecology
[dna] earth wrote 232 bytes to ecology
[dna] earth wrote 56 bytes to ecology
[dna] earth wrote 67 bytes to ecology
[debug-onto] tick=300 corpus=173643 stage=2 freeze=0
[dna] earth wrote 62 bytes to ecology
[dna] earth wrote 128 bytes to ecology
[dna] earth wrote 103 bytes to ecology
[dna] earth wrote 76 bytes to ecology
[dna] earth wrote 16 bytes to ecology
[dna] earth wrote 151 bytes to ecology
[dna] earth wrote 194 bytes to ecology
[dna] earth wrote 31 bytes to ecology
[dna] earth wrote 28 bytes to ecology
[dna] earth wrote 53 bytes to ecology
[dna] earth wrote 34 bytes to ecology
[dna] earth wrote 44 bytes to ecology
[dna] earth wrote 85 bytes to ecology
[dna] earth wrote 42 bytes to ecology
[dna] earth wrote 29 bytes to ecology
[dna] earth wrote 78 bytes to ecology
[dna] earth wrote 86 bytes to ecology
[dna] earth wrote 128 bytes to ecology
[dna] earth wrote 33 bytes to ecology
[dna] earth wrote 28 bytes to ecology
[dna] earth wrote 122 bytes to ecology
[dna] earth wrote 137 bytes to ecology
[dna] earth wrote 87 bytes to ecology
[dna] earth wrote 74 bytes to ecology
[dna] earth wrote 101 bytes to ecology
[dna] earth wrote 58 bytes to ecology
[dna] earth wrote 116 bytes to ecology
[dna] earth wrote 99 bytes to ecology
[dna] earth wrote 105 bytes to ecology
[dna] earth wrote 8 bytes to ecology
[dna] earth wrote 96 bytes to ecology
[debug-onto] tick=350 corpus=173643 stage=2 freeze=0
[dna] earth wrote 222 bytes to ecology
[dna] earth wrote 35 bytes to ecology
[dna] earth wrote 98 bytes to ecology
[dna] earth wrote 27 bytes to ecology
[dna] earth wrote 60 bytes to ecology
[dna] earth wrote 41 bytes to ecology
[dna] earth wrote 112 bytes to ecology
[dna] earth wrote 195 bytes to ecology
[dna] earth wrote 11 bytes to ecology
[dna] earth wrote 51 bytes to ecology
[dna] earth wrote 61 bytes to ecology
[dna] earth wrote 63 bytes to ecology
[dna] earth wrote 54 bytes to ecology
[dna] earth wrote 72 bytes to ecology
[dna] earth wrote 110 bytes to ecology
[dna] earth wrote 13 bytes to ecology
[dna] earth wrote 46 bytes to ecology
[dna] earth wrote 41 bytes to ecology
[dna] earth wrote 122 bytes to ecology
[dna] earth wrote 82 bytes to ecology
[dna] earth wrote 30 bytes to ecology
[dna] earth wrote 89 bytes to ecology
[dna] earth wrote 23 bytes to ecology
[dna] earth wrote 42 bytes to ecology
[dna] earth wrote 153 bytes to ecology
[dna] earth wrote 41 bytes to ecology
[dna] earth wrote 167 bytes to ecology
[dna] earth wrote 33 bytes to ecology
[dna] earth wrote 61 bytes to ecology
[dna] earth wrote 39 bytes to ecology
[debug-onto] tick=400 corpus=173643 stage=2 freeze=0
[dna] earth wrote 92 bytes to ecology
[dna] earth wrote 120 bytes to ecology
[dna] earth wrote 47 bytes to ecology
[dna] earth wrote 266 bytes to ecology
[dna] earth wrote 63 bytes to ecology
[dna] earth wrote 55 bytes to ecology
[dna] earth wrote 226 bytes to ecology
[dna] earth wrote 83 bytes to ecology
[dna] earth wrote 31 bytes to ecology
[dna] earth wrote 81 bytes to ecology
[dna] earth wrote 77 bytes to ecology
[dna] earth wrote 67 bytes to ecology
[dna] earth wrote 55 bytes to ecology
[dna] earth wrote 24 bytes to ecology
[dna] earth wrote 160 bytes to ecology
[dna] earth wrote 115 bytes to ecology
[dna] earth wrote 130 bytes to ecology
[dna] earth wrote 178 bytes to ecology
[dna] earth wrote 68 bytes to ecology
[dna] earth wrote 26 bytes to ecology
[dna] earth wrote 26 bytes to ecology
[dna] earth wrote 63 bytes to ecology
[dna] earth wrote 96 bytes to ecology
[dna] earth wrote 161 bytes to ecology
[dna] earth wrote 121 bytes to ecology
[dna] earth wrote 140 bytes to ecology
[dna] earth wrote 115 bytes to ecology
[dna] earth wrote 31 bytes to ecology
[dna] earth wrote 168 bytes to ecology
[dna] earth wrote 93 bytes to ecology
[debug-onto] tick=450 corpus=173643 stage=2 freeze=0
[dna] earth wrote 72 bytes to ecology
[dna] earth wrote 89 bytes to ecology
[dna] earth wrote 10 bytes to ecology
[dna] earth wrote 69 bytes to ecology
[dna] earth wrote 40 bytes to ecology
[dna] earth wrote 102 bytes to ecology
[dna] earth wrote 33 bytes to ecology
[dna] earth wrote 90 bytes to ecology
[dna] earth wrote 32 bytes to ecology
[dna] earth wrote 49 bytes to ecology
[dna] earth wrote 59 bytes to ecology
[dna] earth wrote 101 bytes to ecology
[dna] earth wrote 92 bytes to ecology
[dna] earth wrote 34 bytes to ecology
[dna] earth wrote 60 bytes to ecology
[dna] earth wrote 107 bytes to ecology
[dna] earth wrote 81 bytes to ecology
[dna] earth wrote 83 bytes to ecology
[dna] earth wrote 55 bytes to ecology
[dna] earth wrote 26 bytes to ecology
[dna] earth wrote 65 bytes to ecology
[dna] earth wrote 49 bytes to ecology
[dna] earth wrote 64 bytes to ecology
[dna] earth wrote 42 bytes to ecology
[dna] earth wrote 77 bytes to ecology
[dna] earth wrote 70 bytes to ecology
[dna] earth wrote 90 bytes to ecology
[dna] earth wrote 37 bytes to ecology
[dna] earth wrote 36 bytes to ecology
[dna] earth wrote 219 bytes to ecology
[debug-onto] tick=500 corpus=173643 stage=2 freeze=0
[dna] earth wrote 172 bytes to ecology
[dna] earth wrote 66 bytes to ecology
[dna] earth wrote 57 bytes to ecology
[dna] earth wrote 191 bytes to ecology
[dna] earth wrote 186 bytes to ecology
[dna] earth wrote 79 bytes to ecology
[dna] earth wrote 127 bytes to ecology
[dna] earth wrote 146 bytes to ecology
[dna] earth wrote 73 bytes to ecology
[dna] earth wrote 93 bytes to ecology
[dna] earth wrote 50 bytes to ecology
[dna] earth wrote 30 bytes to ecology
[dna] earth wrote 40 bytes to ecology
[dna] earth wrote 126 bytes to ecology
[dna] earth wrote 67 bytes to ecology
[dna] earth wrote 195 bytes to ecology
[dna] earth wrote 37 bytes to ecology
[dna] earth wrote 91 bytes to ecology
[dna] earth wrote 42 bytes to ecology
[dna] earth wrote 63 bytes to ecology
[dna] earth wrote 61 bytes to ecology
[dna] earth wrote 40 bytes to ecology
[dna] earth wrote 95 bytes to ecology
[dna] earth wrote 60 bytes to ecology
[dna] earth wrote 56 bytes to ecology
[dna] earth wrote 46 bytes to ecology
[dna] earth wrote 151 bytes to ecology
[dna] earth wrote 76 bytes to ecology
[dna] earth wrote 57 bytes to ecology
[debug-onto] tick=550 corpus=173643 stage=2 freeze=0
[dna] earth wrote 52 bytes to ecology
[dna] earth wrote 145 bytes to ecology
[dna] earth wrote 94 bytes to ecology
[dna] earth wrote 25 bytes to ecology
[dna] earth wrote 145 bytes to ecology
[dna] earth wrote 131 bytes to ecology
[dna] earth wrote 115 bytes to ecology
[dna] earth wrote 125 bytes to ecology
[dna] earth wrote 71 bytes to ecology
[dna] earth wrote 118 bytes to ecology
[dna] earth wrote 30 bytes to ecology
[dna] earth wrote 69 bytes to ecology
[dna] earth wrote 61 bytes to ecology
[dna] earth wrote 135 bytes to ecology
[dna] earth wrote 34 bytes to ecology
[dna] earth wrote 218 bytes to ecology
[dna] earth wrote 39 bytes to ecology
[dna] earth wrote 126 bytes to ecology
[dna] earth wrote 111 bytes to ecology
[dna] earth wrote 83 bytes to ecology
[dna] earth wrote 62 bytes to ecology
[dna] earth wrote 99 bytes to ecology
[dna] earth wrote 77 bytes to ecology
[dna] earth wrote 11 bytes to ecology
[dna] earth wrote 146 bytes to ecology
[dna] earth wrote 62 bytes to ecology
[dna] earth wrote 80 bytes to ecology
[dna] earth wrote 38 bytes to ecology
[dna] earth wrote 40 bytes to ecology
[dna] earth wrote 234 bytes to ecology
[debug-onto] tick=600 corpus=173643 stage=2 freeze=0
[dna] earth wrote 29 bytes to ecology
[dna] earth wrote 91 bytes to ecology
[dna] earth wrote 113 bytes to ecology
[dna] earth wrote 108 bytes to ecology
[dna] earth wrote 79 bytes to ecology
[dna] earth wrote 90 bytes to ecology
[dna] earth wrote 21 bytes to ecology
[dna] earth wrote 24 bytes to ecology
[dna] earth wrote 84 bytes to ecology
[dna] earth wrote 44 bytes to ecology
[dna] earth wrote 93 bytes to ecology
[dna] earth wrote 146 bytes to ecology
[dna] earth wrote 31 bytes to ecology
[dna] earth wrote 122 bytes to ecology
[dna] earth wrote 117 bytes to ecology
[dna] earth wrote 68 bytes to ecology
[dna] earth wrote 112 bytes to ecology
[dna] earth wrote 85 bytes to ecology
[dna] earth wrote 98 bytes to ecology
[dna] earth wrote 39 bytes to ecology
[dna] earth wrote 44 bytes to ecology
[dna] earth wrote 115 bytes to ecology
[dna] earth wrote 50 bytes to ecology
[dna] earth wrote 31 bytes to ecology
[dna] earth wrote 180 bytes to ecology
[dna] earth wrote 38 bytes to ecology
[dna] earth wrote 156 bytes to ecology
[dna] earth wrote 136 bytes to ecology
[dna] earth wrote 34 bytes to ecology
[debug-onto] tick=650 corpus=173643 stage=2 freeze=0
[dna] earth wrote 187 bytes to ecology
[dna] earth wrote 93 bytes to ecology
[dna] earth wrote 163 bytes to ecology
[dna] earth wrote 132 bytes to ecology
[dna] earth wrote 15 bytes to ecology
[dna] earth wrote 43 bytes to ecology
[dna] earth wrote 37 bytes to ecology

[evolution] Organism shutting down gracefully.
