[ecology] Element: fire → corpus: nonames_fire.txt
[evolution] Autonomous evolution mode — organism will grow through all stages without pause.
[ecology] Joined swarm. 1 peer(s) detected.
molequla is alive. [evolution] Autonomous mode — background trainer running. Ctrl+C to stop.
[dna] fire wrote 165 bytes to ecology
[dna] fire consumed 11968 bytes from 188 files: [water/gen_1777099906_1.txt water/gen_1777099924_4.txt water/gen_1777099934_7.txt water/gen_1777099943_10.txt water/gen_1777099952_13.txt water/gen_1777099961_16.txt water/gen_1777099970_19.txt water/gen_1777099980_22.txt water/gen_1777099989_25.txt water/gen_1777099998_28.txt water/gen_1777100007_31.txt water/gen_1777100016_34.txt water/gen_1777100026_37.txt water/gen_1777100035_40.txt water/gen_1777100044_43.txt water/gen_1777100053_46.txt water/gen_1777100062_49.txt water/gen_1777100071_52.txt water/gen_1777100081_55.txt water/gen_1777100090_58.txt water/gen_1777100099_61.txt water/gen_1777100109_64.txt water/gen_1777100118_67.txt water/gen_1777100127_70.txt water/gen_1777100136_73.txt water/gen_1777100145_76.txt water/gen_1777100155_79.txt water/gen_1777100164_82.txt water/gen_1777100173_85.txt water/gen_1777100182_88.txt water/gen_1777100192_91.txt water/gen_1777100201_94.txt water/gen_1777100210_97.txt water/gen_1777100219_100.txt water/gen_1777100229_103.txt water/gen_1777100238_106.txt water/gen_1777100247_109.txt water/gen_1777100257_112.txt water/gen_1777100266_115.txt water/gen_1777100275_118.txt water/gen_1777100284_121.txt water/gen_1777100293_124.txt water/gen_1777100303_127.txt water/gen_1777100312_130.txt water/gen_1777100321_133.txt water/gen_1777100331_136.txt water/gen_1777100340_139.txt water/gen_1777100349_142.txt water/gen_1777100359_145.txt water/gen_1777100368_148.txt water/gen_1777100378_151.txt water/gen_1777100387_154.txt water/gen_1777100396_157.txt water/gen_1777100406_160.txt water/gen_1777100415_163.txt water/gen_1777100425_166.txt water/gen_1777100434_169.txt water/gen_1777100444_172.txt water/gen_1777100453_175.txt water/gen_1777100462_178.txt water/gen_1777100472_181.txt water/gen_1777100481_184.txt water/gen_1777100491_187.txt water/gen_1777100500_190.txt water/gen_1777100509_193.txt water/gen_1777100519_196.txt water/gen_1777100528_199.txt water/gen_1777100538_202.txt water/gen_1777100547_205.txt water/gen_1777100556_208.txt water/gen_1777100566_211.txt water/gen_1777100575_214.txt water/gen_1777100585_217.txt water/gen_1777100594_220.txt water/gen_1777100603_223.txt water/gen_1777100613_226.txt water/gen_1777100622_229.txt water/gen_1777100632_232.txt water/gen_1777100641_235.txt water/gen_1777100651_238.txt water/gen_1777100660_241.txt water/gen_1777100670_244.txt water/gen_1777100680_247.txt water/gen_1777100689_250.txt water/gen_1777100699_253.txt water/gen_1777100708_256.txt water/gen_1777100718_259.txt water/gen_1777100728_262.txt water/gen_1777100737_265.txt water/gen_1777100746_268.txt water/gen_1777100756_271.txt water/gen_1777100766_274.txt water/gen_1777100775_277.txt water/gen_1777100785_280.txt water/gen_1777100794_283.txt water/gen_1777100804_286.txt water/gen_1777100813_289.txt water/gen_1777100823_292.txt water/gen_1777100833_295.txt water/gen_1777100843_298.txt water/gen_1777100852_301.txt water/gen_1777100862_304.txt water/gen_1777100872_307.txt water/gen_1777100881_310.txt water/gen_1777100891_313.txt water/gen_1777100901_316.txt water/gen_1777100911_319.txt water/gen_1777100920_322.txt water/gen_1777100930_325.txt water/gen_1777100940_328.txt water/gen_1777100950_331.txt water/gen_1777100960_334.txt water/gen_1777100969_337.txt water/gen_1777100979_340.txt water/gen_1777100989_343.txt water/gen_1777100999_346.txt water/gen_1777101009_349.txt water/gen_1777101019_352.txt water/gen_1777101029_355.txt water/gen_1777101039_358.txt water/gen_1777101048_361.txt water/gen_1777101059_364.txt water/gen_1777101068_367.txt water/gen_1777101078_370.txt water/gen_1777101088_373.txt water/gen_1777101098_376.txt water/gen_1777101108_379.txt water/gen_1777101117_382.txt water/gen_1777101127_385.txt water/gen_1777101137_388.txt water/gen_1777101147_391.txt water/gen_1777101157_394.txt water/gen_1777101166_397.txt water/gen_1777101176_400.txt water/gen_1777101186_403.txt water/gen_1777101195_406.txt water/gen_1777101205_409.txt water/gen_1777101215_412.txt water/gen_1777101225_415.txt water/gen_1777101235_418.txt water/gen_1777101244_421.txt water/gen_1777101254_424.txt water/gen_1777101264_427.txt water/gen_1777101274_430.txt water/gen_1777101283_433.txt water/gen_1777101293_436.txt water/gen_1777101302_439.txt water/gen_1777101311_442.txt water/gen_1777101330_448.txt water/gen_1777101339_451.txt water/gen_1777101349_454.txt water/gen_1777101359_457.txt water/gen_1777101368_460.txt water/gen_1777101378_463.txt water/gen_1777101387_466.txt water/gen_1777101397_469.txt water/gen_1777101406_472.txt water/gen_1777101415_475.txt water/gen_1777101425_478.txt water/gen_1777101435_481.txt water/gen_1777101444_484.txt water/gen_1777101454_487.txt water/gen_1777101463_490.txt water/gen_1777101472_493.txt water/gen_1777101482_496.txt water/gen_1777101491_499.txt water/gen_1777101501_502.txt water/gen_1777101511_505.txt water/gen_1777101520_508.txt water/gen_1777101529_511.txt water/gen_1777101539_514.txt water/gen_1777101548_517.txt water/gen_1777101558_520.txt water/gen_1777101567_523.txt water/gen_1777101576_526.txt water/gen_1777101586_529.txt water/gen_1777101595_532.txt water/gen_1777101604_535.txt water/gen_1777101614_538.txt water/gen_1777101623_541.txt water/gen_1777101632_544.txt water/gen_1777101642_547.txt water/gen_1777101651_550.txt water/gen_1777101661_553.txt water/gen_1777101670_556.txt water/gen_1777101680_559.txt water/gen_1777101689_562.txt water/gen_1777101699_565.txt]
[trainer] micro-train burst (11968 bytes, novelty 0.06) — and lo, it feeds again.
[syntropy] action=explore | trend=0.0000 | field_dev=-0.016 | purpose_align=-0.159 | lr_mul=1.30
[aml] burst complete: 32 steps, avg loss 2.0551 (memory freed)
[dna] fire wrote 107 bytes to ecology
[dna] fire wrote 58 bytes to ecology
[dna] fire wrote 58 bytes to ecology
[dna] fire wrote 51 bytes to ecology
[dna] fire wrote 19 bytes to ecology
[dna] fire wrote 119 bytes to ecology
[dna] fire wrote 122 bytes to ecology
[dna] fire wrote 53 bytes to ecology
[dna] fire wrote 87 bytes to ecology
[dna] fire wrote 113 bytes to ecology
[dna] fire wrote 48 bytes to ecology
[dna] fire wrote 68 bytes to ecology
[dna] fire wrote 32 bytes to ecology
[dna] fire wrote 70 bytes to ecology
[dna] fire wrote 111 bytes to ecology
[dna] fire wrote 42 bytes to ecology
[dna] fire wrote 98 bytes to ecology
[dna] fire wrote 41 bytes to ecology
[dna] fire wrote 20 bytes to ecology
[dna] fire wrote 25 bytes to ecology
[dna] fire wrote 55 bytes to ecology
[dna] fire wrote 96 bytes to ecology
[debug-onto] tick=50 corpus=134056 stage=2 freeze=0
[dna] fire wrote 45 bytes to ecology
[dna] fire wrote 107 bytes to ecology
[dna] fire wrote 131 bytes to ecology
[dna] fire wrote 26 bytes to ecology
[dna] fire wrote 127 bytes to ecology
[dna] fire wrote 35 bytes to ecology
[dna] fire wrote 37 bytes to ecology
[dna] fire wrote 30 bytes to ecology
[dna] fire wrote 35 bytes to ecology
[dna] fire wrote 43 bytes to ecology
[dna] fire wrote 18 bytes to ecology
[dna] fire wrote 28 bytes to ecology
[dna] fire wrote 64 bytes to ecology
[dna] fire wrote 63 bytes to ecology
[dna] fire wrote 80 bytes to ecology
[dna] fire wrote 38 bytes to ecology
[dna] fire wrote 53 bytes to ecology
[dna] fire wrote 38 bytes to ecology
[dna] fire wrote 35 bytes to ecology
[dna] fire wrote 26 bytes to ecology
[dna] fire wrote 71 bytes to ecology
[dna] fire wrote 54 bytes to ecology
[dna] fire wrote 83 bytes to ecology
[debug-onto] tick=100 corpus=134056 stage=2 freeze=0
[dna] fire wrote 49 bytes to ecology
[dna] fire wrote 26 bytes to ecology
[dna] fire wrote 58 bytes to ecology
[dna] fire wrote 41 bytes to ecology
[dna] fire wrote 114 bytes to ecology
[dna] fire wrote 31 bytes to ecology
[dna] fire wrote 47 bytes to ecology
[dna] fire wrote 40 bytes to ecology
[dna] fire wrote 41 bytes to ecology
[dna] fire wrote 90 bytes to ecology
[dna] fire wrote 87 bytes to ecology
[dna] fire wrote 101 bytes to ecology
[dna] fire wrote 78 bytes to ecology
[dna] fire wrote 66 bytes to ecology
[dna] fire wrote 57 bytes to ecology
[dna] fire wrote 34 bytes to ecology
[dna] fire wrote 41 bytes to ecology
[dna] fire wrote 38 bytes to ecology
[dna] fire wrote 98 bytes to ecology
[dna] fire wrote 61 bytes to ecology
[dna] fire wrote 45 bytes to ecology
[dna] fire wrote 67 bytes to ecology
[dna] fire wrote 31 bytes to ecology
[dna] fire wrote 99 bytes to ecology
[debug-onto] tick=150 corpus=134056 stage=2 freeze=0
[dna] fire wrote 89 bytes to ecology
[dna] fire wrote 29 bytes to ecology
[dna] fire wrote 114 bytes to ecology
[dna] fire wrote 56 bytes to ecology
[dna] fire wrote 40 bytes to ecology
[dna] fire wrote 160 bytes to ecology
[dna] fire wrote 54 bytes to ecology
[dna] fire wrote 45 bytes to ecology
[dna] fire wrote 59 bytes to ecology
[dna] fire wrote 121 bytes to ecology
[dna] fire wrote 74 bytes to ecology
[dna] fire wrote 104 bytes to ecology
[dna] fire wrote 40 bytes to ecology
[dna] fire wrote 41 bytes to ecology
[dna] fire wrote 84 bytes to ecology
[dna] fire wrote 33 bytes to ecology
[dna] fire wrote 61 bytes to ecology
[dna] fire wrote 9 bytes to ecology
[dna] fire wrote 36 bytes to ecology
[dna] fire wrote 71 bytes to ecology
[dna] fire wrote 130 bytes to ecology
[dna] fire wrote 30 bytes to ecology
[debug-onto] tick=200 corpus=134056 stage=2 freeze=0
[dna] fire wrote 139 bytes to ecology
[dna] fire wrote 68 bytes to ecology
[dna] fire wrote 93 bytes to ecology
[dna] fire wrote 55 bytes to ecology
[dna] fire wrote 304 bytes to ecology
[dna] fire wrote 63 bytes to ecology
[dna] fire wrote 36 bytes to ecology
[dna] fire wrote 46 bytes to ecology
[dna] fire wrote 33 bytes to ecology
[dna] fire wrote 53 bytes to ecology
[dna] fire wrote 32 bytes to ecology
[dna] fire wrote 113 bytes to ecology
[dna] fire wrote 51 bytes to ecology
[dna] fire wrote 34 bytes to ecology
[dna] fire wrote 62 bytes to ecology
[dna] fire wrote 63 bytes to ecology
[dna] fire wrote 28 bytes to ecology
[dna] fire wrote 61 bytes to ecology
[dna] fire wrote 58 bytes to ecology
[dna] fire wrote 50 bytes to ecology
[dna] fire wrote 148 bytes to ecology
[dna] fire wrote 48 bytes to ecology
[dna] fire wrote 30 bytes to ecology
[dna] fire wrote 58 bytes to ecology
[debug-onto] tick=250 corpus=134056 stage=2 freeze=0
[dna] fire wrote 52 bytes to ecology
[dna] fire wrote 49 bytes to ecology
[dna] fire wrote 40 bytes to ecology
[dna] fire wrote 87 bytes to ecology
[dna] fire wrote 36 bytes to ecology
[dna] fire wrote 102 bytes to ecology
[dna] fire wrote 36 bytes to ecology
[dna] fire wrote 30 bytes to ecology
[dna] fire wrote 38 bytes to ecology
[dna] fire wrote 57 bytes to ecology
[dna] fire wrote 93 bytes to ecology
[dna] fire wrote 116 bytes to ecology
[dna] fire wrote 42 bytes to ecology
[dna] fire wrote 31 bytes to ecology
[dna] fire wrote 61 bytes to ecology
[dna] fire wrote 23 bytes to ecology
[dna] fire wrote 22 bytes to ecology
[dna] fire wrote 43 bytes to ecology
[dna] fire wrote 31 bytes to ecology
[dna] fire wrote 168 bytes to ecology
[dna] fire wrote 30 bytes to ecology
[dna] fire wrote 43 bytes to ecology
[dna] fire wrote 59 bytes to ecology
[debug-onto] tick=300 corpus=134056 stage=2 freeze=0
[dna] fire wrote 60 bytes to ecology
[dna] fire wrote 120 bytes to ecology
[dna] fire wrote 65 bytes to ecology
[dna] fire wrote 65 bytes to ecology
[dna] fire wrote 16 bytes to ecology
[dna] fire wrote 78 bytes to ecology
[dna] fire wrote 49 bytes to ecology
[dna] fire wrote 92 bytes to ecology
[dna] fire wrote 41 bytes to ecology
[dna] fire wrote 26 bytes to ecology
[dna] fire wrote 28 bytes to ecology
[dna] fire wrote 40 bytes to ecology
[dna] fire wrote 39 bytes to ecology
[dna] fire wrote 44 bytes to ecology
[dna] fire wrote 75 bytes to ecology
[dna] fire wrote 169 bytes to ecology
[dna] fire wrote 62 bytes to ecology
[dna] fire wrote 71 bytes to ecology
[dna] fire wrote 104 bytes to ecology
[dna] fire wrote 38 bytes to ecology
[dna] fire wrote 44 bytes to ecology
[dna] fire wrote 52 bytes to ecology
[dna] fire wrote 69 bytes to ecology
[debug-onto] tick=350 corpus=134056 stage=2 freeze=0
[dna] fire wrote 64 bytes to ecology
[dna] fire wrote 29 bytes to ecology
[dna] fire wrote 104 bytes to ecology
[dna] fire wrote 25 bytes to ecology
[dna] fire wrote 59 bytes to ecology
[dna] fire wrote 23 bytes to ecology
[dna] fire wrote 111 bytes to ecology
[dna] fire wrote 119 bytes to ecology
[dna] fire wrote 110 bytes to ecology
[dna] fire wrote 119 bytes to ecology
[dna] fire wrote 94 bytes to ecology
[dna] fire wrote 27 bytes to ecology
[dna] fire wrote 51 bytes to ecology
[dna] fire wrote 41 bytes to ecology
[dna] fire wrote 105 bytes to ecology
[dna] fire wrote 83 bytes to ecology
[dna] fire wrote 40 bytes to ecology
[dna] fire wrote 45 bytes to ecology
[dna] fire wrote 47 bytes to ecology
[dna] fire wrote 158 bytes to ecology
[dna] fire wrote 99 bytes to ecology
[dna] fire wrote 93 bytes to ecology
[dna] fire wrote 131 bytes to ecology
[dna] fire wrote 51 bytes to ecology
[debug-onto] tick=400 corpus=134056 stage=2 freeze=0
[dna] fire wrote 92 bytes to ecology
[dna] fire wrote 98 bytes to ecology
[dna] fire wrote 37 bytes to ecology
[dna] fire wrote 35 bytes to ecology
[dna] fire wrote 88 bytes to ecology
[dna] fire wrote 121 bytes to ecology
[dna] fire wrote 71 bytes to ecology
[dna] fire wrote 45 bytes to ecology
[dna] fire wrote 52 bytes to ecology
[dna] fire wrote 28 bytes to ecology
[dna] fire wrote 115 bytes to ecology
[dna] fire wrote 53 bytes to ecology
[dna] fire wrote 51 bytes to ecology
[dna] fire wrote 81 bytes to ecology
[dna] fire wrote 59 bytes to ecology
[dna] fire wrote 61 bytes to ecology
[dna] fire wrote 42 bytes to ecology
[dna] fire wrote 69 bytes to ecology
[dna] fire wrote 46 bytes to ecology
[dna] fire wrote 184 bytes to ecology
[dna] fire wrote 53 bytes to ecology
[dna] fire wrote 53 bytes to ecology
[dna] fire wrote 27 bytes to ecology
[debug-onto] tick=450 corpus=134056 stage=2 freeze=0
[dna] fire wrote 106 bytes to ecology
[dna] fire wrote 78 bytes to ecology
[dna] fire wrote 42 bytes to ecology
[dna] fire wrote 89 bytes to ecology
[dna] fire wrote 25 bytes to ecology
[dna] fire wrote 21 bytes to ecology
[dna] fire wrote 39 bytes to ecology
[dna] fire wrote 99 bytes to ecology
[dna] fire wrote 34 bytes to ecology
[dna] fire wrote 43 bytes to ecology
[dna] fire wrote 119 bytes to ecology
[dna] fire wrote 83 bytes to ecology
[dna] fire wrote 113 bytes to ecology
[dna] fire wrote 88 bytes to ecology
[dna] fire wrote 54 bytes to ecology
[dna] fire wrote 29 bytes to ecology
[dna] fire wrote 49 bytes to ecology
[dna] fire wrote 21 bytes to ecology
[dna] fire wrote 86 bytes to ecology
[dna] fire wrote 114 bytes to ecology
[dna] fire wrote 32 bytes to ecology
[dna] fire wrote 49 bytes to ecology
[dna] fire wrote 185 bytes to ecology
[dna] fire wrote 73 bytes to ecology
[debug-onto] tick=500 corpus=134056 stage=2 freeze=0
[dna] fire wrote 173 bytes to ecology
[dna] fire wrote 126 bytes to ecology
[dna] fire wrote 68 bytes to ecology
[dna] fire wrote 40 bytes to ecology
[dna] fire wrote 86 bytes to ecology
[dna] fire wrote 147 bytes to ecology
[dna] fire wrote 110 bytes to ecology
[dna] fire wrote 12 bytes to ecology
[dna] fire wrote 25 bytes to ecology
[dna] fire wrote 38 bytes to ecology
[dna] fire wrote 58 bytes to ecology
[dna] fire wrote 83 bytes to ecology
[dna] fire wrote 22 bytes to ecology
[dna] fire wrote 82 bytes to ecology
[dna] fire wrote 31 bytes to ecology
[dna] fire wrote 17 bytes to ecology
[dna] fire wrote 72 bytes to ecology
[dna] fire wrote 88 bytes to ecology
[dna] fire wrote 34 bytes to ecology
[dna] fire wrote 36 bytes to ecology
[dna] fire wrote 35 bytes to ecology
[dna] fire wrote 35 bytes to ecology
[dna] fire wrote 77 bytes to ecology
[dna] fire wrote 135 bytes to ecology
[dna] fire wrote 73 bytes to ecology
[debug-onto] tick=550 corpus=134056 stage=2 freeze=0
[dna] fire wrote 49 bytes to ecology
[dna] fire wrote 77 bytes to ecology
[dna] fire wrote 45 bytes to ecology
[dna] fire wrote 128 bytes to ecology
[dna] fire wrote 38 bytes to ecology
[dna] fire wrote 41 bytes to ecology
[dna] fire wrote 23 bytes to ecology
[dna] fire wrote 64 bytes to ecology
[dna] fire wrote 45 bytes to ecology
[dna] fire wrote 97 bytes to ecology
[dna] fire wrote 98 bytes to ecology
[dna] fire wrote 37 bytes to ecology
[dna] fire wrote 39 bytes to ecology
[dna] fire wrote 183 bytes to ecology
[dna] fire wrote 31 bytes to ecology
[dna] fire wrote 69 bytes to ecology
[dna] fire wrote 42 bytes to ecology
[dna] fire wrote 136 bytes to ecology
[dna] fire wrote 16 bytes to ecology
[dna] fire wrote 326 bytes to ecology
[dna] fire wrote 122 bytes to ecology
[dna] fire wrote 23 bytes to ecology
[dna] fire wrote 30 bytes to ecology
[dna] fire wrote 72 bytes to ecology
[dna] fire wrote 27 bytes to ecology
[debug-onto] tick=600 corpus=134056 stage=2 freeze=0
[dna] fire wrote 26 bytes to ecology
[dna] fire wrote 28 bytes to ecology
[dna] fire wrote 88 bytes to ecology
[dna] fire wrote 38 bytes to ecology
[dna] fire wrote 164 bytes to ecology
[dna] fire wrote 16 bytes to ecology
[dna] fire wrote 16 bytes to ecology
[dna] fire wrote 56 bytes to ecology
[dna] fire wrote 93 bytes to ecology
[dna] fire wrote 37 bytes to ecology
[dna] fire wrote 30 bytes to ecology
[dna] fire wrote 10 bytes to ecology
[dna] fire wrote 33 bytes to ecology
[dna] fire wrote 58 bytes to ecology
[dna] fire wrote 216 bytes to ecology
[dna] fire wrote 35 bytes to ecology
[dna] fire wrote 100 bytes to ecology
[dna] fire wrote 60 bytes to ecology
[dna] fire wrote 20 bytes to ecology
[dna] fire wrote 55 bytes to ecology
[dna] fire wrote 28 bytes to ecology
[dna] fire wrote 31 bytes to ecology
[dna] fire wrote 26 bytes to ecology
[dna] fire wrote 73 bytes to ecology
[dna] fire wrote 83 bytes to ecology
[debug-onto] tick=650 corpus=134056 stage=2 freeze=0
[dna] fire wrote 122 bytes to ecology
[dna] fire wrote 46 bytes to ecology
[dna] fire wrote 148 bytes to ecology
[dna] fire wrote 37 bytes to ecology
[dna] fire wrote 30 bytes to ecology
[dna] fire wrote 26 bytes to ecology
[dna] fire wrote 66 bytes to ecology
[dna] fire wrote 42 bytes to ecology
[dna] fire wrote 107 bytes to ecology
[dna] fire wrote 51 bytes to ecology
[dna] fire wrote 29 bytes to ecology
[dna] fire wrote 21 bytes to ecology
[dna] fire wrote 66 bytes to ecology
[dna] fire wrote 58 bytes to ecology
[dna] fire wrote 30 bytes to ecology
[dna] fire wrote 35 bytes to ecology
[dna] fire wrote 102 bytes to ecology
[dna] fire wrote 52 bytes to ecology
[dna] fire wrote 88 bytes to ecology

[evolution] Organism shutting down gracefully.
