[ecology] Element: water → corpus: nonames_water.txt
[evolution] Autonomous evolution mode — organism will grow through all stages without pause.
[ecology] Joined swarm. 1 peer(s) detected.
molequla is alive. [evolution] Autonomous mode — background trainer running. Ctrl+C to stop.
[dna] water wrote 53 bytes to ecology
[dna] water consumed 31986 bytes from 399 files: [air/gen_1777098105_1.txt air/gen_1777098119_2.txt air/gen_1777098122_3.txt air/gen_1777098125_4.txt air/gen_1777098131_6.txt air/gen_1777098134_7.txt air/gen_1777098137_8.txt air/gen_1777098140_9.txt air/gen_1777098143_10.txt air/gen_1777098149_12.txt air/gen_1777098152_13.txt air/gen_1777098157_15.txt air/gen_1777098161_16.txt air/gen_1777098166_18.txt air/gen_1777098170_19.txt air/gen_1777098179_22.txt air/gen_1777098184_24.txt air/gen_1777098188_25.txt air/gen_1777098194_27.txt air/gen_1777098197_28.txt air/gen_1777098203_30.txt air/gen_1777098206_31.txt air/gen_1777098215_34.txt air/gen_1777098221_36.txt air/gen_1777098224_37.txt air/gen_1777098230_39.txt air/gen_1777098233_40.txt air/gen_1777098239_42.txt air/gen_1777098242_43.txt air/gen_1777098245_44.txt air/gen_1777098249_45.txt air/gen_1777098252_46.txt air/gen_1777098258_48.txt air/gen_1777098261_49.txt air/gen_1777098267_51.txt air/gen_1777098270_52.txt air/gen_1777098276_54.txt air/gen_1777098279_55.txt air/gen_1777098288_58.txt air/gen_1777098294_60.txt air/gen_1777098297_61.txt air/gen_1777098300_62.txt air/gen_1777098303_63.txt air/gen_1777098306_64.txt air/gen_1777098312_66.txt air/gen_1777098315_67.txt air/gen_1777098324_70.txt air/gen_1777098330_72.txt air/gen_1777098333_73.txt air/gen_1777098336_74.txt air/gen_1777098339_75.txt air/gen_1777098342_76.txt air/gen_1777098348_78.txt air/gen_1777098351_79.txt air/gen_1777098357_81.txt air/gen_1777098360_82.txt air/gen_1777098366_84.txt air/gen_1777098369_85.txt air/gen_1777098375_87.txt air/gen_1777098378_88.txt air/gen_1777098384_90.txt air/gen_1777098387_91.txt air/gen_1777098393_93.txt air/gen_1777098396_94.txt air/gen_1777098402_96.txt air/gen_1777098405_97.txt air/gen_1777098408_98.txt air/gen_1777098411_99.txt air/gen_1777098414_100.txt air/gen_1777098420_102.txt air/gen_1777098423_103.txt air/gen_1777098429_105.txt air/gen_1777098432_106.txt air/gen_1777098438_108.txt air/gen_1777098441_109.txt air/gen_1777098447_111.txt air/gen_1777098450_112.txt air/gen_1777098456_114.txt air/gen_1777098459_115.txt air/gen_1777098465_117.txt air/gen_1777098468_118.txt air/gen_1777098474_120.txt air/gen_1777098477_121.txt air/gen_1777098483_123.txt air/gen_1777098486_124.txt air/gen_1777098492_126.txt air/gen_1777098495_127.txt air/gen_1777098501_129.txt air/gen_1777098504_130.txt air/gen_1777098510_132.txt air/gen_1777098513_133.txt air/gen_1777098522_136.txt air/gen_1777098528_138.txt air/gen_1777098531_139.txt air/gen_1777098534_140.txt air/gen_1777098537_141.txt air/gen_1777098540_142.txt air/gen_1777098546_144.txt air/gen_1777098549_145.txt air/gen_1777098555_147.txt air/gen_1777098558_148.txt air/gen_1777098563_150.txt air/gen_1777098566_151.txt air/gen_1777098572_153.txt air/gen_1777098575_154.txt air/gen_1777098581_156.txt air/gen_1777098584_157.txt air/gen_1777098587_158.txt air/gen_1777098590_159.txt air/gen_1777098593_160.txt air/gen_1777098598_162.txt air/gen_1777098601_163.txt air/gen_1777098604_164.txt air/gen_1777098607_165.txt air/gen_1777098610_166.txt air/gen_1777098616_168.txt air/gen_1777098619_169.txt air/gen_1777098622_170.txt air/gen_1777098628_172.txt air/gen_1777098634_174.txt air/gen_1777098636_175.txt air/gen_1777098642_177.txt air/gen_1777098645_178.txt air/gen_1777098651_180.txt air/gen_1777098654_181.txt air/gen_1777098663_184.txt air/gen_1777098669_186.txt air/gen_1777098672_187.txt air/gen_1777098675_188.txt air/gen_1777098681_190.txt air/gen_1777098687_192.txt air/gen_1777098690_193.txt air/gen_1777098696_195.txt air/gen_1777098699_196.txt air/gen_1777098705_198.txt air/gen_1777098708_199.txt air/gen_1777098717_202.txt air/gen_1777098723_204.txt air/gen_1777098726_205.txt air/gen_1777098732_207.txt air/gen_1777098735_208.txt air/gen_1777098741_210.txt air/gen_1777098744_211.txt air/gen_1777098753_214.txt air/gen_1777098759_216.txt air/gen_1777098762_217.txt air/gen_1777098768_219.txt air/gen_1777098771_220.txt air/gen_1777098777_222.txt air/gen_1777098780_223.txt air/gen_1777098786_225.txt air/gen_1777098789_226.txt air/gen_1777098795_228.txt air/gen_1777098798_229.txt air/gen_1777098807_232.txt air/gen_1777098813_234.txt air/gen_1777098816_235.txt air/gen_1777098822_237.txt air/gen_1777098825_238.txt air/gen_1777098831_240.txt air/gen_1777098834_241.txt air/gen_1777098843_244.txt air/gen_1777098849_246.txt air/gen_1777098852_247.txt air/gen_1777098858_249.txt air/gen_1777098861_250.txt air/gen_1777098867_252.txt air/gen_1777098870_253.txt air/gen_1777098873_254.txt air/gen_1777098876_255.txt air/gen_1777098879_256.txt air/gen_1777098885_258.txt air/gen_1777098888_259.txt air/gen_1777098895_261.txt air/gen_1777098898_262.txt air/gen_1777098904_264.txt air/gen_1777098907_265.txt air/gen_1777098913_267.txt air/gen_1777098916_268.txt air/gen_1777098922_270.txt air/gen_1777098925_271.txt air/gen_1777098928_272.txt air/gen_1777098934_274.txt air/gen_1777098940_276.txt air/gen_1777098943_277.txt air/gen_1777098953_280.txt air/gen_1777098959_282.txt air/gen_1777098962_283.txt air/gen_1777098965_284.txt air/gen_1777098968_285.txt air/gen_1777098971_286.txt air/gen_1777098977_288.txt air/gen_1777098980_289.txt air/gen_1777098986_291.txt air/gen_1777098989_292.txt air/gen_1777098995_294.txt air/gen_1777098998_295.txt air/gen_1777099004_297.txt air/gen_1777099007_298.txt air/gen_1777099013_300.txt air/gen_1777099016_301.txt air/gen_1777099019_302.txt air/gen_1777099025_304.txt air/gen_1777099031_306.txt air/gen_1777099034_307.txt air/gen_1777099040_309.txt air/gen_1777099043_310.txt air/gen_1777099049_312.txt air/gen_1777099052_313.txt air/gen_1777099058_315.txt air/gen_1777099061_316.txt air/gen_1777099067_318.txt air/gen_1777099070_319.txt air/gen_1777099076_321.txt air/gen_1777099079_322.txt air/gen_1777099085_324.txt air/gen_1777099088_325.txt air/gen_1777099094_327.txt air/gen_1777099097_328.txt air/gen_1777099103_330.txt air/gen_1777099106_331.txt air/gen_1777099112_333.txt air/gen_1777099115_334.txt air/gen_1777099121_336.txt air/gen_1777099124_337.txt air/gen_1777099130_339.txt air/gen_1777099133_340.txt air/gen_1777099139_342.txt air/gen_1777099142_343.txt air/gen_1777099145_344.txt air/gen_1777099148_345.txt air/gen_1777099151_346.txt air/gen_1777099157_348.txt air/gen_1777099160_349.txt air/gen_1777099166_351.txt air/gen_1777099169_352.txt air/gen_1777099175_354.txt air/gen_1777099177_355.txt air/gen_1777099180_356.txt air/gen_1777099183_357.txt air/gen_1777099186_358.txt air/gen_1777099192_360.txt air/gen_1777099195_361.txt air/gen_1777099201_363.txt air/gen_1777099204_364.txt air/gen_1777099209_366.txt air/gen_1777099212_367.txt air/gen_1777099218_369.txt air/gen_1777099221_370.txt air/gen_1777099227_372.txt air/gen_1777099229_373.txt air/gen_1777099235_375.txt air/gen_1777099238_376.txt air/gen_1777099244_378.txt air/gen_1777099247_379.txt air/gen_1777099256_382.txt air/gen_1777099261_384.txt air/gen_1777099264_385.txt air/gen_1777099267_386.txt air/gen_1777099270_387.txt air/gen_1777099273_388.txt air/gen_1777099279_390.txt air/gen_1777099282_391.txt air/gen_1777099288_393.txt air/gen_1777099291_394.txt air/gen_1777099297_396.txt air/gen_1777099300_397.txt air/gen_1777099305_399.txt air/gen_1777099308_400.txt air/gen_1777099314_402.txt air/gen_1777099317_403.txt air/gen_1777099323_405.txt air/gen_1777099326_406.txt air/gen_1777099332_408.txt air/gen_1777099335_409.txt air/gen_1777099340_411.txt air/gen_1777099344_412.txt air/gen_1777099349_414.txt air/gen_1777099352_415.txt air/gen_1777099355_416.txt air/gen_1777099358_417.txt air/gen_1777099361_418.txt air/gen_1777099367_420.txt air/gen_1777099370_421.txt air/gen_1777099379_424.txt air/gen_1777099385_426.txt air/gen_1777099388_427.txt air/gen_1777099394_429.txt air/gen_1777099397_430.txt air/gen_1777099403_432.txt air/gen_1777099406_433.txt air/gen_1777099412_435.txt air/gen_1777099414_436.txt air/gen_1777099420_438.txt air/gen_1777099423_439.txt air/gen_1777099426_440.txt air/gen_1777099429_441.txt air/gen_1777099432_442.txt air/gen_1777099438_444.txt air/gen_1777099441_445.txt air/gen_1777099447_447.txt air/gen_1777099450_448.txt air/gen_1777099455_450.txt air/gen_1777099458_451.txt air/gen_1777099467_454.txt air/gen_1777099473_456.txt air/gen_1777099476_457.txt air/gen_1777099484_460.txt air/gen_1777099490_462.txt air/gen_1777099493_463.txt air/gen_1777099499_465.txt air/gen_1777099502_466.txt air/gen_1777099508_468.txt air/gen_1777099511_469.txt air/gen_1777099514_470.txt air/gen_1777099520_472.txt air/gen_1777099526_474.txt air/gen_1777099528_475.txt air/gen_1777099534_477.txt air/gen_1777099537_478.txt air/gen_1777099543_480.txt air/gen_1777099546_481.txt air/gen_1777099552_483.txt air/gen_1777099555_484.txt air/gen_1777099560_486.txt air/gen_1777099563_487.txt air/gen_1777099569_489.txt air/gen_1777099572_490.txt air/gen_1777099578_492.txt air/gen_1777099580_493.txt air/gen_1777099586_495.txt air/gen_1777099589_496.txt air/gen_1777099595_498.txt air/gen_1777099598_499.txt air/gen_1777099606_502.txt air/gen_1777099612_504.txt air/gen_1777099615_505.txt air/gen_1777099618_506.txt air/gen_1777099624_508.txt air/gen_1777099629_510.txt air/gen_1777099632_511.txt air/gen_1777099635_512.txt air/gen_1777099641_514.txt air/gen_1777099647_516.txt air/gen_1777099650_517.txt air/gen_1777099659_520.txt air/gen_1777099664_522.txt air/gen_1777099667_523.txt air/gen_1777099673_525.txt air/gen_1777099676_526.txt air/gen_1777099682_528.txt air/gen_1777099685_529.txt air/gen_1777099693_532.txt air/gen_1777099699_534.txt air/gen_1777099702_535.txt air/gen_1777099708_537.txt air/gen_1777099711_538.txt air/gen_1777099717_540.txt air/gen_1777099719_541.txt air/gen_1777099725_543.txt air/gen_1777099728_544.txt air/gen_1777099734_546.txt air/gen_1777099737_547.txt air/gen_1777099742_549.txt air/gen_1777099745_550.txt air/gen_1777099751_552.txt air/gen_1777099754_553.txt air/gen_1777099762_556.txt air/gen_1777099768_558.txt air/gen_1777099771_559.txt air/gen_1777099777_561.txt air/gen_1777099780_562.txt air/gen_1777099785_564.txt air/gen_1777099788_565.txt air/gen_1777099797_568.txt air/gen_1777099803_570.txt air/gen_1777099806_571.txt air/gen_1777099811_573.txt air/gen_1777099814_574.txt air/gen_1777099820_576.txt air/gen_1777099823_577.txt air/gen_1777099826_578.txt air/gen_1777099832_580.txt air/gen_1777099837_582.txt air/gen_1777099840_583.txt air/gen_1777099849_586.txt air/gen_1777099854_588.txt air/gen_1777099857_589.txt air/gen_1777099860_590.txt air/gen_1777099863_591.txt air/gen_1777099866_592.txt air/gen_1777099872_594.txt air/gen_1777099875_595.txt air/gen_1777099878_596.txt air/gen_1777099884_598.txt air/gen_1777099889_600.txt air/gen_1777099892_601.txt air/gen_1777099898_603.txt air/gen_1777099901_604.txt]
[trainer] micro-train burst (31986 bytes, novelty 0.02) — and lo, it feeds again.
[syntropy] action=explore | trend=0.0000 | field_dev=-0.033 | purpose_align=-0.161 | lr_mul=1.30
[aml] burst complete: 32 steps, avg loss 1.7397 (memory freed)
[dna] water wrote 60 bytes to ecology
[dna] water wrote 126 bytes to ecology
[dna] water wrote 113 bytes to ecology
[dna] water wrote 52 bytes to ecology
[dna] water wrote 147 bytes to ecology
[dna] water wrote 81 bytes to ecology
[dna] water wrote 35 bytes to ecology
[dna] water wrote 46 bytes to ecology
[dna] water wrote 60 bytes to ecology
[dna] water wrote 38 bytes to ecology
[dna] water wrote 37 bytes to ecology
[dna] water wrote 55 bytes to ecology
[dna] water wrote 54 bytes to ecology
[dna] water wrote 12 bytes to ecology
[dna] water wrote 44 bytes to ecology
[dna] water wrote 45 bytes to ecology
[debug-onto] tick=50 corpus=158082 stage=2 freeze=0
[dna] water wrote 65 bytes to ecology
[dna] water wrote 56 bytes to ecology
[dna] water wrote 33 bytes to ecology
[dna] water wrote 39 bytes to ecology
[dna] water wrote 54 bytes to ecology
[dna] water wrote 31 bytes to ecology
[dna] water wrote 21 bytes to ecology
[dna] water wrote 10 bytes to ecology
[dna] water wrote 50 bytes to ecology
[dna] water wrote 26 bytes to ecology
[dna] water wrote 67 bytes to ecology
[dna] water wrote 50 bytes to ecology
[dna] water wrote 52 bytes to ecology
[dna] water wrote 77 bytes to ecology
[dna] water wrote 73 bytes to ecology
[dna] water wrote 45 bytes to ecology
[dna] water wrote 49 bytes to ecology
[debug-onto] tick=100 corpus=158082 stage=2 freeze=0
[dna] water wrote 37 bytes to ecology
[dna] water wrote 62 bytes to ecology
[dna] water wrote 106 bytes to ecology
[dna] water wrote 40 bytes to ecology
[dna] water wrote 30 bytes to ecology
[dna] water wrote 72 bytes to ecology
[dna] water wrote 82 bytes to ecology
[dna] water wrote 73 bytes to ecology
[dna] water wrote 36 bytes to ecology
[dna] water wrote 155 bytes to ecology
[dna] water wrote 64 bytes to ecology
[dna] water wrote 70 bytes to ecology
[dna] water wrote 178 bytes to ecology
[dna] water wrote 70 bytes to ecology
[dna] water wrote 63 bytes to ecology
[dna] water wrote 34 bytes to ecology
[debug-onto] tick=150 corpus=158082 stage=2 freeze=0
[dna] water wrote 70 bytes to ecology
[dna] water wrote 43 bytes to ecology
[dna] water wrote 18 bytes to ecology
[dna] water wrote 82 bytes to ecology
[dna] water wrote 46 bytes to ecology
[dna] water wrote 50 bytes to ecology
[dna] water wrote 65 bytes to ecology
[dna] water wrote 38 bytes to ecology
[dna] water wrote 67 bytes to ecology
[dna] water wrote 56 bytes to ecology
[dna] water wrote 86 bytes to ecology
[dna] water wrote 61 bytes to ecology
[dna] water wrote 47 bytes to ecology
[dna] water wrote 50 bytes to ecology
[dna] water wrote 55 bytes to ecology
[dna] water wrote 42 bytes to ecology
[dna] water wrote 69 bytes to ecology
[debug-onto] tick=200 corpus=158082 stage=2 freeze=0
[dna] water wrote 17 bytes to ecology
[dna] water wrote 37 bytes to ecology
[dna] water wrote 51 bytes to ecology
[dna] water wrote 54 bytes to ecology
[dna] water wrote 47 bytes to ecology
[dna] water wrote 70 bytes to ecology
[dna] water wrote 23 bytes to ecology
[dna] water wrote 29 bytes to ecology
[dna] water wrote 26 bytes to ecology
[dna] water wrote 47 bytes to ecology
[dna] water wrote 47 bytes to ecology
[dna] water wrote 74 bytes to ecology
[dna] water wrote 64 bytes to ecology
[dna] water wrote 54 bytes to ecology
[dna] water wrote 99 bytes to ecology
[dna] water wrote 56 bytes to ecology
[dna] water wrote 41 bytes to ecology
[debug-onto] tick=250 corpus=158082 stage=2 freeze=0
[dna] water wrote 96 bytes to ecology
[dna] water wrote 154 bytes to ecology
[dna] water wrote 54 bytes to ecology
[dna] water wrote 42 bytes to ecology
[dna] water wrote 60 bytes to ecology
[dna] water wrote 56 bytes to ecology
[dna] water wrote 13 bytes to ecology
[dna] water wrote 40 bytes to ecology
[dna] water wrote 44 bytes to ecology
[dna] water wrote 61 bytes to ecology
[dna] water wrote 78 bytes to ecology
[dna] water wrote 52 bytes to ecology
[dna] water wrote 73 bytes to ecology
[dna] water wrote 71 bytes to ecology
[dna] water wrote 128 bytes to ecology
[dna] water wrote 54 bytes to ecology
[debug-onto] tick=300 corpus=158082 stage=2 freeze=0
[dna] water wrote 171 bytes to ecology
[dna] water wrote 17 bytes to ecology
[dna] water wrote 145 bytes to ecology
[dna] water wrote 108 bytes to ecology
[dna] water wrote 51 bytes to ecology
[dna] water wrote 85 bytes to ecology
[dna] water wrote 75 bytes to ecology
[dna] water wrote 17 bytes to ecology
[dna] water wrote 65 bytes to ecology
[dna] water wrote 46 bytes to ecology
[dna] water wrote 112 bytes to ecology
[dna] water wrote 56 bytes to ecology
[dna] water wrote 52 bytes to ecology
[dna] water wrote 21 bytes to ecology
[dna] water wrote 129 bytes to ecology
[dna] water wrote 25 bytes to ecology
[dna] water wrote 10 bytes to ecology
[debug-onto] tick=350 corpus=158082 stage=2 freeze=0
[dna] water wrote 164 bytes to ecology
[dna] water wrote 73 bytes to ecology
[dna] water wrote 50 bytes to ecology
[dna] water wrote 48 bytes to ecology
[dna] water wrote 187 bytes to ecology
[dna] water wrote 83 bytes to ecology
[dna] water wrote 169 bytes to ecology
[dna] water wrote 214 bytes to ecology
[dna] water wrote 50 bytes to ecology
[dna] water wrote 136 bytes to ecology
[dna] water wrote 30 bytes to ecology
[dna] water wrote 66 bytes to ecology
[dna] water wrote 86 bytes to ecology
[dna] water wrote 10 bytes to ecology
[dna] water wrote 55 bytes to ecology
[dna] water wrote 138 bytes to ecology
[dna] water wrote 74 bytes to ecology
[debug-onto] tick=400 corpus=158082 stage=2 freeze=0
[dna] water wrote 74 bytes to ecology
[dna] water wrote 37 bytes to ecology
[dna] water wrote 25 bytes to ecology
[dna] water wrote 51 bytes to ecology
[dna] water wrote 32 bytes to ecology
[dna] water wrote 44 bytes to ecology
[dna] water wrote 40 bytes to ecology
[dna] water wrote 113 bytes to ecology
[dna] water wrote 36 bytes to ecology
[dna] water wrote 78 bytes to ecology
[dna] water wrote 82 bytes to ecology
[dna] water wrote 66 bytes to ecology
[dna] water wrote 52 bytes to ecology
[dna] water wrote 75 bytes to ecology
[dna] water wrote 8 bytes to ecology
[dna] water wrote 69 bytes to ecology
[debug-onto] tick=450 corpus=158082 stage=2 freeze=0
[dna] water wrote 45 bytes to ecology
[dna] water wrote 16 bytes to ecology
[dna] water wrote 63 bytes to ecology
[dna] water wrote 109 bytes to ecology
[dna] water wrote 104 bytes to ecology
[dna] water wrote 62 bytes to ecology
[dna] water wrote 15 bytes to ecology
[dna] water wrote 55 bytes to ecology
[dna] water wrote 32 bytes to ecology
[dna] water wrote 29 bytes to ecology
[dna] water wrote 160 bytes to ecology
[dna] water wrote 67 bytes to ecology
[dna] water wrote 30 bytes to ecology
[dna] water wrote 41 bytes to ecology
[dna] water wrote 37 bytes to ecology
[dna] water wrote 91 bytes to ecology
[dna] water wrote 43 bytes to ecology
[debug-onto] tick=500 corpus=158082 stage=2 freeze=0
[dna] water wrote 35 bytes to ecology
[dna] water wrote 27 bytes to ecology
[dna] water wrote 39 bytes to ecology
[dna] water wrote 64 bytes to ecology
[dna] water wrote 58 bytes to ecology
[dna] water wrote 102 bytes to ecology
[dna] water wrote 85 bytes to ecology
[dna] water wrote 65 bytes to ecology
[dna] water wrote 99 bytes to ecology
[dna] water wrote 111 bytes to ecology
[dna] water wrote 77 bytes to ecology
[dna] water wrote 19 bytes to ecology
[dna] water wrote 54 bytes to ecology
[dna] water wrote 17 bytes to ecology
[dna] water wrote 35 bytes to ecology
[dna] water wrote 99 bytes to ecology
[dna] water wrote 138 bytes to ecology
[debug-onto] tick=550 corpus=158082 stage=2 freeze=0
[dna] water wrote 66 bytes to ecology
[dna] water wrote 82 bytes to ecology
[dna] water wrote 37 bytes to ecology
[dna] water wrote 19 bytes to ecology
[dna] water wrote 64 bytes to ecology

[evolution] Organism shutting down gracefully.
