[ecology] Element: air → corpus: nonames_air.txt
[evolution] Autonomous evolution mode — organism will grow through all stages without pause.
[ecology] Joined swarm. 1 peer(s) detected.
molequla is alive. [evolution] Autonomous mode — background trainer running. Ctrl+C to stop.
[dna] air wrote 67 bytes to ecology
[dna] air consumed 21676 bytes from 281 files: [earth/gen_1776924653_1.txt earth/gen_1776924660_4.txt earth/gen_1776924666_7.txt earth/gen_1776924672_10.txt earth/gen_1776924678_13.txt earth/gen_1776924684_16.txt earth/gen_1776924690_19.txt earth/gen_1776924697_22.txt earth/gen_1776924703_25.txt earth/gen_1776924709_28.txt earth/gen_1776924715_31.txt earth/gen_1776924721_34.txt earth/gen_1776924727_37.txt earth/gen_1776924733_40.txt earth/gen_1776924740_43.txt earth/gen_1776924746_46.txt earth/gen_1776924752_49.txt earth/gen_1776924758_52.txt earth/gen_1776924764_55.txt earth/gen_1776924770_58.txt earth/gen_1776924777_61.txt earth/gen_1776924783_64.txt earth/gen_1776924789_67.txt earth/gen_1776924796_70.txt earth/gen_1776924802_73.txt earth/gen_1776924808_76.txt earth/gen_1776924815_79.txt earth/gen_1776924821_82.txt earth/gen_1776924827_85.txt earth/gen_1776924833_88.txt earth/gen_1776924839_91.txt earth/gen_1776924846_94.txt earth/gen_1776924852_97.txt earth/gen_1776924858_100.txt earth/gen_1776924864_103.txt earth/gen_1776924870_106.txt earth/gen_1776924877_109.txt earth/gen_1776924883_112.txt earth/gen_1776924889_115.txt earth/gen_1776924895_118.txt earth/gen_1776924901_121.txt earth/gen_1776924908_124.txt earth/gen_1776924914_127.txt earth/gen_1776924920_130.txt earth/gen_1776924926_133.txt earth/gen_1776924932_136.txt earth/gen_1776924938_139.txt earth/gen_1776924945_142.txt earth/gen_1776924951_145.txt earth/gen_1776924957_148.txt earth/gen_1776924963_151.txt earth/gen_1776924970_154.txt earth/gen_1776924976_157.txt earth/gen_1776924982_160.txt earth/gen_1776924988_163.txt earth/gen_1776924995_166.txt earth/gen_1776925001_169.txt earth/gen_1776925007_172.txt earth/gen_1776925013_175.txt earth/gen_1776925019_178.txt earth/gen_1776925025_181.txt earth/gen_1776925032_184.txt earth/gen_1776925038_187.txt earth/gen_1776925044_190.txt earth/gen_1776925050_193.txt earth/gen_1776925056_196.txt earth/gen_1776925063_199.txt earth/gen_1776925069_202.txt earth/gen_1776925075_205.txt earth/gen_1776925081_208.txt earth/gen_1776925088_211.txt earth/gen_1776925094_214.txt earth/gen_1776925100_217.txt earth/gen_1776925106_220.txt earth/gen_1776925119_226.txt earth/gen_1776925125_229.txt earth/gen_1776925131_232.txt earth/gen_1776925138_235.txt earth/gen_1776925144_238.txt earth/gen_1776925150_241.txt earth/gen_1776925156_244.txt earth/gen_1776925163_247.txt earth/gen_1776925169_250.txt earth/gen_1776925176_253.txt earth/gen_1776925182_256.txt earth/gen_1776925188_259.txt earth/gen_1776925194_262.txt earth/gen_1776925201_265.txt earth/gen_1776925207_268.txt earth/gen_1776925213_271.txt earth/gen_1776925219_274.txt earth/gen_1776925225_277.txt earth/gen_1776925231_280.txt earth/gen_1776925238_283.txt earth/gen_1776925244_286.txt earth/gen_1776925250_289.txt earth/gen_1776925256_292.txt earth/gen_1776925262_295.txt earth/gen_1776925268_298.txt earth/gen_1776925274_301.txt earth/gen_1776925281_304.txt earth/gen_1776925287_307.txt earth/gen_1776925293_310.txt earth/gen_1776925299_313.txt earth/gen_1776925306_316.txt earth/gen_1776925312_319.txt earth/gen_1776925318_322.txt earth/gen_1776925325_325.txt earth/gen_1776925331_328.txt earth/gen_1776925337_331.txt earth/gen_1776925343_334.txt earth/gen_1776925350_337.txt earth/gen_1776925356_340.txt earth/gen_1776925362_343.txt earth/gen_1776925368_346.txt earth/gen_1776925375_349.txt earth/gen_1776925381_352.txt earth/gen_1776925387_355.txt earth/gen_1776925393_358.txt earth/gen_1776925399_361.txt earth/gen_1776925405_364.txt earth/gen_1776925412_367.txt earth/gen_1776925418_370.txt earth/gen_1776925424_373.txt earth/gen_1776925430_376.txt earth/gen_1776925436_379.txt earth/gen_1776925442_382.txt earth/gen_1776925449_385.txt earth/gen_1776925455_388.txt earth/gen_1776925461_391.txt earth/gen_1776925468_394.txt earth/gen_1776925474_397.txt earth/gen_1776925480_400.txt earth/gen_1776925487_403.txt earth/gen_1776925493_406.txt earth/gen_1776925499_409.txt earth/gen_1776925505_412.txt earth/gen_1776925512_415.txt earth/gen_1776925518_418.txt earth/gen_1776925524_421.txt earth/gen_1776925530_424.txt earth/gen_1776925537_427.txt earth/gen_1776925543_430.txt earth/gen_1776925549_433.txt earth/gen_1776925555_436.txt earth/gen_1776925562_439.txt earth/gen_1776925568_442.txt earth/gen_1776925574_445.txt earth/gen_1776925581_448.txt earth/gen_1776925587_451.txt earth/gen_1776925593_454.txt earth/gen_1776925599_457.txt earth/gen_1776925606_460.txt earth/gen_1776925612_463.txt earth/gen_1776925618_466.txt earth/gen_1776925624_469.txt earth/gen_1776925630_472.txt earth/gen_1776925637_475.txt earth/gen_1776925643_478.txt earth/gen_1776925650_481.txt earth/gen_1776925656_484.txt earth/gen_1776925662_487.txt earth/gen_1776925668_490.txt earth/gen_1776925675_493.txt earth/gen_1776925681_496.txt earth/gen_1776925687_499.txt earth/gen_1776925694_502.txt earth/gen_1776925700_505.txt earth/gen_1776925706_508.txt earth/gen_1776925712_511.txt earth/gen_1776925719_514.txt earth/gen_1776925725_517.txt earth/gen_1776925731_520.txt earth/gen_1776925738_523.txt earth/gen_1776925744_526.txt earth/gen_1776925750_529.txt earth/gen_1776925757_532.txt earth/gen_1776925763_535.txt earth/gen_1776925769_538.txt earth/gen_1776925776_541.txt earth/gen_1776925782_544.txt earth/gen_1776925788_547.txt earth/gen_1776925795_550.txt earth/gen_1776925801_553.txt earth/gen_1776925807_556.txt earth/gen_1776925813_559.txt earth/gen_1776925820_562.txt earth/gen_1776925826_565.txt earth/gen_1776925832_568.txt earth/gen_1776925838_571.txt earth/gen_1776925845_574.txt earth/gen_1776925851_577.txt earth/gen_1776925857_580.txt earth/gen_1776925864_583.txt earth/gen_1776925870_586.txt earth/gen_1776925876_589.txt earth/gen_1776925882_592.txt earth/gen_1776925888_595.txt earth/gen_1776925895_598.txt earth/gen_1776925901_601.txt earth/gen_1776925907_604.txt earth/gen_1776925914_607.txt earth/gen_1776925920_610.txt earth/gen_1776925933_616.txt earth/gen_1776925939_619.txt earth/gen_1776925946_622.txt earth/gen_1776925952_625.txt earth/gen_1776925958_628.txt earth/gen_1776925964_631.txt earth/gen_1776925970_634.txt earth/gen_1776925977_637.txt earth/gen_1776925983_640.txt earth/gen_1776925989_643.txt earth/gen_1776925995_646.txt earth/gen_1776926001_649.txt earth/gen_1776926008_652.txt earth/gen_1776926014_655.txt earth/gen_1776926020_658.txt earth/gen_1776926026_661.txt earth/gen_1776926033_664.txt earth/gen_1776926039_667.txt earth/gen_1776926045_670.txt earth/gen_1776926052_673.txt earth/gen_1776926058_676.txt earth/gen_1776926064_679.txt earth/gen_1776926071_682.txt earth/gen_1776926077_685.txt earth/gen_1776926084_688.txt earth/gen_1776926090_691.txt earth/gen_1776926096_694.txt earth/gen_1776926103_697.txt earth/gen_1776926109_700.txt earth/gen_1776926115_703.txt earth/gen_1776926122_706.txt earth/gen_1776926128_709.txt earth/gen_1776926135_712.txt earth/gen_1776926141_715.txt earth/gen_1776926148_718.txt earth/gen_1776926154_721.txt earth/gen_1776926161_724.txt earth/gen_1776926167_727.txt earth/gen_1776926173_730.txt earth/gen_1776926180_733.txt earth/gen_1776926186_736.txt earth/gen_1776926192_739.txt earth/gen_1776926198_742.txt earth/gen_1776926204_745.txt earth/gen_1776926210_748.txt earth/gen_1776926217_751.txt earth/gen_1776926223_754.txt earth/gen_1776926229_757.txt earth/gen_1776926236_760.txt earth/gen_1776926242_763.txt earth/gen_1776926248_766.txt earth/gen_1776926254_769.txt earth/gen_1776926261_772.txt earth/gen_1776926267_775.txt earth/gen_1776926273_778.txt earth/gen_1776926280_781.txt earth/gen_1776926286_784.txt earth/gen_1776926292_787.txt earth/gen_1776926298_790.txt earth/gen_1776926305_793.txt earth/gen_1776926311_796.txt earth/gen_1776926317_799.txt earth/gen_1776926324_802.txt earth/gen_1776926330_805.txt earth/gen_1776926336_808.txt earth/gen_1776926342_811.txt earth/gen_1776926348_814.txt earth/gen_1776926355_817.txt earth/gen_1776926361_820.txt earth/gen_1776926367_823.txt earth/gen_1776926374_826.txt earth/gen_1776926380_829.txt earth/gen_1776926386_832.txt earth/gen_1776926392_835.txt earth/gen_1776926399_838.txt earth/gen_1776926405_841.txt earth/gen_1776926411_844.txt earth/gen_1776926418_847.txt]
[trainer] micro-train burst (21676 bytes, novelty 0.03) — and lo, it feeds again.
[syntropy] action=explore | trend=0.0000 | field_dev=-0.019 | purpose_align=-0.276 | lr_mul=1.30
[aml] burst complete: 32 steps, avg loss 2.7575 (memory freed)
[dna] air wrote 112 bytes to ecology
[dna] air wrote 58 bytes to ecology
[dna] air wrote 96 bytes to ecology
[dna] air wrote 37 bytes to ecology
[dna] air wrote 76 bytes to ecology
[dna] air wrote 176 bytes to ecology
[dna] air wrote 181 bytes to ecology
[dna] air wrote 66 bytes to ecology
[dna] air wrote 46 bytes to ecology
[dna] air wrote 39 bytes to ecology
[dna] air wrote 101 bytes to ecology
[dna] air wrote 34 bytes to ecology
[dna] air wrote 33 bytes to ecology
[dna] air wrote 42 bytes to ecology
[dna] air wrote 36 bytes to ecology
[dna] air wrote 44 bytes to ecology
[debug-onto] tick=50 corpus=144273 stage=2 freeze=0
[dna] air wrote 118 bytes to ecology
[dna] air wrote 76 bytes to ecology
[dna] air wrote 63 bytes to ecology
[dna] air wrote 33 bytes to ecology
[dna] air wrote 28 bytes to ecology
[dna] air wrote 49 bytes to ecology
[dna] air wrote 50 bytes to ecology
[dna] air wrote 65 bytes to ecology
[dna] air wrote 32 bytes to ecology
[dna] air wrote 94 bytes to ecology
[dna] air wrote 134 bytes to ecology
[dna] air wrote 152 bytes to ecology
[dna] air wrote 97 bytes to ecology
[dna] air wrote 37 bytes to ecology
[dna] air wrote 102 bytes to ecology
[dna] air wrote 34 bytes to ecology
[dna] air wrote 57 bytes to ecology
[debug-onto] tick=100 corpus=144273 stage=2 freeze=0
[dna] air wrote 37 bytes to ecology
[dna] air wrote 43 bytes to ecology
[dna] air wrote 54 bytes to ecology
[dna] air wrote 35 bytes to ecology
[dna] air wrote 72 bytes to ecology
[dna] air wrote 174 bytes to ecology
[dna] air wrote 46 bytes to ecology
[dna] air wrote 89 bytes to ecology
[dna] air wrote 121 bytes to ecology
[dna] air wrote 59 bytes to ecology
[dna] air wrote 78 bytes to ecology
[dna] air wrote 21 bytes to ecology
[dna] air wrote 19 bytes to ecology
[dna] air wrote 34 bytes to ecology
[dna] air wrote 88 bytes to ecology
[dna] air wrote 93 bytes to ecology
[debug-onto] tick=150 corpus=144273 stage=2 freeze=0
[dna] air wrote 50 bytes to ecology
[dna] air wrote 54 bytes to ecology
[dna] air wrote 100 bytes to ecology
[dna] air wrote 152 bytes to ecology
[dna] air wrote 61 bytes to ecology
[dna] air wrote 214 bytes to ecology
[dna] air wrote 39 bytes to ecology
[dna] air wrote 51 bytes to ecology
[dna] air wrote 11 bytes to ecology
[dna] air wrote 106 bytes to ecology
[dna] air wrote 191 bytes to ecology
[dna] air wrote 73 bytes to ecology
[dna] air wrote 37 bytes to ecology
[dna] air wrote 45 bytes to ecology
[dna] air wrote 50 bytes to ecology
[dna] air wrote 245 bytes to ecology
[dna] air wrote 89 bytes to ecology
[debug-onto] tick=200 corpus=144273 stage=2 freeze=0
[dna] air wrote 52 bytes to ecology
[dna] air wrote 108 bytes to ecology
[dna] air wrote 107 bytes to ecology
[dna] air wrote 103 bytes to ecology
[dna] air wrote 103 bytes to ecology
[dna] air wrote 79 bytes to ecology
[dna] air wrote 47 bytes to ecology
[dna] air wrote 106 bytes to ecology
[dna] air wrote 99 bytes to ecology
[dna] air wrote 103 bytes to ecology
[dna] air wrote 135 bytes to ecology
[dna] air wrote 62 bytes to ecology
[dna] air wrote 69 bytes to ecology
[dna] air wrote 94 bytes to ecology
[dna] air wrote 91 bytes to ecology
[dna] air wrote 76 bytes to ecology
[dna] air wrote 37 bytes to ecology
[debug-onto] tick=250 corpus=144273 stage=2 freeze=0
[dna] air wrote 62 bytes to ecology
[dna] air wrote 54 bytes to ecology
[dna] air wrote 80 bytes to ecology
[dna] air wrote 42 bytes to ecology
[dna] air wrote 119 bytes to ecology
[dna] air wrote 34 bytes to ecology
[dna] air wrote 16 bytes to ecology
[dna] air wrote 71 bytes to ecology
[dna] air wrote 188 bytes to ecology
[dna] air wrote 79 bytes to ecology
[dna] air wrote 56 bytes to ecology
[dna] air wrote 31 bytes to ecology
[dna] air wrote 44 bytes to ecology
[dna] air wrote 41 bytes to ecology
[dna] air wrote 97 bytes to ecology
[dna] air wrote 82 bytes to ecology
[debug-onto] tick=300 corpus=144273 stage=2 freeze=0
[dna] air wrote 73 bytes to ecology
[dna] air wrote 46 bytes to ecology
[dna] air wrote 63 bytes to ecology
[dna] air wrote 81 bytes to ecology
[dna] air wrote 49 bytes to ecology
[dna] air wrote 77 bytes to ecology
[dna] air wrote 39 bytes to ecology
[dna] air wrote 34 bytes to ecology
[dna] air wrote 46 bytes to ecology
[dna] air wrote 58 bytes to ecology
[dna] air wrote 106 bytes to ecology
[dna] air wrote 57 bytes to ecology
[dna] air wrote 51 bytes to ecology
[dna] air wrote 40 bytes to ecology
[dna] air wrote 173 bytes to ecology
[dna] air wrote 33 bytes to ecology
[dna] air wrote 72 bytes to ecology
[debug-onto] tick=350 corpus=144273 stage=2 freeze=0
[dna] air wrote 47 bytes to ecology
[dna] air wrote 61 bytes to ecology
[dna] air wrote 127 bytes to ecology
[dna] air wrote 98 bytes to ecology
[dna] air wrote 113 bytes to ecology
[dna] air wrote 17 bytes to ecology
[dna] air wrote 66 bytes to ecology
[dna] air wrote 53 bytes to ecology
[dna] air wrote 28 bytes to ecology
[dna] air wrote 69 bytes to ecology
[dna] air wrote 47 bytes to ecology
[dna] air wrote 50 bytes to ecology
[dna] air wrote 54 bytes to ecology
[dna] air wrote 95 bytes to ecology
[dna] air wrote 47 bytes to ecology
[dna] air wrote 32 bytes to ecology
[dna] air wrote 41 bytes to ecology
[debug-onto] tick=400 corpus=144273 stage=2 freeze=0
[dna] air wrote 88 bytes to ecology
[dna] air wrote 135 bytes to ecology
[dna] air wrote 41 bytes to ecology
[dna] air wrote 95 bytes to ecology
[dna] air wrote 65 bytes to ecology
[dna] air wrote 38 bytes to ecology
[dna] air wrote 103 bytes to ecology
[dna] air wrote 66 bytes to ecology
[dna] air wrote 137 bytes to ecology
[dna] air wrote 65 bytes to ecology
[dna] air wrote 66 bytes to ecology
[dna] air wrote 54 bytes to ecology
[dna] air wrote 33 bytes to ecology
[dna] air wrote 118 bytes to ecology
[dna] air wrote 34 bytes to ecology
[dna] air wrote 64 bytes to ecology
[debug-onto] tick=450 corpus=144273 stage=2 freeze=0
[dna] air wrote 49 bytes to ecology
[dna] air wrote 95 bytes to ecology
[dna] air wrote 83 bytes to ecology
[dna] air wrote 40 bytes to ecology
[dna] air wrote 42 bytes to ecology
[dna] air wrote 38 bytes to ecology
[dna] air wrote 104 bytes to ecology
[dna] air wrote 165 bytes to ecology
[dna] air wrote 37 bytes to ecology
[dna] air wrote 83 bytes to ecology
[dna] air wrote 23 bytes to ecology
[dna] air wrote 199 bytes to ecology
[dna] air wrote 33 bytes to ecology
[dna] air wrote 21 bytes to ecology
[dna] air wrote 77 bytes to ecology
[dna] air wrote 35 bytes to ecology
[dna] air wrote 25 bytes to ecology
[debug-onto] tick=500 corpus=144273 stage=2 freeze=0
[dna] air wrote 39 bytes to ecology
[dna] air wrote 91 bytes to ecology
[dna] air wrote 119 bytes to ecology
[dna] air wrote 45 bytes to ecology
[dna] air wrote 87 bytes to ecology
[dna] air wrote 102 bytes to ecology
[dna] air wrote 83 bytes to ecology
[dna] air wrote 169 bytes to ecology
[dna] air wrote 49 bytes to ecology
[dna] air wrote 101 bytes to ecology
[dna] air wrote 62 bytes to ecology
[dna] air wrote 56 bytes to ecology
[dna] air wrote 80 bytes to ecology
[dna] air wrote 26 bytes to ecology
[dna] air wrote 60 bytes to ecology
[dna] air wrote 93 bytes to ecology
[dna] air wrote 234 bytes to ecology
[debug-onto] tick=550 corpus=144273 stage=2 freeze=0
[dna] air wrote 112 bytes to ecology
[dna] air wrote 84 bytes to ecology
[dna] air wrote 47 bytes to ecology
[dna] air wrote 74 bytes to ecology
[dna] air wrote 35 bytes to ecology
[dna] air wrote 53 bytes to ecology
[dna] air wrote 83 bytes to ecology
[dna] air wrote 89 bytes to ecology
[dna] air wrote 49 bytes to ecology
[dna] air wrote 85 bytes to ecology
[dna] air wrote 157 bytes to ecology
[dna] air wrote 31 bytes to ecology
[dna] air wrote 101 bytes to ecology
[dna] air wrote 37 bytes to ecology
[dna] air wrote 77 bytes to ecology
[dna] air wrote 69 bytes to ecology
[debug-onto] tick=600 corpus=144273 stage=2 freeze=0
[dna] air wrote 52 bytes to ecology
[dna] air wrote 42 bytes to ecology
[dna] air wrote 223 bytes to ecology
[dna] air wrote 119 bytes to ecology
[dna] air wrote 44 bytes to ecology
[dna] air wrote 59 bytes to ecology
[dna] air wrote 119 bytes to ecology
[dna] air wrote 74 bytes to ecology
[dna] air wrote 157 bytes to ecology
[dna] air wrote 47 bytes to ecology
[dna] air wrote 63 bytes to ecology
[dna] air wrote 100 bytes to ecology
[dna] air wrote 51 bytes to ecology
[dna] air wrote 157 bytes to ecology
[dna] air wrote 19 bytes to ecology
[dna] air wrote 30 bytes to ecology
[dna] air wrote 117 bytes to ecology
[debug-onto] tick=650 corpus=144273 stage=2 freeze=0
[dna] air wrote 120 bytes to ecology
[dna] air wrote 121 bytes to ecology
[dna] air wrote 18 bytes to ecology
[dna] air wrote 86 bytes to ecology
[dna] air wrote 74 bytes to ecology
[dna] air wrote 185 bytes to ecology
[dna] air wrote 122 bytes to ecology
[dna] air wrote 196 bytes to ecology
[dna] air wrote 61 bytes to ecology
[dna] air wrote 93 bytes to ecology
[dna] air wrote 98 bytes to ecology
[dna] air wrote 66 bytes to ecology
[dna] air wrote 31 bytes to ecology
[dna] air wrote 72 bytes to ecology
[dna] air wrote 164 bytes to ecology
[dna] air wrote 67 bytes to ecology
[dna] air wrote 63 bytes to ecology
[debug-onto] tick=700 corpus=144273 stage=2 freeze=0
[dna] air wrote 52 bytes to ecology
[dna] air wrote 69 bytes to ecology
[dna] air wrote 109 bytes to ecology
[dna] air wrote 45 bytes to ecology
[dna] air wrote 38 bytes to ecology
[dna] air wrote 40 bytes to ecology
[dna] air wrote 48 bytes to ecology
[dna] air wrote 62 bytes to ecology
[dna] air wrote 44 bytes to ecology
[dna] air wrote 86 bytes to ecology
[dna] air wrote 107 bytes to ecology
[dna] air wrote 32 bytes to ecology
[dna] air wrote 70 bytes to ecology
[dna] air wrote 48 bytes to ecology
[dna] air wrote 59 bytes to ecology
[dna] air wrote 33 bytes to ecology
[debug-onto] tick=750 corpus=144273 stage=2 freeze=0
[dna] air wrote 129 bytes to ecology
[dna] air wrote 125 bytes to ecology
[dna] air wrote 53 bytes to ecology
[dna] air wrote 14 bytes to ecology
[dna] air wrote 82 bytes to ecology
[dna] air wrote 28 bytes to ecology
[dna] air wrote 89 bytes to ecology
[dna] air wrote 42 bytes to ecology
[dna] air wrote 60 bytes to ecology
[dna] air wrote 100 bytes to ecology
[dna] air wrote 76 bytes to ecology
[dna] air wrote 106 bytes to ecology
[dna] air wrote 78 bytes to ecology
[dna] air wrote 110 bytes to ecology
[dna] air wrote 58 bytes to ecology
[dna] air wrote 74 bytes to ecology
[dna] air wrote 127 bytes to ecology
[debug-onto] tick=800 corpus=144273 stage=2 freeze=0
[dna] air wrote 82 bytes to ecology
[dna] air wrote 87 bytes to ecology
[dna] air wrote 50 bytes to ecology
[dna] air wrote 94 bytes to ecology
[dna] air wrote 56 bytes to ecology
[dna] air wrote 34 bytes to ecology
[dna] air wrote 11 bytes to ecology

[evolution] Organism shutting down gracefully.
