[ecology] Element: fire → corpus: nonames_fire.txt
[evolution] Autonomous evolution mode — organism will grow through all stages without pause.
[ecology] Joined swarm. 1 peer(s) detected.
molequla is alive. [evolution] Autonomous mode — background trainer running. Ctrl+C to stop.
[dna] fire wrote 56 bytes to ecology
[dna] fire consumed 16167 bytes from 263 files: [water/gen_1776928232_1.txt water/gen_1776928245_4.txt water/gen_1776928252_7.txt water/gen_1776928259_10.txt water/gen_1776928265_13.txt water/gen_1776928272_16.txt water/gen_1776928279_19.txt water/gen_1776928286_22.txt water/gen_1776928292_25.txt water/gen_1776928299_28.txt water/gen_1776928306_31.txt water/gen_1776928313_34.txt water/gen_1776928320_37.txt water/gen_1776928327_40.txt water/gen_1776928333_43.txt water/gen_1776928340_46.txt water/gen_1776928347_49.txt water/gen_1776928354_52.txt water/gen_1776928360_55.txt water/gen_1776928367_58.txt water/gen_1776928374_61.txt water/gen_1776928381_64.txt water/gen_1776928387_67.txt water/gen_1776928394_70.txt water/gen_1776928401_73.txt water/gen_1776928408_76.txt water/gen_1776928415_79.txt water/gen_1776928422_82.txt water/gen_1776928429_85.txt water/gen_1776928436_88.txt water/gen_1776928443_91.txt water/gen_1776928449_94.txt water/gen_1776928456_97.txt water/gen_1776928463_100.txt water/gen_1776928470_103.txt water/gen_1776928476_106.txt water/gen_1776928483_109.txt water/gen_1776928490_112.txt water/gen_1776928497_115.txt water/gen_1776928503_118.txt water/gen_1776928510_121.txt water/gen_1776928517_124.txt water/gen_1776928524_127.txt water/gen_1776928530_130.txt water/gen_1776928537_133.txt water/gen_1776928544_136.txt water/gen_1776928551_139.txt water/gen_1776928557_142.txt water/gen_1776928564_145.txt water/gen_1776928571_148.txt water/gen_1776928578_151.txt water/gen_1776928584_154.txt water/gen_1776928591_157.txt water/gen_1776928598_160.txt water/gen_1776928604_163.txt water/gen_1776928611_166.txt water/gen_1776928618_169.txt water/gen_1776928625_172.txt water/gen_1776928632_175.txt water/gen_1776928638_178.txt water/gen_1776928645_181.txt water/gen_1776928652_184.txt water/gen_1776928658_187.txt water/gen_1776928665_190.txt water/gen_1776928672_193.txt water/gen_1776928679_196.txt water/gen_1776928686_199.txt water/gen_1776928692_202.txt water/gen_1776928699_205.txt water/gen_1776928706_208.txt water/gen_1776928712_211.txt water/gen_1776928719_214.txt water/gen_1776928726_217.txt water/gen_1776928733_220.txt water/gen_1776928739_223.txt water/gen_1776928746_226.txt water/gen_1776928753_229.txt water/gen_1776928760_232.txt water/gen_1776928766_235.txt water/gen_1776928773_238.txt water/gen_1776928780_241.txt water/gen_1776928787_244.txt water/gen_1776928794_247.txt water/gen_1776928800_250.txt water/gen_1776928807_253.txt water/gen_1776928814_256.txt water/gen_1776928821_259.txt water/gen_1776928827_262.txt water/gen_1776928834_265.txt water/gen_1776928841_268.txt water/gen_1776928847_271.txt water/gen_1776928854_274.txt water/gen_1776928861_277.txt water/gen_1776928868_280.txt water/gen_1776928874_283.txt water/gen_1776928881_286.txt water/gen_1776928888_289.txt water/gen_1776928895_292.txt water/gen_1776928901_295.txt water/gen_1776928908_298.txt water/gen_1776928915_301.txt water/gen_1776928922_304.txt water/gen_1776928929_307.txt water/gen_1776928935_310.txt water/gen_1776928942_313.txt water/gen_1776928949_316.txt water/gen_1776928956_319.txt water/gen_1776928963_322.txt water/gen_1776928969_325.txt water/gen_1776928976_328.txt water/gen_1776928983_331.txt water/gen_1776928990_334.txt water/gen_1776928996_337.txt water/gen_1776929003_340.txt water/gen_1776929010_343.txt water/gen_1776929017_346.txt water/gen_1776929024_349.txt water/gen_1776929031_352.txt water/gen_1776929037_355.txt water/gen_1776929044_358.txt water/gen_1776929051_361.txt water/gen_1776929058_364.txt water/gen_1776929064_367.txt water/gen_1776929071_370.txt water/gen_1776929078_373.txt water/gen_1776929084_376.txt water/gen_1776929091_379.txt water/gen_1776929098_382.txt water/gen_1776929105_385.txt water/gen_1776929111_388.txt water/gen_1776929118_391.txt water/gen_1776929125_394.txt water/gen_1776929132_397.txt water/gen_1776929139_400.txt water/gen_1776929146_403.txt water/gen_1776929153_406.txt water/gen_1776929160_409.txt water/gen_1776929167_412.txt water/gen_1776929173_415.txt water/gen_1776929180_418.txt water/gen_1776929187_421.txt water/gen_1776929194_424.txt water/gen_1776929200_427.txt water/gen_1776929207_430.txt water/gen_1776929214_433.txt water/gen_1776929221_436.txt water/gen_1776929227_439.txt water/gen_1776929234_442.txt water/gen_1776929241_445.txt water/gen_1776929248_448.txt water/gen_1776929255_451.txt water/gen_1776929262_454.txt water/gen_1776929269_457.txt water/gen_1776929276_460.txt water/gen_1776929283_463.txt water/gen_1776929289_466.txt water/gen_1776929296_469.txt water/gen_1776929303_472.txt water/gen_1776929310_475.txt water/gen_1776929317_478.txt water/gen_1776929323_481.txt water/gen_1776929330_484.txt water/gen_1776929337_487.txt water/gen_1776929344_490.txt water/gen_1776929351_493.txt water/gen_1776929358_496.txt water/gen_1776929364_499.txt water/gen_1776929371_502.txt water/gen_1776929378_505.txt water/gen_1776929385_508.txt water/gen_1776929392_511.txt water/gen_1776929399_514.txt water/gen_1776929406_517.txt water/gen_1776929413_520.txt water/gen_1776929420_523.txt water/gen_1776929426_526.txt water/gen_1776929433_529.txt water/gen_1776929440_532.txt water/gen_1776929447_535.txt water/gen_1776929454_538.txt water/gen_1776929461_541.txt water/gen_1776929468_544.txt water/gen_1776929475_547.txt water/gen_1776929482_550.txt water/gen_1776929489_553.txt water/gen_1776929496_556.txt water/gen_1776929503_559.txt water/gen_1776929510_562.txt water/gen_1776929517_565.txt water/gen_1776929524_568.txt water/gen_1776929531_571.txt water/gen_1776929538_574.txt water/gen_1776929545_577.txt water/gen_1776929552_580.txt water/gen_1776929559_583.txt water/gen_1776929566_586.txt water/gen_1776929572_589.txt water/gen_1776929579_592.txt water/gen_1776929586_595.txt water/gen_1776929593_598.txt water/gen_1776929599_601.txt water/gen_1776929606_604.txt water/gen_1776929613_607.txt water/gen_1776929620_610.txt water/gen_1776929627_613.txt water/gen_1776929633_616.txt water/gen_1776929640_619.txt water/gen_1776929647_622.txt water/gen_1776929654_625.txt water/gen_1776929661_628.txt water/gen_1776929668_631.txt water/gen_1776929675_634.txt water/gen_1776929682_637.txt water/gen_1776929689_640.txt water/gen_1776929696_643.txt water/gen_1776929703_646.txt water/gen_1776929710_649.txt water/gen_1776929717_652.txt water/gen_1776929724_655.txt water/gen_1776929731_658.txt water/gen_1776929738_661.txt water/gen_1776929745_664.txt water/gen_1776929752_667.txt water/gen_1776929759_670.txt water/gen_1776929766_673.txt water/gen_1776929773_676.txt water/gen_1776929780_679.txt water/gen_1776929787_682.txt water/gen_1776929794_685.txt water/gen_1776929801_688.txt water/gen_1776929808_691.txt water/gen_1776929815_694.txt water/gen_1776929822_697.txt water/gen_1776929829_700.txt water/gen_1776929836_703.txt water/gen_1776929843_706.txt water/gen_1776929850_709.txt water/gen_1776929857_712.txt water/gen_1776929864_715.txt water/gen_1776929871_718.txt water/gen_1776929877_721.txt water/gen_1776929884_724.txt water/gen_1776929891_727.txt water/gen_1776929898_730.txt water/gen_1776929904_733.txt water/gen_1776929911_736.txt water/gen_1776929918_739.txt water/gen_1776929925_742.txt water/gen_1776929932_745.txt water/gen_1776929939_748.txt water/gen_1776929946_751.txt water/gen_1776929952_754.txt water/gen_1776929959_757.txt water/gen_1776929966_760.txt water/gen_1776929973_763.txt water/gen_1776929980_766.txt water/gen_1776929986_769.txt water/gen_1776929993_772.txt water/gen_1776930000_775.txt water/gen_1776930006_778.txt water/gen_1776930013_781.txt water/gen_1776930020_784.txt water/gen_1776930027_787.txt]
[trainer] micro-train burst (16167 bytes, novelty 0.04) — and lo, it feeds again.
[syntropy] action=explore | trend=0.0000 | field_dev=0.062 | purpose_align=0.266 | lr_mul=1.30
[aml] burst complete: 32 steps, avg loss 1.5353 (memory freed)
[dna] fire wrote 31 bytes to ecology
[dna] fire wrote 135 bytes to ecology
[dna] fire wrote 35 bytes to ecology
[dna] fire wrote 146 bytes to ecology
[dna] fire wrote 38 bytes to ecology
[dna] fire wrote 46 bytes to ecology
[dna] fire wrote 60 bytes to ecology
[dna] fire wrote 30 bytes to ecology
[dna] fire wrote 47 bytes to ecology
[dna] fire wrote 39 bytes to ecology
[dna] fire wrote 48 bytes to ecology
[dna] fire wrote 48 bytes to ecology
[dna] fire wrote 61 bytes to ecology
[dna] fire wrote 43 bytes to ecology
[dna] fire wrote 79 bytes to ecology
[dna] fire wrote 23 bytes to ecology
[debug-onto] tick=50 corpus=138330 stage=2 freeze=0
[dna] fire wrote 50 bytes to ecology
[dna] fire wrote 77 bytes to ecology
[dna] fire wrote 65 bytes to ecology
[dna] fire wrote 35 bytes to ecology
[dna] fire wrote 18 bytes to ecology
[dna] fire wrote 103 bytes to ecology
[dna] fire wrote 78 bytes to ecology
[dna] fire wrote 42 bytes to ecology
[dna] fire wrote 38 bytes to ecology
[dna] fire wrote 96 bytes to ecology
[dna] fire wrote 42 bytes to ecology
[dna] fire wrote 98 bytes to ecology
[dna] fire wrote 69 bytes to ecology
[dna] fire wrote 76 bytes to ecology
[dna] fire wrote 63 bytes to ecology
[dna] fire wrote 12 bytes to ecology
[dna] fire wrote 20 bytes to ecology
[debug-onto] tick=100 corpus=138330 stage=2 freeze=0
[dna] fire wrote 61 bytes to ecology
[dna] fire wrote 66 bytes to ecology
[dna] fire wrote 64 bytes to ecology
[dna] fire wrote 53 bytes to ecology
[dna] fire wrote 161 bytes to ecology
[dna] fire wrote 21 bytes to ecology
[dna] fire wrote 245 bytes to ecology
[dna] fire wrote 85 bytes to ecology
[dna] fire wrote 31 bytes to ecology
[dna] fire wrote 66 bytes to ecology
[dna] fire wrote 72 bytes to ecology
[dna] fire wrote 71 bytes to ecology
[dna] fire wrote 29 bytes to ecology
[dna] fire wrote 39 bytes to ecology
[dna] fire wrote 27 bytes to ecology
[dna] fire wrote 128 bytes to ecology
[debug-onto] tick=150 corpus=138330 stage=2 freeze=0
[dna] fire wrote 8 bytes to ecology
[dna] fire wrote 115 bytes to ecology
[dna] fire wrote 10 bytes to ecology
[dna] fire wrote 23 bytes to ecology
[dna] fire wrote 27 bytes to ecology
[dna] fire wrote 30 bytes to ecology
[dna] fire wrote 93 bytes to ecology
[dna] fire wrote 22 bytes to ecology
[dna] fire wrote 74 bytes to ecology
[dna] fire wrote 48 bytes to ecology
[dna] fire wrote 56 bytes to ecology
[dna] fire wrote 11 bytes to ecology
[dna] fire wrote 30 bytes to ecology
[dna] fire wrote 44 bytes to ecology
[dna] fire wrote 33 bytes to ecology
[dna] fire wrote 106 bytes to ecology
[dna] fire wrote 173 bytes to ecology
[debug-onto] tick=200 corpus=138330 stage=2 freeze=0
[dna] fire wrote 19 bytes to ecology
[dna] fire wrote 113 bytes to ecology
[dna] fire wrote 45 bytes to ecology
[dna] fire wrote 73 bytes to ecology
[dna] fire wrote 44 bytes to ecology
[dna] fire wrote 21 bytes to ecology
[dna] fire wrote 104 bytes to ecology
[dna] fire wrote 27 bytes to ecology
[dna] fire wrote 49 bytes to ecology
[dna] fire wrote 36 bytes to ecology
[dna] fire wrote 56 bytes to ecology
[dna] fire wrote 28 bytes to ecology
[dna] fire wrote 127 bytes to ecology
[dna] fire wrote 53 bytes to ecology
[dna] fire wrote 36 bytes to ecology
[dna] fire wrote 38 bytes to ecology
[debug-onto] tick=250 corpus=138330 stage=2 freeze=0
[dna] fire wrote 75 bytes to ecology
[dna] fire wrote 84 bytes to ecology
[dna] fire wrote 104 bytes to ecology
[dna] fire wrote 23 bytes to ecology
[dna] fire wrote 47 bytes to ecology
[dna] fire wrote 58 bytes to ecology
[dna] fire wrote 104 bytes to ecology
[dna] fire wrote 59 bytes to ecology
[dna] fire wrote 64 bytes to ecology
[dna] fire wrote 174 bytes to ecology
[dna] fire wrote 43 bytes to ecology
[dna] fire wrote 31 bytes to ecology
[dna] fire wrote 40 bytes to ecology
[dna] fire wrote 58 bytes to ecology
[dna] fire wrote 29 bytes to ecology
[dna] fire wrote 67 bytes to ecology
[debug-onto] tick=300 corpus=138330 stage=2 freeze=0
[dna] fire wrote 56 bytes to ecology
[dna] fire wrote 40 bytes to ecology
[dna] fire wrote 25 bytes to ecology
[dna] fire wrote 22 bytes to ecology
[dna] fire wrote 48 bytes to ecology
[dna] fire wrote 109 bytes to ecology
[dna] fire wrote 30 bytes to ecology
[dna] fire wrote 47 bytes to ecology
[dna] fire wrote 97 bytes to ecology
[dna] fire wrote 35 bytes to ecology
[dna] fire wrote 233 bytes to ecology
[dna] fire wrote 27 bytes to ecology
[dna] fire wrote 42 bytes to ecology
[dna] fire wrote 125 bytes to ecology
[dna] fire wrote 11 bytes to ecology
[dna] fire wrote 30 bytes to ecology
[dna] fire wrote 33 bytes to ecology
[debug-onto] tick=350 corpus=138330 stage=2 freeze=0
[dna] fire wrote 75 bytes to ecology
[dna] fire wrote 92 bytes to ecology
[dna] fire wrote 28 bytes to ecology
[dna] fire wrote 28 bytes to ecology
[dna] fire wrote 23 bytes to ecology
[dna] fire wrote 83 bytes to ecology
[dna] fire wrote 77 bytes to ecology
[dna] fire wrote 97 bytes to ecology
[dna] fire wrote 42 bytes to ecology
[dna] fire wrote 34 bytes to ecology
[dna] fire wrote 108 bytes to ecology
[dna] fire wrote 54 bytes to ecology
[dna] fire wrote 35 bytes to ecology
[dna] fire wrote 24 bytes to ecology
[dna] fire wrote 39 bytes to ecology
[debug-onto] tick=400 corpus=138330 stage=2 freeze=0
[dna] fire wrote 46 bytes to ecology
[dna] fire wrote 29 bytes to ecology
[dna] fire wrote 30 bytes to ecology
[dna] fire wrote 70 bytes to ecology
[dna] fire wrote 86 bytes to ecology
[dna] fire wrote 94 bytes to ecology
[dna] fire wrote 31 bytes to ecology
[dna] fire wrote 12 bytes to ecology
[dna] fire wrote 24 bytes to ecology
[dna] fire wrote 93 bytes to ecology
[dna] fire wrote 170 bytes to ecology
[dna] fire wrote 82 bytes to ecology
[dna] fire wrote 42 bytes to ecology
[dna] fire wrote 27 bytes to ecology
[dna] fire wrote 58 bytes to ecology
[dna] fire wrote 59 bytes to ecology
[debug-onto] tick=450 corpus=138330 stage=2 freeze=0
[dna] fire wrote 78 bytes to ecology
[dna] fire wrote 203 bytes to ecology
[dna] fire wrote 23 bytes to ecology
[dna] fire wrote 47 bytes to ecology
[dna] fire wrote 24 bytes to ecology
[dna] fire wrote 38 bytes to ecology
[dna] fire wrote 20 bytes to ecology
[dna] fire wrote 43 bytes to ecology
[dna] fire wrote 43 bytes to ecology
[dna] fire wrote 32 bytes to ecology
[dna] fire wrote 64 bytes to ecology
[dna] fire wrote 45 bytes to ecology
[dna] fire wrote 89 bytes to ecology
[dna] fire wrote 82 bytes to ecology
[dna] fire wrote 21 bytes to ecology
[dna] fire wrote 195 bytes to ecology
[dna] fire wrote 101 bytes to ecology
[debug-onto] tick=500 corpus=138330 stage=2 freeze=0
[dna] fire wrote 45 bytes to ecology
[dna] fire wrote 27 bytes to ecology
[dna] fire wrote 43 bytes to ecology
[dna] fire wrote 95 bytes to ecology
[dna] fire wrote 21 bytes to ecology
[dna] fire wrote 51 bytes to ecology
[dna] fire wrote 37 bytes to ecology
[dna] fire wrote 123 bytes to ecology
[dna] fire wrote 90 bytes to ecology
[dna] fire wrote 70 bytes to ecology
[dna] fire wrote 85 bytes to ecology
[dna] fire wrote 100 bytes to ecology
[dna] fire wrote 28 bytes to ecology
[dna] fire wrote 11 bytes to ecology
[dna] fire wrote 78 bytes to ecology
[dna] fire wrote 17 bytes to ecology
[dna] fire wrote 54 bytes to ecology
[debug-onto] tick=550 corpus=138330 stage=2 freeze=0
[dna] fire wrote 90 bytes to ecology
[dna] fire wrote 35 bytes to ecology
[dna] fire wrote 135 bytes to ecology
[dna] fire wrote 34 bytes to ecology
[dna] fire wrote 31 bytes to ecology
[dna] fire wrote 60 bytes to ecology
[dna] fire wrote 34 bytes to ecology
[dna] fire wrote 81 bytes to ecology
[dna] fire wrote 31 bytes to ecology
[dna] fire wrote 36 bytes to ecology
[dna] fire wrote 9 bytes to ecology
[dna] fire wrote 109 bytes to ecology
[dna] fire wrote 8 bytes to ecology
[dna] fire wrote 37 bytes to ecology
[dna] fire wrote 39 bytes to ecology
[dna] fire wrote 83 bytes to ecology
[debug-onto] tick=600 corpus=138330 stage=2 freeze=0
[dna] fire wrote 30 bytes to ecology
[dna] fire wrote 14 bytes to ecology
[dna] fire wrote 30 bytes to ecology
[dna] fire wrote 237 bytes to ecology
[dna] fire wrote 104 bytes to ecology
[dna] fire wrote 35 bytes to ecology
[dna] fire wrote 8 bytes to ecology
[dna] fire wrote 26 bytes to ecology
[dna] fire wrote 144 bytes to ecology
[dna] fire wrote 83 bytes to ecology
[dna] fire wrote 72 bytes to ecology
[dna] fire wrote 61 bytes to ecology
[dna] fire wrote 81 bytes to ecology
[dna] fire wrote 94 bytes to ecology
[dna] fire wrote 31 bytes to ecology
[dna] fire wrote 67 bytes to ecology
[dna] fire wrote 82 bytes to ecology
[debug-onto] tick=650 corpus=138330 stage=2 freeze=0
[dna] fire wrote 25 bytes to ecology
[dna] fire wrote 24 bytes to ecology
[dna] fire wrote 33 bytes to ecology
[dna] fire wrote 33 bytes to ecology
[dna] fire wrote 66 bytes to ecology
[dna] fire wrote 54 bytes to ecology
[dna] fire wrote 69 bytes to ecology
[dna] fire wrote 97 bytes to ecology
[dna] fire wrote 97 bytes to ecology
[dna] fire wrote 27 bytes to ecology
[dna] fire wrote 100 bytes to ecology
[dna] fire wrote 29 bytes to ecology
[dna] fire wrote 27 bytes to ecology
[dna] fire wrote 39 bytes to ecology
[dna] fire wrote 53 bytes to ecology
[dna] fire wrote 103 bytes to ecology
[dna] fire wrote 22 bytes to ecology
[debug-onto] tick=700 corpus=138330 stage=2 freeze=0
[dna] fire wrote 51 bytes to ecology
[dna] fire wrote 56 bytes to ecology
[dna] fire wrote 75 bytes to ecology
[dna] fire wrote 40 bytes to ecology
[dna] fire wrote 36 bytes to ecology
[dna] fire wrote 198 bytes to ecology
[dna] fire wrote 127 bytes to ecology
[dna] fire wrote 12 bytes to ecology
[dna] fire wrote 88 bytes to ecology
[dna] fire wrote 126 bytes to ecology
[dna] fire wrote 36 bytes to ecology
[dna] fire wrote 62 bytes to ecology
[dna] fire wrote 20 bytes to ecology
[dna] fire wrote 97 bytes to ecology
[dna] fire wrote 39 bytes to ecology
[dna] fire wrote 75 bytes to ecology
[debug-onto] tick=750 corpus=138330 stage=2 freeze=0
[dna] fire wrote 76 bytes to ecology
[dna] fire wrote 42 bytes to ecology
[dna] fire wrote 54 bytes to ecology
[dna] fire wrote 52 bytes to ecology
[dna] fire wrote 37 bytes to ecology
[dna] fire wrote 70 bytes to ecology
[dna] fire wrote 79 bytes to ecology
[dna] fire wrote 71 bytes to ecology
[dna] fire wrote 80 bytes to ecology
[dna] fire wrote 72 bytes to ecology
[dna] fire wrote 53 bytes to ecology
[dna] fire wrote 70 bytes to ecology
[dna] fire wrote 25 bytes to ecology
[dna] fire wrote 68 bytes to ecology
[dna] fire wrote 65 bytes to ecology
[dna] fire wrote 73 bytes to ecology
[dna] fire wrote 85 bytes to ecology
[debug-onto] tick=800 corpus=138330 stage=2 freeze=0
[dna] fire wrote 13 bytes to ecology
[dna] fire wrote 118 bytes to ecology
[dna] fire wrote 29 bytes to ecology
[dna] fire wrote 79 bytes to ecology
[dna] fire wrote 26 bytes to ecology
[dna] fire wrote 39 bytes to ecology
[dna] fire wrote 6 bytes to ecology
[dna] fire wrote 24 bytes to ecology
[dna] fire wrote 23 bytes to ecology
[dna] fire wrote 42 bytes to ecology
[dna] fire wrote 89 bytes to ecology
[dna] fire wrote 48 bytes to ecology
[dna] fire wrote 112 bytes to ecology

[evolution] Organism shutting down gracefully.
