[ecology] Element: water → corpus: nonames_water.txt
[evolution] Autonomous evolution mode — organism will grow through all stages without pause.
[ecology] Joined swarm. 1 peer(s) detected.
molequla is alive. [evolution] Autonomous mode — background trainer running. Ctrl+C to stop.
[dna] water wrote 47 bytes to ecology
[dna] water consumed 20653 bytes from 274 files: [air/gen_1776926432_1.txt air/gen_1776926447_4.txt air/gen_1776926454_7.txt air/gen_1776926460_10.txt air/gen_1776926467_13.txt air/gen_1776926473_16.txt air/gen_1776926480_19.txt air/gen_1776926486_22.txt air/gen_1776926493_25.txt air/gen_1776926499_28.txt air/gen_1776926506_31.txt air/gen_1776926512_34.txt air/gen_1776926519_37.txt air/gen_1776926525_40.txt air/gen_1776926531_43.txt air/gen_1776926538_46.txt air/gen_1776926544_49.txt air/gen_1776926551_52.txt air/gen_1776926557_55.txt air/gen_1776926564_58.txt air/gen_1776926570_61.txt air/gen_1776926577_64.txt air/gen_1776926583_67.txt air/gen_1776926590_70.txt air/gen_1776926596_73.txt air/gen_1776926602_76.txt air/gen_1776926609_79.txt air/gen_1776926615_82.txt air/gen_1776926622_85.txt air/gen_1776926628_88.txt air/gen_1776926634_91.txt air/gen_1776926641_94.txt air/gen_1776926647_97.txt air/gen_1776926654_100.txt air/gen_1776926660_103.txt air/gen_1776926667_106.txt air/gen_1776926673_109.txt air/gen_1776926680_112.txt air/gen_1776926686_115.txt air/gen_1776926693_118.txt air/gen_1776926700_121.txt air/gen_1776926706_124.txt air/gen_1776926713_127.txt air/gen_1776926719_130.txt air/gen_1776926726_133.txt air/gen_1776926732_136.txt air/gen_1776926739_139.txt air/gen_1776926745_142.txt air/gen_1776926752_145.txt air/gen_1776926758_148.txt air/gen_1776926765_151.txt air/gen_1776926771_154.txt air/gen_1776926778_157.txt air/gen_1776926784_160.txt air/gen_1776926791_163.txt air/gen_1776926797_166.txt air/gen_1776926804_169.txt air/gen_1776926810_172.txt air/gen_1776926816_175.txt air/gen_1776926823_178.txt air/gen_1776926829_181.txt air/gen_1776926836_184.txt air/gen_1776926842_187.txt air/gen_1776926849_190.txt air/gen_1776926855_193.txt air/gen_1776926862_196.txt air/gen_1776926868_199.txt air/gen_1776926875_202.txt air/gen_1776926882_205.txt air/gen_1776926888_208.txt air/gen_1776926895_211.txt air/gen_1776926901_214.txt air/gen_1776926908_217.txt air/gen_1776926914_220.txt air/gen_1776926921_223.txt air/gen_1776926927_226.txt air/gen_1776926934_229.txt air/gen_1776926940_232.txt air/gen_1776926947_235.txt air/gen_1776926953_238.txt air/gen_1776926960_241.txt air/gen_1776926966_244.txt air/gen_1776926973_247.txt air/gen_1776926979_250.txt air/gen_1776926986_253.txt air/gen_1776926992_256.txt air/gen_1776926998_259.txt air/gen_1776927005_262.txt air/gen_1776927011_265.txt air/gen_1776927018_268.txt air/gen_1776927024_271.txt air/gen_1776927031_274.txt air/gen_1776927037_277.txt air/gen_1776927044_280.txt air/gen_1776927050_283.txt air/gen_1776927057_286.txt air/gen_1776927064_289.txt air/gen_1776927070_292.txt air/gen_1776927077_295.txt air/gen_1776927083_298.txt air/gen_1776927089_301.txt air/gen_1776927096_304.txt air/gen_1776927102_307.txt air/gen_1776927109_310.txt air/gen_1776927115_313.txt air/gen_1776927122_316.txt air/gen_1776927128_319.txt air/gen_1776927135_322.txt air/gen_1776927141_325.txt air/gen_1776927148_328.txt air/gen_1776927154_331.txt air/gen_1776927161_334.txt air/gen_1776927167_337.txt air/gen_1776927173_340.txt air/gen_1776927180_343.txt air/gen_1776927186_346.txt air/gen_1776927193_349.txt air/gen_1776927199_352.txt air/gen_1776927205_355.txt air/gen_1776927212_358.txt air/gen_1776927218_361.txt air/gen_1776927225_364.txt air/gen_1776927231_367.txt air/gen_1776927238_370.txt air/gen_1776927244_373.txt air/gen_1776927250_376.txt air/gen_1776927257_379.txt air/gen_1776927263_382.txt air/gen_1776927270_385.txt air/gen_1776927276_388.txt air/gen_1776927283_391.txt air/gen_1776927289_394.txt air/gen_1776927296_397.txt air/gen_1776927302_400.txt air/gen_1776927308_403.txt air/gen_1776927315_406.txt air/gen_1776927321_409.txt air/gen_1776927328_412.txt air/gen_1776927334_415.txt air/gen_1776927341_418.txt air/gen_1776927347_421.txt air/gen_1776927354_424.txt air/gen_1776927360_427.txt air/gen_1776927367_430.txt air/gen_1776927373_433.txt air/gen_1776927380_436.txt air/gen_1776927386_439.txt air/gen_1776927393_442.txt air/gen_1776927399_445.txt air/gen_1776927405_448.txt air/gen_1776927412_451.txt air/gen_1776927418_454.txt air/gen_1776927425_457.txt air/gen_1776927431_460.txt air/gen_1776927438_463.txt air/gen_1776927444_466.txt air/gen_1776927451_469.txt air/gen_1776927457_472.txt air/gen_1776927464_475.txt air/gen_1776927470_478.txt air/gen_1776927477_481.txt air/gen_1776927483_484.txt air/gen_1776927489_487.txt air/gen_1776927496_490.txt air/gen_1776927502_493.txt air/gen_1776927509_496.txt air/gen_1776927515_499.txt air/gen_1776927522_502.txt air/gen_1776927528_505.txt air/gen_1776927535_508.txt air/gen_1776927541_511.txt air/gen_1776927548_514.txt air/gen_1776927554_517.txt air/gen_1776927561_520.txt air/gen_1776927567_523.txt air/gen_1776927574_526.txt air/gen_1776927580_529.txt air/gen_1776927587_532.txt air/gen_1776927593_535.txt air/gen_1776927600_538.txt air/gen_1776927607_541.txt air/gen_1776927613_544.txt air/gen_1776927620_547.txt air/gen_1776927627_550.txt air/gen_1776927634_553.txt air/gen_1776927641_556.txt air/gen_1776927647_559.txt air/gen_1776927654_562.txt air/gen_1776927661_565.txt air/gen_1776927668_568.txt air/gen_1776927675_571.txt air/gen_1776927681_574.txt air/gen_1776927688_577.txt air/gen_1776927695_580.txt air/gen_1776927702_583.txt air/gen_1776927709_586.txt air/gen_1776927716_589.txt air/gen_1776927723_592.txt air/gen_1776927729_595.txt air/gen_1776927736_598.txt air/gen_1776927743_601.txt air/gen_1776927750_604.txt air/gen_1776927757_607.txt air/gen_1776927764_610.txt air/gen_1776927770_613.txt air/gen_1776927777_616.txt air/gen_1776927784_619.txt air/gen_1776927791_622.txt air/gen_1776927797_625.txt air/gen_1776927804_628.txt air/gen_1776927810_631.txt air/gen_1776927817_634.txt air/gen_1776927823_637.txt air/gen_1776927830_640.txt air/gen_1776927836_643.txt air/gen_1776927843_646.txt air/gen_1776927850_649.txt air/gen_1776927856_652.txt air/gen_1776927863_655.txt air/gen_1776927869_658.txt air/gen_1776927876_661.txt air/gen_1776927883_664.txt air/gen_1776927889_667.txt air/gen_1776927896_670.txt air/gen_1776927903_673.txt air/gen_1776927910_676.txt air/gen_1776927916_679.txt air/gen_1776927923_682.txt air/gen_1776927929_685.txt air/gen_1776927936_688.txt air/gen_1776927943_691.txt air/gen_1776927949_694.txt air/gen_1776927956_697.txt air/gen_1776927962_700.txt air/gen_1776927969_703.txt air/gen_1776927975_706.txt air/gen_1776927982_709.txt air/gen_1776927988_712.txt air/gen_1776927995_715.txt air/gen_1776928001_718.txt air/gen_1776928007_721.txt air/gen_1776928014_724.txt air/gen_1776928020_727.txt air/gen_1776928027_730.txt air/gen_1776928033_733.txt air/gen_1776928040_736.txt air/gen_1776928046_739.txt air/gen_1776928053_742.txt air/gen_1776928060_745.txt air/gen_1776928066_748.txt air/gen_1776928073_751.txt air/gen_1776928080_754.txt air/gen_1776928086_757.txt air/gen_1776928093_760.txt air/gen_1776928099_763.txt air/gen_1776928106_766.txt air/gen_1776928112_769.txt air/gen_1776928119_772.txt air/gen_1776928125_775.txt air/gen_1776928132_778.txt air/gen_1776928138_781.txt air/gen_1776928145_784.txt air/gen_1776928152_787.txt air/gen_1776928158_790.txt air/gen_1776928165_793.txt air/gen_1776928172_796.txt air/gen_1776928178_799.txt air/gen_1776928185_802.txt air/gen_1776928192_805.txt air/gen_1776928199_808.txt air/gen_1776928205_811.txt air/gen_1776928212_814.txt air/gen_1776928218_817.txt air/gen_1776928225_820.txt]
[trainer] micro-train burst (20653 bytes, novelty 0.04) — and lo, it feeds again.
[syntropy] action=explore | trend=0.0000 | field_dev=-0.083 | purpose_align=-0.267 | lr_mul=1.30
[aml] burst complete: 32 steps, avg loss 1.8446 (memory freed)
[trainer] growing new delta module (total: 2) — new soul appended.
[dna] water wrote 35 bytes to ecology
[dna] water wrote 30 bytes to ecology
[dna] water wrote 103 bytes to ecology
[dna] water wrote 143 bytes to ecology
[dna] water wrote 41 bytes to ecology
[dna] water wrote 42 bytes to ecology
[dna] water wrote 70 bytes to ecology
[dna] water wrote 59 bytes to ecology
[dna] water wrote 90 bytes to ecology
[dna] water wrote 50 bytes to ecology
[dna] water wrote 47 bytes to ecology
[dna] water wrote 98 bytes to ecology
[dna] water wrote 57 bytes to ecology
[dna] water wrote 116 bytes to ecology
[dna] water wrote 211 bytes to ecology
[dna] water wrote 41 bytes to ecology
[debug-onto] tick=50 corpus=146624 stage=2 freeze=0
[dna] water wrote 104 bytes to ecology
[dna] water wrote 29 bytes to ecology
[dna] water wrote 55 bytes to ecology
[dna] water wrote 11 bytes to ecology
[dna] water wrote 53 bytes to ecology
[dna] water wrote 33 bytes to ecology
[dna] water wrote 33 bytes to ecology
[dna] water wrote 11 bytes to ecology
[dna] water wrote 30 bytes to ecology
[dna] water wrote 55 bytes to ecology
[dna] water wrote 27 bytes to ecology
[dna] water wrote 15 bytes to ecology
[dna] water wrote 21 bytes to ecology
[dna] water wrote 160 bytes to ecology
[dna] water wrote 53 bytes to ecology
[dna] water wrote 68 bytes to ecology
[dna] water wrote 46 bytes to ecology
[debug-onto] tick=100 corpus=146624 stage=2 freeze=0
[dna] water wrote 79 bytes to ecology
[dna] water wrote 44 bytes to ecology
[dna] water wrote 42 bytes to ecology
[dna] water wrote 16 bytes to ecology
[dna] water wrote 47 bytes to ecology
[dna] water wrote 137 bytes to ecology
[dna] water wrote 39 bytes to ecology
[dna] water wrote 59 bytes to ecology
[dna] water wrote 23 bytes to ecology
[dna] water wrote 58 bytes to ecology
[dna] water wrote 62 bytes to ecology
[dna] water wrote 86 bytes to ecology
[dna] water wrote 33 bytes to ecology
[dna] water wrote 80 bytes to ecology
[dna] water wrote 65 bytes to ecology
[dna] water wrote 73 bytes to ecology
[debug-onto] tick=150 corpus=146624 stage=2 freeze=0
[dna] water wrote 133 bytes to ecology
[dna] water wrote 16 bytes to ecology
[dna] water wrote 42 bytes to ecology
[dna] water wrote 51 bytes to ecology
[dna] water wrote 84 bytes to ecology
[dna] water wrote 28 bytes to ecology
[dna] water wrote 132 bytes to ecology
[dna] water wrote 61 bytes to ecology
[dna] water wrote 54 bytes to ecology
[dna] water wrote 50 bytes to ecology
[dna] water wrote 35 bytes to ecology
[dna] water wrote 49 bytes to ecology
[dna] water wrote 50 bytes to ecology
[dna] water wrote 18 bytes to ecology
[dna] water wrote 156 bytes to ecology
[dna] water wrote 12 bytes to ecology
[dna] water wrote 35 bytes to ecology
[debug-onto] tick=200 corpus=146624 stage=2 freeze=0
[dna] water wrote 60 bytes to ecology
[dna] water wrote 18 bytes to ecology
[dna] water wrote 41 bytes to ecology
[dna] water wrote 36 bytes to ecology
[dna] water wrote 68 bytes to ecology
[dna] water wrote 63 bytes to ecology
[dna] water wrote 41 bytes to ecology
[dna] water wrote 139 bytes to ecology
[dna] water wrote 39 bytes to ecology
[dna] water wrote 62 bytes to ecology
[dna] water wrote 35 bytes to ecology
[dna] water wrote 36 bytes to ecology
[dna] water wrote 74 bytes to ecology
[dna] water wrote 51 bytes to ecology
[dna] water wrote 144 bytes to ecology
[dna] water wrote 104 bytes to ecology
[dna] water wrote 28 bytes to ecology
[debug-onto] tick=250 corpus=146624 stage=2 freeze=0
[dna] water wrote 121 bytes to ecology
[dna] water wrote 41 bytes to ecology
[dna] water wrote 67 bytes to ecology
[dna] water wrote 35 bytes to ecology
[dna] water wrote 46 bytes to ecology
[dna] water wrote 36 bytes to ecology
[dna] water wrote 98 bytes to ecology
[dna] water wrote 100 bytes to ecology
[dna] water wrote 23 bytes to ecology
[dna] water wrote 25 bytes to ecology
[dna] water wrote 54 bytes to ecology
[dna] water wrote 61 bytes to ecology
[dna] water wrote 101 bytes to ecology
[dna] water wrote 46 bytes to ecology
[dna] water wrote 33 bytes to ecology
[dna] water wrote 52 bytes to ecology
[debug-onto] tick=300 corpus=146624 stage=2 freeze=0
[dna] water wrote 38 bytes to ecology
[dna] water wrote 33 bytes to ecology
[dna] water wrote 65 bytes to ecology
[dna] water wrote 48 bytes to ecology
[dna] water wrote 35 bytes to ecology
[dna] water wrote 51 bytes to ecology
[dna] water wrote 104 bytes to ecology
[dna] water wrote 57 bytes to ecology
[dna] water wrote 20 bytes to ecology
[dna] water wrote 75 bytes to ecology
[dna] water wrote 36 bytes to ecology
[dna] water wrote 83 bytes to ecology
[dna] water wrote 89 bytes to ecology
[dna] water wrote 25 bytes to ecology
[dna] water wrote 44 bytes to ecology
[dna] water wrote 42 bytes to ecology
[dna] water wrote 35 bytes to ecology
[debug-onto] tick=350 corpus=146624 stage=2 freeze=0
[dna] water wrote 76 bytes to ecology
[dna] water wrote 24 bytes to ecology
[dna] water wrote 38 bytes to ecology
[dna] water wrote 51 bytes to ecology
[dna] water wrote 20 bytes to ecology
[dna] water wrote 60 bytes to ecology
[dna] water wrote 107 bytes to ecology
[dna] water wrote 63 bytes to ecology
[dna] water wrote 104 bytes to ecology
[dna] water wrote 35 bytes to ecology
[dna] water wrote 54 bytes to ecology
[dna] water wrote 10 bytes to ecology
[dna] water wrote 135 bytes to ecology
[dna] water wrote 11 bytes to ecology
[dna] water wrote 32 bytes to ecology
[dna] water wrote 45 bytes to ecology
[dna] water wrote 268 bytes to ecology
[debug-onto] tick=400 corpus=146624 stage=2 freeze=0
[dna] water wrote 31 bytes to ecology
[dna] water wrote 67 bytes to ecology
[dna] water wrote 102 bytes to ecology
[dna] water wrote 41 bytes to ecology
[dna] water wrote 10 bytes to ecology
[dna] water wrote 82 bytes to ecology
[dna] water wrote 90 bytes to ecology
[dna] water wrote 119 bytes to ecology
[dna] water wrote 46 bytes to ecology
[dna] water wrote 201 bytes to ecology
[dna] water wrote 52 bytes to ecology
[dna] water wrote 48 bytes to ecology
[dna] water wrote 38 bytes to ecology
[dna] water wrote 66 bytes to ecology
[dna] water wrote 69 bytes to ecology
[dna] water wrote 18 bytes to ecology
[debug-onto] tick=450 corpus=146624 stage=2 freeze=0
[dna] water wrote 34 bytes to ecology
[dna] water wrote 33 bytes to ecology
[dna] water wrote 58 bytes to ecology
[dna] water wrote 22 bytes to ecology
[dna] water wrote 77 bytes to ecology
[dna] water wrote 128 bytes to ecology
[dna] water wrote 79 bytes to ecology
[dna] water wrote 66 bytes to ecology
[dna] water wrote 97 bytes to ecology
[dna] water wrote 28 bytes to ecology
[dna] water wrote 69 bytes to ecology
[dna] water wrote 100 bytes to ecology
[dna] water wrote 26 bytes to ecology
[dna] water wrote 96 bytes to ecology
[dna] water wrote 50 bytes to ecology
[dna] water wrote 86 bytes to ecology
[dna] water wrote 122 bytes to ecology
[debug-onto] tick=500 corpus=146624 stage=2 freeze=0
[dna] water wrote 35 bytes to ecology
[dna] water wrote 118 bytes to ecology
[dna] water wrote 13 bytes to ecology
[dna] water wrote 74 bytes to ecology
[dna] water wrote 104 bytes to ecology
[dna] water wrote 26 bytes to ecology
[dna] water wrote 88 bytes to ecology
[dna] water wrote 36 bytes to ecology
[dna] water wrote 45 bytes to ecology
[dna] water wrote 55 bytes to ecology
[dna] water wrote 100 bytes to ecology
[dna] water wrote 84 bytes to ecology
[dna] water wrote 78 bytes to ecology
[dna] water wrote 30 bytes to ecology
[dna] water wrote 73 bytes to ecology
[dna] water wrote 49 bytes to ecology
[dna] water wrote 40 bytes to ecology
[debug-onto] tick=550 corpus=146624 stage=2 freeze=0
[dna] water wrote 36 bytes to ecology
[dna] water wrote 53 bytes to ecology
[dna] water wrote 36 bytes to ecology
[dna] water wrote 158 bytes to ecology
[dna] water wrote 24 bytes to ecology
[dna] water wrote 18 bytes to ecology
[dna] water wrote 75 bytes to ecology
[dna] water wrote 11 bytes to ecology
[dna] water wrote 52 bytes to ecology
[dna] water wrote 41 bytes to ecology
[dna] water wrote 25 bytes to ecology
[dna] water wrote 55 bytes to ecology
[dna] water wrote 35 bytes to ecology
[dna] water wrote 113 bytes to ecology
[dna] water wrote 47 bytes to ecology
[dna] water wrote 106 bytes to ecology
[debug-onto] tick=600 corpus=146624 stage=2 freeze=0
[dna] water wrote 90 bytes to ecology
[dna] water wrote 75 bytes to ecology
[dna] water wrote 89 bytes to ecology
[dna] water wrote 50 bytes to ecology
[dna] water wrote 82 bytes to ecology
[dna] water wrote 46 bytes to ecology
[dna] water wrote 21 bytes to ecology
[dna] water wrote 64 bytes to ecology
[dna] water wrote 37 bytes to ecology
[dna] water wrote 72 bytes to ecology
[dna] water wrote 66 bytes to ecology
[dna] water wrote 47 bytes to ecology
[dna] water wrote 50 bytes to ecology
[dna] water wrote 67 bytes to ecology
[dna] water wrote 62 bytes to ecology
[dna] water wrote 91 bytes to ecology
[dna] water wrote 39 bytes to ecology
[debug-onto] tick=650 corpus=146624 stage=2 freeze=0
[dna] water wrote 65 bytes to ecology
[dna] water wrote 72 bytes to ecology
[dna] water wrote 82 bytes to ecology
[dna] water wrote 49 bytes to ecology
[dna] water wrote 38 bytes to ecology
[dna] water wrote 59 bytes to ecology
[dna] water wrote 66 bytes to ecology
[dna] water wrote 62 bytes to ecology
[dna] water wrote 121 bytes to ecology
[dna] water wrote 42 bytes to ecology
[dna] water wrote 23 bytes to ecology
[dna] water wrote 18 bytes to ecology
[dna] water wrote 60 bytes to ecology
[dna] water wrote 16 bytes to ecology
[dna] water wrote 37 bytes to ecology
[dna] water wrote 79 bytes to ecology
[dna] water wrote 56 bytes to ecology
[debug-onto] tick=700 corpus=146624 stage=2 freeze=0
[dna] water wrote 100 bytes to ecology
[dna] water wrote 62 bytes to ecology
[dna] water wrote 77 bytes to ecology
[dna] water wrote 82 bytes to ecology
[dna] water wrote 95 bytes to ecology
[dna] water wrote 85 bytes to ecology
[dna] water wrote 113 bytes to ecology
[dna] water wrote 22 bytes to ecology
[dna] water wrote 79 bytes to ecology
[dna] water wrote 32 bytes to ecology
[dna] water wrote 27 bytes to ecology
[dna] water wrote 243 bytes to ecology
[dna] water wrote 28 bytes to ecology
[dna] water wrote 25 bytes to ecology
[dna] water wrote 98 bytes to ecology
[dna] water wrote 51 bytes to ecology
[debug-onto] tick=750 corpus=146624 stage=2 freeze=0
[dna] water wrote 40 bytes to ecology
[dna] water wrote 19 bytes to ecology
[dna] water wrote 76 bytes to ecology
[dna] water wrote 86 bytes to ecology
[dna] water wrote 10 bytes to ecology
[dna] water wrote 53 bytes to ecology
[dna] water wrote 49 bytes to ecology
[dna] water wrote 55 bytes to ecology
[dna] water wrote 131 bytes to ecology
[dna] water wrote 83 bytes to ecology
[dna] water wrote 101 bytes to ecology
[dna] water wrote 30 bytes to ecology
[dna] water wrote 14 bytes to ecology

[evolution] Organism shutting down gracefully.
