[ecology] Element: fire → corpus: nonames_fire.txt
[evolution] Autonomous evolution mode — organism will grow through all stages without pause.
[ecology] Joined swarm. 1 peer(s) detected.
molequla is alive. [evolution] Autonomous mode — background trainer running. Ctrl+C to stop.
[dna] fire consumed 7140 bytes from 128 files: [water/gen_1778745008_1.txt water/gen_1778745026_4.txt water/gen_1778745044_10.txt water/gen_1778745052_13.txt water/gen_1778745061_16.txt water/gen_1778745079_22.txt water/gen_1778745096_28.txt water/gen_1778745113_34.txt water/gen_1778745122_37.txt water/gen_1778745131_40.txt water/gen_1778745140_43.txt water/gen_1778745148_46.txt water/gen_1778745166_52.txt water/gen_1778745183_58.txt water/gen_1778745200_64.txt water/gen_1778745209_67.txt water/gen_1778745217_70.txt water/gen_1778745235_76.txt water/gen_1778745252_82.txt water/gen_1778745260_85.txt water/gen_1778745269_88.txt water/gen_1778745287_94.txt water/gen_1778745295_97.txt water/gen_1778745304_100.txt water/gen_1778745322_106.txt water/gen_1778745330_109.txt water/gen_1778745339_112.txt water/gen_1778745357_118.txt water/gen_1778745374_124.txt water/gen_1778745383_127.txt water/gen_1778745392_130.txt water/gen_1778745410_136.txt water/gen_1778745418_139.txt water/gen_1778745427_142.txt water/gen_1778745444_148.txt water/gen_1778745462_154.txt water/gen_1778745470_157.txt water/gen_1778745479_160.txt water/gen_1778745496_166.txt water/gen_1778745514_172.txt water/gen_1778745531_178.txt water/gen_1778745549_184.txt water/gen_1778745566_190.txt water/gen_1778745584_196.txt water/gen_1778745601_202.txt water/gen_1778745618_208.txt water/gen_1778745635_214.txt water/gen_1778745652_220.txt water/gen_1778745670_226.txt water/gen_1778745687_232.txt water/gen_1778745705_238.txt water/gen_1778745722_244.txt water/gen_1778745739_250.txt water/gen_1778745757_256.txt water/gen_1778745774_262.txt water/gen_1778745791_268.txt water/gen_1778745808_274.txt water/gen_1778745825_280.txt water/gen_1778745850_289.txt water/gen_1778745859_292.txt water/gen_1778745876_298.txt water/gen_1778745893_304.txt water/gen_1778745910_310.txt water/gen_1778745918_313.txt water/gen_1778745927_316.txt water/gen_1778745944_322.txt water/gen_1778745961_328.txt water/gen_1778745978_334.txt water/gen_1778745995_340.txt water/gen_1778746012_346.txt water/gen_1778746021_349.txt water/gen_1778746029_352.txt water/gen_1778746046_358.txt water/gen_1778746063_364.txt water/gen_1778746072_367.txt water/gen_1778746080_370.txt water/gen_1778746089_373.txt water/gen_1778746097_376.txt water/gen_1778746114_382.txt water/gen_1778746132_388.txt water/gen_1778746149_394.txt water/gen_1778746166_400.txt water/gen_1778746183_406.txt water/gen_1778746199_412.txt water/gen_1778746208_415.txt water/gen_1778746216_418.txt water/gen_1778746233_424.txt water/gen_1778746250_430.txt water/gen_1778746267_436.txt water/gen_1778746284_442.txt water/gen_1778746293_445.txt water/gen_1778746301_448.txt water/gen_1778746310_451.txt water/gen_1778746319_454.txt water/gen_1778746328_457.txt water/gen_1778746336_460.txt water/gen_1778746353_466.txt water/gen_1778746370_472.txt water/gen_1778746379_475.txt water/gen_1778746387_478.txt water/gen_1778746396_481.txt water/gen_1778746404_484.txt water/gen_1778746422_490.txt water/gen_1778746430_493.txt water/gen_1778746439_496.txt water/gen_1778746456_502.txt water/gen_1778746474_508.txt water/gen_1778746491_514.txt water/gen_1778746509_520.txt water/gen_1778746526_526.txt water/gen_1778746544_532.txt water/gen_1778746561_538.txt water/gen_1778746578_544.txt water/gen_1778746595_550.txt water/gen_1778746612_556.txt water/gen_1778746621_559.txt water/gen_1778746629_562.txt water/gen_1778746646_568.txt water/gen_1778746663_574.txt water/gen_1778746680_580.txt water/gen_1778746697_586.txt water/gen_1778746705_589.txt water/gen_1778746714_592.txt water/gen_1778746731_598.txt water/gen_1778746748_604.txt water/gen_1778746765_610.txt water/gen_1778746782_616.txt water/gen_1778746799_622.txt]
[trainer] micro-train burst (7140 bytes, novelty 0.09) — and lo, it feeds again.
[syntropy] action=explore | trend=0.0000 | field_dev=-0.071 | purpose_align=-0.149 | lr_mul=1.30
[aml] burst complete: 32 steps, avg loss 1.5251 (memory freed)
[dna] fire wrote 133 bytes to ecology
[dna] fire wrote 8 bytes to ecology
[dna] fire wrote 33 bytes to ecology
[dna] fire wrote 31 bytes to ecology
[dna] fire wrote 55 bytes to ecology
[dna] fire wrote 32 bytes to ecology
[dna] fire wrote 33 bytes to ecology
[dna] fire wrote 57 bytes to ecology
[dna] fire wrote 66 bytes to ecology
[dna] fire wrote 90 bytes to ecology
[dna] fire wrote 59 bytes to ecology
[dna] fire wrote 67 bytes to ecology
[dna] fire wrote 44 bytes to ecology
[dna] fire wrote 109 bytes to ecology
[dna] fire wrote 38 bytes to ecology
[dna] fire wrote 65 bytes to ecology
[dna] fire wrote 13 bytes to ecology
[debug-onto] tick=50 corpus=129168 stage=2 freeze=0
[dna] fire wrote 47 bytes to ecology
[dna] fire wrote 14 bytes to ecology
[dna] fire wrote 84 bytes to ecology
[dna] fire wrote 34 bytes to ecology
[dna] fire wrote 55 bytes to ecology
[dna] fire wrote 30 bytes to ecology
[dna] fire wrote 38 bytes to ecology
[dna] fire wrote 33 bytes to ecology
[dna] fire wrote 36 bytes to ecology
[dna] fire wrote 22 bytes to ecology
[dna] fire wrote 52 bytes to ecology
[dna] fire wrote 32 bytes to ecology
[dna] fire wrote 39 bytes to ecology
[dna] fire wrote 41 bytes to ecology
[dna] fire wrote 37 bytes to ecology
[dna] fire wrote 31 bytes to ecology
[dna] fire wrote 39 bytes to ecology
[dna] fire wrote 97 bytes to ecology
[debug-onto] tick=100 corpus=129168 stage=2 freeze=0
[dna] fire wrote 57 bytes to ecology
[dna] fire wrote 85 bytes to ecology
[dna] fire wrote 105 bytes to ecology
[dna] fire wrote 96 bytes to ecology
[dna] fire wrote 23 bytes to ecology
[dna] fire wrote 95 bytes to ecology
[dna] fire wrote 41 bytes to ecology
[dna] fire wrote 32 bytes to ecology
[dna] fire wrote 60 bytes to ecology
[dna] fire wrote 64 bytes to ecology
[dna] fire wrote 43 bytes to ecology
[dna] fire wrote 98 bytes to ecology
[dna] fire wrote 28 bytes to ecology
[dna] fire wrote 221 bytes to ecology
[dna] fire wrote 9 bytes to ecology
[dna] fire wrote 41 bytes to ecology
[debug-onto] tick=150 corpus=129168 stage=2 freeze=0
[dna] fire wrote 12 bytes to ecology
[dna] fire wrote 54 bytes to ecology
[dna] fire wrote 61 bytes to ecology
[dna] fire wrote 67 bytes to ecology
[dna] fire wrote 78 bytes to ecology
[dna] fire wrote 52 bytes to ecology
[dna] fire wrote 259 bytes to ecology
[dna] fire wrote 18 bytes to ecology
[dna] fire wrote 58 bytes to ecology
[dna] fire wrote 38 bytes to ecology
[dna] fire wrote 24 bytes to ecology
[dna] fire wrote 34 bytes to ecology
[dna] fire wrote 55 bytes to ecology
[dna] fire wrote 90 bytes to ecology
[dna] fire wrote 70 bytes to ecology
[dna] fire wrote 39 bytes to ecology
[dna] fire wrote 72 bytes to ecology
[dna] fire wrote 44 bytes to ecology
[debug-onto] tick=200 corpus=129168 stage=2 freeze=0
[dna] fire wrote 33 bytes to ecology
[dna] fire wrote 158 bytes to ecology
[dna] fire wrote 44 bytes to ecology
[dna] fire wrote 11 bytes to ecology
[dna] fire wrote 84 bytes to ecology
[dna] fire wrote 94 bytes to ecology
[dna] fire wrote 50 bytes to ecology
[dna] fire wrote 62 bytes to ecology
[dna] fire wrote 45 bytes to ecology
[dna] fire wrote 18 bytes to ecology
[dna] fire wrote 58 bytes to ecology
[dna] fire wrote 101 bytes to ecology
[dna] fire wrote 124 bytes to ecology
[dna] fire wrote 48 bytes to ecology
[dna] fire wrote 55 bytes to ecology
[dna] fire wrote 39 bytes to ecology
[dna] fire wrote 38 bytes to ecology
[dna] fire wrote 26 bytes to ecology
[debug-onto] tick=250 corpus=129168 stage=2 freeze=0
[dna] fire wrote 9 bytes to ecology
[dna] fire wrote 49 bytes to ecology
[dna] fire wrote 30 bytes to ecology
[dna] fire wrote 78 bytes to ecology
[dna] fire wrote 15 bytes to ecology
[dna] fire wrote 77 bytes to ecology
[dna] fire wrote 119 bytes to ecology
[dna] fire wrote 127 bytes to ecology
[dna] fire wrote 49 bytes to ecology
[dna] fire wrote 137 bytes to ecology
[dna] fire wrote 52 bytes to ecology
[dna] fire wrote 57 bytes to ecology
[dna] fire wrote 55 bytes to ecology
[dna] fire wrote 112 bytes to ecology
[dna] fire wrote 70 bytes to ecology
[dna] fire wrote 37 bytes to ecology
[dna] fire wrote 60 bytes to ecology
[debug-onto] tick=300 corpus=129168 stage=2 freeze=0
[dna] fire wrote 57 bytes to ecology
[dna] fire wrote 54 bytes to ecology
[dna] fire wrote 34 bytes to ecology
[dna] fire wrote 29 bytes to ecology
[dna] fire wrote 25 bytes to ecology
[dna] fire wrote 76 bytes to ecology
[dna] fire wrote 33 bytes to ecology
[dna] fire wrote 18 bytes to ecology
[dna] fire wrote 52 bytes to ecology
[dna] fire wrote 63 bytes to ecology
[dna] fire wrote 109 bytes to ecology
[dna] fire wrote 24 bytes to ecology
[dna] fire wrote 75 bytes to ecology
[dna] fire wrote 98 bytes to ecology
[dna] fire wrote 58 bytes to ecology
[dna] fire wrote 24 bytes to ecology
[dna] fire wrote 75 bytes to ecology
[dna] fire wrote 238 bytes to ecology
[debug-onto] tick=350 corpus=129168 stage=2 freeze=0
[dna] fire wrote 93 bytes to ecology
[dna] fire wrote 67 bytes to ecology
[dna] fire wrote 160 bytes to ecology
[dna] fire wrote 36 bytes to ecology
[dna] fire wrote 45 bytes to ecology
[dna] fire wrote 67 bytes to ecology
[dna] fire wrote 150 bytes to ecology
[dna] fire wrote 40 bytes to ecology
[dna] fire wrote 42 bytes to ecology
[dna] fire wrote 30 bytes to ecology
[dna] fire wrote 53 bytes to ecology
[dna] fire wrote 334 bytes to ecology
[dna] fire wrote 84 bytes to ecology
[dna] fire wrote 32 bytes to ecology
[dna] fire wrote 57 bytes to ecology
[dna] fire wrote 39 bytes to ecology
[dna] fire wrote 155 bytes to ecology
[dna] fire wrote 165 bytes to ecology
[dna] fire wrote 41 bytes to ecology
[debug-onto] tick=400 corpus=129168 stage=2 freeze=0
[dna] fire wrote 64 bytes to ecology
[dna] fire wrote 36 bytes to ecology
[dna] fire wrote 40 bytes to ecology
[dna] fire wrote 57 bytes to ecology
[dna] fire wrote 67 bytes to ecology
[dna] fire wrote 67 bytes to ecology
[dna] fire wrote 29 bytes to ecology
[dna] fire wrote 71 bytes to ecology
[dna] fire wrote 123 bytes to ecology
[dna] fire wrote 66 bytes to ecology
[dna] fire wrote 23 bytes to ecology
[dna] fire wrote 46 bytes to ecology
[dna] fire wrote 58 bytes to ecology
[dna] fire wrote 49 bytes to ecology
[dna] fire wrote 36 bytes to ecology
[dna] fire wrote 28 bytes to ecology
[debug-onto] tick=450 corpus=129168 stage=2 freeze=0
[dna] fire wrote 15 bytes to ecology
[dna] fire wrote 23 bytes to ecology
[dna] fire wrote 168 bytes to ecology
[dna] fire wrote 76 bytes to ecology
[dna] fire wrote 95 bytes to ecology
[dna] fire wrote 33 bytes to ecology
[dna] fire wrote 55 bytes to ecology
[dna] fire wrote 61 bytes to ecology
[dna] fire wrote 27 bytes to ecology
[dna] fire wrote 92 bytes to ecology
[dna] fire wrote 125 bytes to ecology
[dna] fire wrote 47 bytes to ecology
[dna] fire wrote 45 bytes to ecology
[dna] fire wrote 133 bytes to ecology
[dna] fire wrote 79 bytes to ecology
[dna] fire wrote 178 bytes to ecology
[dna] fire wrote 72 bytes to ecology
[dna] fire wrote 32 bytes to ecology
[dna] fire wrote 82 bytes to ecology
[debug-onto] tick=500 corpus=129168 stage=2 freeze=0
[dna] fire wrote 65 bytes to ecology
[dna] fire wrote 113 bytes to ecology
[dna] fire wrote 107 bytes to ecology
[dna] fire wrote 91 bytes to ecology
[dna] fire wrote 23 bytes to ecology
[dna] fire wrote 54 bytes to ecology
[dna] fire wrote 280 bytes to ecology
[dna] fire wrote 106 bytes to ecology
[dna] fire wrote 28 bytes to ecology
[dna] fire wrote 34 bytes to ecology
[dna] fire wrote 58 bytes to ecology
[dna] fire wrote 44 bytes to ecology
[dna] fire wrote 29 bytes to ecology
[dna] fire wrote 28 bytes to ecology
[dna] fire wrote 75 bytes to ecology
[dna] fire wrote 36 bytes to ecology
[dna] fire wrote 251 bytes to ecology
[dna] fire wrote 193 bytes to ecology
[dna] fire wrote 47 bytes to ecology
[dna] fire wrote 33 bytes to ecology
[dna] fire wrote 107 bytes to ecology
[debug-onto] tick=550 corpus=129168 stage=2 freeze=0
[dna] fire wrote 58 bytes to ecology
[dna] fire wrote 121 bytes to ecology
[dna] fire wrote 57 bytes to ecology
[dna] fire wrote 98 bytes to ecology
[dna] fire wrote 37 bytes to ecology
[dna] fire wrote 156 bytes to ecology
[dna] fire wrote 16 bytes to ecology
[dna] fire wrote 73 bytes to ecology
[dna] fire wrote 42 bytes to ecology
[dna] fire wrote 105 bytes to ecology
[dna] fire wrote 39 bytes to ecology
[dna] fire wrote 72 bytes to ecology
[dna] fire wrote 28 bytes to ecology
[dna] fire wrote 18 bytes to ecology
[dna] fire wrote 35 bytes to ecology
[dna] fire wrote 21 bytes to ecology
[debug-onto] tick=600 corpus=129168 stage=2 freeze=0
[dna] fire wrote 74 bytes to ecology
[dna] fire wrote 26 bytes to ecology
[dna] fire wrote 89 bytes to ecology
[dna] fire wrote 18 bytes to ecology
[dna] fire wrote 41 bytes to ecology
[dna] fire wrote 44 bytes to ecology
[dna] fire wrote 35 bytes to ecology
[dna] fire wrote 71 bytes to ecology
[dna] fire wrote 121 bytes to ecology
[dna] fire wrote 57 bytes to ecology
[dna] fire wrote 70 bytes to ecology
[dna] fire wrote 47 bytes to ecology
[dna] fire wrote 17 bytes to ecology
[dna] fire wrote 158 bytes to ecology
[dna] fire wrote 77 bytes to ecology
[dna] fire wrote 9 bytes to ecology
[dna] fire wrote 34 bytes to ecology
[dna] fire wrote 48 bytes to ecology
[dna] fire wrote 140 bytes to ecology
[debug-onto] tick=650 corpus=129168 stage=2 freeze=0
[dna] fire wrote 173 bytes to ecology
[dna] fire wrote 20 bytes to ecology
[dna] fire wrote 62 bytes to ecology
[dna] fire wrote 32 bytes to ecology
[dna] fire wrote 41 bytes to ecology
[dna] fire wrote 32 bytes to ecology
[dna] fire wrote 56 bytes to ecology
[dna] fire wrote 42 bytes to ecology
[dna] fire wrote 47 bytes to ecology
[dna] fire wrote 14 bytes to ecology
[dna] fire wrote 91 bytes to ecology
[dna] fire wrote 41 bytes to ecology
[dna] fire wrote 21 bytes to ecology
[dna] fire wrote 25 bytes to ecology
[dna] fire wrote 35 bytes to ecology
[dna] fire wrote 10 bytes to ecology

[evolution] Organism shutting down gracefully.
