[ecology] Element: air → corpus: nonames_air.txt
[evolution] Autonomous evolution mode — organism will grow through all stages without pause.
[ecology] Joined swarm. 1 peer(s) detected.
molequla is alive. [evolution] Autonomous mode — background trainer running. Ctrl+C to stop.
[dna] air wrote 38 bytes to ecology
[dna] air consumed 23880 bytes from 304 files: [earth/gen_1777877138_1.txt earth/gen_1777877146_4.txt earth/gen_1777877153_7.txt earth/gen_1777877161_10.txt earth/gen_1777877168_13.txt earth/gen_1777877176_16.txt earth/gen_1777877183_19.txt earth/gen_1777877188_21.txt earth/gen_1777877191_22.txt earth/gen_1777877198_25.txt earth/gen_1777877205_28.txt earth/gen_1777877213_31.txt earth/gen_1777877227_37.txt earth/gen_1777877232_39.txt earth/gen_1777877235_40.txt earth/gen_1777877242_43.txt earth/gen_1777877247_45.txt earth/gen_1777877249_46.txt earth/gen_1777877257_49.txt earth/gen_1777877262_51.txt earth/gen_1777877264_52.txt earth/gen_1777877271_55.txt earth/gen_1777877276_57.txt earth/gen_1777877279_58.txt earth/gen_1777877281_59.txt earth/gen_1777877293_64.txt earth/gen_1777877296_65.txt earth/gen_1777877301_67.txt earth/gen_1777877308_70.txt earth/gen_1777877315_73.txt earth/gen_1777877320_75.txt earth/gen_1777877323_76.txt earth/gen_1777877330_79.txt earth/gen_1777877338_82.txt earth/gen_1777877345_85.txt earth/gen_1777877353_88.txt earth/gen_1777877360_91.txt earth/gen_1777877365_93.txt earth/gen_1777877368_94.txt earth/gen_1777877375_97.txt earth/gen_1777877380_99.txt earth/gen_1777877383_100.txt earth/gen_1777877390_103.txt earth/gen_1777877395_105.txt earth/gen_1777877398_106.txt earth/gen_1777877405_109.txt earth/gen_1777877413_112.txt earth/gen_1777877415_113.txt earth/gen_1777877420_115.txt earth/gen_1777877435_121.txt earth/gen_1777877442_124.txt earth/gen_1777877449_127.txt earth/gen_1777877457_130.txt earth/gen_1777877464_133.txt earth/gen_1777877469_135.txt earth/gen_1777877472_136.txt earth/gen_1777877479_139.txt earth/gen_1777877487_142.txt earth/gen_1777877494_145.txt earth/gen_1777877499_147.txt earth/gen_1777877502_148.txt earth/gen_1777877504_149.txt earth/gen_1777877510_151.txt earth/gen_1777877517_154.txt earth/gen_1777877525_157.txt earth/gen_1777877532_160.txt earth/gen_1777877540_163.txt earth/gen_1777877547_166.txt earth/gen_1777877550_167.txt earth/gen_1777877555_169.txt earth/gen_1777877562_172.txt earth/gen_1777877570_175.txt earth/gen_1777877577_178.txt earth/gen_1777877580_179.txt earth/gen_1777877585_181.txt earth/gen_1777877592_184.txt earth/gen_1777877600_187.txt earth/gen_1777877607_190.txt earth/gen_1777877614_193.txt earth/gen_1777877622_196.txt earth/gen_1777877629_199.txt earth/gen_1777877637_202.txt earth/gen_1777877644_205.txt earth/gen_1777877651_208.txt earth/gen_1777877659_211.txt earth/gen_1777877666_214.txt earth/gen_1777877674_217.txt earth/gen_1777877681_220.txt earth/gen_1777877689_223.txt earth/gen_1777877696_226.txt earth/gen_1777877704_229.txt earth/gen_1777877711_232.txt earth/gen_1777877714_233.txt earth/gen_1777877719_235.txt earth/gen_1777877726_238.txt earth/gen_1777877734_241.txt earth/gen_1777877741_244.txt earth/gen_1777877748_247.txt earth/gen_1777877756_250.txt earth/gen_1777877758_251.txt earth/gen_1777877763_253.txt earth/gen_1777877771_256.txt earth/gen_1777877778_259.txt earth/gen_1777877786_262.txt earth/gen_1777877793_265.txt earth/gen_1777877801_268.txt earth/gen_1777877808_271.txt earth/gen_1777877813_273.txt earth/gen_1777877816_274.txt earth/gen_1777877818_275.txt earth/gen_1777877824_277.txt earth/gen_1777877828_279.txt earth/gen_1777877831_280.txt earth/gen_1777877833_281.txt earth/gen_1777877839_283.txt earth/gen_1777877843_285.txt earth/gen_1777877846_286.txt earth/gen_1777877853_289.txt earth/gen_1777877861_292.txt earth/gen_1777877868_295.txt earth/gen_1777877876_298.txt earth/gen_1777877883_301.txt earth/gen_1777877890_304.txt earth/gen_1777877898_307.txt earth/gen_1777877905_310.txt earth/gen_1777877912_313.txt earth/gen_1777877920_316.txt earth/gen_1777877927_319.txt earth/gen_1777877932_321.txt earth/gen_1777877935_322.txt earth/gen_1777877942_325.txt earth/gen_1777877949_328.txt earth/gen_1777877957_331.txt earth/gen_1777877964_334.txt earth/gen_1777877972_337.txt earth/gen_1777877987_343.txt earth/gen_1777877994_346.txt earth/gen_1777878001_349.txt earth/gen_1777878006_351.txt earth/gen_1777878009_352.txt earth/gen_1777878016_355.txt earth/gen_1777878021_357.txt earth/gen_1777878024_358.txt earth/gen_1777878031_361.txt earth/gen_1777878036_363.txt earth/gen_1777878039_364.txt earth/gen_1777878046_367.txt earth/gen_1777878054_370.txt earth/gen_1777878061_373.txt earth/gen_1777878068_376.txt earth/gen_1777878076_379.txt earth/gen_1777878083_382.txt earth/gen_1777878086_383.txt earth/gen_1777878091_385.txt earth/gen_1777878098_388.txt earth/gen_1777878106_391.txt earth/gen_1777878113_394.txt earth/gen_1777878116_395.txt earth/gen_1777878121_397.txt earth/gen_1777878126_399.txt earth/gen_1777878128_400.txt earth/gen_1777878131_401.txt earth/gen_1777878136_403.txt earth/gen_1777878143_406.txt earth/gen_1777878145_407.txt earth/gen_1777878150_409.txt earth/gen_1777878158_412.txt earth/gen_1777878160_413.txt earth/gen_1777878165_415.txt earth/gen_1777878173_418.txt earth/gen_1777878180_421.txt earth/gen_1777878188_424.txt earth/gen_1777878190_425.txt earth/gen_1777878195_427.txt earth/gen_1777878203_430.txt earth/gen_1777878205_431.txt earth/gen_1777878210_433.txt earth/gen_1777878215_435.txt earth/gen_1777878218_436.txt earth/gen_1777878225_439.txt earth/gen_1777878232_442.txt earth/gen_1777878240_445.txt earth/gen_1777878245_447.txt earth/gen_1777878247_448.txt earth/gen_1777878250_449.txt earth/gen_1777878255_451.txt earth/gen_1777878262_454.txt earth/gen_1777878270_457.txt earth/gen_1777878275_459.txt earth/gen_1777878277_460.txt earth/gen_1777878280_461.txt earth/gen_1777878285_463.txt earth/gen_1777878290_465.txt earth/gen_1777878292_466.txt earth/gen_1777878295_467.txt earth/gen_1777878300_469.txt earth/gen_1777878305_471.txt earth/gen_1777878307_472.txt earth/gen_1777878315_475.txt earth/gen_1777878320_477.txt earth/gen_1777878322_478.txt earth/gen_1777878329_481.txt earth/gen_1777878334_483.txt earth/gen_1777878337_484.txt earth/gen_1777878339_485.txt earth/gen_1777878344_487.txt earth/gen_1777878352_490.txt earth/gen_1777878354_491.txt earth/gen_1777878359_493.txt earth/gen_1777878367_496.txt earth/gen_1777878374_499.txt earth/gen_1777878382_502.txt earth/gen_1777878384_503.txt earth/gen_1777878389_505.txt earth/gen_1777878397_508.txt earth/gen_1777878399_509.txt earth/gen_1777878404_511.txt earth/gen_1777878412_514.txt earth/gen_1777878419_517.txt earth/gen_1777878427_520.txt earth/gen_1777878434_523.txt earth/gen_1777878442_526.txt earth/gen_1777878450_529.txt earth/gen_1777878457_532.txt earth/gen_1777878460_533.txt earth/gen_1777878465_535.txt earth/gen_1777878470_537.txt earth/gen_1777878472_538.txt earth/gen_1777878480_541.txt earth/gen_1777878487_544.txt earth/gen_1777878495_547.txt earth/gen_1777878502_550.txt earth/gen_1777878510_553.txt earth/gen_1777878517_556.txt earth/gen_1777878525_559.txt earth/gen_1777878532_562.txt earth/gen_1777878535_563.txt earth/gen_1777878540_565.txt earth/gen_1777878545_567.txt earth/gen_1777878547_568.txt earth/gen_1777878554_571.txt earth/gen_1777878562_574.txt earth/gen_1777878569_577.txt earth/gen_1777878574_579.txt earth/gen_1777878577_580.txt earth/gen_1777878584_583.txt earth/gen_1777878592_586.txt earth/gen_1777878599_589.txt earth/gen_1777878604_591.txt earth/gen_1777878606_592.txt earth/gen_1777878614_595.txt earth/gen_1777878621_598.txt earth/gen_1777878629_601.txt earth/gen_1777878636_604.txt earth/gen_1777878644_607.txt earth/gen_1777878649_609.txt earth/gen_1777878651_610.txt earth/gen_1777878659_613.txt earth/gen_1777878666_616.txt earth/gen_1777878674_619.txt earth/gen_1777878679_621.txt earth/gen_1777878681_622.txt earth/gen_1777878684_623.txt earth/gen_1777878689_625.txt earth/gen_1777878703_631.txt earth/gen_1777878711_634.txt earth/gen_1777878718_637.txt earth/gen_1777878723_639.txt earth/gen_1777878726_640.txt earth/gen_1777878733_643.txt earth/gen_1777878741_646.txt earth/gen_1777878748_649.txt earth/gen_1777878756_652.txt earth/gen_1777878763_655.txt earth/gen_1777878770_658.txt earth/gen_1777878773_659.txt earth/gen_1777878778_661.txt earth/gen_1777878783_663.txt earth/gen_1777878785_664.txt earth/gen_1777878793_667.txt earth/gen_1777878797_669.txt earth/gen_1777878800_670.txt earth/gen_1777878807_673.txt earth/gen_1777878815_676.txt earth/gen_1777878822_679.txt earth/gen_1777878827_681.txt earth/gen_1777878829_682.txt earth/gen_1777878837_685.txt earth/gen_1777878844_688.txt earth/gen_1777878852_691.txt earth/gen_1777878859_694.txt earth/gen_1777878862_695.txt earth/gen_1777878867_697.txt earth/gen_1777878872_699.txt earth/gen_1777878874_700.txt earth/gen_1777878877_701.txt earth/gen_1777878882_703.txt earth/gen_1777878887_705.txt earth/gen_1777878889_706.txt earth/gen_1777878891_707.txt earth/gen_1777878896_709.txt earth/gen_1777878901_711.txt earth/gen_1777878904_712.txt earth/gen_1777878906_713.txt]
[trainer] micro-train burst (23880 bytes, novelty 0.03) — and lo, it feeds again.
[syntropy] action=explore | trend=0.0000 | field_dev=-0.049 | purpose_align=0.202 | lr_mul=1.30
[aml] burst complete: 32 steps, avg loss 2.3383 (memory freed)
[dna] air wrote 163 bytes to ecology
[dna] air wrote 65 bytes to ecology
[dna] air wrote 149 bytes to ecology
[dna] air wrote 121 bytes to ecology
[dna] air wrote 47 bytes to ecology
[dna] air wrote 31 bytes to ecology
[dna] air wrote 41 bytes to ecology
[dna] air wrote 10 bytes to ecology
[dna] air wrote 180 bytes to ecology
[dna] air wrote 71 bytes to ecology
[dna] air wrote 17 bytes to ecology
[dna] air wrote 130 bytes to ecology
[dna] air wrote 42 bytes to ecology
[dna] air wrote 9 bytes to ecology
[dna] air wrote 66 bytes to ecology
[dna] air wrote 39 bytes to ecology
[dna] air wrote 69 bytes to ecology
[dna] air wrote 45 bytes to ecology
[dna] air wrote 37 bytes to ecology
[dna] air wrote 39 bytes to ecology
[debug-onto] tick=50 corpus=146500 stage=2 freeze=0
[dna] air wrote 68 bytes to ecology
[dna] air wrote 46 bytes to ecology
[dna] air wrote 55 bytes to ecology
[dna] air wrote 69 bytes to ecology
[dna] air wrote 193 bytes to ecology
[dna] air wrote 146 bytes to ecology
[dna] air wrote 101 bytes to ecology
[dna] air wrote 41 bytes to ecology
[dna] air wrote 49 bytes to ecology
[dna] air wrote 50 bytes to ecology
[dna] air wrote 118 bytes to ecology
[dna] air wrote 61 bytes to ecology
[dna] air wrote 45 bytes to ecology
[dna] air wrote 72 bytes to ecology
[dna] air wrote 43 bytes to ecology
[dna] air wrote 74 bytes to ecology
[dna] air wrote 21 bytes to ecology
[dna] air wrote 114 bytes to ecology
[dna] air wrote 17 bytes to ecology
[dna] air wrote 25 bytes to ecology
[dna] air wrote 74 bytes to ecology
[dna] air wrote 10 bytes to ecology
[dna] air wrote 88 bytes to ecology
[debug-onto] tick=100 corpus=146500 stage=2 freeze=0
[dna] air wrote 75 bytes to ecology
[dna] air wrote 9 bytes to ecology
[dna] air wrote 28 bytes to ecology
[dna] air wrote 54 bytes to ecology
[dna] air wrote 47 bytes to ecology
[dna] air wrote 67 bytes to ecology
[dna] air wrote 62 bytes to ecology
[dna] air wrote 37 bytes to ecology
[dna] air wrote 70 bytes to ecology
[dna] air wrote 34 bytes to ecology
[dna] air wrote 26 bytes to ecology
[dna] air wrote 86 bytes to ecology
[dna] air wrote 71 bytes to ecology
[dna] air wrote 44 bytes to ecology
[dna] air wrote 232 bytes to ecology
[dna] air wrote 33 bytes to ecology
[dna] air wrote 86 bytes to ecology
[dna] air wrote 120 bytes to ecology
[dna] air wrote 40 bytes to ecology
[dna] air wrote 42 bytes to ecology
[debug-onto] tick=150 corpus=146500 stage=2 freeze=0
[dna] air wrote 36 bytes to ecology
[dna] air wrote 32 bytes to ecology
[dna] air wrote 34 bytes to ecology
[dna] air wrote 11 bytes to ecology
[dna] air wrote 43 bytes to ecology
[dna] air wrote 93 bytes to ecology
[dna] air wrote 22 bytes to ecology
[dna] air wrote 129 bytes to ecology
[dna] air wrote 23 bytes to ecology
[dna] air wrote 72 bytes to ecology
[dna] air wrote 35 bytes to ecology
[dna] air wrote 58 bytes to ecology
[dna] air wrote 9 bytes to ecology
[dna] air wrote 63 bytes to ecology
[dna] air wrote 11 bytes to ecology
[dna] air wrote 77 bytes to ecology
[dna] air wrote 59 bytes to ecology
[dna] air wrote 35 bytes to ecology
[dna] air wrote 94 bytes to ecology
[dna] air wrote 40 bytes to ecology
[dna] air wrote 53 bytes to ecology
[dna] air wrote 14 bytes to ecology
[dna] air wrote 16 bytes to ecology
[debug-onto] tick=200 corpus=146500 stage=2 freeze=0
[dna] air wrote 9 bytes to ecology
[dna] air wrote 88 bytes to ecology
[dna] air wrote 166 bytes to ecology
[dna] air wrote 60 bytes to ecology
[dna] air wrote 49 bytes to ecology
[dna] air wrote 37 bytes to ecology
[dna] air wrote 28 bytes to ecology
[dna] air wrote 53 bytes to ecology
[dna] air wrote 29 bytes to ecology
[dna] air wrote 50 bytes to ecology
[dna] air wrote 150 bytes to ecology
[dna] air wrote 23 bytes to ecology
[dna] air wrote 72 bytes to ecology
[dna] air wrote 19 bytes to ecology
[dna] air wrote 76 bytes to ecology
[dna] air wrote 37 bytes to ecology
[dna] air wrote 56 bytes to ecology
[dna] air wrote 38 bytes to ecology
[dna] air wrote 93 bytes to ecology
[dna] air wrote 76 bytes to ecology
[dna] air wrote 70 bytes to ecology
[debug-onto] tick=250 corpus=146500 stage=2 freeze=0
[dna] air wrote 50 bytes to ecology
[dna] air wrote 38 bytes to ecology
[dna] air wrote 129 bytes to ecology
[dna] air wrote 90 bytes to ecology
[dna] air wrote 122 bytes to ecology
[dna] air wrote 148 bytes to ecology
[dna] air wrote 126 bytes to ecology
[dna] air wrote 43 bytes to ecology
[dna] air wrote 125 bytes to ecology
[dna] air wrote 78 bytes to ecology
[dna] air wrote 30 bytes to ecology
[dna] air wrote 101 bytes to ecology
[dna] air wrote 126 bytes to ecology
[dna] air wrote 17 bytes to ecology
[dna] air wrote 76 bytes to ecology
[dna] air wrote 72 bytes to ecology
[dna] air wrote 19 bytes to ecology
[dna] air wrote 87 bytes to ecology
[dna] air wrote 23 bytes to ecology
[dna] air wrote 26 bytes to ecology
[dna] air wrote 71 bytes to ecology
[dna] air wrote 59 bytes to ecology
[dna] air wrote 5 bytes to ecology
[dna] air wrote 35 bytes to ecology
[debug-onto] tick=300 corpus=146500 stage=2 freeze=0
[dna] air wrote 55 bytes to ecology
[dna] air wrote 80 bytes to ecology
[dna] air wrote 31 bytes to ecology
[dna] air wrote 59 bytes to ecology
[dna] air wrote 28 bytes to ecology
[dna] air wrote 33 bytes to ecology
[dna] air wrote 153 bytes to ecology
[dna] air wrote 73 bytes to ecology
[dna] air wrote 22 bytes to ecology
[dna] air wrote 53 bytes to ecology
[dna] air wrote 100 bytes to ecology
[dna] air wrote 22 bytes to ecology
[dna] air wrote 51 bytes to ecology
[dna] air wrote 34 bytes to ecology
[dna] air wrote 20 bytes to ecology
[dna] air wrote 30 bytes to ecology
[dna] air wrote 124 bytes to ecology
[dna] air wrote 22 bytes to ecology
[dna] air wrote 104 bytes to ecology
[dna] air wrote 45 bytes to ecology
[dna] air wrote 25 bytes to ecology
[dna] air wrote 95 bytes to ecology
[dna] air wrote 81 bytes to ecology
[dna] air wrote 25 bytes to ecology
[debug-onto] tick=350 corpus=146500 stage=2 freeze=0
[dna] air wrote 93 bytes to ecology
[dna] air wrote 80 bytes to ecology
[dna] air wrote 108 bytes to ecology
[dna] air wrote 69 bytes to ecology
[dna] air wrote 9 bytes to ecology
[dna] air wrote 43 bytes to ecology
[dna] air wrote 234 bytes to ecology
[dna] air wrote 9 bytes to ecology
[dna] air wrote 55 bytes to ecology
[dna] air wrote 67 bytes to ecology
[dna] air wrote 40 bytes to ecology
[dna] air wrote 138 bytes to ecology
[dna] air wrote 140 bytes to ecology
[dna] air wrote 73 bytes to ecology
[dna] air wrote 73 bytes to ecology
[dna] air wrote 37 bytes to ecology
[dna] air wrote 44 bytes to ecology
[dna] air wrote 35 bytes to ecology
[dna] air wrote 10 bytes to ecology
[dna] air wrote 62 bytes to ecology
[debug-onto] tick=400 corpus=146500 stage=2 freeze=0
[dna] air wrote 47 bytes to ecology
[dna] air wrote 33 bytes to ecology
[dna] air wrote 84 bytes to ecology
[dna] air wrote 65 bytes to ecology
[dna] air wrote 66 bytes to ecology
[dna] air wrote 170 bytes to ecology
[dna] air wrote 29 bytes to ecology
[dna] air wrote 47 bytes to ecology
[dna] air wrote 46 bytes to ecology
[dna] air wrote 113 bytes to ecology
[dna] air wrote 65 bytes to ecology
[dna] air wrote 70 bytes to ecology
[dna] air wrote 261 bytes to ecology
[dna] air wrote 139 bytes to ecology
[dna] air wrote 60 bytes to ecology
[dna] air wrote 56 bytes to ecology
[dna] air wrote 51 bytes to ecology
[dna] air wrote 40 bytes to ecology
[dna] air wrote 101 bytes to ecology
[debug-onto] tick=450 corpus=146500 stage=2 freeze=0
[dna] air wrote 141 bytes to ecology
[dna] air wrote 22 bytes to ecology
[dna] air wrote 43 bytes to ecology
[dna] air wrote 44 bytes to ecology
[dna] air wrote 23 bytes to ecology
[dna] air wrote 9 bytes to ecology
[dna] air wrote 58 bytes to ecology
[dna] air wrote 68 bytes to ecology
[dna] air wrote 57 bytes to ecology
[dna] air wrote 65 bytes to ecology
[dna] air wrote 23 bytes to ecology
[dna] air wrote 31 bytes to ecology
[dna] air wrote 70 bytes to ecology
[dna] air wrote 32 bytes to ecology
[dna] air wrote 12 bytes to ecology
[dna] air wrote 74 bytes to ecology
[dna] air wrote 22 bytes to ecology
[dna] air wrote 109 bytes to ecology
[dna] air wrote 159 bytes to ecology
[dna] air wrote 86 bytes to ecology
[dna] air wrote 60 bytes to ecology
[dna] air wrote 53 bytes to ecology
[debug-onto] tick=500 corpus=146500 stage=2 freeze=0
[dna] air wrote 48 bytes to ecology
[dna] air wrote 81 bytes to ecology
[dna] air wrote 229 bytes to ecology
[dna] air wrote 121 bytes to ecology
[dna] air wrote 73 bytes to ecology
[dna] air wrote 17 bytes to ecology
[dna] air wrote 152 bytes to ecology
[dna] air wrote 93 bytes to ecology
[dna] air wrote 20 bytes to ecology
[dna] air wrote 80 bytes to ecology
[dna] air wrote 95 bytes to ecology
[dna] air wrote 42 bytes to ecology
[dna] air wrote 187 bytes to ecology
[dna] air wrote 115 bytes to ecology
[dna] air wrote 57 bytes to ecology
[dna] air wrote 47 bytes to ecology
[dna] air wrote 9 bytes to ecology
[dna] air wrote 60 bytes to ecology
[dna] air wrote 141 bytes to ecology
[dna] air wrote 68 bytes to ecology
[dna] air wrote 37 bytes to ecology
[dna] air wrote 42 bytes to ecology
[dna] air wrote 177 bytes to ecology
[debug-onto] tick=550 corpus=146500 stage=2 freeze=0
[dna] air wrote 60 bytes to ecology
[dna] air wrote 112 bytes to ecology
[dna] air wrote 52 bytes to ecology
[dna] air wrote 37 bytes to ecology
[dna] air wrote 183 bytes to ecology
[dna] air wrote 94 bytes to ecology
[dna] air wrote 114 bytes to ecology
[dna] air wrote 11 bytes to ecology
[dna] air wrote 124 bytes to ecology
[dna] air wrote 36 bytes to ecology
[dna] air wrote 73 bytes to ecology
[dna] air wrote 37 bytes to ecology
[dna] air wrote 58 bytes to ecology
[dna] air wrote 44 bytes to ecology
[dna] air wrote 10 bytes to ecology
[dna] air wrote 49 bytes to ecology
[dna] air wrote 28 bytes to ecology
[dna] air wrote 27 bytes to ecology
[dna] air wrote 30 bytes to ecology
[dna] air wrote 83 bytes to ecology
[dna] air wrote 9 bytes to ecology
[dna] air wrote 43 bytes to ecology
[debug-onto] tick=600 corpus=146500 stage=2 freeze=0
[dna] air wrote 43 bytes to ecology
[dna] air wrote 51 bytes to ecology
[dna] air wrote 23 bytes to ecology
[dna] air wrote 72 bytes to ecology
[dna] air wrote 54 bytes to ecology
[dna] air wrote 36 bytes to ecology
[dna] air wrote 32 bytes to ecology
[dna] air wrote 25 bytes to ecology
[dna] air wrote 58 bytes to ecology
[dna] air wrote 44 bytes to ecology
[dna] air wrote 54 bytes to ecology
[dna] air wrote 74 bytes to ecology
[dna] air wrote 127 bytes to ecology
[dna] air wrote 15 bytes to ecology
[dna] air wrote 42 bytes to ecology
[dna] air wrote 11 bytes to ecology
[dna] air wrote 29 bytes to ecology
[dna] air wrote 46 bytes to ecology
[dna] air wrote 59 bytes to ecology
[dna] air wrote 9 bytes to ecology
[dna] air wrote 105 bytes to ecology
[dna] air wrote 13 bytes to ecology
[dna] air wrote 19 bytes to ecology
[dna] air wrote 97 bytes to ecology
[dna] air wrote 83 bytes to ecology
[dna] air wrote 121 bytes to ecology
[debug-onto] tick=650 corpus=146500 stage=2 freeze=0
[dna] air wrote 67 bytes to ecology
[dna] air wrote 20 bytes to ecology
[dna] air wrote 55 bytes to ecology
[dna] air wrote 66 bytes to ecology
[dna] air wrote 22 bytes to ecology
[dna] air wrote 160 bytes to ecology
[dna] air wrote 28 bytes to ecology
[dna] air wrote 50 bytes to ecology
[dna] air wrote 29 bytes to ecology
[dna] air wrote 56 bytes to ecology
[dna] air wrote 190 bytes to ecology
[dna] air wrote 91 bytes to ecology
[dna] air wrote 9 bytes to ecology
[dna] air wrote 36 bytes to ecology

[evolution] Organism shutting down gracefully.
