[ecology] Element: fire → corpus: nonames_fire.txt
[evolution] Autonomous evolution mode — organism will grow through all stages without pause.
[ecology] Joined swarm. 1 peer(s) detected.
molequla is alive. [evolution] Autonomous mode — background trainer running. Ctrl+C to stop.
[dna] fire wrote 153 bytes to ecology
[dna] fire consumed 14348 bytes from 218 files: [water/gen_1777880712_1.txt water/gen_1777880728_4.txt water/gen_1777880736_7.txt water/gen_1777880744_10.txt water/gen_1777880752_13.txt water/gen_1777880760_16.txt water/gen_1777880769_19.txt water/gen_1777880777_22.txt water/gen_1777880785_25.txt water/gen_1777880793_28.txt water/gen_1777880801_31.txt water/gen_1777880809_34.txt water/gen_1777880817_37.txt water/gen_1777880825_40.txt water/gen_1777880833_43.txt water/gen_1777880842_46.txt water/gen_1777880850_49.txt water/gen_1777880858_52.txt water/gen_1777880867_55.txt water/gen_1777880875_58.txt water/gen_1777880883_61.txt water/gen_1777880891_64.txt water/gen_1777880900_67.txt water/gen_1777880908_70.txt water/gen_1777880916_73.txt water/gen_1777880924_76.txt water/gen_1777880933_79.txt water/gen_1777880941_82.txt water/gen_1777880949_85.txt water/gen_1777880966_91.txt water/gen_1777880974_94.txt water/gen_1777880982_97.txt water/gen_1777880991_100.txt water/gen_1777880999_103.txt water/gen_1777881007_106.txt water/gen_1777881015_109.txt water/gen_1777881024_112.txt water/gen_1777881032_115.txt water/gen_1777881040_118.txt water/gen_1777881049_121.txt water/gen_1777881057_124.txt water/gen_1777881065_127.txt water/gen_1777881073_130.txt water/gen_1777881082_133.txt water/gen_1777881090_136.txt water/gen_1777881098_139.txt water/gen_1777881106_142.txt water/gen_1777881114_145.txt water/gen_1777881122_148.txt water/gen_1777881131_151.txt water/gen_1777881139_154.txt water/gen_1777881147_157.txt water/gen_1777881155_160.txt water/gen_1777881164_163.txt water/gen_1777881172_166.txt water/gen_1777881180_169.txt water/gen_1777881188_172.txt water/gen_1777881196_175.txt water/gen_1777881205_178.txt water/gen_1777881213_181.txt water/gen_1777881221_184.txt water/gen_1777881229_187.txt water/gen_1777881237_190.txt water/gen_1777881245_193.txt water/gen_1777881254_196.txt water/gen_1777881262_199.txt water/gen_1777881270_202.txt water/gen_1777881279_205.txt water/gen_1777881287_208.txt water/gen_1777881295_211.txt water/gen_1777881304_214.txt water/gen_1777881312_217.txt water/gen_1777881320_220.txt water/gen_1777881328_223.txt water/gen_1777881336_226.txt water/gen_1777881344_229.txt water/gen_1777881352_232.txt water/gen_1777881361_235.txt water/gen_1777881369_238.txt water/gen_1777881377_241.txt water/gen_1777881385_244.txt water/gen_1777881393_247.txt water/gen_1777881401_250.txt water/gen_1777881409_253.txt water/gen_1777881418_256.txt water/gen_1777881426_259.txt water/gen_1777881434_262.txt water/gen_1777881442_265.txt water/gen_1777881450_268.txt water/gen_1777881458_271.txt water/gen_1777881466_274.txt water/gen_1777881475_277.txt water/gen_1777881483_280.txt water/gen_1777881491_283.txt water/gen_1777881499_286.txt water/gen_1777881507_289.txt water/gen_1777881515_292.txt water/gen_1777881524_295.txt water/gen_1777881532_298.txt water/gen_1777881540_301.txt water/gen_1777881548_304.txt water/gen_1777881556_307.txt water/gen_1777881564_310.txt water/gen_1777881572_313.txt water/gen_1777881580_316.txt water/gen_1777881588_319.txt water/gen_1777881596_322.txt water/gen_1777881604_325.txt water/gen_1777881612_328.txt water/gen_1777881620_331.txt water/gen_1777881628_334.txt water/gen_1777881637_337.txt water/gen_1777881645_340.txt water/gen_1777881653_343.txt water/gen_1777881661_346.txt water/gen_1777881669_349.txt water/gen_1777881677_352.txt water/gen_1777881685_355.txt water/gen_1777881694_358.txt water/gen_1777881702_361.txt water/gen_1777881710_364.txt water/gen_1777881718_367.txt water/gen_1777881726_370.txt water/gen_1777881734_373.txt water/gen_1777881743_376.txt water/gen_1777881751_379.txt water/gen_1777881759_382.txt water/gen_1777881767_385.txt water/gen_1777881775_388.txt water/gen_1777881784_391.txt water/gen_1777881792_394.txt water/gen_1777881800_397.txt water/gen_1777881809_400.txt water/gen_1777881817_403.txt water/gen_1777881825_406.txt water/gen_1777881833_409.txt water/gen_1777881842_412.txt water/gen_1777881850_415.txt water/gen_1777881858_418.txt water/gen_1777881866_421.txt water/gen_1777881875_424.txt water/gen_1777881883_427.txt water/gen_1777881891_430.txt water/gen_1777881900_433.txt water/gen_1777881908_436.txt water/gen_1777881916_439.txt water/gen_1777881924_442.txt water/gen_1777881933_445.txt water/gen_1777881941_448.txt water/gen_1777881949_451.txt water/gen_1777881957_454.txt water/gen_1777881966_457.txt water/gen_1777881974_460.txt water/gen_1777881982_463.txt water/gen_1777881990_466.txt water/gen_1777881998_469.txt water/gen_1777882006_472.txt water/gen_1777882015_475.txt water/gen_1777882023_478.txt water/gen_1777882031_481.txt water/gen_1777882039_484.txt water/gen_1777882047_487.txt water/gen_1777882056_490.txt water/gen_1777882064_493.txt water/gen_1777882072_496.txt water/gen_1777882080_499.txt water/gen_1777882088_502.txt water/gen_1777882097_505.txt water/gen_1777882105_508.txt water/gen_1777882113_511.txt water/gen_1777882121_514.txt water/gen_1777882130_517.txt water/gen_1777882138_520.txt water/gen_1777882146_523.txt water/gen_1777882154_526.txt water/gen_1777882163_529.txt water/gen_1777882171_532.txt water/gen_1777882179_535.txt water/gen_1777882187_538.txt water/gen_1777882196_541.txt water/gen_1777882204_544.txt water/gen_1777882212_547.txt water/gen_1777882220_550.txt water/gen_1777882229_553.txt water/gen_1777882237_556.txt water/gen_1777882245_559.txt water/gen_1777882253_562.txt water/gen_1777882261_565.txt water/gen_1777882269_568.txt water/gen_1777882277_571.txt water/gen_1777882285_574.txt water/gen_1777882294_577.txt water/gen_1777882302_580.txt water/gen_1777882310_583.txt water/gen_1777882318_586.txt water/gen_1777882326_589.txt water/gen_1777882334_592.txt water/gen_1777882342_595.txt water/gen_1777882350_598.txt water/gen_1777882358_601.txt water/gen_1777882366_604.txt water/gen_1777882374_607.txt water/gen_1777882382_610.txt water/gen_1777882390_613.txt water/gen_1777882398_616.txt water/gen_1777882406_619.txt water/gen_1777882415_622.txt water/gen_1777882423_625.txt water/gen_1777882431_628.txt water/gen_1777882439_631.txt water/gen_1777882447_634.txt water/gen_1777882456_637.txt water/gen_1777882464_640.txt water/gen_1777882472_643.txt water/gen_1777882480_646.txt water/gen_1777882488_649.txt water/gen_1777882496_652.txt water/gen_1777882505_655.txt]
[trainer] micro-train burst (14348 bytes, novelty 0.04) — and lo, it feeds again.
[syntropy] action=explore | trend=0.0000 | field_dev=-0.003 | purpose_align=0.183 | lr_mul=1.30
[aml] burst complete: 32 steps, avg loss 1.5134 (memory freed)
[dna] fire wrote 72 bytes to ecology
[dna] fire wrote 71 bytes to ecology
[dna] fire wrote 48 bytes to ecology
[dna] fire wrote 32 bytes to ecology
[dna] fire wrote 61 bytes to ecology
[dna] fire wrote 107 bytes to ecology
[dna] fire wrote 123 bytes to ecology
[dna] fire wrote 111 bytes to ecology
[dna] fire wrote 58 bytes to ecology
[dna] fire wrote 50 bytes to ecology
[dna] fire wrote 44 bytes to ecology
[dna] fire wrote 112 bytes to ecology
[dna] fire wrote 52 bytes to ecology
[dna] fire wrote 88 bytes to ecology
[dna] fire wrote 103 bytes to ecology
[dna] fire wrote 25 bytes to ecology
[dna] fire wrote 76 bytes to ecology
[dna] fire wrote 102 bytes to ecology
[dna] fire wrote 101 bytes to ecology
[dna] fire wrote 41 bytes to ecology
[dna] fire wrote 116 bytes to ecology
[dna] fire wrote 19 bytes to ecology
[dna] fire wrote 105 bytes to ecology
[dna] fire wrote 58 bytes to ecology
[debug-onto] tick=50 corpus=136466 stage=2 freeze=0
[dna] fire wrote 72 bytes to ecology
[dna] fire wrote 45 bytes to ecology
[dna] fire wrote 38 bytes to ecology
[dna] fire wrote 58 bytes to ecology
[dna] fire wrote 38 bytes to ecology
[dna] fire wrote 38 bytes to ecology
[dna] fire wrote 39 bytes to ecology
[dna] fire wrote 46 bytes to ecology
[dna] fire wrote 107 bytes to ecology
[dna] fire wrote 51 bytes to ecology
[dna] fire wrote 41 bytes to ecology
[dna] fire wrote 34 bytes to ecology
[dna] fire wrote 37 bytes to ecology
[dna] fire wrote 36 bytes to ecology
[dna] fire wrote 100 bytes to ecology
[dna] fire wrote 95 bytes to ecology
[dna] fire wrote 125 bytes to ecology
[dna] fire wrote 34 bytes to ecology
[dna] fire wrote 48 bytes to ecology
[dna] fire wrote 56 bytes to ecology
[dna] fire wrote 53 bytes to ecology
[dna] fire wrote 94 bytes to ecology
[dna] fire wrote 68 bytes to ecology
[dna] fire wrote 65 bytes to ecology
[debug-onto] tick=100 corpus=136466 stage=2 freeze=0
[dna] fire wrote 64 bytes to ecology
[dna] fire wrote 51 bytes to ecology
[dna] fire wrote 12 bytes to ecology
[dna] fire wrote 63 bytes to ecology
[dna] fire wrote 43 bytes to ecology
[dna] fire wrote 17 bytes to ecology
[dna] fire wrote 23 bytes to ecology
[dna] fire wrote 27 bytes to ecology
[dna] fire wrote 12 bytes to ecology
[dna] fire wrote 103 bytes to ecology
[dna] fire wrote 58 bytes to ecology
[dna] fire wrote 28 bytes to ecology
[dna] fire wrote 39 bytes to ecology
[dna] fire wrote 70 bytes to ecology
[dna] fire wrote 103 bytes to ecology
[dna] fire wrote 69 bytes to ecology
[dna] fire wrote 26 bytes to ecology
[dna] fire wrote 57 bytes to ecology
[dna] fire wrote 11 bytes to ecology
[dna] fire wrote 94 bytes to ecology
[dna] fire wrote 140 bytes to ecology
[dna] fire wrote 29 bytes to ecology
[dna] fire wrote 49 bytes to ecology
[dna] fire wrote 150 bytes to ecology
[debug-onto] tick=150 corpus=136466 stage=2 freeze=0
[dna] fire wrote 51 bytes to ecology
[dna] fire wrote 126 bytes to ecology
[dna] fire wrote 62 bytes to ecology
[dna] fire wrote 97 bytes to ecology
[dna] fire wrote 31 bytes to ecology
[dna] fire wrote 39 bytes to ecology
[dna] fire wrote 93 bytes to ecology
[dna] fire wrote 43 bytes to ecology
[dna] fire wrote 19 bytes to ecology
[dna] fire wrote 98 bytes to ecology
[dna] fire wrote 43 bytes to ecology
[dna] fire wrote 122 bytes to ecology
[dna] fire wrote 92 bytes to ecology
[dna] fire wrote 28 bytes to ecology
[dna] fire wrote 99 bytes to ecology
[dna] fire wrote 86 bytes to ecology
[dna] fire wrote 30 bytes to ecology
[dna] fire wrote 82 bytes to ecology
[dna] fire wrote 172 bytes to ecology
[dna] fire wrote 18 bytes to ecology
[dna] fire wrote 34 bytes to ecology
[dna] fire wrote 145 bytes to ecology
[dna] fire wrote 72 bytes to ecology
[dna] fire wrote 24 bytes to ecology
[dna] fire wrote 110 bytes to ecology
[dna] fire wrote 45 bytes to ecology
[dna] fire wrote 59 bytes to ecology
[debug-onto] tick=200 corpus=136466 stage=2 freeze=0
[dna] fire wrote 38 bytes to ecology
[dna] fire wrote 22 bytes to ecology
[dna] fire wrote 28 bytes to ecology
[dna] fire wrote 20 bytes to ecology
[dna] fire wrote 100 bytes to ecology
[dna] fire wrote 24 bytes to ecology
[dna] fire wrote 48 bytes to ecology
[dna] fire wrote 80 bytes to ecology
[dna] fire wrote 27 bytes to ecology
[dna] fire wrote 38 bytes to ecology
[dna] fire wrote 104 bytes to ecology
[dna] fire wrote 50 bytes to ecology
[dna] fire wrote 89 bytes to ecology
[dna] fire wrote 61 bytes to ecology
[dna] fire wrote 131 bytes to ecology
[dna] fire wrote 84 bytes to ecology
[dna] fire wrote 153 bytes to ecology
[dna] fire wrote 19 bytes to ecology
[dna] fire wrote 153 bytes to ecology
[dna] fire wrote 19 bytes to ecology
[dna] fire wrote 11 bytes to ecology
[dna] fire wrote 31 bytes to ecology
[dna] fire wrote 37 bytes to ecology
[dna] fire wrote 110 bytes to ecology
[dna] fire wrote 134 bytes to ecology
[debug-onto] tick=250 corpus=136466 stage=2 freeze=0
[dna] fire wrote 48 bytes to ecology
[dna] fire wrote 12 bytes to ecology
[dna] fire wrote 238 bytes to ecology
[dna] fire wrote 88 bytes to ecology
[dna] fire wrote 107 bytes to ecology
[dna] fire wrote 128 bytes to ecology
[dna] fire wrote 68 bytes to ecology
[dna] fire wrote 35 bytes to ecology
[dna] fire wrote 52 bytes to ecology
[dna] fire wrote 57 bytes to ecology
[dna] fire wrote 26 bytes to ecology
[dna] fire wrote 12 bytes to ecology
[dna] fire wrote 26 bytes to ecology
[dna] fire wrote 66 bytes to ecology
[dna] fire wrote 30 bytes to ecology
[dna] fire wrote 55 bytes to ecology
[dna] fire wrote 21 bytes to ecology
[dna] fire wrote 60 bytes to ecology
[dna] fire wrote 122 bytes to ecology
[dna] fire wrote 75 bytes to ecology
[dna] fire wrote 63 bytes to ecology
[dna] fire wrote 34 bytes to ecology
[debug-onto] tick=300 corpus=136466 stage=2 freeze=0
[dna] fire wrote 63 bytes to ecology
[dna] fire wrote 30 bytes to ecology
[dna] fire wrote 143 bytes to ecology
[dna] fire wrote 9 bytes to ecology
[dna] fire wrote 36 bytes to ecology
[dna] fire wrote 53 bytes to ecology
[dna] fire wrote 39 bytes to ecology
[dna] fire wrote 43 bytes to ecology
[dna] fire wrote 122 bytes to ecology
[dna] fire wrote 153 bytes to ecology
[dna] fire wrote 139 bytes to ecology
[dna] fire wrote 45 bytes to ecology
[dna] fire wrote 38 bytes to ecology
[dna] fire wrote 73 bytes to ecology
[dna] fire wrote 39 bytes to ecology
[dna] fire wrote 64 bytes to ecology
[dna] fire wrote 23 bytes to ecology
[dna] fire wrote 68 bytes to ecology
[dna] fire wrote 57 bytes to ecology
[dna] fire wrote 33 bytes to ecology
[dna] fire wrote 102 bytes to ecology
[dna] fire wrote 32 bytes to ecology
[dna] fire wrote 36 bytes to ecology
[dna] fire wrote 33 bytes to ecology
[dna] fire wrote 108 bytes to ecology
[debug-onto] tick=350 corpus=136466 stage=2 freeze=0
[dna] fire wrote 73 bytes to ecology
[dna] fire wrote 34 bytes to ecology
[dna] fire wrote 66 bytes to ecology
[dna] fire wrote 48 bytes to ecology
[dna] fire wrote 95 bytes to ecology
[dna] fire wrote 32 bytes to ecology
[dna] fire wrote 20 bytes to ecology
[dna] fire wrote 37 bytes to ecology
[dna] fire wrote 23 bytes to ecology
[dna] fire wrote 42 bytes to ecology
[dna] fire wrote 83 bytes to ecology
[dna] fire wrote 22 bytes to ecology
[dna] fire wrote 18 bytes to ecology
[dna] fire wrote 125 bytes to ecology
[dna] fire wrote 44 bytes to ecology
[dna] fire wrote 69 bytes to ecology
[dna] fire wrote 67 bytes to ecology
[dna] fire wrote 30 bytes to ecology
[dna] fire wrote 19 bytes to ecology
[dna] fire wrote 26 bytes to ecology
[dna] fire wrote 128 bytes to ecology
[dna] fire wrote 193 bytes to ecology
[dna] fire wrote 56 bytes to ecology
[debug-onto] tick=400 corpus=136466 stage=2 freeze=0
[dna] fire wrote 51 bytes to ecology
[dna] fire wrote 31 bytes to ecology
[dna] fire wrote 48 bytes to ecology
[dna] fire wrote 35 bytes to ecology
[dna] fire wrote 51 bytes to ecology
[dna] fire wrote 176 bytes to ecology
[dna] fire wrote 53 bytes to ecology
[dna] fire wrote 50 bytes to ecology
[dna] fire wrote 43 bytes to ecology
[dna] fire wrote 25 bytes to ecology
[dna] fire wrote 17 bytes to ecology
[dna] fire wrote 76 bytes to ecology
[dna] fire wrote 40 bytes to ecology
[dna] fire wrote 140 bytes to ecology
[dna] fire wrote 37 bytes to ecology
[dna] fire wrote 33 bytes to ecology
[dna] fire wrote 134 bytes to ecology
[dna] fire wrote 42 bytes to ecology
[dna] fire wrote 58 bytes to ecology
[dna] fire wrote 50 bytes to ecology
[dna] fire wrote 76 bytes to ecology
[dna] fire wrote 125 bytes to ecology
[dna] fire wrote 12 bytes to ecology
[dna] fire wrote 110 bytes to ecology
[dna] fire wrote 50 bytes to ecology
[debug-onto] tick=450 corpus=136466 stage=2 freeze=0
[dna] fire wrote 69 bytes to ecology
[dna] fire wrote 18 bytes to ecology
[dna] fire wrote 91 bytes to ecology
[dna] fire wrote 59 bytes to ecology
[dna] fire wrote 97 bytes to ecology
[dna] fire wrote 30 bytes to ecology
[dna] fire wrote 61 bytes to ecology
[dna] fire wrote 84 bytes to ecology
[dna] fire wrote 97 bytes to ecology
[dna] fire wrote 96 bytes to ecology
[dna] fire wrote 27 bytes to ecology
[dna] fire wrote 31 bytes to ecology
[dna] fire wrote 34 bytes to ecology
[dna] fire wrote 96 bytes to ecology
[dna] fire wrote 31 bytes to ecology
[dna] fire wrote 19 bytes to ecology
[dna] fire wrote 75 bytes to ecology
[dna] fire wrote 38 bytes to ecology
[dna] fire wrote 21 bytes to ecology
[dna] fire wrote 39 bytes to ecology
[dna] fire wrote 110 bytes to ecology
[dna] fire wrote 28 bytes to ecology
[dna] fire wrote 31 bytes to ecology
[dna] fire wrote 213 bytes to ecology
[debug-onto] tick=500 corpus=136466 stage=2 freeze=0
[dna] fire wrote 70 bytes to ecology
[dna] fire wrote 99 bytes to ecology
[dna] fire wrote 33 bytes to ecology
[dna] fire wrote 132 bytes to ecology
[dna] fire wrote 85 bytes to ecology
[dna] fire wrote 77 bytes to ecology
[dna] fire wrote 121 bytes to ecology
[dna] fire wrote 24 bytes to ecology
[dna] fire wrote 32 bytes to ecology
[dna] fire wrote 112 bytes to ecology
[dna] fire wrote 40 bytes to ecology
[dna] fire wrote 32 bytes to ecology
[dna] fire wrote 14 bytes to ecology
[dna] fire wrote 231 bytes to ecology
[dna] fire wrote 65 bytes to ecology
[dna] fire wrote 60 bytes to ecology
[dna] fire wrote 127 bytes to ecology
[dna] fire wrote 45 bytes to ecology
[dna] fire wrote 206 bytes to ecology
[dna] fire wrote 82 bytes to ecology
[dna] fire wrote 12 bytes to ecology
[dna] fire wrote 75 bytes to ecology
[dna] fire wrote 114 bytes to ecology
[dna] fire wrote 170 bytes to ecology
[dna] fire wrote 43 bytes to ecology
[debug-onto] tick=550 corpus=136466 stage=2 freeze=0
[dna] fire wrote 28 bytes to ecology
[dna] fire wrote 65 bytes to ecology
[dna] fire wrote 167 bytes to ecology
[dna] fire wrote 61 bytes to ecology
[dna] fire wrote 12 bytes to ecology
[dna] fire wrote 107 bytes to ecology
[dna] fire wrote 43 bytes to ecology
[dna] fire wrote 41 bytes to ecology
[dna] fire wrote 96 bytes to ecology
[dna] fire wrote 47 bytes to ecology
[dna] fire wrote 105 bytes to ecology
[dna] fire wrote 23 bytes to ecology
[dna] fire wrote 197 bytes to ecology
[dna] fire wrote 42 bytes to ecology
[dna] fire wrote 65 bytes to ecology
[dna] fire wrote 36 bytes to ecology
[dna] fire wrote 75 bytes to ecology
[dna] fire wrote 29 bytes to ecology
[dna] fire wrote 25 bytes to ecology
[dna] fire wrote 48 bytes to ecology
[dna] fire wrote 11 bytes to ecology
[dna] fire wrote 68 bytes to ecology
[debug-onto] tick=600 corpus=136466 stage=2 freeze=0
[dna] fire wrote 274 bytes to ecology
[dna] fire wrote 55 bytes to ecology
[dna] fire wrote 61 bytes to ecology
[dna] fire wrote 57 bytes to ecology
[dna] fire wrote 84 bytes to ecology
[dna] fire wrote 54 bytes to ecology
[dna] fire wrote 55 bytes to ecology
[dna] fire wrote 22 bytes to ecology
[dna] fire wrote 74 bytes to ecology
[dna] fire wrote 37 bytes to ecology
[dna] fire wrote 83 bytes to ecology
[dna] fire wrote 224 bytes to ecology
[dna] fire wrote 21 bytes to ecology
[dna] fire wrote 101 bytes to ecology
[dna] fire wrote 60 bytes to ecology
[dna] fire wrote 17 bytes to ecology
[dna] fire wrote 60 bytes to ecology
[dna] fire wrote 25 bytes to ecology
[dna] fire wrote 66 bytes to ecology
[dna] fire wrote 150 bytes to ecology
[dna] fire wrote 54 bytes to ecology
[dna] fire wrote 227 bytes to ecology
[dna] fire wrote 37 bytes to ecology
[dna] fire wrote 50 bytes to ecology
[debug-onto] tick=650 corpus=136466 stage=2 freeze=0
[dna] fire wrote 109 bytes to ecology
[dna] fire wrote 24 bytes to ecology
[dna] fire wrote 25 bytes to ecology
[dna] fire wrote 202 bytes to ecology
[dna] fire wrote 15 bytes to ecology
[dna] fire wrote 41 bytes to ecology
[dna] fire wrote 99 bytes to ecology
[dna] fire wrote 41 bytes to ecology
[dna] fire wrote 44 bytes to ecology
[dna] fire wrote 18 bytes to ecology
[dna] fire wrote 138 bytes to ecology
[dna] fire wrote 55 bytes to ecology
[dna] fire wrote 112 bytes to ecology
[dna] fire wrote 31 bytes to ecology
[dna] fire wrote 52 bytes to ecology
[dna] fire wrote 40 bytes to ecology
[dna] fire wrote 86 bytes to ecology
[dna] fire wrote 56 bytes to ecology
[dna] fire wrote 132 bytes to ecology
[dna] fire wrote 62 bytes to ecology
[dna] fire wrote 167 bytes to ecology
[dna] fire wrote 42 bytes to ecology
[dna] fire wrote 60 bytes to ecology
[dna] fire wrote 35 bytes to ecology
[dna] fire wrote 157 bytes to ecology
[debug-onto] tick=700 corpus=136466 stage=2 freeze=0
[dna] fire wrote 59 bytes to ecology
[dna] fire wrote 27 bytes to ecology
[dna] fire wrote 54 bytes to ecology
[dna] fire wrote 110 bytes to ecology
[dna] fire wrote 117 bytes to ecology
[dna] fire wrote 37 bytes to ecology
[dna] fire wrote 34 bytes to ecology

[evolution] Organism shutting down gracefully.
