[ecology] Element: air → corpus: nonames_air.txt
[evolution] Autonomous evolution mode — organism will grow through all stages without pause.
[ecology] Joined swarm. 1 peer(s) detected.
molequla is alive. [evolution] Autonomous mode — background trainer running. Ctrl+C to stop.
[dna] air wrote 77 bytes to ecology
[dna] air consumed 18138 bytes from 239 files: [earth/gen_1776578590_1.txt earth/gen_1776578597_4.txt earth/gen_1776578604_7.txt earth/gen_1776578612_10.txt earth/gen_1776578619_13.txt earth/gen_1776578626_16.txt earth/gen_1776578634_19.txt earth/gen_1776578641_22.txt earth/gen_1776578648_25.txt earth/gen_1776578656_28.txt earth/gen_1776578663_31.txt earth/gen_1776578670_34.txt earth/gen_1776578678_37.txt earth/gen_1776578685_40.txt earth/gen_1776578693_43.txt earth/gen_1776578700_46.txt earth/gen_1776578708_49.txt earth/gen_1776578715_52.txt earth/gen_1776578722_55.txt earth/gen_1776578730_58.txt earth/gen_1776578737_61.txt earth/gen_1776578744_64.txt earth/gen_1776578752_67.txt earth/gen_1776578759_70.txt earth/gen_1776578766_73.txt earth/gen_1776578774_76.txt earth/gen_1776578781_79.txt earth/gen_1776578788_82.txt earth/gen_1776578795_85.txt earth/gen_1776578803_88.txt earth/gen_1776578810_91.txt earth/gen_1776578818_94.txt earth/gen_1776578825_97.txt earth/gen_1776578832_100.txt earth/gen_1776578840_103.txt earth/gen_1776578847_106.txt earth/gen_1776578854_109.txt earth/gen_1776578862_112.txt earth/gen_1776578877_118.txt earth/gen_1776578884_121.txt earth/gen_1776578891_124.txt earth/gen_1776578899_127.txt earth/gen_1776578906_130.txt earth/gen_1776578914_133.txt earth/gen_1776578921_136.txt earth/gen_1776578936_142.txt earth/gen_1776578943_145.txt earth/gen_1776578950_148.txt earth/gen_1776578958_151.txt earth/gen_1776578965_154.txt earth/gen_1776578972_157.txt earth/gen_1776578980_160.txt earth/gen_1776578987_163.txt earth/gen_1776578995_166.txt earth/gen_1776579002_169.txt earth/gen_1776579010_172.txt earth/gen_1776579017_175.txt earth/gen_1776579024_178.txt earth/gen_1776579032_181.txt earth/gen_1776579039_184.txt earth/gen_1776579046_187.txt earth/gen_1776579054_190.txt earth/gen_1776579061_193.txt earth/gen_1776579068_196.txt earth/gen_1776579076_199.txt earth/gen_1776579083_202.txt earth/gen_1776579091_205.txt earth/gen_1776579098_208.txt earth/gen_1776579105_211.txt earth/gen_1776579113_214.txt earth/gen_1776579121_217.txt earth/gen_1776579128_220.txt earth/gen_1776579135_223.txt earth/gen_1776579143_226.txt earth/gen_1776579150_229.txt earth/gen_1776579157_232.txt earth/gen_1776579164_235.txt earth/gen_1776579172_238.txt earth/gen_1776579179_241.txt earth/gen_1776579186_244.txt earth/gen_1776579193_247.txt earth/gen_1776579201_250.txt earth/gen_1776579208_253.txt earth/gen_1776579215_256.txt earth/gen_1776579222_259.txt earth/gen_1776579230_262.txt earth/gen_1776579237_265.txt earth/gen_1776579244_268.txt earth/gen_1776579252_271.txt earth/gen_1776579259_274.txt earth/gen_1776579266_277.txt earth/gen_1776579273_280.txt earth/gen_1776579281_283.txt earth/gen_1776579288_286.txt earth/gen_1776579295_289.txt earth/gen_1776579302_292.txt earth/gen_1776579310_295.txt earth/gen_1776579317_298.txt earth/gen_1776579324_301.txt earth/gen_1776579332_304.txt earth/gen_1776579339_307.txt earth/gen_1776579346_310.txt earth/gen_1776579354_313.txt earth/gen_1776579361_316.txt earth/gen_1776579368_319.txt earth/gen_1776579376_322.txt earth/gen_1776579383_325.txt earth/gen_1776579390_328.txt earth/gen_1776579398_331.txt earth/gen_1776579405_334.txt earth/gen_1776579412_337.txt earth/gen_1776579419_340.txt earth/gen_1776579427_343.txt earth/gen_1776579434_346.txt earth/gen_1776579441_349.txt earth/gen_1776579449_352.txt earth/gen_1776579456_355.txt earth/gen_1776579463_358.txt earth/gen_1776579471_361.txt earth/gen_1776579478_364.txt earth/gen_1776579485_367.txt earth/gen_1776579492_370.txt earth/gen_1776579500_373.txt earth/gen_1776579507_376.txt earth/gen_1776579514_379.txt earth/gen_1776579522_382.txt earth/gen_1776579529_385.txt earth/gen_1776579536_388.txt earth/gen_1776579543_391.txt earth/gen_1776579551_394.txt earth/gen_1776579558_397.txt earth/gen_1776579565_400.txt earth/gen_1776579573_403.txt earth/gen_1776579580_406.txt earth/gen_1776579587_409.txt earth/gen_1776579595_412.txt earth/gen_1776579602_415.txt earth/gen_1776579609_418.txt earth/gen_1776579617_421.txt earth/gen_1776579624_424.txt earth/gen_1776579631_427.txt earth/gen_1776579639_430.txt earth/gen_1776579646_433.txt earth/gen_1776579653_436.txt earth/gen_1776579661_439.txt earth/gen_1776579668_442.txt earth/gen_1776579675_445.txt earth/gen_1776579682_448.txt earth/gen_1776579690_451.txt earth/gen_1776579697_454.txt earth/gen_1776579704_457.txt earth/gen_1776579712_460.txt earth/gen_1776579719_463.txt earth/gen_1776579726_466.txt earth/gen_1776579733_469.txt earth/gen_1776579741_472.txt earth/gen_1776579748_475.txt earth/gen_1776579755_478.txt earth/gen_1776579763_481.txt earth/gen_1776579770_484.txt earth/gen_1776579777_487.txt earth/gen_1776579785_490.txt earth/gen_1776579792_493.txt earth/gen_1776579799_496.txt earth/gen_1776579807_499.txt earth/gen_1776579814_502.txt earth/gen_1776579821_505.txt earth/gen_1776579829_508.txt earth/gen_1776579836_511.txt earth/gen_1776579843_514.txt earth/gen_1776579850_517.txt earth/gen_1776579858_520.txt earth/gen_1776579865_523.txt earth/gen_1776579872_526.txt earth/gen_1776579879_529.txt earth/gen_1776579886_532.txt earth/gen_1776579894_535.txt earth/gen_1776579901_538.txt earth/gen_1776579909_541.txt earth/gen_1776579916_544.txt earth/gen_1776579923_547.txt earth/gen_1776579931_550.txt earth/gen_1776579938_553.txt earth/gen_1776579945_556.txt earth/gen_1776579952_559.txt earth/gen_1776579960_562.txt earth/gen_1776579967_565.txt earth/gen_1776579974_568.txt earth/gen_1776579982_571.txt earth/gen_1776579989_574.txt earth/gen_1776579997_577.txt earth/gen_1776580004_580.txt earth/gen_1776580012_583.txt earth/gen_1776580019_586.txt earth/gen_1776580026_589.txt earth/gen_1776580034_592.txt earth/gen_1776580041_595.txt earth/gen_1776580048_598.txt earth/gen_1776580063_604.txt earth/gen_1776580071_607.txt earth/gen_1776580078_610.txt earth/gen_1776580085_613.txt earth/gen_1776580093_616.txt earth/gen_1776580100_619.txt earth/gen_1776580108_622.txt earth/gen_1776580115_625.txt earth/gen_1776580123_628.txt earth/gen_1776580130_631.txt earth/gen_1776580137_634.txt earth/gen_1776580145_637.txt earth/gen_1776580152_640.txt earth/gen_1776580160_643.txt earth/gen_1776580167_646.txt earth/gen_1776580175_649.txt earth/gen_1776580182_652.txt earth/gen_1776580189_655.txt earth/gen_1776580197_658.txt earth/gen_1776580204_661.txt earth/gen_1776580212_664.txt earth/gen_1776580219_667.txt earth/gen_1776580227_670.txt earth/gen_1776580234_673.txt earth/gen_1776580241_676.txt earth/gen_1776580249_679.txt earth/gen_1776580256_682.txt earth/gen_1776580263_685.txt earth/gen_1776580271_688.txt earth/gen_1776580278_691.txt earth/gen_1776580285_694.txt earth/gen_1776580293_697.txt earth/gen_1776580300_700.txt earth/gen_1776580307_703.txt earth/gen_1776580315_706.txt earth/gen_1776580322_709.txt earth/gen_1776580329_712.txt earth/gen_1776580337_715.txt earth/gen_1776580344_718.txt earth/gen_1776580351_721.txt earth/gen_1776580359_724.txt]
[trainer] micro-train burst (18138 bytes, novelty 0.04) — and lo, it feeds again.
[syntropy] action=explore | trend=0.0000 | field_dev=0.024 | purpose_align=0.109 | lr_mul=1.30
[aml] burst complete: 32 steps, avg loss 1.9037 (memory freed)
[dna] air wrote 95 bytes to ecology
[dna] air wrote 145 bytes to ecology
[dna] air wrote 97 bytes to ecology
[dna] air wrote 45 bytes to ecology
[dna] air wrote 50 bytes to ecology
[dna] air wrote 27 bytes to ecology
[dna] air wrote 57 bytes to ecology
[dna] air wrote 87 bytes to ecology
[dna] air wrote 74 bytes to ecology
[dna] air wrote 33 bytes to ecology
[dna] air wrote 32 bytes to ecology
[dna] air wrote 60 bytes to ecology
[dna] air wrote 48 bytes to ecology
[dna] air wrote 22 bytes to ecology
[dna] air wrote 190 bytes to ecology
[dna] air wrote 35 bytes to ecology
[dna] air wrote 50 bytes to ecology
[dna] air wrote 25 bytes to ecology
[dna] air wrote 136 bytes to ecology
[dna] air wrote 44 bytes to ecology
[dna] air wrote 135 bytes to ecology
[dna] air wrote 41 bytes to ecology
[dna] air wrote 98 bytes to ecology
[dna] air wrote 94 bytes to ecology
[debug-onto] tick=50 corpus=140693 stage=2 freeze=0
[dna] air wrote 72 bytes to ecology
[dna] air wrote 107 bytes to ecology
[dna] air wrote 60 bytes to ecology
[dna] air wrote 46 bytes to ecology
[dna] air wrote 46 bytes to ecology
[dna] air wrote 34 bytes to ecology
[dna] air wrote 61 bytes to ecology
[dna] air wrote 55 bytes to ecology
[dna] air wrote 23 bytes to ecology
[dna] air wrote 28 bytes to ecology
[dna] air wrote 36 bytes to ecology
[dna] air wrote 41 bytes to ecology
[dna] air wrote 56 bytes to ecology
[dna] air wrote 81 bytes to ecology
[dna] air wrote 38 bytes to ecology
[dna] air wrote 42 bytes to ecology
[dna] air wrote 44 bytes to ecology
[dna] air wrote 59 bytes to ecology
[dna] air wrote 50 bytes to ecology
[dna] air wrote 98 bytes to ecology
[dna] air wrote 42 bytes to ecology
[dna] air wrote 41 bytes to ecology
[dna] air wrote 77 bytes to ecology
[dna] air wrote 35 bytes to ecology
[debug-onto] tick=100 corpus=140693 stage=2 freeze=0
[dna] air wrote 102 bytes to ecology
[dna] air wrote 148 bytes to ecology
[dna] air wrote 90 bytes to ecology
[dna] air wrote 123 bytes to ecology
[dna] air wrote 53 bytes to ecology
[dna] air wrote 74 bytes to ecology
[dna] air wrote 32 bytes to ecology
[dna] air wrote 64 bytes to ecology
[dna] air wrote 41 bytes to ecology
[dna] air wrote 34 bytes to ecology
[dna] air wrote 118 bytes to ecology
[dna] air wrote 59 bytes to ecology
[dna] air wrote 26 bytes to ecology
[dna] air wrote 45 bytes to ecology
[dna] air wrote 51 bytes to ecology
[dna] air wrote 40 bytes to ecology
[dna] air wrote 46 bytes to ecology
[dna] air wrote 85 bytes to ecology
[dna] air wrote 24 bytes to ecology
[dna] air wrote 36 bytes to ecology
[dna] air wrote 119 bytes to ecology
[dna] air wrote 23 bytes to ecology
[dna] air wrote 46 bytes to ecology
[dna] air wrote 68 bytes to ecology
[debug-onto] tick=150 corpus=140693 stage=2 freeze=0
[dna] air wrote 64 bytes to ecology
[dna] air wrote 64 bytes to ecology
[dna] air wrote 187 bytes to ecology
[dna] air wrote 27 bytes to ecology
[dna] air wrote 17 bytes to ecology
[dna] air wrote 131 bytes to ecology
[dna] air wrote 29 bytes to ecology
[dna] air wrote 20 bytes to ecology
[dna] air wrote 86 bytes to ecology
[dna] air wrote 62 bytes to ecology
[dna] air wrote 85 bytes to ecology
[dna] air wrote 85 bytes to ecology
[dna] air wrote 116 bytes to ecology
[dna] air wrote 64 bytes to ecology
[dna] air wrote 90 bytes to ecology
[dna] air wrote 65 bytes to ecology
[dna] air wrote 74 bytes to ecology
[dna] air wrote 73 bytes to ecology
[dna] air wrote 126 bytes to ecology
[dna] air wrote 36 bytes to ecology
[dna] air wrote 45 bytes to ecology
[dna] air wrote 35 bytes to ecology
[dna] air wrote 146 bytes to ecology
[debug-onto] tick=200 corpus=140693 stage=2 freeze=0
[dna] air wrote 42 bytes to ecology
[dna] air wrote 147 bytes to ecology
[dna] air wrote 49 bytes to ecology
[dna] air wrote 15 bytes to ecology
[dna] air wrote 46 bytes to ecology
[dna] air wrote 47 bytes to ecology
[dna] air wrote 35 bytes to ecology
[dna] air wrote 35 bytes to ecology
[dna] air wrote 28 bytes to ecology
[dna] air wrote 219 bytes to ecology
[dna] air wrote 50 bytes to ecology
[dna] air wrote 45 bytes to ecology
[dna] air wrote 99 bytes to ecology
[dna] air wrote 41 bytes to ecology
[dna] air wrote 144 bytes to ecology
[dna] air wrote 18 bytes to ecology
[dna] air wrote 52 bytes to ecology
[dna] air wrote 55 bytes to ecology
[dna] air wrote 18 bytes to ecology
[dna] air wrote 44 bytes to ecology
[dna] air wrote 35 bytes to ecology
[dna] air wrote 40 bytes to ecology
[dna] air wrote 47 bytes to ecology
[dna] air wrote 51 bytes to ecology
[dna] air wrote 108 bytes to ecology
[dna] air wrote 120 bytes to ecology
[debug-onto] tick=250 corpus=140693 stage=2 freeze=0
[dna] air wrote 35 bytes to ecology
[dna] air wrote 47 bytes to ecology
[dna] air wrote 35 bytes to ecology
[dna] air wrote 54 bytes to ecology
[dna] air wrote 242 bytes to ecology
[dna] air wrote 56 bytes to ecology
[dna] air wrote 241 bytes to ecology
[dna] air wrote 116 bytes to ecology
[dna] air wrote 36 bytes to ecology
[dna] air wrote 26 bytes to ecology
[dna] air wrote 79 bytes to ecology
[dna] air wrote 78 bytes to ecology
[dna] air wrote 17 bytes to ecology
[dna] air wrote 35 bytes to ecology
[dna] air wrote 25 bytes to ecology
[dna] air wrote 96 bytes to ecology
[dna] air wrote 75 bytes to ecology
[dna] air wrote 104 bytes to ecology
[dna] air wrote 138 bytes to ecology
[dna] air wrote 24 bytes to ecology
[dna] air wrote 63 bytes to ecology
[dna] air wrote 132 bytes to ecology
[dna] air wrote 18 bytes to ecology
[dna] air wrote 76 bytes to ecology
[debug-onto] tick=300 corpus=140693 stage=2 freeze=0
[dna] air wrote 123 bytes to ecology
[dna] air wrote 45 bytes to ecology
[dna] air wrote 54 bytes to ecology
[dna] air wrote 64 bytes to ecology
[dna] air wrote 99 bytes to ecology
[dna] air wrote 69 bytes to ecology
[dna] air wrote 99 bytes to ecology
[dna] air wrote 22 bytes to ecology
[dna] air wrote 36 bytes to ecology
[dna] air wrote 83 bytes to ecology
[dna] air wrote 61 bytes to ecology
[dna] air wrote 62 bytes to ecology
[dna] air wrote 102 bytes to ecology
[dna] air wrote 47 bytes to ecology
[dna] air wrote 42 bytes to ecology
[dna] air wrote 32 bytes to ecology
[dna] air wrote 53 bytes to ecology
[dna] air wrote 107 bytes to ecology
[dna] air wrote 48 bytes to ecology
[dna] air wrote 53 bytes to ecology
[dna] air wrote 54 bytes to ecology
[dna] air wrote 57 bytes to ecology
[dna] air wrote 20 bytes to ecology
[dna] air wrote 96 bytes to ecology
[dna] air wrote 52 bytes to ecology
[debug-onto] tick=350 corpus=140693 stage=2 freeze=0
[dna] air wrote 143 bytes to ecology
[dna] air wrote 81 bytes to ecology
[dna] air wrote 37 bytes to ecology
[dna] air wrote 112 bytes to ecology
[dna] air wrote 108 bytes to ecology
[dna] air wrote 7 bytes to ecology
[dna] air wrote 64 bytes to ecology
[dna] air wrote 64 bytes to ecology
[dna] air wrote 139 bytes to ecology
[dna] air wrote 23 bytes to ecology
[dna] air wrote 110 bytes to ecology
[dna] air wrote 38 bytes to ecology
[dna] air wrote 103 bytes to ecology
[dna] air wrote 97 bytes to ecology
[dna] air wrote 79 bytes to ecology
[dna] air wrote 43 bytes to ecology
[dna] air wrote 154 bytes to ecology
[dna] air wrote 47 bytes to ecology
[dna] air wrote 92 bytes to ecology
[dna] air wrote 48 bytes to ecology
[dna] air wrote 158 bytes to ecology
[dna] air wrote 117 bytes to ecology
[dna] air wrote 30 bytes to ecology
[dna] air wrote 48 bytes to ecology
[dna] air wrote 94 bytes to ecology
[dna] air wrote 48 bytes to ecology
[debug-onto] tick=400 corpus=140693 stage=2 freeze=0
[dna] air wrote 66 bytes to ecology
[dna] air wrote 40 bytes to ecology
[dna] air wrote 28 bytes to ecology
[dna] air wrote 89 bytes to ecology
[dna] air wrote 181 bytes to ecology
[dna] air wrote 34 bytes to ecology
[dna] air wrote 157 bytes to ecology
[dna] air wrote 61 bytes to ecology
[dna] air wrote 165 bytes to ecology
[dna] air wrote 30 bytes to ecology
[dna] air wrote 51 bytes to ecology
[dna] air wrote 70 bytes to ecology
[dna] air wrote 63 bytes to ecology
[dna] air wrote 15 bytes to ecology
[dna] air wrote 28 bytes to ecology
[dna] air wrote 51 bytes to ecology
[dna] air wrote 82 bytes to ecology
[dna] air wrote 65 bytes to ecology
[dna] air wrote 38 bytes to ecology
[dna] air wrote 47 bytes to ecology
[dna] air wrote 103 bytes to ecology
[dna] air wrote 61 bytes to ecology
[dna] air wrote 78 bytes to ecology
[debug-onto] tick=450 corpus=140693 stage=2 freeze=0
[dna] air wrote 147 bytes to ecology
[dna] air wrote 75 bytes to ecology
[dna] air wrote 76 bytes to ecology
[dna] air wrote 76 bytes to ecology
[dna] air wrote 46 bytes to ecology
[dna] air wrote 53 bytes to ecology
[dna] air wrote 64 bytes to ecology
[dna] air wrote 55 bytes to ecology
[dna] air wrote 82 bytes to ecology
[dna] air wrote 49 bytes to ecology
[dna] air wrote 128 bytes to ecology
[dna] air wrote 50 bytes to ecology
[dna] air wrote 50 bytes to ecology
[dna] air wrote 172 bytes to ecology
[dna] air wrote 122 bytes to ecology
[dna] air wrote 46 bytes to ecology
[dna] air wrote 61 bytes to ecology
[dna] air wrote 39 bytes to ecology
[dna] air wrote 171 bytes to ecology
[dna] air wrote 15 bytes to ecology
[dna] air wrote 213 bytes to ecology
[dna] air wrote 39 bytes to ecology
[dna] air wrote 46 bytes to ecology
[dna] air wrote 24 bytes to ecology
[dna] air wrote 61 bytes to ecology
[debug-onto] tick=500 corpus=140693 stage=2 freeze=0
[dna] air wrote 66 bytes to ecology
[dna] air wrote 94 bytes to ecology
[dna] air wrote 61 bytes to ecology
[dna] air wrote 110 bytes to ecology
[dna] air wrote 40 bytes to ecology
[dna] air wrote 43 bytes to ecology
[dna] air wrote 33 bytes to ecology
[dna] air wrote 92 bytes to ecology
[dna] air wrote 52 bytes to ecology
[dna] air wrote 94 bytes to ecology
[dna] air wrote 91 bytes to ecology
[dna] air wrote 33 bytes to ecology
[dna] air wrote 101 bytes to ecology
[dna] air wrote 90 bytes to ecology
[dna] air wrote 12 bytes to ecology
[dna] air wrote 15 bytes to ecology
[dna] air wrote 55 bytes to ecology
[dna] air wrote 122 bytes to ecology
[dna] air wrote 88 bytes to ecology
[dna] air wrote 207 bytes to ecology
[dna] air wrote 67 bytes to ecology
[dna] air wrote 13 bytes to ecology
[dna] air wrote 185 bytes to ecology
[dna] air wrote 87 bytes to ecology
[dna] air wrote 55 bytes to ecology
[dna] air wrote 144 bytes to ecology
[debug-onto] tick=550 corpus=140693 stage=2 freeze=0
[dna] air wrote 97 bytes to ecology
[dna] air wrote 14 bytes to ecology
[dna] air wrote 63 bytes to ecology
[dna] air wrote 74 bytes to ecology
[dna] air wrote 13 bytes to ecology
[dna] air wrote 35 bytes to ecology
[dna] air wrote 37 bytes to ecology
[dna] air wrote 54 bytes to ecology
[dna] air wrote 40 bytes to ecology
[dna] air wrote 79 bytes to ecology
[dna] air wrote 14 bytes to ecology
[dna] air wrote 40 bytes to ecology
[dna] air wrote 28 bytes to ecology
[dna] air wrote 17 bytes to ecology
[dna] air wrote 31 bytes to ecology
[dna] air wrote 32 bytes to ecology
[dna] air wrote 40 bytes to ecology
[dna] air wrote 42 bytes to ecology
[dna] air wrote 22 bytes to ecology
[dna] air wrote 109 bytes to ecology
[dna] air wrote 39 bytes to ecology
[dna] air wrote 35 bytes to ecology
[dna] air wrote 18 bytes to ecology
[debug-onto] tick=600 corpus=140693 stage=2 freeze=0
[dna] air wrote 104 bytes to ecology
[dna] air wrote 66 bytes to ecology
[dna] air wrote 34 bytes to ecology
[dna] air wrote 58 bytes to ecology
[dna] air wrote 31 bytes to ecology
[dna] air wrote 35 bytes to ecology
[dna] air wrote 37 bytes to ecology
[dna] air wrote 96 bytes to ecology
[dna] air wrote 37 bytes to ecology
[dna] air wrote 54 bytes to ecology
[dna] air wrote 50 bytes to ecology
[dna] air wrote 215 bytes to ecology
[dna] air wrote 67 bytes to ecology
[dna] air wrote 35 bytes to ecology
[dna] air wrote 54 bytes to ecology
[dna] air wrote 82 bytes to ecology
[dna] air wrote 60 bytes to ecology
[dna] air wrote 55 bytes to ecology
[dna] air wrote 46 bytes to ecology
[dna] air wrote 29 bytes to ecology
[dna] air wrote 58 bytes to ecology
[dna] air wrote 13 bytes to ecology
[dna] air wrote 41 bytes to ecology
[debug-onto] tick=650 corpus=140693 stage=2 freeze=0
[dna] air wrote 42 bytes to ecology
[dna] air wrote 74 bytes to ecology
[dna] air wrote 12 bytes to ecology
[dna] air wrote 40 bytes to ecology
[dna] air wrote 58 bytes to ecology
[dna] air wrote 51 bytes to ecology
[dna] air wrote 94 bytes to ecology
[dna] air wrote 22 bytes to ecology
[dna] air wrote 30 bytes to ecology
[dna] air wrote 111 bytes to ecology
[dna] air wrote 81 bytes to ecology
[dna] air wrote 67 bytes to ecology
[dna] air wrote 28 bytes to ecology
[dna] air wrote 66 bytes to ecology
[dna] air wrote 154 bytes to ecology
[dna] air wrote 18 bytes to ecology
[dna] air wrote 29 bytes to ecology
[dna] air wrote 31 bytes to ecology
[dna] air wrote 81 bytes to ecology
[dna] air wrote 12 bytes to ecology
[dna] air wrote 96 bytes to ecology
[dna] air wrote 90 bytes to ecology
[dna] air wrote 38 bytes to ecology
[dna] air wrote 69 bytes to ecology
[dna] air wrote 270 bytes to ecology
[dna] air wrote 79 bytes to ecology
[debug-onto] tick=700 corpus=140693 stage=2 freeze=0
[dna] air wrote 104 bytes to ecology
[dna] air wrote 32 bytes to ecology
[dna] air wrote 37 bytes to ecology
[dna] air wrote 95 bytes to ecology
[dna] air wrote 158 bytes to ecology
[dna] air wrote 178 bytes to ecology
[dna] air wrote 30 bytes to ecology
[dna] air wrote 75 bytes to ecology
[dna] air wrote 40 bytes to ecology
[dna] air wrote 147 bytes to ecology
[dna] air wrote 38 bytes to ecology
[dna] air wrote 71 bytes to ecology
[dna] air wrote 43 bytes to ecology
[dna] air wrote 58 bytes to ecology
[dna] air wrote 62 bytes to ecology

[evolution] Organism shutting down gracefully.
