[ecology] Element: earth → corpus: nonames_earth.txt
[evolution] Autonomous evolution mode — organism will grow through all stages without pause.
[init] Stage 0 (embryo): embd=16, layer=1, head=1 — warmup 400 steps (400 backprop + 0 notorch, sqrt-scaled 1x)
  [aml] step 0/160 | loss 6.5546 (avg 6.5546) | lr 0.001000 | seq 8
  [aml] step 10/160 | loss 6.1800 (avg 6.4207) | lr 0.001450 | seq 8
  [aml] step 20/160 | loss 6.2310 (avg 6.2918) | lr 0.001900 | seq 8
  [aml] step 30/160 | loss 5.7437 (avg 6.1877) | lr 0.002350 | seq 8
  [aml] step 40/160 | loss 5.4134 (avg 6.0745) | lr 0.002800 | seq 8
  [aml] step 50/160 | loss 4.6635 (avg 5.9262) | lr 0.003250 | seq 8
  [aml] step 60/160 | loss 4.8961 (avg 5.7685) | lr 0.003700 | seq 8
  [aml] step 70/160 | loss 5.3366 (avg 5.6521) | lr 0.004150 | seq 8
  [aml] step 80/160 | loss 3.0029 (avg 5.5293) | lr 0.004600 | seq 8
  [aml] step 90/160 | loss 4.2247 (avg 5.3865) | lr 0.005050 | seq 8
  [aml] step 100/160 | loss 4.9783 (avg 5.2981) | lr 0.005500 | seq 8
  [aml] step 110/160 | loss 5.3366 (avg 5.1691) | lr 0.005950 | seq 8
  [aml] step 120/160 | loss 3.9918 (avg 5.0989) | lr 0.006400 | seq 8
  [aml] step 130/160 | loss 4.4055 (avg 5.0508) | lr 0.006850 | seq 8
  [aml] step 140/160 | loss 3.0061 (avg 5.0137) | lr 0.007300 | seq 8
  [aml] step 150/160 | loss 2.8345 (avg 4.9705) | lr 0.007750 | seq 8
[aml] training complete: 160 steps, avg loss 4.9265 (memory freed)
  [aml] step 0/120 | loss 4.7684 (avg 4.7684) | lr 0.008200 | seq 16
  [aml] step 10/120 | loss 4.3490 (avg 4.4669) | lr 0.008650 | seq 16
  [aml] step 20/120 | loss 3.4606 (avg 4.4496) | lr 0.009100 | seq 16
  [aml] step 30/120 | loss 3.5419 (avg 4.2590) | lr 0.009550 | seq 16
  [aml] step 40/120 | loss 3.5068 (avg 4.3131) | lr 0.010000 | seq 16
  [aml] step 50/120 | loss 3.1464 (avg 4.3055) | lr 0.010000 | seq 16
  [aml] step 60/120 | loss 4.3056 (avg 4.2940) | lr 0.010000 | seq 16
  [aml] step 70/120 | loss 4.6346 (avg 4.2255) | lr 0.010000 | seq 16
  [aml] step 80/120 | loss 4.8842 (avg 4.1747) | lr 0.009999 | seq 16
  [aml] step 90/120 | loss 4.4884 (avg 4.0712) | lr 0.009999 | seq 16
  [aml] step 100/120 | loss 3.7453 (avg 4.0097) | lr 0.009999 | seq 16
  [aml] step 110/120 | loss 4.8902 (avg 3.9292) | lr 0.009999 | seq 16
[aml] training complete: 120 steps, avg loss 3.9417 (memory freed)
  [aml] step 0/120 | loss 2.6091 (avg 2.6091) | lr 0.009999 | seq 32
  [aml] step 10/120 | loss 5.0270 (avg 4.0290) | lr 0.009999 | seq 32
  [aml] step 20/120 | loss 4.4170 (avg 3.8334) | lr 0.009999 | seq 32
  [aml] step 30/120 | loss 3.7682 (avg 3.5314) | lr 0.009999 | seq 32
  [aml] step 40/120 | loss 3.9170 (avg 3.4775) | lr 0.009999 | seq 32
  [aml] step 50/120 | loss 4.0197 (avg 3.4306) | lr 0.009999 | seq 32
  [aml] step 60/120 | loss 2.7770 (avg 3.3647) | lr 0.009999 | seq 32
  [aml] step 70/120 | loss 1.4487 (avg 3.3433) | lr 0.009999 | seq 32
  [aml] step 80/120 | loss 4.4665 (avg 3.3369) | lr 0.009999 | seq 32
  [aml] step 90/120 | loss 1.6757 (avg 3.2953) | lr 0.009999 | seq 32
  [aml] step 100/120 | loss 0.9023 (avg 3.3030) | lr 0.009999 | seq 32
  [aml] step 110/120 | loss 0.9490 (avg 3.1826) | lr 0.009999 | seq 32
[aml] training complete: 120 steps, avg loss 3.0996 (memory freed)

[stage 0 — embryo] What it sounds like now:
  Q: Hello.
  A: : A treats are directly for atovolcano drains stress by fault.
  Q: Who are you?
  A: to retrees as. Not positive, the surface fracture on is a fis the cou
  Q: What do you know?
  A: the differential erosion that mass composite of the matter.

[growth] ONTOGENESIS: stage 0 -> 1
  embd: 16 -> 32, layer: 1 -> 1, head: 1 -> 2
[growth] Done. Freeze for 500 steps.
[init] Stage 1 (infant): embd=32, layer=1, head=2 — warmup 800 steps (800 backprop + 0 notorch, sqrt-scaled 2x)
  [aml] step 0/320 | loss 8.7513 (avg 8.7513) | lr 0.000500 | seq 8
  [aml] step 10/320 | loss 4.3132 (avg 5.4114) | lr 0.000725 | seq 8
  [aml] step 20/320 | loss 5.2092 (avg 4.6472) | lr 0.000950 | seq 8
  [aml] step 30/320 | loss 7.1222 (avg 4.7327) | lr 0.001175 | seq 8
  [aml] step 40/320 | loss 5.3216 (avg 4.6091) | lr 0.001400 | seq 8
  [aml] step 50/320 | loss 5.1356 (avg 4.5596) | lr 0.001625 | seq 8
  [aml] step 60/320 | loss 2.0910 (avg 4.5444) | lr 0.001850 | seq 8
  [aml] step 70/320 | loss 5.0825 (avg 4.4086) | lr 0.002075 | seq 8
  [aml] step 80/320 | loss 5.0283 (avg 4.3695) | lr 0.002300 | seq 8
  [aml] step 90/320 | loss 3.4173 (avg 4.2437) | lr 0.002525 | seq 8
  [aml] step 100/320 | loss 3.4974 (avg 4.1903) | lr 0.002750 | seq 8
  [aml] step 110/320 | loss 4.8400 (avg 4.2242) | lr 0.002975 | seq 8
  [aml] step 120/320 | loss 2.7522 (avg 4.1784) | lr 0.003200 | seq 8
  [aml] step 130/320 | loss 4.5483 (avg 4.1745) | lr 0.003425 | seq 8
  [aml] step 140/320 | loss 5.0286 (avg 4.1290) | lr 0.003650 | seq 8
  [aml] step 150/320 | loss 3.3698 (avg 4.0717) | lr 0.003875 | seq 8
  [aml] step 160/320 | loss 1.1998 (avg 4.0096) | lr 0.004100 | seq 8
  [aml] step 170/320 | loss 3.9332 (avg 3.9965) | lr 0.004325 | seq 8
  [aml] step 180/320 | loss 4.7851 (avg 4.0192) | lr 0.004550 | seq 8
  [aml] step 190/320 | loss 0.9899 (avg 3.9846) | lr 0.004775 | seq 8
  [aml] step 200/320 | loss 5.6949 (avg 3.9714) | lr 0.004998 | seq 8
  [aml] step 210/320 | loss 1.0580 (avg 3.9555) | lr 0.004998 | seq 8
  [aml] step 220/320 | loss 4.2009 (avg 3.9498) | lr 0.004998 | seq 8
  [aml] step 230/320 | loss 5.2973 (avg 3.9095) | lr 0.004998 | seq 8
  [aml] step 240/320 | loss 3.1939 (avg 3.8579) | lr 0.004998 | seq 8
  [aml] step 250/320 | loss 2.6984 (avg 3.8602) | lr 0.004998 | seq 8
  [aml] step 260/320 | loss 1.2433 (avg 3.8258) | lr 0.004998 | seq 8
  [aml] step 270/320 | loss 4.2158 (avg 3.8317) | lr 0.004998 | seq 8
  [aml] step 280/320 | loss 4.4722 (avg 3.8246) | lr 0.004998 | seq 8
  [aml] step 290/320 | loss 1.1148 (avg 3.8153) | lr 0.004998 | seq 8
  [aml] step 300/320 | loss 4.4437 (avg 3.8121) | lr 0.004998 | seq 8
  [aml] step 310/320 | loss 3.8411 (avg 3.8175) | lr 0.004998 | seq 8
[aml] training complete: 320 steps, avg loss 3.8174 (memory freed)
  [aml] step 0/240 | loss 2.6510 (avg 2.6510) | lr 0.004998 | seq 16
  [aml] step 10/240 | loss 3.5055 (avg 3.1528) | lr 0.004998 | seq 16
  [aml] step 20/240 | loss 1.9942 (avg 3.0321) | lr 0.004998 | seq 16
  [aml] step 30/240 | loss 1.9258 (avg 3.1193) | lr 0.004998 | seq 16
  [aml] step 40/240 | loss 1.8538 (avg 3.1448) | lr 0.004997 | seq 16
  [aml] step 50/240 | loss 2.6000 (avg 3.1837) | lr 0.004997 | seq 16
  [aml] step 60/240 | loss 3.1003 (avg 3.1566) | lr 0.004997 | seq 16
  [aml] step 70/240 | loss 4.5092 (avg 3.1687) | lr 0.004997 | seq 16
  [aml] step 80/240 | loss 1.7343 (avg 3.1170) | lr 0.004997 | seq 16
  [aml] step 90/240 | loss 4.2290 (avg 3.1029) | lr 0.004997 | seq 16
  [aml] step 100/240 | loss 1.4139 (avg 3.0597) | lr 0.004997 | seq 16
  [aml] step 110/240 | loss 4.3416 (avg 3.0865) | lr 0.004997 | seq 16
  [aml] step 120/240 | loss 4.3713 (avg 3.1355) | lr 0.004997 | seq 16
  [aml] step 130/240 | loss 4.1092 (avg 3.1114) | lr 0.004997 | seq 16
  [aml] step 140/240 | loss 3.5241 (avg 3.1526) | lr 0.004997 | seq 16
  [aml] step 150/240 | loss 1.5972 (avg 3.1610) | lr 0.004997 | seq 16
  [aml] step 160/240 | loss 5.1770 (avg 3.1755) | lr 0.004997 | seq 16
  [aml] step 170/240 | loss 4.5632 (avg 3.1970) | lr 0.004996 | seq 16
  [aml] step 180/240 | loss 4.7693 (avg 3.2142) | lr 0.004996 | seq 16
  [aml] step 190/240 | loss 1.5066 (avg 3.2163) | lr 0.004996 | seq 16
  [aml] step 200/240 | loss 1.1660 (avg 3.2350) | lr 0.004996 | seq 16
  [aml] step 210/240 | loss 1.9444 (avg 3.2409) | lr 0.004996 | seq 16
  [aml] step 220/240 | loss 4.4822 (avg 3.2271) | lr 0.004996 | seq 16
  [aml] step 230/240 | loss 4.1183 (avg 3.2026) | lr 0.004996 | seq 16
[aml] training complete: 240 steps, avg loss 3.2370 (memory freed)
  [aml] step 0/240 | loss 4.3749 (avg 4.3749) | lr 0.004996 | seq 32
  [aml] step 10/240 | loss 3.0502 (avg 3.3582) | lr 0.004996 | seq 32
  [aml] step 20/240 | loss 4.5195 (avg 3.1681) | lr 0.004996 | seq 32
  [aml] step 30/240 | loss 0.7328 (avg 2.9542) | lr 0.004996 | seq 32
  [aml] step 40/240 | loss 3.9583 (avg 3.0992) | lr 0.004996 | seq 32
  [aml] step 50/240 | loss 1.6012 (avg 3.0049) | lr 0.004995 | seq 32
  [aml] step 60/240 | loss 4.0382 (avg 3.0762) | lr 0.004995 | seq 32
  [aml] step 70/240 | loss 0.5500 (avg 3.0568) | lr 0.004995 | seq 32
  [aml] step 80/240 | loss 4.3890 (avg 3.0133) | lr 0.004995 | seq 32
  [aml] step 90/240 | loss 4.3663 (avg 2.9947) | lr 0.004995 | seq 32
  [aml] step 100/240 | loss 1.8897 (avg 2.9337) | lr 0.004995 | seq 32
  [aml] step 110/240 | loss 1.8939 (avg 2.9051) | lr 0.004995 | seq 32
  [aml] step 120/240 | loss 3.9845 (avg 2.9107) | lr 0.004995 | seq 32
  [aml] step 130/240 | loss 1.9833 (avg 2.8859) | lr 0.004995 | seq 32
  [aml] step 140/240 | loss 4.4172 (avg 2.8752) | lr 0.004995 | seq 32
  [aml] step 150/240 | loss 1.2095 (avg 2.8664) | lr 0.004995 | seq 32
  [aml] step 160/240 | loss 3.9300 (avg 2.8354) | lr 0.004994 | seq 32
  [aml] step 170/240 | loss 4.0685 (avg 2.8006) | lr 0.004994 | seq 32
  [aml] step 180/240 | loss 1.3420 (avg 2.7878) | lr 0.004994 | seq 32
  [aml] step 190/240 | loss 1.1934 (avg 2.7949) | lr 0.004994 | seq 32
  [aml] step 200/240 | loss 1.2240 (avg 2.7555) | lr 0.004994 | seq 32
  [aml] step 210/240 | loss 1.6703 (avg 2.7339) | lr 0.004994 | seq 32
  [aml] step 220/240 | loss 0.6300 (avg 2.7126) | lr 0.004994 | seq 32
  [aml] step 230/240 | loss 0.8202 (avg 2.7319) | lr 0.004994 | seq 32
[aml] training complete: 240 steps, avg loss 2.7197 (memory freed)

[stage 1 — infant] What it sounds like now:
  Q: Hello.
  A: A rock ridge fossil bedrock?
  Q: Who are you?
  A: ...
  Q: What do you know?
  A: ...

[growth] ONTOGENESIS: stage 1 -> 2
  embd: 32 -> 64, layer: 1 -> 2, head: 2 -> 4
[growth] Done. Freeze for 500 steps.
[init] Stage 2 (child): embd=64, layer=2, head=4 — warmup 800 steps (800 backprop + 0 notorch, sqrt-scaled 2x)
  [aml] step 0/320 | loss 4.8880 (avg 4.8880) | lr 0.000250 | seq 8
  [aml] step 10/320 | loss 4.2011 (avg 4.0797) | lr 0.000363 | seq 8
  [aml] step 20/320 | loss 3.9629 (avg 3.4825) | lr 0.000475 | seq 8
  [aml] step 30/320 | loss 4.4613 (avg 3.6620) | lr 0.000588 | seq 8
  [aml] step 40/320 | loss 1.7021 (avg 3.5469) | lr 0.000700 | seq 8
  [aml] step 50/320 | loss 4.1398 (avg 3.4769) | lr 0.000813 | seq 8
  [aml] step 60/320 | loss 1.6606 (avg 3.4620) | lr 0.000925 | seq 8
  [aml] step 70/320 | loss 5.0087 (avg 3.3534) | lr 0.001038 | seq 8
  [aml] step 80/320 | loss 4.6112 (avg 3.3718) | lr 0.001150 | seq 8
  [aml] step 90/320 | loss 4.5142 (avg 3.4139) | lr 0.001263 | seq 8
  [aml] step 100/320 | loss 4.0226 (avg 3.4013) | lr 0.001375 | seq 8
  [aml] step 110/320 | loss 4.0308 (avg 3.3777) | lr 0.001488 | seq 8
  [aml] step 120/320 | loss 3.9547 (avg 3.3601) | lr 0.001600 | seq 8
  [aml] step 130/320 | loss 3.1696 (avg 3.3419) | lr 0.001713 | seq 8
  [aml] step 140/320 | loss 4.6243 (avg 3.3594) | lr 0.001825 | seq 8
  [aml] step 150/320 | loss 0.1463 (avg 3.3399) | lr 0.001938 | seq 8
  [aml] step 160/320 | loss 0.6759 (avg 3.3326) | lr 0.002050 | seq 8
  [aml] step 170/320 | loss 4.2045 (avg 3.3497) | lr 0.002163 | seq 8
  [aml] step 180/320 | loss 3.8397 (avg 3.3151) | lr 0.002275 | seq 8
  [aml] step 190/320 | loss 1.1926 (avg 3.2817) | lr 0.002387 | seq 8
  [aml] step 200/320 | loss 3.2980 (avg 3.2807) | lr 0.002496 | seq 8
  [aml] step 210/320 | loss 3.5692 (avg 3.3280) | lr 0.002496 | seq 8
  [aml] step 220/320 | loss 1.5639 (avg 3.3268) | lr 0.002496 | seq 8
  [aml] step 230/320 | loss 4.1289 (avg 3.3458) | lr 0.002495 | seq 8
  [aml] step 240/320 | loss 3.1790 (avg 3.3140) | lr 0.002495 | seq 8
  [aml] step 250/320 | loss 3.1400 (avg 3.3002) | lr 0.002495 | seq 8
  [aml] step 260/320 | loss 3.2227 (avg 3.2994) | lr 0.002495 | seq 8
  [aml] step 270/320 | loss 4.8205 (avg 3.3024) | lr 0.002495 | seq 8
  [aml] step 280/320 | loss 0.9530 (avg 3.3135) | lr 0.002495 | seq 8
  [aml] step 290/320 | loss 4.2896 (avg 3.3143) | lr 0.002495 | seq 8
  [aml] step 300/320 | loss 2.4935 (avg 3.2992) | lr 0.002495 | seq 8
  [aml] step 310/320 | loss 4.3591 (avg 3.2941) | lr 0.002495 | seq 8
[aml] training complete: 320 steps, avg loss 3.2781 (memory freed)
  [aml] step 0/240 | loss 5.0091 (avg 5.0091) | lr 0.002495 | seq 16
  [aml] step 10/240 | loss 1.4794 (avg 3.2548) | lr 0.002495 | seq 16
  [aml] step 20/240 | loss 4.7398 (avg 3.4436) | lr 0.002495 | seq 16
  [aml] step 30/240 | loss 4.5929 (avg 3.5262) | lr 0.002495 | seq 16
  [aml] step 40/240 | loss 4.1424 (avg 3.5742) | lr 0.002495 | seq 16
  [aml] step 50/240 | loss 2.6073 (avg 3.4928) | lr 0.002495 | seq 16
  [aml] step 60/240 | loss 2.6814 (avg 3.4809) | lr 0.002494 | seq 16
  [aml] step 70/240 | loss 3.8153 (avg 3.4378) | lr 0.002494 | seq 16
  [aml] step 80/240 | loss 1.6484 (avg 3.2358) | lr 0.002494 | seq 16
  [aml] step 90/240 | loss 4.2328 (avg 3.2181) | lr 0.002494 | seq 16
  [aml] step 100/240 | loss 2.9173 (avg 3.2601) | lr 0.002494 | seq 16
  [aml] step 110/240 | loss 1.7950 (avg 3.2601) | lr 0.002494 | seq 16
  [aml] step 120/240 | loss 3.1582 (avg 3.2066) | lr 0.002494 | seq 16
  [aml] step 130/240 | loss 4.8251 (avg 3.2239) | lr 0.002494 | seq 16
  [aml] step 140/240 | loss 3.3541 (avg 3.1900) | lr 0.002494 | seq 16
  [aml] step 150/240 | loss 4.9524 (avg 3.2039) | lr 0.002494 | seq 16
  [aml] step 160/240 | loss 4.2180 (avg 3.2261) | lr 0.002494 | seq 16
  [aml] step 170/240 | loss 3.9767 (avg 3.2487) | lr 0.002494 | seq 16
  [aml] step 180/240 | loss 4.4669 (avg 3.2702) | lr 0.002494 | seq 16
  [aml] step 190/240 | loss 1.5917 (avg 3.2228) | lr 0.002494 | seq 16
  [aml] step 200/240 | loss 4.3065 (avg 3.1940) | lr 0.002493 | seq 16
  [aml] step 210/240 | loss 3.4910 (avg 3.2044) | lr 0.002493 | seq 16
  [aml] step 220/240 | loss 3.0907 (avg 3.1693) | lr 0.002493 | seq 16
  [aml] step 230/240 | loss 3.7225 (avg 3.1404) | lr 0.002493 | seq 16
[aml] training complete: 240 steps, avg loss 3.1398 (memory freed)
  [aml] step 0/240 | loss 0.5605 (avg 0.5605) | lr 0.002493 | seq 32
  [aml] step 10/240 | loss 4.1323 (avg 3.5077) | lr 0.002493 | seq 32
  [aml] step 20/240 | loss 1.1726 (avg 3.1418) | lr 0.002493 | seq 32
  [aml] step 30/240 | loss 4.7949 (avg 2.9720) | lr 0.002493 | seq 32
  [aml] step 40/240 | loss 0.4617 (avg 2.6914) | lr 0.002493 | seq 32
  [aml] step 50/240 | loss 0.6992 (avg 2.6510) | lr 0.002493 | seq 32
  [aml] step 60/240 | loss 1.2343 (avg 2.4759) | lr 0.002493 | seq 32
  [aml] step 70/240 | loss 3.8885 (avg 2.5569) | lr 0.002493 | seq 32
  [aml] step 80/240 | loss 4.2673 (avg 2.5203) | lr 0.002492 | seq 32
  [aml] step 90/240 | loss 0.6989 (avg 2.4793) | lr 0.002492 | seq 32
  [aml] step 100/240 | loss 0.9434 (avg 2.4500) | lr 0.002492 | seq 32
  [aml] step 110/240 | loss 4.0232 (avg 2.4337) | lr 0.002492 | seq 32
  [aml] step 120/240 | loss 4.4402 (avg 2.4569) | lr 0.002492 | seq 32
  [aml] step 130/240 | loss 4.1209 (avg 2.4540) | lr 0.002492 | seq 32
  [aml] step 140/240 | loss 4.5114 (avg 2.5079) | lr 0.002492 | seq 32
  [aml] step 150/240 | loss 0.3127 (avg 2.5230) | lr 0.002492 | seq 32
  [aml] step 160/240 | loss 1.6009 (avg 2.5514) | lr 0.002492 | seq 32
  [aml] step 170/240 | loss 3.7230 (avg 2.5537) | lr 0.002492 | seq 32
  [aml] step 180/240 | loss 4.2771 (avg 2.5515) | lr 0.002492 | seq 32
  [aml] step 190/240 | loss 4.6635 (avg 2.5422) | lr 0.002492 | seq 32
  [aml] step 200/240 | loss 0.9261 (avg 2.5784) | lr 0.002491 | seq 32
  [aml] step 210/240 | loss 4.1178 (avg 2.5932) | lr 0.002491 | seq 32
  [aml] step 220/240 | loss 4.4582 (avg 2.6062) | lr 0.002491 | seq 32
  [aml] step 230/240 | loss 1.6443 (avg 2.5843) | lr 0.002491 | seq 32
[aml] training complete: 240 steps, avg loss 2.6008 (memory freed)

[stage 2 — child] What it sounds like now:
  Q: Hello.
  A: They extensive ped stone?
  Q: Who are you?
  A: ...
  Q: What do you know?
  A: ...

[init] Warmup complete at stage 2. Organism ready.
[ecology] First organism in the swarm.
molequla is alive. [evolution] Autonomous mode — background trainer running. Ctrl+C to stop.
[dna] earth wrote 133 bytes to ecology
[dna] earth wrote 73 bytes to ecology
[dna] earth wrote 95 bytes to ecology
[dna] earth wrote 69 bytes to ecology
[dna] earth wrote 85 bytes to ecology
[dna] earth wrote 56 bytes to ecology
[dna] earth wrote 92 bytes to ecology
[dna] earth wrote 22 bytes to ecology
[dna] earth wrote 30 bytes to ecology
[dna] earth wrote 39 bytes to ecology
[dna] earth wrote 156 bytes to ecology
[dna] earth wrote 65 bytes to ecology
[dna] earth wrote 63 bytes to ecology
[dna] earth wrote 69 bytes to ecology
[dna] earth wrote 189 bytes to ecology
[dna] earth wrote 105 bytes to ecology
[dna] earth wrote 227 bytes to ecology
[debug-onto] tick=50 corpus=173643 stage=2 freeze=0
[dna] earth wrote 141 bytes to ecology
[dna] earth wrote 67 bytes to ecology
[dna] earth wrote 27 bytes to ecology
[dna] earth wrote 65 bytes to ecology
[dna] earth wrote 250 bytes to ecology
[dna] earth wrote 109 bytes to ecology
[dna] earth wrote 78 bytes to ecology
[dna] earth wrote 48 bytes to ecology
[dna] earth wrote 47 bytes to ecology
[dna] earth wrote 49 bytes to ecology
[dna] earth wrote 114 bytes to ecology
[dna] earth wrote 104 bytes to ecology
[dna] earth wrote 66 bytes to ecology
[dna] earth wrote 185 bytes to ecology
[dna] earth wrote 99 bytes to ecology
[dna] earth wrote 70 bytes to ecology
[dna] earth wrote 73 bytes to ecology
[debug-onto] tick=100 corpus=173643 stage=2 freeze=0
[dna] earth wrote 14 bytes to ecology
[dna] earth wrote 60 bytes to ecology
[dna] earth wrote 43 bytes to ecology
[dna] earth wrote 77 bytes to ecology
[dna] earth wrote 35 bytes to ecology
[dna] earth wrote 13 bytes to ecology
[dna] earth wrote 22 bytes to ecology
[dna] earth wrote 85 bytes to ecology
[dna] earth wrote 64 bytes to ecology
[dna] earth wrote 161 bytes to ecology
[dna] earth wrote 32 bytes to ecology
[dna] earth wrote 8 bytes to ecology
[dna] earth wrote 133 bytes to ecology
[dna] earth wrote 38 bytes to ecology
[dna] earth wrote 41 bytes to ecology
[debug-onto] tick=150 corpus=173643 stage=2 freeze=0
[dna] earth wrote 294 bytes to ecology
[dna] earth wrote 90 bytes to ecology
[dna] earth wrote 30 bytes to ecology
[dna] earth wrote 12 bytes to ecology
[dna] earth wrote 35 bytes to ecology
[dna] earth wrote 64 bytes to ecology
[dna] earth wrote 273 bytes to ecology
[dna] earth wrote 40 bytes to ecology
[dna] earth wrote 130 bytes to ecology
[dna] earth wrote 83 bytes to ecology
[dna] earth wrote 34 bytes to ecology
[dna] earth wrote 106 bytes to ecology
[dna] earth wrote 324 bytes to ecology
[dna] earth wrote 36 bytes to ecology
[dna] earth wrote 60 bytes to ecology
[dna] earth wrote 57 bytes to ecology
[dna] earth wrote 46 bytes to ecology
[debug-onto] tick=200 corpus=173643 stage=2 freeze=0
[dna] earth wrote 36 bytes to ecology
[dna] earth wrote 149 bytes to ecology
[dna] earth wrote 107 bytes to ecology
[dna] earth wrote 95 bytes to ecology
[dna] earth wrote 171 bytes to ecology
[dna] earth wrote 155 bytes to ecology
[dna] earth wrote 29 bytes to ecology
[dna] earth wrote 33 bytes to ecology
[dna] earth wrote 150 bytes to ecology
[dna] earth wrote 92 bytes to ecology
[dna] earth wrote 29 bytes to ecology
[dna] earth wrote 91 bytes to ecology
[dna] earth wrote 48 bytes to ecology
[dna] earth wrote 105 bytes to ecology
[dna] earth wrote 39 bytes to ecology
[dna] earth wrote 62 bytes to ecology
[dna] earth wrote 26 bytes to ecology
[debug-onto] tick=250 corpus=173643 stage=2 freeze=0
[dna] earth wrote 41 bytes to ecology
[dna] earth wrote 188 bytes to ecology
[dna] earth wrote 46 bytes to ecology
[dna] earth wrote 32 bytes to ecology
[dna] earth wrote 54 bytes to ecology
[dna] earth wrote 122 bytes to ecology
[dna] earth wrote 41 bytes to ecology
[dna] earth wrote 119 bytes to ecology
[dna] earth wrote 54 bytes to ecology
[dna] earth wrote 34 bytes to ecology
[dna] earth wrote 27 bytes to ecology
[dna] earth wrote 38 bytes to ecology
[dna] earth wrote 61 bytes to ecology
[dna] earth wrote 49 bytes to ecology
[dna] earth wrote 159 bytes to ecology
[dna] earth wrote 33 bytes to ecology
[debug-onto] tick=300 corpus=173643 stage=2 freeze=0
[dna] earth wrote 94 bytes to ecology
[dna] earth wrote 103 bytes to ecology
[dna] earth wrote 47 bytes to ecology
[dna] earth wrote 85 bytes to ecology
[dna] earth wrote 84 bytes to ecology
[dna] earth wrote 49 bytes to ecology
[dna] earth wrote 79 bytes to ecology
[dna] earth wrote 115 bytes to ecology
[dna] earth wrote 77 bytes to ecology
[dna] earth wrote 66 bytes to ecology
[dna] earth wrote 58 bytes to ecology
[dna] earth wrote 188 bytes to ecology
[dna] earth wrote 34 bytes to ecology
[dna] earth wrote 80 bytes to ecology
[dna] earth wrote 22 bytes to ecology
[dna] earth wrote 38 bytes to ecology
[dna] earth wrote 35 bytes to ecology
[debug-onto] tick=350 corpus=173643 stage=2 freeze=0
[dna] earth wrote 108 bytes to ecology
[dna] earth wrote 42 bytes to ecology
[dna] earth wrote 58 bytes to ecology
[dna] earth wrote 78 bytes to ecology
[dna] earth wrote 52 bytes to ecology
[dna] earth wrote 179 bytes to ecology
[dna] earth wrote 56 bytes to ecology
[dna] earth wrote 32 bytes to ecology
[dna] earth wrote 33 bytes to ecology
[dna] earth wrote 30 bytes to ecology
[dna] earth wrote 41 bytes to ecology
[dna] earth wrote 29 bytes to ecology
[dna] earth wrote 111 bytes to ecology
[dna] earth wrote 56 bytes to ecology
[dna] earth wrote 35 bytes to ecology
[dna] earth wrote 16 bytes to ecology
[dna] earth wrote 79 bytes to ecology
[debug-onto] tick=400 corpus=173643 stage=2 freeze=0
[dna] earth wrote 78 bytes to ecology
[dna] earth wrote 189 bytes to ecology
[dna] earth wrote 50 bytes to ecology
[dna] earth wrote 88 bytes to ecology
[dna] earth wrote 83 bytes to ecology
[dna] earth wrote 66 bytes to ecology
[dna] earth wrote 106 bytes to ecology
[dna] earth wrote 33 bytes to ecology
[dna] earth wrote 51 bytes to ecology
[dna] earth wrote 86 bytes to ecology
[dna] earth wrote 225 bytes to ecology
[dna] earth wrote 63 bytes to ecology
[dna] earth wrote 11 bytes to ecology
[dna] earth wrote 84 bytes to ecology
[dna] earth wrote 42 bytes to ecology
[dna] earth wrote 30 bytes to ecology
[debug-onto] tick=450 corpus=173643 stage=2 freeze=0
[dna] earth wrote 32 bytes to ecology
[dna] earth wrote 29 bytes to ecology
[dna] earth wrote 121 bytes to ecology
[dna] earth wrote 36 bytes to ecology
[dna] earth wrote 76 bytes to ecology
[dna] earth wrote 123 bytes to ecology
[dna] earth wrote 36 bytes to ecology
[dna] earth wrote 57 bytes to ecology
[dna] earth wrote 40 bytes to ecology
[dna] earth wrote 123 bytes to ecology
[dna] earth wrote 37 bytes to ecology
[dna] earth wrote 237 bytes to ecology
[dna] earth wrote 20 bytes to ecology
[dna] earth wrote 102 bytes to ecology
[dna] earth wrote 164 bytes to ecology
[dna] earth wrote 113 bytes to ecology
[dna] earth wrote 129 bytes to ecology
[debug-onto] tick=500 corpus=173643 stage=2 freeze=0
[dna] earth wrote 36 bytes to ecology
[dna] earth wrote 28 bytes to ecology
[dna] earth wrote 104 bytes to ecology
[dna] earth wrote 43 bytes to ecology
[dna] earth wrote 85 bytes to ecology
[dna] earth wrote 11 bytes to ecology
[dna] earth wrote 42 bytes to ecology
[dna] earth wrote 51 bytes to ecology
[dna] earth wrote 116 bytes to ecology
[dna] earth wrote 36 bytes to ecology
[dna] earth wrote 27 bytes to ecology
[dna] earth wrote 25 bytes to ecology
[dna] earth wrote 43 bytes to ecology
[dna] earth wrote 139 bytes to ecology
[dna] earth wrote 85 bytes to ecology
[dna] earth wrote 47 bytes to ecology
[dna] earth wrote 48 bytes to ecology
[debug-onto] tick=550 corpus=173643 stage=2 freeze=0
[dna] earth wrote 44 bytes to ecology
[dna] earth wrote 104 bytes to ecology
[dna] earth wrote 58 bytes to ecology
[dna] earth wrote 80 bytes to ecology
[dna] earth wrote 48 bytes to ecology
[dna] earth wrote 43 bytes to ecology
[dna] earth wrote 83 bytes to ecology
[dna] earth wrote 33 bytes to ecology
[dna] earth wrote 72 bytes to ecology
[dna] earth wrote 77 bytes to ecology
[dna] earth wrote 64 bytes to ecology
[dna] earth wrote 103 bytes to ecology
[dna] earth wrote 38 bytes to ecology
[dna] earth wrote 22 bytes to ecology
[dna] earth wrote 69 bytes to ecology
[dna] earth wrote 43 bytes to ecology
[debug-onto] tick=600 corpus=173643 stage=2 freeze=0
[dna] earth wrote 8 bytes to ecology
[dna] earth wrote 96 bytes to ecology
[dna] earth wrote 119 bytes to ecology
[dna] earth wrote 42 bytes to ecology
[dna] earth wrote 86 bytes to ecology
[dna] earth wrote 160 bytes to ecology
[dna] earth wrote 43 bytes to ecology
[dna] earth wrote 134 bytes to ecology
[dna] earth wrote 77 bytes to ecology
[dna] earth wrote 33 bytes to ecology
[dna] earth wrote 34 bytes to ecology
[dna] earth wrote 48 bytes to ecology
[dna] earth wrote 89 bytes to ecology
[dna] earth wrote 111 bytes to ecology
[dna] earth wrote 60 bytes to ecology
[dna] earth wrote 85 bytes to ecology
[dna] earth wrote 72 bytes to ecology
[debug-onto] tick=650 corpus=173643 stage=2 freeze=0
[dna] earth wrote 17 bytes to ecology
[dna] earth wrote 62 bytes to ecology
[dna] earth wrote 86 bytes to ecology
[dna] earth wrote 68 bytes to ecology
[dna] earth wrote 54 bytes to ecology
[dna] earth wrote 40 bytes to ecology
[dna] earth wrote 49 bytes to ecology
[dna] earth wrote 74 bytes to ecology
[dna] earth wrote 65 bytes to ecology
[dna] earth wrote 46 bytes to ecology
[dna] earth wrote 33 bytes to ecology
[dna] earth wrote 34 bytes to ecology
[dna] earth wrote 71 bytes to ecology
[dna] earth wrote 48 bytes to ecology
[dna] earth wrote 36 bytes to ecology
[dna] earth wrote 45 bytes to ecology
[dna] earth wrote 61 bytes to ecology
[debug-onto] tick=700 corpus=173643 stage=2 freeze=0
[dna] earth wrote 66 bytes to ecology
[dna] earth wrote 80 bytes to ecology
[dna] earth wrote 54 bytes to ecology
[dna] earth wrote 51 bytes to ecology
[dna] earth wrote 53 bytes to ecology
[dna] earth wrote 92 bytes to ecology
[dna] earth wrote 90 bytes to ecology
[dna] earth wrote 271 bytes to ecology

[evolution] Organism shutting down gracefully.
