[ecology] Element: fire → corpus: nonames_fire.txt
[evolution] Autonomous evolution mode — organism will grow through all stages without pause.
[ecology] Joined swarm. 1 peer(s) detected.
molequla is alive. [evolution] Autonomous mode — background trainer running. Ctrl+C to stop.
[dna] fire wrote 55 bytes to ecology
[dna] fire consumed 15439 bytes from 213 files: [water/gen_1776582163_1.txt water/gen_1776582181_4.txt water/gen_1776582189_7.txt water/gen_1776582198_10.txt water/gen_1776582206_13.txt water/gen_1776582214_16.txt water/gen_1776582223_19.txt water/gen_1776582231_22.txt water/gen_1776582239_25.txt water/gen_1776582248_28.txt water/gen_1776582256_31.txt water/gen_1776582264_34.txt water/gen_1776582273_37.txt water/gen_1776582281_40.txt water/gen_1776582289_43.txt water/gen_1776582297_46.txt water/gen_1776582306_49.txt water/gen_1776582314_52.txt water/gen_1776582322_55.txt water/gen_1776582331_58.txt water/gen_1776582339_61.txt water/gen_1776582347_64.txt water/gen_1776582356_67.txt water/gen_1776582364_70.txt water/gen_1776582373_73.txt water/gen_1776582381_76.txt water/gen_1776582390_79.txt water/gen_1776582398_82.txt water/gen_1776582406_85.txt water/gen_1776582415_88.txt water/gen_1776582423_91.txt water/gen_1776582431_94.txt water/gen_1776582440_97.txt water/gen_1776582448_100.txt water/gen_1776582457_103.txt water/gen_1776582465_106.txt water/gen_1776582473_109.txt water/gen_1776582482_112.txt water/gen_1776582490_115.txt water/gen_1776582499_118.txt water/gen_1776582507_121.txt water/gen_1776582516_124.txt water/gen_1776582524_127.txt water/gen_1776582533_130.txt water/gen_1776582542_133.txt water/gen_1776582550_136.txt water/gen_1776582559_139.txt water/gen_1776582568_142.txt water/gen_1776582577_145.txt water/gen_1776582585_148.txt water/gen_1776582594_151.txt water/gen_1776582602_154.txt water/gen_1776582611_157.txt water/gen_1776582620_160.txt water/gen_1776582629_163.txt water/gen_1776582637_166.txt water/gen_1776582646_169.txt water/gen_1776582655_172.txt water/gen_1776582664_175.txt water/gen_1776582673_178.txt water/gen_1776582681_181.txt water/gen_1776582690_184.txt water/gen_1776582699_187.txt water/gen_1776582708_190.txt water/gen_1776582716_193.txt water/gen_1776582725_196.txt water/gen_1776582734_199.txt water/gen_1776582742_202.txt water/gen_1776582751_205.txt water/gen_1776582759_208.txt water/gen_1776582768_211.txt water/gen_1776582776_214.txt water/gen_1776582785_217.txt water/gen_1776582794_220.txt water/gen_1776582802_223.txt water/gen_1776582811_226.txt water/gen_1776582819_229.txt water/gen_1776582828_232.txt water/gen_1776582836_235.txt water/gen_1776582845_238.txt water/gen_1776582853_241.txt water/gen_1776582862_244.txt water/gen_1776582871_247.txt water/gen_1776582879_250.txt water/gen_1776582888_253.txt water/gen_1776582896_256.txt water/gen_1776582905_259.txt water/gen_1776582914_262.txt water/gen_1776582923_265.txt water/gen_1776582931_268.txt water/gen_1776582940_271.txt water/gen_1776582948_274.txt water/gen_1776582956_277.txt water/gen_1776582964_280.txt water/gen_1776582973_283.txt water/gen_1776582981_286.txt water/gen_1776582990_289.txt water/gen_1776582998_292.txt water/gen_1776583006_295.txt water/gen_1776583015_298.txt water/gen_1776583023_301.txt water/gen_1776583031_304.txt water/gen_1776583040_307.txt water/gen_1776583048_310.txt water/gen_1776583056_313.txt water/gen_1776583072_319.txt water/gen_1776583081_322.txt water/gen_1776583089_325.txt water/gen_1776583097_328.txt water/gen_1776583106_331.txt water/gen_1776583114_334.txt water/gen_1776583122_337.txt water/gen_1776583131_340.txt water/gen_1776583139_343.txt water/gen_1776583147_346.txt water/gen_1776583155_349.txt water/gen_1776583163_352.txt water/gen_1776583171_355.txt water/gen_1776583180_358.txt water/gen_1776583188_361.txt water/gen_1776583196_364.txt water/gen_1776583204_367.txt water/gen_1776583212_370.txt water/gen_1776583221_373.txt water/gen_1776583229_376.txt water/gen_1776583237_379.txt water/gen_1776583245_382.txt water/gen_1776583254_385.txt water/gen_1776583262_388.txt water/gen_1776583270_391.txt water/gen_1776583278_394.txt water/gen_1776583287_397.txt water/gen_1776583295_400.txt water/gen_1776583303_403.txt water/gen_1776583311_406.txt water/gen_1776583319_409.txt water/gen_1776583328_412.txt water/gen_1776583336_415.txt water/gen_1776583344_418.txt water/gen_1776583352_421.txt water/gen_1776583360_424.txt water/gen_1776583368_427.txt water/gen_1776583377_430.txt water/gen_1776583385_433.txt water/gen_1776583393_436.txt water/gen_1776583401_439.txt water/gen_1776583410_442.txt water/gen_1776583418_445.txt water/gen_1776583426_448.txt water/gen_1776583434_451.txt water/gen_1776583442_454.txt water/gen_1776583450_457.txt water/gen_1776583459_460.txt water/gen_1776583467_463.txt water/gen_1776583475_466.txt water/gen_1776583483_469.txt water/gen_1776583492_472.txt water/gen_1776583500_475.txt water/gen_1776583508_478.txt water/gen_1776583517_481.txt water/gen_1776583525_484.txt water/gen_1776583533_487.txt water/gen_1776583541_490.txt water/gen_1776583549_493.txt water/gen_1776583558_496.txt water/gen_1776583566_499.txt water/gen_1776583574_502.txt water/gen_1776583582_505.txt water/gen_1776583591_508.txt water/gen_1776583599_511.txt water/gen_1776583607_514.txt water/gen_1776583615_517.txt water/gen_1776583624_520.txt water/gen_1776583632_523.txt water/gen_1776583640_526.txt water/gen_1776583648_529.txt water/gen_1776583657_532.txt water/gen_1776583665_535.txt water/gen_1776583673_538.txt water/gen_1776583681_541.txt water/gen_1776583689_544.txt water/gen_1776583698_547.txt water/gen_1776583706_550.txt water/gen_1776583714_553.txt water/gen_1776583722_556.txt water/gen_1776583731_559.txt water/gen_1776583739_562.txt water/gen_1776583747_565.txt water/gen_1776583755_568.txt water/gen_1776583764_571.txt water/gen_1776583772_574.txt water/gen_1776583780_577.txt water/gen_1776583788_580.txt water/gen_1776583797_583.txt water/gen_1776583805_586.txt water/gen_1776583813_589.txt water/gen_1776583822_592.txt water/gen_1776583830_595.txt water/gen_1776583838_598.txt water/gen_1776583847_601.txt water/gen_1776583855_604.txt water/gen_1776583863_607.txt water/gen_1776583871_610.txt water/gen_1776583880_613.txt water/gen_1776583888_616.txt water/gen_1776583896_619.txt water/gen_1776583905_622.txt water/gen_1776583913_625.txt water/gen_1776583921_628.txt water/gen_1776583930_631.txt water/gen_1776583938_634.txt water/gen_1776583946_637.txt water/gen_1776583955_640.txt]
[trainer] micro-train burst (15439 bytes, novelty 0.05) — and lo, it feeds again.
[syntropy] action=explore | trend=0.0000 | field_dev=0.037 | purpose_align=0.111 | lr_mul=1.30
[aml] burst complete: 32 steps, avg loss 1.5296 (memory freed)
[dna] fire wrote 102 bytes to ecology
[dna] fire wrote 52 bytes to ecology
[dna] fire wrote 75 bytes to ecology
[dna] fire wrote 32 bytes to ecology
[dna] fire wrote 116 bytes to ecology
[dna] fire wrote 27 bytes to ecology
[dna] fire wrote 60 bytes to ecology
[dna] fire wrote 11 bytes to ecology
[dna] fire wrote 34 bytes to ecology
[dna] fire wrote 51 bytes to ecology
[dna] fire wrote 14 bytes to ecology
[dna] fire wrote 51 bytes to ecology
[dna] fire wrote 35 bytes to ecology
[dna] fire wrote 16 bytes to ecology
[dna] fire wrote 85 bytes to ecology
[dna] fire wrote 39 bytes to ecology
[debug-onto] tick=50 corpus=137552 stage=2 freeze=0
[dna] fire wrote 30 bytes to ecology
[dna] fire wrote 54 bytes to ecology
[dna] fire wrote 85 bytes to ecology
[dna] fire wrote 27 bytes to ecology
[dna] fire wrote 48 bytes to ecology
[dna] fire wrote 65 bytes to ecology
[dna] fire wrote 40 bytes to ecology
[dna] fire wrote 39 bytes to ecology
[dna] fire wrote 81 bytes to ecology
[dna] fire wrote 27 bytes to ecology
[dna] fire wrote 93 bytes to ecology
[dna] fire wrote 67 bytes to ecology
[dna] fire wrote 33 bytes to ecology
[dna] fire wrote 68 bytes to ecology
[dna] fire wrote 120 bytes to ecology
[dna] fire wrote 52 bytes to ecology
[dna] fire wrote 70 bytes to ecology
[debug-onto] tick=100 corpus=137552 stage=2 freeze=0
[dna] fire wrote 54 bytes to ecology
[dna] fire wrote 25 bytes to ecology
[dna] fire wrote 37 bytes to ecology
[dna] fire wrote 143 bytes to ecology
[dna] fire wrote 51 bytes to ecology
[dna] fire wrote 14 bytes to ecology
[dna] fire wrote 34 bytes to ecology
[dna] fire wrote 83 bytes to ecology
[dna] fire wrote 132 bytes to ecology
[dna] fire wrote 154 bytes to ecology
[dna] fire wrote 135 bytes to ecology
[dna] fire wrote 43 bytes to ecology
[dna] fire wrote 53 bytes to ecology
[dna] fire wrote 58 bytes to ecology
[dna] fire wrote 21 bytes to ecology
[dna] fire wrote 77 bytes to ecology
[debug-onto] tick=150 corpus=137552 stage=2 freeze=0
[dna] fire wrote 125 bytes to ecology
[dna] fire wrote 106 bytes to ecology
[dna] fire wrote 56 bytes to ecology
[dna] fire wrote 34 bytes to ecology
[dna] fire wrote 40 bytes to ecology
[dna] fire wrote 34 bytes to ecology
[dna] fire wrote 29 bytes to ecology
[dna] fire wrote 28 bytes to ecology
[dna] fire wrote 48 bytes to ecology
[dna] fire wrote 36 bytes to ecology
[dna] fire wrote 48 bytes to ecology
[dna] fire wrote 33 bytes to ecology
[dna] fire wrote 117 bytes to ecology
[dna] fire wrote 61 bytes to ecology
[dna] fire wrote 154 bytes to ecology
[dna] fire wrote 42 bytes to ecology
[debug-onto] tick=200 corpus=137552 stage=2 freeze=0
[dna] fire wrote 86 bytes to ecology
[dna] fire wrote 51 bytes to ecology
[dna] fire wrote 34 bytes to ecology
[dna] fire wrote 51 bytes to ecology
[dna] fire wrote 51 bytes to ecology
[dna] fire wrote 63 bytes to ecology
[dna] fire wrote 48 bytes to ecology
[dna] fire wrote 41 bytes to ecology
[dna] fire wrote 108 bytes to ecology
[dna] fire wrote 108 bytes to ecology
[dna] fire wrote 83 bytes to ecology
[dna] fire wrote 39 bytes to ecology
[dna] fire wrote 64 bytes to ecology
[dna] fire wrote 6 bytes to ecology
[dna] fire wrote 57 bytes to ecology
[dna] fire wrote 72 bytes to ecology
[dna] fire wrote 50 bytes to ecology
[debug-onto] tick=250 corpus=137552 stage=2 freeze=0
[dna] fire wrote 41 bytes to ecology
[dna] fire wrote 87 bytes to ecology
[dna] fire wrote 19 bytes to ecology
[dna] fire wrote 15 bytes to ecology
[dna] fire wrote 41 bytes to ecology
[dna] fire wrote 22 bytes to ecology
[dna] fire wrote 98 bytes to ecology
[dna] fire wrote 32 bytes to ecology
[dna] fire wrote 104 bytes to ecology
[dna] fire wrote 79 bytes to ecology
[dna] fire wrote 71 bytes to ecology
[dna] fire wrote 49 bytes to ecology
[dna] fire wrote 22 bytes to ecology
[dna] fire wrote 55 bytes to ecology
[dna] fire wrote 35 bytes to ecology
[dna] fire wrote 105 bytes to ecology
[debug-onto] tick=300 corpus=137552 stage=2 freeze=0
[dna] fire wrote 123 bytes to ecology
[dna] fire wrote 179 bytes to ecology
[dna] fire wrote 94 bytes to ecology
[dna] fire wrote 121 bytes to ecology
[dna] fire wrote 38 bytes to ecology
[dna] fire wrote 34 bytes to ecology
[dna] fire wrote 39 bytes to ecology
[dna] fire wrote 61 bytes to ecology
[dna] fire wrote 62 bytes to ecology
[dna] fire wrote 27 bytes to ecology
[dna] fire wrote 154 bytes to ecology
[dna] fire wrote 43 bytes to ecology
[dna] fire wrote 47 bytes to ecology
[dna] fire wrote 63 bytes to ecology
[dna] fire wrote 74 bytes to ecology
[dna] fire wrote 58 bytes to ecology
[dna] fire wrote 62 bytes to ecology
[debug-onto] tick=350 corpus=137552 stage=2 freeze=0
[dna] fire wrote 52 bytes to ecology
[dna] fire wrote 123 bytes to ecology
[dna] fire wrote 77 bytes to ecology
[dna] fire wrote 42 bytes to ecology
[dna] fire wrote 65 bytes to ecology
[dna] fire wrote 34 bytes to ecology
[dna] fire wrote 73 bytes to ecology
[dna] fire wrote 58 bytes to ecology
[dna] fire wrote 65 bytes to ecology
[dna] fire wrote 219 bytes to ecology
[dna] fire wrote 22 bytes to ecology
[dna] fire wrote 11 bytes to ecology
[dna] fire wrote 159 bytes to ecology
[dna] fire wrote 56 bytes to ecology
[dna] fire wrote 53 bytes to ecology
[dna] fire wrote 124 bytes to ecology
[dna] fire wrote 65 bytes to ecology
[debug-onto] tick=400 corpus=137552 stage=2 freeze=0
[dna] fire wrote 28 bytes to ecology
[dna] fire wrote 147 bytes to ecology
[dna] fire wrote 152 bytes to ecology
[dna] fire wrote 43 bytes to ecology
[dna] fire wrote 30 bytes to ecology
[dna] fire wrote 69 bytes to ecology
[dna] fire wrote 47 bytes to ecology
[dna] fire wrote 161 bytes to ecology
[dna] fire wrote 40 bytes to ecology
[dna] fire wrote 69 bytes to ecology
[dna] fire wrote 34 bytes to ecology
[dna] fire wrote 53 bytes to ecology
[dna] fire wrote 29 bytes to ecology
[dna] fire wrote 28 bytes to ecology
[dna] fire wrote 8 bytes to ecology
[dna] fire wrote 53 bytes to ecology
[debug-onto] tick=450 corpus=137552 stage=2 freeze=0
[dna] fire wrote 168 bytes to ecology
[dna] fire wrote 70 bytes to ecology
[dna] fire wrote 72 bytes to ecology
[dna] fire wrote 23 bytes to ecology
[dna] fire wrote 42 bytes to ecology
[dna] fire wrote 43 bytes to ecology
[dna] fire wrote 13 bytes to ecology
[dna] fire wrote 112 bytes to ecology
[dna] fire wrote 101 bytes to ecology
[dna] fire wrote 26 bytes to ecology
[dna] fire wrote 112 bytes to ecology
[dna] fire wrote 75 bytes to ecology
[dna] fire wrote 88 bytes to ecology
[dna] fire wrote 36 bytes to ecology
[dna] fire wrote 45 bytes to ecology
[dna] fire wrote 32 bytes to ecology
[dna] fire wrote 146 bytes to ecology
[debug-onto] tick=500 corpus=137552 stage=2 freeze=0
[dna] fire wrote 61 bytes to ecology
[dna] fire wrote 69 bytes to ecology
[dna] fire wrote 26 bytes to ecology
[dna] fire wrote 44 bytes to ecology
[dna] fire wrote 45 bytes to ecology
[dna] fire wrote 29 bytes to ecology
[dna] fire wrote 150 bytes to ecology
[dna] fire wrote 40 bytes to ecology
[dna] fire wrote 46 bytes to ecology
[dna] fire wrote 42 bytes to ecology
[dna] fire wrote 36 bytes to ecology
[dna] fire wrote 48 bytes to ecology
[dna] fire wrote 41 bytes to ecology
[dna] fire wrote 46 bytes to ecology
[dna] fire wrote 41 bytes to ecology
[dna] fire wrote 50 bytes to ecology
[dna] fire wrote 26 bytes to ecology
[debug-onto] tick=550 corpus=137552 stage=2 freeze=0
[dna] fire wrote 43 bytes to ecology
[dna] fire wrote 36 bytes to ecology
[dna] fire wrote 46 bytes to ecology
[dna] fire wrote 32 bytes to ecology
[dna] fire wrote 56 bytes to ecology
[dna] fire wrote 78 bytes to ecology
[dna] fire wrote 39 bytes to ecology
[dna] fire wrote 47 bytes to ecology
[dna] fire wrote 170 bytes to ecology
[dna] fire wrote 21 bytes to ecology
[dna] fire wrote 66 bytes to ecology
[dna] fire wrote 142 bytes to ecology
[dna] fire wrote 56 bytes to ecology
[dna] fire wrote 41 bytes to ecology
[dna] fire wrote 112 bytes to ecology
[dna] fire wrote 111 bytes to ecology
[debug-onto] tick=600 corpus=137552 stage=2 freeze=0
[dna] fire wrote 42 bytes to ecology
[dna] fire wrote 153 bytes to ecology
[dna] fire wrote 90 bytes to ecology
[dna] fire wrote 67 bytes to ecology
[dna] fire wrote 110 bytes to ecology
[dna] fire wrote 37 bytes to ecology
[dna] fire wrote 30 bytes to ecology
[dna] fire wrote 167 bytes to ecology
[dna] fire wrote 113 bytes to ecology
[dna] fire wrote 109 bytes to ecology
[dna] fire wrote 64 bytes to ecology
[dna] fire wrote 55 bytes to ecology
[dna] fire wrote 36 bytes to ecology
[dna] fire wrote 223 bytes to ecology
[dna] fire wrote 50 bytes to ecology
[dna] fire wrote 25 bytes to ecology
[dna] fire wrote 52 bytes to ecology
[debug-onto] tick=650 corpus=137552 stage=2 freeze=0
[dna] fire wrote 46 bytes to ecology
[dna] fire wrote 112 bytes to ecology
[dna] fire wrote 34 bytes to ecology
[dna] fire wrote 76 bytes to ecology
[dna] fire wrote 57 bytes to ecology
[dna] fire wrote 164 bytes to ecology
[dna] fire wrote 15 bytes to ecology
[dna] fire wrote 102 bytes to ecology
[dna] fire wrote 65 bytes to ecology
[dna] fire wrote 49 bytes to ecology
[dna] fire wrote 109 bytes to ecology
[dna] fire wrote 33 bytes to ecology
[dna] fire wrote 36 bytes to ecology
[dna] fire wrote 25 bytes to ecology
[dna] fire wrote 64 bytes to ecology
[dna] fire wrote 44 bytes to ecology
[dna] fire wrote 92 bytes to ecology
[debug-onto] tick=700 corpus=137552 stage=2 freeze=0
[dna] fire wrote 41 bytes to ecology
[dna] fire wrote 50 bytes to ecology
[dna] fire wrote 57 bytes to ecology
[dna] fire wrote 121 bytes to ecology
[dna] fire wrote 52 bytes to ecology
[dna] fire wrote 84 bytes to ecology
[dna] fire wrote 32 bytes to ecology
[dna] fire wrote 45 bytes to ecology
[dna] fire wrote 125 bytes to ecology
[dna] fire wrote 34 bytes to ecology
[dna] fire wrote 27 bytes to ecology
[dna] fire wrote 86 bytes to ecology

[evolution] Organism shutting down gracefully.
