[ecology] Element: air → corpus: nonames_air.txt
[evolution] Autonomous evolution mode — organism will grow through all stages without pause.
[ecology] Joined swarm. 1 peer(s) detected.
molequla is alive. [evolution] Autonomous mode — background trainer running. Ctrl+C to stop.
[dna] air wrote 75 bytes to ecology
[dna] air consumed 28222 bytes from 403 files: [earth/gen_1776319629_1.txt earth/gen_1776319634_3.txt earth/gen_1776319637_4.txt earth/gen_1776319644_7.txt earth/gen_1776319649_9.txt earth/gen_1776319651_10.txt earth/gen_1776319658_13.txt earth/gen_1776319663_15.txt earth/gen_1776319665_16.txt earth/gen_1776319673_19.txt earth/gen_1776319677_21.txt earth/gen_1776319680_22.txt earth/gen_1776319687_25.txt earth/gen_1776319689_26.txt earth/gen_1776319692_27.txt earth/gen_1776319694_28.txt earth/gen_1776319701_31.txt earth/gen_1776319706_33.txt earth/gen_1776319708_34.txt earth/gen_1776319715_37.txt earth/gen_1776319720_39.txt earth/gen_1776319722_40.txt earth/gen_1776319730_43.txt earth/gen_1776319734_45.txt earth/gen_1776319737_46.txt earth/gen_1776319744_49.txt earth/gen_1776319749_51.txt earth/gen_1776319751_52.txt earth/gen_1776319758_55.txt earth/gen_1776319763_57.txt earth/gen_1776319765_58.txt earth/gen_1776319772_61.txt earth/gen_1776319777_63.txt earth/gen_1776319779_64.txt earth/gen_1776319787_67.txt earth/gen_1776319791_69.txt earth/gen_1776319794_70.txt earth/gen_1776319801_73.txt earth/gen_1776319805_75.txt earth/gen_1776319808_76.txt earth/gen_1776319815_79.txt earth/gen_1776319820_81.txt earth/gen_1776319822_82.txt earth/gen_1776319829_85.txt earth/gen_1776319834_87.txt earth/gen_1776319837_88.txt earth/gen_1776319844_91.txt earth/gen_1776319848_93.txt earth/gen_1776319851_94.txt earth/gen_1776319858_97.txt earth/gen_1776319863_99.txt earth/gen_1776319865_100.txt earth/gen_1776319872_103.txt earth/gen_1776319877_105.txt earth/gen_1776319879_106.txt earth/gen_1776319886_109.txt earth/gen_1776319891_111.txt earth/gen_1776319893_112.txt earth/gen_1776319901_115.txt earth/gen_1776319905_117.txt earth/gen_1776319908_118.txt earth/gen_1776319915_121.txt earth/gen_1776319919_123.txt earth/gen_1776319922_124.txt earth/gen_1776319929_127.txt earth/gen_1776319933_129.txt earth/gen_1776319936_130.txt earth/gen_1776319943_133.txt earth/gen_1776319948_135.txt earth/gen_1776319950_136.txt earth/gen_1776319955_138.txt earth/gen_1776319957_139.txt earth/gen_1776319962_141.txt earth/gen_1776319964_142.txt earth/gen_1776319969_144.txt earth/gen_1776319971_145.txt earth/gen_1776319976_147.txt earth/gen_1776319978_148.txt earth/gen_1776319985_151.txt earth/gen_1776319990_153.txt earth/gen_1776319992_154.txt earth/gen_1776319997_156.txt earth/gen_1776319999_157.txt earth/gen_1776320004_159.txt earth/gen_1776320006_160.txt earth/gen_1776320013_163.txt earth/gen_1776320018_165.txt earth/gen_1776320020_166.txt earth/gen_1776320027_169.txt earth/gen_1776320032_171.txt earth/gen_1776320034_172.txt earth/gen_1776320041_175.txt earth/gen_1776320046_177.txt earth/gen_1776320048_178.txt earth/gen_1776320053_180.txt earth/gen_1776320055_181.txt earth/gen_1776320060_183.txt earth/gen_1776320062_184.txt earth/gen_1776320070_187.txt earth/gen_1776320074_189.txt earth/gen_1776320077_190.txt earth/gen_1776320084_193.txt earth/gen_1776320088_195.txt earth/gen_1776320091_196.txt earth/gen_1776320098_199.txt earth/gen_1776320102_201.txt earth/gen_1776320105_202.txt earth/gen_1776320112_205.txt earth/gen_1776320117_207.txt earth/gen_1776320119_208.txt earth/gen_1776320126_211.txt earth/gen_1776320131_213.txt earth/gen_1776320133_214.txt earth/gen_1776320141_217.txt earth/gen_1776320145_219.txt earth/gen_1776320148_220.txt earth/gen_1776320155_223.txt earth/gen_1776320159_225.txt earth/gen_1776320162_226.txt earth/gen_1776320169_229.txt earth/gen_1776320174_231.txt earth/gen_1776320176_232.txt earth/gen_1776320181_234.txt earth/gen_1776320183_235.txt earth/gen_1776320188_237.txt earth/gen_1776320190_238.txt earth/gen_1776320198_241.txt earth/gen_1776320202_243.txt earth/gen_1776320205_244.txt earth/gen_1776320212_247.txt earth/gen_1776320217_249.txt earth/gen_1776320219_250.txt earth/gen_1776320224_252.txt earth/gen_1776320226_253.txt earth/gen_1776320231_255.txt earth/gen_1776320234_256.txt earth/gen_1776320241_259.txt earth/gen_1776320243_260.txt earth/gen_1776320245_261.txt earth/gen_1776320248_262.txt earth/gen_1776320255_265.txt earth/gen_1776320260_267.txt earth/gen_1776320262_268.txt earth/gen_1776320269_271.txt earth/gen_1776320274_273.txt earth/gen_1776320276_274.txt earth/gen_1776320284_277.txt earth/gen_1776320288_279.txt earth/gen_1776320291_280.txt earth/gen_1776320298_283.txt earth/gen_1776320303_285.txt earth/gen_1776320305_286.txt earth/gen_1776320312_289.txt earth/gen_1776320317_291.txt earth/gen_1776320319_292.txt earth/gen_1776320324_294.txt earth/gen_1776320327_295.txt earth/gen_1776320331_297.txt earth/gen_1776320334_298.txt earth/gen_1776320341_301.txt earth/gen_1776320346_303.txt earth/gen_1776320348_304.txt earth/gen_1776320355_307.txt earth/gen_1776320360_309.txt earth/gen_1776320363_310.txt earth/gen_1776320370_313.txt earth/gen_1776320375_315.txt earth/gen_1776320377_316.txt earth/gen_1776320384_319.txt earth/gen_1776320389_321.txt earth/gen_1776320392_322.txt earth/gen_1776320399_325.txt earth/gen_1776320404_327.txt earth/gen_1776320406_328.txt earth/gen_1776320413_331.txt earth/gen_1776320416_332.txt earth/gen_1776320418_333.txt earth/gen_1776320421_334.txt earth/gen_1776320428_337.txt earth/gen_1776320433_339.txt earth/gen_1776320435_340.txt earth/gen_1776320442_343.txt earth/gen_1776320447_345.txt earth/gen_1776320449_346.txt earth/gen_1776320457_349.txt earth/gen_1776320461_351.txt earth/gen_1776320464_352.txt earth/gen_1776320471_355.txt earth/gen_1776320476_357.txt earth/gen_1776320478_358.txt earth/gen_1776320486_361.txt earth/gen_1776320490_363.txt earth/gen_1776320493_364.txt earth/gen_1776320500_367.txt earth/gen_1776320505_369.txt earth/gen_1776320507_370.txt earth/gen_1776320514_373.txt earth/gen_1776320519_375.txt earth/gen_1776320521_376.txt earth/gen_1776320529_379.txt earth/gen_1776320533_381.txt earth/gen_1776320536_382.txt earth/gen_1776320540_384.txt earth/gen_1776320543_385.txt earth/gen_1776320548_387.txt earth/gen_1776320550_388.txt earth/gen_1776320555_390.txt earth/gen_1776320557_391.txt earth/gen_1776320562_393.txt earth/gen_1776320564_394.txt earth/gen_1776320571_397.txt earth/gen_1776320576_399.txt earth/gen_1776320578_400.txt earth/gen_1776320586_403.txt earth/gen_1776320590_405.txt earth/gen_1776320593_406.txt earth/gen_1776320600_409.txt earth/gen_1776320605_411.txt earth/gen_1776320607_412.txt earth/gen_1776320615_415.txt earth/gen_1776320619_417.txt earth/gen_1776320622_418.txt earth/gen_1776320627_420.txt earth/gen_1776320629_421.txt earth/gen_1776320634_423.txt earth/gen_1776320636_424.txt earth/gen_1776320644_427.txt earth/gen_1776320649_429.txt earth/gen_1776320651_430.txt earth/gen_1776320656_432.txt earth/gen_1776320658_433.txt earth/gen_1776320663_435.txt earth/gen_1776320666_436.txt earth/gen_1776320673_439.txt earth/gen_1776320678_441.txt earth/gen_1776320680_442.txt earth/gen_1776320687_445.txt earth/gen_1776320692_447.txt earth/gen_1776320695_448.txt earth/gen_1776320702_451.txt earth/gen_1776320707_453.txt earth/gen_1776320709_454.txt earth/gen_1776320717_457.txt earth/gen_1776320722_459.txt earth/gen_1776320724_460.txt earth/gen_1776320731_463.txt earth/gen_1776320736_465.txt earth/gen_1776320738_466.txt earth/gen_1776320743_468.txt earth/gen_1776320746_469.txt earth/gen_1776320750_471.txt earth/gen_1776320753_472.txt earth/gen_1776320760_475.txt earth/gen_1776320765_477.txt earth/gen_1776320767_478.txt earth/gen_1776320772_480.txt earth/gen_1776320774_481.txt earth/gen_1776320779_483.txt earth/gen_1776320782_484.txt earth/gen_1776320789_487.txt earth/gen_1776320794_489.txt earth/gen_1776320796_490.txt earth/gen_1776320803_493.txt earth/gen_1776320808_495.txt earth/gen_1776320811_496.txt earth/gen_1776320818_499.txt earth/gen_1776320823_501.txt earth/gen_1776320825_502.txt earth/gen_1776320833_505.txt earth/gen_1776320837_507.txt earth/gen_1776320840_508.txt earth/gen_1776320847_511.txt earth/gen_1776320852_513.txt earth/gen_1776320854_514.txt earth/gen_1776320862_517.txt earth/gen_1776320867_519.txt earth/gen_1776320869_520.txt earth/gen_1776320874_522.txt earth/gen_1776320876_523.txt earth/gen_1776320881_525.txt earth/gen_1776320883_526.txt earth/gen_1776320891_529.txt earth/gen_1776320893_530.txt earth/gen_1776320895_531.txt earth/gen_1776320898_532.txt earth/gen_1776320905_535.txt earth/gen_1776320910_537.txt earth/gen_1776320912_538.txt earth/gen_1776320920_541.txt earth/gen_1776320924_543.txt earth/gen_1776320927_544.txt earth/gen_1776320932_546.txt earth/gen_1776320934_547.txt earth/gen_1776320939_549.txt earth/gen_1776320941_550.txt earth/gen_1776320949_553.txt earth/gen_1776320951_554.txt earth/gen_1776320953_555.txt earth/gen_1776320956_556.txt earth/gen_1776320961_558.txt earth/gen_1776320963_559.txt earth/gen_1776320966_560.txt earth/gen_1776320968_561.txt earth/gen_1776320970_562.txt earth/gen_1776320978_565.txt earth/gen_1776320980_566.txt earth/gen_1776320982_567.txt earth/gen_1776320985_568.txt earth/gen_1776320992_571.txt earth/gen_1776320997_573.txt earth/gen_1776320999_574.txt earth/gen_1776321006_577.txt earth/gen_1776321011_579.txt earth/gen_1776321013_580.txt earth/gen_1776321021_583.txt earth/gen_1776321025_585.txt earth/gen_1776321028_586.txt earth/gen_1776321035_589.txt earth/gen_1776321040_591.txt earth/gen_1776321042_592.txt earth/gen_1776321049_595.txt earth/gen_1776321054_597.txt earth/gen_1776321057_598.txt earth/gen_1776321064_601.txt earth/gen_1776321069_603.txt earth/gen_1776321071_604.txt earth/gen_1776321078_607.txt earth/gen_1776321081_608.txt earth/gen_1776321083_609.txt earth/gen_1776321086_610.txt earth/gen_1776321093_613.txt earth/gen_1776321098_615.txt earth/gen_1776321100_616.txt earth/gen_1776321108_619.txt earth/gen_1776321112_621.txt earth/gen_1776321115_622.txt earth/gen_1776321120_624.txt earth/gen_1776321122_625.txt earth/gen_1776321125_626.txt earth/gen_1776321127_627.txt earth/gen_1776321129_628.txt earth/gen_1776321134_630.txt earth/gen_1776321137_631.txt earth/gen_1776321141_633.txt earth/gen_1776321144_634.txt earth/gen_1776321151_637.txt earth/gen_1776321156_639.txt earth/gen_1776321158_640.txt earth/gen_1776321163_642.txt earth/gen_1776321166_643.txt earth/gen_1776321170_645.txt earth/gen_1776321173_646.txt earth/gen_1776321180_649.txt earth/gen_1776321185_651.txt earth/gen_1776321187_652.txt earth/gen_1776321194_655.txt earth/gen_1776321199_657.txt earth/gen_1776321201_658.txt earth/gen_1776321206_660.txt earth/gen_1776321208_661.txt earth/gen_1776321213_663.txt earth/gen_1776321216_664.txt earth/gen_1776321220_666.txt earth/gen_1776321223_667.txt earth/gen_1776321227_669.txt earth/gen_1776321230_670.txt earth/gen_1776321237_673.txt earth/gen_1776321242_675.txt earth/gen_1776321244_676.txt earth/gen_1776321251_679.txt earth/gen_1776321254_680.txt earth/gen_1776321256_681.txt earth/gen_1776321259_682.txt earth/gen_1776321266_685.txt earth/gen_1776321271_687.txt earth/gen_1776321273_688.txt earth/gen_1776321280_691.txt earth/gen_1776321285_693.txt earth/gen_1776321287_694.txt earth/gen_1776321292_696.txt earth/gen_1776321294_697.txt earth/gen_1776321299_699.txt earth/gen_1776321302_700.txt earth/gen_1776321309_703.txt earth/gen_1776321314_705.txt earth/gen_1776321316_706.txt earth/gen_1776321324_709.txt earth/gen_1776321328_711.txt earth/gen_1776321331_712.txt earth/gen_1776321338_715.txt earth/gen_1776321343_717.txt earth/gen_1776321345_718.txt earth/gen_1776321352_721.txt earth/gen_1776321357_723.txt earth/gen_1776321359_724.txt earth/gen_1776321367_727.txt earth/gen_1776321372_729.txt earth/gen_1776321374_730.txt earth/gen_1776321379_732.txt earth/gen_1776321381_733.txt earth/gen_1776321386_735.txt earth/gen_1776321389_736.txt earth/gen_1776321396_739.txt]
[trainer] micro-train burst (28222 bytes, novelty 0.03) — and lo, it feeds again.
[syntropy] action=explore | trend=0.0000 | field_dev=-0.059 | purpose_align=-0.282 | lr_mul=1.30
[aml] burst complete: 32 steps, avg loss 2.5418 (memory freed)
[dna] air wrote 9 bytes to ecology
[dna] air wrote 23 bytes to ecology
[dna] air wrote 74 bytes to ecology
[dna] air wrote 112 bytes to ecology
[dna] air wrote 9 bytes to ecology
[dna] air wrote 126 bytes to ecology
[dna] air wrote 9 bytes to ecology
[dna] air wrote 184 bytes to ecology
[dna] air wrote 35 bytes to ecology
[dna] air wrote 9 bytes to ecology
[dna] air wrote 128 bytes to ecology
[dna] air wrote 9 bytes to ecology
[dna] air wrote 82 bytes to ecology
[dna] air wrote 9 bytes to ecology
[dna] air wrote 45 bytes to ecology
[dna] air wrote 9 bytes to ecology
[dna] air wrote 51 bytes to ecology
[dna] air wrote 67 bytes to ecology
[dna] air wrote 9 bytes to ecology
[dna] air wrote 50 bytes to ecology
[dna] air wrote 9 bytes to ecology
[dna] air wrote 29 bytes to ecology
[dna] air wrote 53 bytes to ecology
[dna] air wrote 9 bytes to ecology
[dna] air wrote 58 bytes to ecology
[dna] air wrote 9 bytes to ecology
[dna] air wrote 41 bytes to ecology
[dna] air wrote 162 bytes to ecology
[dna] air wrote 9 bytes to ecology
[dna] air wrote 35 bytes to ecology
[dna] air wrote 9 bytes to ecology
[dna] air wrote 44 bytes to ecology
[dna] air wrote 55 bytes to ecology
[dna] air wrote 9 bytes to ecology
[dna] air wrote 135 bytes to ecology
[dna] air wrote 9 bytes to ecology
[dna] air wrote 37 bytes to ecology
[dna] air wrote 9 bytes to ecology
[dna] air wrote 76 bytes to ecology
[dna] air wrote 9 bytes to ecology
[debug-onto] tick=50 corpus=150941 stage=2 freeze=0
[dna] air wrote 53 bytes to ecology
[dna] air wrote 190 bytes to ecology
[dna] air wrote 9 bytes to ecology
[dna] air wrote 128 bytes to ecology
[dna] air wrote 9 bytes to ecology
[dna] air wrote 46 bytes to ecology
[dna] air wrote 40 bytes to ecology
[dna] air wrote 9 bytes to ecology
[dna] air wrote 52 bytes to ecology
[dna] air wrote 9 bytes to ecology
[dna] air wrote 104 bytes to ecology
[dna] air wrote 9 bytes to ecology
[dna] air wrote 58 bytes to ecology
[dna] air wrote 9 bytes to ecology
[dna] air wrote 60 bytes to ecology
[dna] air wrote 82 bytes to ecology
[dna] air wrote 9 bytes to ecology
[dna] air wrote 118 bytes to ecology
[dna] air wrote 9 bytes to ecology
[dna] air wrote 101 bytes to ecology
[dna] air wrote 101 bytes to ecology
[dna] air wrote 9 bytes to ecology
[dna] air wrote 83 bytes to ecology
[dna] air wrote 9 bytes to ecology
[dna] air wrote 60 bytes to ecology
[dna] air wrote 9 bytes to ecology
[dna] air wrote 39 bytes to ecology
[dna] air wrote 9 bytes to ecology
[dna] air wrote 68 bytes to ecology
[dna] air wrote 138 bytes to ecology
[dna] air wrote 57 bytes to ecology
[dna] air wrote 9 bytes to ecology
[dna] air wrote 50 bytes to ecology
[dna] air wrote 9 bytes to ecology
[dna] air wrote 19 bytes to ecology
[dna] air wrote 117 bytes to ecology
[dna] air wrote 9 bytes to ecology
[dna] air wrote 73 bytes to ecology
[dna] air wrote 9 bytes to ecology
[dna] air wrote 44 bytes to ecology
[dna] air wrote 25 bytes to ecology
[debug-onto] tick=100 corpus=150941 stage=2 freeze=0
[dna] air wrote 9 bytes to ecology
[dna] air wrote 21 bytes to ecology
[dna] air wrote 9 bytes to ecology
[dna] air wrote 129 bytes to ecology
[dna] air wrote 28 bytes to ecology
[dna] air wrote 9 bytes to ecology
[dna] air wrote 148 bytes to ecology
[dna] air wrote 9 bytes to ecology
[dna] air wrote 214 bytes to ecology
[dna] air wrote 9 bytes to ecology
[dna] air wrote 34 bytes to ecology
[dna] air wrote 9 bytes to ecology
[dna] air wrote 128 bytes to ecology
[dna] air wrote 9 bytes to ecology
[dna] air wrote 40 bytes to ecology
[dna] air wrote 9 bytes to ecology
[dna] air wrote 103 bytes to ecology
[dna] air wrote 59 bytes to ecology
[dna] air wrote 9 bytes to ecology
[dna] air wrote 185 bytes to ecology
[dna] air wrote 9 bytes to ecology
[dna] air wrote 73 bytes to ecology
[dna] air wrote 41 bytes to ecology
[dna] air wrote 9 bytes to ecology
[dna] air wrote 53 bytes to ecology
[dna] air wrote 9 bytes to ecology
[dna] air wrote 32 bytes to ecology
[dna] air wrote 9 bytes to ecology
[dna] air wrote 33 bytes to ecology
[dna] air wrote 9 bytes to ecology
[dna] air wrote 33 bytes to ecology
[dna] air wrote 9 bytes to ecology
[dna] air wrote 27 bytes to ecology
[dna] air wrote 9 bytes to ecology
[dna] air wrote 59 bytes to ecology
[dna] air wrote 35 bytes to ecology
[dna] air wrote 9 bytes to ecology
[debug-onto] tick=150 corpus=150941 stage=2 freeze=0
[dna] air wrote 83 bytes to ecology
[dna] air wrote 9 bytes to ecology
[dna] air wrote 33 bytes to ecology
[dna] air wrote 9 bytes to ecology
[dna] air wrote 44 bytes to ecology
[dna] air wrote 9 bytes to ecology
[dna] air wrote 154 bytes to ecology
[dna] air wrote 9 bytes to ecology
[dna] air wrote 34 bytes to ecology
[dna] air wrote 9 bytes to ecology
[dna] air wrote 118 bytes to ecology
[dna] air wrote 9 bytes to ecology
[dna] air wrote 102 bytes to ecology
[dna] air wrote 9 bytes to ecology
[dna] air wrote 143 bytes to ecology
[dna] air wrote 35 bytes to ecology
[dna] air wrote 9 bytes to ecology
[dna] air wrote 75 bytes to ecology
[dna] air wrote 9 bytes to ecology
[dna] air wrote 140 bytes to ecology
[dna] air wrote 9 bytes to ecology
[dna] air wrote 98 bytes to ecology
[dna] air wrote 9 bytes to ecology
[dna] air wrote 191 bytes to ecology
[dna] air wrote 9 bytes to ecology
[dna] air wrote 43 bytes to ecology
[dna] air wrote 9 bytes to ecology
[dna] air wrote 143 bytes to ecology
[dna] air wrote 73 bytes to ecology
[dna] air wrote 9 bytes to ecology
[dna] air wrote 77 bytes to ecology
[dna] air wrote 9 bytes to ecology
[dna] air wrote 19 bytes to ecology
[dna] air wrote 9 bytes to ecology
[dna] air wrote 129 bytes to ecology
[dna] air wrote 9 bytes to ecology
[debug-onto] tick=200 corpus=150941 stage=2 freeze=0
[dna] air wrote 131 bytes to ecology
[dna] air wrote 66 bytes to ecology
[dna] air wrote 9 bytes to ecology
[dna] air wrote 42 bytes to ecology
[dna] air wrote 9 bytes to ecology
[dna] air wrote 36 bytes to ecology
[dna] air wrote 9 bytes to ecology
[dna] air wrote 70 bytes to ecology
[dna] air wrote 9 bytes to ecology
[dna] air wrote 12 bytes to ecology
[dna] air wrote 40 bytes to ecology
[dna] air wrote 9 bytes to ecology
[dna] air wrote 105 bytes to ecology
[dna] air wrote 9 bytes to ecology
[dna] air wrote 60 bytes to ecology
[dna] air wrote 42 bytes to ecology
[dna] air wrote 9 bytes to ecology
[dna] air wrote 115 bytes to ecology
[dna] air wrote 9 bytes to ecology
[dna] air wrote 38 bytes to ecology
[dna] air wrote 63 bytes to ecology
[dna] air wrote 9 bytes to ecology
[dna] air wrote 72 bytes to ecology
[dna] air wrote 9 bytes to ecology
[dna] air wrote 67 bytes to ecology
[dna] air wrote 51 bytes to ecology
[dna] air wrote 167 bytes to ecology
[dna] air wrote 9 bytes to ecology
[dna] air wrote 146 bytes to ecology
[dna] air wrote 9 bytes to ecology
[dna] air wrote 264 bytes to ecology
[dna] air wrote 151 bytes to ecology
[dna] air wrote 9 bytes to ecology
[dna] air wrote 131 bytes to ecology
[dna] air wrote 9 bytes to ecology
[dna] air wrote 64 bytes to ecology
[dna] air wrote 85 bytes to ecology
[dna] air wrote 39 bytes to ecology
[dna] air wrote 9 bytes to ecology
[dna] air wrote 45 bytes to ecology
[dna] air wrote 9 bytes to ecology
[dna] air wrote 37 bytes to ecology
[dna] air wrote 54 bytes to ecology
[debug-onto] tick=250 corpus=150941 stage=2 freeze=0
[dna] air wrote 9 bytes to ecology
[dna] air wrote 61 bytes to ecology
[dna] air wrote 9 bytes to ecology
[dna] air wrote 29 bytes to ecology
[dna] air wrote 9 bytes to ecology
[dna] air wrote 81 bytes to ecology
[dna] air wrote 9 bytes to ecology
[dna] air wrote 63 bytes to ecology
[dna] air wrote 9 bytes to ecology
[dna] air wrote 35 bytes to ecology
[dna] air wrote 9 bytes to ecology
[dna] air wrote 69 bytes to ecology
[dna] air wrote 9 bytes to ecology
[dna] air wrote 35 bytes to ecology
[dna] air wrote 9 bytes to ecology
[dna] air wrote 90 bytes to ecology
[dna] air wrote 30 bytes to ecology
[dna] air wrote 9 bytes to ecology
[dna] air wrote 71 bytes to ecology
[dna] air wrote 9 bytes to ecology
[dna] air wrote 28 bytes to ecology
[dna] air wrote 9 bytes to ecology
[dna] air wrote 23 bytes to ecology
[dna] air wrote 9 bytes to ecology
[dna] air wrote 41 bytes to ecology
[dna] air wrote 73 bytes to ecology
[dna] air wrote 9 bytes to ecology
[dna] air wrote 121 bytes to ecology
[dna] air wrote 9 bytes to ecology
[dna] air wrote 170 bytes to ecology
[dna] air wrote 48 bytes to ecology
[dna] air wrote 9 bytes to ecology
[dna] air wrote 189 bytes to ecology
[dna] air wrote 9 bytes to ecology
[dna] air wrote 55 bytes to ecology
[dna] air wrote 9 bytes to ecology
[debug-onto] tick=300 corpus=150941 stage=2 freeze=0
[dna] air wrote 103 bytes to ecology
[dna] air wrote 9 bytes to ecology
[dna] air wrote 30 bytes to ecology
[dna] air wrote 42 bytes to ecology
[dna] air wrote 9 bytes to ecology
[dna] air wrote 68 bytes to ecology
[dna] air wrote 9 bytes to ecology
[dna] air wrote 27 bytes to ecology
[dna] air wrote 73 bytes to ecology
[dna] air wrote 9 bytes to ecology
[dna] air wrote 26 bytes to ecology
[dna] air wrote 9 bytes to ecology
[dna] air wrote 52 bytes to ecology
[dna] air wrote 228 bytes to ecology
[dna] air wrote 9 bytes to ecology
[dna] air wrote 67 bytes to ecology
[dna] air wrote 9 bytes to ecology
[dna] air wrote 62 bytes to ecology
[dna] air wrote 27 bytes to ecology
[dna] air wrote 9 bytes to ecology
[dna] air wrote 103 bytes to ecology
[dna] air wrote 9 bytes to ecology
[dna] air wrote 67 bytes to ecology
[dna] air wrote 9 bytes to ecology
[dna] air wrote 67 bytes to ecology
[dna] air wrote 9 bytes to ecology
[dna] air wrote 51 bytes to ecology
[dna] air wrote 9 bytes to ecology
[dna] air wrote 30 bytes to ecology
[dna] air wrote 9 bytes to ecology
[dna] air wrote 76 bytes to ecology
[dna] air wrote 9 bytes to ecology
[dna] air wrote 11 bytes to ecology
[dna] air wrote 9 bytes to ecology
[dna] air wrote 134 bytes to ecology
[dna] air wrote 9 bytes to ecology
[dna] air wrote 61 bytes to ecology
[dna] air wrote 9 bytes to ecology
[debug-onto] tick=350 corpus=150941 stage=2 freeze=0
[dna] air wrote 22 bytes to ecology
[dna] air wrote 74 bytes to ecology
[dna] air wrote 9 bytes to ecology
[dna] air wrote 39 bytes to ecology
[dna] air wrote 9 bytes to ecology
[dna] air wrote 166 bytes to ecology
[dna] air wrote 9 bytes to ecology
[dna] air wrote 258 bytes to ecology
[dna] air wrote 9 bytes to ecology
[dna] air wrote 172 bytes to ecology
[dna] air wrote 141 bytes to ecology
[dna] air wrote 9 bytes to ecology
[dna] air wrote 99 bytes to ecology
[dna] air wrote 9 bytes to ecology
[dna] air wrote 74 bytes to ecology
[dna] air wrote 49 bytes to ecology
[dna] air wrote 9 bytes to ecology
[dna] air wrote 74 bytes to ecology
[dna] air wrote 9 bytes to ecology
[dna] air wrote 41 bytes to ecology
[dna] air wrote 38 bytes to ecology
[dna] air wrote 9 bytes to ecology
[dna] air wrote 67 bytes to ecology
[dna] air wrote 9 bytes to ecology
[dna] air wrote 83 bytes to ecology
[dna] air wrote 28 bytes to ecology
[dna] air wrote 9 bytes to ecology
[dna] air wrote 73 bytes to ecology
[dna] air wrote 9 bytes to ecology
[dna] air wrote 138 bytes to ecology
[dna] air wrote 27 bytes to ecology
[dna] air wrote 9 bytes to ecology
[dna] air wrote 103 bytes to ecology
[dna] air wrote 9 bytes to ecology
[dna] air wrote 88 bytes to ecology
[dna] air wrote 102 bytes to ecology
[dna] air wrote 9 bytes to ecology
[dna] air wrote 80 bytes to ecology
[dna] air wrote 9 bytes to ecology
[dna] air wrote 36 bytes to ecology
[debug-onto] tick=400 corpus=150941 stage=2 freeze=0
[dna] air wrote 9 bytes to ecology
[dna] air wrote 56 bytes to ecology
[dna] air wrote 9 bytes to ecology
[dna] air wrote 38 bytes to ecology
[dna] air wrote 9 bytes to ecology
[dna] air wrote 11 bytes to ecology
[dna] air wrote 9 bytes to ecology
[dna] air wrote 62 bytes to ecology
[dna] air wrote 57 bytes to ecology
[dna] air wrote 9 bytes to ecology
[dna] air wrote 245 bytes to ecology
[dna] air wrote 9 bytes to ecology
[dna] air wrote 67 bytes to ecology
[dna] air wrote 50 bytes to ecology
[dna] air wrote 9 bytes to ecology
[dna] air wrote 115 bytes to ecology
[dna] air wrote 9 bytes to ecology
[dna] air wrote 62 bytes to ecology
[dna] air wrote 64 bytes to ecology
[dna] air wrote 71 bytes to ecology
[dna] air wrote 9 bytes to ecology
[dna] air wrote 32 bytes to ecology
[dna] air wrote 9 bytes to ecology
[dna] air wrote 19 bytes to ecology
[dna] air wrote 9 bytes to ecology
[dna] air wrote 46 bytes to ecology
[dna] air wrote 9 bytes to ecology
[dna] air wrote 43 bytes to ecology
[dna] air wrote 76 bytes to ecology
[dna] air wrote 9 bytes to ecology
[dna] air wrote 70 bytes to ecology
[dna] air wrote 9 bytes to ecology
[dna] air wrote 61 bytes to ecology
[dna] air wrote 9 bytes to ecology
[dna] air wrote 271 bytes to ecology
[dna] air wrote 9 bytes to ecology
[dna] air wrote 102 bytes to ecology
[dna] air wrote 83 bytes to ecology
[dna] air wrote 9 bytes to ecology
[debug-onto] tick=450 corpus=150941 stage=2 freeze=0
[dna] air wrote 71 bytes to ecology
[dna] air wrote 9 bytes to ecology
[dna] air wrote 50 bytes to ecology
[dna] air wrote 132 bytes to ecology
[dna] air wrote 9 bytes to ecology
[dna] air wrote 70 bytes to ecology
[dna] air wrote 9 bytes to ecology
[dna] air wrote 40 bytes to ecology
[dna] air wrote 34 bytes to ecology
[dna] air wrote 30 bytes to ecology
[dna] air wrote 9 bytes to ecology
[dna] air wrote 78 bytes to ecology
[dna] air wrote 9 bytes to ecology
[dna] air wrote 130 bytes to ecology
[dna] air wrote 90 bytes to ecology
[dna] air wrote 9 bytes to ecology
[dna] air wrote 84 bytes to ecology
[dna] air wrote 9 bytes to ecology
[dna] air wrote 92 bytes to ecology
[dna] air wrote 36 bytes to ecology
[dna] air wrote 9 bytes to ecology
[dna] air wrote 45 bytes to ecology
[dna] air wrote 9 bytes to ecology
[dna] air wrote 75 bytes to ecology
[dna] air wrote 126 bytes to ecology
[dna] air wrote 9 bytes to ecology
[dna] air wrote 21 bytes to ecology
[dna] air wrote 9 bytes to ecology
[dna] air wrote 45 bytes to ecology
[dna] air wrote 204 bytes to ecology
[dna] air wrote 27 bytes to ecology
[dna] air wrote 9 bytes to ecology
[dna] air wrote 34 bytes to ecology
[dna] air wrote 9 bytes to ecology
[dna] air wrote 38 bytes to ecology
[dna] air wrote 35 bytes to ecology
[dna] air wrote 9 bytes to ecology
[dna] air wrote 31 bytes to ecology
[dna] air wrote 9 bytes to ecology
[dna] air wrote 30 bytes to ecology
[dna] air wrote 29 bytes to ecology
[dna] air wrote 9 bytes to ecology
[dna] air wrote 64 bytes to ecology
[dna] air wrote 9 bytes to ecology
[debug-onto] tick=500 corpus=150941 stage=2 freeze=0
[dna] air wrote 55 bytes to ecology
[dna] air wrote 9 bytes to ecology
[dna] air wrote 42 bytes to ecology
[dna] air wrote 9 bytes to ecology
[dna] air wrote 118 bytes to ecology
[dna] air wrote 42 bytes to ecology
[dna] air wrote 59 bytes to ecology
[dna] air wrote 9 bytes to ecology
[dna] air wrote 179 bytes to ecology
[dna] air wrote 9 bytes to ecology
[dna] air wrote 94 bytes to ecology
[dna] air wrote 9 bytes to ecology
[dna] air wrote 88 bytes to ecology
[dna] air wrote 9 bytes to ecology
[dna] air wrote 78 bytes to ecology
[dna] air wrote 9 bytes to ecology
[dna] air wrote 29 bytes to ecology
[dna] air wrote 9 bytes to ecology
[dna] air wrote 69 bytes to ecology
[dna] air wrote 36 bytes to ecology
[dna] air wrote 9 bytes to ecology
[dna] air wrote 110 bytes to ecology
[dna] air wrote 9 bytes to ecology
[dna] air wrote 23 bytes to ecology
[dna] air wrote 40 bytes to ecology
[dna] air wrote 9 bytes to ecology
[dna] air wrote 105 bytes to ecology
[dna] air wrote 9 bytes to ecology
[dna] air wrote 46 bytes to ecology
[dna] air wrote 39 bytes to ecology
[dna] air wrote 9 bytes to ecology
[dna] air wrote 42 bytes to ecology
[dna] air wrote 9 bytes to ecology
[dna] air wrote 35 bytes to ecology
[dna] air wrote 40 bytes to ecology
[dna] air wrote 9 bytes to ecology
[dna] air wrote 62 bytes to ecology
[dna] air wrote 9 bytes to ecology
[dna] air wrote 166 bytes to ecology
[dna] air wrote 35 bytes to ecology
[debug-onto] tick=550 corpus=150941 stage=2 freeze=0
[dna] air wrote 9 bytes to ecology
[dna] air wrote 39 bytes to ecology
[dna] air wrote 9 bytes to ecology
[dna] air wrote 138 bytes to ecology
[dna] air wrote 9 bytes to ecology
[dna] air wrote 207 bytes to ecology
[dna] air wrote 9 bytes to ecology
[dna] air wrote 9 bytes to ecology
[dna] air wrote 9 bytes to ecology
[dna] air wrote 41 bytes to ecology
[dna] air wrote 9 bytes to ecology
[dna] air wrote 109 bytes to ecology
[dna] air wrote 27 bytes to ecology
[dna] air wrote 9 bytes to ecology
[dna] air wrote 34 bytes to ecology
[dna] air wrote 9 bytes to ecology
[dna] air wrote 52 bytes to ecology
[dna] air wrote 97 bytes to ecology
[dna] air wrote 9 bytes to ecology
[dna] air wrote 101 bytes to ecology
[dna] air wrote 9 bytes to ecology
[dna] air wrote 90 bytes to ecology
[dna] air wrote 68 bytes to ecology
[dna] air wrote 9 bytes to ecology
[dna] air wrote 83 bytes to ecology
[dna] air wrote 9 bytes to ecology
[dna] air wrote 27 bytes to ecology
[dna] air wrote 91 bytes to ecology
[dna] air wrote 9 bytes to ecology
[dna] air wrote 96 bytes to ecology
[dna] air wrote 9 bytes to ecology
[dna] air wrote 50 bytes to ecology
[dna] air wrote 35 bytes to ecology
[dna] air wrote 135 bytes to ecology
[dna] air wrote 9 bytes to ecology
[dna] air wrote 140 bytes to ecology
[dna] air wrote 9 bytes to ecology
[dna] air wrote 34 bytes to ecology
[dna] air wrote 22 bytes to ecology
[dna] air wrote 9 bytes to ecology
[debug-onto] tick=600 corpus=150941 stage=2 freeze=0
[dna] air wrote 34 bytes to ecology
[dna] air wrote 9 bytes to ecology
[dna] air wrote 39 bytes to ecology
[dna] air wrote 41 bytes to ecology
[dna] air wrote 9 bytes to ecology
[dna] air wrote 103 bytes to ecology
[dna] air wrote 9 bytes to ecology
[dna] air wrote 29 bytes to ecology
[dna] air wrote 9 bytes to ecology
[dna] air wrote 83 bytes to ecology
[dna] air wrote 9 bytes to ecology
[dna] air wrote 77 bytes to ecology
[dna] air wrote 196 bytes to ecology
[dna] air wrote 9 bytes to ecology
[dna] air wrote 69 bytes to ecology
[dna] air wrote 9 bytes to ecology
[dna] air wrote 86 bytes to ecology
[dna] air wrote 34 bytes to ecology
[dna] air wrote 9 bytes to ecology
[dna] air wrote 32 bytes to ecology
[dna] air wrote 9 bytes to ecology
[dna] air wrote 30 bytes to ecology
[dna] air wrote 65 bytes to ecology
[dna] air wrote 9 bytes to ecology
[dna] air wrote 99 bytes to ecology
[dna] air wrote 9 bytes to ecology
[dna] air wrote 184 bytes to ecology
[dna] air wrote 92 bytes to ecology
[dna] air wrote 9 bytes to ecology
[dna] air wrote 45 bytes to ecology
[dna] air wrote 9 bytes to ecology
[dna] air wrote 63 bytes to ecology
[dna] air wrote 107 bytes to ecology
[dna] air wrote 9 bytes to ecology
[dna] air wrote 23 bytes to ecology
[dna] air wrote 9 bytes to ecology
[dna] air wrote 70 bytes to ecology
[dna] air wrote 34 bytes to ecology
[dna] air wrote 9 bytes to ecology
[dna] air wrote 33 bytes to ecology
[dna] air wrote 9 bytes to ecology
[debug-onto] tick=650 corpus=150941 stage=2 freeze=0
[dna] air wrote 63 bytes to ecology
[dna] air wrote 9 bytes to ecology
[dna] air wrote 24 bytes to ecology
[dna] air wrote 9 bytes to ecology
[dna] air wrote 37 bytes to ecology
[dna] air wrote 80 bytes to ecology
[dna] air wrote 9 bytes to ecology
[dna] air wrote 165 bytes to ecology
[dna] air wrote 9 bytes to ecology
[dna] air wrote 25 bytes to ecology
[dna] air wrote 78 bytes to ecology
[dna] air wrote 9 bytes to ecology
[dna] air wrote 46 bytes to ecology
[dna] air wrote 9 bytes to ecology
[dna] air wrote 132 bytes to ecology
[dna] air wrote 88 bytes to ecology
[dna] air wrote 9 bytes to ecology
[dna] air wrote 38 bytes to ecology
[dna] air wrote 9 bytes to ecology
[dna] air wrote 83 bytes to ecology
[dna] air wrote 57 bytes to ecology
[dna] air wrote 9 bytes to ecology
[dna] air wrote 82 bytes to ecology
[dna] air wrote 9 bytes to ecology
[dna] air wrote 64 bytes to ecology
[dna] air wrote 65 bytes to ecology
[dna] air wrote 9 bytes to ecology
[dna] air wrote 34 bytes to ecology
[dna] air wrote 9 bytes to ecology
[dna] air wrote 118 bytes to ecology
[dna] air wrote 55 bytes to ecology
[dna] air wrote 9 bytes to ecology

[evolution] Organism shutting down gracefully.
