[ecology] Element: fire → corpus: nonames_fire.txt
[evolution] Autonomous evolution mode — organism will grow through all stages without pause.
[ecology] Joined swarm. 1 peer(s) detected.
molequla is alive. [evolution] Autonomous mode — background trainer running. Ctrl+C to stop.
[dna] fire wrote 60 bytes to ecology
[dna] fire consumed 21269 bytes from 579 files: [water/gen_1776323204_1.txt water/gen_1776323213_2.txt water/gen_1776323216_3.txt water/gen_1776323219_4.txt water/gen_1776323221_5.txt water/gen_1776323224_6.txt water/gen_1776323227_7.txt water/gen_1776323229_8.txt water/gen_1776323232_9.txt water/gen_1776323235_10.txt water/gen_1776323240_12.txt water/gen_1776323243_13.txt water/gen_1776323245_14.txt water/gen_1776323248_15.txt water/gen_1776323251_16.txt water/gen_1776323256_18.txt water/gen_1776323259_19.txt water/gen_1776323261_20.txt water/gen_1776323264_21.txt water/gen_1776323267_22.txt water/gen_1776323270_23.txt water/gen_1776323272_24.txt water/gen_1776323275_25.txt water/gen_1776323278_26.txt water/gen_1776323280_27.txt water/gen_1776323283_28.txt water/gen_1776323286_29.txt water/gen_1776323288_30.txt water/gen_1776323291_31.txt water/gen_1776323294_32.txt water/gen_1776323296_33.txt water/gen_1776323299_34.txt water/gen_1776323304_36.txt water/gen_1776323307_37.txt water/gen_1776323310_38.txt water/gen_1776323312_39.txt water/gen_1776323315_40.txt water/gen_1776323321_42.txt water/gen_1776323323_43.txt water/gen_1776323326_44.txt water/gen_1776323329_45.txt water/gen_1776323331_46.txt water/gen_1776323337_48.txt water/gen_1776323339_49.txt water/gen_1776323342_50.txt water/gen_1776323345_51.txt water/gen_1776323347_52.txt water/gen_1776323353_54.txt water/gen_1776323355_55.txt water/gen_1776323358_56.txt water/gen_1776323361_57.txt water/gen_1776323363_58.txt water/gen_1776323369_60.txt water/gen_1776323371_61.txt water/gen_1776323374_62.txt water/gen_1776323377_63.txt water/gen_1776323379_64.txt water/gen_1776323385_66.txt water/gen_1776323387_67.txt water/gen_1776323390_68.txt water/gen_1776323393_69.txt water/gen_1776323395_70.txt water/gen_1776323401_72.txt water/gen_1776323404_73.txt water/gen_1776323406_74.txt water/gen_1776323409_75.txt water/gen_1776323412_76.txt water/gen_1776323414_77.txt water/gen_1776323417_78.txt water/gen_1776323420_79.txt water/gen_1776323422_80.txt water/gen_1776323425_81.txt water/gen_1776323428_82.txt water/gen_1776323430_83.txt water/gen_1776323433_84.txt water/gen_1776323436_85.txt water/gen_1776323438_86.txt water/gen_1776323441_87.txt water/gen_1776323444_88.txt water/gen_1776323449_90.txt water/gen_1776323452_91.txt water/gen_1776323455_92.txt water/gen_1776323458_93.txt water/gen_1776323460_94.txt water/gen_1776323466_96.txt water/gen_1776323468_97.txt water/gen_1776323471_98.txt water/gen_1776323474_99.txt water/gen_1776323477_100.txt water/gen_1776323482_102.txt water/gen_1776323485_103.txt water/gen_1776323488_104.txt water/gen_1776323490_105.txt water/gen_1776323493_106.txt water/gen_1776323499_108.txt water/gen_1776323501_109.txt water/gen_1776323504_110.txt water/gen_1776323507_111.txt water/gen_1776323509_112.txt water/gen_1776323515_114.txt water/gen_1776323518_115.txt water/gen_1776323520_116.txt water/gen_1776323523_117.txt water/gen_1776323526_118.txt water/gen_1776323531_120.txt water/gen_1776323534_121.txt water/gen_1776323537_122.txt water/gen_1776323540_123.txt water/gen_1776323542_124.txt water/gen_1776323548_126.txt water/gen_1776323551_127.txt water/gen_1776323554_128.txt water/gen_1776323556_129.txt water/gen_1776323559_130.txt water/gen_1776323564_132.txt water/gen_1776323567_133.txt water/gen_1776323570_134.txt water/gen_1776323573_135.txt water/gen_1776323576_136.txt water/gen_1776323581_138.txt water/gen_1776323584_139.txt water/gen_1776323587_140.txt water/gen_1776323589_141.txt water/gen_1776323592_142.txt water/gen_1776323595_143.txt water/gen_1776323598_144.txt water/gen_1776323601_145.txt water/gen_1776323603_146.txt water/gen_1776323606_147.txt water/gen_1776323609_148.txt water/gen_1776323614_150.txt water/gen_1776323617_151.txt water/gen_1776323620_152.txt water/gen_1776323622_153.txt water/gen_1776323625_154.txt water/gen_1776323628_155.txt water/gen_1776323631_156.txt water/gen_1776323633_157.txt water/gen_1776323636_158.txt water/gen_1776323639_159.txt water/gen_1776323642_160.txt water/gen_1776323647_162.txt water/gen_1776323650_163.txt water/gen_1776323653_164.txt water/gen_1776323655_165.txt water/gen_1776323658_166.txt water/gen_1776323664_168.txt water/gen_1776323666_169.txt water/gen_1776323669_170.txt water/gen_1776323672_171.txt water/gen_1776323675_172.txt water/gen_1776323677_173.txt water/gen_1776323680_174.txt water/gen_1776323683_175.txt water/gen_1776323686_176.txt water/gen_1776323688_177.txt water/gen_1776323691_178.txt water/gen_1776323694_179.txt water/gen_1776323697_180.txt water/gen_1776323699_181.txt water/gen_1776323702_182.txt water/gen_1776323705_183.txt water/gen_1776323708_184.txt water/gen_1776323711_185.txt water/gen_1776323713_186.txt water/gen_1776323716_187.txt water/gen_1776323719_188.txt water/gen_1776323722_189.txt water/gen_1776323724_190.txt water/gen_1776323730_192.txt water/gen_1776323733_193.txt water/gen_1776323735_194.txt water/gen_1776323738_195.txt water/gen_1776323741_196.txt water/gen_1776323746_198.txt water/gen_1776323749_199.txt water/gen_1776323752_200.txt water/gen_1776323754_201.txt water/gen_1776323757_202.txt water/gen_1776323763_204.txt water/gen_1776323766_205.txt water/gen_1776323768_206.txt water/gen_1776323771_207.txt water/gen_1776323774_208.txt water/gen_1776323779_210.txt water/gen_1776323782_211.txt water/gen_1776323785_212.txt water/gen_1776323788_213.txt water/gen_1776323790_214.txt water/gen_1776323796_216.txt water/gen_1776323799_217.txt water/gen_1776323801_218.txt water/gen_1776323804_219.txt water/gen_1776323807_220.txt water/gen_1776323810_221.txt water/gen_1776323813_222.txt water/gen_1776323815_223.txt water/gen_1776323818_224.txt water/gen_1776323821_225.txt water/gen_1776323824_226.txt water/gen_1776323826_227.txt water/gen_1776323829_228.txt water/gen_1776323832_229.txt water/gen_1776323835_230.txt water/gen_1776323837_231.txt water/gen_1776323840_232.txt water/gen_1776323846_234.txt water/gen_1776323848_235.txt water/gen_1776323851_236.txt water/gen_1776323854_237.txt water/gen_1776323856_238.txt water/gen_1776323859_239.txt water/gen_1776323862_240.txt water/gen_1776323865_241.txt water/gen_1776323867_242.txt water/gen_1776323870_243.txt water/gen_1776323873_244.txt water/gen_1776323876_245.txt water/gen_1776323878_246.txt water/gen_1776323881_247.txt water/gen_1776323884_248.txt water/gen_1776323887_249.txt water/gen_1776323889_250.txt water/gen_1776323895_252.txt water/gen_1776323897_253.txt water/gen_1776323900_254.txt water/gen_1776323903_255.txt water/gen_1776323906_256.txt water/gen_1776323908_257.txt water/gen_1776323911_258.txt water/gen_1776323914_259.txt water/gen_1776323917_260.txt water/gen_1776323919_261.txt water/gen_1776323922_262.txt water/gen_1776323927_264.txt water/gen_1776323930_265.txt water/gen_1776323933_266.txt water/gen_1776323936_267.txt water/gen_1776323938_268.txt water/gen_1776323944_270.txt water/gen_1776323947_271.txt water/gen_1776323949_272.txt water/gen_1776323952_273.txt water/gen_1776323955_274.txt water/gen_1776323960_276.txt water/gen_1776323963_277.txt water/gen_1776323966_278.txt water/gen_1776323969_279.txt water/gen_1776323971_280.txt water/gen_1776323977_282.txt water/gen_1776323980_283.txt water/gen_1776323982_284.txt water/gen_1776323985_285.txt water/gen_1776323988_286.txt water/gen_1776323993_288.txt water/gen_1776323996_289.txt water/gen_1776323998_290.txt water/gen_1776324001_291.txt water/gen_1776324004_292.txt water/gen_1776324009_294.txt water/gen_1776324012_295.txt water/gen_1776324015_296.txt water/gen_1776324018_297.txt water/gen_1776324020_298.txt water/gen_1776324026_300.txt water/gen_1776324028_301.txt water/gen_1776324031_302.txt water/gen_1776324034_303.txt water/gen_1776324037_304.txt water/gen_1776324042_306.txt water/gen_1776324045_307.txt water/gen_1776324048_308.txt water/gen_1776324050_309.txt water/gen_1776324053_310.txt water/gen_1776324058_312.txt water/gen_1776324061_313.txt water/gen_1776324064_314.txt water/gen_1776324067_315.txt water/gen_1776324069_316.txt water/gen_1776324072_317.txt water/gen_1776324075_318.txt water/gen_1776324077_319.txt water/gen_1776324080_320.txt water/gen_1776324083_321.txt water/gen_1776324086_322.txt water/gen_1776324091_324.txt water/gen_1776324094_325.txt water/gen_1776324096_326.txt water/gen_1776324099_327.txt water/gen_1776324102_328.txt water/gen_1776324107_330.txt water/gen_1776324110_331.txt water/gen_1776324113_332.txt water/gen_1776324116_333.txt water/gen_1776324118_334.txt water/gen_1776324124_336.txt water/gen_1776324127_337.txt water/gen_1776324129_338.txt water/gen_1776324132_339.txt water/gen_1776324135_340.txt water/gen_1776324138_341.txt water/gen_1776324140_342.txt water/gen_1776324143_343.txt water/gen_1776324146_344.txt water/gen_1776324149_345.txt water/gen_1776324151_346.txt water/gen_1776324154_347.txt water/gen_1776324157_348.txt water/gen_1776324160_349.txt water/gen_1776324162_350.txt water/gen_1776324165_351.txt water/gen_1776324168_352.txt water/gen_1776324173_354.txt water/gen_1776324176_355.txt water/gen_1776324179_356.txt water/gen_1776324182_357.txt water/gen_1776324184_358.txt water/gen_1776324190_360.txt water/gen_1776324192_361.txt water/gen_1776324195_362.txt water/gen_1776324198_363.txt water/gen_1776324201_364.txt water/gen_1776324206_366.txt water/gen_1776324209_367.txt water/gen_1776324211_368.txt water/gen_1776324214_369.txt water/gen_1776324217_370.txt water/gen_1776324222_372.txt water/gen_1776324225_373.txt water/gen_1776324228_374.txt water/gen_1776324230_375.txt water/gen_1776324233_376.txt water/gen_1776324238_378.txt water/gen_1776324241_379.txt water/gen_1776324244_380.txt water/gen_1776324247_381.txt water/gen_1776324249_382.txt water/gen_1776324255_384.txt water/gen_1776324258_385.txt water/gen_1776324260_386.txt water/gen_1776324263_387.txt water/gen_1776324266_388.txt water/gen_1776324269_389.txt water/gen_1776324271_390.txt water/gen_1776324274_391.txt water/gen_1776324277_392.txt water/gen_1776324280_393.txt water/gen_1776324282_394.txt water/gen_1776324288_396.txt water/gen_1776324291_397.txt water/gen_1776324293_398.txt water/gen_1776324296_399.txt water/gen_1776324299_400.txt water/gen_1776324302_401.txt water/gen_1776324304_402.txt water/gen_1776324307_403.txt water/gen_1776324310_404.txt water/gen_1776324313_405.txt water/gen_1776324315_406.txt water/gen_1776324318_407.txt water/gen_1776324321_408.txt water/gen_1776324324_409.txt water/gen_1776324326_410.txt water/gen_1776324329_411.txt water/gen_1776324332_412.txt water/gen_1776324337_414.txt water/gen_1776324340_415.txt water/gen_1776324343_416.txt water/gen_1776324345_417.txt water/gen_1776324348_418.txt water/gen_1776324354_420.txt water/gen_1776324356_421.txt water/gen_1776324359_422.txt water/gen_1776324362_423.txt water/gen_1776324365_424.txt water/gen_1776324370_426.txt water/gen_1776324373_427.txt water/gen_1776324375_428.txt water/gen_1776324378_429.txt water/gen_1776324381_430.txt water/gen_1776324384_431.txt water/gen_1776324386_432.txt water/gen_1776324389_433.txt water/gen_1776324392_434.txt water/gen_1776324394_435.txt water/gen_1776324397_436.txt water/gen_1776324403_438.txt water/gen_1776324405_439.txt water/gen_1776324408_440.txt water/gen_1776324411_441.txt water/gen_1776324413_442.txt water/gen_1776324419_444.txt water/gen_1776324422_445.txt water/gen_1776324424_446.txt water/gen_1776324427_447.txt water/gen_1776324430_448.txt water/gen_1776324435_450.txt water/gen_1776324438_451.txt water/gen_1776324441_452.txt water/gen_1776324444_453.txt water/gen_1776324446_454.txt water/gen_1776324452_456.txt water/gen_1776324455_457.txt water/gen_1776324457_458.txt water/gen_1776324460_459.txt water/gen_1776324463_460.txt water/gen_1776324468_462.txt water/gen_1776324471_463.txt water/gen_1776324474_464.txt water/gen_1776324476_465.txt water/gen_1776324479_466.txt water/gen_1776324482_467.txt water/gen_1776324485_468.txt water/gen_1776324487_469.txt water/gen_1776324490_470.txt water/gen_1776324493_471.txt water/gen_1776324495_472.txt water/gen_1776324501_474.txt water/gen_1776324504_475.txt water/gen_1776324506_476.txt water/gen_1776324509_477.txt water/gen_1776324512_478.txt water/gen_1776324517_480.txt water/gen_1776324520_481.txt water/gen_1776324523_482.txt water/gen_1776324526_483.txt water/gen_1776324528_484.txt water/gen_1776324534_486.txt water/gen_1776324537_487.txt water/gen_1776324539_488.txt water/gen_1776324542_489.txt water/gen_1776324545_490.txt water/gen_1776324547_491.txt water/gen_1776324550_492.txt water/gen_1776324553_493.txt water/gen_1776324556_494.txt water/gen_1776324558_495.txt water/gen_1776324561_496.txt water/gen_1776324564_497.txt water/gen_1776324566_498.txt water/gen_1776324569_499.txt water/gen_1776324572_500.txt water/gen_1776324575_501.txt water/gen_1776324577_502.txt water/gen_1776324583_504.txt water/gen_1776324585_505.txt water/gen_1776324588_506.txt water/gen_1776324591_507.txt water/gen_1776324594_508.txt water/gen_1776324596_509.txt water/gen_1776324599_510.txt water/gen_1776324602_511.txt water/gen_1776324604_512.txt water/gen_1776324607_513.txt water/gen_1776324610_514.txt water/gen_1776324615_516.txt water/gen_1776324618_517.txt water/gen_1776324621_518.txt water/gen_1776324623_519.txt water/gen_1776324626_520.txt water/gen_1776324632_522.txt water/gen_1776324634_523.txt water/gen_1776324637_524.txt water/gen_1776324640_525.txt water/gen_1776324642_526.txt water/gen_1776324648_528.txt water/gen_1776324651_529.txt water/gen_1776324653_530.txt water/gen_1776324656_531.txt water/gen_1776324659_532.txt water/gen_1776324664_534.txt water/gen_1776324667_535.txt water/gen_1776324670_536.txt water/gen_1776324673_537.txt water/gen_1776324675_538.txt water/gen_1776324681_540.txt water/gen_1776324684_541.txt water/gen_1776324687_542.txt water/gen_1776324689_543.txt water/gen_1776324692_544.txt water/gen_1776324698_546.txt water/gen_1776324700_547.txt water/gen_1776324703_548.txt water/gen_1776324706_549.txt water/gen_1776324709_550.txt water/gen_1776324714_552.txt water/gen_1776324717_553.txt water/gen_1776324720_554.txt water/gen_1776324723_555.txt water/gen_1776324726_556.txt water/gen_1776324731_558.txt water/gen_1776324734_559.txt water/gen_1776324737_560.txt water/gen_1776324740_561.txt water/gen_1776324743_562.txt water/gen_1776324745_563.txt water/gen_1776324748_564.txt water/gen_1776324751_565.txt water/gen_1776324754_566.txt water/gen_1776324757_567.txt water/gen_1776324760_568.txt water/gen_1776324765_570.txt water/gen_1776324768_571.txt water/gen_1776324771_572.txt water/gen_1776324774_573.txt water/gen_1776324777_574.txt water/gen_1776324779_575.txt water/gen_1776324782_576.txt water/gen_1776324785_577.txt water/gen_1776324788_578.txt water/gen_1776324791_579.txt water/gen_1776324794_580.txt water/gen_1776324799_582.txt water/gen_1776324802_583.txt water/gen_1776324805_584.txt water/gen_1776324808_585.txt water/gen_1776324811_586.txt water/gen_1776324813_587.txt water/gen_1776324816_588.txt water/gen_1776324819_589.txt water/gen_1776324822_590.txt water/gen_1776324825_591.txt water/gen_1776324828_592.txt water/gen_1776324833_594.txt water/gen_1776324836_595.txt water/gen_1776324839_596.txt water/gen_1776324842_597.txt water/gen_1776324844_598.txt water/gen_1776324850_600.txt water/gen_1776324853_601.txt water/gen_1776324855_602.txt water/gen_1776324858_603.txt water/gen_1776324861_604.txt water/gen_1776324864_605.txt water/gen_1776324867_606.txt water/gen_1776324869_607.txt water/gen_1776324872_608.txt water/gen_1776324875_609.txt water/gen_1776324878_610.txt water/gen_1776324880_611.txt water/gen_1776324883_612.txt water/gen_1776324886_613.txt water/gen_1776324889_614.txt water/gen_1776324891_615.txt water/gen_1776324894_616.txt water/gen_1776324897_617.txt water/gen_1776324900_618.txt water/gen_1776324902_619.txt water/gen_1776324905_620.txt water/gen_1776324908_621.txt water/gen_1776324911_622.txt water/gen_1776324913_623.txt water/gen_1776324916_624.txt water/gen_1776324919_625.txt water/gen_1776324922_626.txt water/gen_1776324924_627.txt water/gen_1776324927_628.txt water/gen_1776324933_630.txt water/gen_1776324935_631.txt water/gen_1776324938_632.txt water/gen_1776324941_633.txt water/gen_1776324944_634.txt water/gen_1776324949_636.txt water/gen_1776324952_637.txt water/gen_1776324955_638.txt water/gen_1776324957_639.txt water/gen_1776324960_640.txt water/gen_1776324966_642.txt water/gen_1776324969_643.txt water/gen_1776324971_644.txt water/gen_1776324974_645.txt water/gen_1776324977_646.txt water/gen_1776324982_648.txt water/gen_1776324985_649.txt water/gen_1776324988_650.txt water/gen_1776324991_651.txt water/gen_1776324993_652.txt water/gen_1776324996_653.txt water/gen_1776324999_654.txt]
[trainer] micro-train burst (21269 bytes, novelty 0.03) — and lo, it feeds again.
[syntropy] action=explore | trend=0.0000 | field_dev=0.062 | purpose_align=0.096 | lr_mul=1.30
[aml] burst complete: 32 steps, avg loss 1.7496 (memory freed)
[dna] fire wrote 9 bytes to ecology
[dna] fire wrote 21 bytes to ecology
[dna] fire wrote 32 bytes to ecology
[dna] fire wrote 9 bytes to ecology
[dna] fire wrote 79 bytes to ecology
[dna] fire wrote 9 bytes to ecology
[dna] fire wrote 24 bytes to ecology
[dna] fire wrote 145 bytes to ecology
[dna] fire wrote 9 bytes to ecology
[dna] fire wrote 41 bytes to ecology
[dna] fire wrote 9 bytes to ecology
[dna] fire wrote 9 bytes to ecology
[dna] fire wrote 37 bytes to ecology
[dna] fire wrote 9 bytes to ecology
[dna] fire wrote 75 bytes to ecology
[dna] fire wrote 9 bytes to ecology
[dna] fire wrote 9 bytes to ecology
[dna] fire wrote 29 bytes to ecology
[dna] fire wrote 9 bytes to ecology
[dna] fire wrote 51 bytes to ecology
[dna] fire wrote 9 bytes to ecology
[dna] fire wrote 252 bytes to ecology
[dna] fire wrote 34 bytes to ecology
[dna] fire wrote 9 bytes to ecology
[dna] fire wrote 21 bytes to ecology
[dna] fire wrote 9 bytes to ecology
[dna] fire wrote 9 bytes to ecology
[dna] fire wrote 99 bytes to ecology
[dna] fire wrote 9 bytes to ecology
[dna] fire wrote 60 bytes to ecology
[dna] fire wrote 9 bytes to ecology
[dna] fire wrote 33 bytes to ecology
[dna] fire wrote 193 bytes to ecology
[dna] fire wrote 9 bytes to ecology
[dna] fire wrote 62 bytes to ecology
[dna] fire wrote 9 bytes to ecology
[dna] fire wrote 216 bytes to ecology
[dna] fire wrote 133 bytes to ecology
[dna] fire wrote 9 bytes to ecology
[dna] fire wrote 75 bytes to ecology
[dna] fire wrote 9 bytes to ecology
[debug-onto] tick=50 corpus=143748 stage=2 freeze=0
[dna] fire wrote 50 bytes to ecology
[dna] fire wrote 25 bytes to ecology
[dna] fire wrote 9 bytes to ecology
[dna] fire wrote 41 bytes to ecology
[dna] fire wrote 9 bytes to ecology
[dna] fire wrote 22 bytes to ecology
[dna] fire wrote 111 bytes to ecology
[dna] fire wrote 9 bytes to ecology
[dna] fire wrote 45 bytes to ecology
[dna] fire wrote 9 bytes to ecology
[dna] fire wrote 40 bytes to ecology
[dna] fire wrote 10 bytes to ecology
[dna] fire wrote 9 bytes to ecology
[dna] fire wrote 48 bytes to ecology
[dna] fire wrote 9 bytes to ecology
[dna] fire wrote 9 bytes to ecology
[dna] fire wrote 22 bytes to ecology
[dna] fire wrote 9 bytes to ecology
[dna] fire wrote 56 bytes to ecology
[dna] fire wrote 9 bytes to ecology
[dna] fire wrote 50 bytes to ecology
[dna] fire wrote 97 bytes to ecology
[dna] fire wrote 9 bytes to ecology
[dna] fire wrote 158 bytes to ecology
[dna] fire wrote 9 bytes to ecology
[dna] fire wrote 55 bytes to ecology
[dna] fire wrote 82 bytes to ecology
[dna] fire wrote 9 bytes to ecology
[dna] fire wrote 62 bytes to ecology
[dna] fire wrote 9 bytes to ecology
[dna] fire wrote 9 bytes to ecology
[dna] fire wrote 100 bytes to ecology
[dna] fire wrote 9 bytes to ecology
[dna] fire wrote 33 bytes to ecology
[dna] fire wrote 9 bytes to ecology
[dna] fire wrote 36 bytes to ecology
[dna] fire wrote 159 bytes to ecology
[dna] fire wrote 9 bytes to ecology
[dna] fire wrote 81 bytes to ecology
[dna] fire wrote 9 bytes to ecology
[dna] fire wrote 21 bytes to ecology
[dna] fire wrote 81 bytes to ecology
[debug-onto] tick=100 corpus=143748 stage=2 freeze=0
[dna] fire wrote 9 bytes to ecology
[dna] fire wrote 325 bytes to ecology
[dna] fire wrote 9 bytes to ecology
[dna] fire wrote 9 bytes to ecology
[dna] fire wrote 61 bytes to ecology
[dna] fire wrote 9 bytes to ecology
[dna] fire wrote 39 bytes to ecology
[dna] fire wrote 9 bytes to ecology
[dna] fire wrote 79 bytes to ecology
[dna] fire wrote 16 bytes to ecology
[dna] fire wrote 9 bytes to ecology
[dna] fire wrote 38 bytes to ecology
[dna] fire wrote 9 bytes to ecology
[dna] fire wrote 9 bytes to ecology
[dna] fire wrote 30 bytes to ecology
[dna] fire wrote 9 bytes to ecology
[dna] fire wrote 23 bytes to ecology
[dna] fire wrote 9 bytes to ecology
[dna] fire wrote 69 bytes to ecology
[dna] fire wrote 13 bytes to ecology
[dna] fire wrote 9 bytes to ecology
[dna] fire wrote 26 bytes to ecology
[dna] fire wrote 9 bytes to ecology
[dna] fire wrote 27 bytes to ecology
[dna] fire wrote 22 bytes to ecology
[dna] fire wrote 9 bytes to ecology
[dna] fire wrote 121 bytes to ecology
[dna] fire wrote 9 bytes to ecology
[dna] fire wrote 30 bytes to ecology
[dna] fire wrote 37 bytes to ecology
[dna] fire wrote 9 bytes to ecology
[dna] fire wrote 86 bytes to ecology
[dna] fire wrote 9 bytes to ecology
[dna] fire wrote 59 bytes to ecology
[dna] fire wrote 18 bytes to ecology
[dna] fire wrote 9 bytes to ecology
[dna] fire wrote 16 bytes to ecology
[dna] fire wrote 9 bytes to ecology
[dna] fire wrote 52 bytes to ecology
[dna] fire wrote 33 bytes to ecology
[dna] fire wrote 9 bytes to ecology
[debug-onto] tick=150 corpus=143748 stage=2 freeze=0
[dna] fire wrote 36 bytes to ecology
[dna] fire wrote 9 bytes to ecology
[dna] fire wrote 49 bytes to ecology
[dna] fire wrote 73 bytes to ecology
[dna] fire wrote 9 bytes to ecology
[dna] fire wrote 26 bytes to ecology
[dna] fire wrote 9 bytes to ecology
[dna] fire wrote 11 bytes to ecology
[dna] fire wrote 98 bytes to ecology
[dna] fire wrote 9 bytes to ecology
[dna] fire wrote 49 bytes to ecology
[dna] fire wrote 9 bytes to ecology
[dna] fire wrote 21 bytes to ecology
[dna] fire wrote 22 bytes to ecology
[dna] fire wrote 9 bytes to ecology
[dna] fire wrote 163 bytes to ecology
[dna] fire wrote 9 bytes to ecology
[dna] fire wrote 51 bytes to ecology
[dna] fire wrote 30 bytes to ecology
[dna] fire wrote 9 bytes to ecology
[dna] fire wrote 84 bytes to ecology
[dna] fire wrote 9 bytes to ecology
[dna] fire wrote 27 bytes to ecology
[dna] fire wrote 126 bytes to ecology
[dna] fire wrote 9 bytes to ecology
[dna] fire wrote 108 bytes to ecology
[dna] fire wrote 9 bytes to ecology
[dna] fire wrote 17 bytes to ecology
[dna] fire wrote 161 bytes to ecology
[dna] fire wrote 9 bytes to ecology
[dna] fire wrote 102 bytes to ecology
[dna] fire wrote 9 bytes to ecology
[dna] fire wrote 49 bytes to ecology
[dna] fire wrote 107 bytes to ecology
[dna] fire wrote 9 bytes to ecology
[dna] fire wrote 35 bytes to ecology
[dna] fire wrote 9 bytes to ecology
[dna] fire wrote 82 bytes to ecology
[dna] fire wrote 21 bytes to ecology
[dna] fire wrote 9 bytes to ecology
[dna] fire wrote 245 bytes to ecology
[dna] fire wrote 9 bytes to ecology
[debug-onto] tick=200 corpus=143748 stage=2 freeze=0
[dna] fire wrote 65 bytes to ecology
[dna] fire wrote 32 bytes to ecology
[dna] fire wrote 9 bytes to ecology
[dna] fire wrote 83 bytes to ecology
[dna] fire wrote 9 bytes to ecology
[dna] fire wrote 91 bytes to ecology
[dna] fire wrote 48 bytes to ecology
[dna] fire wrote 9 bytes to ecology
[dna] fire wrote 70 bytes to ecology
[dna] fire wrote 9 bytes to ecology
[dna] fire wrote 41 bytes to ecology
[dna] fire wrote 175 bytes to ecology
[dna] fire wrote 9 bytes to ecology
[dna] fire wrote 84 bytes to ecology
[dna] fire wrote 9 bytes to ecology
[dna] fire wrote 34 bytes to ecology
[dna] fire wrote 117 bytes to ecology
[dna] fire wrote 9 bytes to ecology
[dna] fire wrote 20 bytes to ecology
[dna] fire wrote 9 bytes to ecology
[dna] fire wrote 43 bytes to ecology
[dna] fire wrote 39 bytes to ecology
[dna] fire wrote 41 bytes to ecology
[dna] fire wrote 9 bytes to ecology
[dna] fire wrote 9 bytes to ecology
[dna] fire wrote 66 bytes to ecology
[dna] fire wrote 9 bytes to ecology
[dna] fire wrote 42 bytes to ecology
[dna] fire wrote 9 bytes to ecology
[dna] fire wrote 32 bytes to ecology
[dna] fire wrote 9 bytes to ecology
[dna] fire wrote 119 bytes to ecology
[dna] fire wrote 9 bytes to ecology
[dna] fire wrote 14 bytes to ecology
[dna] fire wrote 57 bytes to ecology
[dna] fire wrote 9 bytes to ecology
[dna] fire wrote 26 bytes to ecology
[dna] fire wrote 9 bytes to ecology
[dna] fire wrote 9 bytes to ecology
[dna] fire wrote 18 bytes to ecology
[debug-onto] tick=250 corpus=143748 stage=2 freeze=0
[dna] fire wrote 9 bytes to ecology
[dna] fire wrote 37 bytes to ecology
[dna] fire wrote 9 bytes to ecology
[dna] fire wrote 37 bytes to ecology
[dna] fire wrote 77 bytes to ecology
[dna] fire wrote 9 bytes to ecology
[dna] fire wrote 30 bytes to ecology
[dna] fire wrote 9 bytes to ecology
[dna] fire wrote 9 bytes to ecology
[dna] fire wrote 40 bytes to ecology
[dna] fire wrote 9 bytes to ecology
[dna] fire wrote 160 bytes to ecology
[dna] fire wrote 9 bytes to ecology
[dna] fire wrote 51 bytes to ecology
[dna] fire wrote 70 bytes to ecology
[dna] fire wrote 9 bytes to ecology
[dna] fire wrote 71 bytes to ecology
[dna] fire wrote 9 bytes to ecology
[dna] fire wrote 38 bytes to ecology
[dna] fire wrote 33 bytes to ecology
[dna] fire wrote 9 bytes to ecology
[dna] fire wrote 8 bytes to ecology
[dna] fire wrote 9 bytes to ecology
[dna] fire wrote 66 bytes to ecology
[dna] fire wrote 187 bytes to ecology
[dna] fire wrote 9 bytes to ecology
[dna] fire wrote 9 bytes to ecology
[dna] fire wrote 9 bytes to ecology
[dna] fire wrote 29 bytes to ecology
[dna] fire wrote 133 bytes to ecology
[dna] fire wrote 9 bytes to ecology
[dna] fire wrote 23 bytes to ecology
[dna] fire wrote 9 bytes to ecology
[dna] fire wrote 11 bytes to ecology
[dna] fire wrote 60 bytes to ecology
[dna] fire wrote 9 bytes to ecology
[dna] fire wrote 27 bytes to ecology
[dna] fire wrote 9 bytes to ecology
[dna] fire wrote 11 bytes to ecology
[dna] fire wrote 135 bytes to ecology
[dna] fire wrote 9 bytes to ecology
[debug-onto] tick=300 corpus=143748 stage=2 freeze=0
[dna] fire wrote 34 bytes to ecology
[dna] fire wrote 9 bytes to ecology
[dna] fire wrote 26 bytes to ecology
[dna] fire wrote 9 bytes to ecology
[dna] fire wrote 9 bytes to ecology
[dna] fire wrote 39 bytes to ecology
[dna] fire wrote 9 bytes to ecology
[dna] fire wrote 34 bytes to ecology
[dna] fire wrote 77 bytes to ecology
[dna] fire wrote 9 bytes to ecology
[dna] fire wrote 25 bytes to ecology
[dna] fire wrote 9 bytes to ecology
[dna] fire wrote 66 bytes to ecology
[dna] fire wrote 54 bytes to ecology
[dna] fire wrote 9 bytes to ecology
[dna] fire wrote 61 bytes to ecology
[dna] fire wrote 9 bytes to ecology
[dna] fire wrote 9 bytes to ecology
[dna] fire wrote 134 bytes to ecology
[dna] fire wrote 9 bytes to ecology
[dna] fire wrote 146 bytes to ecology
[dna] fire wrote 9 bytes to ecology
[dna] fire wrote 16 bytes to ecology
[dna] fire wrote 42 bytes to ecology
[dna] fire wrote 9 bytes to ecology
[dna] fire wrote 42 bytes to ecology
[dna] fire wrote 9 bytes to ecology
[dna] fire wrote 51 bytes to ecology
[dna] fire wrote 35 bytes to ecology
[dna] fire wrote 9 bytes to ecology
[dna] fire wrote 94 bytes to ecology
[dna] fire wrote 9 bytes to ecology
[dna] fire wrote 104 bytes to ecology
[dna] fire wrote 22 bytes to ecology
[dna] fire wrote 9 bytes to ecology
[dna] fire wrote 101 bytes to ecology
[dna] fire wrote 9 bytes to ecology
[dna] fire wrote 22 bytes to ecology
[dna] fire wrote 71 bytes to ecology
[dna] fire wrote 9 bytes to ecology
[dna] fire wrote 157 bytes to ecology
[dna] fire wrote 9 bytes to ecology
[debug-onto] tick=350 corpus=143748 stage=2 freeze=0
[dna] fire wrote 56 bytes to ecology
[dna] fire wrote 40 bytes to ecology
[dna] fire wrote 9 bytes to ecology
[dna] fire wrote 20 bytes to ecology
[dna] fire wrote 9 bytes to ecology
[dna] fire wrote 9 bytes to ecology
[dna] fire wrote 187 bytes to ecology
[dna] fire wrote 9 bytes to ecology
[dna] fire wrote 59 bytes to ecology
[dna] fire wrote 9 bytes to ecology
[dna] fire wrote 35 bytes to ecology
[dna] fire wrote 18 bytes to ecology
[dna] fire wrote 9 bytes to ecology
[dna] fire wrote 103 bytes to ecology
[dna] fire wrote 9 bytes to ecology
[dna] fire wrote 6 bytes to ecology
[dna] fire wrote 261 bytes to ecology
[dna] fire wrote 9 bytes to ecology
[dna] fire wrote 23 bytes to ecology
[dna] fire wrote 9 bytes to ecology
[dna] fire wrote 109 bytes to ecology
[dna] fire wrote 48 bytes to ecology
[dna] fire wrote 9 bytes to ecology
[dna] fire wrote 26 bytes to ecology
[dna] fire wrote 9 bytes to ecology
[dna] fire wrote 56 bytes to ecology
[dna] fire wrote 63 bytes to ecology
[dna] fire wrote 9 bytes to ecology
[dna] fire wrote 69 bytes to ecology
[dna] fire wrote 9 bytes to ecology
[dna] fire wrote 9 bytes to ecology
[dna] fire wrote 91 bytes to ecology
[dna] fire wrote 9 bytes to ecology
[dna] fire wrote 53 bytes to ecology
[dna] fire wrote 9 bytes to ecology
[dna] fire wrote 9 bytes to ecology
[dna] fire wrote 49 bytes to ecology
[dna] fire wrote 9 bytes to ecology
[dna] fire wrote 37 bytes to ecology
[dna] fire wrote 9 bytes to ecology
[dna] fire wrote 9 bytes to ecology
[dna] fire wrote 73 bytes to ecology
[debug-onto] tick=400 corpus=143748 stage=2 freeze=0
[dna] fire wrote 9 bytes to ecology
[dna] fire wrote 32 bytes to ecology
[dna] fire wrote 9 bytes to ecology
[dna] fire wrote 54 bytes to ecology
[dna] fire wrote 37 bytes to ecology
[dna] fire wrote 9 bytes to ecology
[dna] fire wrote 24 bytes to ecology
[dna] fire wrote 9 bytes to ecology
[dna] fire wrote 51 bytes to ecology
[dna] fire wrote 24 bytes to ecology
[dna] fire wrote 9 bytes to ecology
[dna] fire wrote 35 bytes to ecology
[dna] fire wrote 9 bytes to ecology
[dna] fire wrote 81 bytes to ecology
[dna] fire wrote 38 bytes to ecology
[dna] fire wrote 9 bytes to ecology
[dna] fire wrote 26 bytes to ecology
[dna] fire wrote 9 bytes to ecology
[dna] fire wrote 9 bytes to ecology
[dna] fire wrote 33 bytes to ecology
[dna] fire wrote 9 bytes to ecology
[dna] fire wrote 22 bytes to ecology
[dna] fire wrote 9 bytes to ecology
[dna] fire wrote 43 bytes to ecology
[dna] fire wrote 60 bytes to ecology
[dna] fire wrote 9 bytes to ecology
[dna] fire wrote 39 bytes to ecology
[dna] fire wrote 9 bytes to ecology
[dna] fire wrote 17 bytes to ecology
[dna] fire wrote 80 bytes to ecology
[dna] fire wrote 9 bytes to ecology
[dna] fire wrote 89 bytes to ecology
[dna] fire wrote 9 bytes to ecology
[dna] fire wrote 30 bytes to ecology
[dna] fire wrote 35 bytes to ecology
[dna] fire wrote 9 bytes to ecology
[dna] fire wrote 13 bytes to ecology
[dna] fire wrote 9 bytes to ecology
[dna] fire wrote 9 bytes to ecology
[dna] fire wrote 10 bytes to ecology
[dna] fire wrote 9 bytes to ecology
[debug-onto] tick=450 corpus=143748 stage=2 freeze=0
[dna] fire wrote 11 bytes to ecology
[dna] fire wrote 9 bytes to ecology
[dna] fire wrote 9 bytes to ecology
[dna] fire wrote 33 bytes to ecology
[dna] fire wrote 9 bytes to ecology
[dna] fire wrote 31 bytes to ecology
[dna] fire wrote 9 bytes to ecology
[dna] fire wrote 39 bytes to ecology
[dna] fire wrote 49 bytes to ecology
[dna] fire wrote 62 bytes to ecology
[dna] fire wrote 9 bytes to ecology
[dna] fire wrote 9 bytes to ecology
[dna] fire wrote 247 bytes to ecology
[dna] fire wrote 9 bytes to ecology
[dna] fire wrote 24 bytes to ecology
[dna] fire wrote 9 bytes to ecology
[dna] fire wrote 65 bytes to ecology
[dna] fire wrote 9 bytes to ecology
[dna] fire wrote 41 bytes to ecology
[dna] fire wrote 9 bytes to ecology
[dna] fire wrote 62 bytes to ecology
[dna] fire wrote 92 bytes to ecology
[dna] fire wrote 82 bytes to ecology
[dna] fire wrote 9 bytes to ecology
[dna] fire wrote 107 bytes to ecology
[dna] fire wrote 90 bytes to ecology
[dna] fire wrote 9 bytes to ecology
[dna] fire wrote 83 bytes to ecology
[dna] fire wrote 9 bytes to ecology
[dna] fire wrote 9 bytes to ecology
[dna] fire wrote 116 bytes to ecology
[dna] fire wrote 9 bytes to ecology
[dna] fire wrote 84 bytes to ecology
[dna] fire wrote 9 bytes to ecology
[dna] fire wrote 89 bytes to ecology
[dna] fire wrote 29 bytes to ecology
[dna] fire wrote 9 bytes to ecology
[dna] fire wrote 118 bytes to ecology
[dna] fire wrote 9 bytes to ecology
[debug-onto] tick=500 corpus=143748 stage=2 freeze=0
[dna] fire wrote 20 bytes to ecology
[dna] fire wrote 55 bytes to ecology
[dna] fire wrote 9 bytes to ecology
[dna] fire wrote 35 bytes to ecology
[dna] fire wrote 9 bytes to ecology
[dna] fire wrote 28 bytes to ecology
[dna] fire wrote 33 bytes to ecology
[dna] fire wrote 9 bytes to ecology
[dna] fire wrote 63 bytes to ecology
[dna] fire wrote 9 bytes to ecology
[dna] fire wrote 63 bytes to ecology
[dna] fire wrote 63 bytes to ecology
[dna] fire wrote 9 bytes to ecology
[dna] fire wrote 23 bytes to ecology
[dna] fire wrote 9 bytes to ecology
[dna] fire wrote 17 bytes to ecology
[dna] fire wrote 26 bytes to ecology
[dna] fire wrote 9 bytes to ecology
[dna] fire wrote 54 bytes to ecology
[dna] fire wrote 9 bytes to ecology
[dna] fire wrote 46 bytes to ecology
[dna] fire wrote 39 bytes to ecology
[dna] fire wrote 9 bytes to ecology
[dna] fire wrote 35 bytes to ecology
[dna] fire wrote 9 bytes to ecology
[dna] fire wrote 9 bytes to ecology
[dna] fire wrote 91 bytes to ecology
[dna] fire wrote 9 bytes to ecology
[dna] fire wrote 23 bytes to ecology
[dna] fire wrote 9 bytes to ecology
[dna] fire wrote 9 bytes to ecology
[dna] fire wrote 67 bytes to ecology
[dna] fire wrote 9 bytes to ecology
[dna] fire wrote 95 bytes to ecology
[dna] fire wrote 9 bytes to ecology
[dna] fire wrote 131 bytes to ecology
[dna] fire wrote 88 bytes to ecology
[dna] fire wrote 9 bytes to ecology
[dna] fire wrote 36 bytes to ecology
[dna] fire wrote 9 bytes to ecology
[dna] fire wrote 33 bytes to ecology
[dna] fire wrote 79 bytes to ecology
[debug-onto] tick=550 corpus=143748 stage=2 freeze=0
[dna] fire wrote 9 bytes to ecology
[dna] fire wrote 58 bytes to ecology
[dna] fire wrote 9 bytes to ecology
[dna] fire wrote 42 bytes to ecology
[dna] fire wrote 48 bytes to ecology
[dna] fire wrote 9 bytes to ecology
[dna] fire wrote 30 bytes to ecology
[dna] fire wrote 9 bytes to ecology
[dna] fire wrote 9 bytes to ecology
[dna] fire wrote 24 bytes to ecology
[dna] fire wrote 9 bytes to ecology
[dna] fire wrote 29 bytes to ecology
[dna] fire wrote 9 bytes to ecology
[dna] fire wrote 51 bytes to ecology
[dna] fire wrote 28 bytes to ecology
[dna] fire wrote 9 bytes to ecology
[dna] fire wrote 41 bytes to ecology
[dna] fire wrote 9 bytes to ecology
[dna] fire wrote 9 bytes to ecology
[dna] fire wrote 65 bytes to ecology
[dna] fire wrote 9 bytes to ecology
[dna] fire wrote 5 bytes to ecology
[dna] fire wrote 9 bytes to ecology
[dna] fire wrote 9 bytes to ecology
[dna] fire wrote 37 bytes to ecology
[dna] fire wrote 9 bytes to ecology
[dna] fire wrote 10 bytes to ecology
[dna] fire wrote 9 bytes to ecology
[dna] fire wrote 27 bytes to ecology
[dna] fire wrote 25 bytes to ecology
[dna] fire wrote 9 bytes to ecology
[dna] fire wrote 32 bytes to ecology
[dna] fire wrote 9 bytes to ecology
[dna] fire wrote 9 bytes to ecology
[dna] fire wrote 47 bytes to ecology
[dna] fire wrote 9 bytes to ecology
[dna] fire wrote 57 bytes to ecology
[dna] fire wrote 9 bytes to ecology
[dna] fire wrote 163 bytes to ecology
[dna] fire wrote 67 bytes to ecology
[dna] fire wrote 9 bytes to ecology
[debug-onto] tick=600 corpus=143748 stage=2 freeze=0
[dna] fire wrote 31 bytes to ecology
[dna] fire wrote 9 bytes to ecology
[dna] fire wrote 30 bytes to ecology
[dna] fire wrote 72 bytes to ecology
[dna] fire wrote 9 bytes to ecology
[dna] fire wrote 33 bytes to ecology
[dna] fire wrote 9 bytes to ecology
[dna] fire wrote 9 bytes to ecology
[dna] fire wrote 61 bytes to ecology
[dna] fire wrote 9 bytes to ecology
[dna] fire wrote 36 bytes to ecology
[dna] fire wrote 9 bytes to ecology
[dna] fire wrote 9 bytes to ecology
[dna] fire wrote 26 bytes to ecology
[dna] fire wrote 9 bytes to ecology
[dna] fire wrote 46 bytes to ecology
[dna] fire wrote 9 bytes to ecology
[dna] fire wrote 54 bytes to ecology
[dna] fire wrote 32 bytes to ecology
[dna] fire wrote 9 bytes to ecology
[dna] fire wrote 22 bytes to ecology
[dna] fire wrote 9 bytes to ecology
[dna] fire wrote 68 bytes to ecology
[dna] fire wrote 47 bytes to ecology
[dna] fire wrote 9 bytes to ecology
[dna] fire wrote 84 bytes to ecology
[dna] fire wrote 9 bytes to ecology
[dna] fire wrote 12 bytes to ecology
[dna] fire wrote 179 bytes to ecology
[dna] fire wrote 9 bytes to ecology
[dna] fire wrote 94 bytes to ecology
[dna] fire wrote 9 bytes to ecology
[dna] fire wrote 27 bytes to ecology
[dna] fire wrote 22 bytes to ecology
[dna] fire wrote 9 bytes to ecology
[dna] fire wrote 23 bytes to ecology
[dna] fire wrote 9 bytes to ecology
[dna] fire wrote 9 bytes to ecology
[dna] fire wrote 138 bytes to ecology
[dna] fire wrote 9 bytes to ecology
[dna] fire wrote 40 bytes to ecology
[dna] fire wrote 9 bytes to ecology
[debug-onto] tick=650 corpus=143748 stage=2 freeze=0
[dna] fire wrote 19 bytes to ecology
[dna] fire wrote 49 bytes to ecology
[dna] fire wrote 9 bytes to ecology
[dna] fire wrote 65 bytes to ecology
[dna] fire wrote 9 bytes to ecology
[dna] fire wrote 46 bytes to ecology
[dna] fire wrote 83 bytes to ecology
[dna] fire wrote 9 bytes to ecology
[dna] fire wrote 25 bytes to ecology
[dna] fire wrote 9 bytes to ecology
[dna] fire wrote 100 bytes to ecology
[dna] fire wrote 29 bytes to ecology
[dna] fire wrote 9 bytes to ecology
[dna] fire wrote 36 bytes to ecology
[dna] fire wrote 9 bytes to ecology
[dna] fire wrote 59 bytes to ecology
[dna] fire wrote 34 bytes to ecology
[dna] fire wrote 9 bytes to ecology
[dna] fire wrote 46 bytes to ecology
[dna] fire wrote 9 bytes to ecology
[dna] fire wrote 9 bytes to ecology
[dna] fire wrote 55 bytes to ecology
[dna] fire wrote 9 bytes to ecology
[dna] fire wrote 51 bytes to ecology
[dna] fire wrote 9 bytes to ecology
[dna] fire wrote 107 bytes to ecology
[dna] fire wrote 59 bytes to ecology
[dna] fire wrote 9 bytes to ecology
[dna] fire wrote 46 bytes to ecology
[dna] fire wrote 9 bytes to ecology
[dna] fire wrote 45 bytes to ecology

[evolution] Organism shutting down gracefully.
