[ecology] Element: water → corpus: nonames_water.txt
[evolution] Autonomous evolution mode — organism will grow through all stages without pause.
[ecology] Joined swarm. 1 peer(s) detected.
molequla is alive. [evolution] Autonomous mode — background trainer running. Ctrl+C to stop.
[dna] water wrote 72 bytes to ecology
[dna] water consumed 25745 bytes from 548 files: [air/gen_1776321404_1.txt air/gen_1776321415_2.txt air/gen_1776321418_3.txt air/gen_1776321420_4.txt air/gen_1776321423_5.txt air/gen_1776321426_6.txt air/gen_1776321428_7.txt air/gen_1776321431_8.txt air/gen_1776321433_9.txt air/gen_1776321436_10.txt air/gen_1776321441_12.txt air/gen_1776321444_13.txt air/gen_1776321446_14.txt air/gen_1776321452_16.txt air/gen_1776321457_18.txt air/gen_1776321459_19.txt air/gen_1776321462_20.txt air/gen_1776321465_21.txt air/gen_1776321467_22.txt air/gen_1776321472_24.txt air/gen_1776321475_25.txt air/gen_1776321477_26.txt air/gen_1776321480_27.txt air/gen_1776321483_28.txt air/gen_1776321488_30.txt air/gen_1776321490_31.txt air/gen_1776321493_32.txt air/gen_1776321496_33.txt air/gen_1776321498_34.txt air/gen_1776321503_36.txt air/gen_1776321506_37.txt air/gen_1776321509_38.txt air/gen_1776321511_39.txt air/gen_1776321514_40.txt air/gen_1776321519_42.txt air/gen_1776321522_43.txt air/gen_1776321524_44.txt air/gen_1776321530_46.txt air/gen_1776321535_48.txt air/gen_1776321537_49.txt air/gen_1776321540_50.txt air/gen_1776321543_51.txt air/gen_1776321545_52.txt air/gen_1776321551_54.txt air/gen_1776321553_55.txt air/gen_1776321556_56.txt air/gen_1776321558_57.txt air/gen_1776321561_58.txt air/gen_1776321566_60.txt air/gen_1776321569_61.txt air/gen_1776321571_62.txt air/gen_1776321577_64.txt air/gen_1776321582_66.txt air/gen_1776321585_67.txt air/gen_1776321587_68.txt air/gen_1776321590_69.txt air/gen_1776321592_70.txt air/gen_1776321598_72.txt air/gen_1776321600_73.txt air/gen_1776321603_74.txt air/gen_1776321606_75.txt air/gen_1776321608_76.txt air/gen_1776321614_78.txt air/gen_1776321616_79.txt air/gen_1776321619_80.txt air/gen_1776321624_82.txt air/gen_1776321629_84.txt air/gen_1776321632_85.txt air/gen_1776321634_86.txt air/gen_1776321637_87.txt air/gen_1776321639_88.txt air/gen_1776321642_89.txt air/gen_1776321645_90.txt air/gen_1776321647_91.txt air/gen_1776321650_92.txt air/gen_1776321652_93.txt air/gen_1776321655_94.txt air/gen_1776321660_96.txt air/gen_1776321663_97.txt air/gen_1776321665_98.txt air/gen_1776321668_99.txt air/gen_1776321670_100.txt air/gen_1776321676_102.txt air/gen_1776321678_103.txt air/gen_1776321681_104.txt air/gen_1776321683_105.txt air/gen_1776321686_106.txt air/gen_1776321691_108.txt air/gen_1776321694_109.txt air/gen_1776321696_110.txt air/gen_1776321702_112.txt air/gen_1776321707_114.txt air/gen_1776321710_115.txt air/gen_1776321712_116.txt air/gen_1776321717_118.txt air/gen_1776321723_120.txt air/gen_1776321725_121.txt air/gen_1776321728_122.txt air/gen_1776321730_123.txt air/gen_1776321733_124.txt air/gen_1776321738_126.txt air/gen_1776321741_127.txt air/gen_1776321743_128.txt air/gen_1776321746_129.txt air/gen_1776321749_130.txt air/gen_1776321754_132.txt air/gen_1776321756_133.txt air/gen_1776321759_134.txt air/gen_1776321764_136.txt air/gen_1776321769_138.txt air/gen_1776321772_139.txt air/gen_1776321774_140.txt air/gen_1776321780_142.txt air/gen_1776321785_144.txt air/gen_1776321788_145.txt air/gen_1776321790_146.txt air/gen_1776321795_148.txt air/gen_1776321798_149.txt air/gen_1776321801_150.txt air/gen_1776321803_151.txt air/gen_1776321806_152.txt air/gen_1776321811_154.txt air/gen_1776321816_156.txt air/gen_1776321819_157.txt air/gen_1776321822_158.txt air/gen_1776321827_160.txt air/gen_1776321832_162.txt air/gen_1776321835_163.txt air/gen_1776321837_164.txt air/gen_1776321843_166.txt air/gen_1776321848_168.txt air/gen_1776321850_169.txt air/gen_1776321853_170.txt air/gen_1776321856_171.txt air/gen_1776321858_172.txt air/gen_1776321864_174.txt air/gen_1776321866_175.txt air/gen_1776321869_176.txt air/gen_1776321874_178.txt air/gen_1776321879_180.txt air/gen_1776321882_181.txt air/gen_1776321884_182.txt air/gen_1776321890_184.txt air/gen_1776321895_186.txt air/gen_1776321897_187.txt air/gen_1776321900_188.txt air/gen_1776321903_189.txt air/gen_1776321905_190.txt air/gen_1776321910_192.txt air/gen_1776321913_193.txt air/gen_1776321916_194.txt air/gen_1776321921_196.txt air/gen_1776321926_198.txt air/gen_1776321929_199.txt air/gen_1776321931_200.txt air/gen_1776321934_201.txt air/gen_1776321937_202.txt air/gen_1776321942_204.txt air/gen_1776321945_205.txt air/gen_1776321947_206.txt air/gen_1776321953_208.txt air/gen_1776321958_210.txt air/gen_1776321960_211.txt air/gen_1776321963_212.txt air/gen_1776321966_213.txt air/gen_1776321968_214.txt air/gen_1776321973_216.txt air/gen_1776321976_217.txt air/gen_1776321979_218.txt air/gen_1776321981_219.txt air/gen_1776321984_220.txt air/gen_1776321989_222.txt air/gen_1776321992_223.txt air/gen_1776321994_224.txt air/gen_1776321997_225.txt air/gen_1776322000_226.txt air/gen_1776322005_228.txt air/gen_1776322007_229.txt air/gen_1776322010_230.txt air/gen_1776322012_231.txt air/gen_1776322015_232.txt air/gen_1776322018_233.txt air/gen_1776322020_234.txt air/gen_1776322023_235.txt air/gen_1776322025_236.txt air/gen_1776322028_237.txt air/gen_1776322031_238.txt air/gen_1776322036_240.txt air/gen_1776322039_241.txt air/gen_1776322041_242.txt air/gen_1776322044_243.txt air/gen_1776322047_244.txt air/gen_1776322049_245.txt air/gen_1776322052_246.txt air/gen_1776322054_247.txt air/gen_1776322057_248.txt air/gen_1776322060_249.txt air/gen_1776322062_250.txt air/gen_1776322067_252.txt air/gen_1776322070_253.txt air/gen_1776322073_254.txt air/gen_1776322078_256.txt air/gen_1776322083_258.txt air/gen_1776322086_259.txt air/gen_1776322088_260.txt air/gen_1776322093_262.txt air/gen_1776322099_264.txt air/gen_1776322101_265.txt air/gen_1776322104_266.txt air/gen_1776322109_268.txt air/gen_1776322114_270.txt air/gen_1776322117_271.txt air/gen_1776322119_272.txt air/gen_1776322122_273.txt air/gen_1776322125_274.txt air/gen_1776322130_276.txt air/gen_1776322133_277.txt air/gen_1776322135_278.txt air/gen_1776322140_280.txt air/gen_1776322146_282.txt air/gen_1776322148_283.txt air/gen_1776322151_284.txt air/gen_1776322153_285.txt air/gen_1776322156_286.txt air/gen_1776322161_288.txt air/gen_1776322164_289.txt air/gen_1776322167_290.txt air/gen_1776322169_291.txt air/gen_1776322172_292.txt air/gen_1776322177_294.txt air/gen_1776322180_295.txt air/gen_1776322182_296.txt air/gen_1776322188_298.txt air/gen_1776322193_300.txt air/gen_1776322195_301.txt air/gen_1776322198_302.txt air/gen_1776322201_303.txt air/gen_1776322203_304.txt air/gen_1776322208_306.txt air/gen_1776322211_307.txt air/gen_1776322214_308.txt air/gen_1776322216_309.txt air/gen_1776322219_310.txt air/gen_1776322224_312.txt air/gen_1776322226_313.txt air/gen_1776322229_314.txt air/gen_1776322232_315.txt air/gen_1776322234_316.txt air/gen_1776322239_318.txt air/gen_1776322242_319.txt air/gen_1776322245_320.txt air/gen_1776322247_321.txt air/gen_1776322250_322.txt air/gen_1776322255_324.txt air/gen_1776322258_325.txt air/gen_1776322260_326.txt air/gen_1776322266_328.txt air/gen_1776322271_330.txt air/gen_1776322274_331.txt air/gen_1776322276_332.txt air/gen_1776322281_334.txt air/gen_1776322287_336.txt air/gen_1776322289_337.txt air/gen_1776322292_338.txt air/gen_1776322297_340.txt air/gen_1776322303_342.txt air/gen_1776322305_343.txt air/gen_1776322308_344.txt air/gen_1776322313_346.txt air/gen_1776322319_348.txt air/gen_1776322321_349.txt air/gen_1776322324_350.txt air/gen_1776322326_351.txt air/gen_1776322329_352.txt air/gen_1776322334_354.txt air/gen_1776322337_355.txt air/gen_1776322340_356.txt air/gen_1776322345_358.txt air/gen_1776322350_360.txt air/gen_1776322353_361.txt air/gen_1776322355_362.txt air/gen_1776322358_363.txt air/gen_1776322361_364.txt air/gen_1776322366_366.txt air/gen_1776322369_367.txt air/gen_1776322371_368.txt air/gen_1776322374_369.txt air/gen_1776322376_370.txt air/gen_1776322382_372.txt air/gen_1776322384_373.txt air/gen_1776322387_374.txt air/gen_1776322389_375.txt air/gen_1776322392_376.txt air/gen_1776322397_378.txt air/gen_1776322400_379.txt air/gen_1776322402_380.txt air/gen_1776322405_381.txt air/gen_1776322408_382.txt air/gen_1776322413_384.txt air/gen_1776322415_385.txt air/gen_1776322418_386.txt air/gen_1776322421_387.txt air/gen_1776322423_388.txt air/gen_1776322428_390.txt air/gen_1776322431_391.txt air/gen_1776322434_392.txt air/gen_1776322436_393.txt air/gen_1776322439_394.txt air/gen_1776322444_396.txt air/gen_1776322447_397.txt air/gen_1776322449_398.txt air/gen_1776322454_400.txt air/gen_1776322460_402.txt air/gen_1776322462_403.txt air/gen_1776322465_404.txt air/gen_1776322470_406.txt air/gen_1776322475_408.txt air/gen_1776322478_409.txt air/gen_1776322480_410.txt air/gen_1776322483_411.txt air/gen_1776322485_412.txt air/gen_1776322490_414.txt air/gen_1776322493_415.txt air/gen_1776322495_416.txt air/gen_1776322498_417.txt air/gen_1776322501_418.txt air/gen_1776322506_420.txt air/gen_1776322508_421.txt air/gen_1776322511_422.txt air/gen_1776322513_423.txt air/gen_1776322516_424.txt air/gen_1776322518_425.txt air/gen_1776322521_426.txt air/gen_1776322523_427.txt air/gen_1776322526_428.txt air/gen_1776322531_430.txt air/gen_1776322536_432.txt air/gen_1776322538_433.txt air/gen_1776322541_434.txt air/gen_1776322544_435.txt air/gen_1776322546_436.txt air/gen_1776322551_438.txt air/gen_1776322554_439.txt air/gen_1776322556_440.txt air/gen_1776322561_442.txt air/gen_1776322566_444.txt air/gen_1776322569_445.txt air/gen_1776322571_446.txt air/gen_1776322574_447.txt air/gen_1776322576_448.txt air/gen_1776322582_450.txt air/gen_1776322584_451.txt air/gen_1776322587_452.txt air/gen_1776322589_453.txt air/gen_1776322592_454.txt air/gen_1776322597_456.txt air/gen_1776322599_457.txt air/gen_1776322602_458.txt air/gen_1776322604_459.txt air/gen_1776322607_460.txt air/gen_1776322609_461.txt air/gen_1776322612_462.txt air/gen_1776322614_463.txt air/gen_1776322617_464.txt air/gen_1776322620_465.txt air/gen_1776322622_466.txt air/gen_1776322627_468.txt air/gen_1776322630_469.txt air/gen_1776322633_470.txt air/gen_1776322635_471.txt air/gen_1776322638_472.txt air/gen_1776322643_474.txt air/gen_1776322645_475.txt air/gen_1776322648_476.txt air/gen_1776322651_477.txt air/gen_1776322653_478.txt air/gen_1776322658_480.txt air/gen_1776322661_481.txt air/gen_1776322664_482.txt air/gen_1776322666_483.txt air/gen_1776322669_484.txt air/gen_1776322671_485.txt air/gen_1776322674_486.txt air/gen_1776322677_487.txt air/gen_1776322679_488.txt air/gen_1776322682_489.txt air/gen_1776322684_490.txt air/gen_1776322689_492.txt air/gen_1776322692_493.txt air/gen_1776322695_494.txt air/gen_1776322697_495.txt air/gen_1776322700_496.txt air/gen_1776322705_498.txt air/gen_1776322707_499.txt air/gen_1776322710_500.txt air/gen_1776322715_502.txt air/gen_1776322720_504.txt air/gen_1776322723_505.txt air/gen_1776322725_506.txt air/gen_1776322728_507.txt air/gen_1776322730_508.txt air/gen_1776322733_509.txt air/gen_1776322736_510.txt air/gen_1776322738_511.txt air/gen_1776322741_512.txt air/gen_1776322746_514.txt air/gen_1776322751_516.txt air/gen_1776322754_517.txt air/gen_1776322756_518.txt air/gen_1776322761_520.txt air/gen_1776322767_522.txt air/gen_1776322769_523.txt air/gen_1776322772_524.txt air/gen_1776322774_525.txt air/gen_1776322777_526.txt air/gen_1776322782_528.txt air/gen_1776322785_529.txt air/gen_1776322787_530.txt air/gen_1776322790_531.txt air/gen_1776322792_532.txt air/gen_1776322798_534.txt air/gen_1776322800_535.txt air/gen_1776322803_536.txt air/gen_1776322805_537.txt air/gen_1776322808_538.txt air/gen_1776322813_540.txt air/gen_1776322816_541.txt air/gen_1776322818_542.txt air/gen_1776322821_543.txt air/gen_1776322823_544.txt air/gen_1776322828_546.txt air/gen_1776322831_547.txt air/gen_1776322833_548.txt air/gen_1776322836_549.txt air/gen_1776322839_550.txt air/gen_1776322844_552.txt air/gen_1776322846_553.txt air/gen_1776322849_554.txt air/gen_1776322854_556.txt air/gen_1776322859_558.txt air/gen_1776322862_559.txt air/gen_1776322865_560.txt air/gen_1776322870_562.txt air/gen_1776322875_564.txt air/gen_1776322878_565.txt air/gen_1776322880_566.txt air/gen_1776322883_567.txt air/gen_1776322885_568.txt air/gen_1776322890_570.txt air/gen_1776322893_571.txt air/gen_1776322896_572.txt air/gen_1776322898_573.txt air/gen_1776322901_574.txt air/gen_1776322906_576.txt air/gen_1776322908_577.txt air/gen_1776322911_578.txt air/gen_1776322914_579.txt air/gen_1776322916_580.txt air/gen_1776322921_582.txt air/gen_1776322924_583.txt air/gen_1776322926_584.txt air/gen_1776322929_585.txt air/gen_1776322932_586.txt air/gen_1776322937_588.txt air/gen_1776322939_589.txt air/gen_1776322942_590.txt air/gen_1776322945_591.txt air/gen_1776322947_592.txt air/gen_1776322950_593.txt air/gen_1776322953_594.txt air/gen_1776322955_595.txt air/gen_1776322958_596.txt air/gen_1776322961_597.txt air/gen_1776322963_598.txt air/gen_1776322968_600.txt air/gen_1776322971_601.txt air/gen_1776322974_602.txt air/gen_1776322976_603.txt air/gen_1776322979_604.txt air/gen_1776322984_606.txt air/gen_1776322987_607.txt air/gen_1776322989_608.txt air/gen_1776322994_610.txt air/gen_1776322999_612.txt air/gen_1776323002_613.txt air/gen_1776323005_614.txt air/gen_1776323007_615.txt air/gen_1776323010_616.txt air/gen_1776323015_618.txt air/gen_1776323017_619.txt air/gen_1776323020_620.txt air/gen_1776323023_621.txt air/gen_1776323025_622.txt air/gen_1776323030_624.txt air/gen_1776323033_625.txt air/gen_1776323035_626.txt air/gen_1776323038_627.txt air/gen_1776323041_628.txt air/gen_1776323046_630.txt air/gen_1776323048_631.txt air/gen_1776323051_632.txt air/gen_1776323054_633.txt air/gen_1776323056_634.txt air/gen_1776323061_636.txt air/gen_1776323064_637.txt air/gen_1776323067_638.txt air/gen_1776323069_639.txt air/gen_1776323072_640.txt air/gen_1776323077_642.txt air/gen_1776323080_643.txt air/gen_1776323082_644.txt air/gen_1776323087_646.txt air/gen_1776323090_647.txt air/gen_1776323092_648.txt air/gen_1776323095_649.txt air/gen_1776323098_650.txt air/gen_1776323103_652.txt air/gen_1776323108_654.txt air/gen_1776323110_655.txt air/gen_1776323113_656.txt air/gen_1776323116_657.txt air/gen_1776323118_658.txt air/gen_1776323123_660.txt air/gen_1776323126_661.txt air/gen_1776323128_662.txt air/gen_1776323131_663.txt air/gen_1776323133_664.txt air/gen_1776323138_666.txt air/gen_1776323141_667.txt air/gen_1776323144_668.txt air/gen_1776323149_670.txt air/gen_1776323151_671.txt air/gen_1776323154_672.txt air/gen_1776323156_673.txt air/gen_1776323159_674.txt air/gen_1776323162_675.txt air/gen_1776323164_676.txt air/gen_1776323169_678.txt air/gen_1776323172_679.txt air/gen_1776323174_680.txt air/gen_1776323177_681.txt air/gen_1776323179_682.txt air/gen_1776323185_684.txt air/gen_1776323187_685.txt air/gen_1776323190_686.txt air/gen_1776323192_687.txt air/gen_1776323195_688.txt air/gen_1776323200_690.txt]
[trainer] micro-train burst (25745 bytes, novelty 0.03) — and lo, it feeds again.
[syntropy] action=explore | trend=0.0000 | field_dev=-0.016 | purpose_align=-0.281 | lr_mul=1.30
[aml] burst complete: 32 steps, avg loss 1.5065 (memory freed)
[trainer] growing new delta module (total: 2) — new soul appended.
[dna] water wrote 9 bytes to ecology
[dna] water wrote 10 bytes to ecology
[dna] water wrote 22 bytes to ecology
[dna] water wrote 9 bytes to ecology
[dna] water wrote 9 bytes to ecology
[dna] water wrote 41 bytes to ecology
[dna] water wrote 9 bytes to ecology
[dna] water wrote 46 bytes to ecology
[dna] water wrote 125 bytes to ecology
[dna] water wrote 9 bytes to ecology
[dna] water wrote 103 bytes to ecology
[dna] water wrote 9 bytes to ecology
[dna] water wrote 40 bytes to ecology
[dna] water wrote 122 bytes to ecology
[dna] water wrote 9 bytes to ecology
[dna] water wrote 48 bytes to ecology
[dna] water wrote 9 bytes to ecology
[dna] water wrote 66 bytes to ecology
[dna] water wrote 24 bytes to ecology
[dna] water wrote 9 bytes to ecology
[dna] water wrote 9 bytes to ecology
[dna] water wrote 92 bytes to ecology
[dna] water wrote 9 bytes to ecology
[dna] water wrote 66 bytes to ecology
[dna] water wrote 77 bytes to ecology
[dna] water wrote 9 bytes to ecology
[dna] water wrote 9 bytes to ecology
[dna] water wrote 51 bytes to ecology
[dna] water wrote 9 bytes to ecology
[dna] water wrote 23 bytes to ecology
[dna] water wrote 58 bytes to ecology
[dna] water wrote 9 bytes to ecology
[dna] water wrote 34 bytes to ecology
[dna] water wrote 9 bytes to ecology
[dna] water wrote 112 bytes to ecology
[dna] water wrote 88 bytes to ecology
[dna] water wrote 9 bytes to ecology
[dna] water wrote 42 bytes to ecology
[dna] water wrote 9 bytes to ecology
[dna] water wrote 44 bytes to ecology
[dna] water wrote 95 bytes to ecology
[dna] water wrote 9 bytes to ecology
[dna] water wrote 150 bytes to ecology
[dna] water wrote 9 bytes to ecology
[debug-onto] tick=50 corpus=151990 stage=2 freeze=0
[dna] water wrote 25 bytes to ecology
[dna] water wrote 95 bytes to ecology
[dna] water wrote 9 bytes to ecology
[dna] water wrote 52 bytes to ecology
[dna] water wrote 9 bytes to ecology
[dna] water wrote 42 bytes to ecology
[dna] water wrote 63 bytes to ecology
[dna] water wrote 9 bytes to ecology
[dna] water wrote 25 bytes to ecology
[dna] water wrote 9 bytes to ecology
[dna] water wrote 58 bytes to ecology
[dna] water wrote 107 bytes to ecology
[dna] water wrote 9 bytes to ecology
[dna] water wrote 47 bytes to ecology
[dna] water wrote 9 bytes to ecology
[dna] water wrote 34 bytes to ecology
[dna] water wrote 84 bytes to ecology
[dna] water wrote 9 bytes to ecology
[dna] water wrote 30 bytes to ecology
[dna] water wrote 9 bytes to ecology
[dna] water wrote 89 bytes to ecology
[dna] water wrote 12 bytes to ecology
[dna] water wrote 9 bytes to ecology
[dna] water wrote 9 bytes to ecology
[dna] water wrote 34 bytes to ecology
[dna] water wrote 9 bytes to ecology
[dna] water wrote 56 bytes to ecology
[dna] water wrote 20 bytes to ecology
[dna] water wrote 9 bytes to ecology
[dna] water wrote 9 bytes to ecology
[dna] water wrote 103 bytes to ecology
[dna] water wrote 9 bytes to ecology
[dna] water wrote 47 bytes to ecology
[dna] water wrote 50 bytes to ecology
[dna] water wrote 9 bytes to ecology
[dna] water wrote 30 bytes to ecology
[dna] water wrote 9 bytes to ecology
[dna] water wrote 9 bytes to ecology
[dna] water wrote 81 bytes to ecology
[dna] water wrote 9 bytes to ecology
[dna] water wrote 51 bytes to ecology
[dna] water wrote 9 bytes to ecology
[dna] water wrote 90 bytes to ecology
[dna] water wrote 48 bytes to ecology
[debug-onto] tick=100 corpus=151990 stage=2 freeze=0
[dna] water wrote 9 bytes to ecology
[dna] water wrote 32 bytes to ecology
[dna] water wrote 9 bytes to ecology
[dna] water wrote 22 bytes to ecology
[dna] water wrote 43 bytes to ecology
[dna] water wrote 9 bytes to ecology
[dna] water wrote 32 bytes to ecology
[dna] water wrote 9 bytes to ecology
[dna] water wrote 20 bytes to ecology
[dna] water wrote 203 bytes to ecology
[dna] water wrote 9 bytes to ecology
[dna] water wrote 22 bytes to ecology
[dna] water wrote 9 bytes to ecology
[dna] water wrote 201 bytes to ecology
[dna] water wrote 22 bytes to ecology
[dna] water wrote 9 bytes to ecology
[dna] water wrote 26 bytes to ecology
[dna] water wrote 9 bytes to ecology
[dna] water wrote 35 bytes to ecology
[dna] water wrote 53 bytes to ecology
[dna] water wrote 9 bytes to ecology
[dna] water wrote 121 bytes to ecology
[dna] water wrote 9 bytes to ecology
[dna] water wrote 52 bytes to ecology
[dna] water wrote 61 bytes to ecology
[dna] water wrote 9 bytes to ecology
[dna] water wrote 45 bytes to ecology
[dna] water wrote 9 bytes to ecology
[dna] water wrote 88 bytes to ecology
[dna] water wrote 51 bytes to ecology
[dna] water wrote 9 bytes to ecology
[dna] water wrote 144 bytes to ecology
[dna] water wrote 9 bytes to ecology
[dna] water wrote 44 bytes to ecology
[dna] water wrote 148 bytes to ecology
[dna] water wrote 9 bytes to ecology
[dna] water wrote 9 bytes to ecology
[dna] water wrote 177 bytes to ecology
[dna] water wrote 9 bytes to ecology
[dna] water wrote 31 bytes to ecology
[dna] water wrote 33 bytes to ecology
[dna] water wrote 9 bytes to ecology
[debug-onto] tick=150 corpus=151990 stage=2 freeze=0
[dna] water wrote 25 bytes to ecology
[dna] water wrote 9 bytes to ecology
[dna] water wrote 16 bytes to ecology
[dna] water wrote 83 bytes to ecology
[dna] water wrote 9 bytes to ecology
[dna] water wrote 9 bytes to ecology
[dna] water wrote 24 bytes to ecology
[dna] water wrote 9 bytes to ecology
[dna] water wrote 38 bytes to ecology
[dna] water wrote 93 bytes to ecology
[dna] water wrote 9 bytes to ecology
[dna] water wrote 41 bytes to ecology
[dna] water wrote 9 bytes to ecology
[dna] water wrote 59 bytes to ecology
[dna] water wrote 22 bytes to ecology
[dna] water wrote 9 bytes to ecology
[dna] water wrote 30 bytes to ecology
[dna] water wrote 9 bytes to ecology
[dna] water wrote 52 bytes to ecology
[dna] water wrote 69 bytes to ecology
[dna] water wrote 9 bytes to ecology
[dna] water wrote 9 bytes to ecology
[dna] water wrote 6 bytes to ecology
[dna] water wrote 9 bytes to ecology
[dna] water wrote 51 bytes to ecology
[dna] water wrote 48 bytes to ecology
[dna] water wrote 9 bytes to ecology
[dna] water wrote 9 bytes to ecology
[dna] water wrote 26 bytes to ecology
[dna] water wrote 9 bytes to ecology
[dna] water wrote 132 bytes to ecology
[dna] water wrote 67 bytes to ecology
[dna] water wrote 9 bytes to ecology
[dna] water wrote 9 bytes to ecology
[dna] water wrote 126 bytes to ecology
[dna] water wrote 9 bytes to ecology
[dna] water wrote 41 bytes to ecology
[dna] water wrote 14 bytes to ecology
[dna] water wrote 9 bytes to ecology
[dna] water wrote 93 bytes to ecology
[dna] water wrote 9 bytes to ecology
[dna] water wrote 80 bytes to ecology
[dna] water wrote 45 bytes to ecology
[dna] water wrote 9 bytes to ecology
[dna] water wrote 52 bytes to ecology
[dna] water wrote 9 bytes to ecology
[debug-onto] tick=200 corpus=151990 stage=2 freeze=0
[dna] water wrote 58 bytes to ecology
[dna] water wrote 63 bytes to ecology
[dna] water wrote 9 bytes to ecology
[dna] water wrote 102 bytes to ecology
[dna] water wrote 9 bytes to ecology
[dna] water wrote 143 bytes to ecology
[dna] water wrote 91 bytes to ecology
[dna] water wrote 9 bytes to ecology
[dna] water wrote 100 bytes to ecology
[dna] water wrote 9 bytes to ecology
[dna] water wrote 11 bytes to ecology
[dna] water wrote 93 bytes to ecology
[dna] water wrote 9 bytes to ecology
[dna] water wrote 57 bytes to ecology
[dna] water wrote 9 bytes to ecology
[dna] water wrote 40 bytes to ecology
[dna] water wrote 68 bytes to ecology
[dna] water wrote 9 bytes to ecology
[dna] water wrote 9 bytes to ecology
[dna] water wrote 108 bytes to ecology
[dna] water wrote 9 bytes to ecology
[dna] water wrote 153 bytes to ecology
[dna] water wrote 15 bytes to ecology
[dna] water wrote 9 bytes to ecology
[dna] water wrote 9 bytes to ecology
[dna] water wrote 46 bytes to ecology
[dna] water wrote 9 bytes to ecology
[dna] water wrote 37 bytes to ecology
[dna] water wrote 27 bytes to ecology
[dna] water wrote 9 bytes to ecology
[dna] water wrote 59 bytes to ecology
[dna] water wrote 9 bytes to ecology
[dna] water wrote 74 bytes to ecology
[dna] water wrote 37 bytes to ecology
[dna] water wrote 9 bytes to ecology
[dna] water wrote 9 bytes to ecology
[dna] water wrote 71 bytes to ecology
[dna] water wrote 9 bytes to ecology
[dna] water wrote 35 bytes to ecology
[dna] water wrote 32 bytes to ecology
[dna] water wrote 9 bytes to ecology
[dna] water wrote 9 bytes to ecology
[dna] water wrote 67 bytes to ecology
[dna] water wrote 9 bytes to ecology
[dna] water wrote 10 bytes to ecology
[dna] water wrote 38 bytes to ecology
[debug-onto] tick=250 corpus=151990 stage=2 freeze=0
[dna] water wrote 9 bytes to ecology
[dna] water wrote 23 bytes to ecology
[dna] water wrote 9 bytes to ecology
[dna] water wrote 37 bytes to ecology
[dna] water wrote 22 bytes to ecology
[dna] water wrote 9 bytes to ecology
[dna] water wrote 9 bytes to ecology
[dna] water wrote 37 bytes to ecology
[dna] water wrote 9 bytes to ecology
[dna] water wrote 9 bytes to ecology
[dna] water wrote 89 bytes to ecology
[dna] water wrote 9 bytes to ecology
[dna] water wrote 14 bytes to ecology
[dna] water wrote 9 bytes to ecology
[dna] water wrote 45 bytes to ecology
[dna] water wrote 26 bytes to ecology
[dna] water wrote 9 bytes to ecology
[dna] water wrote 109 bytes to ecology
[dna] water wrote 9 bytes to ecology
[dna] water wrote 70 bytes to ecology
[dna] water wrote 38 bytes to ecology
[dna] water wrote 9 bytes to ecology
[dna] water wrote 119 bytes to ecology
[dna] water wrote 9 bytes to ecology
[dna] water wrote 21 bytes to ecology
[dna] water wrote 101 bytes to ecology
[dna] water wrote 9 bytes to ecology
[dna] water wrote 35 bytes to ecology
[dna] water wrote 9 bytes to ecology
[dna] water wrote 19 bytes to ecology
[dna] water wrote 30 bytes to ecology
[dna] water wrote 9 bytes to ecology
[dna] water wrote 35 bytes to ecology
[dna] water wrote 9 bytes to ecology
[dna] water wrote 9 bytes to ecology
[dna] water wrote 51 bytes to ecology
[dna] water wrote 9 bytes to ecology
[dna] water wrote 15 bytes to ecology
[dna] water wrote 9 bytes to ecology
[dna] water wrote 76 bytes to ecology
[dna] water wrote 13 bytes to ecology
[dna] water wrote 9 bytes to ecology
[debug-onto] tick=300 corpus=151990 stage=2 freeze=0
[dna] water wrote 7 bytes to ecology
[dna] water wrote 9 bytes to ecology
[dna] water wrote 69 bytes to ecology
[dna] water wrote 42 bytes to ecology
[dna] water wrote 9 bytes to ecology
[dna] water wrote 42 bytes to ecology
[dna] water wrote 9 bytes to ecology
[dna] water wrote 29 bytes to ecology
[dna] water wrote 20 bytes to ecology
[dna] water wrote 9 bytes to ecology
[dna] water wrote 17 bytes to ecology
[dna] water wrote 9 bytes to ecology
[dna] water wrote 9 bytes to ecology
[dna] water wrote 61 bytes to ecology
[dna] water wrote 9 bytes to ecology
[dna] water wrote 9 bytes to ecology
[dna] water wrote 78 bytes to ecology
[dna] water wrote 9 bytes to ecology
[dna] water wrote 25 bytes to ecology
[dna] water wrote 98 bytes to ecology
[dna] water wrote 9 bytes to ecology
[dna] water wrote 13 bytes to ecology
[dna] water wrote 9 bytes to ecology
[dna] water wrote 110 bytes to ecology
[dna] water wrote 27 bytes to ecology
[dna] water wrote 9 bytes to ecology
[dna] water wrote 10 bytes to ecology
[dna] water wrote 9 bytes to ecology
[dna] water wrote 41 bytes to ecology
[dna] water wrote 87 bytes to ecology
[dna] water wrote 9 bytes to ecology
[dna] water wrote 42 bytes to ecology
[dna] water wrote 9 bytes to ecology
[dna] water wrote 51 bytes to ecology
[dna] water wrote 56 bytes to ecology
[dna] water wrote 9 bytes to ecology
[dna] water wrote 9 bytes to ecology
[dna] water wrote 46 bytes to ecology
[dna] water wrote 9 bytes to ecology
[dna] water wrote 92 bytes to ecology
[dna] water wrote 47 bytes to ecology
[dna] water wrote 9 bytes to ecology
[dna] water wrote 9 bytes to ecology
[dna] water wrote 82 bytes to ecology
[dna] water wrote 9 bytes to ecology
[debug-onto] tick=350 corpus=151990 stage=2 freeze=0
[dna] water wrote 91 bytes to ecology
[dna] water wrote 28 bytes to ecology
[dna] water wrote 9 bytes to ecology
[dna] water wrote 90 bytes to ecology
[dna] water wrote 9 bytes to ecology
[dna] water wrote 148 bytes to ecology
[dna] water wrote 61 bytes to ecology
[dna] water wrote 9 bytes to ecology
[dna] water wrote 93 bytes to ecology
[dna] water wrote 9 bytes to ecology
[dna] water wrote 112 bytes to ecology
[dna] water wrote 85 bytes to ecology
[dna] water wrote 9 bytes to ecology
[dna] water wrote 16 bytes to ecology
[dna] water wrote 9 bytes to ecology
[dna] water wrote 69 bytes to ecology
[dna] water wrote 56 bytes to ecology
[dna] water wrote 9 bytes to ecology
[dna] water wrote 84 bytes to ecology
[dna] water wrote 9 bytes to ecology
[dna] water wrote 69 bytes to ecology
[dna] water wrote 21 bytes to ecology
[dna] water wrote 9 bytes to ecology
[dna] water wrote 25 bytes to ecology
[dna] water wrote 9 bytes to ecology
[dna] water wrote 9 bytes to ecology
[dna] water wrote 39 bytes to ecology
[dna] water wrote 9 bytes to ecology
[dna] water wrote 34 bytes to ecology
[dna] water wrote 9 bytes to ecology
[dna] water wrote 37 bytes to ecology
[dna] water wrote 94 bytes to ecology
[dna] water wrote 9 bytes to ecology
[dna] water wrote 9 bytes to ecology
[dna] water wrote 17 bytes to ecology
[dna] water wrote 9 bytes to ecology
[dna] water wrote 37 bytes to ecology
[dna] water wrote 103 bytes to ecology
[dna] water wrote 9 bytes to ecology
[dna] water wrote 37 bytes to ecology
[dna] water wrote 9 bytes to ecology
[dna] water wrote 10 bytes to ecology
[dna] water wrote 31 bytes to ecology
[debug-onto] tick=400 corpus=151990 stage=2 freeze=0
[dna] water wrote 9 bytes to ecology
[dna] water wrote 9 bytes to ecology
[dna] water wrote 60 bytes to ecology
[dna] water wrote 9 bytes to ecology
[dna] water wrote 48 bytes to ecology
[dna] water wrote 87 bytes to ecology
[dna] water wrote 9 bytes to ecology
[dna] water wrote 9 bytes to ecology
[dna] water wrote 29 bytes to ecology
[dna] water wrote 9 bytes to ecology
[dna] water wrote 9 bytes to ecology
[dna] water wrote 47 bytes to ecology
[dna] water wrote 9 bytes to ecology
[dna] water wrote 147 bytes to ecology
[dna] water wrote 9 bytes to ecology
[dna] water wrote 35 bytes to ecology
[dna] water wrote 62 bytes to ecology
[dna] water wrote 9 bytes to ecology
[dna] water wrote 61 bytes to ecology
[dna] water wrote 9 bytes to ecology
[dna] water wrote 39 bytes to ecology
[dna] water wrote 46 bytes to ecology
[dna] water wrote 9 bytes to ecology
[dna] water wrote 26 bytes to ecology
[dna] water wrote 9 bytes to ecology
[dna] water wrote 49 bytes to ecology
[dna] water wrote 36 bytes to ecology
[dna] water wrote 9 bytes to ecology
[dna] water wrote 9 bytes to ecology
[dna] water wrote 43 bytes to ecology
[dna] water wrote 9 bytes to ecology
[dna] water wrote 55 bytes to ecology
[dna] water wrote 86 bytes to ecology
[dna] water wrote 9 bytes to ecology
[dna] water wrote 73 bytes to ecology
[dna] water wrote 9 bytes to ecology
[dna] water wrote 41 bytes to ecology
[dna] water wrote 52 bytes to ecology
[dna] water wrote 9 bytes to ecology
[dna] water wrote 75 bytes to ecology
[dna] water wrote 9 bytes to ecology
[dna] water wrote 20 bytes to ecology
[dna] water wrote 69 bytes to ecology
[dna] water wrote 9 bytes to ecology
[debug-onto] tick=450 corpus=151990 stage=2 freeze=0
[dna] water wrote 40 bytes to ecology
[dna] water wrote 9 bytes to ecology
[dna] water wrote 9 bytes to ecology
[dna] water wrote 41 bytes to ecology
[dna] water wrote 9 bytes to ecology
[dna] water wrote 20 bytes to ecology
[dna] water wrote 9 bytes to ecology
[dna] water wrote 66 bytes to ecology
[dna] water wrote 256 bytes to ecology
[dna] water wrote 9 bytes to ecology
[dna] water wrote 40 bytes to ecology
[dna] water wrote 9 bytes to ecology
[dna] water wrote 32 bytes to ecology
[dna] water wrote 41 bytes to ecology
[dna] water wrote 9 bytes to ecology
[dna] water wrote 9 bytes to ecology
[dna] water wrote 101 bytes to ecology
[dna] water wrote 9 bytes to ecology
[dna] water wrote 22 bytes to ecology
[dna] water wrote 18 bytes to ecology
[dna] water wrote 9 bytes to ecology
[dna] water wrote 35 bytes to ecology
[dna] water wrote 9 bytes to ecology
[dna] water wrote 108 bytes to ecology
[dna] water wrote 44 bytes to ecology
[dna] water wrote 9 bytes to ecology
[dna] water wrote 77 bytes to ecology
[dna] water wrote 9 bytes to ecology
[dna] water wrote 16 bytes to ecology
[dna] water wrote 181 bytes to ecology
[dna] water wrote 9 bytes to ecology
[dna] water wrote 62 bytes to ecology
[dna] water wrote 9 bytes to ecology
[dna] water wrote 23 bytes to ecology
[dna] water wrote 34 bytes to ecology
[dna] water wrote 9 bytes to ecology
[dna] water wrote 9 bytes to ecology
[dna] water wrote 148 bytes to ecology
[dna] water wrote 9 bytes to ecology
[dna] water wrote 50 bytes to ecology
[dna] water wrote 103 bytes to ecology
[dna] water wrote 9 bytes to ecology
[dna] water wrote 9 bytes to ecology
[dna] water wrote 68 bytes to ecology
[dna] water wrote 9 bytes to ecology
[debug-onto] tick=500 corpus=151990 stage=2 freeze=0
[dna] water wrote 22 bytes to ecology
[dna] water wrote 118 bytes to ecology
[dna] water wrote 9 bytes to ecology
[dna] water wrote 89 bytes to ecology
[dna] water wrote 9 bytes to ecology
[dna] water wrote 90 bytes to ecology
[dna] water wrote 28 bytes to ecology
[dna] water wrote 9 bytes to ecology
[dna] water wrote 9 bytes to ecology
[dna] water wrote 30 bytes to ecology
[dna] water wrote 9 bytes to ecology
[dna] water wrote 53 bytes to ecology
[dna] water wrote 67 bytes to ecology
[dna] water wrote 9 bytes to ecology
[dna] water wrote 38 bytes to ecology
[dna] water wrote 9 bytes to ecology
[dna] water wrote 47 bytes to ecology
[dna] water wrote 43 bytes to ecology
[dna] water wrote 9 bytes to ecology
[dna] water wrote 63 bytes to ecology
[dna] water wrote 9 bytes to ecology
[dna] water wrote 26 bytes to ecology
[dna] water wrote 76 bytes to ecology
[dna] water wrote 9 bytes to ecology
[dna] water wrote 89 bytes to ecology
[dna] water wrote 9 bytes to ecology
[dna] water wrote 20 bytes to ecology
[dna] water wrote 70 bytes to ecology
[dna] water wrote 9 bytes to ecology
[dna] water wrote 34 bytes to ecology
[dna] water wrote 9 bytes to ecology
[dna] water wrote 9 bytes to ecology
[dna] water wrote 107 bytes to ecology
[dna] water wrote 9 bytes to ecology
[dna] water wrote 22 bytes to ecology
[dna] water wrote 9 bytes to ecology
[dna] water wrote 9 bytes to ecology
[dna] water wrote 59 bytes to ecology
[dna] water wrote 9 bytes to ecology
[dna] water wrote 150 bytes to ecology
[dna] water wrote 9 bytes to ecology
[dna] water wrote 74 bytes to ecology
[dna] water wrote 106 bytes to ecology
[debug-onto] tick=550 corpus=151990 stage=2 freeze=0
[dna] water wrote 9 bytes to ecology
[dna] water wrote 26 bytes to ecology
[dna] water wrote 9 bytes to ecology
[dna] water wrote 218 bytes to ecology
[dna] water wrote 114 bytes to ecology
[dna] water wrote 9 bytes to ecology
[dna] water wrote 37 bytes to ecology
[dna] water wrote 9 bytes to ecology
[dna] water wrote 96 bytes to ecology
[dna] water wrote 35 bytes to ecology
[dna] water wrote 9 bytes to ecology
[dna] water wrote 9 bytes to ecology
[dna] water wrote 45 bytes to ecology
[dna] water wrote 9 bytes to ecology
[dna] water wrote 35 bytes to ecology
[dna] water wrote 199 bytes to ecology
[dna] water wrote 9 bytes to ecology
[dna] water wrote 42 bytes to ecology
[dna] water wrote 9 bytes to ecology
[dna] water wrote 32 bytes to ecology
[dna] water wrote 30 bytes to ecology
[dna] water wrote 9 bytes to ecology
[dna] water wrote 9 bytes to ecology
[dna] water wrote 40 bytes to ecology
[dna] water wrote 9 bytes to ecology
[dna] water wrote 59 bytes to ecology
[dna] water wrote 28 bytes to ecology
[dna] water wrote 9 bytes to ecology
[dna] water wrote 20 bytes to ecology
[dna] water wrote 9 bytes to ecology
[dna] water wrote 9 bytes to ecology
[dna] water wrote 17 bytes to ecology
[dna] water wrote 9 bytes to ecology
[dna] water wrote 9 bytes to ecology
[dna] water wrote 116 bytes to ecology
[dna] water wrote 9 bytes to ecology
[dna] water wrote 50 bytes to ecology
[dna] water wrote 79 bytes to ecology
[dna] water wrote 9 bytes to ecology
[dna] water wrote 10 bytes to ecology
[dna] water wrote 9 bytes to ecology
[dna] water wrote 48 bytes to ecology
[dna] water wrote 55 bytes to ecology
[dna] water wrote 9 bytes to ecology
[debug-onto] tick=600 corpus=151990 stage=2 freeze=0
[dna] water wrote 203 bytes to ecology
[dna] water wrote 9 bytes to ecology
[dna] water wrote 17 bytes to ecology
[dna] water wrote 58 bytes to ecology
[dna] water wrote 9 bytes to ecology
[dna] water wrote 9 bytes to ecology
[dna] water wrote 35 bytes to ecology
[dna] water wrote 9 bytes to ecology
[dna] water wrote 67 bytes to ecology
[dna] water wrote 23 bytes to ecology
[dna] water wrote 9 bytes to ecology
[dna] water wrote 9 bytes to ecology
[dna] water wrote 44 bytes to ecology
[dna] water wrote 9 bytes to ecology
[dna] water wrote 61 bytes to ecology
[dna] water wrote 61 bytes to ecology
[dna] water wrote 9 bytes to ecology
[dna] water wrote 9 bytes to ecology
[dna] water wrote 62 bytes to ecology
[dna] water wrote 9 bytes to ecology
[dna] water wrote 11 bytes to ecology
[dna] water wrote 25 bytes to ecology
[dna] water wrote 9 bytes to ecology
[dna] water wrote 9 bytes to ecology
[dna] water wrote 42 bytes to ecology
[dna] water wrote 9 bytes to ecology
[dna] water wrote 29 bytes to ecology
[dna] water wrote 113 bytes to ecology
[dna] water wrote 9 bytes to ecology
[dna] water wrote 45 bytes to ecology
[dna] water wrote 9 bytes to ecology
[dna] water wrote 54 bytes to ecology
[dna] water wrote 74 bytes to ecology
[dna] water wrote 9 bytes to ecology
[dna] water wrote 76 bytes to ecology
[dna] water wrote 9 bytes to ecology
[dna] water wrote 15 bytes to ecology
[dna] water wrote 113 bytes to ecology
[dna] water wrote 9 bytes to ecology
[dna] water wrote 32 bytes to ecology
[dna] water wrote 9 bytes to ecology
[dna] water wrote 90 bytes to ecology
[dna] water wrote 17 bytes to ecology
[dna] water wrote 9 bytes to ecology
[dna] water wrote 61 bytes to ecology
[dna] water wrote 9 bytes to ecology
[debug-onto] tick=650 corpus=151990 stage=2 freeze=0
[dna] water wrote 63 bytes to ecology
[dna] water wrote 154 bytes to ecology
[dna] water wrote 9 bytes to ecology
[dna] water wrote 9 bytes to ecology

[evolution] Organism shutting down gracefully.
