[ecology] Element: air → corpus: nonames_air.txt
[evolution] Autonomous evolution mode — organism will grow through all stages without pause.
[ecology] Joined swarm. 1 peer(s) detected.
molequla is alive. [evolution] Autonomous mode — background trainer running. Ctrl+C to stop.
[dna] air wrote 114 bytes to ecology
[dna] air consumed 17685 bytes from 244 files: [earth/gen_1777444167_1.txt earth/gen_1777444172_3.txt earth/gen_1777444175_4.txt earth/gen_1777444183_7.txt earth/gen_1777444188_9.txt earth/gen_1777444191_10.txt earth/gen_1777444199_13.txt earth/gen_1777444207_16.txt earth/gen_1777444215_19.txt earth/gen_1777444220_21.txt earth/gen_1777444223_22.txt earth/gen_1777444231_25.txt earth/gen_1777444236_27.txt earth/gen_1777444247_31.txt earth/gen_1777444255_34.txt earth/gen_1777444263_37.txt earth/gen_1777444271_40.txt earth/gen_1777444279_43.txt earth/gen_1777444287_46.txt earth/gen_1777444295_49.txt earth/gen_1777444303_52.txt earth/gen_1777444311_55.txt earth/gen_1777444319_58.txt earth/gen_1777444327_61.txt earth/gen_1777444335_64.txt earth/gen_1777444343_67.txt earth/gen_1777444351_70.txt earth/gen_1777444359_73.txt earth/gen_1777444367_76.txt earth/gen_1777444375_79.txt earth/gen_1777444383_82.txt earth/gen_1777444396_87.txt earth/gen_1777444399_88.txt earth/gen_1777444407_91.txt earth/gen_1777444412_93.txt earth/gen_1777444415_94.txt earth/gen_1777444423_97.txt earth/gen_1777444431_100.txt earth/gen_1777444439_103.txt earth/gen_1777444447_106.txt earth/gen_1777444455_109.txt earth/gen_1777444463_112.txt earth/gen_1777444471_115.txt earth/gen_1777444476_117.txt earth/gen_1777444479_118.txt earth/gen_1777444487_121.txt earth/gen_1777444492_123.txt earth/gen_1777444495_124.txt earth/gen_1777444503_127.txt earth/gen_1777444508_129.txt earth/gen_1777444511_130.txt earth/gen_1777444519_133.txt earth/gen_1777444527_136.txt earth/gen_1777444535_139.txt earth/gen_1777444543_142.txt earth/gen_1777444551_145.txt earth/gen_1777444559_148.txt earth/gen_1777444567_151.txt earth/gen_1777444575_154.txt earth/gen_1777444583_157.txt earth/gen_1777444591_160.txt earth/gen_1777444599_163.txt earth/gen_1777444607_166.txt earth/gen_1777444615_169.txt earth/gen_1777444623_172.txt earth/gen_1777444631_175.txt earth/gen_1777444636_177.txt earth/gen_1777444638_178.txt earth/gen_1777444646_181.txt earth/gen_1777444654_184.txt earth/gen_1777444662_187.txt earth/gen_1777444670_190.txt earth/gen_1777444678_193.txt earth/gen_1777444685_196.txt earth/gen_1777444693_199.txt earth/gen_1777444699_201.txt earth/gen_1777444701_202.txt earth/gen_1777444709_205.txt earth/gen_1777444717_208.txt earth/gen_1777444725_211.txt earth/gen_1777444733_214.txt earth/gen_1777444741_217.txt earth/gen_1777444749_220.txt earth/gen_1777444757_223.txt earth/gen_1777444765_226.txt earth/gen_1777444773_229.txt earth/gen_1777444780_232.txt earth/gen_1777444788_235.txt earth/gen_1777444793_237.txt earth/gen_1777444796_238.txt earth/gen_1777444804_241.txt earth/gen_1777444812_244.txt earth/gen_1777444820_247.txt earth/gen_1777444827_250.txt earth/gen_1777444835_253.txt earth/gen_1777444840_255.txt earth/gen_1777444843_256.txt earth/gen_1777444856_261.txt earth/gen_1777444859_262.txt earth/gen_1777444866_265.txt earth/gen_1777444874_268.txt earth/gen_1777444882_271.txt earth/gen_1777444887_273.txt earth/gen_1777444890_274.txt earth/gen_1777444898_277.txt earth/gen_1777444906_280.txt earth/gen_1777444914_283.txt earth/gen_1777444922_286.txt earth/gen_1777444929_289.txt earth/gen_1777444935_291.txt earth/gen_1777444937_292.txt earth/gen_1777444945_295.txt earth/gen_1777444953_298.txt earth/gen_1777444961_301.txt earth/gen_1777444967_303.txt earth/gen_1777444969_304.txt earth/gen_1777444977_307.txt earth/gen_1777444985_310.txt earth/gen_1777444993_313.txt earth/gen_1777445001_316.txt earth/gen_1777445009_319.txt earth/gen_1777445017_322.txt earth/gen_1777445030_327.txt earth/gen_1777445033_328.txt earth/gen_1777445041_331.txt earth/gen_1777445049_334.txt earth/gen_1777445057_337.txt earth/gen_1777445065_340.txt earth/gen_1777445073_343.txt earth/gen_1777445081_346.txt earth/gen_1777445089_349.txt earth/gen_1777445097_352.txt earth/gen_1777445105_355.txt earth/gen_1777445113_358.txt earth/gen_1777445121_361.txt earth/gen_1777445129_364.txt earth/gen_1777445136_367.txt earth/gen_1777445144_370.txt earth/gen_1777445152_373.txt earth/gen_1777445160_376.txt earth/gen_1777445168_379.txt earth/gen_1777445176_382.txt earth/gen_1777445184_385.txt earth/gen_1777445192_388.txt earth/gen_1777445199_391.txt earth/gen_1777445207_394.txt earth/gen_1777445215_397.txt earth/gen_1777445223_400.txt earth/gen_1777445231_403.txt earth/gen_1777445237_405.txt earth/gen_1777445239_406.txt earth/gen_1777445247_409.txt earth/gen_1777445255_412.txt earth/gen_1777445263_415.txt earth/gen_1777445271_418.txt earth/gen_1777445279_421.txt earth/gen_1777445287_424.txt earth/gen_1777445295_427.txt earth/gen_1777445302_430.txt earth/gen_1777445310_433.txt earth/gen_1777445318_436.txt earth/gen_1777445326_439.txt earth/gen_1777445334_442.txt earth/gen_1777445342_445.txt earth/gen_1777445350_448.txt earth/gen_1777445358_451.txt earth/gen_1777445366_454.txt earth/gen_1777445382_460.txt earth/gen_1777445390_463.txt earth/gen_1777445396_465.txt earth/gen_1777445398_466.txt earth/gen_1777445406_469.txt earth/gen_1777445412_471.txt earth/gen_1777445414_472.txt earth/gen_1777445422_475.txt earth/gen_1777445430_478.txt earth/gen_1777445438_481.txt earth/gen_1777445444_483.txt earth/gen_1777445446_484.txt earth/gen_1777445454_487.txt earth/gen_1777445460_489.txt earth/gen_1777445462_490.txt earth/gen_1777445471_493.txt earth/gen_1777445478_496.txt earth/gen_1777445486_499.txt earth/gen_1777445494_502.txt earth/gen_1777445502_505.txt earth/gen_1777445510_508.txt earth/gen_1777445518_511.txt earth/gen_1777445526_514.txt earth/gen_1777445534_517.txt earth/gen_1777445542_520.txt earth/gen_1777445550_523.txt earth/gen_1777445558_526.txt earth/gen_1777445566_529.txt earth/gen_1777445574_532.txt earth/gen_1777445582_535.txt earth/gen_1777445588_537.txt earth/gen_1777445590_538.txt earth/gen_1777445598_541.txt earth/gen_1777445614_547.txt earth/gen_1777445622_550.txt earth/gen_1777445630_553.txt earth/gen_1777445638_556.txt earth/gen_1777445646_559.txt earth/gen_1777445653_562.txt earth/gen_1777445661_565.txt earth/gen_1777445669_568.txt earth/gen_1777445677_571.txt earth/gen_1777445685_574.txt earth/gen_1777445693_577.txt earth/gen_1777445699_579.txt earth/gen_1777445701_580.txt earth/gen_1777445709_583.txt earth/gen_1777445718_586.txt earth/gen_1777445726_589.txt earth/gen_1777445734_592.txt earth/gen_1777445742_595.txt earth/gen_1777445750_598.txt earth/gen_1777445758_601.txt earth/gen_1777445766_604.txt earth/gen_1777445774_607.txt earth/gen_1777445783_610.txt earth/gen_1777445791_613.txt earth/gen_1777445796_615.txt earth/gen_1777445799_616.txt earth/gen_1777445807_619.txt earth/gen_1777445812_621.txt earth/gen_1777445815_622.txt earth/gen_1777445823_625.txt earth/gen_1777445831_628.txt earth/gen_1777445839_631.txt earth/gen_1777445845_633.txt earth/gen_1777445847_634.txt earth/gen_1777445856_637.txt earth/gen_1777445864_640.txt earth/gen_1777445872_643.txt earth/gen_1777445880_646.txt earth/gen_1777445888_649.txt earth/gen_1777445896_652.txt earth/gen_1777445904_655.txt earth/gen_1777445912_658.txt earth/gen_1777445920_661.txt earth/gen_1777445928_664.txt]
[trainer] micro-train burst (17685 bytes, novelty 0.04) — and lo, it feeds again.
[syntropy] action=explore | trend=0.0000 | field_dev=-0.017 | purpose_align=0.012 | lr_mul=1.30
[aml] burst complete: 32 steps, avg loss 2.0471 (memory freed)
[trainer] growing new delta module (total: 2) — new soul appended.
[dna] air wrote 9 bytes to ecology
[dna] air wrote 17 bytes to ecology
[dna] air wrote 36 bytes to ecology
[dna] air wrote 58 bytes to ecology
[dna] air wrote 9 bytes to ecology
[dna] air wrote 80 bytes to ecology
[dna] air wrote 48 bytes to ecology
[dna] air wrote 58 bytes to ecology
[dna] air wrote 9 bytes to ecology
[dna] air wrote 16 bytes to ecology
[dna] air wrote 44 bytes to ecology
[dna] air wrote 26 bytes to ecology
[dna] air wrote 9 bytes to ecology
[dna] air wrote 20 bytes to ecology
[dna] air wrote 163 bytes to ecology
[dna] air wrote 38 bytes to ecology
[dna] air wrote 9 bytes to ecology
[dna] air wrote 28 bytes to ecology
[dna] air wrote 88 bytes to ecology
[dna] air wrote 15 bytes to ecology
[dna] air wrote 9 bytes to ecology
[dna] air wrote 71 bytes to ecology
[dna] air wrote 139 bytes to ecology
[dna] air wrote 54 bytes to ecology
[dna] air wrote 32 bytes to ecology
[dna] air wrote 70 bytes to ecology
[dna] air wrote 48 bytes to ecology
[dna] air wrote 9 bytes to ecology
[dna] air wrote 129 bytes to ecology
[dna] air wrote 22 bytes to ecology
[dna] air wrote 9 bytes to ecology
[debug-onto] tick=50 corpus=140245 stage=2 freeze=0
[dna] air wrote 115 bytes to ecology
[dna] air wrote 135 bytes to ecology
[dna] air wrote 28 bytes to ecology
[dna] air wrote 9 bytes to ecology
[dna] air wrote 184 bytes to ecology
[dna] air wrote 99 bytes to ecology
[dna] air wrote 52 bytes to ecology
[dna] air wrote 9 bytes to ecology
[dna] air wrote 67 bytes to ecology
[dna] air wrote 115 bytes to ecology
[dna] air wrote 74 bytes to ecology
[dna] air wrote 9 bytes to ecology
[dna] air wrote 61 bytes to ecology
[dna] air wrote 113 bytes to ecology
[dna] air wrote 39 bytes to ecology
[dna] air wrote 36 bytes to ecology
[dna] air wrote 84 bytes to ecology
[dna] air wrote 44 bytes to ecology
[dna] air wrote 9 bytes to ecology
[dna] air wrote 10 bytes to ecology
[dna] air wrote 106 bytes to ecology
[dna] air wrote 31 bytes to ecology
[dna] air wrote 9 bytes to ecology
[dna] air wrote 121 bytes to ecology
[dna] air wrote 42 bytes to ecology
[dna] air wrote 68 bytes to ecology
[dna] air wrote 94 bytes to ecology
[dna] air wrote 21 bytes to ecology
[debug-onto] tick=100 corpus=140245 stage=2 freeze=0
[dna] air wrote 81 bytes to ecology
[dna] air wrote 9 bytes to ecology
[dna] air wrote 30 bytes to ecology
[dna] air wrote 125 bytes to ecology
[dna] air wrote 83 bytes to ecology
[dna] air wrote 9 bytes to ecology
[dna] air wrote 220 bytes to ecology
[dna] air wrote 220 bytes to ecology
[dna] air wrote 64 bytes to ecology
[dna] air wrote 166 bytes to ecology
[dna] air wrote 9 bytes to ecology
[dna] air wrote 17 bytes to ecology
[dna] air wrote 204 bytes to ecology
[dna] air wrote 41 bytes to ecology
[dna] air wrote 9 bytes to ecology
[dna] air wrote 18 bytes to ecology
[dna] air wrote 65 bytes to ecology
[dna] air wrote 21 bytes to ecology
[dna] air wrote 9 bytes to ecology
[dna] air wrote 50 bytes to ecology
[dna] air wrote 34 bytes to ecology
[dna] air wrote 25 bytes to ecology
[dna] air wrote 9 bytes to ecology
[dna] air wrote 46 bytes to ecology
[dna] air wrote 56 bytes to ecology
[dna] air wrote 45 bytes to ecology
[dna] air wrote 9 bytes to ecology
[dna] air wrote 72 bytes to ecology
[dna] air wrote 58 bytes to ecology
[debug-onto] tick=150 corpus=140245 stage=2 freeze=0
[dna] air wrote 139 bytes to ecology
[dna] air wrote 9 bytes to ecology
[dna] air wrote 22 bytes to ecology
[dna] air wrote 84 bytes to ecology
[dna] air wrote 76 bytes to ecology
[dna] air wrote 129 bytes to ecology
[dna] air wrote 9 bytes to ecology
[dna] air wrote 60 bytes to ecology
[dna] air wrote 74 bytes to ecology
[dna] air wrote 92 bytes to ecology
[dna] air wrote 9 bytes to ecology
[dna] air wrote 58 bytes to ecology
[dna] air wrote 89 bytes to ecology
[dna] air wrote 139 bytes to ecology
[dna] air wrote 9 bytes to ecology
[dna] air wrote 15 bytes to ecology
[dna] air wrote 79 bytes to ecology
[dna] air wrote 33 bytes to ecology
[dna] air wrote 9 bytes to ecology
[dna] air wrote 94 bytes to ecology
[dna] air wrote 117 bytes to ecology
[dna] air wrote 87 bytes to ecology
[dna] air wrote 9 bytes to ecology
[dna] air wrote 45 bytes to ecology
[dna] air wrote 53 bytes to ecology
[dna] air wrote 72 bytes to ecology
[dna] air wrote 16 bytes to ecology
[dna] air wrote 73 bytes to ecology
[dna] air wrote 37 bytes to ecology
[dna] air wrote 9 bytes to ecology
[debug-onto] tick=200 corpus=140245 stage=2 freeze=0
[dna] air wrote 119 bytes to ecology
[dna] air wrote 56 bytes to ecology
[dna] air wrote 30 bytes to ecology
[dna] air wrote 9 bytes to ecology
[dna] air wrote 31 bytes to ecology
[dna] air wrote 45 bytes to ecology
[dna] air wrote 9 bytes to ecology
[dna] air wrote 40 bytes to ecology
[dna] air wrote 93 bytes to ecology
[dna] air wrote 84 bytes to ecology
[dna] air wrote 9 bytes to ecology
[dna] air wrote 42 bytes to ecology
[dna] air wrote 86 bytes to ecology
[dna] air wrote 50 bytes to ecology
[dna] air wrote 9 bytes to ecology
[dna] air wrote 26 bytes to ecology
[dna] air wrote 74 bytes to ecology
[dna] air wrote 165 bytes to ecology
[dna] air wrote 9 bytes to ecology
[dna] air wrote 47 bytes to ecology
[dna] air wrote 30 bytes to ecology
[dna] air wrote 104 bytes to ecology
[dna] air wrote 9 bytes to ecology
[dna] air wrote 22 bytes to ecology
[dna] air wrote 92 bytes to ecology
[dna] air wrote 37 bytes to ecology
[dna] air wrote 69 bytes to ecology
[dna] air wrote 9 bytes to ecology
[dna] air wrote 47 bytes to ecology
[dna] air wrote 46 bytes to ecology
[debug-onto] tick=250 corpus=140245 stage=2 freeze=0
[dna] air wrote 44 bytes to ecology
[dna] air wrote 9 bytes to ecology
[dna] air wrote 117 bytes to ecology
[dna] air wrote 52 bytes to ecology
[dna] air wrote 123 bytes to ecology
[dna] air wrote 9 bytes to ecology
[dna] air wrote 74 bytes to ecology
[dna] air wrote 49 bytes to ecology
[dna] air wrote 9 bytes to ecology
[dna] air wrote 43 bytes to ecology
[dna] air wrote 72 bytes to ecology
[dna] air wrote 85 bytes to ecology
[dna] air wrote 9 bytes to ecology
[dna] air wrote 80 bytes to ecology
[dna] air wrote 260 bytes to ecology
[dna] air wrote 112 bytes to ecology
[dna] air wrote 9 bytes to ecology
[dna] air wrote 48 bytes to ecology
[dna] air wrote 38 bytes to ecology
[dna] air wrote 9 bytes to ecology
[dna] air wrote 55 bytes to ecology
[dna] air wrote 38 bytes to ecology
[dna] air wrote 9 bytes to ecology
[dna] air wrote 21 bytes to ecology
[dna] air wrote 63 bytes to ecology
[dna] air wrote 28 bytes to ecology
[dna] air wrote 107 bytes to ecology
[debug-onto] tick=300 corpus=140245 stage=2 freeze=0
[dna] air wrote 42 bytes to ecology
[dna] air wrote 17 bytes to ecology
[dna] air wrote 45 bytes to ecology
[dna] air wrote 47 bytes to ecology
[dna] air wrote 64 bytes to ecology
[dna] air wrote 52 bytes to ecology
[dna] air wrote 9 bytes to ecology
[dna] air wrote 42 bytes to ecology
[dna] air wrote 43 bytes to ecology
[dna] air wrote 64 bytes to ecology
[dna] air wrote 9 bytes to ecology
[dna] air wrote 36 bytes to ecology
[dna] air wrote 144 bytes to ecology
[dna] air wrote 76 bytes to ecology
[dna] air wrote 67 bytes to ecology
[dna] air wrote 90 bytes to ecology
[dna] air wrote 9 bytes to ecology
[dna] air wrote 101 bytes to ecology
[dna] air wrote 46 bytes to ecology
[dna] air wrote 54 bytes to ecology
[dna] air wrote 9 bytes to ecology
[dna] air wrote 59 bytes to ecology
[dna] air wrote 56 bytes to ecology
[dna] air wrote 87 bytes to ecology
[dna] air wrote 9 bytes to ecology
[dna] air wrote 88 bytes to ecology
[dna] air wrote 38 bytes to ecology
[dna] air wrote 54 bytes to ecology
[dna] air wrote 9 bytes to ecology
[debug-onto] tick=350 corpus=140245 stage=2 freeze=0
[dna] air wrote 5 bytes to ecology
[dna] air wrote 53 bytes to ecology
[dna] air wrote 93 bytes to ecology
[dna] air wrote 103 bytes to ecology
[dna] air wrote 193 bytes to ecology
[dna] air wrote 79 bytes to ecology
[dna] air wrote 9 bytes to ecology
[dna] air wrote 59 bytes to ecology
[dna] air wrote 42 bytes to ecology
[dna] air wrote 44 bytes to ecology
[dna] air wrote 9 bytes to ecology
[dna] air wrote 49 bytes to ecology
[dna] air wrote 59 bytes to ecology
[dna] air wrote 269 bytes to ecology
[dna] air wrote 9 bytes to ecology
[dna] air wrote 13 bytes to ecology
[dna] air wrote 118 bytes to ecology
[dna] air wrote 80 bytes to ecology
[dna] air wrote 9 bytes to ecology
[dna] air wrote 31 bytes to ecology
[dna] air wrote 18 bytes to ecology
[dna] air wrote 171 bytes to ecology
[dna] air wrote 265 bytes to ecology
[dna] air wrote 143 bytes to ecology
[dna] air wrote 45 bytes to ecology
[dna] air wrote 9 bytes to ecology
[dna] air wrote 217 bytes to ecology
[dna] air wrote 236 bytes to ecology
[dna] air wrote 85 bytes to ecology
[dna] air wrote 33 bytes to ecology
[debug-onto] tick=400 corpus=140245 stage=2 freeze=0
[dna] air wrote 215 bytes to ecology
[dna] air wrote 9 bytes to ecology
[dna] air wrote 93 bytes to ecology
[dna] air wrote 25 bytes to ecology
[dna] air wrote 96 bytes to ecology
[dna] air wrote 9 bytes to ecology
[dna] air wrote 108 bytes to ecology
[dna] air wrote 101 bytes to ecology
[dna] air wrote 44 bytes to ecology
[dna] air wrote 9 bytes to ecology
[dna] air wrote 32 bytes to ecology
[dna] air wrote 43 bytes to ecology
[dna] air wrote 9 bytes to ecology
[dna] air wrote 101 bytes to ecology
[dna] air wrote 50 bytes to ecology
[dna] air wrote 9 bytes to ecology
[dna] air wrote 11 bytes to ecology
[dna] air wrote 113 bytes to ecology
[dna] air wrote 52 bytes to ecology
[dna] air wrote 42 bytes to ecology
[dna] air wrote 58 bytes to ecology
[dna] air wrote 97 bytes to ecology
[dna] air wrote 9 bytes to ecology
[dna] air wrote 13 bytes to ecology
[dna] air wrote 34 bytes to ecology
[dna] air wrote 220 bytes to ecology
[dna] air wrote 39 bytes to ecology
[dna] air wrote 22 bytes to ecology
[debug-onto] tick=450 corpus=140245 stage=2 freeze=0
[dna] air wrote 92 bytes to ecology
[dna] air wrote 9 bytes to ecology
[dna] air wrote 8 bytes to ecology
[dna] air wrote 49 bytes to ecology
[dna] air wrote 56 bytes to ecology
[dna] air wrote 30 bytes to ecology
[dna] air wrote 116 bytes to ecology
[dna] air wrote 40 bytes to ecology
[dna] air wrote 74 bytes to ecology
[dna] air wrote 58 bytes to ecology
[dna] air wrote 47 bytes to ecology
[dna] air wrote 9 bytes to ecology
[dna] air wrote 14 bytes to ecology
[dna] air wrote 92 bytes to ecology
[dna] air wrote 285 bytes to ecology
[dna] air wrote 31 bytes to ecology
[dna] air wrote 24 bytes to ecology
[dna] air wrote 19 bytes to ecology
[dna] air wrote 9 bytes to ecology
[dna] air wrote 22 bytes to ecology
[dna] air wrote 40 bytes to ecology
[dna] air wrote 92 bytes to ecology
[dna] air wrote 9 bytes to ecology
[dna] air wrote 16 bytes to ecology
[dna] air wrote 53 bytes to ecology
[dna] air wrote 9 bytes to ecology
[dna] air wrote 21 bytes to ecology
[dna] air wrote 242 bytes to ecology
[dna] air wrote 176 bytes to ecology
[debug-onto] tick=500 corpus=140245 stage=2 freeze=0
[dna] air wrote 44 bytes to ecology
[dna] air wrote 38 bytes to ecology
[dna] air wrote 74 bytes to ecology
[dna] air wrote 36 bytes to ecology
[dna] air wrote 36 bytes to ecology
[dna] air wrote 9 bytes to ecology
[dna] air wrote 68 bytes to ecology
[dna] air wrote 66 bytes to ecology
[dna] air wrote 65 bytes to ecology
[dna] air wrote 9 bytes to ecology
[dna] air wrote 25 bytes to ecology
[dna] air wrote 97 bytes to ecology
[dna] air wrote 129 bytes to ecology
[dna] air wrote 9 bytes to ecology
[dna] air wrote 27 bytes to ecology
[dna] air wrote 187 bytes to ecology
[dna] air wrote 51 bytes to ecology
[dna] air wrote 9 bytes to ecology
[dna] air wrote 21 bytes to ecology
[dna] air wrote 75 bytes to ecology
[dna] air wrote 61 bytes to ecology
[dna] air wrote 9 bytes to ecology
[dna] air wrote 26 bytes to ecology
[dna] air wrote 32 bytes to ecology
[dna] air wrote 28 bytes to ecology
[dna] air wrote 9 bytes to ecology
[dna] air wrote 44 bytes to ecology
[dna] air wrote 134 bytes to ecology
[dna] air wrote 140 bytes to ecology
[dna] air wrote 9 bytes to ecology
[dna] air wrote 12 bytes to ecology
[dna] air wrote 110 bytes to ecology
[debug-onto] tick=550 corpus=140245 stage=2 freeze=0
[dna] air wrote 88 bytes to ecology
[dna] air wrote 9 bytes to ecology
[dna] air wrote 42 bytes to ecology
[dna] air wrote 46 bytes to ecology
[dna] air wrote 9 bytes to ecology
[dna] air wrote 32 bytes to ecology
[dna] air wrote 62 bytes to ecology
[dna] air wrote 9 bytes to ecology
[dna] air wrote 29 bytes to ecology
[dna] air wrote 59 bytes to ecology
[dna] air wrote 231 bytes to ecology
[dna] air wrote 9 bytes to ecology
[dna] air wrote 109 bytes to ecology
[dna] air wrote 27 bytes to ecology
[dna] air wrote 59 bytes to ecology
[dna] air wrote 9 bytes to ecology
[dna] air wrote 62 bytes to ecology
[dna] air wrote 33 bytes to ecology
[dna] air wrote 43 bytes to ecology
[dna] air wrote 9 bytes to ecology
[dna] air wrote 130 bytes to ecology
[dna] air wrote 313 bytes to ecology
[dna] air wrote 9 bytes to ecology
[dna] air wrote 44 bytes to ecology
[dna] air wrote 126 bytes to ecology
[dna] air wrote 35 bytes to ecology
[dna] air wrote 11 bytes to ecology
[dna] air wrote 71 bytes to ecology
[debug-onto] tick=600 corpus=140245 stage=2 freeze=0
[dna] air wrote 32 bytes to ecology
[dna] air wrote 48 bytes to ecology
[dna] air wrote 13 bytes to ecology
[dna] air wrote 72 bytes to ecology
[dna] air wrote 9 bytes to ecology
[dna] air wrote 60 bytes to ecology
[dna] air wrote 78 bytes to ecology
[dna] air wrote 9 bytes to ecology
[dna] air wrote 75 bytes to ecology
[dna] air wrote 40 bytes to ecology
[dna] air wrote 60 bytes to ecology
[dna] air wrote 18 bytes to ecology
[dna] air wrote 41 bytes to ecology
[dna] air wrote 97 bytes to ecology
[dna] air wrote 40 bytes to ecology
[dna] air wrote 42 bytes to ecology
[dna] air wrote 45 bytes to ecology
[dna] air wrote 9 bytes to ecology
[dna] air wrote 75 bytes to ecology
[dna] air wrote 37 bytes to ecology
[dna] air wrote 10 bytes to ecology
[dna] air wrote 100 bytes to ecology
[dna] air wrote 54 bytes to ecology
[dna] air wrote 9 bytes to ecology
[dna] air wrote 36 bytes to ecology
[dna] air wrote 102 bytes to ecology
[dna] air wrote 57 bytes to ecology
[dna] air wrote 9 bytes to ecology
[debug-onto] tick=650 corpus=140245 stage=2 freeze=0
[dna] air wrote 95 bytes to ecology
[dna] air wrote 64 bytes to ecology
[dna] air wrote 13 bytes to ecology
[dna] air wrote 9 bytes to ecology
[dna] air wrote 39 bytes to ecology
[dna] air wrote 56 bytes to ecology
[dna] air wrote 9 bytes to ecology
[dna] air wrote 37 bytes to ecology
[dna] air wrote 141 bytes to ecology
[dna] air wrote 25 bytes to ecology
[dna] air wrote 9 bytes to ecology

[evolution] Organism shutting down gracefully.
