[ecology] Element: earth → corpus: nonames_earth.txt
[evolution] Autonomous evolution mode — organism will grow through all stages without pause.
[init] Stage 0 (embryo): embd=16, layer=1, head=1 — warmup 400 steps (400 backprop + 0 notorch, sqrt-scaled 1x)
  [aml] step 0/160 | loss 6.7133 (avg 6.7133) | lr 0.001000 | seq 8
  [aml] step 10/160 | loss 6.1962 (avg 6.4480) | lr 0.001450 | seq 8
  [aml] step 20/160 | loss 6.2286 (avg 6.2978) | lr 0.001900 | seq 8
  [aml] step 30/160 | loss 5.7577 (avg 6.1976) | lr 0.002350 | seq 8
  [aml] step 40/160 | loss 5.4384 (avg 6.0898) | lr 0.002800 | seq 8
  [aml] step 50/160 | loss 4.7081 (avg 5.9332) | lr 0.003250 | seq 8
  [aml] step 60/160 | loss 4.9253 (avg 5.7680) | lr 0.003700 | seq 8
  [aml] step 70/160 | loss 5.4093 (avg 5.6596) | lr 0.004150 | seq 8
  [aml] step 80/160 | loss 3.0091 (avg 5.5383) | lr 0.004600 | seq 8
  [aml] step 90/160 | loss 4.2559 (avg 5.3940) | lr 0.005050 | seq 8
  [aml] step 100/160 | loss 4.7807 (avg 5.3047) | lr 0.005500 | seq 8
  [aml] step 110/160 | loss 5.1074 (avg 5.1701) | lr 0.005950 | seq 8
  [aml] step 120/160 | loss 4.1862 (avg 5.1009) | lr 0.006400 | seq 8
  [aml] step 130/160 | loss 4.4623 (avg 5.0513) | lr 0.006850 | seq 8
  [aml] step 140/160 | loss 2.9554 (avg 5.0031) | lr 0.007300 | seq 8
  [aml] step 150/160 | loss 2.8235 (avg 4.9594) | lr 0.007750 | seq 8
[aml] training complete: 160 steps, avg loss 4.9218 (memory freed)
  [aml] step 0/120 | loss 4.8818 (avg 4.8818) | lr 0.008200 | seq 16
  [aml] step 10/120 | loss 4.1947 (avg 4.3909) | lr 0.008650 | seq 16
  [aml] step 20/120 | loss 3.3418 (avg 4.4177) | lr 0.009100 | seq 16
  [aml] step 30/120 | loss 3.5959 (avg 4.2259) | lr 0.009550 | seq 16
  [aml] step 40/120 | loss 3.4295 (avg 4.3085) | lr 0.010000 | seq 16
  [aml] step 50/120 | loss 3.1347 (avg 4.2995) | lr 0.010000 | seq 16
  [aml] step 60/120 | loss 4.3351 (avg 4.2927) | lr 0.010000 | seq 16
  [aml] step 70/120 | loss 4.1525 (avg 4.2205) | lr 0.010000 | seq 16
  [aml] step 80/120 | loss 5.1590 (avg 4.1714) | lr 0.009999 | seq 16
  [aml] step 90/120 | loss 4.4729 (avg 4.0703) | lr 0.009999 | seq 16
  [aml] step 100/120 | loss 3.7968 (avg 4.0124) | lr 0.009999 | seq 16
  [aml] step 110/120 | loss 5.1406 (avg 3.9331) | lr 0.009999 | seq 16
[aml] training complete: 120 steps, avg loss 3.9437 (memory freed)
  [aml] step 0/120 | loss 3.4618 (avg 3.4618) | lr 0.009999 | seq 32
  [aml] step 10/120 | loss 5.0971 (avg 4.1685) | lr 0.009999 | seq 32
  [aml] step 20/120 | loss 4.3471 (avg 3.9809) | lr 0.009999 | seq 32
  [aml] step 30/120 | loss 3.9009 (avg 3.6454) | lr 0.009999 | seq 32
  [aml] step 40/120 | loss 3.9822 (avg 3.5594) | lr 0.009999 | seq 32
  [aml] step 50/120 | loss 3.9572 (avg 3.5001) | lr 0.009999 | seq 32
  [aml] step 60/120 | loss 2.8363 (avg 3.4249) | lr 0.009999 | seq 32
  [aml] step 70/120 | loss 1.4958 (avg 3.3827) | lr 0.009999 | seq 32
  [aml] step 80/120 | loss 4.4355 (avg 3.3746) | lr 0.009999 | seq 32
  [aml] step 90/120 | loss 1.5374 (avg 3.3232) | lr 0.009999 | seq 32
  [aml] step 100/120 | loss 0.8703 (avg 3.3328) | lr 0.009999 | seq 32
  [aml] step 110/120 | loss 0.9202 (avg 3.2062) | lr 0.009999 | seq 32
[aml] training complete: 120 steps, avg loss 3.1067 (memory freed)

[stage 0 — embryo] What it sounds like now:
  Q: Hello.
  A: The d out, and time producing a materials feature.
  Q: Who are you?
  A: to the di, other.
  Q: What do you know?
  A: ...

[growth] ONTOGENESIS: stage 0 -> 1
  embd: 16 -> 32, layer: 1 -> 1, head: 1 -> 2
[growth] Done. Freeze for 500 steps.
[init] Stage 1 (infant): embd=32, layer=1, head=2 — warmup 800 steps (800 backprop + 0 notorch, sqrt-scaled 2x)
  [aml] step 0/320 | loss 5.1591 (avg 5.1591) | lr 0.000500 | seq 8
  [aml] step 10/320 | loss 3.4886 (avg 4.9058) | lr 0.000725 | seq 8
  [aml] step 20/320 | loss 2.3335 (avg 4.6544) | lr 0.000950 | seq 8
  [aml] step 30/320 | loss 0.2935 (avg 4.1613) | lr 0.001175 | seq 8
  [aml] step 40/320 | loss 4.2392 (avg 4.2008) | lr 0.001400 | seq 8
  [aml] step 50/320 | loss 4.4546 (avg 4.1737) | lr 0.001625 | seq 8
  [aml] step 60/320 | loss 3.9832 (avg 4.1245) | lr 0.001850 | seq 8
  [aml] step 70/320 | loss 3.5508 (avg 4.2206) | lr 0.002075 | seq 8
  [aml] step 80/320 | loss 5.0692 (avg 4.2225) | lr 0.002300 | seq 8
  [aml] step 90/320 | loss 3.4214 (avg 4.2384) | lr 0.002525 | seq 8
  [aml] step 100/320 | loss 5.5434 (avg 4.2533) | lr 0.002750 | seq 8
  [aml] step 110/320 | loss 1.5963 (avg 4.2124) | lr 0.002975 | seq 8
  [aml] step 120/320 | loss 0.8340 (avg 4.1653) | lr 0.003200 | seq 8
  [aml] step 130/320 | loss 4.3529 (avg 4.1667) | lr 0.003425 | seq 8
  [aml] step 140/320 | loss 5.0814 (avg 4.1323) | lr 0.003650 | seq 8
  [aml] step 150/320 | loss 3.8341 (avg 4.1437) | lr 0.003875 | seq 8
  [aml] step 160/320 | loss 3.8767 (avg 4.1095) | lr 0.004100 | seq 8
  [aml] step 170/320 | loss 1.1983 (avg 4.1030) | lr 0.004325 | seq 8
  [aml] step 180/320 | loss 4.7490 (avg 4.0881) | lr 0.004550 | seq 8
  [aml] step 190/320 | loss 4.2756 (avg 4.0311) | lr 0.004775 | seq 8
  [aml] step 200/320 | loss 4.4494 (avg 4.0060) | lr 0.004998 | seq 8
  [aml] step 210/320 | loss 3.1673 (avg 3.9993) | lr 0.004998 | seq 8
  [aml] step 220/320 | loss 3.9980 (avg 3.9951) | lr 0.004998 | seq 8
  [aml] step 230/320 | loss 3.6194 (avg 3.9614) | lr 0.004998 | seq 8
  [aml] step 240/320 | loss 5.3381 (avg 3.9629) | lr 0.004998 | seq 8
  [aml] step 250/320 | loss 1.4985 (avg 3.9319) | lr 0.004998 | seq 8
  [aml] step 260/320 | loss 2.4553 (avg 3.9422) | lr 0.004998 | seq 8
  [aml] step 270/320 | loss 1.0179 (avg 3.8869) | lr 0.004998 | seq 8
  [aml] step 280/320 | loss 3.7321 (avg 3.8764) | lr 0.004998 | seq 8
  [aml] step 290/320 | loss 0.4483 (avg 3.8572) | lr 0.004998 | seq 8
  [aml] step 300/320 | loss 4.6498 (avg 3.8430) | lr 0.004998 | seq 8
  [aml] step 310/320 | loss 1.4953 (avg 3.8380) | lr 0.004998 | seq 8
[aml] training complete: 320 steps, avg loss 3.8396 (memory freed)
  [aml] step 0/240 | loss 3.5023 (avg 3.5023) | lr 0.004998 | seq 16
  [aml] step 10/240 | loss 1.6049 (avg 3.2994) | lr 0.004998 | seq 16
  [aml] step 20/240 | loss 4.9567 (avg 3.7198) | lr 0.004998 | seq 16
  [aml] step 30/240 | loss 3.8018 (avg 3.6818) | lr 0.004998 | seq 16
  [aml] step 40/240 | loss 4.7424 (avg 3.6504) | lr 0.004997 | seq 16
  [aml] step 50/240 | loss 2.4835 (avg 3.5062) | lr 0.004997 | seq 16
  [aml] step 60/240 | loss 1.4557 (avg 3.4172) | lr 0.004997 | seq 16
  [aml] step 70/240 | loss 1.0941 (avg 3.3984) | lr 0.004997 | seq 16
  [aml] step 80/240 | loss 3.6781 (avg 3.3479) | lr 0.004997 | seq 16
  [aml] step 90/240 | loss 3.7082 (avg 3.3261) | lr 0.004997 | seq 16
  [aml] step 100/240 | loss 1.5299 (avg 3.2906) | lr 0.004997 | seq 16
  [aml] step 110/240 | loss 1.2698 (avg 3.2724) | lr 0.004997 | seq 16
  [aml] step 120/240 | loss 2.8958 (avg 3.2476) | lr 0.004997 | seq 16
  [aml] step 130/240 | loss 1.5385 (avg 3.2060) | lr 0.004997 | seq 16
  [aml] step 140/240 | loss 1.7030 (avg 3.1853) | lr 0.004997 | seq 16
  [aml] step 150/240 | loss 4.0163 (avg 3.1774) | lr 0.004997 | seq 16
  [aml] step 160/240 | loss 1.4872 (avg 3.1762) | lr 0.004997 | seq 16
  [aml] step 170/240 | loss 2.2600 (avg 3.1581) | lr 0.004996 | seq 16
  [aml] step 180/240 | loss 3.6997 (avg 3.1775) | lr 0.004996 | seq 16
  [aml] step 190/240 | loss 2.2738 (avg 3.1825) | lr 0.004996 | seq 16
  [aml] step 200/240 | loss 1.1286 (avg 3.1850) | lr 0.004996 | seq 16
  [aml] step 210/240 | loss 4.0774 (avg 3.2016) | lr 0.004996 | seq 16
  [aml] step 220/240 | loss 4.0732 (avg 3.2081) | lr 0.004996 | seq 16
  [aml] step 230/240 | loss 3.3804 (avg 3.2188) | lr 0.004996 | seq 16
[aml] training complete: 240 steps, avg loss 3.2256 (memory freed)
  [aml] step 0/240 | loss 4.6056 (avg 4.6056) | lr 0.004996 | seq 32
  [aml] step 10/240 | loss 0.7399 (avg 3.2203) | lr 0.004996 | seq 32
  [aml] step 20/240 | loss 5.0085 (avg 2.8284) | lr 0.004996 | seq 32
  [aml] step 30/240 | loss 4.0830 (avg 2.7144) | lr 0.004996 | seq 32
  [aml] step 40/240 | loss 4.0655 (avg 2.9558) | lr 0.004996 | seq 32
  [aml] step 50/240 | loss 4.5987 (avg 3.0365) | lr 0.004995 | seq 32
  [aml] step 60/240 | loss 3.7071 (avg 3.0815) | lr 0.004995 | seq 32
  [aml] step 70/240 | loss 4.5588 (avg 3.0327) | lr 0.004995 | seq 32
  [aml] step 80/240 | loss 0.9922 (avg 2.9544) | lr 0.004995 | seq 32
  [aml] step 90/240 | loss 5.4560 (avg 3.0435) | lr 0.004995 | seq 32
  [aml] step 100/240 | loss 2.3692 (avg 3.0087) | lr 0.004995 | seq 32
  [aml] step 110/240 | loss 4.4401 (avg 3.0721) | lr 0.004995 | seq 32
  [aml] step 120/240 | loss 4.2722 (avg 3.0408) | lr 0.004995 | seq 32
  [aml] step 130/240 | loss 2.0049 (avg 3.0210) | lr 0.004995 | seq 32
  [aml] step 140/240 | loss 0.9932 (avg 2.9748) | lr 0.004995 | seq 32
  [aml] step 150/240 | loss 4.5191 (avg 2.9751) | lr 0.004995 | seq 32
  [aml] step 160/240 | loss 4.0159 (avg 2.9363) | lr 0.004994 | seq 32
  [aml] step 170/240 | loss 4.2739 (avg 2.9467) | lr 0.004994 | seq 32
  [aml] step 180/240 | loss 2.0411 (avg 2.9058) | lr 0.004994 | seq 32
  [aml] step 190/240 | loss 3.7580 (avg 2.9026) | lr 0.004994 | seq 32
  [aml] step 200/240 | loss 3.6819 (avg 2.8994) | lr 0.004994 | seq 32
  [aml] step 210/240 | loss 4.6739 (avg 2.8753) | lr 0.004994 | seq 32
  [aml] step 220/240 | loss 3.7605 (avg 2.8429) | lr 0.004994 | seq 32
  [aml] step 230/240 | loss 4.2072 (avg 2.8547) | lr 0.004994 | seq 32
[aml] training complete: 240 steps, avg loss 2.8389 (memory freed)

[stage 1 — infant] What it sounds like now:
  Q: Hello.
  A: Literally, and are the clay?
  Q: Who are you?
  A: emerges into a horizontalactites the earthqua drivacy.
  Q: What do you know?
  A: of a find the lesson of the oil flo to roots squ rock below.

[growth] ONTOGENESIS: stage 1 -> 2
  embd: 32 -> 64, layer: 1 -> 2, head: 2 -> 4
[growth] Done. Freeze for 500 steps.
[init] Stage 2 (child): embd=64, layer=2, head=4 — warmup 800 steps (800 backprop + 0 notorch, sqrt-scaled 2x)
  [aml] step 0/320 | loss 5.0119 (avg 5.0119) | lr 0.000250 | seq 8
  [aml] step 10/320 | loss 2.6440 (avg 4.0302) | lr 0.000363 | seq 8
  [aml] step 20/320 | loss 4.8361 (avg 3.9012) | lr 0.000475 | seq 8
  [aml] step 30/320 | loss 1.2859 (avg 3.8539) | lr 0.000588 | seq 8
  [aml] step 40/320 | loss 1.1912 (avg 3.6912) | lr 0.000700 | seq 8
  [aml] step 50/320 | loss 3.4530 (avg 3.6438) | lr 0.000813 | seq 8
  [aml] step 60/320 | loss 3.6277 (avg 3.6049) | lr 0.000925 | seq 8
  [aml] step 70/320 | loss 0.4332 (avg 3.5836) | lr 0.001038 | seq 8
  [aml] step 80/320 | loss 0.2835 (avg 3.6064) | lr 0.001150 | seq 8
  [aml] step 90/320 | loss 4.5415 (avg 3.6508) | lr 0.001263 | seq 8
  [aml] step 100/320 | loss 4.7751 (avg 3.5859) | lr 0.001375 | seq 8
  [aml] step 110/320 | loss 4.2603 (avg 3.4668) | lr 0.001488 | seq 8
  [aml] step 120/320 | loss 4.1362 (avg 3.4664) | lr 0.001600 | seq 8
  [aml] step 130/320 | loss 3.7314 (avg 3.4698) | lr 0.001713 | seq 8
  [aml] step 140/320 | loss 1.6594 (avg 3.4637) | lr 0.001825 | seq 8
  [aml] step 150/320 | loss 0.2483 (avg 3.4373) | lr 0.001938 | seq 8
  [aml] step 160/320 | loss 3.7365 (avg 3.4088) | lr 0.002050 | seq 8
  [aml] step 170/320 | loss 4.2996 (avg 3.3753) | lr 0.002163 | seq 8
  [aml] step 180/320 | loss 4.9832 (avg 3.4012) | lr 0.002275 | seq 8
  [aml] step 190/320 | loss 1.9296 (avg 3.4248) | lr 0.002387 | seq 8
  [aml] step 200/320 | loss 3.1407 (avg 3.4500) | lr 0.002496 | seq 8
  [aml] step 210/320 | loss 3.8196 (avg 3.4147) | lr 0.002496 | seq 8
  [aml] step 220/320 | loss 0.9464 (avg 3.3981) | lr 0.002496 | seq 8
  [aml] step 230/320 | loss 4.3733 (avg 3.4216) | lr 0.002495 | seq 8
  [aml] step 240/320 | loss 5.0755 (avg 3.4166) | lr 0.002495 | seq 8
  [aml] step 250/320 | loss 1.6384 (avg 3.3942) | lr 0.002495 | seq 8
  [aml] step 260/320 | loss 0.4669 (avg 3.4044) | lr 0.002495 | seq 8
  [aml] step 270/320 | loss 4.8223 (avg 3.3962) | lr 0.002495 | seq 8
  [aml] step 280/320 | loss 0.2753 (avg 3.3652) | lr 0.002495 | seq 8
  [aml] step 290/320 | loss 4.2090 (avg 3.3606) | lr 0.002495 | seq 8
  [aml] step 300/320 | loss 5.2600 (avg 3.3579) | lr 0.002495 | seq 8
  [aml] step 310/320 | loss 1.9376 (avg 3.3682) | lr 0.002495 | seq 8
[aml] training complete: 320 steps, avg loss 3.3595 (memory freed)
  [aml] step 0/240 | loss 1.2609 (avg 1.2609) | lr 0.002495 | seq 16
  [aml] step 10/240 | loss 3.1802 (avg 3.2217) | lr 0.002495 | seq 16
  [aml] step 20/240 | loss 4.0678 (avg 3.1748) | lr 0.002495 | seq 16
  [aml] step 30/240 | loss 5.5306 (avg 3.3992) | lr 0.002495 | seq 16
  [aml] step 40/240 | loss 5.0623 (avg 3.4650) | lr 0.002495 | seq 16
  [aml] step 50/240 | loss 1.7526 (avg 3.4351) | lr 0.002495 | seq 16
  [aml] step 60/240 | loss 4.2569 (avg 3.4326) | lr 0.002494 | seq 16
  [aml] step 70/240 | loss 5.1317 (avg 3.4009) | lr 0.002494 | seq 16
  [aml] step 80/240 | loss 1.6862 (avg 3.2727) | lr 0.002494 | seq 16
  [aml] step 90/240 | loss 1.1091 (avg 3.1766) | lr 0.002494 | seq 16
  [aml] step 100/240 | loss 3.0600 (avg 3.2417) | lr 0.002494 | seq 16
  [aml] step 110/240 | loss 4.3244 (avg 3.2709) | lr 0.002494 | seq 16
  [aml] step 120/240 | loss 3.8030 (avg 3.2149) | lr 0.002494 | seq 16
  [aml] step 130/240 | loss 4.2894 (avg 3.2262) | lr 0.002494 | seq 16
  [aml] step 140/240 | loss 3.2105 (avg 3.1932) | lr 0.002494 | seq 16
  [aml] step 150/240 | loss 4.9865 (avg 3.1833) | lr 0.002494 | seq 16
  [aml] step 160/240 | loss 2.7779 (avg 3.2165) | lr 0.002494 | seq 16
  [aml] step 170/240 | loss 3.8646 (avg 3.2555) | lr 0.002494 | seq 16
  [aml] step 180/240 | loss 1.7543 (avg 3.2586) | lr 0.002494 | seq 16
  [aml] step 190/240 | loss 1.2268 (avg 3.2296) | lr 0.002494 | seq 16
  [aml] step 200/240 | loss 1.5538 (avg 3.2009) | lr 0.002493 | seq 16
  [aml] step 210/240 | loss 3.9587 (avg 3.2125) | lr 0.002493 | seq 16
  [aml] step 220/240 | loss 4.0412 (avg 3.1787) | lr 0.002493 | seq 16
  [aml] step 230/240 | loss 2.0353 (avg 3.1379) | lr 0.002493 | seq 16
[aml] training complete: 240 steps, avg loss 3.1459 (memory freed)
  [aml] step 0/240 | loss 4.4385 (avg 4.4385) | lr 0.002493 | seq 32
  [aml] step 10/240 | loss 4.2591 (avg 3.1576) | lr 0.002493 | seq 32
  [aml] step 20/240 | loss 4.1910 (avg 3.1022) | lr 0.002493 | seq 32
  [aml] step 30/240 | loss 2.2350 (avg 2.8040) | lr 0.002493 | seq 32
  [aml] step 40/240 | loss 2.3543 (avg 2.6663) | lr 0.002493 | seq 32
  [aml] step 50/240 | loss 1.2327 (avg 2.6311) | lr 0.002493 | seq 32
  [aml] step 60/240 | loss 1.0030 (avg 2.5054) | lr 0.002493 | seq 32
  [aml] step 70/240 | loss 4.0877 (avg 2.5485) | lr 0.002493 | seq 32
  [aml] step 80/240 | loss 0.9520 (avg 2.5110) | lr 0.002492 | seq 32
  [aml] step 90/240 | loss 3.8388 (avg 2.5037) | lr 0.002492 | seq 32
  [aml] step 100/240 | loss 4.3161 (avg 2.4400) | lr 0.002492 | seq 32
  [aml] step 110/240 | loss 1.3655 (avg 2.4354) | lr 0.002492 | seq 32
  [aml] step 120/240 | loss 1.2017 (avg 2.4485) | lr 0.002492 | seq 32
  [aml] step 130/240 | loss 4.5256 (avg 2.4281) | lr 0.002492 | seq 32
  [aml] step 140/240 | loss 4.6791 (avg 2.5117) | lr 0.002492 | seq 32
  [aml] step 150/240 | loss 4.2446 (avg 2.5336) | lr 0.002492 | seq 32
  [aml] step 160/240 | loss 4.3465 (avg 2.5763) | lr 0.002492 | seq 32
  [aml] step 170/240 | loss 1.3511 (avg 2.5437) | lr 0.002492 | seq 32
  [aml] step 180/240 | loss 0.2377 (avg 2.5373) | lr 0.002492 | seq 32
  [aml] step 190/240 | loss 0.7583 (avg 2.5242) | lr 0.002492 | seq 32
  [aml] step 200/240 | loss 4.5760 (avg 2.5806) | lr 0.002491 | seq 32
  [aml] step 210/240 | loss 4.3972 (avg 2.5990) | lr 0.002491 | seq 32
  [aml] step 220/240 | loss 4.2730 (avg 2.6076) | lr 0.002491 | seq 32
  [aml] step 230/240 | loss 1.8779 (avg 2.5831) | lr 0.002491 | seq 32
[aml] training complete: 240 steps, avg loss 2.5927 (memory freed)

[stage 2 — child] What it sounds like now:
  Q: Hello.
  A: It is a materials and the contexture and the water, and stora river that the lesson of the rock with a fra, compris the lesson of speciing rock.
  Q: Who are you?
  A: ...
  Q: What do you know?
  A: ...

[init] Warmup complete at stage 2. Organism ready.
[ecology] First organism in the swarm.
molequla is alive. [evolution] Autonomous mode — background trainer running. Ctrl+C to stop.
[dna] earth wrote 80 bytes to ecology
[dna] earth wrote 77 bytes to ecology
[dna] earth wrote 29 bytes to ecology
[dna] earth wrote 67 bytes to ecology
[dna] earth wrote 28 bytes to ecology
[dna] earth wrote 91 bytes to ecology
[dna] earth wrote 51 bytes to ecology
[dna] earth wrote 65 bytes to ecology
[dna] earth wrote 52 bytes to ecology
[dna] earth wrote 135 bytes to ecology
[dna] earth wrote 63 bytes to ecology
[dna] earth wrote 28 bytes to ecology
[dna] earth wrote 56 bytes to ecology
[dna] earth wrote 7 bytes to ecology
[dna] earth wrote 177 bytes to ecology
[dna] earth wrote 28 bytes to ecology
[dna] earth wrote 72 bytes to ecology
[dna] earth wrote 63 bytes to ecology
[dna] earth wrote 185 bytes to ecology
[dna] earth wrote 121 bytes to ecology
[dna] earth wrote 162 bytes to ecology
[debug-onto] tick=50 corpus=173643 stage=2 freeze=0
[dna] earth wrote 31 bytes to ecology
[dna] earth wrote 76 bytes to ecology
[dna] earth wrote 26 bytes to ecology
[dna] earth wrote 21 bytes to ecology
[dna] earth wrote 83 bytes to ecology
[dna] earth wrote 49 bytes to ecology
[dna] earth wrote 122 bytes to ecology
[dna] earth wrote 58 bytes to ecology
[dna] earth wrote 25 bytes to ecology
[dna] earth wrote 35 bytes to ecology
[dna] earth wrote 77 bytes to ecology
[dna] earth wrote 7 bytes to ecology
[dna] earth wrote 171 bytes to ecology
[dna] earth wrote 35 bytes to ecology
[dna] earth wrote 44 bytes to ecology
[dna] earth wrote 190 bytes to ecology
[dna] earth wrote 106 bytes to ecology
[dna] earth wrote 59 bytes to ecology
[dna] earth wrote 256 bytes to ecology
[debug-onto] tick=100 corpus=173643 stage=2 freeze=0
[dna] earth wrote 116 bytes to ecology
[dna] earth wrote 87 bytes to ecology
[dna] earth wrote 75 bytes to ecology
[dna] earth wrote 61 bytes to ecology
[dna] earth wrote 53 bytes to ecology
[dna] earth wrote 33 bytes to ecology
[dna] earth wrote 33 bytes to ecology
[dna] earth wrote 40 bytes to ecology
[dna] earth wrote 48 bytes to ecology
[dna] earth wrote 95 bytes to ecology
[dna] earth wrote 38 bytes to ecology
[dna] earth wrote 11 bytes to ecology
[dna] earth wrote 51 bytes to ecology
[dna] earth wrote 159 bytes to ecology
[dna] earth wrote 52 bytes to ecology
[dna] earth wrote 33 bytes to ecology
[dna] earth wrote 83 bytes to ecology
[dna] earth wrote 64 bytes to ecology
[dna] earth wrote 95 bytes to ecology
[debug-onto] tick=150 corpus=173643 stage=2 freeze=0
[dna] earth wrote 35 bytes to ecology
[dna] earth wrote 37 bytes to ecology
[dna] earth wrote 32 bytes to ecology
[dna] earth wrote 19 bytes to ecology
[dna] earth wrote 49 bytes to ecology
[dna] earth wrote 28 bytes to ecology
[dna] earth wrote 48 bytes to ecology
[dna] earth wrote 193 bytes to ecology
[dna] earth wrote 74 bytes to ecology
[dna] earth wrote 81 bytes to ecology
[dna] earth wrote 36 bytes to ecology
[dna] earth wrote 90 bytes to ecology
[dna] earth wrote 67 bytes to ecology
[dna] earth wrote 56 bytes to ecology
[dna] earth wrote 107 bytes to ecology
[dna] earth wrote 125 bytes to ecology
[dna] earth wrote 68 bytes to ecology
[dna] earth wrote 42 bytes to ecology
[debug-onto] tick=200 corpus=173643 stage=2 freeze=0
[dna] earth wrote 63 bytes to ecology
[dna] earth wrote 81 bytes to ecology
[dna] earth wrote 69 bytes to ecology
[dna] earth wrote 110 bytes to ecology
[dna] earth wrote 38 bytes to ecology
[dna] earth wrote 95 bytes to ecology
[dna] earth wrote 240 bytes to ecology
[dna] earth wrote 28 bytes to ecology
[dna] earth wrote 62 bytes to ecology
[dna] earth wrote 81 bytes to ecology
[dna] earth wrote 96 bytes to ecology
[dna] earth wrote 27 bytes to ecology
[dna] earth wrote 31 bytes to ecology
[dna] earth wrote 15 bytes to ecology
[dna] earth wrote 93 bytes to ecology
[dna] earth wrote 254 bytes to ecology
[dna] earth wrote 65 bytes to ecology
[dna] earth wrote 35 bytes to ecology
[dna] earth wrote 72 bytes to ecology
[debug-onto] tick=250 corpus=173643 stage=2 freeze=0
[dna] earth wrote 11 bytes to ecology
[dna] earth wrote 33 bytes to ecology
[dna] earth wrote 68 bytes to ecology
[dna] earth wrote 7 bytes to ecology
[dna] earth wrote 25 bytes to ecology
[dna] earth wrote 64 bytes to ecology
[dna] earth wrote 54 bytes to ecology
[dna] earth wrote 37 bytes to ecology
[dna] earth wrote 148 bytes to ecology
[dna] earth wrote 124 bytes to ecology
[dna] earth wrote 31 bytes to ecology
[dna] earth wrote 84 bytes to ecology
[dna] earth wrote 12 bytes to ecology
[dna] earth wrote 84 bytes to ecology
[dna] earth wrote 90 bytes to ecology
[dna] earth wrote 41 bytes to ecology
[dna] earth wrote 103 bytes to ecology
[dna] earth wrote 57 bytes to ecology
[dna] earth wrote 37 bytes to ecology
[dna] earth wrote 77 bytes to ecology
[debug-onto] tick=300 corpus=173643 stage=2 freeze=0
[dna] earth wrote 38 bytes to ecology
[dna] earth wrote 27 bytes to ecology
[dna] earth wrote 59 bytes to ecology
[dna] earth wrote 158 bytes to ecology
[dna] earth wrote 62 bytes to ecology
[dna] earth wrote 62 bytes to ecology
[dna] earth wrote 26 bytes to ecology
[dna] earth wrote 75 bytes to ecology
[dna] earth wrote 75 bytes to ecology
[dna] earth wrote 7 bytes to ecology
[dna] earth wrote 10 bytes to ecology
[dna] earth wrote 79 bytes to ecology
[dna] earth wrote 32 bytes to ecology
[dna] earth wrote 29 bytes to ecology
[dna] earth wrote 123 bytes to ecology
[dna] earth wrote 125 bytes to ecology
[dna] earth wrote 69 bytes to ecology
[dna] earth wrote 103 bytes to ecology
[dna] earth wrote 110 bytes to ecology
[debug-onto] tick=350 corpus=173643 stage=2 freeze=0
[dna] earth wrote 74 bytes to ecology
[dna] earth wrote 35 bytes to ecology
[dna] earth wrote 48 bytes to ecology
[dna] earth wrote 60 bytes to ecology
[dna] earth wrote 124 bytes to ecology
[dna] earth wrote 22 bytes to ecology
[dna] earth wrote 72 bytes to ecology
[dna] earth wrote 34 bytes to ecology
[dna] earth wrote 49 bytes to ecology
[dna] earth wrote 71 bytes to ecology
[dna] earth wrote 45 bytes to ecology
[dna] earth wrote 39 bytes to ecology
[dna] earth wrote 39 bytes to ecology
[dna] earth wrote 62 bytes to ecology
[dna] earth wrote 90 bytes to ecology
[dna] earth wrote 71 bytes to ecology
[dna] earth wrote 35 bytes to ecology
[debug-onto] tick=400 corpus=173643 stage=2 freeze=0
[dna] earth wrote 90 bytes to ecology
[dna] earth wrote 38 bytes to ecology
[dna] earth wrote 179 bytes to ecology
[dna] earth wrote 222 bytes to ecology
[dna] earth wrote 34 bytes to ecology
[dna] earth wrote 101 bytes to ecology
[dna] earth wrote 39 bytes to ecology
[dna] earth wrote 65 bytes to ecology
[dna] earth wrote 49 bytes to ecology
[dna] earth wrote 87 bytes to ecology
[dna] earth wrote 59 bytes to ecology
[dna] earth wrote 37 bytes to ecology
[dna] earth wrote 60 bytes to ecology
[dna] earth wrote 21 bytes to ecology
[dna] earth wrote 26 bytes to ecology
[dna] earth wrote 54 bytes to ecology
[dna] earth wrote 40 bytes to ecology
[debug-onto] tick=450 corpus=173643 stage=2 freeze=0
[dna] earth wrote 37 bytes to ecology
[dna] earth wrote 217 bytes to ecology
[dna] earth wrote 107 bytes to ecology
[dna] earth wrote 93 bytes to ecology
[dna] earth wrote 62 bytes to ecology
[dna] earth wrote 41 bytes to ecology
[dna] earth wrote 69 bytes to ecology
[dna] earth wrote 93 bytes to ecology
[dna] earth wrote 67 bytes to ecology
[dna] earth wrote 131 bytes to ecology
[dna] earth wrote 107 bytes to ecology
[dna] earth wrote 68 bytes to ecology
[dna] earth wrote 66 bytes to ecology
[dna] earth wrote 48 bytes to ecology
[dna] earth wrote 114 bytes to ecology
[dna] earth wrote 60 bytes to ecology
[dna] earth wrote 36 bytes to ecology
[dna] earth wrote 61 bytes to ecology
[dna] earth wrote 73 bytes to ecology
[dna] earth wrote 88 bytes to ecology
[debug-onto] tick=500 corpus=173643 stage=2 freeze=0
[dna] earth wrote 74 bytes to ecology
[dna] earth wrote 86 bytes to ecology
[dna] earth wrote 81 bytes to ecology
[dna] earth wrote 28 bytes to ecology
[dna] earth wrote 76 bytes to ecology
[dna] earth wrote 259 bytes to ecology
[dna] earth wrote 190 bytes to ecology
[dna] earth wrote 100 bytes to ecology
[dna] earth wrote 53 bytes to ecology
[dna] earth wrote 101 bytes to ecology
[dna] earth wrote 32 bytes to ecology
[dna] earth wrote 71 bytes to ecology
[dna] earth wrote 71 bytes to ecology
[dna] earth wrote 104 bytes to ecology
[dna] earth wrote 32 bytes to ecology
[dna] earth wrote 6 bytes to ecology
[dna] earth wrote 36 bytes to ecology
[dna] earth wrote 69 bytes to ecology
[debug-onto] tick=550 corpus=173643 stage=2 freeze=0
[dna] earth wrote 113 bytes to ecology
[dna] earth wrote 76 bytes to ecology
[dna] earth wrote 69 bytes to ecology
[dna] earth wrote 87 bytes to ecology
[dna] earth wrote 54 bytes to ecology
[dna] earth wrote 31 bytes to ecology
[dna] earth wrote 23 bytes to ecology
[dna] earth wrote 55 bytes to ecology
[dna] earth wrote 41 bytes to ecology
[dna] earth wrote 97 bytes to ecology
[dna] earth wrote 96 bytes to ecology
[dna] earth wrote 152 bytes to ecology
[dna] earth wrote 51 bytes to ecology
[dna] earth wrote 84 bytes to ecology
[dna] earth wrote 83 bytes to ecology
[dna] earth wrote 65 bytes to ecology
[dna] earth wrote 32 bytes to ecology
[debug-onto] tick=600 corpus=173643 stage=2 freeze=0
[dna] earth wrote 55 bytes to ecology
[dna] earth wrote 19 bytes to ecology
[dna] earth wrote 101 bytes to ecology
[dna] earth wrote 57 bytes to ecology
[dna] earth wrote 26 bytes to ecology
[dna] earth wrote 51 bytes to ecology
[dna] earth wrote 35 bytes to ecology
[dna] earth wrote 51 bytes to ecology
[dna] earth wrote 60 bytes to ecology
[dna] earth wrote 28 bytes to ecology
[dna] earth wrote 91 bytes to ecology
[dna] earth wrote 70 bytes to ecology
[dna] earth wrote 36 bytes to ecology
[dna] earth wrote 96 bytes to ecology
[dna] earth wrote 118 bytes to ecology
[dna] earth wrote 120 bytes to ecology
[dna] earth wrote 47 bytes to ecology
[dna] earth wrote 138 bytes to ecology
[dna] earth wrote 49 bytes to ecology
[dna] earth wrote 87 bytes to ecology
[debug-onto] tick=650 corpus=173643 stage=2 freeze=0
[dna] earth wrote 64 bytes to ecology
[dna] earth wrote 47 bytes to ecology
[dna] earth wrote 63 bytes to ecology
[dna] earth wrote 56 bytes to ecology
[dna] earth wrote 134 bytes to ecology

[evolution] Organism shutting down gracefully.
