[ecology] Element: fire → corpus: nonames_fire.txt
[evolution] Autonomous evolution mode — organism will grow through all stages without pause.
[ecology] Joined swarm. 1 peer(s) detected.
molequla is alive. [evolution] Autonomous mode — background trainer running. Ctrl+C to stop.
[dna] fire wrote 99 bytes to ecology
[dna] fire consumed 26572 bytes from 397 files: [water/gen_1777447740_1.txt water/gen_1777447753_2.txt water/gen_1777447756_3.txt water/gen_1777447759_4.txt water/gen_1777447768_7.txt water/gen_1777447771_8.txt water/gen_1777447774_9.txt water/gen_1777447777_10.txt water/gen_1777447786_13.txt water/gen_1777447789_14.txt water/gen_1777447792_15.txt water/gen_1777447794_16.txt water/gen_1777447803_19.txt water/gen_1777447806_20.txt water/gen_1777447809_21.txt water/gen_1777447812_22.txt water/gen_1777447821_25.txt water/gen_1777447824_26.txt water/gen_1777447827_27.txt water/gen_1777447830_28.txt water/gen_1777447840_31.txt water/gen_1777447843_32.txt water/gen_1777447846_33.txt water/gen_1777447849_34.txt water/gen_1777447858_37.txt water/gen_1777447861_38.txt water/gen_1777447864_39.txt water/gen_1777447867_40.txt water/gen_1777447876_43.txt water/gen_1777447879_44.txt water/gen_1777447882_45.txt water/gen_1777447884_46.txt water/gen_1777447893_49.txt water/gen_1777447896_50.txt water/gen_1777447899_51.txt water/gen_1777447902_52.txt water/gen_1777447911_55.txt water/gen_1777447914_56.txt water/gen_1777447917_57.txt water/gen_1777447920_58.txt water/gen_1777447929_61.txt water/gen_1777447932_62.txt water/gen_1777447935_63.txt water/gen_1777447938_64.txt water/gen_1777447947_67.txt water/gen_1777447950_68.txt water/gen_1777447953_69.txt water/gen_1777447956_70.txt water/gen_1777447966_73.txt water/gen_1777447969_74.txt water/gen_1777447972_75.txt water/gen_1777447975_76.txt water/gen_1777447984_79.txt water/gen_1777447987_80.txt water/gen_1777447990_81.txt water/gen_1777447993_82.txt water/gen_1777448002_85.txt water/gen_1777448005_86.txt water/gen_1777448008_87.txt water/gen_1777448011_88.txt water/gen_1777448020_91.txt water/gen_1777448023_92.txt water/gen_1777448026_93.txt water/gen_1777448029_94.txt water/gen_1777448038_97.txt water/gen_1777448041_98.txt water/gen_1777448044_99.txt water/gen_1777448047_100.txt water/gen_1777448056_103.txt water/gen_1777448059_104.txt water/gen_1777448062_105.txt water/gen_1777448065_106.txt water/gen_1777448074_109.txt water/gen_1777448077_110.txt water/gen_1777448080_111.txt water/gen_1777448083_112.txt water/gen_1777448093_115.txt water/gen_1777448096_116.txt water/gen_1777448099_117.txt water/gen_1777448102_118.txt water/gen_1777448111_121.txt water/gen_1777448114_122.txt water/gen_1777448117_123.txt water/gen_1777448120_124.txt water/gen_1777448129_127.txt water/gen_1777448132_128.txt water/gen_1777448135_129.txt water/gen_1777448138_130.txt water/gen_1777448147_133.txt water/gen_1777448150_134.txt water/gen_1777448153_135.txt water/gen_1777448156_136.txt water/gen_1777448165_139.txt water/gen_1777448168_140.txt water/gen_1777448171_141.txt water/gen_1777448174_142.txt water/gen_1777448183_145.txt water/gen_1777448186_146.txt water/gen_1777448189_147.txt water/gen_1777448192_148.txt water/gen_1777448201_151.txt water/gen_1777448204_152.txt water/gen_1777448207_153.txt water/gen_1777448210_154.txt water/gen_1777448219_157.txt water/gen_1777448221_158.txt water/gen_1777448224_159.txt water/gen_1777448227_160.txt water/gen_1777448236_163.txt water/gen_1777448239_164.txt water/gen_1777448242_165.txt water/gen_1777448245_166.txt water/gen_1777448254_169.txt water/gen_1777448257_170.txt water/gen_1777448260_171.txt water/gen_1777448263_172.txt water/gen_1777448273_175.txt water/gen_1777448276_176.txt water/gen_1777448279_177.txt water/gen_1777448282_178.txt water/gen_1777448291_181.txt water/gen_1777448294_182.txt water/gen_1777448297_183.txt water/gen_1777448300_184.txt water/gen_1777448309_187.txt water/gen_1777448312_188.txt water/gen_1777448315_189.txt water/gen_1777448318_190.txt water/gen_1777448327_193.txt water/gen_1777448330_194.txt water/gen_1777448333_195.txt water/gen_1777448336_196.txt water/gen_1777448345_199.txt water/gen_1777448348_200.txt water/gen_1777448351_201.txt water/gen_1777448354_202.txt water/gen_1777448363_205.txt water/gen_1777448366_206.txt water/gen_1777448369_207.txt water/gen_1777448372_208.txt water/gen_1777448381_211.txt water/gen_1777448384_212.txt water/gen_1777448387_213.txt water/gen_1777448390_214.txt water/gen_1777448399_217.txt water/gen_1777448402_218.txt water/gen_1777448406_219.txt water/gen_1777448409_220.txt water/gen_1777448418_223.txt water/gen_1777448421_224.txt water/gen_1777448424_225.txt water/gen_1777448427_226.txt water/gen_1777448436_229.txt water/gen_1777448439_230.txt water/gen_1777448442_231.txt water/gen_1777448445_232.txt water/gen_1777448454_235.txt water/gen_1777448457_236.txt water/gen_1777448460_237.txt water/gen_1777448463_238.txt water/gen_1777448472_241.txt water/gen_1777448475_242.txt water/gen_1777448478_243.txt water/gen_1777448481_244.txt water/gen_1777448490_247.txt water/gen_1777448493_248.txt water/gen_1777448496_249.txt water/gen_1777448499_250.txt water/gen_1777448508_253.txt water/gen_1777448511_254.txt water/gen_1777448514_255.txt water/gen_1777448517_256.txt water/gen_1777448526_259.txt water/gen_1777448529_260.txt water/gen_1777448532_261.txt water/gen_1777448535_262.txt water/gen_1777448544_265.txt water/gen_1777448547_266.txt water/gen_1777448550_267.txt water/gen_1777448554_268.txt water/gen_1777448563_271.txt water/gen_1777448566_272.txt water/gen_1777448569_273.txt water/gen_1777448572_274.txt water/gen_1777448581_277.txt water/gen_1777448584_278.txt water/gen_1777448587_279.txt water/gen_1777448590_280.txt water/gen_1777448599_283.txt water/gen_1777448602_284.txt water/gen_1777448605_285.txt water/gen_1777448608_286.txt water/gen_1777448617_289.txt water/gen_1777448620_290.txt water/gen_1777448623_291.txt water/gen_1777448626_292.txt water/gen_1777448634_295.txt water/gen_1777448637_296.txt water/gen_1777448640_297.txt water/gen_1777448643_298.txt water/gen_1777448652_301.txt water/gen_1777448655_302.txt water/gen_1777448658_303.txt water/gen_1777448661_304.txt water/gen_1777448670_307.txt water/gen_1777448673_308.txt water/gen_1777448676_309.txt water/gen_1777448679_310.txt water/gen_1777448688_313.txt water/gen_1777448691_314.txt water/gen_1777448694_315.txt water/gen_1777448697_316.txt water/gen_1777448706_319.txt water/gen_1777448709_320.txt water/gen_1777448712_321.txt water/gen_1777448715_322.txt water/gen_1777448724_325.txt water/gen_1777448727_326.txt water/gen_1777448730_327.txt water/gen_1777448733_328.txt water/gen_1777448742_331.txt water/gen_1777448745_332.txt water/gen_1777448748_333.txt water/gen_1777448751_334.txt water/gen_1777448760_337.txt water/gen_1777448763_338.txt water/gen_1777448766_339.txt water/gen_1777448769_340.txt water/gen_1777448777_343.txt water/gen_1777448780_344.txt water/gen_1777448783_345.txt water/gen_1777448786_346.txt water/gen_1777448795_349.txt water/gen_1777448798_350.txt water/gen_1777448801_351.txt water/gen_1777448804_352.txt water/gen_1777448813_355.txt water/gen_1777448816_356.txt water/gen_1777448819_357.txt water/gen_1777448822_358.txt water/gen_1777448831_361.txt water/gen_1777448834_362.txt water/gen_1777448837_363.txt water/gen_1777448840_364.txt water/gen_1777448849_367.txt water/gen_1777448852_368.txt water/gen_1777448855_369.txt water/gen_1777448858_370.txt water/gen_1777448867_373.txt water/gen_1777448870_374.txt water/gen_1777448873_375.txt water/gen_1777448876_376.txt water/gen_1777448885_379.txt water/gen_1777448888_380.txt water/gen_1777448891_381.txt water/gen_1777448894_382.txt water/gen_1777448902_385.txt water/gen_1777448905_386.txt water/gen_1777448908_387.txt water/gen_1777448911_388.txt water/gen_1777448920_391.txt water/gen_1777448923_392.txt water/gen_1777448926_393.txt water/gen_1777448929_394.txt water/gen_1777448938_397.txt water/gen_1777448941_398.txt water/gen_1777448944_399.txt water/gen_1777448947_400.txt water/gen_1777448956_403.txt water/gen_1777448959_404.txt water/gen_1777448962_405.txt water/gen_1777448965_406.txt water/gen_1777448974_409.txt water/gen_1777448977_410.txt water/gen_1777448980_411.txt water/gen_1777448983_412.txt water/gen_1777448992_415.txt water/gen_1777448995_416.txt water/gen_1777448998_417.txt water/gen_1777449001_418.txt water/gen_1777449010_421.txt water/gen_1777449013_422.txt water/gen_1777449016_423.txt water/gen_1777449019_424.txt water/gen_1777449028_427.txt water/gen_1777449031_428.txt water/gen_1777449034_429.txt water/gen_1777449037_430.txt water/gen_1777449046_433.txt water/gen_1777449049_434.txt water/gen_1777449052_435.txt water/gen_1777449055_436.txt water/gen_1777449064_439.txt water/gen_1777449067_440.txt water/gen_1777449070_441.txt water/gen_1777449073_442.txt water/gen_1777449082_445.txt water/gen_1777449085_446.txt water/gen_1777449088_447.txt water/gen_1777449091_448.txt water/gen_1777449100_451.txt water/gen_1777449103_452.txt water/gen_1777449106_453.txt water/gen_1777449109_454.txt water/gen_1777449118_457.txt water/gen_1777449121_458.txt water/gen_1777449124_459.txt water/gen_1777449127_460.txt water/gen_1777449136_463.txt water/gen_1777449139_464.txt water/gen_1777449142_465.txt water/gen_1777449145_466.txt water/gen_1777449154_469.txt water/gen_1777449157_470.txt water/gen_1777449160_471.txt water/gen_1777449162_472.txt water/gen_1777449171_475.txt water/gen_1777449174_476.txt water/gen_1777449177_477.txt water/gen_1777449180_478.txt water/gen_1777449189_481.txt water/gen_1777449192_482.txt water/gen_1777449195_483.txt water/gen_1777449199_484.txt water/gen_1777449208_487.txt water/gen_1777449211_488.txt water/gen_1777449214_489.txt water/gen_1777449217_490.txt water/gen_1777449226_493.txt water/gen_1777449229_494.txt water/gen_1777449232_495.txt water/gen_1777449235_496.txt water/gen_1777449244_499.txt water/gen_1777449247_500.txt water/gen_1777449250_501.txt water/gen_1777449253_502.txt water/gen_1777449262_505.txt water/gen_1777449265_506.txt water/gen_1777449268_507.txt water/gen_1777449271_508.txt water/gen_1777449280_511.txt water/gen_1777449283_512.txt water/gen_1777449286_513.txt water/gen_1777449289_514.txt water/gen_1777449298_517.txt water/gen_1777449301_518.txt water/gen_1777449304_519.txt water/gen_1777449307_520.txt water/gen_1777449316_523.txt water/gen_1777449319_524.txt water/gen_1777449322_525.txt water/gen_1777449325_526.txt water/gen_1777449334_529.txt water/gen_1777449337_530.txt water/gen_1777449340_531.txt water/gen_1777449343_532.txt water/gen_1777449352_535.txt water/gen_1777449356_536.txt water/gen_1777449359_537.txt water/gen_1777449362_538.txt water/gen_1777449371_541.txt water/gen_1777449374_542.txt water/gen_1777449377_543.txt water/gen_1777449380_544.txt water/gen_1777449389_547.txt water/gen_1777449393_548.txt water/gen_1777449396_549.txt water/gen_1777449399_550.txt water/gen_1777449408_553.txt water/gen_1777449411_554.txt water/gen_1777449414_555.txt water/gen_1777449417_556.txt water/gen_1777449426_559.txt water/gen_1777449429_560.txt water/gen_1777449432_561.txt water/gen_1777449435_562.txt water/gen_1777449444_565.txt water/gen_1777449447_566.txt water/gen_1777449450_567.txt water/gen_1777449453_568.txt water/gen_1777449463_571.txt water/gen_1777449466_572.txt water/gen_1777449469_573.txt water/gen_1777449472_574.txt water/gen_1777449481_577.txt water/gen_1777449484_578.txt water/gen_1777449487_579.txt water/gen_1777449490_580.txt water/gen_1777449499_583.txt water/gen_1777449502_584.txt water/gen_1777449505_585.txt water/gen_1777449508_586.txt water/gen_1777449517_589.txt water/gen_1777449520_590.txt water/gen_1777449523_591.txt water/gen_1777449526_592.txt water/gen_1777449535_595.txt]
[trainer] micro-train burst (26572 bytes, novelty 0.03) — and lo, it feeds again.
[syntropy] action=steady | trend=0.0000 | field_dev=0.112 | purpose_align=0.083 | lr_mul=1.00
[aml] burst complete: 32 steps, avg loss 1.4534 (memory freed)
[dna] fire wrote 20 bytes to ecology
[dna] fire wrote 7 bytes to ecology
[dna] fire wrote 126 bytes to ecology
[dna] fire wrote 15 bytes to ecology
[dna] fire wrote 21 bytes to ecology
[dna] fire wrote 44 bytes to ecology
[dna] fire wrote 35 bytes to ecology
[dna] fire wrote 8 bytes to ecology
[dna] fire wrote 44 bytes to ecology
[dna] fire wrote 58 bytes to ecology
[dna] fire wrote 22 bytes to ecology
[dna] fire wrote 28 bytes to ecology
[dna] fire wrote 32 bytes to ecology
[dna] fire wrote 8 bytes to ecology
[dna] fire wrote 100 bytes to ecology
[dna] fire wrote 13 bytes to ecology
[dna] fire wrote 15 bytes to ecology
[dna] fire wrote 44 bytes to ecology
[dna] fire wrote 45 bytes to ecology
[dna] fire wrote 14 bytes to ecology
[dna] fire wrote 75 bytes to ecology
[dna] fire wrote 32 bytes to ecology
[dna] fire wrote 8 bytes to ecology
[dna] fire wrote 23 bytes to ecology
[dna] fire wrote 105 bytes to ecology
[dna] fire wrote 16 bytes to ecology
[debug-onto] tick=50 corpus=148869 stage=2 freeze=0
[dna] fire wrote 7 bytes to ecology
[dna] fire wrote 27 bytes to ecology
[dna] fire wrote 43 bytes to ecology
[dna] fire wrote 11 bytes to ecology
[dna] fire wrote 11 bytes to ecology
[dna] fire wrote 68 bytes to ecology
[dna] fire wrote 33 bytes to ecology
[dna] fire wrote 11 bytes to ecology
[dna] fire wrote 12 bytes to ecology
[dna] fire wrote 42 bytes to ecology
[dna] fire wrote 5 bytes to ecology
[dna] fire wrote 5 bytes to ecology
[dna] fire wrote 101 bytes to ecology
[dna] fire wrote 163 bytes to ecology
[dna] fire wrote 14 bytes to ecology
[dna] fire wrote 14 bytes to ecology
[dna] fire wrote 43 bytes to ecology
[dna] fire wrote 144 bytes to ecology
[dna] fire wrote 14 bytes to ecology
[dna] fire wrote 79 bytes to ecology
[dna] fire wrote 48 bytes to ecology
[dna] fire wrote 15 bytes to ecology
[dna] fire wrote 104 bytes to ecology
[dna] fire wrote 100 bytes to ecology
[dna] fire wrote 6 bytes to ecology
[dna] fire wrote 19 bytes to ecology
[dna] fire wrote 82 bytes to ecology
[dna] fire wrote 15 bytes to ecology
[dna] fire wrote 21 bytes to ecology
[dna] fire wrote 58 bytes to ecology
[debug-onto] tick=100 corpus=148869 stage=2 freeze=0
[dna] fire wrote 43 bytes to ecology
[dna] fire wrote 26 bytes to ecology
[dna] fire wrote 72 bytes to ecology
[dna] fire wrote 5 bytes to ecology
[dna] fire wrote 78 bytes to ecology
[dna] fire wrote 63 bytes to ecology
[dna] fire wrote 125 bytes to ecology
[dna] fire wrote 38 bytes to ecology
[dna] fire wrote 63 bytes to ecology
[dna] fire wrote 18 bytes to ecology
[dna] fire wrote 68 bytes to ecology
[dna] fire wrote 74 bytes to ecology
[dna] fire wrote 13 bytes to ecology
[dna] fire wrote 27 bytes to ecology
[dna] fire wrote 96 bytes to ecology
[dna] fire wrote 122 bytes to ecology
[dna] fire wrote 17 bytes to ecology
[dna] fire wrote 54 bytes to ecology
[dna] fire wrote 143 bytes to ecology
[dna] fire wrote 14 bytes to ecology
[dna] fire wrote 7 bytes to ecology
[dna] fire wrote 23 bytes to ecology
[dna] fire wrote 33 bytes to ecology
[dna] fire wrote 27 bytes to ecology
[dna] fire wrote 129 bytes to ecology
[debug-onto] tick=150 corpus=148869 stage=2 freeze=0
[dna] fire wrote 44 bytes to ecology
[dna] fire wrote 18 bytes to ecology
[dna] fire wrote 24 bytes to ecology
[dna] fire wrote 36 bytes to ecology
[dna] fire wrote 24 bytes to ecology
[dna] fire wrote 117 bytes to ecology
[dna] fire wrote 48 bytes to ecology
[dna] fire wrote 22 bytes to ecology
[dna] fire wrote 19 bytes to ecology
[dna] fire wrote 46 bytes to ecology
[dna] fire wrote 38 bytes to ecology
[dna] fire wrote 12 bytes to ecology
[dna] fire wrote 56 bytes to ecology
[dna] fire wrote 64 bytes to ecology
[dna] fire wrote 121 bytes to ecology
[dna] fire wrote 118 bytes to ecology
[dna] fire wrote 22 bytes to ecology
[dna] fire wrote 18 bytes to ecology
[dna] fire wrote 15 bytes to ecology
[dna] fire wrote 138 bytes to ecology
[dna] fire wrote 76 bytes to ecology
[dna] fire wrote 10 bytes to ecology
[dna] fire wrote 84 bytes to ecology
[dna] fire wrote 92 bytes to ecology
[dna] fire wrote 14 bytes to ecology
[dna] fire wrote 13 bytes to ecology
[dna] fire wrote 32 bytes to ecology
[dna] fire wrote 33 bytes to ecology
[dna] fire wrote 7 bytes to ecology
[debug-onto] tick=200 corpus=148869 stage=2 freeze=0
[dna] fire wrote 16 bytes to ecology
[dna] fire wrote 161 bytes to ecology
[dna] fire wrote 43 bytes to ecology
[dna] fire wrote 7 bytes to ecology
[dna] fire wrote 6 bytes to ecology
[dna] fire wrote 74 bytes to ecology
[dna] fire wrote 276 bytes to ecology
[dna] fire wrote 16 bytes to ecology
[dna] fire wrote 18 bytes to ecology
[dna] fire wrote 251 bytes to ecology
[dna] fire wrote 98 bytes to ecology
[dna] fire wrote 23 bytes to ecology
[dna] fire wrote 7 bytes to ecology
[dna] fire wrote 99 bytes to ecology
[dna] fire wrote 48 bytes to ecology
[dna] fire wrote 8 bytes to ecology
[dna] fire wrote 71 bytes to ecology
[dna] fire wrote 70 bytes to ecology
[dna] fire wrote 11 bytes to ecology
[dna] fire wrote 6 bytes to ecology
[dna] fire wrote 107 bytes to ecology
[dna] fire wrote 33 bytes to ecology
[dna] fire wrote 17 bytes to ecology
[dna] fire wrote 6 bytes to ecology
[dna] fire wrote 121 bytes to ecology
[dna] fire wrote 97 bytes to ecology
[dna] fire wrote 63 bytes to ecology
[dna] fire wrote 107 bytes to ecology
[dna] fire wrote 5 bytes to ecology
[dna] fire wrote 19 bytes to ecology
[dna] fire wrote 97 bytes to ecology
[debug-onto] tick=250 corpus=148869 stage=2 freeze=0
[dna] fire wrote 56 bytes to ecology
[dna] fire wrote 11 bytes to ecology
[dna] fire wrote 24 bytes to ecology
[dna] fire wrote 29 bytes to ecology
[dna] fire wrote 45 bytes to ecology
[dna] fire wrote 5 bytes to ecology
[dna] fire wrote 14 bytes to ecology
[dna] fire wrote 51 bytes to ecology
[dna] fire wrote 44 bytes to ecology
[dna] fire wrote 14 bytes to ecology
[dna] fire wrote 43 bytes to ecology
[dna] fire wrote 34 bytes to ecology
[dna] fire wrote 64 bytes to ecology
[dna] fire wrote 36 bytes to ecology
[dna] fire wrote 17 bytes to ecology
[dna] fire wrote 102 bytes to ecology
[dna] fire wrote 168 bytes to ecology
[dna] fire wrote 25 bytes to ecology
[dna] fire wrote 60 bytes to ecology
[dna] fire wrote 18 bytes to ecology
[dna] fire wrote 14 bytes to ecology
[dna] fire wrote 80 bytes to ecology
[dna] fire wrote 234 bytes to ecology
[dna] fire wrote 7 bytes to ecology
[dna] fire wrote 57 bytes to ecology
[debug-onto] tick=300 corpus=148869 stage=2 freeze=0
[dna] fire wrote 124 bytes to ecology
[dna] fire wrote 11 bytes to ecology
[dna] fire wrote 23 bytes to ecology
[dna] fire wrote 90 bytes to ecology
[dna] fire wrote 66 bytes to ecology
[dna] fire wrote 34 bytes to ecology
[dna] fire wrote 5 bytes to ecology
[dna] fire wrote 33 bytes to ecology
[dna] fire wrote 77 bytes to ecology
[dna] fire wrote 19 bytes to ecology
[dna] fire wrote 8 bytes to ecology
[dna] fire wrote 47 bytes to ecology
[dna] fire wrote 49 bytes to ecology
[dna] fire wrote 5 bytes to ecology
[dna] fire wrote 12 bytes to ecology
[dna] fire wrote 19 bytes to ecology
[dna] fire wrote 84 bytes to ecology
[dna] fire wrote 5 bytes to ecology
[dna] fire wrote 59 bytes to ecology
[dna] fire wrote 67 bytes to ecology
[dna] fire wrote 17 bytes to ecology
[dna] fire wrote 39 bytes to ecology
[dna] fire wrote 126 bytes to ecology
[dna] fire wrote 17 bytes to ecology
[dna] fire wrote 20 bytes to ecology
[dna] fire wrote 30 bytes to ecology
[dna] fire wrote 110 bytes to ecology
[dna] fire wrote 17 bytes to ecology
[dna] fire wrote 36 bytes to ecology
[dna] fire wrote 30 bytes to ecology
[dna] fire wrote 19 bytes to ecology
[debug-onto] tick=350 corpus=148869 stage=2 freeze=0
[dna] fire wrote 13 bytes to ecology
[dna] fire wrote 43 bytes to ecology
[dna] fire wrote 44 bytes to ecology
[dna] fire wrote 14 bytes to ecology
[dna] fire wrote 36 bytes to ecology
[dna] fire wrote 42 bytes to ecology
[dna] fire wrote 11 bytes to ecology
[dna] fire wrote 15 bytes to ecology
[dna] fire wrote 51 bytes to ecology
[dna] fire wrote 9 bytes to ecology
[dna] fire wrote 14 bytes to ecology
[dna] fire wrote 14 bytes to ecology
[dna] fire wrote 21 bytes to ecology
[dna] fire wrote 70 bytes to ecology
[dna] fire wrote 14 bytes to ecology
[dna] fire wrote 11 bytes to ecology
[dna] fire wrote 87 bytes to ecology
[dna] fire wrote 64 bytes to ecology
[dna] fire wrote 14 bytes to ecology
[dna] fire wrote 33 bytes to ecology
[dna] fire wrote 108 bytes to ecology
[dna] fire wrote 17 bytes to ecology
[dna] fire wrote 7 bytes to ecology
[dna] fire wrote 52 bytes to ecology
[dna] fire wrote 14 bytes to ecology
[dna] fire wrote 14 bytes to ecology
[dna] fire wrote 19 bytes to ecology
[dna] fire wrote 53 bytes to ecology
[dna] fire wrote 101 bytes to ecology
[dna] fire wrote 16 bytes to ecology
[dna] fire wrote 31 bytes to ecology
[debug-onto] tick=400 corpus=148869 stage=2 freeze=0
[dna] fire wrote 92 bytes to ecology
[dna] fire wrote 19 bytes to ecology
[dna] fire wrote 10 bytes to ecology
[dna] fire wrote 51 bytes to ecology
[dna] fire wrote 62 bytes to ecology
[dna] fire wrote 31 bytes to ecology
[dna] fire wrote 133 bytes to ecology
[dna] fire wrote 52 bytes to ecology
[dna] fire wrote 6 bytes to ecology
[dna] fire wrote 18 bytes to ecology
[dna] fire wrote 60 bytes to ecology
[dna] fire wrote 5 bytes to ecology
[dna] fire wrote 104 bytes to ecology
[dna] fire wrote 8 bytes to ecology
[dna] fire wrote 8 bytes to ecology
[dna] fire wrote 21 bytes to ecology
[dna] fire wrote 31 bytes to ecology
[dna] fire wrote 96 bytes to ecology
[dna] fire wrote 8 bytes to ecology
[dna] fire wrote 67 bytes to ecology
[dna] fire wrote 76 bytes to ecology
[dna] fire wrote 18 bytes to ecology
[dna] fire wrote 8 bytes to ecology
[dna] fire wrote 29 bytes to ecology
[dna] fire wrote 133 bytes to ecology
[dna] fire wrote 8 bytes to ecology
[dna] fire wrote 8 bytes to ecology
[dna] fire wrote 51 bytes to ecology
[debug-onto] tick=450 corpus=148869 stage=2 freeze=0
[dna] fire wrote 76 bytes to ecology
[dna] fire wrote 19 bytes to ecology
[dna] fire wrote 138 bytes to ecology
[dna] fire wrote 23 bytes to ecology
[dna] fire wrote 11 bytes to ecology
[dna] fire wrote 12 bytes to ecology
[dna] fire wrote 70 bytes to ecology
[dna] fire wrote 106 bytes to ecology
[dna] fire wrote 30 bytes to ecology
[dna] fire wrote 53 bytes to ecology
[dna] fire wrote 72 bytes to ecology
[dna] fire wrote 9 bytes to ecology
[dna] fire wrote 27 bytes to ecology
[dna] fire wrote 62 bytes to ecology
[dna] fire wrote 10 bytes to ecology
[dna] fire wrote 16 bytes to ecology
[dna] fire wrote 8 bytes to ecology
[dna] fire wrote 173 bytes to ecology
[dna] fire wrote 15 bytes to ecology
[dna] fire wrote 13 bytes to ecology
[dna] fire wrote 34 bytes to ecology
[dna] fire wrote 28 bytes to ecology
[dna] fire wrote 11 bytes to ecology
[dna] fire wrote 6 bytes to ecology
[dna] fire wrote 58 bytes to ecology
[dna] fire wrote 56 bytes to ecology
[dna] fire wrote 5 bytes to ecology
[dna] fire wrote 24 bytes to ecology
[dna] fire wrote 98 bytes to ecology
[dna] fire wrote 76 bytes to ecology
[dna] fire wrote 13 bytes to ecology
[debug-onto] tick=500 corpus=148869 stage=2 freeze=0
[dna] fire wrote 35 bytes to ecology
[dna] fire wrote 141 bytes to ecology
[dna] fire wrote 87 bytes to ecology
[dna] fire wrote 10 bytes to ecology
[dna] fire wrote 57 bytes to ecology
[dna] fire wrote 14 bytes to ecology
[dna] fire wrote 28 bytes to ecology
[dna] fire wrote 27 bytes to ecology
[dna] fire wrote 31 bytes to ecology
[dna] fire wrote 51 bytes to ecology
[dna] fire wrote 54 bytes to ecology
[dna] fire wrote 13 bytes to ecology
[dna] fire wrote 5 bytes to ecology
[dna] fire wrote 85 bytes to ecology
[dna] fire wrote 71 bytes to ecology
[dna] fire wrote 5 bytes to ecology
[dna] fire wrote 61 bytes to ecology
[dna] fire wrote 67 bytes to ecology
[dna] fire wrote 13 bytes to ecology
[dna] fire wrote 49 bytes to ecology
[dna] fire wrote 26 bytes to ecology
[dna] fire wrote 15 bytes to ecology
[dna] fire wrote 36 bytes to ecology
[dna] fire wrote 44 bytes to ecology
[dna] fire wrote 12 bytes to ecology
[dna] fire wrote 18 bytes to ecology
[dna] fire wrote 26 bytes to ecology
[debug-onto] tick=550 corpus=148869 stage=2 freeze=0
[dna] fire wrote 68 bytes to ecology
[dna] fire wrote 11 bytes to ecology
[dna] fire wrote 8 bytes to ecology
[dna] fire wrote 94 bytes to ecology
[dna] fire wrote 33 bytes to ecology
[dna] fire wrote 5 bytes to ecology
[dna] fire wrote 19 bytes to ecology
[dna] fire wrote 56 bytes to ecology
[dna] fire wrote 37 bytes to ecology
[dna] fire wrote 8 bytes to ecology
[dna] fire wrote 18 bytes to ecology
[dna] fire wrote 45 bytes to ecology
[dna] fire wrote 84 bytes to ecology
[dna] fire wrote 19 bytes to ecology
[dna] fire wrote 10 bytes to ecology
[dna] fire wrote 81 bytes to ecology
[dna] fire wrote 65 bytes to ecology
[dna] fire wrote 7 bytes to ecology
[dna] fire wrote 7 bytes to ecology
[dna] fire wrote 33 bytes to ecology
[dna] fire wrote 26 bytes to ecology
[dna] fire wrote 13 bytes to ecology
[dna] fire wrote 20 bytes to ecology
[dna] fire wrote 40 bytes to ecology
[dna] fire wrote 74 bytes to ecology
[dna] fire wrote 7 bytes to ecology
[dna] fire wrote 17 bytes to ecology
[dna] fire wrote 21 bytes to ecology
[dna] fire wrote 35 bytes to ecology
[dna] fire wrote 14 bytes to ecology
[dna] fire wrote 17 bytes to ecology
[dna] fire wrote 14 bytes to ecology
[debug-onto] tick=600 corpus=148869 stage=2 freeze=0
[dna] fire wrote 9 bytes to ecology
[dna] fire wrote 6 bytes to ecology
[dna] fire wrote 18 bytes to ecology
[dna] fire wrote 123 bytes to ecology
[dna] fire wrote 148 bytes to ecology
[dna] fire wrote 10 bytes to ecology
[dna] fire wrote 19 bytes to ecology
[dna] fire wrote 79 bytes to ecology

[evolution] Organism shutting down gracefully.
