[ecology] Element: water → corpus: nonames_water.txt
[evolution] Autonomous evolution mode — organism will grow through all stages without pause.
[ecology] Joined swarm. 1 peer(s) detected.
molequla is alive. [evolution] Autonomous mode — background trainer running. Ctrl+C to stop.
[dna] water wrote 54 bytes to ecology
[dna] water consumed 21709 bytes from 304 files: [air/gen_1777445940_1.txt air/gen_1777445954_3.txt air/gen_1777445957_4.txt air/gen_1777445965_7.txt air/gen_1777445970_9.txt air/gen_1777445973_10.txt air/gen_1777445981_13.txt air/gen_1777445986_15.txt air/gen_1777445989_16.txt air/gen_1777445997_19.txt air/gen_1777446002_21.txt air/gen_1777446005_22.txt air/gen_1777446013_25.txt air/gen_1777446018_27.txt air/gen_1777446021_28.txt air/gen_1777446029_31.txt air/gen_1777446034_33.txt air/gen_1777446037_34.txt air/gen_1777446045_37.txt air/gen_1777446050_39.txt air/gen_1777446053_40.txt air/gen_1777446061_43.txt air/gen_1777446069_46.txt air/gen_1777446077_49.txt air/gen_1777446082_51.txt air/gen_1777446085_52.txt air/gen_1777446093_55.txt air/gen_1777446098_57.txt air/gen_1777446101_58.txt air/gen_1777446109_61.txt air/gen_1777446114_63.txt air/gen_1777446117_64.txt air/gen_1777446125_67.txt air/gen_1777446132_70.txt air/gen_1777446141_73.txt air/gen_1777446148_76.txt air/gen_1777446156_79.txt air/gen_1777446164_82.txt air/gen_1777446172_85.txt air/gen_1777446178_87.txt air/gen_1777446180_88.txt air/gen_1777446188_91.txt air/gen_1777446194_93.txt air/gen_1777446196_94.txt air/gen_1777446204_97.txt air/gen_1777446210_99.txt air/gen_1777446213_100.txt air/gen_1777446221_103.txt air/gen_1777446226_105.txt air/gen_1777446229_106.txt air/gen_1777446237_109.txt air/gen_1777446245_112.txt air/gen_1777446253_115.txt air/gen_1777446261_118.txt air/gen_1777446269_121.txt air/gen_1777446274_123.txt air/gen_1777446277_124.txt air/gen_1777446284_127.txt air/gen_1777446290_129.txt air/gen_1777446292_130.txt air/gen_1777446301_133.txt air/gen_1777446306_135.txt air/gen_1777446309_136.txt air/gen_1777446317_139.txt air/gen_1777446322_141.txt air/gen_1777446325_142.txt air/gen_1777446332_145.txt air/gen_1777446338_147.txt air/gen_1777446340_148.txt air/gen_1777446348_151.txt air/gen_1777446356_154.txt air/gen_1777446364_157.txt air/gen_1777446372_160.txt air/gen_1777446380_163.txt air/gen_1777446385_165.txt air/gen_1777446387_166.txt air/gen_1777446395_169.txt air/gen_1777446401_171.txt air/gen_1777446403_172.txt air/gen_1777446411_175.txt air/gen_1777446417_177.txt air/gen_1777446419_178.txt air/gen_1777446427_181.txt air/gen_1777446433_183.txt air/gen_1777446435_184.txt air/gen_1777446443_187.txt air/gen_1777446448_189.txt air/gen_1777446451_190.txt air/gen_1777446459_193.txt air/gen_1777446464_195.txt air/gen_1777446467_196.txt air/gen_1777446475_199.txt air/gen_1777446480_201.txt air/gen_1777446483_202.txt air/gen_1777446491_205.txt air/gen_1777446499_208.txt air/gen_1777446507_211.txt air/gen_1777446512_213.txt air/gen_1777446515_214.txt air/gen_1777446523_217.txt air/gen_1777446528_219.txt air/gen_1777446531_220.txt air/gen_1777446539_223.txt air/gen_1777446544_225.txt air/gen_1777446547_226.txt air/gen_1777446555_229.txt air/gen_1777446561_231.txt air/gen_1777446563_232.txt air/gen_1777446571_235.txt air/gen_1777446577_237.txt air/gen_1777446579_238.txt air/gen_1777446587_241.txt air/gen_1777446593_243.txt air/gen_1777446603_247.txt air/gen_1777446611_250.txt air/gen_1777446620_253.txt air/gen_1777446625_255.txt air/gen_1777446628_256.txt air/gen_1777446636_259.txt air/gen_1777446644_262.txt air/gen_1777446652_265.txt air/gen_1777446658_267.txt air/gen_1777446660_268.txt air/gen_1777446668_271.txt air/gen_1777446674_273.txt air/gen_1777446677_274.txt air/gen_1777446685_277.txt air/gen_1777446693_280.txt air/gen_1777446701_283.txt air/gen_1777446709_286.txt air/gen_1777446717_289.txt air/gen_1777446722_291.txt air/gen_1777446725_292.txt air/gen_1777446733_295.txt air/gen_1777446741_298.txt air/gen_1777446749_301.txt air/gen_1777446754_303.txt air/gen_1777446757_304.txt air/gen_1777446765_307.txt air/gen_1777446773_310.txt air/gen_1777446781_313.txt air/gen_1777446786_315.txt air/gen_1777446789_316.txt air/gen_1777446797_319.txt air/gen_1777446805_322.txt air/gen_1777446813_325.txt air/gen_1777446818_327.txt air/gen_1777446821_328.txt air/gen_1777446829_331.txt air/gen_1777446834_333.txt air/gen_1777446837_334.txt air/gen_1777446845_337.txt air/gen_1777446850_339.txt air/gen_1777446853_340.txt air/gen_1777446861_343.txt air/gen_1777446866_345.txt air/gen_1777446869_346.txt air/gen_1777446877_349.txt air/gen_1777446885_352.txt air/gen_1777446894_355.txt air/gen_1777446899_357.txt air/gen_1777446902_358.txt air/gen_1777446910_361.txt air/gen_1777446915_363.txt air/gen_1777446918_364.txt air/gen_1777446926_367.txt air/gen_1777446932_369.txt air/gen_1777446934_370.txt air/gen_1777446943_373.txt air/gen_1777446948_375.txt air/gen_1777446951_376.txt air/gen_1777446959_379.txt air/gen_1777446964_381.txt air/gen_1777446967_382.txt air/gen_1777446975_385.txt air/gen_1777446981_387.txt air/gen_1777446984_388.txt air/gen_1777446992_391.txt air/gen_1777447000_394.txt air/gen_1777447008_397.txt air/gen_1777447014_399.txt air/gen_1777447016_400.txt air/gen_1777447025_403.txt air/gen_1777447030_405.txt air/gen_1777447033_406.txt air/gen_1777447041_409.txt air/gen_1777447047_411.txt air/gen_1777447049_412.txt air/gen_1777447057_415.txt air/gen_1777447066_418.txt air/gen_1777447074_421.txt air/gen_1777447082_424.txt air/gen_1777447090_427.txt air/gen_1777447096_429.txt air/gen_1777447098_430.txt air/gen_1777447107_433.txt air/gen_1777447112_435.txt air/gen_1777447115_436.txt air/gen_1777447123_439.txt air/gen_1777447128_441.txt air/gen_1777447131_442.txt air/gen_1777447139_445.txt air/gen_1777447145_447.txt air/gen_1777447147_448.txt air/gen_1777447156_451.txt air/gen_1777447164_454.txt air/gen_1777447172_457.txt air/gen_1777447177_459.txt air/gen_1777447180_460.txt air/gen_1777447188_463.txt air/gen_1777447194_465.txt air/gen_1777447197_466.txt air/gen_1777447205_469.txt air/gen_1777447210_471.txt air/gen_1777447213_472.txt air/gen_1777447221_475.txt air/gen_1777447227_477.txt air/gen_1777447229_478.txt air/gen_1777447237_481.txt air/gen_1777447243_483.txt air/gen_1777447246_484.txt air/gen_1777447254_487.txt air/gen_1777447262_490.txt air/gen_1777447270_493.txt air/gen_1777447275_495.txt air/gen_1777447278_496.txt air/gen_1777447286_499.txt air/gen_1777447292_501.txt air/gen_1777447294_502.txt air/gen_1777447303_505.txt air/gen_1777447311_508.txt air/gen_1777447319_511.txt air/gen_1777447324_513.txt air/gen_1777447327_514.txt air/gen_1777447335_517.txt air/gen_1777447340_519.txt air/gen_1777447343_520.txt air/gen_1777447351_523.txt air/gen_1777447356_525.txt air/gen_1777447359_526.txt air/gen_1777447367_529.txt air/gen_1777447372_531.txt air/gen_1777447375_532.txt air/gen_1777447383_535.txt air/gen_1777447389_537.txt air/gen_1777447391_538.txt air/gen_1777447399_541.txt air/gen_1777447405_543.txt air/gen_1777447408_544.txt air/gen_1777447416_547.txt air/gen_1777447421_549.txt air/gen_1777447424_550.txt air/gen_1777447432_553.txt air/gen_1777447440_556.txt air/gen_1777447448_559.txt air/gen_1777447456_562.txt air/gen_1777447465_565.txt air/gen_1777447470_567.txt air/gen_1777447473_568.txt air/gen_1777447481_571.txt air/gen_1777447486_573.txt air/gen_1777447488_574.txt air/gen_1777447496_577.txt air/gen_1777447501_579.txt air/gen_1777447504_580.txt air/gen_1777447512_583.txt air/gen_1777447520_586.txt air/gen_1777447527_589.txt air/gen_1777447533_591.txt air/gen_1777447535_592.txt air/gen_1777447543_595.txt air/gen_1777447548_597.txt air/gen_1777447551_598.txt air/gen_1777447558_601.txt air/gen_1777447564_603.txt air/gen_1777447566_604.txt air/gen_1777447574_607.txt air/gen_1777447582_610.txt air/gen_1777447590_613.txt air/gen_1777447595_615.txt air/gen_1777447597_616.txt air/gen_1777447605_619.txt air/gen_1777447610_621.txt air/gen_1777447613_622.txt air/gen_1777447621_625.txt air/gen_1777447626_627.txt air/gen_1777447628_628.txt air/gen_1777447636_631.txt air/gen_1777447641_633.txt air/gen_1777447644_634.txt air/gen_1777447652_637.txt air/gen_1777447659_640.txt air/gen_1777447667_643.txt air/gen_1777447672_645.txt air/gen_1777447675_646.txt air/gen_1777447683_649.txt air/gen_1777447688_651.txt air/gen_1777447690_652.txt air/gen_1777447698_655.txt air/gen_1777447706_658.txt air/gen_1777447714_661.txt air/gen_1777447719_663.txt air/gen_1777447721_664.txt air/gen_1777447729_667.txt]
[trainer] micro-train burst (21709 bytes, novelty 0.03) — and lo, it feeds again.
[syntropy] action=explore | trend=0.0000 | field_dev=-0.064 | purpose_align=0.086 | lr_mul=1.30
[aml] burst complete: 32 steps, avg loss 1.7486 (memory freed)
[dna] water wrote 80 bytes to ecology
[dna] water wrote 72 bytes to ecology
[dna] water wrote 154 bytes to ecology
[dna] water wrote 54 bytes to ecology
[dna] water wrote 123 bytes to ecology
[dna] water wrote 107 bytes to ecology
[dna] water wrote 113 bytes to ecology
[dna] water wrote 11 bytes to ecology
[dna] water wrote 141 bytes to ecology
[dna] water wrote 134 bytes to ecology
[dna] water wrote 34 bytes to ecology
[dna] water wrote 106 bytes to ecology
[dna] water wrote 52 bytes to ecology
[dna] water wrote 79 bytes to ecology
[dna] water wrote 59 bytes to ecology
[dna] water wrote 40 bytes to ecology
[dna] water wrote 112 bytes to ecology
[dna] water wrote 126 bytes to ecology
[dna] water wrote 33 bytes to ecology
[dna] water wrote 124 bytes to ecology
[dna] water wrote 65 bytes to ecology
[dna] water wrote 129 bytes to ecology
[dna] water wrote 58 bytes to ecology
[dna] water wrote 29 bytes to ecology
[dna] water wrote 46 bytes to ecology
[dna] water wrote 71 bytes to ecology
[dna] water wrote 86 bytes to ecology
[dna] water wrote 29 bytes to ecology
[dna] water wrote 102 bytes to ecology
[dna] water wrote 50 bytes to ecology
[dna] water wrote 56 bytes to ecology
[dna] water wrote 105 bytes to ecology
[dna] water wrote 92 bytes to ecology
[debug-onto] tick=50 corpus=147710 stage=2 freeze=0
[dna] water wrote 81 bytes to ecology
[dna] water wrote 39 bytes to ecology
[dna] water wrote 87 bytes to ecology
[dna] water wrote 77 bytes to ecology
[dna] water wrote 98 bytes to ecology
[dna] water wrote 48 bytes to ecology
[dna] water wrote 26 bytes to ecology
[dna] water wrote 132 bytes to ecology
[dna] water wrote 29 bytes to ecology
[dna] water wrote 60 bytes to ecology
[dna] water wrote 87 bytes to ecology
[dna] water wrote 38 bytes to ecology
[dna] water wrote 61 bytes to ecology
[dna] water wrote 53 bytes to ecology
[dna] water wrote 101 bytes to ecology
[dna] water wrote 49 bytes to ecology
[dna] water wrote 50 bytes to ecology
[dna] water wrote 73 bytes to ecology
[dna] water wrote 34 bytes to ecology
[dna] water wrote 41 bytes to ecology
[dna] water wrote 26 bytes to ecology
[dna] water wrote 62 bytes to ecology
[dna] water wrote 275 bytes to ecology
[dna] water wrote 79 bytes to ecology
[dna] water wrote 68 bytes to ecology
[dna] water wrote 55 bytes to ecology
[dna] water wrote 26 bytes to ecology
[dna] water wrote 55 bytes to ecology
[dna] water wrote 57 bytes to ecology
[dna] water wrote 39 bytes to ecology
[dna] water wrote 39 bytes to ecology
[dna] water wrote 55 bytes to ecology
[dna] water wrote 30 bytes to ecology
[dna] water wrote 43 bytes to ecology
[debug-onto] tick=100 corpus=147710 stage=2 freeze=0
[dna] water wrote 78 bytes to ecology
[dna] water wrote 32 bytes to ecology
[dna] water wrote 95 bytes to ecology
[dna] water wrote 112 bytes to ecology
[dna] water wrote 88 bytes to ecology
[dna] water wrote 49 bytes to ecology
[dna] water wrote 35 bytes to ecology
[dna] water wrote 47 bytes to ecology
[dna] water wrote 101 bytes to ecology
[dna] water wrote 73 bytes to ecology
[dna] water wrote 87 bytes to ecology
[dna] water wrote 102 bytes to ecology
[dna] water wrote 36 bytes to ecology
[dna] water wrote 31 bytes to ecology
[dna] water wrote 122 bytes to ecology
[dna] water wrote 55 bytes to ecology
[dna] water wrote 144 bytes to ecology
[dna] water wrote 19 bytes to ecology
[dna] water wrote 54 bytes to ecology
[dna] water wrote 173 bytes to ecology
[dna] water wrote 88 bytes to ecology
[dna] water wrote 63 bytes to ecology
[dna] water wrote 100 bytes to ecology
[dna] water wrote 48 bytes to ecology
[dna] water wrote 55 bytes to ecology
[dna] water wrote 106 bytes to ecology
[dna] water wrote 34 bytes to ecology
[dna] water wrote 34 bytes to ecology
[dna] water wrote 46 bytes to ecology
[dna] water wrote 39 bytes to ecology
[dna] water wrote 59 bytes to ecology
[dna] water wrote 46 bytes to ecology
[debug-onto] tick=150 corpus=147710 stage=2 freeze=0
[dna] water wrote 54 bytes to ecology
[dna] water wrote 110 bytes to ecology
[dna] water wrote 63 bytes to ecology
[dna] water wrote 20 bytes to ecology
[dna] water wrote 37 bytes to ecology
[dna] water wrote 43 bytes to ecology
[dna] water wrote 44 bytes to ecology
[dna] water wrote 79 bytes to ecology
[dna] water wrote 126 bytes to ecology
[dna] water wrote 93 bytes to ecology
[dna] water wrote 51 bytes to ecology
[dna] water wrote 45 bytes to ecology
[dna] water wrote 53 bytes to ecology
[dna] water wrote 32 bytes to ecology
[dna] water wrote 62 bytes to ecology
[dna] water wrote 105 bytes to ecology
[dna] water wrote 58 bytes to ecology
[dna] water wrote 35 bytes to ecology
[dna] water wrote 143 bytes to ecology
[dna] water wrote 77 bytes to ecology
[dna] water wrote 84 bytes to ecology
[dna] water wrote 67 bytes to ecology
[dna] water wrote 59 bytes to ecology
[dna] water wrote 80 bytes to ecology
[dna] water wrote 30 bytes to ecology
[dna] water wrote 64 bytes to ecology
[dna] water wrote 70 bytes to ecology
[dna] water wrote 77 bytes to ecology
[dna] water wrote 68 bytes to ecology
[dna] water wrote 76 bytes to ecology
[dna] water wrote 74 bytes to ecology
[dna] water wrote 29 bytes to ecology
[dna] water wrote 61 bytes to ecology
[dna] water wrote 83 bytes to ecology
[debug-onto] tick=200 corpus=147710 stage=2 freeze=0
[dna] water wrote 186 bytes to ecology
[dna] water wrote 30 bytes to ecology
[dna] water wrote 42 bytes to ecology
[dna] water wrote 54 bytes to ecology
[dna] water wrote 137 bytes to ecology
[dna] water wrote 31 bytes to ecology
[dna] water wrote 22 bytes to ecology
[dna] water wrote 42 bytes to ecology
[dna] water wrote 146 bytes to ecology
[dna] water wrote 176 bytes to ecology
[dna] water wrote 76 bytes to ecology
[dna] water wrote 33 bytes to ecology
[dna] water wrote 37 bytes to ecology
[dna] water wrote 71 bytes to ecology
[dna] water wrote 56 bytes to ecology
[dna] water wrote 105 bytes to ecology
[dna] water wrote 28 bytes to ecology
[dna] water wrote 67 bytes to ecology
[dna] water wrote 67 bytes to ecology
[dna] water wrote 86 bytes to ecology
[dna] water wrote 30 bytes to ecology
[dna] water wrote 55 bytes to ecology
[dna] water wrote 47 bytes to ecology
[dna] water wrote 90 bytes to ecology
[dna] water wrote 98 bytes to ecology
[dna] water wrote 105 bytes to ecology
[dna] water wrote 119 bytes to ecology
[dna] water wrote 44 bytes to ecology
[dna] water wrote 29 bytes to ecology
[dna] water wrote 81 bytes to ecology
[dna] water wrote 35 bytes to ecology
[dna] water wrote 48 bytes to ecology
[dna] water wrote 107 bytes to ecology
[dna] water wrote 39 bytes to ecology
[debug-onto] tick=250 corpus=147710 stage=2 freeze=0
[dna] water wrote 40 bytes to ecology
[dna] water wrote 57 bytes to ecology
[dna] water wrote 70 bytes to ecology
[dna] water wrote 90 bytes to ecology
[dna] water wrote 82 bytes to ecology
[dna] water wrote 35 bytes to ecology
[dna] water wrote 33 bytes to ecology
[dna] water wrote 72 bytes to ecology
[dna] water wrote 66 bytes to ecology
[dna] water wrote 44 bytes to ecology
[dna] water wrote 20 bytes to ecology
[dna] water wrote 81 bytes to ecology
[dna] water wrote 137 bytes to ecology
[dna] water wrote 26 bytes to ecology
[dna] water wrote 59 bytes to ecology
[dna] water wrote 54 bytes to ecology
[dna] water wrote 174 bytes to ecology
[dna] water wrote 158 bytes to ecology
[dna] water wrote 60 bytes to ecology
[dna] water wrote 69 bytes to ecology
[dna] water wrote 32 bytes to ecology
[dna] water wrote 41 bytes to ecology
[dna] water wrote 71 bytes to ecology
[dna] water wrote 84 bytes to ecology
[dna] water wrote 58 bytes to ecology
[dna] water wrote 98 bytes to ecology
[dna] water wrote 20 bytes to ecology
[dna] water wrote 68 bytes to ecology
[dna] water wrote 71 bytes to ecology
[dna] water wrote 37 bytes to ecology
[dna] water wrote 56 bytes to ecology
[dna] water wrote 37 bytes to ecology
[debug-onto] tick=300 corpus=147710 stage=2 freeze=0
[dna] water wrote 115 bytes to ecology
[dna] water wrote 56 bytes to ecology
[dna] water wrote 24 bytes to ecology
[dna] water wrote 68 bytes to ecology
[dna] water wrote 60 bytes to ecology
[dna] water wrote 63 bytes to ecology
[dna] water wrote 53 bytes to ecology
[dna] water wrote 37 bytes to ecology
[dna] water wrote 60 bytes to ecology
[dna] water wrote 35 bytes to ecology
[dna] water wrote 46 bytes to ecology
[dna] water wrote 59 bytes to ecology
[dna] water wrote 154 bytes to ecology
[dna] water wrote 47 bytes to ecology
[dna] water wrote 78 bytes to ecology
[dna] water wrote 56 bytes to ecology
[dna] water wrote 66 bytes to ecology
[dna] water wrote 107 bytes to ecology
[dna] water wrote 81 bytes to ecology
[dna] water wrote 86 bytes to ecology
[dna] water wrote 46 bytes to ecology
[dna] water wrote 48 bytes to ecology
[dna] water wrote 66 bytes to ecology
[dna] water wrote 27 bytes to ecology
[dna] water wrote 108 bytes to ecology
[dna] water wrote 93 bytes to ecology
[dna] water wrote 59 bytes to ecology
[dna] water wrote 37 bytes to ecology
[dna] water wrote 81 bytes to ecology
[dna] water wrote 13 bytes to ecology
[dna] water wrote 52 bytes to ecology
[dna] water wrote 83 bytes to ecology
[dna] water wrote 43 bytes to ecology
[dna] water wrote 17 bytes to ecology
[debug-onto] tick=350 corpus=147710 stage=2 freeze=0
[dna] water wrote 32 bytes to ecology
[dna] water wrote 61 bytes to ecology
[dna] water wrote 52 bytes to ecology
[dna] water wrote 40 bytes to ecology
[dna] water wrote 49 bytes to ecology
[dna] water wrote 39 bytes to ecology
[dna] water wrote 12 bytes to ecology
[dna] water wrote 49 bytes to ecology
[dna] water wrote 66 bytes to ecology
[dna] water wrote 19 bytes to ecology
[dna] water wrote 92 bytes to ecology
[dna] water wrote 30 bytes to ecology
[dna] water wrote 36 bytes to ecology
[dna] water wrote 64 bytes to ecology
[dna] water wrote 178 bytes to ecology
[dna] water wrote 58 bytes to ecology
[dna] water wrote 30 bytes to ecology
[dna] water wrote 35 bytes to ecology
[dna] water wrote 42 bytes to ecology
[dna] water wrote 12 bytes to ecology
[dna] water wrote 51 bytes to ecology
[dna] water wrote 102 bytes to ecology
[dna] water wrote 47 bytes to ecology
[dna] water wrote 45 bytes to ecology
[dna] water wrote 167 bytes to ecology
[dna] water wrote 29 bytes to ecology
[dna] water wrote 46 bytes to ecology
[dna] water wrote 50 bytes to ecology
[dna] water wrote 28 bytes to ecology
[dna] water wrote 52 bytes to ecology
[dna] water wrote 66 bytes to ecology
[dna] water wrote 62 bytes to ecology
[dna] water wrote 31 bytes to ecology
[dna] water wrote 58 bytes to ecology
[debug-onto] tick=400 corpus=147710 stage=2 freeze=0
[dna] water wrote 89 bytes to ecology
[dna] water wrote 126 bytes to ecology
[dna] water wrote 88 bytes to ecology
[dna] water wrote 58 bytes to ecology
[dna] water wrote 135 bytes to ecology
[dna] water wrote 35 bytes to ecology
[dna] water wrote 58 bytes to ecology
[dna] water wrote 30 bytes to ecology
[dna] water wrote 109 bytes to ecology
[dna] water wrote 11 bytes to ecology
[dna] water wrote 50 bytes to ecology
[dna] water wrote 87 bytes to ecology
[dna] water wrote 76 bytes to ecology
[dna] water wrote 50 bytes to ecology
[dna] water wrote 43 bytes to ecology
[dna] water wrote 69 bytes to ecology
[dna] water wrote 80 bytes to ecology
[dna] water wrote 85 bytes to ecology
[dna] water wrote 151 bytes to ecology
[dna] water wrote 45 bytes to ecology
[dna] water wrote 40 bytes to ecology
[dna] water wrote 79 bytes to ecology
[dna] water wrote 26 bytes to ecology
[dna] water wrote 67 bytes to ecology
[dna] water wrote 36 bytes to ecology
[dna] water wrote 43 bytes to ecology
[dna] water wrote 136 bytes to ecology
[dna] water wrote 55 bytes to ecology
[dna] water wrote 97 bytes to ecology
[dna] water wrote 73 bytes to ecology
[dna] water wrote 32 bytes to ecology
[dna] water wrote 51 bytes to ecology
[debug-onto] tick=450 corpus=147710 stage=2 freeze=0
[dna] water wrote 31 bytes to ecology
[dna] water wrote 55 bytes to ecology
[dna] water wrote 47 bytes to ecology
[dna] water wrote 87 bytes to ecology
[dna] water wrote 92 bytes to ecology
[dna] water wrote 112 bytes to ecology
[dna] water wrote 89 bytes to ecology
[dna] water wrote 43 bytes to ecology
[dna] water wrote 62 bytes to ecology
[dna] water wrote 36 bytes to ecology
[dna] water wrote 182 bytes to ecology
[dna] water wrote 61 bytes to ecology
[dna] water wrote 84 bytes to ecology
[dna] water wrote 61 bytes to ecology
[dna] water wrote 57 bytes to ecology
[dna] water wrote 36 bytes to ecology
[dna] water wrote 49 bytes to ecology
[dna] water wrote 100 bytes to ecology
[dna] water wrote 37 bytes to ecology
[dna] water wrote 102 bytes to ecology
[dna] water wrote 66 bytes to ecology
[dna] water wrote 91 bytes to ecology
[dna] water wrote 34 bytes to ecology
[dna] water wrote 179 bytes to ecology
[dna] water wrote 152 bytes to ecology
[dna] water wrote 15 bytes to ecology
[dna] water wrote 84 bytes to ecology
[dna] water wrote 32 bytes to ecology
[dna] water wrote 15 bytes to ecology
[dna] water wrote 48 bytes to ecology
[dna] water wrote 119 bytes to ecology
[dna] water wrote 151 bytes to ecology
[dna] water wrote 66 bytes to ecology
[dna] water wrote 53 bytes to ecology
[debug-onto] tick=500 corpus=147710 stage=2 freeze=0
[dna] water wrote 27 bytes to ecology
[dna] water wrote 79 bytes to ecology
[dna] water wrote 34 bytes to ecology
[dna] water wrote 68 bytes to ecology
[dna] water wrote 34 bytes to ecology
[dna] water wrote 128 bytes to ecology
[dna] water wrote 57 bytes to ecology
[dna] water wrote 41 bytes to ecology
[dna] water wrote 41 bytes to ecology
[dna] water wrote 23 bytes to ecology
[dna] water wrote 59 bytes to ecology
[dna] water wrote 30 bytes to ecology
[dna] water wrote 111 bytes to ecology
[dna] water wrote 64 bytes to ecology
[dna] water wrote 107 bytes to ecology
[dna] water wrote 31 bytes to ecology
[dna] water wrote 54 bytes to ecology
[dna] water wrote 124 bytes to ecology
[dna] water wrote 40 bytes to ecology
[dna] water wrote 40 bytes to ecology
[dna] water wrote 32 bytes to ecology
[dna] water wrote 69 bytes to ecology
[dna] water wrote 70 bytes to ecology
[dna] water wrote 27 bytes to ecology
[dna] water wrote 102 bytes to ecology
[dna] water wrote 73 bytes to ecology
[dna] water wrote 69 bytes to ecology
[dna] water wrote 62 bytes to ecology
[dna] water wrote 40 bytes to ecology
[dna] water wrote 61 bytes to ecology
[dna] water wrote 32 bytes to ecology
[dna] water wrote 29 bytes to ecology
[dna] water wrote 220 bytes to ecology
[dna] water wrote 58 bytes to ecology
[debug-onto] tick=550 corpus=147710 stage=2 freeze=0
[dna] water wrote 62 bytes to ecology
[dna] water wrote 54 bytes to ecology
[dna] water wrote 70 bytes to ecology
[dna] water wrote 34 bytes to ecology
[dna] water wrote 36 bytes to ecology
[dna] water wrote 36 bytes to ecology
[dna] water wrote 127 bytes to ecology
[dna] water wrote 42 bytes to ecology
[dna] water wrote 51 bytes to ecology
[dna] water wrote 32 bytes to ecology
[dna] water wrote 39 bytes to ecology
[dna] water wrote 58 bytes to ecology
[dna] water wrote 93 bytes to ecology
[dna] water wrote 32 bytes to ecology
[dna] water wrote 37 bytes to ecology
[dna] water wrote 144 bytes to ecology
[dna] water wrote 150 bytes to ecology
[dna] water wrote 37 bytes to ecology
[dna] water wrote 25 bytes to ecology
[dna] water wrote 86 bytes to ecology
[dna] water wrote 43 bytes to ecology
[dna] water wrote 76 bytes to ecology
[dna] water wrote 72 bytes to ecology
[dna] water wrote 70 bytes to ecology
[dna] water wrote 47 bytes to ecology
[dna] water wrote 132 bytes to ecology
[dna] water wrote 30 bytes to ecology
[dna] water wrote 43 bytes to ecology
[dna] water wrote 65 bytes to ecology

[evolution] Organism shutting down gracefully.
