[ecology] Element: air → corpus: nonames_air.txt
[evolution] Autonomous evolution mode — organism will grow through all stages without pause.
[ecology] Joined swarm. 1 peer(s) detected.
molequla is alive. [evolution] Autonomous mode — background trainer running. Ctrl+C to stop.
[dna] air wrote 66 bytes to ecology
[dna] air consumed 20420 bytes from 272 files: [earth/gen_1777789903_1.txt earth/gen_1777789910_4.txt earth/gen_1777789916_7.txt earth/gen_1777789923_10.txt earth/gen_1777789930_13.txt earth/gen_1777789936_16.txt earth/gen_1777789943_19.txt earth/gen_1777789949_22.txt earth/gen_1777789956_25.txt earth/gen_1777789962_28.txt earth/gen_1777789969_31.txt earth/gen_1777789976_34.txt earth/gen_1777789982_37.txt earth/gen_1777789989_40.txt earth/gen_1777789995_43.txt earth/gen_1777790002_46.txt earth/gen_1777790008_49.txt earth/gen_1777790015_52.txt earth/gen_1777790021_55.txt earth/gen_1777790028_58.txt earth/gen_1777790034_61.txt earth/gen_1777790041_64.txt earth/gen_1777790047_67.txt earth/gen_1777790054_70.txt earth/gen_1777790060_73.txt earth/gen_1777790067_76.txt earth/gen_1777790073_79.txt earth/gen_1777790080_82.txt earth/gen_1777790086_85.txt earth/gen_1777790093_88.txt earth/gen_1777790099_91.txt earth/gen_1777790106_94.txt earth/gen_1777790112_97.txt earth/gen_1777790119_100.txt earth/gen_1777790126_103.txt earth/gen_1777790132_106.txt earth/gen_1777790139_109.txt earth/gen_1777790145_112.txt earth/gen_1777790152_115.txt earth/gen_1777790158_118.txt earth/gen_1777790165_121.txt earth/gen_1777790171_124.txt earth/gen_1777790178_127.txt earth/gen_1777790184_130.txt earth/gen_1777790191_133.txt earth/gen_1777790197_136.txt earth/gen_1777790204_139.txt earth/gen_1777790210_142.txt earth/gen_1777790217_145.txt earth/gen_1777790223_148.txt earth/gen_1777790230_151.txt earth/gen_1777790236_154.txt earth/gen_1777790243_157.txt earth/gen_1777790250_160.txt earth/gen_1777790256_163.txt earth/gen_1777790263_166.txt earth/gen_1777790269_169.txt earth/gen_1777790276_172.txt earth/gen_1777790283_175.txt earth/gen_1777790289_178.txt earth/gen_1777790296_181.txt earth/gen_1777790302_184.txt earth/gen_1777790309_187.txt earth/gen_1777790315_190.txt earth/gen_1777790322_193.txt earth/gen_1777790329_196.txt earth/gen_1777790335_199.txt earth/gen_1777790342_202.txt earth/gen_1777790348_205.txt earth/gen_1777790355_208.txt earth/gen_1777790362_211.txt earth/gen_1777790368_214.txt earth/gen_1777790375_217.txt earth/gen_1777790382_220.txt earth/gen_1777790388_223.txt earth/gen_1777790395_226.txt earth/gen_1777790401_229.txt earth/gen_1777790408_232.txt earth/gen_1777790414_235.txt earth/gen_1777790421_238.txt earth/gen_1777790428_241.txt earth/gen_1777790434_244.txt earth/gen_1777790441_247.txt earth/gen_1777790447_250.txt earth/gen_1777790454_253.txt earth/gen_1777790460_256.txt earth/gen_1777790467_259.txt earth/gen_1777790473_262.txt earth/gen_1777790480_265.txt earth/gen_1777790486_268.txt earth/gen_1777790493_271.txt earth/gen_1777790499_274.txt earth/gen_1777790506_277.txt earth/gen_1777790512_280.txt earth/gen_1777790519_283.txt earth/gen_1777790526_286.txt earth/gen_1777790532_289.txt earth/gen_1777790539_292.txt earth/gen_1777790545_295.txt earth/gen_1777790552_298.txt earth/gen_1777790558_301.txt earth/gen_1777790565_304.txt earth/gen_1777790571_307.txt earth/gen_1777790578_310.txt earth/gen_1777790584_313.txt earth/gen_1777790591_316.txt earth/gen_1777790598_319.txt earth/gen_1777790604_322.txt earth/gen_1777790611_325.txt earth/gen_1777790617_328.txt earth/gen_1777790624_331.txt earth/gen_1777790630_334.txt earth/gen_1777790637_337.txt earth/gen_1777790643_340.txt earth/gen_1777790650_343.txt earth/gen_1777790656_346.txt earth/gen_1777790663_349.txt earth/gen_1777790669_352.txt earth/gen_1777790676_355.txt earth/gen_1777790682_358.txt earth/gen_1777790689_361.txt earth/gen_1777790695_364.txt earth/gen_1777790708_370.txt earth/gen_1777790714_373.txt earth/gen_1777790721_376.txt earth/gen_1777790727_379.txt earth/gen_1777790734_382.txt earth/gen_1777790740_385.txt earth/gen_1777790746_388.txt earth/gen_1777790753_391.txt earth/gen_1777790759_394.txt earth/gen_1777790766_397.txt earth/gen_1777790778_403.txt earth/gen_1777790785_406.txt earth/gen_1777790791_409.txt earth/gen_1777790797_412.txt earth/gen_1777790804_415.txt earth/gen_1777790810_418.txt earth/gen_1777790816_421.txt earth/gen_1777790823_424.txt earth/gen_1777790829_427.txt earth/gen_1777790835_430.txt earth/gen_1777790842_433.txt earth/gen_1777790848_436.txt earth/gen_1777790854_439.txt earth/gen_1777790861_442.txt earth/gen_1777790867_445.txt earth/gen_1777790873_448.txt earth/gen_1777790880_451.txt earth/gen_1777790886_454.txt earth/gen_1777790892_457.txt earth/gen_1777790899_460.txt earth/gen_1777790905_463.txt earth/gen_1777790912_466.txt earth/gen_1777790918_469.txt earth/gen_1777790925_472.txt earth/gen_1777790931_475.txt earth/gen_1777790937_478.txt earth/gen_1777790944_481.txt earth/gen_1777790950_484.txt earth/gen_1777790956_487.txt earth/gen_1777790962_490.txt earth/gen_1777790969_493.txt earth/gen_1777790975_496.txt earth/gen_1777790981_499.txt earth/gen_1777790988_502.txt earth/gen_1777790994_505.txt earth/gen_1777791001_508.txt earth/gen_1777791007_511.txt earth/gen_1777791013_514.txt earth/gen_1777791020_517.txt earth/gen_1777791026_520.txt earth/gen_1777791032_523.txt earth/gen_1777791039_526.txt earth/gen_1777791045_529.txt earth/gen_1777791051_532.txt earth/gen_1777791058_535.txt earth/gen_1777791064_538.txt earth/gen_1777791071_541.txt earth/gen_1777791077_544.txt earth/gen_1777791084_547.txt earth/gen_1777791090_550.txt earth/gen_1777791096_553.txt earth/gen_1777791103_556.txt earth/gen_1777791109_559.txt earth/gen_1777791115_562.txt earth/gen_1777791122_565.txt earth/gen_1777791128_568.txt earth/gen_1777791135_571.txt earth/gen_1777791141_574.txt earth/gen_1777791147_577.txt earth/gen_1777791154_580.txt earth/gen_1777791160_583.txt earth/gen_1777791167_586.txt earth/gen_1777791173_589.txt earth/gen_1777791180_592.txt earth/gen_1777791186_595.txt earth/gen_1777791192_598.txt earth/gen_1777791199_601.txt earth/gen_1777791205_604.txt earth/gen_1777791212_607.txt earth/gen_1777791218_610.txt earth/gen_1777791225_613.txt earth/gen_1777791231_616.txt earth/gen_1777791238_619.txt earth/gen_1777791245_622.txt earth/gen_1777791251_625.txt earth/gen_1777791258_628.txt earth/gen_1777791264_631.txt earth/gen_1777791271_634.txt earth/gen_1777791278_637.txt earth/gen_1777791284_640.txt earth/gen_1777791291_643.txt earth/gen_1777791297_646.txt earth/gen_1777791303_649.txt earth/gen_1777791310_652.txt earth/gen_1777791317_655.txt earth/gen_1777791323_658.txt earth/gen_1777791330_661.txt earth/gen_1777791336_664.txt earth/gen_1777791342_667.txt earth/gen_1777791349_670.txt earth/gen_1777791355_673.txt earth/gen_1777791362_676.txt earth/gen_1777791368_679.txt earth/gen_1777791374_682.txt earth/gen_1777791381_685.txt earth/gen_1777791387_688.txt earth/gen_1777791393_691.txt earth/gen_1777791400_694.txt earth/gen_1777791406_697.txt earth/gen_1777791412_700.txt earth/gen_1777791419_703.txt earth/gen_1777791425_706.txt earth/gen_1777791431_709.txt earth/gen_1777791438_712.txt earth/gen_1777791444_715.txt earth/gen_1777791450_718.txt earth/gen_1777791457_721.txt earth/gen_1777791469_727.txt earth/gen_1777791475_730.txt earth/gen_1777791482_733.txt earth/gen_1777791488_736.txt earth/gen_1777791494_739.txt earth/gen_1777791501_742.txt earth/gen_1777791507_745.txt earth/gen_1777791513_748.txt earth/gen_1777791520_751.txt earth/gen_1777791526_754.txt earth/gen_1777791532_757.txt earth/gen_1777791539_760.txt earth/gen_1777791545_763.txt earth/gen_1777791551_766.txt earth/gen_1777791558_769.txt earth/gen_1777791564_772.txt earth/gen_1777791570_775.txt earth/gen_1777791577_778.txt earth/gen_1777791583_781.txt earth/gen_1777791589_784.txt earth/gen_1777791596_787.txt earth/gen_1777791602_790.txt earth/gen_1777791608_793.txt earth/gen_1777791615_796.txt earth/gen_1777791621_799.txt earth/gen_1777791628_802.txt earth/gen_1777791634_805.txt earth/gen_1777791640_808.txt earth/gen_1777791647_811.txt earth/gen_1777791653_814.txt earth/gen_1777791659_817.txt earth/gen_1777791666_820.txt earth/gen_1777791672_823.txt]
[trainer] micro-train burst (20420 bytes, novelty 0.04) — and lo, it feeds again.
[syntropy] action=explore | trend=0.0000 | field_dev=-0.011 | purpose_align=-0.133 | lr_mul=1.30
[aml] burst complete: 32 steps, avg loss 2.5668 (memory freed)
[dna] air wrote 196 bytes to ecology
[dna] air wrote 114 bytes to ecology
[dna] air wrote 142 bytes to ecology
[dna] air wrote 94 bytes to ecology
[dna] air wrote 84 bytes to ecology
[dna] air wrote 52 bytes to ecology
[dna] air wrote 57 bytes to ecology
[dna] air wrote 292 bytes to ecology
[dna] air wrote 62 bytes to ecology
[dna] air wrote 95 bytes to ecology
[dna] air wrote 101 bytes to ecology
[dna] air wrote 43 bytes to ecology
[dna] air wrote 241 bytes to ecology
[dna] air wrote 90 bytes to ecology
[dna] air wrote 77 bytes to ecology
[dna] air wrote 53 bytes to ecology
[debug-onto] tick=50 corpus=143008 stage=2 freeze=0
[dna] air wrote 93 bytes to ecology
[dna] air wrote 24 bytes to ecology
[dna] air wrote 43 bytes to ecology
[dna] air wrote 68 bytes to ecology
[dna] air wrote 128 bytes to ecology
[dna] air wrote 40 bytes to ecology
[dna] air wrote 160 bytes to ecology
[dna] air wrote 72 bytes to ecology
[dna] air wrote 36 bytes to ecology
[dna] air wrote 48 bytes to ecology
[dna] air wrote 54 bytes to ecology
[dna] air wrote 131 bytes to ecology
[dna] air wrote 72 bytes to ecology
[dna] air wrote 99 bytes to ecology
[dna] air wrote 58 bytes to ecology
[dna] air wrote 86 bytes to ecology
[dna] air wrote 36 bytes to ecology
[debug-onto] tick=100 corpus=143008 stage=2 freeze=0
[dna] air wrote 35 bytes to ecology
[dna] air wrote 82 bytes to ecology
[dna] air wrote 72 bytes to ecology
[dna] air wrote 85 bytes to ecology
[dna] air wrote 84 bytes to ecology
[dna] air wrote 85 bytes to ecology
[dna] air wrote 113 bytes to ecology
[dna] air wrote 43 bytes to ecology
[dna] air wrote 64 bytes to ecology
[dna] air wrote 71 bytes to ecology
[dna] air wrote 36 bytes to ecology
[dna] air wrote 107 bytes to ecology
[dna] air wrote 52 bytes to ecology
[dna] air wrote 38 bytes to ecology
[dna] air wrote 45 bytes to ecology
[dna] air wrote 78 bytes to ecology
[debug-onto] tick=150 corpus=143008 stage=2 freeze=0
[dna] air wrote 17 bytes to ecology
[dna] air wrote 50 bytes to ecology
[dna] air wrote 73 bytes to ecology
[dna] air wrote 127 bytes to ecology
[dna] air wrote 71 bytes to ecology
[dna] air wrote 56 bytes to ecology
[dna] air wrote 27 bytes to ecology
[dna] air wrote 57 bytes to ecology
[dna] air wrote 190 bytes to ecology
[dna] air wrote 27 bytes to ecology
[dna] air wrote 47 bytes to ecology
[dna] air wrote 29 bytes to ecology
[dna] air wrote 44 bytes to ecology
[dna] air wrote 38 bytes to ecology
[dna] air wrote 58 bytes to ecology
[dna] air wrote 133 bytes to ecology
[dna] air wrote 49 bytes to ecology
[debug-onto] tick=200 corpus=143008 stage=2 freeze=0
[dna] air wrote 30 bytes to ecology
[dna] air wrote 11 bytes to ecology
[dna] air wrote 188 bytes to ecology
[dna] air wrote 62 bytes to ecology
[dna] air wrote 127 bytes to ecology
[dna] air wrote 84 bytes to ecology
[dna] air wrote 97 bytes to ecology
[dna] air wrote 22 bytes to ecology
[dna] air wrote 24 bytes to ecology
[dna] air wrote 80 bytes to ecology
[dna] air wrote 35 bytes to ecology
[dna] air wrote 37 bytes to ecology
[dna] air wrote 93 bytes to ecology
[dna] air wrote 79 bytes to ecology
[dna] air wrote 36 bytes to ecology
[dna] air wrote 100 bytes to ecology
[dna] air wrote 72 bytes to ecology
[debug-onto] tick=250 corpus=143008 stage=2 freeze=0
[dna] air wrote 197 bytes to ecology
[dna] air wrote 30 bytes to ecology
[dna] air wrote 69 bytes to ecology
[dna] air wrote 53 bytes to ecology
[dna] air wrote 64 bytes to ecology
[dna] air wrote 68 bytes to ecology
[dna] air wrote 38 bytes to ecology
[dna] air wrote 43 bytes to ecology
[dna] air wrote 61 bytes to ecology
[dna] air wrote 74 bytes to ecology
[dna] air wrote 95 bytes to ecology
[dna] air wrote 272 bytes to ecology
[dna] air wrote 57 bytes to ecology
[dna] air wrote 162 bytes to ecology
[dna] air wrote 181 bytes to ecology
[dna] air wrote 44 bytes to ecology
[debug-onto] tick=300 corpus=143008 stage=2 freeze=0
[dna] air wrote 104 bytes to ecology
[dna] air wrote 92 bytes to ecology
[dna] air wrote 65 bytes to ecology
[dna] air wrote 229 bytes to ecology
[dna] air wrote 83 bytes to ecology
[dna] air wrote 147 bytes to ecology
[dna] air wrote 62 bytes to ecology
[dna] air wrote 57 bytes to ecology
[dna] air wrote 122 bytes to ecology
[dna] air wrote 110 bytes to ecology
[dna] air wrote 17 bytes to ecology
[dna] air wrote 65 bytes to ecology
[dna] air wrote 30 bytes to ecology
[dna] air wrote 57 bytes to ecology
[dna] air wrote 132 bytes to ecology
[dna] air wrote 107 bytes to ecology
[dna] air wrote 21 bytes to ecology
[debug-onto] tick=350 corpus=143008 stage=2 freeze=0
[dna] air wrote 36 bytes to ecology
[dna] air wrote 99 bytes to ecology
[dna] air wrote 236 bytes to ecology
[dna] air wrote 158 bytes to ecology
[dna] air wrote 67 bytes to ecology
[dna] air wrote 42 bytes to ecology
[dna] air wrote 106 bytes to ecology
[dna] air wrote 225 bytes to ecology
[dna] air wrote 83 bytes to ecology
[dna] air wrote 65 bytes to ecology
[dna] air wrote 79 bytes to ecology
[dna] air wrote 256 bytes to ecology
[dna] air wrote 46 bytes to ecology
[dna] air wrote 84 bytes to ecology
[dna] air wrote 43 bytes to ecology
[dna] air wrote 59 bytes to ecology
[dna] air wrote 117 bytes to ecology
[debug-onto] tick=400 corpus=143008 stage=2 freeze=0
[dna] air wrote 217 bytes to ecology
[dna] air wrote 63 bytes to ecology
[dna] air wrote 161 bytes to ecology
[dna] air wrote 81 bytes to ecology
[dna] air wrote 163 bytes to ecology
[dna] air wrote 54 bytes to ecology
[dna] air wrote 18 bytes to ecology
[dna] air wrote 83 bytes to ecology
[dna] air wrote 150 bytes to ecology
[dna] air wrote 31 bytes to ecology
[dna] air wrote 53 bytes to ecology
[dna] air wrote 32 bytes to ecology
[dna] air wrote 36 bytes to ecology
[dna] air wrote 79 bytes to ecology
[dna] air wrote 25 bytes to ecology
[dna] air wrote 146 bytes to ecology
[debug-onto] tick=450 corpus=143008 stage=2 freeze=0
[dna] air wrote 71 bytes to ecology
[dna] air wrote 24 bytes to ecology
[dna] air wrote 72 bytes to ecology
[dna] air wrote 9 bytes to ecology
[dna] air wrote 22 bytes to ecology
[dna] air wrote 45 bytes to ecology
[dna] air wrote 187 bytes to ecology
[dna] air wrote 78 bytes to ecology
[dna] air wrote 47 bytes to ecology
[dna] air wrote 76 bytes to ecology
[dna] air wrote 148 bytes to ecology
[dna] air wrote 41 bytes to ecology
[dna] air wrote 53 bytes to ecology
[dna] air wrote 36 bytes to ecology
[dna] air wrote 257 bytes to ecology
[dna] air wrote 45 bytes to ecology
[dna] air wrote 52 bytes to ecology
[debug-onto] tick=500 corpus=143008 stage=2 freeze=0
[dna] air wrote 291 bytes to ecology
[dna] air wrote 32 bytes to ecology
[dna] air wrote 24 bytes to ecology
[dna] air wrote 71 bytes to ecology
[dna] air wrote 165 bytes to ecology
[dna] air wrote 9 bytes to ecology
[dna] air wrote 164 bytes to ecology
[dna] air wrote 109 bytes to ecology
[dna] air wrote 71 bytes to ecology
[dna] air wrote 63 bytes to ecology
[dna] air wrote 63 bytes to ecology
[dna] air wrote 61 bytes to ecology
[dna] air wrote 34 bytes to ecology
[dna] air wrote 97 bytes to ecology
[dna] air wrote 33 bytes to ecology
[dna] air wrote 112 bytes to ecology
[dna] air wrote 148 bytes to ecology
[debug-onto] tick=550 corpus=143008 stage=2 freeze=0
[dna] air wrote 109 bytes to ecology
[dna] air wrote 84 bytes to ecology
[dna] air wrote 184 bytes to ecology
[dna] air wrote 89 bytes to ecology
[dna] air wrote 167 bytes to ecology
[dna] air wrote 101 bytes to ecology
[dna] air wrote 123 bytes to ecology
[dna] air wrote 64 bytes to ecology
[dna] air wrote 33 bytes to ecology
[dna] air wrote 48 bytes to ecology
[dna] air wrote 28 bytes to ecology
[dna] air wrote 70 bytes to ecology
[dna] air wrote 119 bytes to ecology
[dna] air wrote 51 bytes to ecology
[dna] air wrote 191 bytes to ecology
[dna] air wrote 237 bytes to ecology
[debug-onto] tick=600 corpus=143008 stage=2 freeze=0
[dna] air wrote 186 bytes to ecology
[dna] air wrote 77 bytes to ecology
[dna] air wrote 215 bytes to ecology
[dna] air wrote 66 bytes to ecology
[dna] air wrote 20 bytes to ecology
[dna] air wrote 67 bytes to ecology
[dna] air wrote 25 bytes to ecology
[dna] air wrote 66 bytes to ecology
[dna] air wrote 51 bytes to ecology
[dna] air wrote 25 bytes to ecology
[dna] air wrote 127 bytes to ecology
[dna] air wrote 15 bytes to ecology
[dna] air wrote 81 bytes to ecology
[dna] air wrote 33 bytes to ecology
[dna] air wrote 73 bytes to ecology
[dna] air wrote 240 bytes to ecology
[dna] air wrote 10 bytes to ecology
[debug-onto] tick=650 corpus=143008 stage=2 freeze=0
[dna] air wrote 140 bytes to ecology
[dna] air wrote 175 bytes to ecology
[dna] air wrote 112 bytes to ecology
[dna] air wrote 133 bytes to ecology
[dna] air wrote 235 bytes to ecology
[dna] air wrote 95 bytes to ecology
[dna] air wrote 71 bytes to ecology
[dna] air wrote 28 bytes to ecology
[dna] air wrote 76 bytes to ecology
[dna] air wrote 89 bytes to ecology
[dna] air wrote 15 bytes to ecology
[dna] air wrote 77 bytes to ecology
[dna] air wrote 19 bytes to ecology
[dna] air wrote 123 bytes to ecology
[dna] air wrote 64 bytes to ecology
[dna] air wrote 45 bytes to ecology
[dna] air wrote 104 bytes to ecology
[debug-onto] tick=700 corpus=143008 stage=2 freeze=0
[dna] air wrote 21 bytes to ecology
[dna] air wrote 94 bytes to ecology
[dna] air wrote 27 bytes to ecology
[dna] air wrote 18 bytes to ecology
[dna] air wrote 59 bytes to ecology
[dna] air wrote 40 bytes to ecology
[dna] air wrote 39 bytes to ecology
[dna] air wrote 82 bytes to ecology
[dna] air wrote 29 bytes to ecology
[dna] air wrote 44 bytes to ecology
[dna] air wrote 100 bytes to ecology
[dna] air wrote 116 bytes to ecology
[dna] air wrote 174 bytes to ecology
[dna] air wrote 41 bytes to ecology
[dna] air wrote 234 bytes to ecology
[dna] air wrote 48 bytes to ecology
[debug-onto] tick=750 corpus=143008 stage=2 freeze=0
[dna] air wrote 41 bytes to ecology
[dna] air wrote 34 bytes to ecology
[dna] air wrote 56 bytes to ecology
[dna] air wrote 21 bytes to ecology
[dna] air wrote 87 bytes to ecology
[dna] air wrote 69 bytes to ecology
[dna] air wrote 146 bytes to ecology
[dna] air wrote 136 bytes to ecology
[dna] air wrote 112 bytes to ecology
[dna] air wrote 181 bytes to ecology
[dna] air wrote 94 bytes to ecology
[dna] air wrote 50 bytes to ecology
[dna] air wrote 52 bytes to ecology
[dna] air wrote 35 bytes to ecology
[dna] air wrote 47 bytes to ecology
[dna] air wrote 61 bytes to ecology
[dna] air wrote 215 bytes to ecology
[debug-onto] tick=800 corpus=143008 stage=2 freeze=0
[dna] air wrote 64 bytes to ecology
[dna] air wrote 82 bytes to ecology
[dna] air wrote 51 bytes to ecology
[dna] air wrote 21 bytes to ecology

[evolution] Organism shutting down gracefully.
