[ecology] Element: fire → corpus: nonames_fire.txt
[evolution] Autonomous evolution mode — organism will grow through all stages without pause.
[ecology] Joined swarm. 1 peer(s) detected.
molequla is alive. [evolution] Autonomous mode — background trainer running. Ctrl+C to stop.
[dna] fire wrote 24 bytes to ecology
[dna] fire consumed 16825 bytes from 247 files: [water/gen_1777793481_1.txt water/gen_1777793496_4.txt water/gen_1777793503_7.txt water/gen_1777793511_10.txt water/gen_1777793518_13.txt water/gen_1777793525_16.txt water/gen_1777793533_19.txt water/gen_1777793540_22.txt water/gen_1777793547_25.txt water/gen_1777793555_28.txt water/gen_1777793562_31.txt water/gen_1777793569_34.txt water/gen_1777793576_37.txt water/gen_1777793584_40.txt water/gen_1777793591_43.txt water/gen_1777793598_46.txt water/gen_1777793605_49.txt water/gen_1777793612_52.txt water/gen_1777793619_55.txt water/gen_1777793627_58.txt water/gen_1777793634_61.txt water/gen_1777793641_64.txt water/gen_1777793648_67.txt water/gen_1777793655_70.txt water/gen_1777793662_73.txt water/gen_1777793669_76.txt water/gen_1777793677_79.txt water/gen_1777793684_82.txt water/gen_1777793691_85.txt water/gen_1777793698_88.txt water/gen_1777793706_91.txt water/gen_1777793713_94.txt water/gen_1777793720_97.txt water/gen_1777793727_100.txt water/gen_1777793734_103.txt water/gen_1777793742_106.txt water/gen_1777793749_109.txt water/gen_1777793756_112.txt water/gen_1777793763_115.txt water/gen_1777793771_118.txt water/gen_1777793778_121.txt water/gen_1777793785_124.txt water/gen_1777793792_127.txt water/gen_1777793799_130.txt water/gen_1777793806_133.txt water/gen_1777793813_136.txt water/gen_1777793821_139.txt water/gen_1777793828_142.txt water/gen_1777793835_145.txt water/gen_1777793842_148.txt water/gen_1777793849_151.txt water/gen_1777793856_154.txt water/gen_1777793864_157.txt water/gen_1777793871_160.txt water/gen_1777793878_163.txt water/gen_1777793885_166.txt water/gen_1777793892_169.txt water/gen_1777793900_172.txt water/gen_1777793907_175.txt water/gen_1777793914_178.txt water/gen_1777793921_181.txt water/gen_1777793929_184.txt water/gen_1777793936_187.txt water/gen_1777793943_190.txt water/gen_1777793950_193.txt water/gen_1777793957_196.txt water/gen_1777793965_199.txt water/gen_1777793972_202.txt water/gen_1777793979_205.txt water/gen_1777793986_208.txt water/gen_1777793994_211.txt water/gen_1777794001_214.txt water/gen_1777794008_217.txt water/gen_1777794015_220.txt water/gen_1777794023_223.txt water/gen_1777794030_226.txt water/gen_1777794037_229.txt water/gen_1777794045_232.txt water/gen_1777794052_235.txt water/gen_1777794059_238.txt water/gen_1777794066_241.txt water/gen_1777794073_244.txt water/gen_1777794081_247.txt water/gen_1777794088_250.txt water/gen_1777794095_253.txt water/gen_1777794102_256.txt water/gen_1777794109_259.txt water/gen_1777794116_262.txt water/gen_1777794124_265.txt water/gen_1777794131_268.txt water/gen_1777794138_271.txt water/gen_1777794145_274.txt water/gen_1777794153_277.txt water/gen_1777794160_280.txt water/gen_1777794167_283.txt water/gen_1777794174_286.txt water/gen_1777794181_289.txt water/gen_1777794188_292.txt water/gen_1777794195_295.txt water/gen_1777794203_298.txt water/gen_1777794210_301.txt water/gen_1777794217_304.txt water/gen_1777794224_307.txt water/gen_1777794231_310.txt water/gen_1777794239_313.txt water/gen_1777794246_316.txt water/gen_1777794253_319.txt water/gen_1777794260_322.txt water/gen_1777794267_325.txt water/gen_1777794275_328.txt water/gen_1777794282_331.txt water/gen_1777794289_334.txt water/gen_1777794296_337.txt water/gen_1777794303_340.txt water/gen_1777794311_343.txt water/gen_1777794318_346.txt water/gen_1777794325_349.txt water/gen_1777794332_352.txt water/gen_1777794340_355.txt water/gen_1777794347_358.txt water/gen_1777794354_361.txt water/gen_1777794361_364.txt water/gen_1777794369_367.txt water/gen_1777794376_370.txt water/gen_1777794383_373.txt water/gen_1777794391_376.txt water/gen_1777794398_379.txt water/gen_1777794405_382.txt water/gen_1777794413_385.txt water/gen_1777794420_388.txt water/gen_1777794428_391.txt water/gen_1777794435_394.txt water/gen_1777794443_397.txt water/gen_1777794450_400.txt water/gen_1777794458_403.txt water/gen_1777794465_406.txt water/gen_1777794473_409.txt water/gen_1777794480_412.txt water/gen_1777794487_415.txt water/gen_1777794495_418.txt water/gen_1777794502_421.txt water/gen_1777794510_424.txt water/gen_1777794517_427.txt water/gen_1777794525_430.txt water/gen_1777794532_433.txt water/gen_1777794539_436.txt water/gen_1777794547_439.txt water/gen_1777794554_442.txt water/gen_1777794562_445.txt water/gen_1777794569_448.txt water/gen_1777794577_451.txt water/gen_1777794584_454.txt water/gen_1777794592_457.txt water/gen_1777794599_460.txt water/gen_1777794607_463.txt water/gen_1777794614_466.txt water/gen_1777794622_469.txt water/gen_1777794629_472.txt water/gen_1777794636_475.txt water/gen_1777794644_478.txt water/gen_1777794651_481.txt water/gen_1777794659_484.txt water/gen_1777794666_487.txt water/gen_1777794674_490.txt water/gen_1777794681_493.txt water/gen_1777794688_496.txt water/gen_1777794696_499.txt water/gen_1777794703_502.txt water/gen_1777794710_505.txt water/gen_1777794718_508.txt water/gen_1777794725_511.txt water/gen_1777794732_514.txt water/gen_1777794739_517.txt water/gen_1777794746_520.txt water/gen_1777794753_523.txt water/gen_1777794761_526.txt water/gen_1777794768_529.txt water/gen_1777794775_532.txt water/gen_1777794782_535.txt water/gen_1777794789_538.txt water/gen_1777794796_541.txt water/gen_1777794804_544.txt water/gen_1777794811_547.txt water/gen_1777794818_550.txt water/gen_1777794826_553.txt water/gen_1777794833_556.txt water/gen_1777794840_559.txt water/gen_1777794847_562.txt water/gen_1777794854_565.txt water/gen_1777794862_568.txt water/gen_1777794869_571.txt water/gen_1777794876_574.txt water/gen_1777794883_577.txt water/gen_1777794890_580.txt water/gen_1777794898_583.txt water/gen_1777794905_586.txt water/gen_1777794912_589.txt water/gen_1777794920_592.txt water/gen_1777794927_595.txt water/gen_1777794934_598.txt water/gen_1777794941_601.txt water/gen_1777794949_604.txt water/gen_1777794956_607.txt water/gen_1777794963_610.txt water/gen_1777794970_613.txt water/gen_1777794977_616.txt water/gen_1777794984_619.txt water/gen_1777794992_622.txt water/gen_1777794999_625.txt water/gen_1777795006_628.txt water/gen_1777795013_631.txt water/gen_1777795020_634.txt water/gen_1777795027_637.txt water/gen_1777795035_640.txt water/gen_1777795042_643.txt water/gen_1777795049_646.txt water/gen_1777795056_649.txt water/gen_1777795063_652.txt water/gen_1777795070_655.txt water/gen_1777795078_658.txt water/gen_1777795085_661.txt water/gen_1777795092_664.txt water/gen_1777795099_667.txt water/gen_1777795107_670.txt water/gen_1777795114_673.txt water/gen_1777795121_676.txt water/gen_1777795128_679.txt water/gen_1777795135_682.txt water/gen_1777795143_685.txt water/gen_1777795150_688.txt water/gen_1777795157_691.txt water/gen_1777795164_694.txt water/gen_1777795172_697.txt water/gen_1777795179_700.txt water/gen_1777795186_703.txt water/gen_1777795193_706.txt water/gen_1777795201_709.txt water/gen_1777795208_712.txt water/gen_1777795215_715.txt water/gen_1777795222_718.txt water/gen_1777795229_721.txt water/gen_1777795237_724.txt water/gen_1777795244_727.txt water/gen_1777795251_730.txt water/gen_1777795258_733.txt water/gen_1777795266_736.txt water/gen_1777795273_739.txt]
[trainer] micro-train burst (16825 bytes, novelty 0.04) — and lo, it feeds again.
[syntropy] action=explore | trend=0.0000 | field_dev=0.095 | purpose_align=-0.110 | lr_mul=1.30
[aml] burst complete: 32 steps, avg loss 1.7165 (memory freed)
[dna] fire wrote 26 bytes to ecology
[dna] fire wrote 122 bytes to ecology
[dna] fire wrote 78 bytes to ecology
[dna] fire wrote 179 bytes to ecology
[dna] fire wrote 55 bytes to ecology
[dna] fire wrote 69 bytes to ecology
[dna] fire wrote 104 bytes to ecology
[dna] fire wrote 30 bytes to ecology
[dna] fire wrote 64 bytes to ecology
[dna] fire wrote 41 bytes to ecology
[dna] fire wrote 89 bytes to ecology
[dna] fire wrote 39 bytes to ecology
[dna] fire wrote 58 bytes to ecology
[dna] fire wrote 92 bytes to ecology
[dna] fire wrote 33 bytes to ecology
[dna] fire wrote 45 bytes to ecology
[debug-onto] tick=50 corpus=138972 stage=2 freeze=0
[dna] fire wrote 123 bytes to ecology
[dna] fire wrote 76 bytes to ecology
[dna] fire wrote 36 bytes to ecology
[dna] fire wrote 45 bytes to ecology
[dna] fire wrote 31 bytes to ecology
[dna] fire wrote 50 bytes to ecology
[dna] fire wrote 84 bytes to ecology
[dna] fire wrote 44 bytes to ecology
[dna] fire wrote 166 bytes to ecology
[dna] fire wrote 32 bytes to ecology
[dna] fire wrote 60 bytes to ecology
[dna] fire wrote 31 bytes to ecology
[dna] fire wrote 77 bytes to ecology
[dna] fire wrote 65 bytes to ecology
[dna] fire wrote 94 bytes to ecology
[dna] fire wrote 54 bytes to ecology
[dna] fire wrote 64 bytes to ecology
[debug-onto] tick=100 corpus=138972 stage=2 freeze=0
[dna] fire wrote 45 bytes to ecology
[dna] fire wrote 82 bytes to ecology
[dna] fire wrote 71 bytes to ecology
[dna] fire wrote 47 bytes to ecology
[dna] fire wrote 22 bytes to ecology
[dna] fire wrote 19 bytes to ecology
[dna] fire wrote 90 bytes to ecology
[dna] fire wrote 62 bytes to ecology
[dna] fire wrote 38 bytes to ecology
[dna] fire wrote 31 bytes to ecology
[dna] fire wrote 35 bytes to ecology
[dna] fire wrote 61 bytes to ecology
[dna] fire wrote 146 bytes to ecology
[dna] fire wrote 75 bytes to ecology
[dna] fire wrote 45 bytes to ecology
[dna] fire wrote 150 bytes to ecology
[debug-onto] tick=150 corpus=138972 stage=2 freeze=0
[dna] fire wrote 65 bytes to ecology
[dna] fire wrote 88 bytes to ecology
[dna] fire wrote 76 bytes to ecology
[dna] fire wrote 81 bytes to ecology
[dna] fire wrote 22 bytes to ecology
[dna] fire wrote 39 bytes to ecology
[dna] fire wrote 146 bytes to ecology
[dna] fire wrote 156 bytes to ecology
[dna] fire wrote 48 bytes to ecology
[dna] fire wrote 38 bytes to ecology
[dna] fire wrote 38 bytes to ecology
[dna] fire wrote 99 bytes to ecology
[dna] fire wrote 59 bytes to ecology
[dna] fire wrote 113 bytes to ecology
[dna] fire wrote 111 bytes to ecology
[dna] fire wrote 69 bytes to ecology
[dna] fire wrote 69 bytes to ecology
[debug-onto] tick=200 corpus=138972 stage=2 freeze=0
[dna] fire wrote 61 bytes to ecology
[dna] fire wrote 68 bytes to ecology
[dna] fire wrote 37 bytes to ecology
[dna] fire wrote 5 bytes to ecology
[dna] fire wrote 24 bytes to ecology
[dna] fire wrote 33 bytes to ecology
[dna] fire wrote 86 bytes to ecology
[dna] fire wrote 74 bytes to ecology
[dna] fire wrote 36 bytes to ecology
[dna] fire wrote 54 bytes to ecology
[dna] fire wrote 119 bytes to ecology
[dna] fire wrote 23 bytes to ecology
[dna] fire wrote 57 bytes to ecology
[dna] fire wrote 79 bytes to ecology
[dna] fire wrote 48 bytes to ecology
[dna] fire wrote 230 bytes to ecology
[dna] fire wrote 27 bytes to ecology
[debug-onto] tick=250 corpus=138972 stage=2 freeze=0
[dna] fire wrote 171 bytes to ecology
[dna] fire wrote 16 bytes to ecology
[dna] fire wrote 102 bytes to ecology
[dna] fire wrote 41 bytes to ecology
[dna] fire wrote 66 bytes to ecology
[dna] fire wrote 23 bytes to ecology
[dna] fire wrote 152 bytes to ecology
[dna] fire wrote 54 bytes to ecology
[dna] fire wrote 129 bytes to ecology
[dna] fire wrote 171 bytes to ecology
[dna] fire wrote 27 bytes to ecology
[dna] fire wrote 83 bytes to ecology
[dna] fire wrote 22 bytes to ecology
[dna] fire wrote 75 bytes to ecology
[dna] fire wrote 90 bytes to ecology
[dna] fire wrote 25 bytes to ecology
[debug-onto] tick=300 corpus=138972 stage=2 freeze=0
[dna] fire wrote 68 bytes to ecology
[dna] fire wrote 52 bytes to ecology
[dna] fire wrote 45 bytes to ecology
[dna] fire wrote 77 bytes to ecology
[dna] fire wrote 66 bytes to ecology
[dna] fire wrote 28 bytes to ecology
[dna] fire wrote 78 bytes to ecology
[dna] fire wrote 8 bytes to ecology
[dna] fire wrote 110 bytes to ecology
[dna] fire wrote 28 bytes to ecology
[dna] fire wrote 32 bytes to ecology
[dna] fire wrote 77 bytes to ecology
[dna] fire wrote 77 bytes to ecology
[dna] fire wrote 67 bytes to ecology
[dna] fire wrote 240 bytes to ecology
[dna] fire wrote 23 bytes to ecology
[dna] fire wrote 55 bytes to ecology
[debug-onto] tick=350 corpus=138972 stage=2 freeze=0
[dna] fire wrote 111 bytes to ecology
[dna] fire wrote 85 bytes to ecology
[dna] fire wrote 38 bytes to ecology
[dna] fire wrote 87 bytes to ecology
[dna] fire wrote 39 bytes to ecology
[dna] fire wrote 53 bytes to ecology
[dna] fire wrote 39 bytes to ecology
[dna] fire wrote 59 bytes to ecology
[dna] fire wrote 66 bytes to ecology
[dna] fire wrote 34 bytes to ecology
[dna] fire wrote 44 bytes to ecology
[dna] fire wrote 63 bytes to ecology
[dna] fire wrote 89 bytes to ecology
[dna] fire wrote 44 bytes to ecology
[dna] fire wrote 70 bytes to ecology
[dna] fire wrote 52 bytes to ecology
[dna] fire wrote 36 bytes to ecology
[debug-onto] tick=400 corpus=138972 stage=2 freeze=0
[dna] fire wrote 31 bytes to ecology
[dna] fire wrote 11 bytes to ecology
[dna] fire wrote 64 bytes to ecology
[dna] fire wrote 53 bytes to ecology
[dna] fire wrote 31 bytes to ecology
[dna] fire wrote 27 bytes to ecology
[dna] fire wrote 33 bytes to ecology
[dna] fire wrote 45 bytes to ecology
[dna] fire wrote 59 bytes to ecology
[dna] fire wrote 35 bytes to ecology
[dna] fire wrote 94 bytes to ecology
[dna] fire wrote 29 bytes to ecology
[dna] fire wrote 47 bytes to ecology
[dna] fire wrote 66 bytes to ecology
[dna] fire wrote 16 bytes to ecology
[dna] fire wrote 26 bytes to ecology
[debug-onto] tick=450 corpus=138972 stage=2 freeze=0
[dna] fire wrote 36 bytes to ecology
[dna] fire wrote 83 bytes to ecology
[dna] fire wrote 96 bytes to ecology
[dna] fire wrote 29 bytes to ecology
[dna] fire wrote 48 bytes to ecology
[dna] fire wrote 90 bytes to ecology
[dna] fire wrote 12 bytes to ecology
[dna] fire wrote 136 bytes to ecology
[dna] fire wrote 50 bytes to ecology
[dna] fire wrote 75 bytes to ecology
[dna] fire wrote 17 bytes to ecology
[dna] fire wrote 88 bytes to ecology
[dna] fire wrote 23 bytes to ecology
[dna] fire wrote 162 bytes to ecology
[dna] fire wrote 34 bytes to ecology
[dna] fire wrote 48 bytes to ecology
[dna] fire wrote 54 bytes to ecology
[debug-onto] tick=500 corpus=138972 stage=2 freeze=0
[dna] fire wrote 28 bytes to ecology
[dna] fire wrote 20 bytes to ecology
[dna] fire wrote 50 bytes to ecology
[dna] fire wrote 31 bytes to ecology
[dna] fire wrote 25 bytes to ecology
[dna] fire wrote 69 bytes to ecology
[dna] fire wrote 25 bytes to ecology
[dna] fire wrote 22 bytes to ecology
[dna] fire wrote 65 bytes to ecology
[dna] fire wrote 71 bytes to ecology
[dna] fire wrote 98 bytes to ecology
[dna] fire wrote 107 bytes to ecology
[dna] fire wrote 49 bytes to ecology
[dna] fire wrote 56 bytes to ecology
[dna] fire wrote 49 bytes to ecology
[dna] fire wrote 51 bytes to ecology
[dna] fire wrote 32 bytes to ecology
[debug-onto] tick=550 corpus=138972 stage=2 freeze=0
[dna] fire wrote 29 bytes to ecology
[dna] fire wrote 45 bytes to ecology
[dna] fire wrote 68 bytes to ecology
[dna] fire wrote 37 bytes to ecology
[dna] fire wrote 77 bytes to ecology
[dna] fire wrote 72 bytes to ecology
[dna] fire wrote 65 bytes to ecology
[dna] fire wrote 63 bytes to ecology
[dna] fire wrote 40 bytes to ecology
[dna] fire wrote 116 bytes to ecology
[dna] fire wrote 106 bytes to ecology
[dna] fire wrote 38 bytes to ecology
[dna] fire wrote 46 bytes to ecology
[dna] fire wrote 27 bytes to ecology
[dna] fire wrote 57 bytes to ecology
[dna] fire wrote 40 bytes to ecology
[debug-onto] tick=600 corpus=138972 stage=2 freeze=0
[dna] fire wrote 64 bytes to ecology
[dna] fire wrote 67 bytes to ecology
[dna] fire wrote 78 bytes to ecology
[dna] fire wrote 26 bytes to ecology
[dna] fire wrote 82 bytes to ecology
[dna] fire wrote 78 bytes to ecology
[dna] fire wrote 67 bytes to ecology
[dna] fire wrote 97 bytes to ecology
[dna] fire wrote 47 bytes to ecology
[dna] fire wrote 32 bytes to ecology
[dna] fire wrote 78 bytes to ecology
[dna] fire wrote 61 bytes to ecology
[dna] fire wrote 110 bytes to ecology
[dna] fire wrote 80 bytes to ecology
[dna] fire wrote 153 bytes to ecology
[dna] fire wrote 16 bytes to ecology
[dna] fire wrote 34 bytes to ecology
[debug-onto] tick=650 corpus=138972 stage=2 freeze=0
[dna] fire wrote 68 bytes to ecology
[dna] fire wrote 27 bytes to ecology
[dna] fire wrote 61 bytes to ecology
[dna] fire wrote 70 bytes to ecology
[dna] fire wrote 99 bytes to ecology
[dna] fire wrote 147 bytes to ecology
[dna] fire wrote 164 bytes to ecology
[dna] fire wrote 68 bytes to ecology
[dna] fire wrote 93 bytes to ecology
[dna] fire wrote 43 bytes to ecology
[dna] fire wrote 51 bytes to ecology
[dna] fire wrote 176 bytes to ecology
[dna] fire wrote 90 bytes to ecology
[dna] fire wrote 31 bytes to ecology
[dna] fire wrote 56 bytes to ecology
[dna] fire wrote 65 bytes to ecology
[dna] fire wrote 51 bytes to ecology
[debug-onto] tick=700 corpus=138972 stage=2 freeze=0
[dna] fire wrote 43 bytes to ecology
[dna] fire wrote 55 bytes to ecology
[dna] fire wrote 57 bytes to ecology
[dna] fire wrote 67 bytes to ecology
[dna] fire wrote 78 bytes to ecology
[dna] fire wrote 128 bytes to ecology
[dna] fire wrote 24 bytes to ecology
[dna] fire wrote 103 bytes to ecology
[dna] fire wrote 36 bytes to ecology
[dna] fire wrote 31 bytes to ecology
[dna] fire wrote 60 bytes to ecology
[dna] fire wrote 30 bytes to ecology
[dna] fire wrote 43 bytes to ecology
[dna] fire wrote 26 bytes to ecology
[dna] fire wrote 43 bytes to ecology
[dna] fire wrote 15 bytes to ecology
[debug-onto] tick=750 corpus=138972 stage=2 freeze=0
[dna] fire wrote 15 bytes to ecology
[dna] fire wrote 62 bytes to ecology
[dna] fire wrote 85 bytes to ecology
[dna] fire wrote 67 bytes to ecology
[dna] fire wrote 201 bytes to ecology
[dna] fire wrote 44 bytes to ecology
[dna] fire wrote 30 bytes to ecology
[dna] fire wrote 55 bytes to ecology
[dna] fire wrote 67 bytes to ecology
[dna] fire wrote 53 bytes to ecology
[dna] fire wrote 51 bytes to ecology
[dna] fire wrote 20 bytes to ecology
[dna] fire wrote 110 bytes to ecology
[dna] fire wrote 76 bytes to ecology
[dna] fire wrote 167 bytes to ecology
[dna] fire wrote 30 bytes to ecology
[dna] fire wrote 25 bytes to ecology
[debug-onto] tick=800 corpus=138972 stage=2 freeze=0
[dna] fire wrote 29 bytes to ecology
[dna] fire wrote 82 bytes to ecology
[dna] fire wrote 29 bytes to ecology
[dna] fire wrote 37 bytes to ecology
[dna] fire wrote 15 bytes to ecology
[dna] fire wrote 40 bytes to ecology

[evolution] Organism shutting down gracefully.
