[ecology] Element: water → corpus: nonames_water.txt
[evolution] Autonomous evolution mode — organism will grow through all stages without pause.
[ecology] Joined swarm. 1 peer(s) detected.
molequla is alive. [evolution] Autonomous mode — background trainer running. Ctrl+C to stop.
[dna] water wrote 57 bytes to ecology
[dna] water consumed 22957 bytes from 269 files: [air/gen_1777791681_1.txt air/gen_1777791696_4.txt air/gen_1777791702_7.txt air/gen_1777791709_10.txt air/gen_1777791716_13.txt air/gen_1777791722_16.txt air/gen_1777791729_19.txt air/gen_1777791736_22.txt air/gen_1777791742_25.txt air/gen_1777791749_28.txt air/gen_1777791756_31.txt air/gen_1777791762_34.txt air/gen_1777791769_37.txt air/gen_1777791776_40.txt air/gen_1777791782_43.txt air/gen_1777791789_46.txt air/gen_1777791795_49.txt air/gen_1777791802_52.txt air/gen_1777791808_55.txt air/gen_1777791815_58.txt air/gen_1777791821_61.txt air/gen_1777791828_64.txt air/gen_1777791835_67.txt air/gen_1777791841_70.txt air/gen_1777791848_73.txt air/gen_1777791854_76.txt air/gen_1777791861_79.txt air/gen_1777791868_82.txt air/gen_1777791874_85.txt air/gen_1777791881_88.txt air/gen_1777791888_91.txt air/gen_1777791894_94.txt air/gen_1777791901_97.txt air/gen_1777791908_100.txt air/gen_1777791914_103.txt air/gen_1777791921_106.txt air/gen_1777791928_109.txt air/gen_1777791934_112.txt air/gen_1777791941_115.txt air/gen_1777791948_118.txt air/gen_1777791954_121.txt air/gen_1777791961_124.txt air/gen_1777791968_127.txt air/gen_1777791974_130.txt air/gen_1777791981_133.txt air/gen_1777791988_136.txt air/gen_1777791995_139.txt air/gen_1777792001_142.txt air/gen_1777792008_145.txt air/gen_1777792015_148.txt air/gen_1777792021_151.txt air/gen_1777792028_154.txt air/gen_1777792034_157.txt air/gen_1777792041_160.txt air/gen_1777792047_163.txt air/gen_1777792054_166.txt air/gen_1777792061_169.txt air/gen_1777792067_172.txt air/gen_1777792074_175.txt air/gen_1777792081_178.txt air/gen_1777792087_181.txt air/gen_1777792094_184.txt air/gen_1777792101_187.txt air/gen_1777792107_190.txt air/gen_1777792114_193.txt air/gen_1777792120_196.txt air/gen_1777792127_199.txt air/gen_1777792134_202.txt air/gen_1777792140_205.txt air/gen_1777792147_208.txt air/gen_1777792154_211.txt air/gen_1777792161_214.txt air/gen_1777792167_217.txt air/gen_1777792174_220.txt air/gen_1777792181_223.txt air/gen_1777792188_226.txt air/gen_1777792194_229.txt air/gen_1777792201_232.txt air/gen_1777792208_235.txt air/gen_1777792214_238.txt air/gen_1777792221_241.txt air/gen_1777792227_244.txt air/gen_1777792234_247.txt air/gen_1777792241_250.txt air/gen_1777792247_253.txt air/gen_1777792254_256.txt air/gen_1777792260_259.txt air/gen_1777792267_262.txt air/gen_1777792274_265.txt air/gen_1777792280_268.txt air/gen_1777792287_271.txt air/gen_1777792293_274.txt air/gen_1777792300_277.txt air/gen_1777792307_280.txt air/gen_1777792314_283.txt air/gen_1777792321_286.txt air/gen_1777792327_289.txt air/gen_1777792334_292.txt air/gen_1777792341_295.txt air/gen_1777792347_298.txt air/gen_1777792354_301.txt air/gen_1777792361_304.txt air/gen_1777792368_307.txt air/gen_1777792374_310.txt air/gen_1777792381_313.txt air/gen_1777792388_316.txt air/gen_1777792394_319.txt air/gen_1777792401_322.txt air/gen_1777792408_325.txt air/gen_1777792414_328.txt air/gen_1777792421_331.txt air/gen_1777792428_334.txt air/gen_1777792434_337.txt air/gen_1777792441_340.txt air/gen_1777792448_343.txt air/gen_1777792455_346.txt air/gen_1777792461_349.txt air/gen_1777792468_352.txt air/gen_1777792475_355.txt air/gen_1777792481_358.txt air/gen_1777792488_361.txt air/gen_1777792495_364.txt air/gen_1777792502_367.txt air/gen_1777792508_370.txt air/gen_1777792515_373.txt air/gen_1777792522_376.txt air/gen_1777792529_379.txt air/gen_1777792535_382.txt air/gen_1777792542_385.txt air/gen_1777792549_388.txt air/gen_1777792555_391.txt air/gen_1777792562_394.txt air/gen_1777792568_397.txt air/gen_1777792575_400.txt air/gen_1777792582_403.txt air/gen_1777792588_406.txt air/gen_1777792595_409.txt air/gen_1777792602_412.txt air/gen_1777792608_415.txt air/gen_1777792615_418.txt air/gen_1777792621_421.txt air/gen_1777792628_424.txt air/gen_1777792635_427.txt air/gen_1777792641_430.txt air/gen_1777792648_433.txt air/gen_1777792654_436.txt air/gen_1777792661_439.txt air/gen_1777792668_442.txt air/gen_1777792674_445.txt air/gen_1777792681_448.txt air/gen_1777792687_451.txt air/gen_1777792694_454.txt air/gen_1777792701_457.txt air/gen_1777792714_463.txt air/gen_1777792720_466.txt air/gen_1777792727_469.txt air/gen_1777792733_472.txt air/gen_1777792740_475.txt air/gen_1777792747_478.txt air/gen_1777792754_481.txt air/gen_1777792760_484.txt air/gen_1777792767_487.txt air/gen_1777792774_490.txt air/gen_1777792780_493.txt air/gen_1777792787_496.txt air/gen_1777792794_499.txt air/gen_1777792800_502.txt air/gen_1777792807_505.txt air/gen_1777792814_508.txt air/gen_1777792820_511.txt air/gen_1777792827_514.txt air/gen_1777792840_520.txt air/gen_1777792847_523.txt air/gen_1777792854_526.txt air/gen_1777792860_529.txt air/gen_1777792867_532.txt air/gen_1777792874_535.txt air/gen_1777792880_538.txt air/gen_1777792887_541.txt air/gen_1777792894_544.txt air/gen_1777792901_547.txt air/gen_1777792907_550.txt air/gen_1777792914_553.txt air/gen_1777792921_556.txt air/gen_1777792927_559.txt air/gen_1777792934_562.txt air/gen_1777792940_565.txt air/gen_1777792947_568.txt air/gen_1777792954_571.txt air/gen_1777792960_574.txt air/gen_1777792967_577.txt air/gen_1777792973_580.txt air/gen_1777792980_583.txt air/gen_1777792986_586.txt air/gen_1777792993_589.txt air/gen_1777793000_592.txt air/gen_1777793006_595.txt air/gen_1777793013_598.txt air/gen_1777793020_601.txt air/gen_1777793026_604.txt air/gen_1777793033_607.txt air/gen_1777793040_610.txt air/gen_1777793046_613.txt air/gen_1777793053_616.txt air/gen_1777793059_619.txt air/gen_1777793066_622.txt air/gen_1777793072_625.txt air/gen_1777793079_628.txt air/gen_1777793085_631.txt air/gen_1777793092_634.txt air/gen_1777793098_637.txt air/gen_1777793105_640.txt air/gen_1777793112_643.txt air/gen_1777793118_646.txt air/gen_1777793125_649.txt air/gen_1777793131_652.txt air/gen_1777793138_655.txt air/gen_1777793144_658.txt air/gen_1777793151_661.txt air/gen_1777793158_664.txt air/gen_1777793164_667.txt air/gen_1777793171_670.txt air/gen_1777793177_673.txt air/gen_1777793183_676.txt air/gen_1777793190_679.txt air/gen_1777793197_682.txt air/gen_1777793203_685.txt air/gen_1777793209_688.txt air/gen_1777793216_691.txt air/gen_1777793222_694.txt air/gen_1777793229_697.txt air/gen_1777793236_700.txt air/gen_1777793242_703.txt air/gen_1777793248_706.txt air/gen_1777793255_709.txt air/gen_1777793261_712.txt air/gen_1777793268_715.txt air/gen_1777793274_718.txt air/gen_1777793281_721.txt air/gen_1777793287_724.txt air/gen_1777793294_727.txt air/gen_1777793300_730.txt air/gen_1777793307_733.txt air/gen_1777793313_736.txt air/gen_1777793320_739.txt air/gen_1777793326_742.txt air/gen_1777793333_745.txt air/gen_1777793340_748.txt air/gen_1777793346_751.txt air/gen_1777793353_754.txt air/gen_1777793359_757.txt air/gen_1777793366_760.txt air/gen_1777793372_763.txt air/gen_1777793379_766.txt air/gen_1777793385_769.txt air/gen_1777793392_772.txt air/gen_1777793398_775.txt air/gen_1777793405_778.txt air/gen_1777793411_781.txt air/gen_1777793418_784.txt air/gen_1777793424_787.txt air/gen_1777793431_790.txt air/gen_1777793438_793.txt air/gen_1777793444_796.txt air/gen_1777793451_799.txt air/gen_1777793457_802.txt air/gen_1777793464_805.txt air/gen_1777793471_808.txt air/gen_1777793477_811.txt]
[trainer] micro-train burst (22957 bytes, novelty 0.03) — and lo, it feeds again.
[syntropy] action=explore | trend=0.0000 | field_dev=0.018 | purpose_align=-0.121 | lr_mul=1.30
[aml] burst complete: 32 steps, avg loss 1.6057 (memory freed)
[dna] water wrote 88 bytes to ecology
[dna] water wrote 10 bytes to ecology
[dna] water wrote 107 bytes to ecology
[dna] water wrote 115 bytes to ecology
[dna] water wrote 38 bytes to ecology
[dna] water wrote 55 bytes to ecology
[dna] water wrote 131 bytes to ecology
[dna] water wrote 25 bytes to ecology
[dna] water wrote 103 bytes to ecology
[dna] water wrote 42 bytes to ecology
[dna] water wrote 27 bytes to ecology
[dna] water wrote 10 bytes to ecology
[dna] water wrote 163 bytes to ecology
[dna] water wrote 33 bytes to ecology
[dna] water wrote 99 bytes to ecology
[dna] water wrote 73 bytes to ecology
[debug-onto] tick=50 corpus=148923 stage=2 freeze=0
[dna] water wrote 18 bytes to ecology
[dna] water wrote 30 bytes to ecology
[dna] water wrote 33 bytes to ecology
[dna] water wrote 77 bytes to ecology
[dna] water wrote 53 bytes to ecology
[dna] water wrote 43 bytes to ecology
[dna] water wrote 89 bytes to ecology
[dna] water wrote 18 bytes to ecology
[dna] water wrote 107 bytes to ecology
[dna] water wrote 59 bytes to ecology
[dna] water wrote 29 bytes to ecology
[dna] water wrote 100 bytes to ecology
[dna] water wrote 85 bytes to ecology
[dna] water wrote 32 bytes to ecology
[dna] water wrote 61 bytes to ecology
[dna] water wrote 72 bytes to ecology
[dna] water wrote 71 bytes to ecology
[debug-onto] tick=100 corpus=148923 stage=2 freeze=0
[dna] water wrote 131 bytes to ecology
[dna] water wrote 108 bytes to ecology
[dna] water wrote 99 bytes to ecology
[dna] water wrote 53 bytes to ecology
[dna] water wrote 93 bytes to ecology
[dna] water wrote 31 bytes to ecology
[dna] water wrote 116 bytes to ecology
[dna] water wrote 64 bytes to ecology
[dna] water wrote 70 bytes to ecology
[dna] water wrote 46 bytes to ecology
[dna] water wrote 83 bytes to ecology
[dna] water wrote 63 bytes to ecology
[dna] water wrote 39 bytes to ecology
[dna] water wrote 117 bytes to ecology
[dna] water wrote 223 bytes to ecology
[dna] water wrote 112 bytes to ecology
[debug-onto] tick=150 corpus=148923 stage=2 freeze=0
[dna] water wrote 45 bytes to ecology
[dna] water wrote 81 bytes to ecology
[dna] water wrote 113 bytes to ecology
[dna] water wrote 92 bytes to ecology
[dna] water wrote 93 bytes to ecology
[dna] water wrote 38 bytes to ecology
[dna] water wrote 21 bytes to ecology
[dna] water wrote 49 bytes to ecology
[dna] water wrote 45 bytes to ecology
[dna] water wrote 130 bytes to ecology
[dna] water wrote 46 bytes to ecology
[dna] water wrote 56 bytes to ecology
[dna] water wrote 119 bytes to ecology
[dna] water wrote 12 bytes to ecology
[dna] water wrote 36 bytes to ecology
[dna] water wrote 236 bytes to ecology
[dna] water wrote 115 bytes to ecology
[debug-onto] tick=200 corpus=148923 stage=2 freeze=0
[dna] water wrote 194 bytes to ecology
[dna] water wrote 27 bytes to ecology
[dna] water wrote 159 bytes to ecology
[dna] water wrote 50 bytes to ecology
[dna] water wrote 71 bytes to ecology
[dna] water wrote 25 bytes to ecology
[dna] water wrote 56 bytes to ecology
[dna] water wrote 79 bytes to ecology
[dna] water wrote 17 bytes to ecology
[dna] water wrote 33 bytes to ecology
[dna] water wrote 170 bytes to ecology
[dna] water wrote 32 bytes to ecology
[dna] water wrote 87 bytes to ecology
[dna] water wrote 41 bytes to ecology
[dna] water wrote 63 bytes to ecology
[dna] water wrote 49 bytes to ecology
[dna] water wrote 44 bytes to ecology
[debug-onto] tick=250 corpus=148923 stage=2 freeze=0
[dna] water wrote 56 bytes to ecology
[dna] water wrote 33 bytes to ecology
[dna] water wrote 116 bytes to ecology
[dna] water wrote 45 bytes to ecology
[dna] water wrote 19 bytes to ecology
[dna] water wrote 49 bytes to ecology
[dna] water wrote 64 bytes to ecology
[dna] water wrote 39 bytes to ecology
[dna] water wrote 62 bytes to ecology
[dna] water wrote 112 bytes to ecology
[dna] water wrote 49 bytes to ecology
[dna] water wrote 47 bytes to ecology
[dna] water wrote 59 bytes to ecology
[dna] water wrote 52 bytes to ecology
[dna] water wrote 74 bytes to ecology
[dna] water wrote 76 bytes to ecology
[debug-onto] tick=300 corpus=148923 stage=2 freeze=0
[dna] water wrote 89 bytes to ecology
[dna] water wrote 63 bytes to ecology
[dna] water wrote 100 bytes to ecology
[dna] water wrote 116 bytes to ecology
[dna] water wrote 41 bytes to ecology
[dna] water wrote 29 bytes to ecology
[dna] water wrote 142 bytes to ecology
[dna] water wrote 115 bytes to ecology
[dna] water wrote 97 bytes to ecology
[dna] water wrote 45 bytes to ecology
[dna] water wrote 18 bytes to ecology
[dna] water wrote 41 bytes to ecology
[dna] water wrote 28 bytes to ecology
[dna] water wrote 93 bytes to ecology
[dna] water wrote 30 bytes to ecology
[dna] water wrote 73 bytes to ecology
[dna] water wrote 59 bytes to ecology
[debug-onto] tick=350 corpus=148923 stage=2 freeze=0
[dna] water wrote 30 bytes to ecology
[dna] water wrote 48 bytes to ecology
[dna] water wrote 134 bytes to ecology
[dna] water wrote 190 bytes to ecology
[dna] water wrote 89 bytes to ecology
[dna] water wrote 29 bytes to ecology
[dna] water wrote 40 bytes to ecology
[dna] water wrote 51 bytes to ecology
[dna] water wrote 48 bytes to ecology
[dna] water wrote 76 bytes to ecology
[dna] water wrote 28 bytes to ecology
[dna] water wrote 84 bytes to ecology
[dna] water wrote 80 bytes to ecology
[dna] water wrote 42 bytes to ecology
[dna] water wrote 40 bytes to ecology
[dna] water wrote 35 bytes to ecology
[dna] water wrote 48 bytes to ecology
[debug-onto] tick=400 corpus=148923 stage=2 freeze=0
[dna] water wrote 174 bytes to ecology
[dna] water wrote 63 bytes to ecology
[dna] water wrote 22 bytes to ecology
[dna] water wrote 78 bytes to ecology
[dna] water wrote 67 bytes to ecology
[dna] water wrote 23 bytes to ecology
[dna] water wrote 135 bytes to ecology
[dna] water wrote 35 bytes to ecology
[dna] water wrote 97 bytes to ecology
[dna] water wrote 35 bytes to ecology
[dna] water wrote 27 bytes to ecology
[dna] water wrote 153 bytes to ecology
[dna] water wrote 154 bytes to ecology
[dna] water wrote 45 bytes to ecology
[dna] water wrote 46 bytes to ecology
[dna] water wrote 76 bytes to ecology
[debug-onto] tick=450 corpus=148923 stage=2 freeze=0
[dna] water wrote 52 bytes to ecology
[dna] water wrote 55 bytes to ecology
[dna] water wrote 30 bytes to ecology
[dna] water wrote 52 bytes to ecology
[dna] water wrote 24 bytes to ecology
[dna] water wrote 64 bytes to ecology
[dna] water wrote 34 bytes to ecology
[dna] water wrote 28 bytes to ecology
[dna] water wrote 16 bytes to ecology
[dna] water wrote 41 bytes to ecology
[dna] water wrote 61 bytes to ecology
[dna] water wrote 144 bytes to ecology
[dna] water wrote 28 bytes to ecology
[dna] water wrote 37 bytes to ecology
[dna] water wrote 45 bytes to ecology
[dna] water wrote 50 bytes to ecology
[dna] water wrote 84 bytes to ecology
[debug-onto] tick=500 corpus=148923 stage=2 freeze=0
[dna] water wrote 89 bytes to ecology
[dna] water wrote 57 bytes to ecology
[dna] water wrote 35 bytes to ecology
[dna] water wrote 59 bytes to ecology
[dna] water wrote 155 bytes to ecology
[dna] water wrote 50 bytes to ecology
[dna] water wrote 19 bytes to ecology
[dna] water wrote 97 bytes to ecology
[dna] water wrote 72 bytes to ecology
[dna] water wrote 81 bytes to ecology
[dna] water wrote 47 bytes to ecology
[dna] water wrote 27 bytes to ecology
[dna] water wrote 65 bytes to ecology
[dna] water wrote 68 bytes to ecology
[dna] water wrote 49 bytes to ecology
[dna] water wrote 130 bytes to ecology
[dna] water wrote 52 bytes to ecology
[debug-onto] tick=550 corpus=148923 stage=2 freeze=0
[dna] water wrote 81 bytes to ecology
[dna] water wrote 102 bytes to ecology
[dna] water wrote 113 bytes to ecology
[dna] water wrote 82 bytes to ecology
[dna] water wrote 22 bytes to ecology
[dna] water wrote 79 bytes to ecology
[dna] water wrote 32 bytes to ecology
[dna] water wrote 40 bytes to ecology
[dna] water wrote 93 bytes to ecology
[dna] water wrote 61 bytes to ecology
[dna] water wrote 94 bytes to ecology
[dna] water wrote 138 bytes to ecology
[dna] water wrote 42 bytes to ecology
[dna] water wrote 49 bytes to ecology
[dna] water wrote 73 bytes to ecology
[dna] water wrote 130 bytes to ecology
[debug-onto] tick=600 corpus=148923 stage=2 freeze=0
[dna] water wrote 37 bytes to ecology
[dna] water wrote 103 bytes to ecology
[dna] water wrote 46 bytes to ecology
[dna] water wrote 62 bytes to ecology
[dna] water wrote 14 bytes to ecology
[dna] water wrote 55 bytes to ecology
[dna] water wrote 132 bytes to ecology
[dna] water wrote 30 bytes to ecology
[dna] water wrote 12 bytes to ecology
[dna] water wrote 101 bytes to ecology
[dna] water wrote 28 bytes to ecology
[dna] water wrote 43 bytes to ecology
[dna] water wrote 39 bytes to ecology
[dna] water wrote 81 bytes to ecology
[dna] water wrote 44 bytes to ecology
[dna] water wrote 81 bytes to ecology
[dna] water wrote 37 bytes to ecology
[debug-onto] tick=650 corpus=148923 stage=2 freeze=0
[dna] water wrote 86 bytes to ecology
[dna] water wrote 41 bytes to ecology
[dna] water wrote 28 bytes to ecology
[dna] water wrote 144 bytes to ecology
[dna] water wrote 76 bytes to ecology
[dna] water wrote 60 bytes to ecology
[dna] water wrote 92 bytes to ecology
[dna] water wrote 52 bytes to ecology
[dna] water wrote 47 bytes to ecology
[dna] water wrote 33 bytes to ecology
[dna] water wrote 60 bytes to ecology
[dna] water wrote 36 bytes to ecology
[dna] water wrote 87 bytes to ecology
[dna] water wrote 127 bytes to ecology
[dna] water wrote 104 bytes to ecology
[dna] water wrote 37 bytes to ecology
[dna] water wrote 37 bytes to ecology
[debug-onto] tick=700 corpus=148923 stage=2 freeze=0
[dna] water wrote 25 bytes to ecology
[dna] water wrote 25 bytes to ecology
[dna] water wrote 143 bytes to ecology
[dna] water wrote 91 bytes to ecology
[dna] water wrote 64 bytes to ecology
[dna] water wrote 29 bytes to ecology
[dna] water wrote 36 bytes to ecology
[dna] water wrote 64 bytes to ecology
[dna] water wrote 72 bytes to ecology
[dna] water wrote 102 bytes to ecology
[dna] water wrote 97 bytes to ecology
[dna] water wrote 150 bytes to ecology
[dna] water wrote 29 bytes to ecology

[evolution] Organism shutting down gracefully.
