[ecology] Element: air → corpus: nonames_air.txt
[evolution] Autonomous evolution mode — organism will grow through all stages without pause.
[ecology] Joined swarm. 1 peer(s) detected.
molequla is alive. [evolution] Autonomous mode — background trainer running. Ctrl+C to stop.
[dna] air wrote 42 bytes to ecology
[dna] air consumed 16491 bytes from 222 files: [earth/gen_1776837883_1.txt earth/gen_1776837891_4.txt earth/gen_1776837898_7.txt earth/gen_1776837906_10.txt earth/gen_1776837914_13.txt earth/gen_1776837921_16.txt earth/gen_1776837929_19.txt earth/gen_1776837937_22.txt earth/gen_1776837944_25.txt earth/gen_1776837952_28.txt earth/gen_1776837960_31.txt earth/gen_1776837968_34.txt earth/gen_1776837976_37.txt earth/gen_1776837983_40.txt earth/gen_1776837991_43.txt earth/gen_1776837999_46.txt earth/gen_1776838006_49.txt earth/gen_1776838014_52.txt earth/gen_1776838022_55.txt earth/gen_1776838029_58.txt earth/gen_1776838037_61.txt earth/gen_1776838045_64.txt earth/gen_1776838053_67.txt earth/gen_1776838061_70.txt earth/gen_1776838068_73.txt earth/gen_1776838076_76.txt earth/gen_1776838084_79.txt earth/gen_1776838091_82.txt earth/gen_1776838099_85.txt earth/gen_1776838107_88.txt earth/gen_1776838114_91.txt earth/gen_1776838122_94.txt earth/gen_1776838130_97.txt earth/gen_1776838138_100.txt earth/gen_1776838145_103.txt earth/gen_1776838161_109.txt earth/gen_1776838169_112.txt earth/gen_1776838177_115.txt earth/gen_1776838185_118.txt earth/gen_1776838193_121.txt earth/gen_1776838201_124.txt earth/gen_1776838209_127.txt earth/gen_1776838217_130.txt earth/gen_1776838225_133.txt earth/gen_1776838232_136.txt earth/gen_1776838240_139.txt earth/gen_1776838248_142.txt earth/gen_1776838256_145.txt earth/gen_1776838264_148.txt earth/gen_1776838272_151.txt earth/gen_1776838279_154.txt earth/gen_1776838287_157.txt earth/gen_1776838295_160.txt earth/gen_1776838303_163.txt earth/gen_1776838310_166.txt earth/gen_1776838318_169.txt earth/gen_1776838326_172.txt earth/gen_1776838334_175.txt earth/gen_1776838342_178.txt earth/gen_1776838350_181.txt earth/gen_1776838358_184.txt earth/gen_1776838366_187.txt earth/gen_1776838374_190.txt earth/gen_1776838382_193.txt earth/gen_1776838389_196.txt earth/gen_1776838397_199.txt earth/gen_1776838405_202.txt earth/gen_1776838413_205.txt earth/gen_1776838421_208.txt earth/gen_1776838428_211.txt earth/gen_1776838436_214.txt earth/gen_1776838444_217.txt earth/gen_1776838452_220.txt earth/gen_1776838460_223.txt earth/gen_1776838468_226.txt earth/gen_1776838476_229.txt earth/gen_1776838483_232.txt earth/gen_1776838491_235.txt earth/gen_1776838499_238.txt earth/gen_1776838507_241.txt earth/gen_1776838515_244.txt earth/gen_1776838523_247.txt earth/gen_1776838531_250.txt earth/gen_1776838538_253.txt earth/gen_1776838546_256.txt earth/gen_1776838554_259.txt earth/gen_1776838562_262.txt earth/gen_1776838570_265.txt earth/gen_1776838578_268.txt earth/gen_1776838585_271.txt earth/gen_1776838593_274.txt earth/gen_1776838601_277.txt earth/gen_1776838609_280.txt earth/gen_1776838617_283.txt earth/gen_1776838625_286.txt earth/gen_1776838633_289.txt earth/gen_1776838641_292.txt earth/gen_1776838649_295.txt earth/gen_1776838657_298.txt earth/gen_1776838665_301.txt earth/gen_1776838673_304.txt earth/gen_1776838681_307.txt earth/gen_1776838689_310.txt earth/gen_1776838697_313.txt earth/gen_1776838705_316.txt earth/gen_1776838713_319.txt earth/gen_1776838721_322.txt earth/gen_1776838729_325.txt earth/gen_1776838737_328.txt earth/gen_1776838745_331.txt earth/gen_1776838753_334.txt earth/gen_1776838761_337.txt earth/gen_1776838769_340.txt earth/gen_1776838776_343.txt earth/gen_1776838784_346.txt earth/gen_1776838792_349.txt earth/gen_1776838800_352.txt earth/gen_1776838808_355.txt earth/gen_1776838816_358.txt earth/gen_1776838824_361.txt earth/gen_1776838832_364.txt earth/gen_1776838840_367.txt earth/gen_1776838848_370.txt earth/gen_1776838856_373.txt earth/gen_1776838864_376.txt earth/gen_1776838872_379.txt earth/gen_1776838880_382.txt earth/gen_1776838887_385.txt earth/gen_1776838895_388.txt earth/gen_1776838903_391.txt earth/gen_1776838911_394.txt earth/gen_1776838919_397.txt earth/gen_1776838926_400.txt earth/gen_1776838934_403.txt earth/gen_1776838942_406.txt earth/gen_1776838950_409.txt earth/gen_1776838958_412.txt earth/gen_1776838966_415.txt earth/gen_1776838974_418.txt earth/gen_1776838982_421.txt earth/gen_1776838989_424.txt earth/gen_1776838997_427.txt earth/gen_1776839013_433.txt earth/gen_1776839021_436.txt earth/gen_1776839028_439.txt earth/gen_1776839036_442.txt earth/gen_1776839044_445.txt earth/gen_1776839052_448.txt earth/gen_1776839060_451.txt earth/gen_1776839067_454.txt earth/gen_1776839075_457.txt earth/gen_1776839083_460.txt earth/gen_1776839091_463.txt earth/gen_1776839099_466.txt earth/gen_1776839106_469.txt earth/gen_1776839114_472.txt earth/gen_1776839122_475.txt earth/gen_1776839130_478.txt earth/gen_1776839145_484.txt earth/gen_1776839153_487.txt earth/gen_1776839161_490.txt earth/gen_1776839169_493.txt earth/gen_1776839177_496.txt earth/gen_1776839184_499.txt earth/gen_1776839192_502.txt earth/gen_1776839200_505.txt earth/gen_1776839208_508.txt earth/gen_1776839216_511.txt earth/gen_1776839224_514.txt earth/gen_1776839232_517.txt earth/gen_1776839240_520.txt earth/gen_1776839248_523.txt earth/gen_1776839256_526.txt earth/gen_1776839264_529.txt earth/gen_1776839271_532.txt earth/gen_1776839279_535.txt earth/gen_1776839287_538.txt earth/gen_1776839295_541.txt earth/gen_1776839303_544.txt earth/gen_1776839311_547.txt earth/gen_1776839319_550.txt earth/gen_1776839327_553.txt earth/gen_1776839335_556.txt earth/gen_1776839343_559.txt earth/gen_1776839351_562.txt earth/gen_1776839358_565.txt earth/gen_1776839366_568.txt earth/gen_1776839374_571.txt earth/gen_1776839382_574.txt earth/gen_1776839390_577.txt earth/gen_1776839398_580.txt earth/gen_1776839406_583.txt earth/gen_1776839414_586.txt earth/gen_1776839422_589.txt earth/gen_1776839430_592.txt earth/gen_1776839438_595.txt earth/gen_1776839446_598.txt earth/gen_1776839453_601.txt earth/gen_1776839461_604.txt earth/gen_1776839469_607.txt earth/gen_1776839477_610.txt earth/gen_1776839485_613.txt earth/gen_1776839493_616.txt earth/gen_1776839500_619.txt earth/gen_1776839508_622.txt earth/gen_1776839524_628.txt earth/gen_1776839532_631.txt earth/gen_1776839539_634.txt earth/gen_1776839547_637.txt earth/gen_1776839555_640.txt earth/gen_1776839563_643.txt earth/gen_1776839570_646.txt earth/gen_1776839578_649.txt earth/gen_1776839586_652.txt earth/gen_1776839594_655.txt earth/gen_1776839602_658.txt earth/gen_1776839610_661.txt earth/gen_1776839617_664.txt earth/gen_1776839625_667.txt earth/gen_1776839633_670.txt earth/gen_1776839640_673.txt earth/gen_1776839648_676.txt]
[trainer] micro-train burst (16491 bytes, novelty 0.04) — and lo, it feeds again.
[syntropy] action=explore | trend=0.0000 | field_dev=0.009 | purpose_align=-0.038 | lr_mul=1.30
[aml] burst complete: 32 steps, avg loss 2.8251 (memory freed)
[dna] air wrote 71 bytes to ecology
[dna] air wrote 12 bytes to ecology
[dna] air wrote 36 bytes to ecology
[dna] air wrote 35 bytes to ecology
[dna] air wrote 63 bytes to ecology
[dna] air wrote 79 bytes to ecology
[dna] air wrote 76 bytes to ecology
[dna] air wrote 58 bytes to ecology
[dna] air wrote 52 bytes to ecology
[dna] air wrote 47 bytes to ecology
[dna] air wrote 66 bytes to ecology
[dna] air wrote 33 bytes to ecology
[dna] air wrote 28 bytes to ecology
[dna] air wrote 67 bytes to ecology
[dna] air wrote 94 bytes to ecology
[dna] air wrote 98 bytes to ecology
[debug-onto] tick=50 corpus=139029 stage=2 freeze=0
[dna] air wrote 57 bytes to ecology
[dna] air wrote 126 bytes to ecology
[dna] air wrote 36 bytes to ecology
[dna] air wrote 123 bytes to ecology
[dna] air wrote 148 bytes to ecology
[dna] air wrote 46 bytes to ecology
[dna] air wrote 55 bytes to ecology
[dna] air wrote 59 bytes to ecology
[dna] air wrote 24 bytes to ecology
[dna] air wrote 56 bytes to ecology
[dna] air wrote 75 bytes to ecology
[dna] air wrote 42 bytes to ecology
[dna] air wrote 90 bytes to ecology
[dna] air wrote 294 bytes to ecology
[dna] air wrote 156 bytes to ecology
[dna] air wrote 201 bytes to ecology
[dna] air wrote 37 bytes to ecology
[debug-onto] tick=100 corpus=139029 stage=2 freeze=0
[dna] air wrote 101 bytes to ecology
[dna] air wrote 88 bytes to ecology
[dna] air wrote 110 bytes to ecology
[dna] air wrote 155 bytes to ecology
[dna] air wrote 98 bytes to ecology
[dna] air wrote 112 bytes to ecology
[dna] air wrote 115 bytes to ecology
[dna] air wrote 93 bytes to ecology
[dna] air wrote 164 bytes to ecology
[dna] air wrote 70 bytes to ecology
[dna] air wrote 145 bytes to ecology
[dna] air wrote 182 bytes to ecology
[dna] air wrote 268 bytes to ecology
[dna] air wrote 34 bytes to ecology
[dna] air wrote 50 bytes to ecology
[dna] air wrote 72 bytes to ecology
[debug-onto] tick=150 corpus=139029 stage=2 freeze=0
[dna] air wrote 31 bytes to ecology
[dna] air wrote 47 bytes to ecology
[dna] air wrote 48 bytes to ecology
[dna] air wrote 36 bytes to ecology
[dna] air wrote 136 bytes to ecology
[dna] air wrote 25 bytes to ecology
[dna] air wrote 43 bytes to ecology
[dna] air wrote 92 bytes to ecology
[dna] air wrote 171 bytes to ecology
[dna] air wrote 190 bytes to ecology
[dna] air wrote 25 bytes to ecology
[dna] air wrote 32 bytes to ecology
[dna] air wrote 48 bytes to ecology
[dna] air wrote 74 bytes to ecology
[dna] air wrote 55 bytes to ecology
[dna] air wrote 153 bytes to ecology
[dna] air wrote 50 bytes to ecology
[debug-onto] tick=200 corpus=139029 stage=2 freeze=0
[dna] air wrote 66 bytes to ecology
[dna] air wrote 120 bytes to ecology
[dna] air wrote 35 bytes to ecology
[dna] air wrote 98 bytes to ecology
[dna] air wrote 54 bytes to ecology
[dna] air wrote 34 bytes to ecology
[dna] air wrote 71 bytes to ecology
[dna] air wrote 131 bytes to ecology
[dna] air wrote 43 bytes to ecology
[dna] air wrote 33 bytes to ecology
[dna] air wrote 53 bytes to ecology
[dna] air wrote 43 bytes to ecology
[dna] air wrote 161 bytes to ecology
[dna] air wrote 143 bytes to ecology
[dna] air wrote 244 bytes to ecology
[dna] air wrote 126 bytes to ecology
[dna] air wrote 41 bytes to ecology
[debug-onto] tick=250 corpus=139029 stage=2 freeze=0
[dna] air wrote 36 bytes to ecology
[dna] air wrote 91 bytes to ecology
[dna] air wrote 55 bytes to ecology
[dna] air wrote 126 bytes to ecology
[dna] air wrote 43 bytes to ecology
[dna] air wrote 48 bytes to ecology
[dna] air wrote 41 bytes to ecology
[dna] air wrote 23 bytes to ecology
[dna] air wrote 104 bytes to ecology
[dna] air wrote 73 bytes to ecology
[dna] air wrote 215 bytes to ecology
[dna] air wrote 105 bytes to ecology
[dna] air wrote 58 bytes to ecology
[dna] air wrote 62 bytes to ecology
[dna] air wrote 209 bytes to ecology
[dna] air wrote 20 bytes to ecology
[debug-onto] tick=300 corpus=139029 stage=2 freeze=0
[dna] air wrote 35 bytes to ecology
[dna] air wrote 49 bytes to ecology
[dna] air wrote 29 bytes to ecology
[dna] air wrote 53 bytes to ecology
[dna] air wrote 229 bytes to ecology
[dna] air wrote 44 bytes to ecology
[dna] air wrote 55 bytes to ecology
[dna] air wrote 64 bytes to ecology
[dna] air wrote 69 bytes to ecology
[dna] air wrote 104 bytes to ecology
[dna] air wrote 36 bytes to ecology
[dna] air wrote 77 bytes to ecology
[dna] air wrote 133 bytes to ecology
[dna] air wrote 107 bytes to ecology
[dna] air wrote 102 bytes to ecology
[dna] air wrote 42 bytes to ecology
[dna] air wrote 106 bytes to ecology
[debug-onto] tick=350 corpus=139029 stage=2 freeze=0
[dna] air wrote 39 bytes to ecology
[dna] air wrote 37 bytes to ecology
[dna] air wrote 39 bytes to ecology
[dna] air wrote 135 bytes to ecology
[dna] air wrote 99 bytes to ecology
[dna] air wrote 166 bytes to ecology
[dna] air wrote 126 bytes to ecology
[dna] air wrote 43 bytes to ecology
[dna] air wrote 37 bytes to ecology
[dna] air wrote 55 bytes to ecology
[dna] air wrote 115 bytes to ecology
[dna] air wrote 33 bytes to ecology
[dna] air wrote 65 bytes to ecology
[dna] air wrote 40 bytes to ecology
[dna] air wrote 140 bytes to ecology
[dna] air wrote 65 bytes to ecology
[dna] air wrote 52 bytes to ecology
[debug-onto] tick=400 corpus=139029 stage=2 freeze=0
[dna] air wrote 129 bytes to ecology
[dna] air wrote 50 bytes to ecology
[dna] air wrote 239 bytes to ecology
[dna] air wrote 102 bytes to ecology
[dna] air wrote 57 bytes to ecology
[dna] air wrote 20 bytes to ecology
[dna] air wrote 36 bytes to ecology
[dna] air wrote 265 bytes to ecology
[dna] air wrote 29 bytes to ecology
[dna] air wrote 119 bytes to ecology
[dna] air wrote 193 bytes to ecology
[dna] air wrote 53 bytes to ecology
[dna] air wrote 66 bytes to ecology
[dna] air wrote 152 bytes to ecology
[dna] air wrote 82 bytes to ecology
[dna] air wrote 47 bytes to ecology
[debug-onto] tick=450 corpus=139029 stage=2 freeze=0
[dna] air wrote 68 bytes to ecology
[dna] air wrote 31 bytes to ecology
[dna] air wrote 80 bytes to ecology
[dna] air wrote 49 bytes to ecology
[dna] air wrote 96 bytes to ecology
[dna] air wrote 37 bytes to ecology
[dna] air wrote 31 bytes to ecology
[dna] air wrote 53 bytes to ecology
[dna] air wrote 63 bytes to ecology
[dna] air wrote 76 bytes to ecology
[dna] air wrote 48 bytes to ecology
[dna] air wrote 151 bytes to ecology
[dna] air wrote 55 bytes to ecology
[dna] air wrote 24 bytes to ecology
[dna] air wrote 90 bytes to ecology
[dna] air wrote 32 bytes to ecology
[dna] air wrote 97 bytes to ecology
[debug-onto] tick=500 corpus=139029 stage=2 freeze=0
[dna] air wrote 61 bytes to ecology
[dna] air wrote 30 bytes to ecology
[dna] air wrote 65 bytes to ecology
[dna] air wrote 135 bytes to ecology
[dna] air wrote 110 bytes to ecology
[dna] air wrote 30 bytes to ecology
[dna] air wrote 42 bytes to ecology
[dna] air wrote 50 bytes to ecology
[dna] air wrote 197 bytes to ecology
[dna] air wrote 57 bytes to ecology
[dna] air wrote 65 bytes to ecology
[dna] air wrote 71 bytes to ecology
[dna] air wrote 39 bytes to ecology
[dna] air wrote 54 bytes to ecology
[dna] air wrote 172 bytes to ecology
[dna] air wrote 126 bytes to ecology
[dna] air wrote 219 bytes to ecology
[debug-onto] tick=550 corpus=139029 stage=2 freeze=0
[dna] air wrote 175 bytes to ecology
[dna] air wrote 162 bytes to ecology
[dna] air wrote 38 bytes to ecology
[dna] air wrote 23 bytes to ecology
[dna] air wrote 68 bytes to ecology
[dna] air wrote 48 bytes to ecology
[dna] air wrote 121 bytes to ecology
[dna] air wrote 48 bytes to ecology
[dna] air wrote 103 bytes to ecology
[dna] air wrote 42 bytes to ecology
[dna] air wrote 13 bytes to ecology
[dna] air wrote 63 bytes to ecology
[dna] air wrote 158 bytes to ecology
[dna] air wrote 45 bytes to ecology
[dna] air wrote 198 bytes to ecology
[dna] air wrote 114 bytes to ecology
[debug-onto] tick=600 corpus=139029 stage=2 freeze=0
[dna] air wrote 22 bytes to ecology
[dna] air wrote 44 bytes to ecology
[dna] air wrote 19 bytes to ecology
[dna] air wrote 124 bytes to ecology
[dna] air wrote 69 bytes to ecology
[dna] air wrote 25 bytes to ecology
[dna] air wrote 58 bytes to ecology
[dna] air wrote 10 bytes to ecology
[dna] air wrote 59 bytes to ecology
[dna] air wrote 30 bytes to ecology
[dna] air wrote 24 bytes to ecology
[dna] air wrote 164 bytes to ecology
[dna] air wrote 46 bytes to ecology
[dna] air wrote 38 bytes to ecology
[dna] air wrote 75 bytes to ecology
[dna] air wrote 146 bytes to ecology
[dna] air wrote 78 bytes to ecology
[debug-onto] tick=650 corpus=139029 stage=2 freeze=0
[dna] air wrote 73 bytes to ecology
[dna] air wrote 81 bytes to ecology
[dna] air wrote 141 bytes to ecology
[dna] air wrote 76 bytes to ecology
[dna] air wrote 56 bytes to ecology
[dna] air wrote 37 bytes to ecology
[dna] air wrote 100 bytes to ecology
[dna] air wrote 95 bytes to ecology
[dna] air wrote 25 bytes to ecology
[dna] air wrote 32 bytes to ecology
[dna] air wrote 29 bytes to ecology
[dna] air wrote 97 bytes to ecology
[dna] air wrote 178 bytes to ecology

[evolution] Organism shutting down gracefully.
