[ecology] Element: fire → corpus: nonames_fire.txt
[evolution] Autonomous evolution mode — organism will grow through all stages without pause.
[ecology] Joined swarm. 1 peer(s) detected.
molequla is alive. [evolution] Autonomous mode — background trainer running. Ctrl+C to stop.
[dna] fire wrote 30 bytes to ecology
[dna] fire consumed 12727 bytes from 200 files: [water/gen_1776841456_1.txt water/gen_1776841473_4.txt water/gen_1776841482_7.txt water/gen_1776841491_10.txt water/gen_1776841500_13.txt water/gen_1776841509_16.txt water/gen_1776841518_19.txt water/gen_1776841527_22.txt water/gen_1776841536_25.txt water/gen_1776841545_28.txt water/gen_1776841554_31.txt water/gen_1776841563_34.txt water/gen_1776841572_37.txt water/gen_1776841581_40.txt water/gen_1776841590_43.txt water/gen_1776841599_46.txt water/gen_1776841617_52.txt water/gen_1776841626_55.txt water/gen_1776841635_58.txt water/gen_1776841644_61.txt water/gen_1776841652_64.txt water/gen_1776841661_67.txt water/gen_1776841670_70.txt water/gen_1776841679_73.txt water/gen_1776841688_76.txt water/gen_1776841697_79.txt water/gen_1776841706_82.txt water/gen_1776841715_85.txt water/gen_1776841724_88.txt water/gen_1776841733_91.txt water/gen_1776841742_94.txt water/gen_1776841751_97.txt water/gen_1776841759_100.txt water/gen_1776841768_103.txt water/gen_1776841777_106.txt water/gen_1776841786_109.txt water/gen_1776841795_112.txt water/gen_1776841804_115.txt water/gen_1776841813_118.txt water/gen_1776841822_121.txt water/gen_1776841831_124.txt water/gen_1776841839_127.txt water/gen_1776841848_130.txt water/gen_1776841857_133.txt water/gen_1776841866_136.txt water/gen_1776841875_139.txt water/gen_1776841884_142.txt water/gen_1776841893_145.txt water/gen_1776841902_148.txt water/gen_1776841910_151.txt water/gen_1776841919_154.txt water/gen_1776841928_157.txt water/gen_1776841937_160.txt water/gen_1776841946_163.txt water/gen_1776841954_166.txt water/gen_1776841963_169.txt water/gen_1776841972_172.txt water/gen_1776841981_175.txt water/gen_1776841990_178.txt water/gen_1776841998_181.txt water/gen_1776842007_184.txt water/gen_1776842016_187.txt water/gen_1776842025_190.txt water/gen_1776842034_193.txt water/gen_1776842042_196.txt water/gen_1776842051_199.txt water/gen_1776842060_202.txt water/gen_1776842069_205.txt water/gen_1776842078_208.txt water/gen_1776842087_211.txt water/gen_1776842095_214.txt water/gen_1776842104_217.txt water/gen_1776842113_220.txt water/gen_1776842122_223.txt water/gen_1776842131_226.txt water/gen_1776842140_229.txt water/gen_1776842149_232.txt water/gen_1776842157_235.txt water/gen_1776842166_238.txt water/gen_1776842175_241.txt water/gen_1776842183_244.txt water/gen_1776842192_247.txt water/gen_1776842201_250.txt water/gen_1776842210_253.txt water/gen_1776842219_256.txt water/gen_1776842227_259.txt water/gen_1776842236_262.txt water/gen_1776842245_265.txt water/gen_1776842254_268.txt water/gen_1776842263_271.txt water/gen_1776842271_274.txt water/gen_1776842280_277.txt water/gen_1776842289_280.txt water/gen_1776842298_283.txt water/gen_1776842307_286.txt water/gen_1776842316_289.txt water/gen_1776842325_292.txt water/gen_1776842334_295.txt water/gen_1776842343_298.txt water/gen_1776842351_301.txt water/gen_1776842360_304.txt water/gen_1776842378_310.txt water/gen_1776842387_313.txt water/gen_1776842396_316.txt water/gen_1776842404_319.txt water/gen_1776842413_322.txt water/gen_1776842422_325.txt water/gen_1776842431_328.txt water/gen_1776842440_331.txt water/gen_1776842449_334.txt water/gen_1776842457_337.txt water/gen_1776842466_340.txt water/gen_1776842475_343.txt water/gen_1776842484_346.txt water/gen_1776842493_349.txt water/gen_1776842501_352.txt water/gen_1776842510_355.txt water/gen_1776842519_358.txt water/gen_1776842528_361.txt water/gen_1776842536_364.txt water/gen_1776842545_367.txt water/gen_1776842554_370.txt water/gen_1776842563_373.txt water/gen_1776842571_376.txt water/gen_1776842580_379.txt water/gen_1776842589_382.txt water/gen_1776842597_385.txt water/gen_1776842606_388.txt water/gen_1776842615_391.txt water/gen_1776842624_394.txt water/gen_1776842633_397.txt water/gen_1776842641_400.txt water/gen_1776842650_403.txt water/gen_1776842659_406.txt water/gen_1776842668_409.txt water/gen_1776842677_412.txt water/gen_1776842686_415.txt water/gen_1776842694_418.txt water/gen_1776842712_424.txt water/gen_1776842720_427.txt water/gen_1776842729_430.txt water/gen_1776842738_433.txt water/gen_1776842747_436.txt water/gen_1776842756_439.txt water/gen_1776842765_442.txt water/gen_1776842774_445.txt water/gen_1776842782_448.txt water/gen_1776842791_451.txt water/gen_1776842800_454.txt water/gen_1776842808_457.txt water/gen_1776842817_460.txt water/gen_1776842826_463.txt water/gen_1776842834_466.txt water/gen_1776842843_469.txt water/gen_1776842852_472.txt water/gen_1776842860_475.txt water/gen_1776842869_478.txt water/gen_1776842878_481.txt water/gen_1776842887_484.txt water/gen_1776842896_487.txt water/gen_1776842904_490.txt water/gen_1776842913_493.txt water/gen_1776842922_496.txt water/gen_1776842931_499.txt water/gen_1776842940_502.txt water/gen_1776842948_505.txt water/gen_1776842957_508.txt water/gen_1776842966_511.txt water/gen_1776842975_514.txt water/gen_1776842984_517.txt water/gen_1776842993_520.txt water/gen_1776843001_523.txt water/gen_1776843010_526.txt water/gen_1776843019_529.txt water/gen_1776843028_532.txt water/gen_1776843037_535.txt water/gen_1776843046_538.txt water/gen_1776843055_541.txt water/gen_1776843063_544.txt water/gen_1776843072_547.txt water/gen_1776843081_550.txt water/gen_1776843090_553.txt water/gen_1776843099_556.txt water/gen_1776843108_559.txt water/gen_1776843116_562.txt water/gen_1776843125_565.txt water/gen_1776843134_568.txt water/gen_1776843143_571.txt water/gen_1776843152_574.txt water/gen_1776843161_577.txt water/gen_1776843170_580.txt water/gen_1776843178_583.txt water/gen_1776843187_586.txt water/gen_1776843196_589.txt water/gen_1776843205_592.txt water/gen_1776843214_595.txt water/gen_1776843222_598.txt water/gen_1776843231_601.txt water/gen_1776843240_604.txt water/gen_1776843249_607.txt]
[trainer] micro-train burst (12727 bytes, novelty 0.05) — and lo, it feeds again.
[syntropy] action=explore | trend=0.0000 | field_dev=-0.032 | purpose_align=-0.030 | lr_mul=1.30
[aml] burst complete: 32 steps, avg loss 1.9868 (memory freed)
[dna] fire wrote 35 bytes to ecology
[dna] fire wrote 15 bytes to ecology
[dna] fire wrote 15 bytes to ecology
[dna] fire wrote 27 bytes to ecology
[dna] fire wrote 137 bytes to ecology
[dna] fire wrote 37 bytes to ecology
[dna] fire wrote 54 bytes to ecology
[dna] fire wrote 21 bytes to ecology
[dna] fire wrote 64 bytes to ecology
[dna] fire wrote 105 bytes to ecology
[dna] fire wrote 49 bytes to ecology
[dna] fire wrote 54 bytes to ecology
[dna] fire wrote 134 bytes to ecology
[dna] fire wrote 8 bytes to ecology
[dna] fire wrote 101 bytes to ecology
[dna] fire wrote 27 bytes to ecology
[debug-onto] tick=50 corpus=134827 stage=2 freeze=0
[dna] fire wrote 80 bytes to ecology
[dna] fire wrote 109 bytes to ecology
[dna] fire wrote 136 bytes to ecology
[dna] fire wrote 49 bytes to ecology
[dna] fire wrote 34 bytes to ecology
[dna] fire wrote 28 bytes to ecology
[dna] fire wrote 9 bytes to ecology
[dna] fire wrote 209 bytes to ecology
[dna] fire wrote 46 bytes to ecology
[dna] fire wrote 18 bytes to ecology
[dna] fire wrote 29 bytes to ecology
[dna] fire wrote 30 bytes to ecology
[dna] fire wrote 130 bytes to ecology
[dna] fire wrote 115 bytes to ecology
[dna] fire wrote 31 bytes to ecology
[dna] fire wrote 40 bytes to ecology
[dna] fire wrote 34 bytes to ecology
[debug-onto] tick=100 corpus=134827 stage=2 freeze=0
[dna] fire wrote 19 bytes to ecology
[dna] fire wrote 41 bytes to ecology
[dna] fire wrote 33 bytes to ecology
[dna] fire wrote 30 bytes to ecology
[dna] fire wrote 177 bytes to ecology
[dna] fire wrote 45 bytes to ecology
[dna] fire wrote 130 bytes to ecology
[dna] fire wrote 41 bytes to ecology
[dna] fire wrote 32 bytes to ecology
[dna] fire wrote 99 bytes to ecology
[dna] fire wrote 22 bytes to ecology
[dna] fire wrote 36 bytes to ecology
[dna] fire wrote 98 bytes to ecology
[dna] fire wrote 38 bytes to ecology
[dna] fire wrote 48 bytes to ecology
[dna] fire wrote 151 bytes to ecology
[debug-onto] tick=150 corpus=134827 stage=2 freeze=0
[dna] fire wrote 40 bytes to ecology
[dna] fire wrote 46 bytes to ecology
[dna] fire wrote 70 bytes to ecology
[dna] fire wrote 39 bytes to ecology
[dna] fire wrote 57 bytes to ecology
[dna] fire wrote 117 bytes to ecology
[dna] fire wrote 20 bytes to ecology
[dna] fire wrote 96 bytes to ecology
[dna] fire wrote 136 bytes to ecology
[dna] fire wrote 42 bytes to ecology
[dna] fire wrote 28 bytes to ecology
[dna] fire wrote 34 bytes to ecology
[dna] fire wrote 129 bytes to ecology
[dna] fire wrote 21 bytes to ecology
[dna] fire wrote 24 bytes to ecology
[dna] fire wrote 13 bytes to ecology
[dna] fire wrote 24 bytes to ecology
[debug-onto] tick=200 corpus=134827 stage=2 freeze=0
[dna] fire wrote 142 bytes to ecology
[dna] fire wrote 66 bytes to ecology
[dna] fire wrote 33 bytes to ecology
[dna] fire wrote 30 bytes to ecology
[dna] fire wrote 116 bytes to ecology
[dna] fire wrote 54 bytes to ecology
[dna] fire wrote 84 bytes to ecology
[dna] fire wrote 49 bytes to ecology
[dna] fire wrote 7 bytes to ecology
[dna] fire wrote 32 bytes to ecology
[dna] fire wrote 38 bytes to ecology
[dna] fire wrote 40 bytes to ecology
[dna] fire wrote 23 bytes to ecology
[dna] fire wrote 18 bytes to ecology
[dna] fire wrote 31 bytes to ecology
[dna] fire wrote 80 bytes to ecology
[dna] fire wrote 25 bytes to ecology
[debug-onto] tick=250 corpus=134827 stage=2 freeze=0
[dna] fire wrote 55 bytes to ecology
[dna] fire wrote 135 bytes to ecology
[dna] fire wrote 13 bytes to ecology
[dna] fire wrote 34 bytes to ecology
[dna] fire wrote 24 bytes to ecology
[dna] fire wrote 70 bytes to ecology
[dna] fire wrote 35 bytes to ecology
[dna] fire wrote 45 bytes to ecology
[dna] fire wrote 82 bytes to ecology
[dna] fire wrote 96 bytes to ecology
[dna] fire wrote 30 bytes to ecology
[dna] fire wrote 42 bytes to ecology
[dna] fire wrote 9 bytes to ecology
[dna] fire wrote 124 bytes to ecology
[dna] fire wrote 294 bytes to ecology
[dna] fire wrote 30 bytes to ecology
[debug-onto] tick=300 corpus=134827 stage=2 freeze=0
[dna] fire wrote 41 bytes to ecology
[dna] fire wrote 137 bytes to ecology
[dna] fire wrote 12 bytes to ecology
[dna] fire wrote 53 bytes to ecology
[dna] fire wrote 24 bytes to ecology
[dna] fire wrote 85 bytes to ecology
[dna] fire wrote 52 bytes to ecology
[dna] fire wrote 33 bytes to ecology
[dna] fire wrote 100 bytes to ecology
[dna] fire wrote 48 bytes to ecology
[dna] fire wrote 40 bytes to ecology
[dna] fire wrote 74 bytes to ecology
[dna] fire wrote 70 bytes to ecology
[dna] fire wrote 24 bytes to ecology
[dna] fire wrote 15 bytes to ecology
[dna] fire wrote 28 bytes to ecology
[dna] fire wrote 130 bytes to ecology
[debug-onto] tick=350 corpus=134827 stage=2 freeze=0
[dna] fire wrote 56 bytes to ecology
[dna] fire wrote 25 bytes to ecology
[dna] fire wrote 22 bytes to ecology
[dna] fire wrote 63 bytes to ecology
[dna] fire wrote 306 bytes to ecology
[dna] fire wrote 37 bytes to ecology
[dna] fire wrote 8 bytes to ecology
[dna] fire wrote 21 bytes to ecology
[dna] fire wrote 12 bytes to ecology
[dna] fire wrote 66 bytes to ecology
[dna] fire wrote 166 bytes to ecology
[dna] fire wrote 121 bytes to ecology
[dna] fire wrote 49 bytes to ecology
[dna] fire wrote 27 bytes to ecology
[dna] fire wrote 57 bytes to ecology
[dna] fire wrote 56 bytes to ecology
[dna] fire wrote 32 bytes to ecology
[debug-onto] tick=400 corpus=134827 stage=2 freeze=0
[dna] fire wrote 86 bytes to ecology
[dna] fire wrote 14 bytes to ecology
[dna] fire wrote 21 bytes to ecology
[dna] fire wrote 189 bytes to ecology
[dna] fire wrote 17 bytes to ecology
[dna] fire wrote 11 bytes to ecology
[dna] fire wrote 30 bytes to ecology
[dna] fire wrote 147 bytes to ecology
[dna] fire wrote 115 bytes to ecology
[dna] fire wrote 19 bytes to ecology
[dna] fire wrote 85 bytes to ecology
[dna] fire wrote 55 bytes to ecology
[dna] fire wrote 59 bytes to ecology
[dna] fire wrote 101 bytes to ecology
[dna] fire wrote 45 bytes to ecology
[dna] fire wrote 20 bytes to ecology
[debug-onto] tick=450 corpus=134827 stage=2 freeze=0
[dna] fire wrote 20 bytes to ecology
[dna] fire wrote 62 bytes to ecology
[dna] fire wrote 46 bytes to ecology
[dna] fire wrote 162 bytes to ecology
[dna] fire wrote 63 bytes to ecology
[dna] fire wrote 42 bytes to ecology
[dna] fire wrote 95 bytes to ecology
[dna] fire wrote 45 bytes to ecology
[dna] fire wrote 30 bytes to ecology
[dna] fire wrote 9 bytes to ecology
[dna] fire wrote 89 bytes to ecology
[dna] fire wrote 30 bytes to ecology
[dna] fire wrote 91 bytes to ecology
[dna] fire wrote 19 bytes to ecology
[dna] fire wrote 76 bytes to ecology
[dna] fire wrote 52 bytes to ecology
[dna] fire wrote 11 bytes to ecology
[debug-onto] tick=500 corpus=134827 stage=2 freeze=0
[dna] fire wrote 28 bytes to ecology
[dna] fire wrote 54 bytes to ecology
[dna] fire wrote 11 bytes to ecology
[dna] fire wrote 39 bytes to ecology
[dna] fire wrote 50 bytes to ecology
[dna] fire wrote 26 bytes to ecology
[dna] fire wrote 84 bytes to ecology
[dna] fire wrote 32 bytes to ecology
[dna] fire wrote 101 bytes to ecology
[dna] fire wrote 76 bytes to ecology
[dna] fire wrote 91 bytes to ecology
[dna] fire wrote 60 bytes to ecology
[dna] fire wrote 72 bytes to ecology
[dna] fire wrote 126 bytes to ecology
[dna] fire wrote 75 bytes to ecology
[dna] fire wrote 66 bytes to ecology
[dna] fire wrote 82 bytes to ecology
[debug-onto] tick=550 corpus=134827 stage=2 freeze=0
[dna] fire wrote 139 bytes to ecology
[dna] fire wrote 38 bytes to ecology
[dna] fire wrote 221 bytes to ecology
[dna] fire wrote 40 bytes to ecology
[dna] fire wrote 52 bytes to ecology
[dna] fire wrote 33 bytes to ecology
[dna] fire wrote 60 bytes to ecology
[dna] fire wrote 63 bytes to ecology
[dna] fire wrote 38 bytes to ecology
[dna] fire wrote 59 bytes to ecology
[dna] fire wrote 34 bytes to ecology
[dna] fire wrote 30 bytes to ecology
[dna] fire wrote 102 bytes to ecology
[dna] fire wrote 17 bytes to ecology
[dna] fire wrote 61 bytes to ecology
[dna] fire wrote 48 bytes to ecology
[debug-onto] tick=600 corpus=134827 stage=2 freeze=0
[dna] fire wrote 32 bytes to ecology
[dna] fire wrote 215 bytes to ecology
[dna] fire wrote 35 bytes to ecology
[dna] fire wrote 92 bytes to ecology
[dna] fire wrote 39 bytes to ecology
[dna] fire wrote 17 bytes to ecology
[dna] fire wrote 88 bytes to ecology
[dna] fire wrote 33 bytes to ecology
[dna] fire wrote 108 bytes to ecology
[dna] fire wrote 84 bytes to ecology
[dna] fire wrote 8 bytes to ecology
[dna] fire wrote 42 bytes to ecology
[dna] fire wrote 97 bytes to ecology
[dna] fire wrote 114 bytes to ecology
[dna] fire wrote 126 bytes to ecology
[dna] fire wrote 123 bytes to ecology
[dna] fire wrote 21 bytes to ecology
[debug-onto] tick=650 corpus=134827 stage=2 freeze=0
[dna] fire wrote 57 bytes to ecology
[dna] fire wrote 27 bytes to ecology
[dna] fire wrote 115 bytes to ecology
[dna] fire wrote 72 bytes to ecology
[dna] fire wrote 109 bytes to ecology
[dna] fire wrote 74 bytes to ecology
[dna] fire wrote 133 bytes to ecology
[dna] fire wrote 10 bytes to ecology
[dna] fire wrote 50 bytes to ecology
[dna] fire wrote 25 bytes to ecology
[dna] fire wrote 14 bytes to ecology

[evolution] Organism shutting down gracefully.
