[ecology] Element: water → corpus: nonames_water.txt
[evolution] Autonomous evolution mode — organism will grow through all stages without pause.
[ecology] Joined swarm. 1 peer(s) detected.
molequla is alive. [evolution] Autonomous mode — background trainer running. Ctrl+C to stop.
[dna] water wrote 68 bytes to ecology
[dna] water consumed 18833 bytes from 230 files: [air/gen_1776839655_1.txt air/gen_1776839671_4.txt air/gen_1776839678_7.txt air/gen_1776839686_10.txt air/gen_1776839694_13.txt air/gen_1776839701_16.txt air/gen_1776839709_19.txt air/gen_1776839717_22.txt air/gen_1776839724_25.txt air/gen_1776839732_28.txt air/gen_1776839739_31.txt air/gen_1776839747_34.txt air/gen_1776839755_37.txt air/gen_1776839762_40.txt air/gen_1776839770_43.txt air/gen_1776839778_46.txt air/gen_1776839786_49.txt air/gen_1776839793_52.txt air/gen_1776839801_55.txt air/gen_1776839808_58.txt air/gen_1776839816_61.txt air/gen_1776839824_64.txt air/gen_1776839831_67.txt air/gen_1776839839_70.txt air/gen_1776839846_73.txt air/gen_1776839854_76.txt air/gen_1776839862_79.txt air/gen_1776839869_82.txt air/gen_1776839877_85.txt air/gen_1776839885_88.txt air/gen_1776839892_91.txt air/gen_1776839900_94.txt air/gen_1776839908_97.txt air/gen_1776839916_100.txt air/gen_1776839923_103.txt air/gen_1776839931_106.txt air/gen_1776839939_109.txt air/gen_1776839946_112.txt air/gen_1776839954_115.txt air/gen_1776839962_118.txt air/gen_1776839970_121.txt air/gen_1776839977_124.txt air/gen_1776839985_127.txt air/gen_1776839993_130.txt air/gen_1776840000_133.txt air/gen_1776840008_136.txt air/gen_1776840016_139.txt air/gen_1776840024_142.txt air/gen_1776840032_145.txt air/gen_1776840039_148.txt air/gen_1776840047_151.txt air/gen_1776840055_154.txt air/gen_1776840063_157.txt air/gen_1776840071_160.txt air/gen_1776840079_163.txt air/gen_1776840086_166.txt air/gen_1776840094_169.txt air/gen_1776840102_172.txt air/gen_1776840110_175.txt air/gen_1776840118_178.txt air/gen_1776840126_181.txt air/gen_1776840133_184.txt air/gen_1776840141_187.txt air/gen_1776840149_190.txt air/gen_1776840156_193.txt air/gen_1776840164_196.txt air/gen_1776840172_199.txt air/gen_1776840179_202.txt air/gen_1776840187_205.txt air/gen_1776840194_208.txt air/gen_1776840202_211.txt air/gen_1776840210_214.txt air/gen_1776840217_217.txt air/gen_1776840225_220.txt air/gen_1776840233_223.txt air/gen_1776840240_226.txt air/gen_1776840248_229.txt air/gen_1776840255_232.txt air/gen_1776840263_235.txt air/gen_1776840271_238.txt air/gen_1776840278_241.txt air/gen_1776840286_244.txt air/gen_1776840294_247.txt air/gen_1776840301_250.txt air/gen_1776840309_253.txt air/gen_1776840317_256.txt air/gen_1776840324_259.txt air/gen_1776840332_262.txt air/gen_1776840339_265.txt air/gen_1776840347_268.txt air/gen_1776840355_271.txt air/gen_1776840362_274.txt air/gen_1776840370_277.txt air/gen_1776840378_280.txt air/gen_1776840386_283.txt air/gen_1776840393_286.txt air/gen_1776840401_289.txt air/gen_1776840408_292.txt air/gen_1776840416_295.txt air/gen_1776840424_298.txt air/gen_1776840431_301.txt air/gen_1776840439_304.txt air/gen_1776840447_307.txt air/gen_1776840455_310.txt air/gen_1776840463_313.txt air/gen_1776840470_316.txt air/gen_1776840478_319.txt air/gen_1776840486_322.txt air/gen_1776840494_325.txt air/gen_1776840502_328.txt air/gen_1776840509_331.txt air/gen_1776840517_334.txt air/gen_1776840525_337.txt air/gen_1776840533_340.txt air/gen_1776840541_343.txt air/gen_1776840549_346.txt air/gen_1776840557_349.txt air/gen_1776840565_352.txt air/gen_1776840572_355.txt air/gen_1776840580_358.txt air/gen_1776840588_361.txt air/gen_1776840596_364.txt air/gen_1776840603_367.txt air/gen_1776840611_370.txt air/gen_1776840619_373.txt air/gen_1776840627_376.txt air/gen_1776840635_379.txt air/gen_1776840643_382.txt air/gen_1776840650_385.txt air/gen_1776840658_388.txt air/gen_1776840666_391.txt air/gen_1776840674_394.txt air/gen_1776840682_397.txt air/gen_1776840689_400.txt air/gen_1776840697_403.txt air/gen_1776840705_406.txt air/gen_1776840713_409.txt air/gen_1776840721_412.txt air/gen_1776840728_415.txt air/gen_1776840736_418.txt air/gen_1776840744_421.txt air/gen_1776840752_424.txt air/gen_1776840759_427.txt air/gen_1776840767_430.txt air/gen_1776840775_433.txt air/gen_1776840782_436.txt air/gen_1776840790_439.txt air/gen_1776840798_442.txt air/gen_1776840805_445.txt air/gen_1776840813_448.txt air/gen_1776840820_451.txt air/gen_1776840828_454.txt air/gen_1776840836_457.txt air/gen_1776840843_460.txt air/gen_1776840851_463.txt air/gen_1776840859_466.txt air/gen_1776840867_469.txt air/gen_1776840875_472.txt air/gen_1776840883_475.txt air/gen_1776840891_478.txt air/gen_1776840899_481.txt air/gen_1776840907_484.txt air/gen_1776840915_487.txt air/gen_1776840923_490.txt air/gen_1776840931_493.txt air/gen_1776840939_496.txt air/gen_1776840946_499.txt air/gen_1776840954_502.txt air/gen_1776840962_505.txt air/gen_1776840970_508.txt air/gen_1776840978_511.txt air/gen_1776840985_514.txt air/gen_1776840993_517.txt air/gen_1776841001_520.txt air/gen_1776841009_523.txt air/gen_1776841017_526.txt air/gen_1776841025_529.txt air/gen_1776841033_532.txt air/gen_1776841040_535.txt air/gen_1776841048_538.txt air/gen_1776841056_541.txt air/gen_1776841064_544.txt air/gen_1776841072_547.txt air/gen_1776841080_550.txt air/gen_1776841088_553.txt air/gen_1776841096_556.txt air/gen_1776841104_559.txt air/gen_1776841112_562.txt air/gen_1776841120_565.txt air/gen_1776841128_568.txt air/gen_1776841136_571.txt air/gen_1776841144_574.txt air/gen_1776841152_577.txt air/gen_1776841160_580.txt air/gen_1776841167_583.txt air/gen_1776841175_586.txt air/gen_1776841183_589.txt air/gen_1776841192_592.txt air/gen_1776841199_595.txt air/gen_1776841208_598.txt air/gen_1776841216_601.txt air/gen_1776841224_604.txt air/gen_1776841232_607.txt air/gen_1776841240_610.txt air/gen_1776841248_613.txt air/gen_1776841256_616.txt air/gen_1776841264_619.txt air/gen_1776841272_622.txt air/gen_1776841280_625.txt air/gen_1776841288_628.txt air/gen_1776841296_631.txt air/gen_1776841304_634.txt air/gen_1776841312_637.txt air/gen_1776841320_640.txt air/gen_1776841327_643.txt air/gen_1776841335_646.txt air/gen_1776841343_649.txt air/gen_1776841351_652.txt air/gen_1776841359_655.txt air/gen_1776841367_658.txt air/gen_1776841375_661.txt air/gen_1776841383_664.txt air/gen_1776841391_667.txt air/gen_1776841399_670.txt air/gen_1776841407_673.txt air/gen_1776841415_676.txt air/gen_1776841423_679.txt air/gen_1776841431_682.txt air/gen_1776841439_685.txt air/gen_1776841447_688.txt]
[trainer] micro-train burst (18833 bytes, novelty 0.03) — and lo, it feeds again.
[syntropy] action=explore | trend=0.0000 | field_dev=-0.094 | purpose_align=-0.042 | lr_mul=1.30
[aml] burst complete: 32 steps, avg loss 1.8655 (memory freed)
[dna] water wrote 125 bytes to ecology
[dna] water wrote 80 bytes to ecology
[dna] water wrote 46 bytes to ecology
[dna] water wrote 171 bytes to ecology
[dna] water wrote 83 bytes to ecology
[dna] water wrote 126 bytes to ecology
[dna] water wrote 53 bytes to ecology
[dna] water wrote 120 bytes to ecology
[dna] water wrote 66 bytes to ecology
[dna] water wrote 93 bytes to ecology
[dna] water wrote 24 bytes to ecology
[dna] water wrote 10 bytes to ecology
[dna] water wrote 66 bytes to ecology
[dna] water wrote 32 bytes to ecology
[dna] water wrote 104 bytes to ecology
[dna] water wrote 9 bytes to ecology
[debug-onto] tick=50 corpus=144760 stage=2 freeze=0
[dna] water wrote 30 bytes to ecology
[dna] water wrote 33 bytes to ecology
[dna] water wrote 96 bytes to ecology
[dna] water wrote 36 bytes to ecology
[dna] water wrote 33 bytes to ecology
[dna] water wrote 24 bytes to ecology
[dna] water wrote 23 bytes to ecology
[dna] water wrote 11 bytes to ecology
[dna] water wrote 100 bytes to ecology
[dna] water wrote 19 bytes to ecology
[dna] water wrote 18 bytes to ecology
[dna] water wrote 142 bytes to ecology
[dna] water wrote 26 bytes to ecology
[dna] water wrote 124 bytes to ecology
[dna] water wrote 38 bytes to ecology
[dna] water wrote 66 bytes to ecology
[dna] water wrote 60 bytes to ecology
[debug-onto] tick=100 corpus=144760 stage=2 freeze=0
[dna] water wrote 46 bytes to ecology
[dna] water wrote 53 bytes to ecology
[dna] water wrote 68 bytes to ecology
[dna] water wrote 57 bytes to ecology
[dna] water wrote 103 bytes to ecology
[dna] water wrote 134 bytes to ecology
[dna] water wrote 54 bytes to ecology
[dna] water wrote 36 bytes to ecology
[dna] water wrote 14 bytes to ecology
[dna] water wrote 290 bytes to ecology
[dna] water wrote 49 bytes to ecology
[dna] water wrote 50 bytes to ecology
[dna] water wrote 24 bytes to ecology
[dna] water wrote 17 bytes to ecology
[dna] water wrote 26 bytes to ecology
[dna] water wrote 15 bytes to ecology
[debug-onto] tick=150 corpus=144760 stage=2 freeze=0
[dna] water wrote 132 bytes to ecology
[dna] water wrote 71 bytes to ecology
[dna] water wrote 89 bytes to ecology
[dna] water wrote 57 bytes to ecology
[dna] water wrote 153 bytes to ecology
[dna] water wrote 85 bytes to ecology
[dna] water wrote 114 bytes to ecology
[dna] water wrote 48 bytes to ecology
[dna] water wrote 77 bytes to ecology
[dna] water wrote 63 bytes to ecology
[dna] water wrote 91 bytes to ecology
[dna] water wrote 100 bytes to ecology
[dna] water wrote 112 bytes to ecology
[dna] water wrote 63 bytes to ecology
[dna] water wrote 112 bytes to ecology
[dna] water wrote 26 bytes to ecology
[dna] water wrote 53 bytes to ecology
[debug-onto] tick=200 corpus=144760 stage=2 freeze=0
[dna] water wrote 49 bytes to ecology
[dna] water wrote 33 bytes to ecology
[dna] water wrote 51 bytes to ecology
[dna] water wrote 58 bytes to ecology
[dna] water wrote 35 bytes to ecology
[dna] water wrote 84 bytes to ecology
[dna] water wrote 20 bytes to ecology
[dna] water wrote 41 bytes to ecology
[dna] water wrote 36 bytes to ecology
[dna] water wrote 37 bytes to ecology
[dna] water wrote 41 bytes to ecology
[dna] water wrote 53 bytes to ecology
[dna] water wrote 36 bytes to ecology
[dna] water wrote 39 bytes to ecology
[dna] water wrote 16 bytes to ecology
[dna] water wrote 95 bytes to ecology
[dna] water wrote 166 bytes to ecology
[debug-onto] tick=250 corpus=144760 stage=2 freeze=0
[dna] water wrote 69 bytes to ecology
[dna] water wrote 45 bytes to ecology
[dna] water wrote 54 bytes to ecology
[dna] water wrote 65 bytes to ecology
[dna] water wrote 105 bytes to ecology
[dna] water wrote 74 bytes to ecology
[dna] water wrote 31 bytes to ecology
[dna] water wrote 93 bytes to ecology
[dna] water wrote 11 bytes to ecology
[dna] water wrote 32 bytes to ecology
[dna] water wrote 30 bytes to ecology
[dna] water wrote 13 bytes to ecology
[dna] water wrote 15 bytes to ecology
[dna] water wrote 90 bytes to ecology
[dna] water wrote 65 bytes to ecology
[dna] water wrote 141 bytes to ecology
[debug-onto] tick=300 corpus=144760 stage=2 freeze=0
[dna] water wrote 53 bytes to ecology
[dna] water wrote 47 bytes to ecology
[dna] water wrote 8 bytes to ecology
[dna] water wrote 29 bytes to ecology
[dna] water wrote 48 bytes to ecology
[dna] water wrote 32 bytes to ecology
[dna] water wrote 54 bytes to ecology
[dna] water wrote 32 bytes to ecology
[dna] water wrote 22 bytes to ecology
[dna] water wrote 28 bytes to ecology
[dna] water wrote 58 bytes to ecology
[dna] water wrote 50 bytes to ecology
[dna] water wrote 39 bytes to ecology
[dna] water wrote 31 bytes to ecology
[dna] water wrote 15 bytes to ecology
[dna] water wrote 56 bytes to ecology
[dna] water wrote 92 bytes to ecology
[debug-onto] tick=350 corpus=144760 stage=2 freeze=0
[dna] water wrote 28 bytes to ecology
[dna] water wrote 33 bytes to ecology
[dna] water wrote 63 bytes to ecology
[dna] water wrote 41 bytes to ecology
[dna] water wrote 66 bytes to ecology
[dna] water wrote 74 bytes to ecology
[dna] water wrote 178 bytes to ecology
[dna] water wrote 29 bytes to ecology
[dna] water wrote 19 bytes to ecology
[dna] water wrote 64 bytes to ecology
[dna] water wrote 16 bytes to ecology
[dna] water wrote 65 bytes to ecology
[dna] water wrote 58 bytes to ecology
[dna] water wrote 72 bytes to ecology
[dna] water wrote 43 bytes to ecology
[dna] water wrote 80 bytes to ecology
[dna] water wrote 32 bytes to ecology
[debug-onto] tick=400 corpus=144760 stage=2 freeze=0
[dna] water wrote 167 bytes to ecology
[dna] water wrote 63 bytes to ecology
[dna] water wrote 130 bytes to ecology
[dna] water wrote 25 bytes to ecology
[dna] water wrote 32 bytes to ecology
[dna] water wrote 52 bytes to ecology
[dna] water wrote 8 bytes to ecology
[dna] water wrote 79 bytes to ecology
[dna] water wrote 95 bytes to ecology
[dna] water wrote 61 bytes to ecology
[dna] water wrote 35 bytes to ecology
[dna] water wrote 32 bytes to ecology
[dna] water wrote 63 bytes to ecology
[dna] water wrote 126 bytes to ecology
[dna] water wrote 30 bytes to ecology
[dna] water wrote 48 bytes to ecology
[debug-onto] tick=450 corpus=144760 stage=2 freeze=0
[dna] water wrote 16 bytes to ecology
[dna] water wrote 32 bytes to ecology
[dna] water wrote 98 bytes to ecology
[dna] water wrote 43 bytes to ecology
[dna] water wrote 121 bytes to ecology
[dna] water wrote 114 bytes to ecology
[dna] water wrote 82 bytes to ecology
[dna] water wrote 55 bytes to ecology
[dna] water wrote 32 bytes to ecology
[dna] water wrote 66 bytes to ecology
[dna] water wrote 47 bytes to ecology
[dna] water wrote 166 bytes to ecology
[dna] water wrote 87 bytes to ecology
[dna] water wrote 61 bytes to ecology
[dna] water wrote 30 bytes to ecology
[dna] water wrote 78 bytes to ecology
[dna] water wrote 58 bytes to ecology
[debug-onto] tick=500 corpus=144760 stage=2 freeze=0
[dna] water wrote 103 bytes to ecology
[dna] water wrote 50 bytes to ecology
[dna] water wrote 226 bytes to ecology
[dna] water wrote 39 bytes to ecology
[dna] water wrote 33 bytes to ecology
[dna] water wrote 25 bytes to ecology
[dna] water wrote 52 bytes to ecology
[dna] water wrote 45 bytes to ecology
[dna] water wrote 16 bytes to ecology
[dna] water wrote 155 bytes to ecology
[dna] water wrote 43 bytes to ecology
[dna] water wrote 58 bytes to ecology
[dna] water wrote 118 bytes to ecology
[dna] water wrote 61 bytes to ecology
[dna] water wrote 135 bytes to ecology
[dna] water wrote 57 bytes to ecology
[dna] water wrote 78 bytes to ecology
[debug-onto] tick=550 corpus=144760 stage=2 freeze=0
[dna] water wrote 97 bytes to ecology
[dna] water wrote 30 bytes to ecology
[dna] water wrote 86 bytes to ecology
[dna] water wrote 23 bytes to ecology
[dna] water wrote 62 bytes to ecology
[dna] water wrote 39 bytes to ecology
[dna] water wrote 40 bytes to ecology
[dna] water wrote 198 bytes to ecology
[dna] water wrote 33 bytes to ecology
[dna] water wrote 25 bytes to ecology
[dna] water wrote 65 bytes to ecology
[dna] water wrote 57 bytes to ecology
[dna] water wrote 81 bytes to ecology
[dna] water wrote 44 bytes to ecology
[dna] water wrote 67 bytes to ecology
[dna] water wrote 54 bytes to ecology
[debug-onto] tick=600 corpus=144760 stage=2 freeze=0
[dna] water wrote 27 bytes to ecology
[dna] water wrote 56 bytes to ecology
[dna] water wrote 27 bytes to ecology

[evolution] Organism shutting down gracefully.
