[ecology] Element: air → corpus: nonames_air.txt
[evolution] Autonomous evolution mode — organism will grow through all stages without pause.
[ecology] Joined swarm. 1 peer(s) detected.
molequla is alive. [evolution] Autonomous mode — background trainer running. Ctrl+C to stop.
[dna] air wrote 73 bytes to ecology
[dna] air consumed 48241 bytes from 630 files: [earth/gen_1778568132_1.txt earth/gen_1778568138_4.txt earth/gen_1778568140_5.txt earth/gen_1778568142_6.txt earth/gen_1778568144_7.txt earth/gen_1778568150_10.txt earth/gen_1778568152_11.txt earth/gen_1778568154_12.txt earth/gen_1778568156_13.txt earth/gen_1778568158_14.txt earth/gen_1778568162_16.txt earth/gen_1778568164_17.txt earth/gen_1778568166_18.txt earth/gen_1778568169_19.txt earth/gen_1778568175_22.txt earth/gen_1778568177_23.txt earth/gen_1778568179_24.txt earth/gen_1778568181_25.txt earth/gen_1778568187_28.txt earth/gen_1778568189_29.txt earth/gen_1778568191_30.txt earth/gen_1778568193_31.txt earth/gen_1778568199_34.txt earth/gen_1778568204_36.txt earth/gen_1778568206_37.txt earth/gen_1778568212_40.txt earth/gen_1778568214_41.txt earth/gen_1778568216_42.txt earth/gen_1778568218_43.txt earth/gen_1778568220_44.txt earth/gen_1778568224_46.txt earth/gen_1778568226_47.txt earth/gen_1778568228_48.txt earth/gen_1778568230_49.txt earth/gen_1778568236_52.txt earth/gen_1778568238_53.txt earth/gen_1778568240_54.txt earth/gen_1778568242_55.txt earth/gen_1778568244_56.txt earth/gen_1778568248_58.txt earth/gen_1778568251_59.txt earth/gen_1778568253_60.txt earth/gen_1778568255_61.txt earth/gen_1778568261_64.txt earth/gen_1778568263_65.txt earth/gen_1778568265_66.txt earth/gen_1778568267_67.txt earth/gen_1778568269_68.txt earth/gen_1778568273_70.txt earth/gen_1778568275_71.txt earth/gen_1778568277_72.txt earth/gen_1778568279_73.txt earth/gen_1778568281_74.txt earth/gen_1778568285_76.txt earth/gen_1778568287_77.txt earth/gen_1778568289_78.txt earth/gen_1778568291_79.txt earth/gen_1778568297_82.txt earth/gen_1778568299_83.txt earth/gen_1778568301_84.txt earth/gen_1778568303_85.txt earth/gen_1778568309_88.txt earth/gen_1778568311_89.txt earth/gen_1778568314_90.txt earth/gen_1778568316_91.txt earth/gen_1778568322_94.txt earth/gen_1778568324_95.txt earth/gen_1778568326_96.txt earth/gen_1778568328_97.txt earth/gen_1778568330_98.txt earth/gen_1778568334_100.txt earth/gen_1778568336_101.txt earth/gen_1778568338_102.txt earth/gen_1778568340_103.txt earth/gen_1778568342_104.txt earth/gen_1778568346_106.txt earth/gen_1778568348_107.txt earth/gen_1778568350_108.txt earth/gen_1778568352_109.txt earth/gen_1778568354_110.txt earth/gen_1778568358_112.txt earth/gen_1778568360_113.txt earth/gen_1778568362_114.txt earth/gen_1778568364_115.txt earth/gen_1778568370_118.txt earth/gen_1778568372_119.txt earth/gen_1778568374_120.txt earth/gen_1778568376_121.txt earth/gen_1778568382_124.txt earth/gen_1778568384_125.txt earth/gen_1778568386_126.txt earth/gen_1778568388_127.txt earth/gen_1778568394_130.txt earth/gen_1778568397_131.txt earth/gen_1778568399_132.txt earth/gen_1778568401_133.txt earth/gen_1778568407_136.txt earth/gen_1778568409_137.txt earth/gen_1778568411_138.txt earth/gen_1778568413_139.txt earth/gen_1778568415_140.txt earth/gen_1778568419_142.txt earth/gen_1778568421_143.txt earth/gen_1778568423_144.txt earth/gen_1778568425_145.txt earth/gen_1778568427_146.txt earth/gen_1778568431_148.txt earth/gen_1778568433_149.txt earth/gen_1778568435_150.txt earth/gen_1778568437_151.txt earth/gen_1778568439_152.txt earth/gen_1778568443_154.txt earth/gen_1778568445_155.txt earth/gen_1778568447_156.txt earth/gen_1778568449_157.txt earth/gen_1778568451_158.txt earth/gen_1778568455_160.txt earth/gen_1778568457_161.txt earth/gen_1778568459_162.txt earth/gen_1778568461_163.txt earth/gen_1778568467_166.txt earth/gen_1778568470_167.txt earth/gen_1778568472_168.txt earth/gen_1778568474_169.txt earth/gen_1778568480_172.txt earth/gen_1778568482_173.txt earth/gen_1778568484_174.txt earth/gen_1778568486_175.txt earth/gen_1778568492_178.txt earth/gen_1778568494_179.txt earth/gen_1778568496_180.txt earth/gen_1778568498_181.txt earth/gen_1778568504_184.txt earth/gen_1778568506_185.txt earth/gen_1778568508_186.txt earth/gen_1778568510_187.txt earth/gen_1778568516_190.txt earth/gen_1778568520_192.txt earth/gen_1778568522_193.txt earth/gen_1778568528_196.txt earth/gen_1778568530_197.txt earth/gen_1778568532_198.txt earth/gen_1778568534_199.txt earth/gen_1778568540_202.txt earth/gen_1778568542_203.txt earth/gen_1778568546_205.txt earth/gen_1778568553_208.txt earth/gen_1778568555_209.txt earth/gen_1778568557_210.txt earth/gen_1778568559_211.txt earth/gen_1778568565_214.txt earth/gen_1778568567_215.txt earth/gen_1778568569_216.txt earth/gen_1778568571_217.txt earth/gen_1778568577_220.txt earth/gen_1778568579_221.txt earth/gen_1778568581_222.txt earth/gen_1778568583_223.txt earth/gen_1778568589_226.txt earth/gen_1778568591_227.txt earth/gen_1778568593_228.txt earth/gen_1778568595_229.txt earth/gen_1778568601_232.txt earth/gen_1778568603_233.txt earth/gen_1778568605_234.txt earth/gen_1778568607_235.txt earth/gen_1778568609_236.txt earth/gen_1778568613_238.txt earth/gen_1778568615_239.txt earth/gen_1778568617_240.txt earth/gen_1778568619_241.txt earth/gen_1778568625_244.txt earth/gen_1778568627_245.txt earth/gen_1778568629_246.txt earth/gen_1778568631_247.txt earth/gen_1778568633_248.txt earth/gen_1778568638_250.txt earth/gen_1778568640_251.txt earth/gen_1778568642_252.txt earth/gen_1778568644_253.txt earth/gen_1778568650_256.txt earth/gen_1778568652_257.txt earth/gen_1778568654_258.txt earth/gen_1778568656_259.txt earth/gen_1778568658_260.txt earth/gen_1778568662_262.txt earth/gen_1778568664_263.txt earth/gen_1778568666_264.txt earth/gen_1778568668_265.txt earth/gen_1778568674_268.txt earth/gen_1778568676_269.txt earth/gen_1778568678_270.txt earth/gen_1778568681_271.txt earth/gen_1778568687_274.txt earth/gen_1778568689_275.txt earth/gen_1778568691_276.txt earth/gen_1778568693_277.txt earth/gen_1778568695_278.txt earth/gen_1778568699_280.txt earth/gen_1778568701_281.txt earth/gen_1778568703_282.txt earth/gen_1778568705_283.txt earth/gen_1778568711_286.txt earth/gen_1778568713_287.txt earth/gen_1778568715_288.txt earth/gen_1778568717_289.txt earth/gen_1778568723_292.txt earth/gen_1778568725_293.txt earth/gen_1778568727_294.txt earth/gen_1778568729_295.txt earth/gen_1778568732_296.txt earth/gen_1778568736_298.txt earth/gen_1778568738_299.txt earth/gen_1778568740_300.txt earth/gen_1778568742_301.txt earth/gen_1778568744_302.txt earth/gen_1778568748_304.txt earth/gen_1778568750_305.txt earth/gen_1778568752_306.txt earth/gen_1778568754_307.txt earth/gen_1778568760_310.txt earth/gen_1778568762_311.txt earth/gen_1778568764_312.txt earth/gen_1778568766_313.txt earth/gen_1778568768_314.txt earth/gen_1778568772_316.txt earth/gen_1778568774_317.txt earth/gen_1778568776_318.txt earth/gen_1778568778_319.txt earth/gen_1778568780_320.txt earth/gen_1778568784_322.txt earth/gen_1778568786_323.txt earth/gen_1778568788_324.txt earth/gen_1778568792_326.txt earth/gen_1778568796_328.txt earth/gen_1778568798_329.txt earth/gen_1778568800_330.txt earth/gen_1778568802_331.txt earth/gen_1778568809_334.txt earth/gen_1778568811_335.txt earth/gen_1778568813_336.txt earth/gen_1778568815_337.txt earth/gen_1778568821_340.txt earth/gen_1778568823_341.txt earth/gen_1778568825_342.txt earth/gen_1778568827_343.txt earth/gen_1778568833_346.txt earth/gen_1778568835_347.txt earth/gen_1778568837_348.txt earth/gen_1778568839_349.txt earth/gen_1778568845_352.txt earth/gen_1778568847_353.txt earth/gen_1778568849_354.txt earth/gen_1778568851_355.txt earth/gen_1778568853_356.txt earth/gen_1778568858_358.txt earth/gen_1778568860_359.txt earth/gen_1778568862_360.txt earth/gen_1778568864_361.txt earth/gen_1778568870_364.txt earth/gen_1778568872_365.txt earth/gen_1778568874_366.txt earth/gen_1778568876_367.txt earth/gen_1778568878_368.txt earth/gen_1778568882_370.txt earth/gen_1778568884_371.txt earth/gen_1778568886_372.txt earth/gen_1778568888_373.txt earth/gen_1778568890_374.txt earth/gen_1778568894_376.txt earth/gen_1778568898_378.txt earth/gen_1778568900_379.txt earth/gen_1778568906_382.txt earth/gen_1778568908_383.txt earth/gen_1778568910_384.txt earth/gen_1778568912_385.txt earth/gen_1778568914_386.txt earth/gen_1778568918_388.txt earth/gen_1778568920_389.txt earth/gen_1778568922_390.txt earth/gen_1778568925_391.txt earth/gen_1778568931_394.txt earth/gen_1778568933_395.txt earth/gen_1778568935_396.txt earth/gen_1778568937_397.txt earth/gen_1778568943_400.txt earth/gen_1778568945_401.txt earth/gen_1778568947_402.txt earth/gen_1778568949_403.txt earth/gen_1778568951_404.txt earth/gen_1778568955_406.txt earth/gen_1778568957_407.txt earth/gen_1778568959_408.txt earth/gen_1778568961_409.txt earth/gen_1778568967_412.txt earth/gen_1778568969_413.txt earth/gen_1778568971_414.txt earth/gen_1778568973_415.txt earth/gen_1778568975_416.txt earth/gen_1778568980_418.txt earth/gen_1778568982_419.txt earth/gen_1778568984_420.txt earth/gen_1778568986_421.txt earth/gen_1778568988_422.txt earth/gen_1778568992_424.txt earth/gen_1778568994_425.txt earth/gen_1778568996_426.txt earth/gen_1778568998_427.txt earth/gen_1778569004_430.txt earth/gen_1778569006_431.txt earth/gen_1778569010_433.txt earth/gen_1778569016_436.txt earth/gen_1778569018_437.txt earth/gen_1778569020_438.txt earth/gen_1778569022_439.txt earth/gen_1778569029_442.txt earth/gen_1778569031_443.txt earth/gen_1778569033_444.txt earth/gen_1778569035_445.txt earth/gen_1778569041_448.txt earth/gen_1778569043_449.txt earth/gen_1778569045_450.txt earth/gen_1778569047_451.txt earth/gen_1778569053_454.txt earth/gen_1778569055_455.txt earth/gen_1778569057_456.txt earth/gen_1778569059_457.txt earth/gen_1778569065_460.txt earth/gen_1778569067_461.txt earth/gen_1778569069_462.txt earth/gen_1778569071_463.txt earth/gen_1778569073_464.txt earth/gen_1778569078_466.txt earth/gen_1778569080_467.txt earth/gen_1778569082_468.txt earth/gen_1778569084_469.txt earth/gen_1778569090_472.txt earth/gen_1778569092_473.txt earth/gen_1778569094_474.txt earth/gen_1778569096_475.txt earth/gen_1778569102_478.txt earth/gen_1778569104_479.txt earth/gen_1778569106_480.txt earth/gen_1778569108_481.txt earth/gen_1778569114_484.txt earth/gen_1778569116_485.txt earth/gen_1778569118_486.txt earth/gen_1778569121_487.txt earth/gen_1778569127_490.txt earth/gen_1778569129_491.txt earth/gen_1778569131_492.txt earth/gen_1778569133_493.txt earth/gen_1778569135_494.txt earth/gen_1778569139_496.txt earth/gen_1778569141_497.txt earth/gen_1778569143_498.txt earth/gen_1778569145_499.txt earth/gen_1778569151_502.txt earth/gen_1778569153_503.txt earth/gen_1778569155_504.txt earth/gen_1778569157_505.txt earth/gen_1778569163_508.txt earth/gen_1778569165_509.txt earth/gen_1778569167_510.txt earth/gen_1778569169_511.txt earth/gen_1778569175_514.txt earth/gen_1778569177_515.txt earth/gen_1778569179_516.txt earth/gen_1778569181_517.txt earth/gen_1778569183_518.txt earth/gen_1778569188_520.txt earth/gen_1778569190_521.txt earth/gen_1778569192_522.txt earth/gen_1778569194_523.txt earth/gen_1778569196_524.txt earth/gen_1778569200_526.txt earth/gen_1778569202_527.txt earth/gen_1778569204_528.txt earth/gen_1778569206_529.txt earth/gen_1778569208_530.txt earth/gen_1778569212_532.txt earth/gen_1778569214_533.txt earth/gen_1778569216_534.txt earth/gen_1778569218_535.txt earth/gen_1778569220_536.txt earth/gen_1778569224_538.txt earth/gen_1778569228_540.txt earth/gen_1778569230_541.txt earth/gen_1778569237_544.txt earth/gen_1778569239_545.txt earth/gen_1778569241_546.txt earth/gen_1778569243_547.txt earth/gen_1778569249_550.txt earth/gen_1778569251_551.txt earth/gen_1778569253_552.txt earth/gen_1778569255_553.txt earth/gen_1778569261_556.txt earth/gen_1778569263_557.txt earth/gen_1778569265_558.txt earth/gen_1778569267_559.txt earth/gen_1778569273_562.txt earth/gen_1778569275_563.txt earth/gen_1778569277_564.txt earth/gen_1778569279_565.txt earth/gen_1778569285_568.txt earth/gen_1778569287_569.txt earth/gen_1778569289_570.txt earth/gen_1778569291_571.txt earth/gen_1778569298_574.txt earth/gen_1778569300_575.txt earth/gen_1778569302_576.txt earth/gen_1778569304_577.txt earth/gen_1778569310_580.txt earth/gen_1778569312_581.txt earth/gen_1778569314_582.txt earth/gen_1778569316_583.txt earth/gen_1778569322_586.txt earth/gen_1778569324_587.txt earth/gen_1778569326_588.txt earth/gen_1778569328_589.txt earth/gen_1778569330_590.txt earth/gen_1778569334_592.txt earth/gen_1778569337_593.txt earth/gen_1778569339_594.txt earth/gen_1778569341_595.txt earth/gen_1778569343_596.txt earth/gen_1778569347_598.txt earth/gen_1778569349_599.txt earth/gen_1778569351_600.txt earth/gen_1778569353_601.txt earth/gen_1778569359_604.txt earth/gen_1778569361_605.txt earth/gen_1778569363_606.txt earth/gen_1778569365_607.txt earth/gen_1778569371_610.txt earth/gen_1778569373_611.txt earth/gen_1778569375_612.txt earth/gen_1778569377_613.txt earth/gen_1778569379_614.txt earth/gen_1778569383_616.txt earth/gen_1778569385_617.txt earth/gen_1778569387_618.txt earth/gen_1778569389_619.txt earth/gen_1778569391_620.txt earth/gen_1778569395_622.txt earth/gen_1778569397_623.txt earth/gen_1778569399_624.txt earth/gen_1778569402_625.txt earth/gen_1778569404_626.txt earth/gen_1778569408_628.txt earth/gen_1778569410_629.txt earth/gen_1778569412_630.txt earth/gen_1778569414_631.txt earth/gen_1778569416_632.txt earth/gen_1778569420_634.txt earth/gen_1778569422_635.txt earth/gen_1778569424_636.txt earth/gen_1778569426_637.txt earth/gen_1778569432_640.txt earth/gen_1778569434_641.txt earth/gen_1778569436_642.txt earth/gen_1778569438_643.txt earth/gen_1778569444_646.txt earth/gen_1778569446_647.txt earth/gen_1778569448_648.txt earth/gen_1778569450_649.txt earth/gen_1778569456_652.txt earth/gen_1778569459_653.txt earth/gen_1778569461_654.txt earth/gen_1778569463_655.txt earth/gen_1778569469_658.txt earth/gen_1778569473_660.txt earth/gen_1778569475_661.txt earth/gen_1778569477_662.txt earth/gen_1778569481_664.txt earth/gen_1778569485_666.txt earth/gen_1778569487_667.txt earth/gen_1778569493_670.txt earth/gen_1778569495_671.txt earth/gen_1778569497_672.txt earth/gen_1778569499_673.txt earth/gen_1778569505_676.txt earth/gen_1778569507_677.txt earth/gen_1778569509_678.txt earth/gen_1778569511_679.txt earth/gen_1778569513_680.txt earth/gen_1778569518_682.txt earth/gen_1778569520_683.txt earth/gen_1778569524_685.txt earth/gen_1778569530_688.txt earth/gen_1778569532_689.txt earth/gen_1778569534_690.txt earth/gen_1778569536_691.txt earth/gen_1778569538_692.txt earth/gen_1778569542_694.txt earth/gen_1778569544_695.txt earth/gen_1778569546_696.txt earth/gen_1778569548_697.txt earth/gen_1778569550_698.txt earth/gen_1778569554_700.txt earth/gen_1778569556_701.txt earth/gen_1778569558_702.txt earth/gen_1778569560_703.txt earth/gen_1778569567_706.txt earth/gen_1778569569_707.txt earth/gen_1778569571_708.txt earth/gen_1778569573_709.txt earth/gen_1778569575_710.txt earth/gen_1778569580_712.txt earth/gen_1778569582_713.txt earth/gen_1778569584_714.txt earth/gen_1778569586_715.txt earth/gen_1778569592_718.txt earth/gen_1778569594_719.txt earth/gen_1778569596_720.txt earth/gen_1778569598_721.txt earth/gen_1778569600_722.txt earth/gen_1778569604_724.txt earth/gen_1778569607_725.txt earth/gen_1778569609_726.txt earth/gen_1778569611_727.txt earth/gen_1778569613_728.txt earth/gen_1778569617_730.txt earth/gen_1778569619_731.txt earth/gen_1778569621_732.txt earth/gen_1778569623_733.txt earth/gen_1778569625_734.txt earth/gen_1778569629_736.txt earth/gen_1778569631_737.txt earth/gen_1778569633_738.txt earth/gen_1778569635_739.txt earth/gen_1778569641_742.txt earth/gen_1778569643_743.txt earth/gen_1778569645_744.txt earth/gen_1778569647_745.txt earth/gen_1778569654_748.txt earth/gen_1778569656_749.txt earth/gen_1778569660_751.txt earth/gen_1778569662_752.txt earth/gen_1778569666_754.txt earth/gen_1778569668_755.txt earth/gen_1778569670_756.txt earth/gen_1778569672_757.txt earth/gen_1778569674_758.txt earth/gen_1778569678_760.txt earth/gen_1778569680_761.txt earth/gen_1778569682_762.txt earth/gen_1778569684_763.txt earth/gen_1778569686_764.txt earth/gen_1778569690_766.txt earth/gen_1778569692_767.txt earth/gen_1778569695_768.txt earth/gen_1778569697_769.txt earth/gen_1778569703_772.txt earth/gen_1778569705_773.txt earth/gen_1778569707_774.txt earth/gen_1778569709_775.txt earth/gen_1778569711_776.txt earth/gen_1778569715_778.txt earth/gen_1778569717_779.txt earth/gen_1778569719_780.txt earth/gen_1778569721_781.txt earth/gen_1778569723_782.txt earth/gen_1778569727_784.txt earth/gen_1778569729_785.txt earth/gen_1778569731_786.txt earth/gen_1778569734_787.txt earth/gen_1778569736_788.txt earth/gen_1778569740_790.txt earth/gen_1778569742_791.txt earth/gen_1778569744_792.txt earth/gen_1778569746_793.txt earth/gen_1778569748_794.txt earth/gen_1778569752_796.txt earth/gen_1778569754_797.txt earth/gen_1778569756_798.txt earth/gen_1778569758_799.txt earth/gen_1778569765_802.txt earth/gen_1778569767_803.txt earth/gen_1778569769_804.txt earth/gen_1778569771_805.txt earth/gen_1778569777_808.txt earth/gen_1778569779_809.txt earth/gen_1778569781_810.txt earth/gen_1778569783_811.txt earth/gen_1778569789_814.txt earth/gen_1778569791_815.txt earth/gen_1778569793_816.txt earth/gen_1778569795_817.txt earth/gen_1778569797_818.txt earth/gen_1778569801_820.txt earth/gen_1778569804_821.txt earth/gen_1778569806_822.txt earth/gen_1778569808_823.txt earth/gen_1778569814_826.txt earth/gen_1778569816_827.txt earth/gen_1778569818_828.txt earth/gen_1778569820_829.txt earth/gen_1778569822_830.txt earth/gen_1778569826_832.txt earth/gen_1778569828_833.txt earth/gen_1778569830_834.txt earth/gen_1778569832_835.txt earth/gen_1778569834_836.txt earth/gen_1778569838_838.txt earth/gen_1778569840_839.txt earth/gen_1778569842_840.txt earth/gen_1778569844_841.txt earth/gen_1778569847_842.txt earth/gen_1778569851_844.txt earth/gen_1778569853_845.txt earth/gen_1778569855_846.txt earth/gen_1778569857_847.txt earth/gen_1778569863_850.txt earth/gen_1778569867_852.txt earth/gen_1778569869_853.txt earth/gen_1778569875_856.txt earth/gen_1778569877_857.txt earth/gen_1778569879_858.txt earth/gen_1778569881_859.txt earth/gen_1778569883_860.txt earth/gen_1778569887_862.txt earth/gen_1778569889_863.txt earth/gen_1778569891_864.txt earth/gen_1778569893_865.txt earth/gen_1778569896_866.txt earth/gen_1778569900_868.txt earth/gen_1778569902_869.txt earth/gen_1778569904_870.txt earth/gen_1778569906_871.txt]
[trainer] micro-train burst (48241 bytes, novelty 0.02) — and lo, it feeds again.
[syntropy] action=explore | trend=0.0000 | field_dev=-0.014 | purpose_align=-0.161 | lr_mul=1.30
[aml] burst complete: 32 steps, avg loss 2.3963 (memory freed)
[dna] air wrote 116 bytes to ecology
[dna] air wrote 61 bytes to ecology
[dna] air wrote 78 bytes to ecology
[dna] air wrote 71 bytes to ecology
[dna] air wrote 176 bytes to ecology
[dna] air wrote 86 bytes to ecology
[dna] air wrote 57 bytes to ecology
[dna] air wrote 55 bytes to ecology
[dna] air wrote 42 bytes to ecology
[dna] air wrote 58 bytes to ecology
[dna] air wrote 151 bytes to ecology
[dna] air wrote 67 bytes to ecology
[dna] air wrote 28 bytes to ecology
[dna] air wrote 130 bytes to ecology
[dna] air wrote 59 bytes to ecology
[dna] air wrote 100 bytes to ecology
[debug-onto] tick=50 corpus=171187 stage=2 freeze=0
[dna] air wrote 23 bytes to ecology
[dna] air wrote 55 bytes to ecology
[dna] air wrote 180 bytes to ecology
[dna] air wrote 54 bytes to ecology
[dna] air wrote 46 bytes to ecology
[dna] air wrote 79 bytes to ecology
[dna] air wrote 71 bytes to ecology
[dna] air wrote 82 bytes to ecology
[dna] air wrote 104 bytes to ecology
[dna] air wrote 31 bytes to ecology
[dna] air wrote 93 bytes to ecology
[dna] air wrote 18 bytes to ecology
[dna] air wrote 74 bytes to ecology
[dna] air wrote 15 bytes to ecology
[dna] air wrote 25 bytes to ecology
[dna] air wrote 47 bytes to ecology
[dna] air wrote 157 bytes to ecology
[debug-onto] tick=100 corpus=171187 stage=2 freeze=0
[dna] air wrote 101 bytes to ecology
[dna] air wrote 58 bytes to ecology
[dna] air wrote 43 bytes to ecology
[dna] air wrote 96 bytes to ecology
[dna] air wrote 79 bytes to ecology
[dna] air wrote 47 bytes to ecology
[dna] air wrote 66 bytes to ecology
[dna] air wrote 95 bytes to ecology
[dna] air wrote 40 bytes to ecology
[dna] air wrote 51 bytes to ecology
[dna] air wrote 162 bytes to ecology
[dna] air wrote 62 bytes to ecology
[dna] air wrote 49 bytes to ecology
[dna] air wrote 10 bytes to ecology
[dna] air wrote 56 bytes to ecology
[dna] air wrote 85 bytes to ecology
[debug-onto] tick=150 corpus=171187 stage=2 freeze=0
[dna] air wrote 51 bytes to ecology
[dna] air wrote 68 bytes to ecology
[dna] air wrote 81 bytes to ecology
[dna] air wrote 83 bytes to ecology
[dna] air wrote 38 bytes to ecology
[dna] air wrote 95 bytes to ecology
[dna] air wrote 80 bytes to ecology
[dna] air wrote 138 bytes to ecology
[dna] air wrote 42 bytes to ecology
[dna] air wrote 168 bytes to ecology
[dna] air wrote 89 bytes to ecology
[dna] air wrote 79 bytes to ecology
[dna] air wrote 106 bytes to ecology
[dna] air wrote 47 bytes to ecology
[dna] air wrote 46 bytes to ecology
[dna] air wrote 32 bytes to ecology
[dna] air wrote 23 bytes to ecology
[debug-onto] tick=200 corpus=171187 stage=2 freeze=0
[dna] air wrote 28 bytes to ecology
[dna] air wrote 139 bytes to ecology
[dna] air wrote 42 bytes to ecology
[dna] air wrote 91 bytes to ecology
[dna] air wrote 55 bytes to ecology
[dna] air wrote 59 bytes to ecology
[dna] air wrote 64 bytes to ecology
[dna] air wrote 78 bytes to ecology
[dna] air wrote 70 bytes to ecology
[dna] air wrote 198 bytes to ecology
[dna] air wrote 33 bytes to ecology
[dna] air wrote 44 bytes to ecology
[dna] air wrote 160 bytes to ecology
[dna] air wrote 41 bytes to ecology
[dna] air wrote 33 bytes to ecology
[dna] air wrote 99 bytes to ecology
[dna] air wrote 67 bytes to ecology
[debug-onto] tick=250 corpus=171187 stage=2 freeze=0
[dna] air wrote 65 bytes to ecology
[dna] air wrote 90 bytes to ecology
[dna] air wrote 44 bytes to ecology
[dna] air wrote 67 bytes to ecology
[dna] air wrote 20 bytes to ecology
[dna] air wrote 35 bytes to ecology
[dna] air wrote 65 bytes to ecology
[dna] air wrote 39 bytes to ecology
[dna] air wrote 98 bytes to ecology
[dna] air wrote 64 bytes to ecology
[dna] air wrote 86 bytes to ecology
[dna] air wrote 37 bytes to ecology
[dna] air wrote 64 bytes to ecology
[dna] air wrote 25 bytes to ecology
[dna] air wrote 11 bytes to ecology
[dna] air wrote 38 bytes to ecology
[debug-onto] tick=300 corpus=171187 stage=2 freeze=0
[dna] air wrote 59 bytes to ecology
[dna] air wrote 27 bytes to ecology
[dna] air wrote 80 bytes to ecology
[dna] air wrote 123 bytes to ecology
[dna] air wrote 72 bytes to ecology
[dna] air wrote 97 bytes to ecology
[dna] air wrote 32 bytes to ecology
[dna] air wrote 53 bytes to ecology
[dna] air wrote 54 bytes to ecology
[dna] air wrote 122 bytes to ecology
[dna] air wrote 26 bytes to ecology
[dna] air wrote 74 bytes to ecology
[dna] air wrote 28 bytes to ecology
[dna] air wrote 56 bytes to ecology
[dna] air wrote 43 bytes to ecology
[dna] air wrote 126 bytes to ecology
[dna] air wrote 82 bytes to ecology
[debug-onto] tick=350 corpus=171187 stage=2 freeze=0
[dna] air wrote 38 bytes to ecology
[dna] air wrote 11 bytes to ecology
[dna] air wrote 17 bytes to ecology
[dna] air wrote 162 bytes to ecology
[dna] air wrote 45 bytes to ecology
[dna] air wrote 35 bytes to ecology
[dna] air wrote 88 bytes to ecology
[dna] air wrote 42 bytes to ecology
[dna] air wrote 179 bytes to ecology
[dna] air wrote 62 bytes to ecology
[dna] air wrote 71 bytes to ecology
[dna] air wrote 42 bytes to ecology
[dna] air wrote 50 bytes to ecology
[dna] air wrote 44 bytes to ecology
[dna] air wrote 56 bytes to ecology
[dna] air wrote 33 bytes to ecology
[dna] air wrote 74 bytes to ecology
[debug-onto] tick=400 corpus=171187 stage=2 freeze=0
[dna] air wrote 174 bytes to ecology
[dna] air wrote 72 bytes to ecology
[dna] air wrote 67 bytes to ecology
[dna] air wrote 132 bytes to ecology
[dna] air wrote 183 bytes to ecology
[dna] air wrote 123 bytes to ecology
[dna] air wrote 86 bytes to ecology
[dna] air wrote 72 bytes to ecology
[dna] air wrote 58 bytes to ecology
[dna] air wrote 53 bytes to ecology
[dna] air wrote 129 bytes to ecology
[dna] air wrote 41 bytes to ecology
[dna] air wrote 69 bytes to ecology
[dna] air wrote 40 bytes to ecology
[dna] air wrote 25 bytes to ecology
[dna] air wrote 111 bytes to ecology
[debug-onto] tick=450 corpus=171187 stage=2 freeze=0
[dna] air wrote 191 bytes to ecology
[dna] air wrote 60 bytes to ecology
[dna] air wrote 29 bytes to ecology
[dna] air wrote 51 bytes to ecology
[dna] air wrote 58 bytes to ecology
[dna] air wrote 37 bytes to ecology
[dna] air wrote 41 bytes to ecology
[dna] air wrote 67 bytes to ecology
[dna] air wrote 101 bytes to ecology
[dna] air wrote 11 bytes to ecology
[dna] air wrote 74 bytes to ecology
[dna] air wrote 123 bytes to ecology
[dna] air wrote 24 bytes to ecology
[dna] air wrote 55 bytes to ecology
[dna] air wrote 31 bytes to ecology
[dna] air wrote 30 bytes to ecology
[dna] air wrote 81 bytes to ecology
[debug-onto] tick=500 corpus=171187 stage=2 freeze=0
[dna] air wrote 54 bytes to ecology
[dna] air wrote 42 bytes to ecology
[dna] air wrote 82 bytes to ecology
[dna] air wrote 52 bytes to ecology
[dna] air wrote 106 bytes to ecology
[dna] air wrote 32 bytes to ecology
[dna] air wrote 51 bytes to ecology
[dna] air wrote 84 bytes to ecology
[dna] air wrote 60 bytes to ecology
[dna] air wrote 57 bytes to ecology
[dna] air wrote 128 bytes to ecology
[dna] air wrote 28 bytes to ecology
[dna] air wrote 52 bytes to ecology
[dna] air wrote 85 bytes to ecology
[dna] air wrote 94 bytes to ecology
[dna] air wrote 41 bytes to ecology
[dna] air wrote 138 bytes to ecology
[debug-onto] tick=550 corpus=171187 stage=2 freeze=0
[dna] air wrote 49 bytes to ecology
[dna] air wrote 72 bytes to ecology
[dna] air wrote 155 bytes to ecology
[dna] air wrote 83 bytes to ecology
[dna] air wrote 35 bytes to ecology
[dna] air wrote 115 bytes to ecology
[dna] air wrote 37 bytes to ecology
[dna] air wrote 44 bytes to ecology
[dna] air wrote 107 bytes to ecology
[dna] air wrote 25 bytes to ecology
[dna] air wrote 51 bytes to ecology
[dna] air wrote 80 bytes to ecology
[dna] air wrote 43 bytes to ecology
[dna] air wrote 70 bytes to ecology
[dna] air wrote 47 bytes to ecology
[dna] air wrote 24 bytes to ecology
[debug-onto] tick=600 corpus=171187 stage=2 freeze=0
[dna] air wrote 31 bytes to ecology
[dna] air wrote 54 bytes to ecology
[dna] air wrote 100 bytes to ecology
[dna] air wrote 26 bytes to ecology
[dna] air wrote 48 bytes to ecology
[dna] air wrote 29 bytes to ecology
[dna] air wrote 73 bytes to ecology
[dna] air wrote 87 bytes to ecology
[dna] air wrote 88 bytes to ecology
[dna] air wrote 44 bytes to ecology
[dna] air wrote 48 bytes to ecology
[dna] air wrote 160 bytes to ecology
[dna] air wrote 62 bytes to ecology
[dna] air wrote 42 bytes to ecology
[dna] air wrote 48 bytes to ecology
[dna] air wrote 71 bytes to ecology
[dna] air wrote 115 bytes to ecology
[debug-onto] tick=650 corpus=171187 stage=2 freeze=0
[dna] air wrote 43 bytes to ecology
[dna] air wrote 20 bytes to ecology
[dna] air wrote 76 bytes to ecology
[dna] air wrote 38 bytes to ecology
[dna] air wrote 54 bytes to ecology
[dna] air wrote 105 bytes to ecology
[dna] air wrote 11 bytes to ecology
[dna] air wrote 172 bytes to ecology
[dna] air wrote 27 bytes to ecology
[dna] air wrote 19 bytes to ecology
[dna] air wrote 103 bytes to ecology
[dna] air wrote 64 bytes to ecology
[dna] air wrote 81 bytes to ecology
[dna] air wrote 52 bytes to ecology
[dna] air wrote 179 bytes to ecology
[dna] air wrote 60 bytes to ecology
[dna] air wrote 52 bytes to ecology
[debug-onto] tick=700 corpus=171187 stage=2 freeze=0
[dna] air wrote 27 bytes to ecology
[dna] air wrote 92 bytes to ecology
[dna] air wrote 45 bytes to ecology
[dna] air wrote 26 bytes to ecology
[dna] air wrote 79 bytes to ecology
[dna] air wrote 49 bytes to ecology
[dna] air wrote 93 bytes to ecology
[dna] air wrote 39 bytes to ecology
[dna] air wrote 59 bytes to ecology

[evolution] Organism shutting down gracefully.
