[ecology] Element: fire → corpus: nonames_fire.txt
[evolution] Autonomous evolution mode — organism will grow through all stages without pause.
[ecology] Joined swarm. 1 peer(s) detected.
molequla is alive. [evolution] Autonomous mode — background trainer running. Ctrl+C to stop.
[dna] fire wrote 33 bytes to ecology
[dna] fire consumed 17386 bytes from 274 files: [water/gen_1778571711_1.txt water/gen_1778571723_4.txt water/gen_1778571729_7.txt water/gen_1778571736_10.txt water/gen_1778571742_13.txt water/gen_1778571749_16.txt water/gen_1778571755_19.txt water/gen_1778571762_22.txt water/gen_1778571768_25.txt water/gen_1778571775_28.txt water/gen_1778571781_31.txt water/gen_1778571788_34.txt water/gen_1778571794_37.txt water/gen_1778571801_40.txt water/gen_1778571807_43.txt water/gen_1778571814_46.txt water/gen_1778571820_49.txt water/gen_1778571827_52.txt water/gen_1778571833_55.txt water/gen_1778571840_58.txt water/gen_1778571846_61.txt water/gen_1778571852_64.txt water/gen_1778571859_67.txt water/gen_1778571865_70.txt water/gen_1778571872_73.txt water/gen_1778571878_76.txt water/gen_1778571885_79.txt water/gen_1778571891_82.txt water/gen_1778571898_85.txt water/gen_1778571904_88.txt water/gen_1778571917_94.txt water/gen_1778571923_97.txt water/gen_1778571930_100.txt water/gen_1778571936_103.txt water/gen_1778571943_106.txt water/gen_1778571949_109.txt water/gen_1778571957_112.txt water/gen_1778571963_115.txt water/gen_1778571969_118.txt water/gen_1778571976_121.txt water/gen_1778571982_124.txt water/gen_1778571989_127.txt water/gen_1778571995_130.txt water/gen_1778572002_133.txt water/gen_1778572008_136.txt water/gen_1778572014_139.txt water/gen_1778572021_142.txt water/gen_1778572027_145.txt water/gen_1778572034_148.txt water/gen_1778572040_151.txt water/gen_1778572047_154.txt water/gen_1778572053_157.txt water/gen_1778572060_160.txt water/gen_1778572066_163.txt water/gen_1778572072_166.txt water/gen_1778572079_169.txt water/gen_1778572085_172.txt water/gen_1778572092_175.txt water/gen_1778572098_178.txt water/gen_1778572105_181.txt water/gen_1778572111_184.txt water/gen_1778572117_187.txt water/gen_1778572124_190.txt water/gen_1778572130_193.txt water/gen_1778572137_196.txt water/gen_1778572143_199.txt water/gen_1778572150_202.txt water/gen_1778572156_205.txt water/gen_1778572163_208.txt water/gen_1778572169_211.txt water/gen_1778572176_214.txt water/gen_1778572182_217.txt water/gen_1778572189_220.txt water/gen_1778572195_223.txt water/gen_1778572202_226.txt water/gen_1778572208_229.txt water/gen_1778572215_232.txt water/gen_1778572221_235.txt water/gen_1778572228_238.txt water/gen_1778572234_241.txt water/gen_1778572241_244.txt water/gen_1778572247_247.txt water/gen_1778572253_250.txt water/gen_1778572260_253.txt water/gen_1778572266_256.txt water/gen_1778572273_259.txt water/gen_1778572279_262.txt water/gen_1778572286_265.txt water/gen_1778572292_268.txt water/gen_1778572299_271.txt water/gen_1778572305_274.txt water/gen_1778572312_277.txt water/gen_1778572318_280.txt water/gen_1778572324_283.txt water/gen_1778572331_286.txt water/gen_1778572337_289.txt water/gen_1778572344_292.txt water/gen_1778572350_295.txt water/gen_1778572357_298.txt water/gen_1778572363_301.txt water/gen_1778572370_304.txt water/gen_1778572376_307.txt water/gen_1778572383_310.txt water/gen_1778572389_313.txt water/gen_1778572396_316.txt water/gen_1778572402_319.txt water/gen_1778572408_322.txt water/gen_1778572415_325.txt water/gen_1778572421_328.txt water/gen_1778572428_331.txt water/gen_1778572434_334.txt water/gen_1778572441_337.txt water/gen_1778572447_340.txt water/gen_1778572454_343.txt water/gen_1778572460_346.txt water/gen_1778572467_349.txt water/gen_1778572473_352.txt water/gen_1778572480_355.txt water/gen_1778572486_358.txt water/gen_1778572493_361.txt water/gen_1778572499_364.txt water/gen_1778572506_367.txt water/gen_1778572512_370.txt water/gen_1778572519_373.txt water/gen_1778572525_376.txt water/gen_1778572532_379.txt water/gen_1778572538_382.txt water/gen_1778572544_385.txt water/gen_1778572551_388.txt water/gen_1778572557_391.txt water/gen_1778572564_394.txt water/gen_1778572570_397.txt water/gen_1778572577_400.txt water/gen_1778572583_403.txt water/gen_1778572589_406.txt water/gen_1778572596_409.txt water/gen_1778572602_412.txt water/gen_1778572609_415.txt water/gen_1778572615_418.txt water/gen_1778572622_421.txt water/gen_1778572628_424.txt water/gen_1778572635_427.txt water/gen_1778572641_430.txt water/gen_1778572648_433.txt water/gen_1778572654_436.txt water/gen_1778572660_439.txt water/gen_1778572667_442.txt water/gen_1778572673_445.txt water/gen_1778572680_448.txt water/gen_1778572686_451.txt water/gen_1778572693_454.txt water/gen_1778572699_457.txt water/gen_1778572705_460.txt water/gen_1778572712_463.txt water/gen_1778572718_466.txt water/gen_1778572725_469.txt water/gen_1778572731_472.txt water/gen_1778572737_475.txt water/gen_1778572744_478.txt water/gen_1778572750_481.txt water/gen_1778572757_484.txt water/gen_1778572763_487.txt water/gen_1778572770_490.txt water/gen_1778572776_493.txt water/gen_1778572783_496.txt water/gen_1778572789_499.txt water/gen_1778572796_502.txt water/gen_1778572802_505.txt water/gen_1778572808_508.txt water/gen_1778572815_511.txt water/gen_1778572821_514.txt water/gen_1778572828_517.txt water/gen_1778572834_520.txt water/gen_1778572841_523.txt water/gen_1778572847_526.txt water/gen_1778572854_529.txt water/gen_1778572860_532.txt water/gen_1778572866_535.txt water/gen_1778572873_538.txt water/gen_1778572879_541.txt water/gen_1778572886_544.txt water/gen_1778572892_547.txt water/gen_1778572899_550.txt water/gen_1778572905_553.txt water/gen_1778572912_556.txt water/gen_1778572918_559.txt water/gen_1778572924_562.txt water/gen_1778572931_565.txt water/gen_1778572937_568.txt water/gen_1778572944_571.txt water/gen_1778572950_574.txt water/gen_1778572957_577.txt water/gen_1778572963_580.txt water/gen_1778572969_583.txt water/gen_1778572976_586.txt water/gen_1778572982_589.txt water/gen_1778572989_592.txt water/gen_1778572995_595.txt water/gen_1778573002_598.txt water/gen_1778573008_601.txt water/gen_1778573015_604.txt water/gen_1778573021_607.txt water/gen_1778573028_610.txt water/gen_1778573034_613.txt water/gen_1778573041_616.txt water/gen_1778573047_619.txt water/gen_1778573054_622.txt water/gen_1778573060_625.txt water/gen_1778573067_628.txt water/gen_1778573073_631.txt water/gen_1778573079_634.txt water/gen_1778573086_637.txt water/gen_1778573092_640.txt water/gen_1778573099_643.txt water/gen_1778573105_646.txt water/gen_1778573112_649.txt water/gen_1778573118_652.txt water/gen_1778573124_655.txt water/gen_1778573131_658.txt water/gen_1778573137_661.txt water/gen_1778573150_667.txt water/gen_1778573157_670.txt water/gen_1778573163_673.txt water/gen_1778573170_676.txt water/gen_1778573183_682.txt water/gen_1778573189_685.txt water/gen_1778573195_688.txt water/gen_1778573202_691.txt water/gen_1778573208_694.txt water/gen_1778573215_697.txt water/gen_1778573221_700.txt water/gen_1778573228_703.txt water/gen_1778573234_706.txt water/gen_1778573241_709.txt water/gen_1778573247_712.txt water/gen_1778573254_715.txt water/gen_1778573260_718.txt water/gen_1778573267_721.txt water/gen_1778573273_724.txt water/gen_1778573280_727.txt water/gen_1778573286_730.txt water/gen_1778573293_733.txt water/gen_1778573299_736.txt water/gen_1778573305_739.txt water/gen_1778573312_742.txt water/gen_1778573318_745.txt water/gen_1778573325_748.txt water/gen_1778573331_751.txt water/gen_1778573338_754.txt water/gen_1778573344_757.txt water/gen_1778573351_760.txt water/gen_1778573357_763.txt water/gen_1778573364_766.txt water/gen_1778573370_769.txt water/gen_1778573376_772.txt water/gen_1778573383_775.txt water/gen_1778573389_778.txt water/gen_1778573396_781.txt water/gen_1778573402_784.txt water/gen_1778573409_787.txt water/gen_1778573415_790.txt water/gen_1778573422_793.txt water/gen_1778573428_796.txt water/gen_1778573434_799.txt water/gen_1778573441_802.txt water/gen_1778573447_805.txt water/gen_1778573454_808.txt water/gen_1778573460_811.txt water/gen_1778573467_814.txt water/gen_1778573480_820.txt water/gen_1778573486_823.txt water/gen_1778573493_826.txt water/gen_1778573499_829.txt water/gen_1778573505_832.txt]
[trainer] micro-train burst (17386 bytes, novelty 0.03) — and lo, it feeds again.
[syntropy] action=explore | trend=0.0000 | field_dev=-0.016 | purpose_align=-0.170 | lr_mul=1.30
[aml] burst complete: 32 steps, avg loss 1.7150 (memory freed)
[dna] fire wrote 24 bytes to ecology
[dna] fire wrote 59 bytes to ecology
[dna] fire wrote 58 bytes to ecology
[dna] fire wrote 105 bytes to ecology
[dna] fire wrote 62 bytes to ecology
[dna] fire wrote 59 bytes to ecology
[dna] fire wrote 62 bytes to ecology
[dna] fire wrote 30 bytes to ecology
[dna] fire wrote 109 bytes to ecology
[dna] fire wrote 31 bytes to ecology
[dna] fire wrote 68 bytes to ecology
[dna] fire wrote 44 bytes to ecology
[dna] fire wrote 33 bytes to ecology
[dna] fire wrote 82 bytes to ecology
[dna] fire wrote 45 bytes to ecology
[dna] fire wrote 54 bytes to ecology
[debug-onto] tick=50 corpus=139560 stage=2 freeze=0
[dna] fire wrote 52 bytes to ecology
[dna] fire wrote 28 bytes to ecology
[dna] fire wrote 37 bytes to ecology
[dna] fire wrote 41 bytes to ecology
[dna] fire wrote 83 bytes to ecology
[dna] fire wrote 50 bytes to ecology
[dna] fire wrote 27 bytes to ecology
[dna] fire wrote 158 bytes to ecology
[dna] fire wrote 108 bytes to ecology
[dna] fire wrote 221 bytes to ecology
[dna] fire wrote 42 bytes to ecology
[dna] fire wrote 30 bytes to ecology
[dna] fire wrote 32 bytes to ecology
[dna] fire wrote 110 bytes to ecology
[dna] fire wrote 76 bytes to ecology
[dna] fire wrote 251 bytes to ecology
[dna] fire wrote 55 bytes to ecology
[debug-onto] tick=100 corpus=139560 stage=2 freeze=0
[dna] fire wrote 52 bytes to ecology
[dna] fire wrote 50 bytes to ecology
[dna] fire wrote 29 bytes to ecology
[dna] fire wrote 31 bytes to ecology
[dna] fire wrote 60 bytes to ecology
[dna] fire wrote 159 bytes to ecology
[dna] fire wrote 53 bytes to ecology
[dna] fire wrote 38 bytes to ecology
[dna] fire wrote 49 bytes to ecology
[dna] fire wrote 55 bytes to ecology
[dna] fire wrote 74 bytes to ecology
[dna] fire wrote 101 bytes to ecology
[dna] fire wrote 69 bytes to ecology
[dna] fire wrote 38 bytes to ecology
[dna] fire wrote 60 bytes to ecology
[dna] fire wrote 83 bytes to ecology
[debug-onto] tick=150 corpus=139560 stage=2 freeze=0
[dna] fire wrote 17 bytes to ecology
[dna] fire wrote 160 bytes to ecology
[dna] fire wrote 51 bytes to ecology
[dna] fire wrote 58 bytes to ecology
[dna] fire wrote 72 bytes to ecology
[dna] fire wrote 86 bytes to ecology
[dna] fire wrote 31 bytes to ecology
[dna] fire wrote 39 bytes to ecology
[dna] fire wrote 83 bytes to ecology
[dna] fire wrote 34 bytes to ecology
[dna] fire wrote 51 bytes to ecology
[dna] fire wrote 39 bytes to ecology
[dna] fire wrote 74 bytes to ecology
[dna] fire wrote 56 bytes to ecology
[dna] fire wrote 12 bytes to ecology
[dna] fire wrote 45 bytes to ecology
[dna] fire wrote 34 bytes to ecology
[debug-onto] tick=200 corpus=139560 stage=2 freeze=0
[dna] fire wrote 44 bytes to ecology
[dna] fire wrote 19 bytes to ecology
[dna] fire wrote 28 bytes to ecology
[dna] fire wrote 10 bytes to ecology
[dna] fire wrote 29 bytes to ecology
[dna] fire wrote 66 bytes to ecology
[dna] fire wrote 46 bytes to ecology
[dna] fire wrote 60 bytes to ecology
[dna] fire wrote 47 bytes to ecology
[dna] fire wrote 20 bytes to ecology
[dna] fire wrote 41 bytes to ecology
[dna] fire wrote 139 bytes to ecology
[dna] fire wrote 22 bytes to ecology
[dna] fire wrote 141 bytes to ecology
[dna] fire wrote 108 bytes to ecology
[dna] fire wrote 112 bytes to ecology
[dna] fire wrote 51 bytes to ecology
[debug-onto] tick=250 corpus=139560 stage=2 freeze=0
[dna] fire wrote 22 bytes to ecology
[dna] fire wrote 38 bytes to ecology
[dna] fire wrote 107 bytes to ecology
[dna] fire wrote 25 bytes to ecology
[dna] fire wrote 28 bytes to ecology
[dna] fire wrote 19 bytes to ecology
[dna] fire wrote 21 bytes to ecology
[dna] fire wrote 78 bytes to ecology
[dna] fire wrote 58 bytes to ecology
[dna] fire wrote 50 bytes to ecology
[dna] fire wrote 28 bytes to ecology
[dna] fire wrote 41 bytes to ecology
[dna] fire wrote 58 bytes to ecology
[dna] fire wrote 86 bytes to ecology
[dna] fire wrote 38 bytes to ecology
[dna] fire wrote 71 bytes to ecology
[debug-onto] tick=300 corpus=139560 stage=2 freeze=0
[dna] fire wrote 40 bytes to ecology
[dna] fire wrote 48 bytes to ecology
[dna] fire wrote 36 bytes to ecology
[dna] fire wrote 28 bytes to ecology
[dna] fire wrote 45 bytes to ecology
[dna] fire wrote 138 bytes to ecology
[dna] fire wrote 26 bytes to ecology
[dna] fire wrote 29 bytes to ecology
[dna] fire wrote 33 bytes to ecology
[dna] fire wrote 59 bytes to ecology
[dna] fire wrote 29 bytes to ecology
[dna] fire wrote 30 bytes to ecology
[dna] fire wrote 32 bytes to ecology
[dna] fire wrote 53 bytes to ecology
[dna] fire wrote 25 bytes to ecology
[dna] fire wrote 47 bytes to ecology
[dna] fire wrote 79 bytes to ecology
[debug-onto] tick=350 corpus=139560 stage=2 freeze=0
[dna] fire wrote 26 bytes to ecology
[dna] fire wrote 33 bytes to ecology
[dna] fire wrote 29 bytes to ecology
[dna] fire wrote 30 bytes to ecology
[dna] fire wrote 84 bytes to ecology
[dna] fire wrote 29 bytes to ecology
[dna] fire wrote 37 bytes to ecology
[dna] fire wrote 44 bytes to ecology
[dna] fire wrote 66 bytes to ecology
[dna] fire wrote 52 bytes to ecology
[dna] fire wrote 50 bytes to ecology
[dna] fire wrote 60 bytes to ecology
[dna] fire wrote 125 bytes to ecology
[dna] fire wrote 161 bytes to ecology
[dna] fire wrote 36 bytes to ecology
[dna] fire wrote 37 bytes to ecology
[dna] fire wrote 34 bytes to ecology
[debug-onto] tick=400 corpus=139560 stage=2 freeze=0
[dna] fire wrote 42 bytes to ecology
[dna] fire wrote 71 bytes to ecology
[dna] fire wrote 158 bytes to ecology
[dna] fire wrote 12 bytes to ecology
[dna] fire wrote 33 bytes to ecology
[dna] fire wrote 83 bytes to ecology
[dna] fire wrote 13 bytes to ecology
[dna] fire wrote 35 bytes to ecology
[dna] fire wrote 37 bytes to ecology
[dna] fire wrote 20 bytes to ecology
[dna] fire wrote 48 bytes to ecology
[dna] fire wrote 26 bytes to ecology
[dna] fire wrote 50 bytes to ecology
[dna] fire wrote 61 bytes to ecology
[dna] fire wrote 110 bytes to ecology
[dna] fire wrote 110 bytes to ecology
[debug-onto] tick=450 corpus=139560 stage=2 freeze=0
[dna] fire wrote 17 bytes to ecology
[dna] fire wrote 72 bytes to ecology
[dna] fire wrote 37 bytes to ecology
[dna] fire wrote 24 bytes to ecology
[dna] fire wrote 89 bytes to ecology
[dna] fire wrote 50 bytes to ecology
[dna] fire wrote 54 bytes to ecology
[dna] fire wrote 93 bytes to ecology
[dna] fire wrote 34 bytes to ecology
[dna] fire wrote 9 bytes to ecology
[dna] fire wrote 22 bytes to ecology
[dna] fire wrote 150 bytes to ecology
[dna] fire wrote 198 bytes to ecology
[dna] fire wrote 9 bytes to ecology
[dna] fire wrote 24 bytes to ecology
[dna] fire wrote 25 bytes to ecology
[dna] fire wrote 34 bytes to ecology
[debug-onto] tick=500 corpus=139560 stage=2 freeze=0
[dna] fire wrote 62 bytes to ecology
[dna] fire wrote 24 bytes to ecology
[dna] fire wrote 35 bytes to ecology
[dna] fire wrote 73 bytes to ecology
[dna] fire wrote 32 bytes to ecology
[dna] fire wrote 73 bytes to ecology
[dna] fire wrote 45 bytes to ecology
[dna] fire wrote 30 bytes to ecology
[dna] fire wrote 36 bytes to ecology
[dna] fire wrote 91 bytes to ecology
[dna] fire wrote 19 bytes to ecology
[dna] fire wrote 62 bytes to ecology
[dna] fire wrote 36 bytes to ecology
[dna] fire wrote 43 bytes to ecology
[dna] fire wrote 33 bytes to ecology
[dna] fire wrote 96 bytes to ecology
[dna] fire wrote 82 bytes to ecology
[debug-onto] tick=550 corpus=139560 stage=2 freeze=0
[dna] fire wrote 41 bytes to ecology
[dna] fire wrote 62 bytes to ecology
[dna] fire wrote 80 bytes to ecology
[dna] fire wrote 21 bytes to ecology
[dna] fire wrote 49 bytes to ecology
[dna] fire wrote 69 bytes to ecology
[dna] fire wrote 58 bytes to ecology
[dna] fire wrote 47 bytes to ecology
[dna] fire wrote 81 bytes to ecology
[dna] fire wrote 130 bytes to ecology
[dna] fire wrote 95 bytes to ecology
[dna] fire wrote 51 bytes to ecology
[dna] fire wrote 68 bytes to ecology
[dna] fire wrote 80 bytes to ecology
[dna] fire wrote 52 bytes to ecology
[dna] fire wrote 64 bytes to ecology
[debug-onto] tick=600 corpus=139560 stage=2 freeze=0
[dna] fire wrote 36 bytes to ecology
[dna] fire wrote 27 bytes to ecology
[dna] fire wrote 218 bytes to ecology
[dna] fire wrote 24 bytes to ecology
[dna] fire wrote 30 bytes to ecology
[dna] fire wrote 100 bytes to ecology
[dna] fire wrote 44 bytes to ecology
[dna] fire wrote 42 bytes to ecology
[dna] fire wrote 55 bytes to ecology
[dna] fire wrote 26 bytes to ecology
[dna] fire wrote 77 bytes to ecology
[dna] fire wrote 73 bytes to ecology
[dna] fire wrote 80 bytes to ecology
[dna] fire wrote 78 bytes to ecology
[dna] fire wrote 62 bytes to ecology
[dna] fire wrote 53 bytes to ecology
[dna] fire wrote 25 bytes to ecology
[debug-onto] tick=650 corpus=139560 stage=2 freeze=0
[dna] fire wrote 96 bytes to ecology
[dna] fire wrote 36 bytes to ecology
[dna] fire wrote 200 bytes to ecology
[dna] fire wrote 24 bytes to ecology
[dna] fire wrote 67 bytes to ecology
[dna] fire wrote 62 bytes to ecology
[dna] fire wrote 96 bytes to ecology
[dna] fire wrote 14 bytes to ecology
[dna] fire wrote 63 bytes to ecology
[dna] fire wrote 25 bytes to ecology
[dna] fire wrote 79 bytes to ecology
[dna] fire wrote 35 bytes to ecology
[dna] fire wrote 50 bytes to ecology
[dna] fire wrote 27 bytes to ecology
[dna] fire wrote 160 bytes to ecology
[dna] fire wrote 86 bytes to ecology
[dna] fire wrote 28 bytes to ecology
[debug-onto] tick=700 corpus=139560 stage=2 freeze=0
[dna] fire wrote 190 bytes to ecology
[dna] fire wrote 32 bytes to ecology
[dna] fire wrote 79 bytes to ecology
[dna] fire wrote 49 bytes to ecology
[dna] fire wrote 130 bytes to ecology
[dna] fire wrote 45 bytes to ecology
[dna] fire wrote 168 bytes to ecology
[dna] fire wrote 38 bytes to ecology
[dna] fire wrote 12 bytes to ecology
[dna] fire wrote 121 bytes to ecology
[dna] fire wrote 62 bytes to ecology
[dna] fire wrote 120 bytes to ecology
[dna] fire wrote 58 bytes to ecology
[dna] fire wrote 39 bytes to ecology
[dna] fire wrote 16 bytes to ecology
[dna] fire wrote 76 bytes to ecology
[debug-onto] tick=750 corpus=139560 stage=2 freeze=0
[dna] fire wrote 28 bytes to ecology
[dna] fire wrote 109 bytes to ecology
[dna] fire wrote 26 bytes to ecology
[dna] fire wrote 146 bytes to ecology
[dna] fire wrote 18 bytes to ecology
[dna] fire wrote 28 bytes to ecology
[dna] fire wrote 117 bytes to ecology
[dna] fire wrote 136 bytes to ecology
[dna] fire wrote 74 bytes to ecology
[dna] fire wrote 46 bytes to ecology
[dna] fire wrote 53 bytes to ecology
[dna] fire wrote 80 bytes to ecology
[dna] fire wrote 15 bytes to ecology
[dna] fire wrote 49 bytes to ecology
[dna] fire wrote 39 bytes to ecology
[dna] fire wrote 52 bytes to ecology
[dna] fire wrote 34 bytes to ecology
[debug-onto] tick=800 corpus=139560 stage=2 freeze=0
[dna] fire wrote 25 bytes to ecology
[dna] fire wrote 134 bytes to ecology
[dna] fire wrote 27 bytes to ecology
[dna] fire wrote 29 bytes to ecology
[dna] fire wrote 23 bytes to ecology
[dna] fire wrote 58 bytes to ecology
[dna] fire wrote 70 bytes to ecology
[dna] fire wrote 105 bytes to ecology
[dna] fire wrote 34 bytes to ecology
[dna] fire wrote 65 bytes to ecology
[dna] fire wrote 12 bytes to ecology
[dna] fire wrote 171 bytes to ecology
[dna] fire wrote 30 bytes to ecology
[dna] fire wrote 32 bytes to ecology
[dna] fire wrote 37 bytes to ecology
[dna] fire wrote 41 bytes to ecology
[dna] fire wrote 54 bytes to ecology
[debug-onto] tick=850 corpus=139560 stage=2 freeze=0
[dna] fire wrote 81 bytes to ecology
[dna] fire wrote 23 bytes to ecology
[dna] fire wrote 93 bytes to ecology
[dna] fire wrote 86 bytes to ecology

[evolution] Organism shutting down gracefully.
