[ecology] Element: water → corpus: nonames_water.txt
[evolution] Autonomous evolution mode — organism will grow through all stages without pause.
[ecology] Joined swarm. 1 peer(s) detected.
molequla is alive. [evolution] Autonomous mode — background trainer running. Ctrl+C to stop.
[dna] water wrote 63 bytes to ecology
[dna] water consumed 16793 bytes from 243 files: [air/gen_1778569910_1.txt air/gen_1778569926_4.txt air/gen_1778569934_7.txt air/gen_1778569941_10.txt air/gen_1778569948_13.txt air/gen_1778569956_16.txt air/gen_1778569963_19.txt air/gen_1778569970_22.txt air/gen_1778569978_25.txt air/gen_1778569985_28.txt air/gen_1778569992_31.txt air/gen_1778570000_34.txt air/gen_1778570007_37.txt air/gen_1778570014_40.txt air/gen_1778570022_43.txt air/gen_1778570029_46.txt air/gen_1778570036_49.txt air/gen_1778570044_52.txt air/gen_1778570051_55.txt air/gen_1778570059_58.txt air/gen_1778570066_61.txt air/gen_1778570073_64.txt air/gen_1778570081_67.txt air/gen_1778570088_70.txt air/gen_1778570096_73.txt air/gen_1778570103_76.txt air/gen_1778570110_79.txt air/gen_1778570118_82.txt air/gen_1778570125_85.txt air/gen_1778570133_88.txt air/gen_1778570140_91.txt air/gen_1778570147_94.txt air/gen_1778570155_97.txt air/gen_1778570162_100.txt air/gen_1778570169_103.txt air/gen_1778570177_106.txt air/gen_1778570184_109.txt air/gen_1778570192_112.txt air/gen_1778570199_115.txt air/gen_1778570206_118.txt air/gen_1778570214_121.txt air/gen_1778570221_124.txt air/gen_1778570228_127.txt air/gen_1778570236_130.txt air/gen_1778570243_133.txt air/gen_1778570251_136.txt air/gen_1778570258_139.txt air/gen_1778570265_142.txt air/gen_1778570273_145.txt air/gen_1778570280_148.txt air/gen_1778570287_151.txt air/gen_1778570295_154.txt air/gen_1778570302_157.txt air/gen_1778570309_160.txt air/gen_1778570317_163.txt air/gen_1778570324_166.txt air/gen_1778570331_169.txt air/gen_1778570339_172.txt air/gen_1778570346_175.txt air/gen_1778570354_178.txt air/gen_1778570361_181.txt air/gen_1778570369_184.txt air/gen_1778570376_187.txt air/gen_1778570383_190.txt air/gen_1778570391_193.txt air/gen_1778570398_196.txt air/gen_1778570406_199.txt air/gen_1778570413_202.txt air/gen_1778570420_205.txt air/gen_1778570428_208.txt air/gen_1778570435_211.txt air/gen_1778570442_214.txt air/gen_1778570450_217.txt air/gen_1778570457_220.txt air/gen_1778570465_223.txt air/gen_1778570472_226.txt air/gen_1778570479_229.txt air/gen_1778570487_232.txt air/gen_1778570494_235.txt air/gen_1778570502_238.txt air/gen_1778570509_241.txt air/gen_1778570517_244.txt air/gen_1778570524_247.txt air/gen_1778570531_250.txt air/gen_1778570539_253.txt air/gen_1778570546_256.txt air/gen_1778570554_259.txt air/gen_1778570561_262.txt air/gen_1778570568_265.txt air/gen_1778570576_268.txt air/gen_1778570583_271.txt air/gen_1778570590_274.txt air/gen_1778570598_277.txt air/gen_1778570605_280.txt air/gen_1778570613_283.txt air/gen_1778570620_286.txt air/gen_1778570627_289.txt air/gen_1778570635_292.txt air/gen_1778570642_295.txt air/gen_1778570649_298.txt air/gen_1778570657_301.txt air/gen_1778570664_304.txt air/gen_1778570671_307.txt air/gen_1778570679_310.txt air/gen_1778570686_313.txt air/gen_1778570693_316.txt air/gen_1778570701_319.txt air/gen_1778570708_322.txt air/gen_1778570715_325.txt air/gen_1778570723_328.txt air/gen_1778570730_331.txt air/gen_1778570737_334.txt air/gen_1778570745_337.txt air/gen_1778570752_340.txt air/gen_1778570759_343.txt air/gen_1778570767_346.txt air/gen_1778570774_349.txt air/gen_1778570782_352.txt air/gen_1778570789_355.txt air/gen_1778570796_358.txt air/gen_1778570804_361.txt air/gen_1778570811_364.txt air/gen_1778570819_367.txt air/gen_1778570826_370.txt air/gen_1778570833_373.txt air/gen_1778570841_376.txt air/gen_1778570848_379.txt air/gen_1778570855_382.txt air/gen_1778570863_385.txt air/gen_1778570870_388.txt air/gen_1778570877_391.txt air/gen_1778570885_394.txt air/gen_1778570892_397.txt air/gen_1778570899_400.txt air/gen_1778570907_403.txt air/gen_1778570914_406.txt air/gen_1778570921_409.txt air/gen_1778570929_412.txt air/gen_1778570936_415.txt air/gen_1778570944_418.txt air/gen_1778570951_421.txt air/gen_1778570958_424.txt air/gen_1778570966_427.txt air/gen_1778570973_430.txt air/gen_1778570981_433.txt air/gen_1778570988_436.txt air/gen_1778570995_439.txt air/gen_1778571003_442.txt air/gen_1778571010_445.txt air/gen_1778571017_448.txt air/gen_1778571025_451.txt air/gen_1778571032_454.txt air/gen_1778571040_457.txt air/gen_1778571047_460.txt air/gen_1778571054_463.txt air/gen_1778571062_466.txt air/gen_1778571069_469.txt air/gen_1778571076_472.txt air/gen_1778571084_475.txt air/gen_1778571091_478.txt air/gen_1778571098_481.txt air/gen_1778571106_484.txt air/gen_1778571113_487.txt air/gen_1778571120_490.txt air/gen_1778571128_493.txt air/gen_1778571135_496.txt air/gen_1778571143_499.txt air/gen_1778571150_502.txt air/gen_1778571157_505.txt air/gen_1778571165_508.txt air/gen_1778571172_511.txt air/gen_1778571179_514.txt air/gen_1778571187_517.txt air/gen_1778571194_520.txt air/gen_1778571201_523.txt air/gen_1778571209_526.txt air/gen_1778571216_529.txt air/gen_1778571224_532.txt air/gen_1778571231_535.txt air/gen_1778571238_538.txt air/gen_1778571246_541.txt air/gen_1778571253_544.txt air/gen_1778571261_547.txt air/gen_1778571268_550.txt air/gen_1778571275_553.txt air/gen_1778571283_556.txt air/gen_1778571290_559.txt air/gen_1778571298_562.txt air/gen_1778571305_565.txt air/gen_1778571312_568.txt air/gen_1778571320_571.txt air/gen_1778571327_574.txt air/gen_1778571334_577.txt air/gen_1778571342_580.txt air/gen_1778571349_583.txt air/gen_1778571357_586.txt air/gen_1778571364_589.txt air/gen_1778571371_592.txt air/gen_1778571379_595.txt air/gen_1778571386_598.txt air/gen_1778571393_601.txt air/gen_1778571401_604.txt air/gen_1778571408_607.txt air/gen_1778571415_610.txt air/gen_1778571423_613.txt air/gen_1778571430_616.txt air/gen_1778571438_619.txt air/gen_1778571445_622.txt air/gen_1778571452_625.txt air/gen_1778571460_628.txt air/gen_1778571467_631.txt air/gen_1778571475_634.txt air/gen_1778571482_637.txt air/gen_1778571489_640.txt air/gen_1778571497_643.txt air/gen_1778571504_646.txt air/gen_1778571511_649.txt air/gen_1778571519_652.txt air/gen_1778571526_655.txt air/gen_1778571533_658.txt air/gen_1778571541_661.txt air/gen_1778571548_664.txt air/gen_1778571556_667.txt air/gen_1778571563_670.txt air/gen_1778571570_673.txt air/gen_1778571578_676.txt air/gen_1778571585_679.txt air/gen_1778571592_682.txt air/gen_1778571600_685.txt air/gen_1778571607_688.txt air/gen_1778571614_691.txt air/gen_1778571622_694.txt air/gen_1778571629_697.txt air/gen_1778571637_700.txt air/gen_1778571644_703.txt air/gen_1778571651_706.txt air/gen_1778571659_709.txt air/gen_1778571666_712.txt air/gen_1778571673_715.txt air/gen_1778571681_718.txt air/gen_1778571688_721.txt air/gen_1778571696_724.txt air/gen_1778571703_727.txt]
[trainer] micro-train burst (16793 bytes, novelty 0.04) — and lo, it feeds again.
[syntropy] action=explore | trend=0.0000 | field_dev=-0.016 | purpose_align=-0.161 | lr_mul=1.30
[aml] burst complete: 32 steps, avg loss 1.5994 (memory freed)
[dna] water wrote 33 bytes to ecology
[dna] water wrote 36 bytes to ecology
[dna] water wrote 47 bytes to ecology
[dna] water wrote 78 bytes to ecology
[dna] water wrote 49 bytes to ecology
[dna] water wrote 42 bytes to ecology
[dna] water wrote 79 bytes to ecology
[dna] water wrote 52 bytes to ecology
[dna] water wrote 100 bytes to ecology
[dna] water wrote 53 bytes to ecology
[dna] water wrote 46 bytes to ecology
[dna] water wrote 104 bytes to ecology
[dna] water wrote 53 bytes to ecology
[dna] water wrote 24 bytes to ecology
[dna] water wrote 112 bytes to ecology
[dna] water wrote 82 bytes to ecology
[debug-onto] tick=50 corpus=142733 stage=2 freeze=0
[dna] water wrote 41 bytes to ecology
[dna] water wrote 78 bytes to ecology
[dna] water wrote 45 bytes to ecology
[dna] water wrote 17 bytes to ecology
[dna] water wrote 94 bytes to ecology
[dna] water wrote 41 bytes to ecology
[dna] water wrote 131 bytes to ecology
[dna] water wrote 114 bytes to ecology
[dna] water wrote 65 bytes to ecology
[dna] water wrote 51 bytes to ecology
[dna] water wrote 25 bytes to ecology
[dna] water wrote 105 bytes to ecology
[dna] water wrote 38 bytes to ecology
[dna] water wrote 7 bytes to ecology
[dna] water wrote 89 bytes to ecology
[dna] water wrote 106 bytes to ecology
[dna] water wrote 30 bytes to ecology
[debug-onto] tick=100 corpus=142733 stage=2 freeze=0
[dna] water wrote 53 bytes to ecology
[dna] water wrote 46 bytes to ecology
[dna] water wrote 26 bytes to ecology
[dna] water wrote 49 bytes to ecology
[dna] water wrote 49 bytes to ecology
[dna] water wrote 31 bytes to ecology
[dna] water wrote 36 bytes to ecology
[dna] water wrote 22 bytes to ecology
[dna] water wrote 126 bytes to ecology
[dna] water wrote 83 bytes to ecology
[dna] water wrote 80 bytes to ecology
[dna] water wrote 73 bytes to ecology
[dna] water wrote 88 bytes to ecology
[dna] water wrote 115 bytes to ecology
[dna] water wrote 148 bytes to ecology
[dna] water wrote 67 bytes to ecology
[debug-onto] tick=150 corpus=142733 stage=2 freeze=0
[dna] water wrote 10 bytes to ecology
[dna] water wrote 34 bytes to ecology
[dna] water wrote 64 bytes to ecology
[dna] water wrote 63 bytes to ecology
[dna] water wrote 83 bytes to ecology
[dna] water wrote 160 bytes to ecology
[dna] water wrote 30 bytes to ecology
[dna] water wrote 25 bytes to ecology
[dna] water wrote 104 bytes to ecology
[dna] water wrote 37 bytes to ecology
[dna] water wrote 32 bytes to ecology
[dna] water wrote 26 bytes to ecology
[dna] water wrote 100 bytes to ecology
[dna] water wrote 82 bytes to ecology
[dna] water wrote 93 bytes to ecology
[dna] water wrote 41 bytes to ecology
[dna] water wrote 26 bytes to ecology
[debug-onto] tick=200 corpus=142733 stage=2 freeze=0
[dna] water wrote 56 bytes to ecology
[dna] water wrote 63 bytes to ecology
[dna] water wrote 33 bytes to ecology
[dna] water wrote 59 bytes to ecology
[dna] water wrote 61 bytes to ecology
[dna] water wrote 32 bytes to ecology
[dna] water wrote 150 bytes to ecology
[dna] water wrote 36 bytes to ecology
[dna] water wrote 54 bytes to ecology
[dna] water wrote 81 bytes to ecology
[dna] water wrote 66 bytes to ecology
[dna] water wrote 112 bytes to ecology
[dna] water wrote 91 bytes to ecology
[dna] water wrote 90 bytes to ecology
[dna] water wrote 145 bytes to ecology
[dna] water wrote 28 bytes to ecology
[dna] water wrote 163 bytes to ecology
[debug-onto] tick=250 corpus=142733 stage=2 freeze=0
[dna] water wrote 77 bytes to ecology
[dna] water wrote 59 bytes to ecology
[dna] water wrote 21 bytes to ecology
[dna] water wrote 153 bytes to ecology
[dna] water wrote 185 bytes to ecology
[dna] water wrote 114 bytes to ecology
[dna] water wrote 54 bytes to ecology
[dna] water wrote 20 bytes to ecology
[dna] water wrote 57 bytes to ecology
[dna] water wrote 104 bytes to ecology
[dna] water wrote 48 bytes to ecology
[dna] water wrote 35 bytes to ecology
[dna] water wrote 53 bytes to ecology
[dna] water wrote 63 bytes to ecology
[dna] water wrote 27 bytes to ecology
[dna] water wrote 57 bytes to ecology
[debug-onto] tick=300 corpus=142733 stage=2 freeze=0
[dna] water wrote 37 bytes to ecology
[dna] water wrote 159 bytes to ecology
[dna] water wrote 33 bytes to ecology
[dna] water wrote 16 bytes to ecology
[dna] water wrote 52 bytes to ecology
[dna] water wrote 63 bytes to ecology
[dna] water wrote 45 bytes to ecology
[dna] water wrote 57 bytes to ecology
[dna] water wrote 21 bytes to ecology
[dna] water wrote 20 bytes to ecology
[dna] water wrote 133 bytes to ecology
[dna] water wrote 70 bytes to ecology
[dna] water wrote 103 bytes to ecology
[dna] water wrote 52 bytes to ecology
[dna] water wrote 94 bytes to ecology
[dna] water wrote 32 bytes to ecology
[dna] water wrote 15 bytes to ecology
[debug-onto] tick=350 corpus=142733 stage=2 freeze=0
[dna] water wrote 120 bytes to ecology
[dna] water wrote 106 bytes to ecology
[dna] water wrote 32 bytes to ecology
[dna] water wrote 21 bytes to ecology
[dna] water wrote 37 bytes to ecology
[dna] water wrote 34 bytes to ecology
[dna] water wrote 95 bytes to ecology
[dna] water wrote 29 bytes to ecology
[dna] water wrote 111 bytes to ecology
[dna] water wrote 74 bytes to ecology
[dna] water wrote 86 bytes to ecology
[dna] water wrote 20 bytes to ecology
[dna] water wrote 100 bytes to ecology
[dna] water wrote 214 bytes to ecology
[dna] water wrote 28 bytes to ecology
[dna] water wrote 92 bytes to ecology
[dna] water wrote 80 bytes to ecology
[debug-onto] tick=400 corpus=142733 stage=2 freeze=0
[dna] water wrote 35 bytes to ecology
[dna] water wrote 54 bytes to ecology
[dna] water wrote 33 bytes to ecology
[dna] water wrote 75 bytes to ecology
[dna] water wrote 86 bytes to ecology
[dna] water wrote 55 bytes to ecology
[dna] water wrote 61 bytes to ecology
[dna] water wrote 73 bytes to ecology
[dna] water wrote 46 bytes to ecology
[dna] water wrote 69 bytes to ecology
[dna] water wrote 162 bytes to ecology
[dna] water wrote 33 bytes to ecology
[dna] water wrote 156 bytes to ecology
[dna] water wrote 27 bytes to ecology
[dna] water wrote 36 bytes to ecology
[dna] water wrote 16 bytes to ecology
[debug-onto] tick=450 corpus=142733 stage=2 freeze=0
[dna] water wrote 107 bytes to ecology
[dna] water wrote 61 bytes to ecology
[dna] water wrote 23 bytes to ecology
[dna] water wrote 62 bytes to ecology
[dna] water wrote 28 bytes to ecology
[dna] water wrote 61 bytes to ecology
[dna] water wrote 35 bytes to ecology
[dna] water wrote 52 bytes to ecology
[dna] water wrote 83 bytes to ecology
[dna] water wrote 45 bytes to ecology
[dna] water wrote 46 bytes to ecology
[dna] water wrote 26 bytes to ecology
[dna] water wrote 83 bytes to ecology
[dna] water wrote 63 bytes to ecology
[dna] water wrote 73 bytes to ecology
[dna] water wrote 35 bytes to ecology
[dna] water wrote 10 bytes to ecology
[debug-onto] tick=500 corpus=142733 stage=2 freeze=0
[dna] water wrote 55 bytes to ecology
[dna] water wrote 11 bytes to ecology
[dna] water wrote 50 bytes to ecology
[dna] water wrote 10 bytes to ecology
[dna] water wrote 84 bytes to ecology
[dna] water wrote 63 bytes to ecology
[dna] water wrote 25 bytes to ecology
[dna] water wrote 109 bytes to ecology
[dna] water wrote 33 bytes to ecology
[dna] water wrote 46 bytes to ecology
[dna] water wrote 82 bytes to ecology
[dna] water wrote 59 bytes to ecology
[dna] water wrote 65 bytes to ecology
[dna] water wrote 224 bytes to ecology
[dna] water wrote 24 bytes to ecology
[dna] water wrote 55 bytes to ecology
[dna] water wrote 51 bytes to ecology
[debug-onto] tick=550 corpus=142733 stage=2 freeze=0
[dna] water wrote 167 bytes to ecology
[dna] water wrote 46 bytes to ecology
[dna] water wrote 75 bytes to ecology
[dna] water wrote 68 bytes to ecology
[dna] water wrote 62 bytes to ecology
[dna] water wrote 80 bytes to ecology
[dna] water wrote 57 bytes to ecology
[dna] water wrote 35 bytes to ecology
[dna] water wrote 148 bytes to ecology
[dna] water wrote 70 bytes to ecology
[dna] water wrote 38 bytes to ecology
[dna] water wrote 19 bytes to ecology
[dna] water wrote 76 bytes to ecology
[dna] water wrote 49 bytes to ecology
[dna] water wrote 60 bytes to ecology
[dna] water wrote 110 bytes to ecology
[debug-onto] tick=600 corpus=142733 stage=2 freeze=0
[dna] water wrote 105 bytes to ecology
[dna] water wrote 20 bytes to ecology
[dna] water wrote 58 bytes to ecology
[dna] water wrote 34 bytes to ecology
[dna] water wrote 41 bytes to ecology
[dna] water wrote 62 bytes to ecology
[dna] water wrote 50 bytes to ecology
[dna] water wrote 57 bytes to ecology
[dna] water wrote 34 bytes to ecology
[dna] water wrote 89 bytes to ecology
[dna] water wrote 26 bytes to ecology
[dna] water wrote 38 bytes to ecology
[dna] water wrote 39 bytes to ecology
[dna] water wrote 68 bytes to ecology
[dna] water wrote 18 bytes to ecology
[dna] water wrote 139 bytes to ecology
[dna] water wrote 43 bytes to ecology
[debug-onto] tick=650 corpus=142733 stage=2 freeze=0
[dna] water wrote 28 bytes to ecology
[dna] water wrote 48 bytes to ecology
[dna] water wrote 65 bytes to ecology
[dna] water wrote 82 bytes to ecology
[dna] water wrote 9 bytes to ecology
[dna] water wrote 68 bytes to ecology
[dna] water wrote 61 bytes to ecology
[dna] water wrote 31 bytes to ecology
[dna] water wrote 40 bytes to ecology
[dna] water wrote 9 bytes to ecology
[dna] water wrote 96 bytes to ecology
[dna] water wrote 111 bytes to ecology
[dna] water wrote 35 bytes to ecology
[dna] water wrote 75 bytes to ecology
[dna] water wrote 28 bytes to ecology
[dna] water wrote 118 bytes to ecology
[dna] water wrote 120 bytes to ecology
[debug-onto] tick=700 corpus=142733 stage=2 freeze=0
[dna] water wrote 64 bytes to ecology
[dna] water wrote 29 bytes to ecology
[dna] water wrote 37 bytes to ecology
[dna] water wrote 24 bytes to ecology
[dna] water wrote 155 bytes to ecology
[dna] water wrote 34 bytes to ecology
[dna] water wrote 42 bytes to ecology
[dna] water wrote 45 bytes to ecology
[dna] water wrote 44 bytes to ecology
[dna] water wrote 69 bytes to ecology
[dna] water wrote 23 bytes to ecology
[dna] water wrote 25 bytes to ecology
[dna] water wrote 47 bytes to ecology
[dna] water wrote 27 bytes to ecology
[dna] water wrote 103 bytes to ecology
[dna] water wrote 43 bytes to ecology
[debug-onto] tick=750 corpus=142733 stage=2 freeze=0
[dna] water wrote 35 bytes to ecology
[dna] water wrote 51 bytes to ecology
[dna] water wrote 59 bytes to ecology
[dna] water wrote 50 bytes to ecology
[dna] water wrote 50 bytes to ecology
[dna] water wrote 93 bytes to ecology
[dna] water wrote 48 bytes to ecology
[dna] water wrote 117 bytes to ecology
[dna] water wrote 44 bytes to ecology
[dna] water wrote 43 bytes to ecology
[dna] water wrote 66 bytes to ecology
[dna] water wrote 81 bytes to ecology
[dna] water wrote 48 bytes to ecology
[dna] water wrote 98 bytes to ecology
[dna] water wrote 45 bytes to ecology
[dna] water wrote 24 bytes to ecology
[dna] water wrote 37 bytes to ecology
[debug-onto] tick=800 corpus=142733 stage=2 freeze=0
[dna] water wrote 69 bytes to ecology
[dna] water wrote 10 bytes to ecology
[dna] water wrote 42 bytes to ecology
[dna] water wrote 87 bytes to ecology
[dna] water wrote 64 bytes to ecology
[dna] water wrote 8 bytes to ecology
[dna] water wrote 22 bytes to ecology
[dna] water wrote 74 bytes to ecology
[dna] water wrote 64 bytes to ecology
[dna] water wrote 96 bytes to ecology
[dna] water wrote 62 bytes to ecology

[evolution] Organism shutting down gracefully.
