[ecology] Element: air → corpus: nonames_air.txt
[evolution] Autonomous evolution mode — organism will grow through all stages without pause.
[ecology] Joined swarm. 1 peer(s) detected.
molequla is alive. [evolution] Autonomous mode — background trainer running. Ctrl+C to stop.
[dna] air wrote 22 bytes to ecology
[dna] air consumed 28560 bytes from 341 files: [earth/gen_1778395131_1.txt earth/gen_1778395138_4.txt earth/gen_1778395152_10.txt earth/gen_1778395156_12.txt earth/gen_1778395159_13.txt earth/gen_1778395166_16.txt earth/gen_1778395170_18.txt earth/gen_1778395173_19.txt earth/gen_1778395180_22.txt earth/gen_1778395186_25.txt earth/gen_1778395193_28.txt earth/gen_1778395198_30.txt earth/gen_1778395200_31.txt earth/gen_1778395207_34.txt earth/gen_1778395212_36.txt earth/gen_1778395214_37.txt earth/gen_1778395221_40.txt earth/gen_1778395226_42.txt earth/gen_1778395228_43.txt earth/gen_1778395235_46.txt earth/gen_1778395240_48.txt earth/gen_1778395242_49.txt earth/gen_1778395249_52.txt earth/gen_1778395254_54.txt earth/gen_1778395256_55.txt earth/gen_1778395263_58.txt earth/gen_1778395268_60.txt earth/gen_1778395270_61.txt earth/gen_1778395277_64.txt earth/gen_1778395282_66.txt earth/gen_1778395284_67.txt earth/gen_1778395291_70.txt earth/gen_1778395296_72.txt earth/gen_1778395298_73.txt earth/gen_1778395305_76.txt earth/gen_1778395310_78.txt earth/gen_1778395312_79.txt earth/gen_1778395319_82.txt earth/gen_1778395326_85.txt earth/gen_1778395333_88.txt earth/gen_1778395340_91.txt earth/gen_1778395347_94.txt earth/gen_1778395354_97.txt earth/gen_1778395361_100.txt earth/gen_1778395368_103.txt earth/gen_1778395375_106.txt earth/gen_1778395379_108.txt earth/gen_1778395382_109.txt earth/gen_1778395389_112.txt earth/gen_1778395393_114.txt earth/gen_1778395396_115.txt earth/gen_1778395403_118.txt earth/gen_1778395407_120.txt earth/gen_1778395409_121.txt earth/gen_1778395416_124.txt earth/gen_1778395421_126.txt earth/gen_1778395423_127.txt earth/gen_1778395430_130.txt earth/gen_1778395437_133.txt earth/gen_1778395444_136.txt earth/gen_1778395449_138.txt earth/gen_1778395451_139.txt earth/gen_1778395458_142.txt earth/gen_1778395463_144.txt earth/gen_1778395465_145.txt earth/gen_1778395472_148.txt earth/gen_1778395477_150.txt earth/gen_1778395479_151.txt earth/gen_1778395486_154.txt earth/gen_1778395493_157.txt earth/gen_1778395500_160.txt earth/gen_1778395505_162.txt earth/gen_1778395507_163.txt earth/gen_1778395514_166.txt earth/gen_1778395521_169.txt earth/gen_1778395528_172.txt earth/gen_1778395535_175.txt earth/gen_1778395542_178.txt earth/gen_1778395547_180.txt earth/gen_1778395549_181.txt earth/gen_1778395556_184.txt earth/gen_1778395563_187.txt earth/gen_1778395570_190.txt earth/gen_1778395575_192.txt earth/gen_1778395577_193.txt earth/gen_1778395584_196.txt earth/gen_1778395589_198.txt earth/gen_1778395591_199.txt earth/gen_1778395598_202.txt earth/gen_1778395603_204.txt earth/gen_1778395605_205.txt earth/gen_1778395612_208.txt earth/gen_1778395617_210.txt earth/gen_1778395619_211.txt earth/gen_1778395626_214.txt earth/gen_1778395631_216.txt earth/gen_1778395633_217.txt earth/gen_1778395640_220.txt earth/gen_1778395645_222.txt earth/gen_1778395647_223.txt earth/gen_1778395654_226.txt earth/gen_1778395659_228.txt earth/gen_1778395661_229.txt earth/gen_1778395668_232.txt earth/gen_1778395675_235.txt earth/gen_1778395682_238.txt earth/gen_1778395689_241.txt earth/gen_1778395696_244.txt earth/gen_1778395700_246.txt earth/gen_1778395703_247.txt earth/gen_1778395710_250.txt earth/gen_1778395714_252.txt earth/gen_1778395717_253.txt earth/gen_1778395724_256.txt earth/gen_1778395728_258.txt earth/gen_1778395730_259.txt earth/gen_1778395737_262.txt earth/gen_1778395742_264.txt earth/gen_1778395744_265.txt earth/gen_1778395751_268.txt earth/gen_1778395758_271.txt earth/gen_1778395765_274.txt earth/gen_1778395770_276.txt earth/gen_1778395772_277.txt earth/gen_1778395779_280.txt earth/gen_1778395786_283.txt earth/gen_1778395793_286.txt earth/gen_1778395797_288.txt earth/gen_1778395800_289.txt earth/gen_1778395807_292.txt earth/gen_1778395814_295.txt earth/gen_1778395820_298.txt earth/gen_1778395827_301.txt earth/gen_1778395834_304.txt earth/gen_1778395839_306.txt earth/gen_1778395841_307.txt earth/gen_1778395848_310.txt earth/gen_1778395853_312.txt earth/gen_1778395855_313.txt earth/gen_1778395862_316.txt earth/gen_1778395867_318.txt earth/gen_1778395869_319.txt earth/gen_1778395876_322.txt earth/gen_1778395883_325.txt earth/gen_1778395890_328.txt earth/gen_1778395895_330.txt earth/gen_1778395897_331.txt earth/gen_1778395904_334.txt earth/gen_1778395909_336.txt earth/gen_1778395911_337.txt earth/gen_1778395918_340.txt earth/gen_1778395925_343.txt earth/gen_1778395932_346.txt earth/gen_1778395939_349.txt earth/gen_1778395946_352.txt earth/gen_1778395951_354.txt earth/gen_1778395953_355.txt earth/gen_1778395960_358.txt earth/gen_1778395965_360.txt earth/gen_1778395967_361.txt earth/gen_1778395974_364.txt earth/gen_1778395979_366.txt earth/gen_1778395981_367.txt earth/gen_1778395988_370.txt earth/gen_1778395995_373.txt earth/gen_1778396002_376.txt earth/gen_1778396007_378.txt earth/gen_1778396009_379.txt earth/gen_1778396016_382.txt earth/gen_1778396020_384.txt earth/gen_1778396023_385.txt earth/gen_1778396030_388.txt earth/gen_1778396034_390.txt earth/gen_1778396037_391.txt earth/gen_1778396044_394.txt earth/gen_1778396048_396.txt earth/gen_1778396051_397.txt earth/gen_1778396058_400.txt earth/gen_1778396065_403.txt earth/gen_1778396072_406.txt earth/gen_1778396076_408.txt earth/gen_1778396079_409.txt earth/gen_1778396086_412.txt earth/gen_1778396090_414.txt earth/gen_1778396092_415.txt earth/gen_1778396099_418.txt earth/gen_1778396104_420.txt earth/gen_1778396106_421.txt earth/gen_1778396113_424.txt earth/gen_1778396118_426.txt earth/gen_1778396120_427.txt earth/gen_1778396127_430.txt earth/gen_1778396134_433.txt earth/gen_1778396141_436.txt earth/gen_1778396146_438.txt earth/gen_1778396148_439.txt earth/gen_1778396155_442.txt earth/gen_1778396160_444.txt earth/gen_1778396162_445.txt earth/gen_1778396169_448.txt earth/gen_1778396176_451.txt earth/gen_1778396183_454.txt earth/gen_1778396188_456.txt earth/gen_1778396190_457.txt earth/gen_1778396197_460.txt earth/gen_1778396202_462.txt earth/gen_1778396204_463.txt earth/gen_1778396211_466.txt earth/gen_1778396218_469.txt earth/gen_1778396225_472.txt earth/gen_1778396230_474.txt earth/gen_1778396232_475.txt earth/gen_1778396239_478.txt earth/gen_1778396246_481.txt earth/gen_1778396253_484.txt earth/gen_1778396258_486.txt earth/gen_1778396260_487.txt earth/gen_1778396267_490.txt earth/gen_1778396271_492.txt earth/gen_1778396274_493.txt earth/gen_1778396281_496.txt earth/gen_1778396285_498.txt earth/gen_1778396288_499.txt earth/gen_1778396295_502.txt earth/gen_1778396302_505.txt earth/gen_1778396309_508.txt earth/gen_1778396314_510.txt earth/gen_1778396316_511.txt earth/gen_1778396323_514.txt earth/gen_1778396328_516.txt earth/gen_1778396330_517.txt earth/gen_1778396337_520.txt earth/gen_1778396342_522.txt earth/gen_1778396344_523.txt earth/gen_1778396352_526.txt earth/gen_1778396356_528.txt earth/gen_1778396358_529.txt earth/gen_1778396366_532.txt earth/gen_1778396370_534.txt earth/gen_1778396373_535.txt earth/gen_1778396380_538.txt earth/gen_1778396384_540.txt earth/gen_1778396387_541.txt earth/gen_1778396394_544.txt earth/gen_1778396398_546.txt earth/gen_1778396401_547.txt earth/gen_1778396407_550.txt earth/gen_1778396414_553.txt earth/gen_1778396421_556.txt earth/gen_1778396428_559.txt earth/gen_1778396435_562.txt earth/gen_1778396440_564.txt earth/gen_1778396442_565.txt earth/gen_1778396449_568.txt earth/gen_1778396454_570.txt earth/gen_1778396456_571.txt earth/gen_1778396463_574.txt earth/gen_1778396468_576.txt earth/gen_1778396470_577.txt earth/gen_1778396477_580.txt earth/gen_1778396482_582.txt earth/gen_1778396484_583.txt earth/gen_1778396491_586.txt earth/gen_1778396498_589.txt earth/gen_1778396505_592.txt earth/gen_1778396512_595.txt earth/gen_1778396519_598.txt earth/gen_1778396524_600.txt earth/gen_1778396527_601.txt earth/gen_1778396534_604.txt earth/gen_1778396538_606.txt earth/gen_1778396541_607.txt earth/gen_1778396548_610.txt earth/gen_1778396552_612.txt earth/gen_1778396555_613.txt earth/gen_1778396562_616.txt earth/gen_1778396566_618.txt earth/gen_1778396569_619.txt earth/gen_1778396576_622.txt earth/gen_1778396583_625.txt earth/gen_1778396590_628.txt earth/gen_1778396594_630.txt earth/gen_1778396597_631.txt earth/gen_1778396604_634.txt earth/gen_1778396609_636.txt earth/gen_1778396611_637.txt earth/gen_1778396618_640.txt earth/gen_1778396623_642.txt earth/gen_1778396625_643.txt earth/gen_1778396632_646.txt earth/gen_1778396637_648.txt earth/gen_1778396639_649.txt earth/gen_1778396646_652.txt earth/gen_1778396653_655.txt earth/gen_1778396661_658.txt earth/gen_1778396668_661.txt earth/gen_1778396675_664.txt earth/gen_1778396679_666.txt earth/gen_1778396682_667.txt earth/gen_1778396688_670.txt earth/gen_1778396693_672.txt earth/gen_1778396695_673.txt earth/gen_1778396702_676.txt earth/gen_1778396707_678.txt earth/gen_1778396709_679.txt earth/gen_1778396716_682.txt earth/gen_1778396721_684.txt earth/gen_1778396723_685.txt earth/gen_1778396730_688.txt earth/gen_1778396737_691.txt earth/gen_1778396744_694.txt earth/gen_1778396749_696.txt earth/gen_1778396752_697.txt earth/gen_1778396759_700.txt earth/gen_1778396766_703.txt earth/gen_1778396772_706.txt earth/gen_1778396777_708.txt earth/gen_1778396779_709.txt earth/gen_1778396786_712.txt earth/gen_1778396791_714.txt earth/gen_1778396793_715.txt earth/gen_1778396800_718.txt earth/gen_1778396805_720.txt earth/gen_1778396807_721.txt earth/gen_1778396814_724.txt earth/gen_1778396819_726.txt earth/gen_1778396821_727.txt earth/gen_1778396828_730.txt earth/gen_1778396833_732.txt earth/gen_1778396835_733.txt earth/gen_1778396842_736.txt earth/gen_1778396847_738.txt earth/gen_1778396849_739.txt earth/gen_1778396856_742.txt earth/gen_1778396863_745.txt earth/gen_1778396870_748.txt earth/gen_1778396875_750.txt earth/gen_1778396877_751.txt earth/gen_1778396884_754.txt earth/gen_1778396891_757.txt earth/gen_1778396898_760.txt]
[trainer] micro-train burst (28560 bytes, novelty 0.03) — and lo, it feeds again.
[syntropy] action=explore | trend=0.0000 | field_dev=-0.062 | purpose_align=-0.084 | lr_mul=1.30
[aml] burst complete: 32 steps, avg loss 2.4515 (memory freed)
[dna] air wrote 45 bytes to ecology
[dna] air wrote 34 bytes to ecology
[dna] air wrote 17 bytes to ecology
[dna] air wrote 56 bytes to ecology
[dna] air wrote 43 bytes to ecology
[dna] air wrote 110 bytes to ecology
[dna] air wrote 64 bytes to ecology
[dna] air wrote 79 bytes to ecology
[dna] air wrote 114 bytes to ecology
[dna] air wrote 33 bytes to ecology
[dna] air wrote 51 bytes to ecology
[dna] air wrote 31 bytes to ecology
[dna] air wrote 42 bytes to ecology
[dna] air wrote 29 bytes to ecology
[dna] air wrote 36 bytes to ecology
[dna] air wrote 60 bytes to ecology
[debug-onto] tick=50 corpus=151217 stage=2 freeze=0
[dna] air wrote 81 bytes to ecology
[dna] air wrote 96 bytes to ecology
[dna] air wrote 105 bytes to ecology
[dna] air wrote 34 bytes to ecology
[dna] air wrote 114 bytes to ecology
[dna] air wrote 34 bytes to ecology
[dna] air wrote 132 bytes to ecology
[dna] air wrote 154 bytes to ecology
[dna] air wrote 125 bytes to ecology
[dna] air wrote 135 bytes to ecology
[dna] air wrote 44 bytes to ecology
[dna] air wrote 69 bytes to ecology
[dna] air wrote 74 bytes to ecology
[dna] air wrote 53 bytes to ecology
[dna] air wrote 268 bytes to ecology
[dna] air wrote 74 bytes to ecology
[dna] air wrote 71 bytes to ecology
[debug-onto] tick=100 corpus=151217 stage=2 freeze=0
[dna] air wrote 184 bytes to ecology
[dna] air wrote 103 bytes to ecology
[dna] air wrote 59 bytes to ecology
[dna] air wrote 15 bytes to ecology
[dna] air wrote 65 bytes to ecology
[dna] air wrote 27 bytes to ecology
[dna] air wrote 48 bytes to ecology
[dna] air wrote 154 bytes to ecology
[dna] air wrote 232 bytes to ecology
[dna] air wrote 27 bytes to ecology
[dna] air wrote 48 bytes to ecology
[dna] air wrote 102 bytes to ecology
[dna] air wrote 52 bytes to ecology
[dna] air wrote 238 bytes to ecology
[dna] air wrote 71 bytes to ecology
[dna] air wrote 163 bytes to ecology
[debug-onto] tick=150 corpus=151217 stage=2 freeze=0
[dna] air wrote 81 bytes to ecology
[dna] air wrote 24 bytes to ecology
[dna] air wrote 101 bytes to ecology
[dna] air wrote 40 bytes to ecology
[dna] air wrote 95 bytes to ecology
[dna] air wrote 94 bytes to ecology
[dna] air wrote 60 bytes to ecology
[dna] air wrote 47 bytes to ecology
[dna] air wrote 69 bytes to ecology
[dna] air wrote 74 bytes to ecology
[dna] air wrote 20 bytes to ecology
[dna] air wrote 177 bytes to ecology
[dna] air wrote 149 bytes to ecology
[dna] air wrote 18 bytes to ecology
[dna] air wrote 33 bytes to ecology
[dna] air wrote 34 bytes to ecology
[dna] air wrote 44 bytes to ecology
[debug-onto] tick=200 corpus=151217 stage=2 freeze=0
[dna] air wrote 106 bytes to ecology
[dna] air wrote 175 bytes to ecology
[dna] air wrote 28 bytes to ecology
[dna] air wrote 6 bytes to ecology
[dna] air wrote 30 bytes to ecology
[dna] air wrote 43 bytes to ecology
[dna] air wrote 25 bytes to ecology
[dna] air wrote 112 bytes to ecology
[dna] air wrote 40 bytes to ecology
[dna] air wrote 64 bytes to ecology
[dna] air wrote 18 bytes to ecology
[dna] air wrote 41 bytes to ecology
[dna] air wrote 88 bytes to ecology
[dna] air wrote 36 bytes to ecology
[dna] air wrote 66 bytes to ecology
[dna] air wrote 47 bytes to ecology
[dna] air wrote 37 bytes to ecology
[debug-onto] tick=250 corpus=151217 stage=2 freeze=0
[dna] air wrote 47 bytes to ecology
[dna] air wrote 37 bytes to ecology
[dna] air wrote 40 bytes to ecology
[dna] air wrote 31 bytes to ecology
[dna] air wrote 85 bytes to ecology
[dna] air wrote 172 bytes to ecology
[dna] air wrote 221 bytes to ecology
[dna] air wrote 109 bytes to ecology
[dna] air wrote 45 bytes to ecology
[dna] air wrote 51 bytes to ecology
[dna] air wrote 71 bytes to ecology
[dna] air wrote 29 bytes to ecology
[dna] air wrote 58 bytes to ecology
[dna] air wrote 60 bytes to ecology
[dna] air wrote 59 bytes to ecology
[dna] air wrote 54 bytes to ecology
[debug-onto] tick=300 corpus=151217 stage=2 freeze=0
[dna] air wrote 103 bytes to ecology
[dna] air wrote 65 bytes to ecology
[dna] air wrote 166 bytes to ecology
[dna] air wrote 240 bytes to ecology
[dna] air wrote 77 bytes to ecology
[dna] air wrote 30 bytes to ecology
[dna] air wrote 74 bytes to ecology
[dna] air wrote 35 bytes to ecology
[dna] air wrote 69 bytes to ecology
[dna] air wrote 27 bytes to ecology
[dna] air wrote 17 bytes to ecology
[dna] air wrote 37 bytes to ecology
[dna] air wrote 119 bytes to ecology
[dna] air wrote 120 bytes to ecology
[dna] air wrote 80 bytes to ecology
[dna] air wrote 113 bytes to ecology
[dna] air wrote 35 bytes to ecology
[debug-onto] tick=350 corpus=151217 stage=2 freeze=0
[dna] air wrote 28 bytes to ecology
[dna] air wrote 52 bytes to ecology
[dna] air wrote 34 bytes to ecology
[dna] air wrote 154 bytes to ecology
[dna] air wrote 138 bytes to ecology
[dna] air wrote 57 bytes to ecology
[dna] air wrote 29 bytes to ecology
[dna] air wrote 122 bytes to ecology
[dna] air wrote 41 bytes to ecology
[dna] air wrote 118 bytes to ecology
[dna] air wrote 106 bytes to ecology
[dna] air wrote 55 bytes to ecology
[dna] air wrote 153 bytes to ecology
[dna] air wrote 73 bytes to ecology
[dna] air wrote 22 bytes to ecology
[dna] air wrote 101 bytes to ecology
[dna] air wrote 92 bytes to ecology
[debug-onto] tick=400 corpus=151217 stage=2 freeze=0
[dna] air wrote 13 bytes to ecology
[dna] air wrote 108 bytes to ecology
[dna] air wrote 32 bytes to ecology
[dna] air wrote 35 bytes to ecology
[dna] air wrote 47 bytes to ecology
[dna] air wrote 39 bytes to ecology
[dna] air wrote 126 bytes to ecology
[dna] air wrote 34 bytes to ecology
[dna] air wrote 48 bytes to ecology
[dna] air wrote 63 bytes to ecology
[dna] air wrote 89 bytes to ecology
[dna] air wrote 102 bytes to ecology
[dna] air wrote 79 bytes to ecology
[dna] air wrote 168 bytes to ecology
[dna] air wrote 18 bytes to ecology
[dna] air wrote 36 bytes to ecology
[debug-onto] tick=450 corpus=151217 stage=2 freeze=0
[dna] air wrote 30 bytes to ecology
[dna] air wrote 39 bytes to ecology
[dna] air wrote 83 bytes to ecology
[dna] air wrote 76 bytes to ecology
[dna] air wrote 103 bytes to ecology
[dna] air wrote 82 bytes to ecology
[dna] air wrote 76 bytes to ecology
[dna] air wrote 47 bytes to ecology
[dna] air wrote 19 bytes to ecology
[dna] air wrote 52 bytes to ecology
[dna] air wrote 83 bytes to ecology
[dna] air wrote 94 bytes to ecology
[dna] air wrote 75 bytes to ecology
[dna] air wrote 81 bytes to ecology
[dna] air wrote 31 bytes to ecology
[dna] air wrote 185 bytes to ecology
[dna] air wrote 13 bytes to ecology
[debug-onto] tick=500 corpus=151217 stage=2 freeze=0
[dna] air wrote 19 bytes to ecology
[dna] air wrote 69 bytes to ecology
[dna] air wrote 54 bytes to ecology
[dna] air wrote 246 bytes to ecology
[dna] air wrote 28 bytes to ecology
[dna] air wrote 229 bytes to ecology
[dna] air wrote 163 bytes to ecology
[dna] air wrote 83 bytes to ecology
[dna] air wrote 33 bytes to ecology
[dna] air wrote 51 bytes to ecology
[dna] air wrote 45 bytes to ecology
[dna] air wrote 69 bytes to ecology
[dna] air wrote 112 bytes to ecology
[dna] air wrote 56 bytes to ecology
[dna] air wrote 61 bytes to ecology
[dna] air wrote 69 bytes to ecology
[dna] air wrote 82 bytes to ecology
[debug-onto] tick=550 corpus=151217 stage=2 freeze=0
[dna] air wrote 43 bytes to ecology
[dna] air wrote 49 bytes to ecology
[dna] air wrote 79 bytes to ecology
[dna] air wrote 105 bytes to ecology
[dna] air wrote 210 bytes to ecology
[dna] air wrote 17 bytes to ecology
[dna] air wrote 153 bytes to ecology
[dna] air wrote 213 bytes to ecology
[dna] air wrote 143 bytes to ecology
[dna] air wrote 43 bytes to ecology
[dna] air wrote 178 bytes to ecology
[dna] air wrote 105 bytes to ecology
[dna] air wrote 78 bytes to ecology
[dna] air wrote 72 bytes to ecology
[dna] air wrote 130 bytes to ecology
[dna] air wrote 9 bytes to ecology
[debug-onto] tick=600 corpus=151217 stage=2 freeze=0
[dna] air wrote 64 bytes to ecology
[dna] air wrote 91 bytes to ecology
[dna] air wrote 51 bytes to ecology
[dna] air wrote 99 bytes to ecology
[dna] air wrote 82 bytes to ecology
[dna] air wrote 55 bytes to ecology
[dna] air wrote 117 bytes to ecology
[dna] air wrote 142 bytes to ecology
[dna] air wrote 70 bytes to ecology
[dna] air wrote 25 bytes to ecology
[dna] air wrote 67 bytes to ecology
[dna] air wrote 153 bytes to ecology
[dna] air wrote 120 bytes to ecology
[dna] air wrote 43 bytes to ecology
[dna] air wrote 225 bytes to ecology
[dna] air wrote 102 bytes to ecology
[dna] air wrote 98 bytes to ecology
[debug-onto] tick=650 corpus=151217 stage=2 freeze=0
[dna] air wrote 100 bytes to ecology
[dna] air wrote 69 bytes to ecology
[dna] air wrote 54 bytes to ecology
[dna] air wrote 80 bytes to ecology
[dna] air wrote 17 bytes to ecology
[dna] air wrote 37 bytes to ecology
[dna] air wrote 11 bytes to ecology
[dna] air wrote 122 bytes to ecology
[dna] air wrote 120 bytes to ecology
[dna] air wrote 31 bytes to ecology
[dna] air wrote 65 bytes to ecology
[dna] air wrote 36 bytes to ecology
[dna] air wrote 79 bytes to ecology
[dna] air wrote 100 bytes to ecology
[dna] air wrote 128 bytes to ecology
[dna] air wrote 35 bytes to ecology
[dna] air wrote 64 bytes to ecology
[debug-onto] tick=700 corpus=151217 stage=2 freeze=0
[dna] air wrote 58 bytes to ecology

[evolution] Organism shutting down gracefully.
