[ecology] Element: fire → corpus: nonames_fire.txt
[evolution] Autonomous evolution mode — organism will grow through all stages without pause.
[ecology] Joined swarm. 1 peer(s) detected.
molequla is alive. [evolution] Autonomous mode — background trainer running. Ctrl+C to stop.
[dna] fire wrote 71 bytes to ecology
[dna] fire consumed 15119 bytes from 221 files: [water/gen_1778398706_1.txt water/gen_1778398721_4.txt water/gen_1778398728_7.txt water/gen_1778398736_10.txt water/gen_1778398744_13.txt water/gen_1778398752_16.txt water/gen_1778398768_22.txt water/gen_1778398776_25.txt water/gen_1778398783_28.txt water/gen_1778398791_31.txt water/gen_1778398798_34.txt water/gen_1778398806_37.txt water/gen_1778398814_40.txt water/gen_1778398821_43.txt water/gen_1778398829_46.txt water/gen_1778398836_49.txt water/gen_1778398844_52.txt water/gen_1778398852_55.txt water/gen_1778398859_58.txt water/gen_1778398867_61.txt water/gen_1778398874_64.txt water/gen_1778398882_67.txt water/gen_1778398890_70.txt water/gen_1778398898_73.txt water/gen_1778398905_76.txt water/gen_1778398913_79.txt water/gen_1778398921_82.txt water/gen_1778398929_85.txt water/gen_1778398936_88.txt water/gen_1778398944_91.txt water/gen_1778398951_94.txt water/gen_1778398959_97.txt water/gen_1778398966_100.txt water/gen_1778398974_103.txt water/gen_1778398982_106.txt water/gen_1778398989_109.txt water/gen_1778398997_112.txt water/gen_1778399004_115.txt water/gen_1778399012_118.txt water/gen_1778399019_121.txt water/gen_1778399027_124.txt water/gen_1778399034_127.txt water/gen_1778399042_130.txt water/gen_1778399049_133.txt water/gen_1778399057_136.txt water/gen_1778399064_139.txt water/gen_1778399072_142.txt water/gen_1778399079_145.txt water/gen_1778399087_148.txt water/gen_1778399095_151.txt water/gen_1778399102_154.txt water/gen_1778399110_157.txt water/gen_1778399117_160.txt water/gen_1778399125_163.txt water/gen_1778399133_166.txt water/gen_1778399140_169.txt water/gen_1778399148_172.txt water/gen_1778399156_175.txt water/gen_1778399163_178.txt water/gen_1778399171_181.txt water/gen_1778399179_184.txt water/gen_1778399186_187.txt water/gen_1778399194_190.txt water/gen_1778399202_193.txt water/gen_1778399209_196.txt water/gen_1778399217_199.txt water/gen_1778399225_202.txt water/gen_1778399233_205.txt water/gen_1778399240_208.txt water/gen_1778399248_211.txt water/gen_1778399256_214.txt water/gen_1778399263_217.txt water/gen_1778399271_220.txt water/gen_1778399279_223.txt water/gen_1778399286_226.txt water/gen_1778399294_229.txt water/gen_1778399302_232.txt water/gen_1778399310_235.txt water/gen_1778399317_238.txt water/gen_1778399325_241.txt water/gen_1778399333_244.txt water/gen_1778399340_247.txt water/gen_1778399348_250.txt water/gen_1778399363_256.txt water/gen_1778399371_259.txt water/gen_1778399379_262.txt water/gen_1778399387_265.txt water/gen_1778399395_268.txt water/gen_1778399403_271.txt water/gen_1778399411_274.txt water/gen_1778399419_277.txt water/gen_1778399427_280.txt water/gen_1778399435_283.txt water/gen_1778399443_286.txt water/gen_1778399451_289.txt water/gen_1778399460_292.txt water/gen_1778399467_295.txt water/gen_1778399475_298.txt water/gen_1778399483_301.txt water/gen_1778399491_304.txt water/gen_1778399500_307.txt water/gen_1778399508_310.txt water/gen_1778399516_313.txt water/gen_1778399524_316.txt water/gen_1778399532_319.txt water/gen_1778399539_322.txt water/gen_1778399547_325.txt water/gen_1778399554_328.txt water/gen_1778399563_331.txt water/gen_1778399571_334.txt water/gen_1778399579_337.txt water/gen_1778399587_340.txt water/gen_1778399595_343.txt water/gen_1778399603_346.txt water/gen_1778399611_349.txt water/gen_1778399620_352.txt water/gen_1778399628_355.txt water/gen_1778399636_358.txt water/gen_1778399653_364.txt water/gen_1778399661_367.txt water/gen_1778399669_370.txt water/gen_1778399677_373.txt water/gen_1778399685_376.txt water/gen_1778399694_379.txt water/gen_1778399702_382.txt water/gen_1778399710_385.txt water/gen_1778399718_388.txt water/gen_1778399726_391.txt water/gen_1778399734_394.txt water/gen_1778399743_397.txt water/gen_1778399751_400.txt water/gen_1778399759_403.txt water/gen_1778399767_406.txt water/gen_1778399775_409.txt water/gen_1778399783_412.txt water/gen_1778399792_415.txt water/gen_1778399800_418.txt water/gen_1778399808_421.txt water/gen_1778399816_424.txt water/gen_1778399824_427.txt water/gen_1778399832_430.txt water/gen_1778399840_433.txt water/gen_1778399849_436.txt water/gen_1778399857_439.txt water/gen_1778399865_442.txt water/gen_1778399873_445.txt water/gen_1778399881_448.txt water/gen_1778399889_451.txt water/gen_1778399898_454.txt water/gen_1778399906_457.txt water/gen_1778399914_460.txt water/gen_1778399922_463.txt water/gen_1778399930_466.txt water/gen_1778399938_469.txt water/gen_1778399946_472.txt water/gen_1778399955_475.txt water/gen_1778399963_478.txt water/gen_1778399979_484.txt water/gen_1778399987_487.txt water/gen_1778399996_490.txt water/gen_1778400004_493.txt water/gen_1778400012_496.txt water/gen_1778400020_499.txt water/gen_1778400028_502.txt water/gen_1778400036_505.txt water/gen_1778400044_508.txt water/gen_1778400053_511.txt water/gen_1778400061_514.txt water/gen_1778400069_517.txt water/gen_1778400077_520.txt water/gen_1778400085_523.txt water/gen_1778400093_526.txt water/gen_1778400102_529.txt water/gen_1778400110_532.txt water/gen_1778400118_535.txt water/gen_1778400126_538.txt water/gen_1778400134_541.txt water/gen_1778400142_544.txt water/gen_1778400150_547.txt water/gen_1778400159_550.txt water/gen_1778400167_553.txt water/gen_1778400175_556.txt water/gen_1778400191_562.txt water/gen_1778400199_565.txt water/gen_1778400208_568.txt water/gen_1778400216_571.txt water/gen_1778400224_574.txt water/gen_1778400232_577.txt water/gen_1778400240_580.txt water/gen_1778400248_583.txt water/gen_1778400257_586.txt water/gen_1778400265_589.txt water/gen_1778400273_592.txt water/gen_1778400281_595.txt water/gen_1778400289_598.txt water/gen_1778400297_601.txt water/gen_1778400305_604.txt water/gen_1778400313_607.txt water/gen_1778400322_610.txt water/gen_1778400330_613.txt water/gen_1778400338_616.txt water/gen_1778400346_619.txt water/gen_1778400354_622.txt water/gen_1778400362_625.txt water/gen_1778400370_628.txt water/gen_1778400378_631.txt water/gen_1778400386_634.txt water/gen_1778400395_637.txt water/gen_1778400403_640.txt water/gen_1778400411_643.txt water/gen_1778400419_646.txt water/gen_1778400427_649.txt water/gen_1778400435_652.txt water/gen_1778400443_655.txt water/gen_1778400452_658.txt water/gen_1778400460_661.txt water/gen_1778400468_664.txt water/gen_1778400476_667.txt water/gen_1778400484_670.txt water/gen_1778400493_673.txt water/gen_1778400501_676.txt]
[trainer] micro-train burst (15119 bytes, novelty 0.04) — and lo, it feeds again.
[syntropy] action=explore | trend=0.0000 | field_dev=-0.020 | purpose_align=-0.095 | lr_mul=1.30
[aml] burst complete: 32 steps, avg loss 1.8059 (memory freed)
[dna] fire wrote 36 bytes to ecology
[dna] fire wrote 120 bytes to ecology
[dna] fire wrote 51 bytes to ecology
[dna] fire wrote 57 bytes to ecology
[dna] fire wrote 54 bytes to ecology
[dna] fire wrote 75 bytes to ecology
[dna] fire wrote 36 bytes to ecology
[dna] fire wrote 47 bytes to ecology
[dna] fire wrote 71 bytes to ecology
[dna] fire wrote 45 bytes to ecology
[dna] fire wrote 68 bytes to ecology
[dna] fire wrote 37 bytes to ecology
[dna] fire wrote 59 bytes to ecology
[dna] fire wrote 53 bytes to ecology
[dna] fire wrote 84 bytes to ecology
[dna] fire wrote 52 bytes to ecology
[debug-onto] tick=50 corpus=137240 stage=2 freeze=0
[dna] fire wrote 101 bytes to ecology
[dna] fire wrote 61 bytes to ecology
[dna] fire wrote 21 bytes to ecology
[dna] fire wrote 41 bytes to ecology
[dna] fire wrote 62 bytes to ecology
[dna] fire wrote 53 bytes to ecology
[dna] fire wrote 99 bytes to ecology
[dna] fire wrote 42 bytes to ecology
[dna] fire wrote 41 bytes to ecology
[dna] fire wrote 55 bytes to ecology
[dna] fire wrote 7 bytes to ecology
[dna] fire wrote 70 bytes to ecology
[dna] fire wrote 34 bytes to ecology
[dna] fire wrote 57 bytes to ecology
[dna] fire wrote 61 bytes to ecology
[dna] fire wrote 70 bytes to ecology
[dna] fire wrote 42 bytes to ecology
[debug-onto] tick=100 corpus=137240 stage=2 freeze=0
[dna] fire wrote 131 bytes to ecology
[dna] fire wrote 39 bytes to ecology
[dna] fire wrote 124 bytes to ecology
[dna] fire wrote 109 bytes to ecology
[dna] fire wrote 17 bytes to ecology
[dna] fire wrote 36 bytes to ecology
[dna] fire wrote 64 bytes to ecology
[dna] fire wrote 26 bytes to ecology
[dna] fire wrote 23 bytes to ecology
[dna] fire wrote 107 bytes to ecology
[dna] fire wrote 71 bytes to ecology
[dna] fire wrote 38 bytes to ecology
[dna] fire wrote 88 bytes to ecology
[dna] fire wrote 70 bytes to ecology
[dna] fire wrote 160 bytes to ecology
[dna] fire wrote 73 bytes to ecology
[debug-onto] tick=150 corpus=137240 stage=2 freeze=0
[dna] fire wrote 133 bytes to ecology
[dna] fire wrote 83 bytes to ecology
[dna] fire wrote 45 bytes to ecology
[dna] fire wrote 48 bytes to ecology
[dna] fire wrote 43 bytes to ecology
[dna] fire wrote 72 bytes to ecology
[dna] fire wrote 116 bytes to ecology
[dna] fire wrote 101 bytes to ecology
[dna] fire wrote 8 bytes to ecology
[dna] fire wrote 46 bytes to ecology
[dna] fire wrote 108 bytes to ecology
[dna] fire wrote 40 bytes to ecology
[dna] fire wrote 36 bytes to ecology
[dna] fire wrote 72 bytes to ecology
[dna] fire wrote 108 bytes to ecology
[dna] fire wrote 53 bytes to ecology
[dna] fire wrote 16 bytes to ecology
[debug-onto] tick=200 corpus=137240 stage=2 freeze=0
[dna] fire wrote 69 bytes to ecology
[dna] fire wrote 31 bytes to ecology
[dna] fire wrote 26 bytes to ecology
[dna] fire wrote 46 bytes to ecology
[dna] fire wrote 67 bytes to ecology
[dna] fire wrote 35 bytes to ecology
[dna] fire wrote 23 bytes to ecology
[dna] fire wrote 89 bytes to ecology
[dna] fire wrote 52 bytes to ecology
[dna] fire wrote 14 bytes to ecology
[dna] fire wrote 29 bytes to ecology
[dna] fire wrote 24 bytes to ecology
[dna] fire wrote 50 bytes to ecology
[dna] fire wrote 98 bytes to ecology
[dna] fire wrote 74 bytes to ecology
[dna] fire wrote 50 bytes to ecology
[dna] fire wrote 57 bytes to ecology
[debug-onto] tick=250 corpus=137240 stage=2 freeze=0
[dna] fire wrote 75 bytes to ecology
[dna] fire wrote 110 bytes to ecology
[dna] fire wrote 74 bytes to ecology
[dna] fire wrote 57 bytes to ecology
[dna] fire wrote 58 bytes to ecology
[dna] fire wrote 110 bytes to ecology
[dna] fire wrote 58 bytes to ecology
[dna] fire wrote 83 bytes to ecology
[dna] fire wrote 60 bytes to ecology
[dna] fire wrote 42 bytes to ecology
[dna] fire wrote 30 bytes to ecology
[dna] fire wrote 34 bytes to ecology
[dna] fire wrote 27 bytes to ecology
[dna] fire wrote 66 bytes to ecology
[dna] fire wrote 80 bytes to ecology
[dna] fire wrote 96 bytes to ecology
[debug-onto] tick=300 corpus=137240 stage=2 freeze=0
[dna] fire wrote 110 bytes to ecology
[dna] fire wrote 38 bytes to ecology
[dna] fire wrote 48 bytes to ecology
[dna] fire wrote 52 bytes to ecology
[dna] fire wrote 47 bytes to ecology
[dna] fire wrote 68 bytes to ecology
[dna] fire wrote 49 bytes to ecology
[dna] fire wrote 25 bytes to ecology
[dna] fire wrote 103 bytes to ecology
[dna] fire wrote 62 bytes to ecology
[dna] fire wrote 57 bytes to ecology
[dna] fire wrote 61 bytes to ecology
[dna] fire wrote 52 bytes to ecology
[dna] fire wrote 72 bytes to ecology
[dna] fire wrote 31 bytes to ecology
[dna] fire wrote 206 bytes to ecology
[dna] fire wrote 43 bytes to ecology
[debug-onto] tick=350 corpus=137240 stage=2 freeze=0
[dna] fire wrote 63 bytes to ecology
[dna] fire wrote 59 bytes to ecology
[dna] fire wrote 33 bytes to ecology
[dna] fire wrote 78 bytes to ecology
[dna] fire wrote 88 bytes to ecology
[dna] fire wrote 88 bytes to ecology
[dna] fire wrote 31 bytes to ecology
[dna] fire wrote 10 bytes to ecology
[dna] fire wrote 109 bytes to ecology
[dna] fire wrote 107 bytes to ecology
[dna] fire wrote 39 bytes to ecology
[dna] fire wrote 10 bytes to ecology
[dna] fire wrote 79 bytes to ecology
[dna] fire wrote 39 bytes to ecology
[dna] fire wrote 65 bytes to ecology
[dna] fire wrote 10 bytes to ecology
[dna] fire wrote 71 bytes to ecology
[debug-onto] tick=400 corpus=137240 stage=2 freeze=0
[dna] fire wrote 154 bytes to ecology
[dna] fire wrote 169 bytes to ecology
[dna] fire wrote 27 bytes to ecology
[dna] fire wrote 19 bytes to ecology
[dna] fire wrote 31 bytes to ecology
[dna] fire wrote 72 bytes to ecology
[dna] fire wrote 32 bytes to ecology
[dna] fire wrote 49 bytes to ecology
[dna] fire wrote 31 bytes to ecology
[dna] fire wrote 68 bytes to ecology
[dna] fire wrote 100 bytes to ecology
[dna] fire wrote 23 bytes to ecology
[dna] fire wrote 62 bytes to ecology
[dna] fire wrote 42 bytes to ecology
[dna] fire wrote 114 bytes to ecology
[dna] fire wrote 36 bytes to ecology
[debug-onto] tick=450 corpus=137240 stage=2 freeze=0
[dna] fire wrote 104 bytes to ecology
[dna] fire wrote 98 bytes to ecology
[dna] fire wrote 90 bytes to ecology
[dna] fire wrote 64 bytes to ecology
[dna] fire wrote 74 bytes to ecology
[dna] fire wrote 49 bytes to ecology
[dna] fire wrote 25 bytes to ecology
[dna] fire wrote 67 bytes to ecology
[dna] fire wrote 77 bytes to ecology
[dna] fire wrote 140 bytes to ecology
[dna] fire wrote 27 bytes to ecology
[dna] fire wrote 64 bytes to ecology
[dna] fire wrote 31 bytes to ecology
[dna] fire wrote 25 bytes to ecology
[dna] fire wrote 26 bytes to ecology
[dna] fire wrote 116 bytes to ecology
[dna] fire wrote 94 bytes to ecology
[debug-onto] tick=500 corpus=137240 stage=2 freeze=0
[dna] fire wrote 98 bytes to ecology
[dna] fire wrote 40 bytes to ecology
[dna] fire wrote 39 bytes to ecology
[dna] fire wrote 109 bytes to ecology
[dna] fire wrote 66 bytes to ecology
[dna] fire wrote 43 bytes to ecology
[dna] fire wrote 82 bytes to ecology
[dna] fire wrote 39 bytes to ecology
[dna] fire wrote 63 bytes to ecology
[dna] fire wrote 162 bytes to ecology
[dna] fire wrote 41 bytes to ecology
[dna] fire wrote 47 bytes to ecology
[dna] fire wrote 53 bytes to ecology
[dna] fire wrote 32 bytes to ecology
[dna] fire wrote 77 bytes to ecology
[dna] fire wrote 90 bytes to ecology
[dna] fire wrote 29 bytes to ecology
[debug-onto] tick=550 corpus=137240 stage=2 freeze=0
[dna] fire wrote 54 bytes to ecology
[dna] fire wrote 53 bytes to ecology
[dna] fire wrote 56 bytes to ecology
[dna] fire wrote 27 bytes to ecology
[dna] fire wrote 83 bytes to ecology
[dna] fire wrote 48 bytes to ecology
[dna] fire wrote 40 bytes to ecology
[dna] fire wrote 45 bytes to ecology
[dna] fire wrote 77 bytes to ecology
[dna] fire wrote 41 bytes to ecology
[dna] fire wrote 49 bytes to ecology
[dna] fire wrote 31 bytes to ecology
[dna] fire wrote 32 bytes to ecology
[dna] fire wrote 26 bytes to ecology
[dna] fire wrote 73 bytes to ecology
[dna] fire wrote 68 bytes to ecology
[debug-onto] tick=600 corpus=137240 stage=2 freeze=0
[dna] fire wrote 54 bytes to ecology
[dna] fire wrote 191 bytes to ecology
[dna] fire wrote 24 bytes to ecology
[dna] fire wrote 83 bytes to ecology
[dna] fire wrote 68 bytes to ecology
[dna] fire wrote 99 bytes to ecology
[dna] fire wrote 43 bytes to ecology
[dna] fire wrote 53 bytes to ecology
[dna] fire wrote 212 bytes to ecology
[dna] fire wrote 85 bytes to ecology
[dna] fire wrote 32 bytes to ecology
[dna] fire wrote 87 bytes to ecology
[dna] fire wrote 46 bytes to ecology
[dna] fire wrote 50 bytes to ecology
[dna] fire wrote 41 bytes to ecology
[dna] fire wrote 107 bytes to ecology
[dna] fire wrote 16 bytes to ecology
[debug-onto] tick=650 corpus=137240 stage=2 freeze=0
[dna] fire wrote 47 bytes to ecology
[dna] fire wrote 24 bytes to ecology
[dna] fire wrote 28 bytes to ecology
[dna] fire wrote 48 bytes to ecology
[dna] fire wrote 41 bytes to ecology
[dna] fire wrote 45 bytes to ecology
[dna] fire wrote 41 bytes to ecology
[dna] fire wrote 21 bytes to ecology
[dna] fire wrote 55 bytes to ecology
[dna] fire wrote 58 bytes to ecology
[dna] fire wrote 88 bytes to ecology
[dna] fire wrote 27 bytes to ecology
[dna] fire wrote 59 bytes to ecology
[dna] fire wrote 76 bytes to ecology
[dna] fire wrote 159 bytes to ecology
[dna] fire wrote 36 bytes to ecology
[dna] fire wrote 59 bytes to ecology
[debug-onto] tick=700 corpus=137240 stage=2 freeze=0

[evolution] Organism shutting down gracefully.
