[ecology] Element: water → corpus: nonames_water.txt
[evolution] Autonomous evolution mode — organism will grow through all stages without pause.
[ecology] Joined swarm. 1 peer(s) detected.
molequla is alive. [evolution] Autonomous mode — background trainer running. Ctrl+C to stop.
[dna] water wrote 52 bytes to ecology
[dna] water consumed 18287 bytes from 233 files: [air/gen_1778396905_1.txt air/gen_1778396922_4.txt air/gen_1778396930_7.txt air/gen_1778396937_10.txt air/gen_1778396945_13.txt air/gen_1778396952_16.txt air/gen_1778396960_19.txt air/gen_1778396968_22.txt air/gen_1778396975_25.txt air/gen_1778396983_28.txt air/gen_1778396990_31.txt air/gen_1778396998_34.txt air/gen_1778397005_37.txt air/gen_1778397013_40.txt air/gen_1778397020_43.txt air/gen_1778397028_46.txt air/gen_1778397035_49.txt air/gen_1778397043_52.txt air/gen_1778397050_55.txt air/gen_1778397058_58.txt air/gen_1778397065_61.txt air/gen_1778397073_64.txt air/gen_1778397081_67.txt air/gen_1778397088_70.txt air/gen_1778397096_73.txt air/gen_1778397103_76.txt air/gen_1778397111_79.txt air/gen_1778397118_82.txt air/gen_1778397126_85.txt air/gen_1778397134_88.txt air/gen_1778397141_91.txt air/gen_1778397149_94.txt air/gen_1778397156_97.txt air/gen_1778397164_100.txt air/gen_1778397171_103.txt air/gen_1778397179_106.txt air/gen_1778397187_109.txt air/gen_1778397194_112.txt air/gen_1778397202_115.txt air/gen_1778397209_118.txt air/gen_1778397217_121.txt air/gen_1778397224_124.txt air/gen_1778397232_127.txt air/gen_1778397240_130.txt air/gen_1778397247_133.txt air/gen_1778397255_136.txt air/gen_1778397262_139.txt air/gen_1778397270_142.txt air/gen_1778397278_145.txt air/gen_1778397285_148.txt air/gen_1778397293_151.txt air/gen_1778397300_154.txt air/gen_1778397308_157.txt air/gen_1778397315_160.txt air/gen_1778397323_163.txt air/gen_1778397330_166.txt air/gen_1778397338_169.txt air/gen_1778397345_172.txt air/gen_1778397353_175.txt air/gen_1778397361_178.txt air/gen_1778397368_181.txt air/gen_1778397376_184.txt air/gen_1778397383_187.txt air/gen_1778397391_190.txt air/gen_1778397398_193.txt air/gen_1778397406_196.txt air/gen_1778397413_199.txt air/gen_1778397421_202.txt air/gen_1778397429_205.txt air/gen_1778397436_208.txt air/gen_1778397451_214.txt air/gen_1778397459_217.txt air/gen_1778397466_220.txt air/gen_1778397474_223.txt air/gen_1778397482_226.txt air/gen_1778397489_229.txt air/gen_1778397497_232.txt air/gen_1778397504_235.txt air/gen_1778397512_238.txt air/gen_1778397519_241.txt air/gen_1778397527_244.txt air/gen_1778397534_247.txt air/gen_1778397542_250.txt air/gen_1778397550_253.txt air/gen_1778397557_256.txt air/gen_1778397565_259.txt air/gen_1778397573_262.txt air/gen_1778397580_265.txt air/gen_1778397588_268.txt air/gen_1778397596_271.txt air/gen_1778397603_274.txt air/gen_1778397611_277.txt air/gen_1778397619_280.txt air/gen_1778397626_283.txt air/gen_1778397634_286.txt air/gen_1778397641_289.txt air/gen_1778397649_292.txt air/gen_1778397657_295.txt air/gen_1778397664_298.txt air/gen_1778397672_301.txt air/gen_1778397679_304.txt air/gen_1778397687_307.txt air/gen_1778397695_310.txt air/gen_1778397702_313.txt air/gen_1778397710_316.txt air/gen_1778397717_319.txt air/gen_1778397725_322.txt air/gen_1778397733_325.txt air/gen_1778397740_328.txt air/gen_1778397748_331.txt air/gen_1778397756_334.txt air/gen_1778397764_337.txt air/gen_1778397771_340.txt air/gen_1778397779_343.txt air/gen_1778397787_346.txt air/gen_1778397795_349.txt air/gen_1778397802_352.txt air/gen_1778397810_355.txt air/gen_1778397818_358.txt air/gen_1778397825_361.txt air/gen_1778397833_364.txt air/gen_1778397841_367.txt air/gen_1778397848_370.txt air/gen_1778397856_373.txt air/gen_1778397864_376.txt air/gen_1778397871_379.txt air/gen_1778397879_382.txt air/gen_1778397887_385.txt air/gen_1778397894_388.txt air/gen_1778397902_391.txt air/gen_1778397910_394.txt air/gen_1778397917_397.txt air/gen_1778397925_400.txt air/gen_1778397933_403.txt air/gen_1778397941_406.txt air/gen_1778397948_409.txt air/gen_1778397956_412.txt air/gen_1778397963_415.txt air/gen_1778397971_418.txt air/gen_1778397979_421.txt air/gen_1778397986_424.txt air/gen_1778397994_427.txt air/gen_1778398002_430.txt air/gen_1778398009_433.txt air/gen_1778398017_436.txt air/gen_1778398024_439.txt air/gen_1778398032_442.txt air/gen_1778398039_445.txt air/gen_1778398047_448.txt air/gen_1778398054_451.txt air/gen_1778398062_454.txt air/gen_1778398070_457.txt air/gen_1778398077_460.txt air/gen_1778398085_463.txt air/gen_1778398092_466.txt air/gen_1778398100_469.txt air/gen_1778398107_472.txt air/gen_1778398115_475.txt air/gen_1778398123_478.txt air/gen_1778398130_481.txt air/gen_1778398138_484.txt air/gen_1778398145_487.txt air/gen_1778398153_490.txt air/gen_1778398161_493.txt air/gen_1778398168_496.txt air/gen_1778398176_499.txt air/gen_1778398183_502.txt air/gen_1778398191_505.txt air/gen_1778398198_508.txt air/gen_1778398206_511.txt air/gen_1778398214_514.txt air/gen_1778398221_517.txt air/gen_1778398229_520.txt air/gen_1778398237_523.txt air/gen_1778398245_526.txt air/gen_1778398252_529.txt air/gen_1778398260_532.txt air/gen_1778398268_535.txt air/gen_1778398275_538.txt air/gen_1778398283_541.txt air/gen_1778398291_544.txt air/gen_1778398298_547.txt air/gen_1778398306_550.txt air/gen_1778398314_553.txt air/gen_1778398321_556.txt air/gen_1778398329_559.txt air/gen_1778398336_562.txt air/gen_1778398344_565.txt air/gen_1778398352_568.txt air/gen_1778398359_571.txt air/gen_1778398367_574.txt air/gen_1778398375_577.txt air/gen_1778398382_580.txt air/gen_1778398390_583.txt air/gen_1778398398_586.txt air/gen_1778398406_589.txt air/gen_1778398414_592.txt air/gen_1778398421_595.txt air/gen_1778398437_601.txt air/gen_1778398445_604.txt air/gen_1778398453_607.txt air/gen_1778398461_610.txt air/gen_1778398468_613.txt air/gen_1778398476_616.txt air/gen_1778398484_619.txt air/gen_1778398491_622.txt air/gen_1778398499_625.txt air/gen_1778398507_628.txt air/gen_1778398514_631.txt air/gen_1778398522_634.txt air/gen_1778398530_637.txt air/gen_1778398537_640.txt air/gen_1778398545_643.txt air/gen_1778398553_646.txt air/gen_1778398560_649.txt air/gen_1778398568_652.txt air/gen_1778398576_655.txt air/gen_1778398583_658.txt air/gen_1778398591_661.txt air/gen_1778398598_664.txt air/gen_1778398606_667.txt air/gen_1778398613_670.txt air/gen_1778398621_673.txt air/gen_1778398629_676.txt air/gen_1778398636_679.txt air/gen_1778398644_682.txt air/gen_1778398652_685.txt air/gen_1778398659_688.txt air/gen_1778398667_691.txt air/gen_1778398675_694.txt air/gen_1778398682_697.txt air/gen_1778398690_700.txt air/gen_1778398698_703.txt]
[trainer] micro-train burst (18287 bytes, novelty 0.04) — and lo, it feeds again.
[syntropy] action=explore | trend=0.0000 | field_dev=-0.006 | purpose_align=-0.089 | lr_mul=1.30
[aml] burst complete: 32 steps, avg loss 1.7460 (memory freed)
[dna] water wrote 44 bytes to ecology
[dna] water wrote 103 bytes to ecology
[dna] water wrote 49 bytes to ecology
[dna] water wrote 145 bytes to ecology
[dna] water wrote 62 bytes to ecology
[dna] water wrote 13 bytes to ecology
[dna] water wrote 38 bytes to ecology
[dna] water wrote 93 bytes to ecology
[dna] water wrote 44 bytes to ecology
[dna] water wrote 84 bytes to ecology
[dna] water wrote 99 bytes to ecology
[dna] water wrote 67 bytes to ecology
[dna] water wrote 82 bytes to ecology
[dna] water wrote 109 bytes to ecology
[dna] water wrote 45 bytes to ecology
[debug-onto] tick=50 corpus=144217 stage=2 freeze=0
[dna] water wrote 45 bytes to ecology
[dna] water wrote 83 bytes to ecology
[dna] water wrote 51 bytes to ecology
[dna] water wrote 62 bytes to ecology
[dna] water wrote 143 bytes to ecology
[dna] water wrote 113 bytes to ecology
[dna] water wrote 111 bytes to ecology
[dna] water wrote 243 bytes to ecology
[dna] water wrote 45 bytes to ecology
[dna] water wrote 53 bytes to ecology
[dna] water wrote 66 bytes to ecology
[dna] water wrote 225 bytes to ecology
[dna] water wrote 70 bytes to ecology
[dna] water wrote 40 bytes to ecology
[dna] water wrote 182 bytes to ecology
[dna] water wrote 28 bytes to ecology
[dna] water wrote 41 bytes to ecology
[debug-onto] tick=100 corpus=144217 stage=2 freeze=0
[dna] water wrote 85 bytes to ecology
[dna] water wrote 50 bytes to ecology
[dna] water wrote 151 bytes to ecology
[dna] water wrote 128 bytes to ecology
[dna] water wrote 21 bytes to ecology
[dna] water wrote 84 bytes to ecology
[dna] water wrote 73 bytes to ecology
[dna] water wrote 62 bytes to ecology
[dna] water wrote 86 bytes to ecology
[dna] water wrote 41 bytes to ecology
[dna] water wrote 97 bytes to ecology
[dna] water wrote 32 bytes to ecology
[dna] water wrote 44 bytes to ecology
[dna] water wrote 54 bytes to ecology
[dna] water wrote 49 bytes to ecology
[dna] water wrote 87 bytes to ecology
[debug-onto] tick=150 corpus=144217 stage=2 freeze=0
[dna] water wrote 67 bytes to ecology
[dna] water wrote 36 bytes to ecology
[dna] water wrote 53 bytes to ecology
[dna] water wrote 30 bytes to ecology
[dna] water wrote 67 bytes to ecology
[dna] water wrote 40 bytes to ecology
[dna] water wrote 57 bytes to ecology
[dna] water wrote 33 bytes to ecology
[dna] water wrote 43 bytes to ecology
[dna] water wrote 46 bytes to ecology
[dna] water wrote 27 bytes to ecology
[dna] water wrote 43 bytes to ecology
[dna] water wrote 50 bytes to ecology
[dna] water wrote 42 bytes to ecology
[dna] water wrote 90 bytes to ecology
[dna] water wrote 79 bytes to ecology
[dna] water wrote 62 bytes to ecology
[debug-onto] tick=200 corpus=144217 stage=2 freeze=0
[dna] water wrote 173 bytes to ecology
[dna] water wrote 93 bytes to ecology
[dna] water wrote 332 bytes to ecology
[dna] water wrote 95 bytes to ecology
[dna] water wrote 31 bytes to ecology
[dna] water wrote 107 bytes to ecology
[dna] water wrote 30 bytes to ecology
[dna] water wrote 51 bytes to ecology
[dna] water wrote 80 bytes to ecology
[dna] water wrote 45 bytes to ecology
[dna] water wrote 39 bytes to ecology
[dna] water wrote 47 bytes to ecology
[dna] water wrote 49 bytes to ecology
[dna] water wrote 122 bytes to ecology
[dna] water wrote 32 bytes to ecology
[dna] water wrote 108 bytes to ecology
[dna] water wrote 51 bytes to ecology
[debug-onto] tick=250 corpus=144217 stage=2 freeze=0
[dna] water wrote 134 bytes to ecology
[dna] water wrote 62 bytes to ecology
[dna] water wrote 49 bytes to ecology
[dna] water wrote 75 bytes to ecology
[dna] water wrote 35 bytes to ecology
[dna] water wrote 31 bytes to ecology
[dna] water wrote 41 bytes to ecology
[dna] water wrote 35 bytes to ecology
[dna] water wrote 54 bytes to ecology
[dna] water wrote 32 bytes to ecology
[dna] water wrote 44 bytes to ecology
[dna] water wrote 52 bytes to ecology
[dna] water wrote 18 bytes to ecology
[dna] water wrote 40 bytes to ecology
[dna] water wrote 103 bytes to ecology
[debug-onto] tick=300 corpus=144217 stage=2 freeze=0
[dna] water wrote 170 bytes to ecology
[dna] water wrote 73 bytes to ecology
[dna] water wrote 66 bytes to ecology
[dna] water wrote 73 bytes to ecology
[dna] water wrote 178 bytes to ecology
[dna] water wrote 31 bytes to ecology
[dna] water wrote 132 bytes to ecology
[dna] water wrote 45 bytes to ecology
[dna] water wrote 88 bytes to ecology
[dna] water wrote 71 bytes to ecology
[dna] water wrote 86 bytes to ecology
[dna] water wrote 27 bytes to ecology
[dna] water wrote 45 bytes to ecology
[dna] water wrote 31 bytes to ecology
[dna] water wrote 113 bytes to ecology
[dna] water wrote 81 bytes to ecology
[dna] water wrote 14 bytes to ecology
[debug-onto] tick=350 corpus=144217 stage=2 freeze=0
[dna] water wrote 194 bytes to ecology
[dna] water wrote 10 bytes to ecology
[dna] water wrote 61 bytes to ecology
[dna] water wrote 62 bytes to ecology
[dna] water wrote 101 bytes to ecology
[dna] water wrote 78 bytes to ecology
[dna] water wrote 30 bytes to ecology
[dna] water wrote 57 bytes to ecology
[dna] water wrote 46 bytes to ecology
[dna] water wrote 26 bytes to ecology
[dna] water wrote 12 bytes to ecology
[dna] water wrote 25 bytes to ecology
[dna] water wrote 125 bytes to ecology
[dna] water wrote 43 bytes to ecology
[dna] water wrote 64 bytes to ecology
[dna] water wrote 30 bytes to ecology
[debug-onto] tick=400 corpus=144217 stage=2 freeze=0
[dna] water wrote 155 bytes to ecology
[dna] water wrote 159 bytes to ecology
[dna] water wrote 43 bytes to ecology
[dna] water wrote 65 bytes to ecology
[dna] water wrote 37 bytes to ecology
[dna] water wrote 88 bytes to ecology
[dna] water wrote 35 bytes to ecology
[dna] water wrote 108 bytes to ecology
[dna] water wrote 64 bytes to ecology
[dna] water wrote 49 bytes to ecology
[dna] water wrote 38 bytes to ecology
[dna] water wrote 50 bytes to ecology
[dna] water wrote 54 bytes to ecology
[dna] water wrote 37 bytes to ecology
[dna] water wrote 10 bytes to ecology
[dna] water wrote 62 bytes to ecology
[debug-onto] tick=450 corpus=144217 stage=2 freeze=0
[dna] water wrote 99 bytes to ecology
[dna] water wrote 36 bytes to ecology
[dna] water wrote 45 bytes to ecology
[dna] water wrote 72 bytes to ecology
[dna] water wrote 32 bytes to ecology
[dna] water wrote 27 bytes to ecology
[dna] water wrote 136 bytes to ecology
[dna] water wrote 78 bytes to ecology
[dna] water wrote 74 bytes to ecology
[dna] water wrote 24 bytes to ecology
[dna] water wrote 5 bytes to ecology
[dna] water wrote 94 bytes to ecology
[dna] water wrote 94 bytes to ecology
[dna] water wrote 166 bytes to ecology
[dna] water wrote 26 bytes to ecology
[dna] water wrote 12 bytes to ecology
[dna] water wrote 30 bytes to ecology
[debug-onto] tick=500 corpus=144217 stage=2 freeze=0
[dna] water wrote 59 bytes to ecology
[dna] water wrote 39 bytes to ecology
[dna] water wrote 27 bytes to ecology
[dna] water wrote 17 bytes to ecology
[dna] water wrote 60 bytes to ecology
[dna] water wrote 26 bytes to ecology
[dna] water wrote 75 bytes to ecology
[dna] water wrote 264 bytes to ecology
[dna] water wrote 70 bytes to ecology
[dna] water wrote 26 bytes to ecology
[dna] water wrote 98 bytes to ecology
[dna] water wrote 107 bytes to ecology
[dna] water wrote 11 bytes to ecology
[dna] water wrote 61 bytes to ecology
[dna] water wrote 51 bytes to ecology
[dna] water wrote 97 bytes to ecology
[dna] water wrote 64 bytes to ecology
[debug-onto] tick=550 corpus=144217 stage=2 freeze=0
[dna] water wrote 66 bytes to ecology
[dna] water wrote 25 bytes to ecology
[dna] water wrote 7 bytes to ecology
[dna] water wrote 57 bytes to ecology
[dna] water wrote 39 bytes to ecology
[dna] water wrote 154 bytes to ecology
[dna] water wrote 69 bytes to ecology
[dna] water wrote 45 bytes to ecology
[dna] water wrote 29 bytes to ecology
[dna] water wrote 159 bytes to ecology
[dna] water wrote 53 bytes to ecology
[dna] water wrote 92 bytes to ecology
[dna] water wrote 60 bytes to ecology
[dna] water wrote 38 bytes to ecology
[dna] water wrote 63 bytes to ecology
[dna] water wrote 48 bytes to ecology
[debug-onto] tick=600 corpus=144217 stage=2 freeze=0
[dna] water wrote 54 bytes to ecology
[dna] water wrote 60 bytes to ecology
[dna] water wrote 83 bytes to ecology
[dna] water wrote 79 bytes to ecology
[dna] water wrote 54 bytes to ecology
[dna] water wrote 100 bytes to ecology
[dna] water wrote 45 bytes to ecology
[dna] water wrote 36 bytes to ecology
[dna] water wrote 21 bytes to ecology
[dna] water wrote 36 bytes to ecology
[dna] water wrote 65 bytes to ecology
[dna] water wrote 63 bytes to ecology
[dna] water wrote 55 bytes to ecology
[dna] water wrote 60 bytes to ecology
[dna] water wrote 22 bytes to ecology
[dna] water wrote 163 bytes to ecology
[dna] water wrote 61 bytes to ecology
[debug-onto] tick=650 corpus=144217 stage=2 freeze=0
[dna] water wrote 57 bytes to ecology
[dna] water wrote 33 bytes to ecology
[dna] water wrote 100 bytes to ecology
[dna] water wrote 29 bytes to ecology
[dna] water wrote 41 bytes to ecology
[dna] water wrote 19 bytes to ecology
[dna] water wrote 138 bytes to ecology
[dna] water wrote 54 bytes to ecology
[dna] water wrote 26 bytes to ecology

[evolution] Organism shutting down gracefully.
