[ecology] Element: air → corpus: nonames_air.txt
[evolution] Autonomous evolution mode — organism will grow through all stages without pause.
[ecology] Joined swarm. 1 peer(s) detected.
molequla is alive. [evolution] Autonomous mode — background trainer running. Ctrl+C to stop.
[dna] air wrote 75 bytes to ecology
[dna] air consumed 18134 bytes from 223 files: [earth/gen_1775973526_1.txt earth/gen_1775973534_4.txt earth/gen_1775973542_7.txt earth/gen_1775973551_10.txt earth/gen_1775973559_13.txt earth/gen_1775973567_16.txt earth/gen_1775973575_19.txt earth/gen_1775973583_22.txt earth/gen_1775973591_25.txt earth/gen_1775973599_28.txt earth/gen_1775973606_31.txt earth/gen_1775973614_34.txt earth/gen_1775973622_37.txt earth/gen_1775973630_40.txt earth/gen_1775973638_43.txt earth/gen_1775973645_46.txt earth/gen_1775973653_49.txt earth/gen_1775973661_52.txt earth/gen_1775973669_55.txt earth/gen_1775973676_58.txt earth/gen_1775973684_61.txt earth/gen_1775973692_64.txt earth/gen_1775973700_67.txt earth/gen_1775973708_70.txt earth/gen_1775973716_73.txt earth/gen_1775973723_76.txt earth/gen_1775973731_79.txt earth/gen_1775973739_82.txt earth/gen_1775973747_85.txt earth/gen_1775973755_88.txt earth/gen_1775973763_91.txt earth/gen_1775973771_94.txt earth/gen_1775973779_97.txt earth/gen_1775973787_100.txt earth/gen_1775973794_103.txt earth/gen_1775973802_106.txt earth/gen_1775973810_109.txt earth/gen_1775973818_112.txt earth/gen_1775973825_115.txt earth/gen_1775973833_118.txt earth/gen_1775973841_121.txt earth/gen_1775973849_124.txt earth/gen_1775973856_127.txt earth/gen_1775973864_130.txt earth/gen_1775973872_133.txt earth/gen_1775973880_136.txt earth/gen_1775973887_139.txt earth/gen_1775973895_142.txt earth/gen_1775973903_145.txt earth/gen_1775973910_148.txt earth/gen_1775973918_151.txt earth/gen_1775973926_154.txt earth/gen_1775973934_157.txt earth/gen_1775973942_160.txt earth/gen_1775973949_163.txt earth/gen_1775973957_166.txt earth/gen_1775973965_169.txt earth/gen_1775973973_172.txt earth/gen_1775973981_175.txt earth/gen_1775973989_178.txt earth/gen_1775973997_181.txt earth/gen_1775974005_184.txt earth/gen_1775974013_187.txt earth/gen_1775974021_190.txt earth/gen_1775974029_193.txt earth/gen_1775974037_196.txt earth/gen_1775974045_199.txt earth/gen_1775974052_202.txt earth/gen_1775974060_205.txt earth/gen_1775974068_208.txt earth/gen_1775974077_211.txt earth/gen_1775974085_214.txt earth/gen_1775974093_217.txt earth/gen_1775974101_220.txt earth/gen_1775974109_223.txt earth/gen_1775974117_226.txt earth/gen_1775974125_229.txt earth/gen_1775974133_232.txt earth/gen_1775974141_235.txt earth/gen_1775974149_238.txt earth/gen_1775974157_241.txt earth/gen_1775974165_244.txt earth/gen_1775974173_247.txt earth/gen_1775974181_250.txt earth/gen_1775974189_253.txt earth/gen_1775974197_256.txt earth/gen_1775974205_259.txt earth/gen_1775974213_262.txt earth/gen_1775974221_265.txt earth/gen_1775974229_268.txt earth/gen_1775974237_271.txt earth/gen_1775974245_274.txt earth/gen_1775974254_277.txt earth/gen_1775974262_280.txt earth/gen_1775974270_283.txt earth/gen_1775974278_286.txt earth/gen_1775974286_289.txt earth/gen_1775974294_292.txt earth/gen_1775974302_295.txt earth/gen_1775974310_298.txt earth/gen_1775974318_301.txt earth/gen_1775974326_304.txt earth/gen_1775974334_307.txt earth/gen_1775974342_310.txt earth/gen_1775974350_313.txt earth/gen_1775974358_316.txt earth/gen_1775974367_319.txt earth/gen_1775974375_322.txt earth/gen_1775974383_325.txt earth/gen_1775974391_328.txt earth/gen_1775974399_331.txt earth/gen_1775974407_334.txt earth/gen_1775974415_337.txt earth/gen_1775974423_340.txt earth/gen_1775974431_343.txt earth/gen_1775974439_346.txt earth/gen_1775974447_349.txt earth/gen_1775974455_352.txt earth/gen_1775974463_355.txt earth/gen_1775974471_358.txt earth/gen_1775974479_361.txt earth/gen_1775974487_364.txt earth/gen_1775974495_367.txt earth/gen_1775974503_370.txt earth/gen_1775974511_373.txt earth/gen_1775974519_376.txt earth/gen_1775974527_379.txt earth/gen_1775974535_382.txt earth/gen_1775974544_385.txt earth/gen_1775974552_388.txt earth/gen_1775974560_391.txt earth/gen_1775974568_394.txt earth/gen_1775974576_397.txt earth/gen_1775974584_400.txt earth/gen_1775974592_403.txt earth/gen_1775974600_406.txt earth/gen_1775974608_409.txt earth/gen_1775974616_412.txt earth/gen_1775974624_415.txt earth/gen_1775974632_418.txt earth/gen_1775974640_421.txt earth/gen_1775974648_424.txt earth/gen_1775974656_427.txt earth/gen_1775974664_430.txt earth/gen_1775974671_433.txt earth/gen_1775974679_436.txt earth/gen_1775974687_439.txt earth/gen_1775974695_442.txt earth/gen_1775974702_445.txt earth/gen_1775974710_448.txt earth/gen_1775974718_451.txt earth/gen_1775974726_454.txt earth/gen_1775974734_457.txt earth/gen_1775974742_460.txt earth/gen_1775974749_463.txt earth/gen_1775974757_466.txt earth/gen_1775974765_469.txt earth/gen_1775974773_472.txt earth/gen_1775974781_475.txt earth/gen_1775974788_478.txt earth/gen_1775974796_481.txt earth/gen_1775974804_484.txt earth/gen_1775974812_487.txt earth/gen_1775974820_490.txt earth/gen_1775974827_493.txt earth/gen_1775974835_496.txt earth/gen_1775974843_499.txt earth/gen_1775974851_502.txt earth/gen_1775974858_505.txt earth/gen_1775974866_508.txt earth/gen_1775974873_511.txt earth/gen_1775974881_514.txt earth/gen_1775974889_517.txt earth/gen_1775974896_520.txt earth/gen_1775974904_523.txt earth/gen_1775974911_526.txt earth/gen_1775974919_529.txt earth/gen_1775974926_532.txt earth/gen_1775974934_535.txt earth/gen_1775974941_538.txt earth/gen_1775974949_541.txt earth/gen_1775974957_544.txt earth/gen_1775974965_547.txt earth/gen_1775974973_550.txt earth/gen_1775974981_553.txt earth/gen_1775974989_556.txt earth/gen_1775974996_559.txt earth/gen_1775975012_565.txt earth/gen_1775975020_568.txt earth/gen_1775975028_571.txt earth/gen_1775975036_574.txt earth/gen_1775975044_577.txt earth/gen_1775975052_580.txt earth/gen_1775975060_583.txt earth/gen_1775975068_586.txt earth/gen_1775975076_589.txt earth/gen_1775975084_592.txt earth/gen_1775975091_595.txt earth/gen_1775975099_598.txt earth/gen_1775975107_601.txt earth/gen_1775975115_604.txt earth/gen_1775975122_607.txt earth/gen_1775975130_610.txt earth/gen_1775975138_613.txt earth/gen_1775975146_616.txt earth/gen_1775975154_619.txt earth/gen_1775975162_622.txt earth/gen_1775975171_625.txt earth/gen_1775975178_628.txt earth/gen_1775975186_631.txt earth/gen_1775975194_634.txt earth/gen_1775975202_637.txt earth/gen_1775975210_640.txt earth/gen_1775975218_643.txt earth/gen_1775975226_646.txt earth/gen_1775975234_649.txt earth/gen_1775975241_652.txt earth/gen_1775975249_655.txt earth/gen_1775975257_658.txt earth/gen_1775975265_661.txt earth/gen_1775975273_664.txt earth/gen_1775975280_667.txt earth/gen_1775975288_670.txt]
[trainer] micro-train burst (18134 bytes, novelty 0.04) — and lo, it feeds again.
[syntropy] action=realign | trend=0.0000 | field_dev=0.009 | purpose_align=-0.470 | lr_mul=0.65
[aml] burst complete: 32 steps, avg loss 2.8360 (memory freed)
[dna] air wrote 60 bytes to ecology
[dna] air wrote 105 bytes to ecology
[dna] air wrote 59 bytes to ecology
[dna] air wrote 146 bytes to ecology
[dna] air wrote 84 bytes to ecology
[dna] air wrote 24 bytes to ecology
[dna] air wrote 48 bytes to ecology
[dna] air wrote 78 bytes to ecology
[dna] air wrote 23 bytes to ecology
[dna] air wrote 75 bytes to ecology
[dna] air wrote 25 bytes to ecology
[dna] air wrote 45 bytes to ecology
[dna] air wrote 135 bytes to ecology
[dna] air wrote 34 bytes to ecology
[dna] air wrote 54 bytes to ecology
[dna] air wrote 94 bytes to ecology
[debug-onto] tick=50 corpus=140673 stage=2 freeze=0
[dna] air wrote 81 bytes to ecology
[dna] air wrote 81 bytes to ecology
[dna] air wrote 37 bytes to ecology
[dna] air wrote 124 bytes to ecology
[dna] air wrote 18 bytes to ecology
[dna] air wrote 87 bytes to ecology
[dna] air wrote 285 bytes to ecology
[dna] air wrote 31 bytes to ecology
[dna] air wrote 103 bytes to ecology
[dna] air wrote 213 bytes to ecology
[dna] air wrote 46 bytes to ecology
[dna] air wrote 65 bytes to ecology
[dna] air wrote 30 bytes to ecology
[dna] air wrote 113 bytes to ecology
[dna] air wrote 128 bytes to ecology
[dna] air wrote 18 bytes to ecology
[dna] air wrote 41 bytes to ecology
[debug-onto] tick=100 corpus=140673 stage=2 freeze=0
[dna] air wrote 27 bytes to ecology
[dna] air wrote 61 bytes to ecology
[dna] air wrote 105 bytes to ecology
[dna] air wrote 13 bytes to ecology
[dna] air wrote 76 bytes to ecology
[dna] air wrote 108 bytes to ecology
[dna] air wrote 200 bytes to ecology
[dna] air wrote 92 bytes to ecology
[dna] air wrote 121 bytes to ecology
[dna] air wrote 84 bytes to ecology
[dna] air wrote 103 bytes to ecology
[dna] air wrote 150 bytes to ecology
[dna] air wrote 51 bytes to ecology
[dna] air wrote 69 bytes to ecology
[dna] air wrote 129 bytes to ecology
[dna] air wrote 22 bytes to ecology
[debug-onto] tick=150 corpus=140673 stage=2 freeze=0
[dna] air wrote 116 bytes to ecology
[dna] air wrote 58 bytes to ecology
[dna] air wrote 7 bytes to ecology
[dna] air wrote 70 bytes to ecology
[dna] air wrote 82 bytes to ecology
[dna] air wrote 51 bytes to ecology
[dna] air wrote 91 bytes to ecology
[dna] air wrote 46 bytes to ecology
[dna] air wrote 54 bytes to ecology
[dna] air wrote 133 bytes to ecology
[dna] air wrote 107 bytes to ecology
[dna] air wrote 46 bytes to ecology
[dna] air wrote 92 bytes to ecology
[dna] air wrote 33 bytes to ecology
[dna] air wrote 70 bytes to ecology
[dna] air wrote 83 bytes to ecology
[dna] air wrote 332 bytes to ecology
[debug-onto] tick=200 corpus=140673 stage=2 freeze=0
[dna] air wrote 95 bytes to ecology
[dna] air wrote 52 bytes to ecology
[dna] air wrote 9 bytes to ecology
[dna] air wrote 24 bytes to ecology
[dna] air wrote 72 bytes to ecology
[dna] air wrote 44 bytes to ecology
[dna] air wrote 41 bytes to ecology
[dna] air wrote 55 bytes to ecology
[dna] air wrote 113 bytes to ecology
[dna] air wrote 84 bytes to ecology
[dna] air wrote 216 bytes to ecology
[dna] air wrote 68 bytes to ecology
[dna] air wrote 35 bytes to ecology
[dna] air wrote 66 bytes to ecology
[dna] air wrote 80 bytes to ecology
[dna] air wrote 108 bytes to ecology
[dna] air wrote 47 bytes to ecology
[debug-onto] tick=250 corpus=140673 stage=2 freeze=0
[dna] air wrote 79 bytes to ecology
[dna] air wrote 68 bytes to ecology
[dna] air wrote 48 bytes to ecology
[dna] air wrote 61 bytes to ecology
[dna] air wrote 212 bytes to ecology
[dna] air wrote 37 bytes to ecology
[dna] air wrote 75 bytes to ecology
[dna] air wrote 73 bytes to ecology
[dna] air wrote 172 bytes to ecology
[dna] air wrote 130 bytes to ecology
[dna] air wrote 43 bytes to ecology
[dna] air wrote 137 bytes to ecology
[dna] air wrote 45 bytes to ecology
[dna] air wrote 93 bytes to ecology
[dna] air wrote 239 bytes to ecology
[dna] air wrote 73 bytes to ecology
[debug-onto] tick=300 corpus=140673 stage=2 freeze=0
[dna] air wrote 80 bytes to ecology
[dna] air wrote 83 bytes to ecology
[dna] air wrote 74 bytes to ecology
[dna] air wrote 56 bytes to ecology
[dna] air wrote 62 bytes to ecology
[dna] air wrote 45 bytes to ecology
[dna] air wrote 43 bytes to ecology
[dna] air wrote 86 bytes to ecology
[dna] air wrote 65 bytes to ecology
[dna] air wrote 45 bytes to ecology
[dna] air wrote 56 bytes to ecology
[dna] air wrote 61 bytes to ecology
[dna] air wrote 39 bytes to ecology
[dna] air wrote 119 bytes to ecology
[dna] air wrote 153 bytes to ecology
[dna] air wrote 10 bytes to ecology
[dna] air wrote 100 bytes to ecology
[debug-onto] tick=350 corpus=140673 stage=2 freeze=0
[dna] air wrote 80 bytes to ecology
[dna] air wrote 38 bytes to ecology
[dna] air wrote 70 bytes to ecology
[dna] air wrote 92 bytes to ecology
[dna] air wrote 71 bytes to ecology
[dna] air wrote 84 bytes to ecology
[dna] air wrote 87 bytes to ecology
[dna] air wrote 34 bytes to ecology
[dna] air wrote 28 bytes to ecology
[dna] air wrote 60 bytes to ecology
[dna] air wrote 43 bytes to ecology
[dna] air wrote 67 bytes to ecology
[dna] air wrote 50 bytes to ecology
[dna] air wrote 55 bytes to ecology
[dna] air wrote 195 bytes to ecology
[dna] air wrote 135 bytes to ecology
[dna] air wrote 59 bytes to ecology
[debug-onto] tick=400 corpus=140673 stage=2 freeze=0
[dna] air wrote 7 bytes to ecology
[dna] air wrote 256 bytes to ecology
[dna] air wrote 26 bytes to ecology
[dna] air wrote 129 bytes to ecology
[dna] air wrote 68 bytes to ecology
[dna] air wrote 86 bytes to ecology
[dna] air wrote 35 bytes to ecology
[dna] air wrote 65 bytes to ecology
[dna] air wrote 117 bytes to ecology
[dna] air wrote 103 bytes to ecology
[dna] air wrote 58 bytes to ecology
[dna] air wrote 50 bytes to ecology
[dna] air wrote 117 bytes to ecology
[dna] air wrote 186 bytes to ecology
[dna] air wrote 37 bytes to ecology
[dna] air wrote 28 bytes to ecology
[debug-onto] tick=450 corpus=140673 stage=2 freeze=0
[dna] air wrote 136 bytes to ecology
[dna] air wrote 36 bytes to ecology
[dna] air wrote 54 bytes to ecology
[dna] air wrote 121 bytes to ecology
[dna] air wrote 132 bytes to ecology
[dna] air wrote 34 bytes to ecology
[dna] air wrote 68 bytes to ecology
[dna] air wrote 58 bytes to ecology
[dna] air wrote 35 bytes to ecology
[dna] air wrote 76 bytes to ecology
[dna] air wrote 101 bytes to ecology
[dna] air wrote 163 bytes to ecology
[dna] air wrote 149 bytes to ecology
[dna] air wrote 99 bytes to ecology
[dna] air wrote 134 bytes to ecology
[dna] air wrote 125 bytes to ecology
[dna] air wrote 61 bytes to ecology
[debug-onto] tick=500 corpus=140673 stage=2 freeze=0
[dna] air wrote 158 bytes to ecology
[dna] air wrote 207 bytes to ecology
[dna] air wrote 74 bytes to ecology
[dna] air wrote 52 bytes to ecology
[dna] air wrote 46 bytes to ecology
[dna] air wrote 34 bytes to ecology
[dna] air wrote 55 bytes to ecology
[dna] air wrote 94 bytes to ecology
[dna] air wrote 60 bytes to ecology
[dna] air wrote 105 bytes to ecology
[dna] air wrote 45 bytes to ecology
[dna] air wrote 7 bytes to ecology
[dna] air wrote 11 bytes to ecology
[dna] air wrote 26 bytes to ecology
[dna] air wrote 95 bytes to ecology
[dna] air wrote 161 bytes to ecology
[dna] air wrote 78 bytes to ecology
[debug-onto] tick=550 corpus=140673 stage=2 freeze=0
[dna] air wrote 61 bytes to ecology
[dna] air wrote 74 bytes to ecology
[dna] air wrote 32 bytes to ecology
[dna] air wrote 69 bytes to ecology
[dna] air wrote 109 bytes to ecology
[dna] air wrote 79 bytes to ecology
[dna] air wrote 43 bytes to ecology
[dna] air wrote 40 bytes to ecology
[dna] air wrote 29 bytes to ecology
[dna] air wrote 66 bytes to ecology
[dna] air wrote 42 bytes to ecology
[dna] air wrote 192 bytes to ecology
[dna] air wrote 51 bytes to ecology
[dna] air wrote 108 bytes to ecology
[dna] air wrote 42 bytes to ecology
[dna] air wrote 132 bytes to ecology
[debug-onto] tick=600 corpus=140673 stage=2 freeze=0
[dna] air wrote 67 bytes to ecology
[dna] air wrote 75 bytes to ecology
[dna] air wrote 73 bytes to ecology
[dna] air wrote 37 bytes to ecology
[dna] air wrote 49 bytes to ecology
[dna] air wrote 55 bytes to ecology
[dna] air wrote 128 bytes to ecology
[dna] air wrote 37 bytes to ecology
[dna] air wrote 58 bytes to ecology
[dna] air wrote 44 bytes to ecology
[dna] air wrote 75 bytes to ecology
[dna] air wrote 65 bytes to ecology
[dna] air wrote 115 bytes to ecology
[dna] air wrote 109 bytes to ecology
[dna] air wrote 68 bytes to ecology
[dna] air wrote 36 bytes to ecology
[dna] air wrote 246 bytes to ecology
[debug-onto] tick=650 corpus=140673 stage=2 freeze=0
[dna] air wrote 53 bytes to ecology
[dna] air wrote 97 bytes to ecology
[dna] air wrote 30 bytes to ecology
[dna] air wrote 76 bytes to ecology
[dna] air wrote 44 bytes to ecology
[dna] air wrote 22 bytes to ecology
[dna] air wrote 81 bytes to ecology
[dna] air wrote 67 bytes to ecology
[dna] air wrote 59 bytes to ecology
[dna] air wrote 16 bytes to ecology
[dna] air wrote 53 bytes to ecology
[dna] air wrote 48 bytes to ecology
[dna] air wrote 33 bytes to ecology

[evolution] Organism shutting down gracefully.
