[ecology] Element: fire → corpus: nonames_fire.txt
[evolution] Autonomous evolution mode — organism will grow through all stages without pause.
[ecology] Joined swarm. 1 peer(s) detected.
molequla is alive. [evolution] Autonomous mode — background trainer running. Ctrl+C to stop.
[dna] fire wrote 77 bytes to ecology
[dna] fire consumed 11540 bytes from 215 files: [water/gen_1776755214_1.txt water/gen_1776755229_4.txt water/gen_1776755237_7.txt water/gen_1776755245_10.txt water/gen_1776755254_13.txt water/gen_1776755262_16.txt water/gen_1776755270_19.txt water/gen_1776755278_22.txt water/gen_1776755286_25.txt water/gen_1776755295_28.txt water/gen_1776755303_31.txt water/gen_1776755311_34.txt water/gen_1776755319_37.txt water/gen_1776755327_40.txt water/gen_1776755336_43.txt water/gen_1776755344_46.txt water/gen_1776755352_49.txt water/gen_1776755360_52.txt water/gen_1776755368_55.txt water/gen_1776755377_58.txt water/gen_1776755385_61.txt water/gen_1776755393_64.txt water/gen_1776755401_67.txt water/gen_1776755409_70.txt water/gen_1776755417_73.txt water/gen_1776755426_76.txt water/gen_1776755434_79.txt water/gen_1776755442_82.txt water/gen_1776755450_85.txt water/gen_1776755458_88.txt water/gen_1776755467_91.txt water/gen_1776755475_94.txt water/gen_1776755483_97.txt water/gen_1776755491_100.txt water/gen_1776755499_103.txt water/gen_1776755507_106.txt water/gen_1776755516_109.txt water/gen_1776755524_112.txt water/gen_1776755532_115.txt water/gen_1776755540_118.txt water/gen_1776755548_121.txt water/gen_1776755556_124.txt water/gen_1776755564_127.txt water/gen_1776755573_130.txt water/gen_1776755581_133.txt water/gen_1776755589_136.txt water/gen_1776755597_139.txt water/gen_1776755605_142.txt water/gen_1776755613_145.txt water/gen_1776755622_148.txt water/gen_1776755630_151.txt water/gen_1776755638_154.txt water/gen_1776755646_157.txt water/gen_1776755654_160.txt water/gen_1776755662_163.txt water/gen_1776755671_166.txt water/gen_1776755679_169.txt water/gen_1776755687_172.txt water/gen_1776755695_175.txt water/gen_1776755711_181.txt water/gen_1776755719_184.txt water/gen_1776755728_187.txt water/gen_1776755736_190.txt water/gen_1776755744_193.txt water/gen_1776755752_196.txt water/gen_1776755760_199.txt water/gen_1776755768_202.txt water/gen_1776755776_205.txt water/gen_1776755784_208.txt water/gen_1776755793_211.txt water/gen_1776755801_214.txt water/gen_1776755809_217.txt water/gen_1776755817_220.txt water/gen_1776755825_223.txt water/gen_1776755833_226.txt water/gen_1776755841_229.txt water/gen_1776755849_232.txt water/gen_1776755857_235.txt water/gen_1776755865_238.txt water/gen_1776755873_241.txt water/gen_1776755882_244.txt water/gen_1776755890_247.txt water/gen_1776755898_250.txt water/gen_1776755906_253.txt water/gen_1776755914_256.txt water/gen_1776755922_259.txt water/gen_1776755930_262.txt water/gen_1776755938_265.txt water/gen_1776755947_268.txt water/gen_1776755955_271.txt water/gen_1776755963_274.txt water/gen_1776755971_277.txt water/gen_1776755979_280.txt water/gen_1776755988_283.txt water/gen_1776755996_286.txt water/gen_1776756004_289.txt water/gen_1776756012_292.txt water/gen_1776756020_295.txt water/gen_1776756028_298.txt water/gen_1776756037_301.txt water/gen_1776756045_304.txt water/gen_1776756053_307.txt water/gen_1776756061_310.txt water/gen_1776756077_316.txt water/gen_1776756085_319.txt water/gen_1776756094_322.txt water/gen_1776756102_325.txt water/gen_1776756110_328.txt water/gen_1776756118_331.txt water/gen_1776756126_334.txt water/gen_1776756134_337.txt water/gen_1776756142_340.txt water/gen_1776756150_343.txt water/gen_1776756158_346.txt water/gen_1776756166_349.txt water/gen_1776756174_352.txt water/gen_1776756183_355.txt water/gen_1776756191_358.txt water/gen_1776756199_361.txt water/gen_1776756207_364.txt water/gen_1776756215_367.txt water/gen_1776756223_370.txt water/gen_1776756231_373.txt water/gen_1776756239_376.txt water/gen_1776756248_379.txt water/gen_1776756256_382.txt water/gen_1776756264_385.txt water/gen_1776756272_388.txt water/gen_1776756280_391.txt water/gen_1776756288_394.txt water/gen_1776756297_397.txt water/gen_1776756313_403.txt water/gen_1776756321_406.txt water/gen_1776756329_409.txt water/gen_1776756337_412.txt water/gen_1776756345_415.txt water/gen_1776756354_418.txt water/gen_1776756362_421.txt water/gen_1776756370_424.txt water/gen_1776756378_427.txt water/gen_1776756386_430.txt water/gen_1776756394_433.txt water/gen_1776756403_436.txt water/gen_1776756411_439.txt water/gen_1776756419_442.txt water/gen_1776756427_445.txt water/gen_1776756435_448.txt water/gen_1776756443_451.txt water/gen_1776756451_454.txt water/gen_1776756459_457.txt water/gen_1776756468_460.txt water/gen_1776756476_463.txt water/gen_1776756484_466.txt water/gen_1776756492_469.txt water/gen_1776756500_472.txt water/gen_1776756508_475.txt water/gen_1776756517_478.txt water/gen_1776756525_481.txt water/gen_1776756533_484.txt water/gen_1776756541_487.txt water/gen_1776756549_490.txt water/gen_1776756557_493.txt water/gen_1776756566_496.txt water/gen_1776756574_499.txt water/gen_1776756582_502.txt water/gen_1776756590_505.txt water/gen_1776756598_508.txt water/gen_1776756606_511.txt water/gen_1776756614_514.txt water/gen_1776756623_517.txt water/gen_1776756631_520.txt water/gen_1776756639_523.txt water/gen_1776756648_526.txt water/gen_1776756656_529.txt water/gen_1776756665_532.txt water/gen_1776756673_535.txt water/gen_1776756681_538.txt water/gen_1776756690_541.txt water/gen_1776756698_544.txt water/gen_1776756707_547.txt water/gen_1776756715_550.txt water/gen_1776756724_553.txt water/gen_1776756732_556.txt water/gen_1776756741_559.txt water/gen_1776756749_562.txt water/gen_1776756757_565.txt water/gen_1776756766_568.txt water/gen_1776756774_571.txt water/gen_1776756782_574.txt water/gen_1776756791_577.txt water/gen_1776756799_580.txt water/gen_1776756807_583.txt water/gen_1776756815_586.txt water/gen_1776756824_589.txt water/gen_1776756832_592.txt water/gen_1776756848_598.txt water/gen_1776756856_601.txt water/gen_1776756865_604.txt water/gen_1776756873_607.txt water/gen_1776756881_610.txt water/gen_1776756889_613.txt water/gen_1776756898_616.txt water/gen_1776756906_619.txt water/gen_1776756914_622.txt water/gen_1776756922_625.txt water/gen_1776756931_628.txt water/gen_1776756939_631.txt water/gen_1776756948_634.txt water/gen_1776756956_637.txt water/gen_1776756964_640.txt water/gen_1776756973_643.txt water/gen_1776756981_646.txt water/gen_1776756989_649.txt water/gen_1776756998_652.txt water/gen_1776757006_655.txt]
[trainer] micro-train burst (11540 bytes, novelty 0.05) — and lo, it feeds again.
[syntropy] action=explore | trend=0.0000 | field_dev=0.035 | purpose_align=0.114 | lr_mul=1.30
[aml] burst complete: 32 steps, avg loss 1.7967 (memory freed)
[dna] fire wrote 22 bytes to ecology
[dna] fire wrote 42 bytes to ecology
[dna] fire wrote 64 bytes to ecology
[dna] fire wrote 86 bytes to ecology
[dna] fire wrote 80 bytes to ecology
[dna] fire wrote 111 bytes to ecology
[dna] fire wrote 32 bytes to ecology
[dna] fire wrote 49 bytes to ecology
[dna] fire wrote 21 bytes to ecology
[dna] fire wrote 27 bytes to ecology
[dna] fire wrote 27 bytes to ecology
[dna] fire wrote 57 bytes to ecology
[dna] fire wrote 30 bytes to ecology
[dna] fire wrote 37 bytes to ecology
[dna] fire wrote 52 bytes to ecology
[dna] fire wrote 23 bytes to ecology
[debug-onto] tick=50 corpus=133655 stage=2 freeze=0
[dna] fire wrote 67 bytes to ecology
[dna] fire wrote 39 bytes to ecology
[dna] fire wrote 67 bytes to ecology
[dna] fire wrote 116 bytes to ecology
[dna] fire wrote 50 bytes to ecology
[dna] fire wrote 124 bytes to ecology
[dna] fire wrote 34 bytes to ecology
[dna] fire wrote 69 bytes to ecology
[dna] fire wrote 70 bytes to ecology
[dna] fire wrote 69 bytes to ecology
[dna] fire wrote 22 bytes to ecology
[dna] fire wrote 32 bytes to ecology
[dna] fire wrote 45 bytes to ecology
[dna] fire wrote 45 bytes to ecology
[dna] fire wrote 39 bytes to ecology
[dna] fire wrote 51 bytes to ecology
[dna] fire wrote 72 bytes to ecology
[debug-onto] tick=100 corpus=133655 stage=2 freeze=0
[dna] fire wrote 68 bytes to ecology
[dna] fire wrote 48 bytes to ecology
[dna] fire wrote 67 bytes to ecology
[dna] fire wrote 82 bytes to ecology
[dna] fire wrote 170 bytes to ecology
[dna] fire wrote 38 bytes to ecology
[dna] fire wrote 33 bytes to ecology
[dna] fire wrote 56 bytes to ecology
[dna] fire wrote 47 bytes to ecology
[dna] fire wrote 60 bytes to ecology
[dna] fire wrote 20 bytes to ecology
[dna] fire wrote 25 bytes to ecology
[dna] fire wrote 59 bytes to ecology
[dna] fire wrote 29 bytes to ecology
[dna] fire wrote 22 bytes to ecology
[dna] fire wrote 13 bytes to ecology
[debug-onto] tick=150 corpus=133655 stage=2 freeze=0
[dna] fire wrote 32 bytes to ecology
[dna] fire wrote 46 bytes to ecology
[dna] fire wrote 26 bytes to ecology
[dna] fire wrote 29 bytes to ecology
[dna] fire wrote 88 bytes to ecology
[dna] fire wrote 117 bytes to ecology
[dna] fire wrote 36 bytes to ecology
[dna] fire wrote 25 bytes to ecology
[dna] fire wrote 58 bytes to ecology
[dna] fire wrote 30 bytes to ecology
[dna] fire wrote 96 bytes to ecology
[dna] fire wrote 41 bytes to ecology
[dna] fire wrote 40 bytes to ecology
[dna] fire wrote 41 bytes to ecology
[dna] fire wrote 35 bytes to ecology
[dna] fire wrote 61 bytes to ecology
[dna] fire wrote 47 bytes to ecology
[debug-onto] tick=200 corpus=133655 stage=2 freeze=0
[dna] fire wrote 13 bytes to ecology
[dna] fire wrote 97 bytes to ecology
[dna] fire wrote 131 bytes to ecology
[dna] fire wrote 109 bytes to ecology
[dna] fire wrote 32 bytes to ecology
[dna] fire wrote 55 bytes to ecology
[dna] fire wrote 42 bytes to ecology
[dna] fire wrote 159 bytes to ecology
[dna] fire wrote 41 bytes to ecology
[dna] fire wrote 49 bytes to ecology
[dna] fire wrote 101 bytes to ecology
[dna] fire wrote 48 bytes to ecology
[dna] fire wrote 42 bytes to ecology
[dna] fire wrote 17 bytes to ecology
[dna] fire wrote 32 bytes to ecology
[dna] fire wrote 155 bytes to ecology
[dna] fire wrote 59 bytes to ecology
[debug-onto] tick=250 corpus=133655 stage=2 freeze=0
[dna] fire wrote 175 bytes to ecology
[dna] fire wrote 30 bytes to ecology
[dna] fire wrote 54 bytes to ecology
[dna] fire wrote 30 bytes to ecology
[dna] fire wrote 45 bytes to ecology
[dna] fire wrote 25 bytes to ecology
[dna] fire wrote 38 bytes to ecology
[dna] fire wrote 51 bytes to ecology
[dna] fire wrote 22 bytes to ecology
[dna] fire wrote 25 bytes to ecology
[dna] fire wrote 44 bytes to ecology
[dna] fire wrote 79 bytes to ecology
[dna] fire wrote 33 bytes to ecology
[dna] fire wrote 55 bytes to ecology
[dna] fire wrote 80 bytes to ecology
[dna] fire wrote 79 bytes to ecology
[debug-onto] tick=300 corpus=133655 stage=2 freeze=0
[dna] fire wrote 42 bytes to ecology
[dna] fire wrote 48 bytes to ecology
[dna] fire wrote 35 bytes to ecology
[dna] fire wrote 35 bytes to ecology
[dna] fire wrote 26 bytes to ecology
[dna] fire wrote 91 bytes to ecology
[dna] fire wrote 24 bytes to ecology
[dna] fire wrote 28 bytes to ecology
[dna] fire wrote 59 bytes to ecology
[dna] fire wrote 31 bytes to ecology
[dna] fire wrote 95 bytes to ecology
[dna] fire wrote 42 bytes to ecology
[dna] fire wrote 139 bytes to ecology
[dna] fire wrote 10 bytes to ecology
[dna] fire wrote 94 bytes to ecology
[dna] fire wrote 44 bytes to ecology
[dna] fire wrote 64 bytes to ecology
[debug-onto] tick=350 corpus=133655 stage=2 freeze=0
[dna] fire wrote 22 bytes to ecology
[dna] fire wrote 16 bytes to ecology
[dna] fire wrote 51 bytes to ecology
[dna] fire wrote 14 bytes to ecology
[dna] fire wrote 144 bytes to ecology
[dna] fire wrote 55 bytes to ecology
[dna] fire wrote 23 bytes to ecology
[dna] fire wrote 98 bytes to ecology
[dna] fire wrote 45 bytes to ecology
[dna] fire wrote 107 bytes to ecology
[dna] fire wrote 29 bytes to ecology
[dna] fire wrote 61 bytes to ecology
[dna] fire wrote 48 bytes to ecology
[dna] fire wrote 40 bytes to ecology
[dna] fire wrote 13 bytes to ecology
[dna] fire wrote 162 bytes to ecology
[dna] fire wrote 60 bytes to ecology
[debug-onto] tick=400 corpus=133655 stage=2 freeze=0
[dna] fire wrote 86 bytes to ecology
[dna] fire wrote 62 bytes to ecology
[dna] fire wrote 111 bytes to ecology
[dna] fire wrote 35 bytes to ecology
[dna] fire wrote 38 bytes to ecology
[dna] fire wrote 54 bytes to ecology
[dna] fire wrote 26 bytes to ecology
[dna] fire wrote 40 bytes to ecology
[dna] fire wrote 76 bytes to ecology
[dna] fire wrote 118 bytes to ecology
[dna] fire wrote 33 bytes to ecology
[dna] fire wrote 13 bytes to ecology
[dna] fire wrote 63 bytes to ecology
[dna] fire wrote 29 bytes to ecology
[dna] fire wrote 33 bytes to ecology
[dna] fire wrote 28 bytes to ecology
[debug-onto] tick=450 corpus=133655 stage=2 freeze=0
[dna] fire wrote 15 bytes to ecology
[dna] fire wrote 69 bytes to ecology
[dna] fire wrote 80 bytes to ecology
[dna] fire wrote 168 bytes to ecology
[dna] fire wrote 71 bytes to ecology
[dna] fire wrote 53 bytes to ecology
[dna] fire wrote 130 bytes to ecology
[dna] fire wrote 36 bytes to ecology
[dna] fire wrote 168 bytes to ecology
[dna] fire wrote 69 bytes to ecology
[dna] fire wrote 34 bytes to ecology
[dna] fire wrote 70 bytes to ecology
[dna] fire wrote 17 bytes to ecology
[dna] fire wrote 67 bytes to ecology
[dna] fire wrote 24 bytes to ecology
[dna] fire wrote 89 bytes to ecology
[dna] fire wrote 26 bytes to ecology
[debug-onto] tick=500 corpus=133655 stage=2 freeze=0
[dna] fire wrote 69 bytes to ecology
[dna] fire wrote 131 bytes to ecology
[dna] fire wrote 42 bytes to ecology
[dna] fire wrote 32 bytes to ecology
[dna] fire wrote 39 bytes to ecology
[dna] fire wrote 64 bytes to ecology
[dna] fire wrote 44 bytes to ecology
[dna] fire wrote 78 bytes to ecology
[dna] fire wrote 44 bytes to ecology
[dna] fire wrote 76 bytes to ecology
[dna] fire wrote 47 bytes to ecology
[dna] fire wrote 32 bytes to ecology
[dna] fire wrote 45 bytes to ecology
[dna] fire wrote 27 bytes to ecology
[dna] fire wrote 72 bytes to ecology
[dna] fire wrote 39 bytes to ecology
[dna] fire wrote 53 bytes to ecology
[debug-onto] tick=550 corpus=133655 stage=2 freeze=0
[dna] fire wrote 57 bytes to ecology
[dna] fire wrote 13 bytes to ecology
[dna] fire wrote 30 bytes to ecology
[dna] fire wrote 41 bytes to ecology
[dna] fire wrote 55 bytes to ecology
[dna] fire wrote 99 bytes to ecology
[dna] fire wrote 39 bytes to ecology
[dna] fire wrote 63 bytes to ecology
[dna] fire wrote 72 bytes to ecology
[dna] fire wrote 104 bytes to ecology
[dna] fire wrote 37 bytes to ecology
[dna] fire wrote 33 bytes to ecology
[dna] fire wrote 74 bytes to ecology
[dna] fire wrote 54 bytes to ecology
[dna] fire wrote 60 bytes to ecology
[dna] fire wrote 40 bytes to ecology
[debug-onto] tick=600 corpus=133655 stage=2 freeze=0
[dna] fire wrote 125 bytes to ecology
[dna] fire wrote 53 bytes to ecology
[dna] fire wrote 30 bytes to ecology
[dna] fire wrote 48 bytes to ecology
[dna] fire wrote 63 bytes to ecology
[dna] fire wrote 85 bytes to ecology
[dna] fire wrote 26 bytes to ecology
[dna] fire wrote 71 bytes to ecology
[dna] fire wrote 55 bytes to ecology
[dna] fire wrote 36 bytes to ecology
[dna] fire wrote 23 bytes to ecology
[dna] fire wrote 54 bytes to ecology
[dna] fire wrote 158 bytes to ecology
[dna] fire wrote 35 bytes to ecology
[dna] fire wrote 53 bytes to ecology
[dna] fire wrote 12 bytes to ecology
[dna] fire wrote 8 bytes to ecology
[debug-onto] tick=650 corpus=133655 stage=2 freeze=0
[dna] fire wrote 33 bytes to ecology
[dna] fire wrote 184 bytes to ecology
[dna] fire wrote 91 bytes to ecology
[dna] fire wrote 22 bytes to ecology
[dna] fire wrote 30 bytes to ecology
[dna] fire wrote 48 bytes to ecology
[dna] fire wrote 45 bytes to ecology
[dna] fire wrote 22 bytes to ecology
[dna] fire wrote 18 bytes to ecology
[dna] fire wrote 40 bytes to ecology
[dna] fire wrote 87 bytes to ecology
[dna] fire wrote 35 bytes to ecology
[dna] fire wrote 141 bytes to ecology
[dna] fire wrote 66 bytes to ecology

[evolution] Organism shutting down gracefully.
