[ecology] Element: fire → corpus: nonames_fire.txt
[evolution] Autonomous evolution mode — organism will grow through all stages without pause.
[ecology] Joined swarm. 1 peer(s) detected.
molequla is alive. [evolution] Autonomous mode — background trainer running. Ctrl+C to stop.
[dna] fire wrote 28 bytes to ecology
[dna] fire consumed 12402 bytes from 207 files: [water/gen_1775544607_1.txt water/gen_1775544623_4.txt water/gen_1775544631_7.txt water/gen_1775544640_10.txt water/gen_1775544648_13.txt water/gen_1775544657_16.txt water/gen_1775544666_19.txt water/gen_1775544674_22.txt water/gen_1775544683_25.txt water/gen_1775544691_28.txt water/gen_1775544700_31.txt water/gen_1775544708_34.txt water/gen_1775544717_37.txt water/gen_1775544726_40.txt water/gen_1775544734_43.txt water/gen_1775544743_46.txt water/gen_1775544751_49.txt water/gen_1775544760_52.txt water/gen_1775544769_55.txt water/gen_1775544777_58.txt water/gen_1775544786_61.txt water/gen_1775544795_64.txt water/gen_1775544803_67.txt water/gen_1775544812_70.txt water/gen_1775544820_73.txt water/gen_1775544829_76.txt water/gen_1775544838_79.txt water/gen_1775544846_82.txt water/gen_1775544855_85.txt water/gen_1775544864_88.txt water/gen_1775544872_91.txt water/gen_1775544881_94.txt water/gen_1775544889_97.txt water/gen_1775544898_100.txt water/gen_1775544907_103.txt water/gen_1775544915_106.txt water/gen_1775544924_109.txt water/gen_1775544932_112.txt water/gen_1775544941_115.txt water/gen_1775544950_118.txt water/gen_1775544958_121.txt water/gen_1775544967_124.txt water/gen_1775544975_127.txt water/gen_1775544984_130.txt water/gen_1775544993_133.txt water/gen_1775545001_136.txt water/gen_1775545010_139.txt water/gen_1775545018_142.txt water/gen_1775545027_145.txt water/gen_1775545036_148.txt water/gen_1775545044_151.txt water/gen_1775545062_157.txt water/gen_1775545070_160.txt water/gen_1775545079_163.txt water/gen_1775545087_166.txt water/gen_1775545096_169.txt water/gen_1775545105_172.txt water/gen_1775545113_175.txt water/gen_1775545122_178.txt water/gen_1775545131_181.txt water/gen_1775545139_184.txt water/gen_1775545148_187.txt water/gen_1775545157_190.txt water/gen_1775545165_193.txt water/gen_1775545174_196.txt water/gen_1775545182_199.txt water/gen_1775545191_202.txt water/gen_1775545200_205.txt water/gen_1775545208_208.txt water/gen_1775545217_211.txt water/gen_1775545225_214.txt water/gen_1775545234_217.txt water/gen_1775545243_220.txt water/gen_1775545251_223.txt water/gen_1775545260_226.txt water/gen_1775545268_229.txt water/gen_1775545277_232.txt water/gen_1775545286_235.txt water/gen_1775545294_238.txt water/gen_1775545303_241.txt water/gen_1775545311_244.txt water/gen_1775545320_247.txt water/gen_1775545329_250.txt water/gen_1775545337_253.txt water/gen_1775545346_256.txt water/gen_1775545354_259.txt water/gen_1775545363_262.txt water/gen_1775545372_265.txt water/gen_1775545380_268.txt water/gen_1775545389_271.txt water/gen_1775545397_274.txt water/gen_1775545406_277.txt water/gen_1775545414_280.txt water/gen_1775545423_283.txt water/gen_1775545432_286.txt water/gen_1775545440_289.txt water/gen_1775545449_292.txt water/gen_1775545458_295.txt water/gen_1775545466_298.txt water/gen_1775545475_301.txt water/gen_1775545483_304.txt water/gen_1775545492_307.txt water/gen_1775545501_310.txt water/gen_1775545509_313.txt water/gen_1775545518_316.txt water/gen_1775545526_319.txt water/gen_1775545535_322.txt water/gen_1775545544_325.txt water/gen_1775545552_328.txt water/gen_1775545561_331.txt water/gen_1775545569_334.txt water/gen_1775545578_337.txt water/gen_1775545587_340.txt water/gen_1775545595_343.txt water/gen_1775545604_346.txt water/gen_1775545612_349.txt water/gen_1775545621_352.txt water/gen_1775545629_355.txt water/gen_1775545638_358.txt water/gen_1775545647_361.txt water/gen_1775545655_364.txt water/gen_1775545664_367.txt water/gen_1775545673_370.txt water/gen_1775545681_373.txt water/gen_1775545690_376.txt water/gen_1775545698_379.txt water/gen_1775545707_382.txt water/gen_1775545716_385.txt water/gen_1775545724_388.txt water/gen_1775545733_391.txt water/gen_1775545742_394.txt water/gen_1775545750_397.txt water/gen_1775545759_400.txt water/gen_1775545768_403.txt water/gen_1775545776_406.txt water/gen_1775545785_409.txt water/gen_1775545794_412.txt water/gen_1775545802_415.txt water/gen_1775545811_418.txt water/gen_1775545819_421.txt water/gen_1775545828_424.txt water/gen_1775545837_427.txt water/gen_1775545845_430.txt water/gen_1775545854_433.txt water/gen_1775545862_436.txt water/gen_1775545871_439.txt water/gen_1775545879_442.txt water/gen_1775545888_445.txt water/gen_1775545897_448.txt water/gen_1775545905_451.txt water/gen_1775545914_454.txt water/gen_1775545922_457.txt water/gen_1775545931_460.txt water/gen_1775545940_463.txt water/gen_1775545948_466.txt water/gen_1775545957_469.txt water/gen_1775545965_472.txt water/gen_1775545974_475.txt water/gen_1775545983_478.txt water/gen_1775545991_481.txt water/gen_1775546000_484.txt water/gen_1775546008_487.txt water/gen_1775546017_490.txt water/gen_1775546026_493.txt water/gen_1775546034_496.txt water/gen_1775546043_499.txt water/gen_1775546051_502.txt water/gen_1775546060_505.txt water/gen_1775546068_508.txt water/gen_1775546077_511.txt water/gen_1775546086_514.txt water/gen_1775546094_517.txt water/gen_1775546103_520.txt water/gen_1775546112_523.txt water/gen_1775546120_526.txt water/gen_1775546129_529.txt water/gen_1775546137_532.txt water/gen_1775546146_535.txt water/gen_1775546155_538.txt water/gen_1775546163_541.txt water/gen_1775546172_544.txt water/gen_1775546180_547.txt water/gen_1775546189_550.txt water/gen_1775546198_553.txt water/gen_1775546206_556.txt water/gen_1775546215_559.txt water/gen_1775546223_562.txt water/gen_1775546232_565.txt water/gen_1775546241_568.txt water/gen_1775546249_571.txt water/gen_1775546258_574.txt water/gen_1775546266_577.txt water/gen_1775546275_580.txt water/gen_1775546284_583.txt water/gen_1775546292_586.txt water/gen_1775546301_589.txt water/gen_1775546309_592.txt water/gen_1775546318_595.txt water/gen_1775546327_598.txt water/gen_1775546335_601.txt water/gen_1775546344_604.txt water/gen_1775546353_607.txt water/gen_1775546361_610.txt water/gen_1775546370_613.txt water/gen_1775546379_616.txt water/gen_1775546387_619.txt water/gen_1775546396_622.txt]
[trainer] micro-train burst (12402 bytes, novelty 0.05) — and lo, it feeds again.
[syntropy] action=explore | trend=0.0000 | field_dev=-0.006 | purpose_align=0.095 | lr_mul=1.30
[aml] burst complete: 32 steps, avg loss 1.7001 (memory freed)
[dna] fire wrote 102 bytes to ecology
[dna] fire wrote 44 bytes to ecology
[dna] fire wrote 135 bytes to ecology
[dna] fire wrote 8 bytes to ecology
[dna] fire wrote 36 bytes to ecology
[dna] fire wrote 141 bytes to ecology
[dna] fire wrote 58 bytes to ecology
[dna] fire wrote 50 bytes to ecology
[dna] fire wrote 116 bytes to ecology
[dna] fire wrote 30 bytes to ecology
[dna] fire wrote 58 bytes to ecology
[dna] fire wrote 87 bytes to ecology
[dna] fire wrote 62 bytes to ecology
[dna] fire wrote 38 bytes to ecology
[dna] fire wrote 76 bytes to ecology
[dna] fire wrote 28 bytes to ecology
[debug-onto] tick=50 corpus=134509 stage=2 freeze=0
[dna] fire wrote 32 bytes to ecology
[dna] fire wrote 27 bytes to ecology
[dna] fire wrote 31 bytes to ecology
[dna] fire wrote 23 bytes to ecology
[dna] fire wrote 111 bytes to ecology
[dna] fire wrote 78 bytes to ecology
[dna] fire wrote 34 bytes to ecology
[dna] fire wrote 81 bytes to ecology
[dna] fire wrote 49 bytes to ecology
[dna] fire wrote 110 bytes to ecology
[dna] fire wrote 57 bytes to ecology
[dna] fire wrote 72 bytes to ecology
[dna] fire wrote 82 bytes to ecology
[dna] fire wrote 6 bytes to ecology
[dna] fire wrote 20 bytes to ecology
[dna] fire wrote 46 bytes to ecology
[dna] fire wrote 80 bytes to ecology
[debug-onto] tick=100 corpus=134509 stage=2 freeze=0
[dna] fire wrote 29 bytes to ecology
[dna] fire wrote 124 bytes to ecology
[dna] fire wrote 69 bytes to ecology
[dna] fire wrote 74 bytes to ecology
[dna] fire wrote 34 bytes to ecology
[dna] fire wrote 21 bytes to ecology
[dna] fire wrote 27 bytes to ecology
[dna] fire wrote 47 bytes to ecology
[dna] fire wrote 120 bytes to ecology
[dna] fire wrote 37 bytes to ecology
[dna] fire wrote 41 bytes to ecology
[dna] fire wrote 77 bytes to ecology
[dna] fire wrote 78 bytes to ecology
[dna] fire wrote 52 bytes to ecology
[dna] fire wrote 9 bytes to ecology
[dna] fire wrote 33 bytes to ecology
[debug-onto] tick=150 corpus=134509 stage=2 freeze=0
[dna] fire wrote 80 bytes to ecology
[dna] fire wrote 137 bytes to ecology
[dna] fire wrote 56 bytes to ecology
[dna] fire wrote 37 bytes to ecology
[dna] fire wrote 29 bytes to ecology
[dna] fire wrote 20 bytes to ecology
[dna] fire wrote 80 bytes to ecology
[dna] fire wrote 52 bytes to ecology
[dna] fire wrote 66 bytes to ecology
[dna] fire wrote 26 bytes to ecology
[dna] fire wrote 41 bytes to ecology
[dna] fire wrote 111 bytes to ecology
[dna] fire wrote 63 bytes to ecology
[dna] fire wrote 22 bytes to ecology
[dna] fire wrote 22 bytes to ecology
[dna] fire wrote 124 bytes to ecology
[dna] fire wrote 21 bytes to ecology
[debug-onto] tick=200 corpus=134509 stage=2 freeze=0
[dna] fire wrote 10 bytes to ecology
[dna] fire wrote 28 bytes to ecology
[dna] fire wrote 34 bytes to ecology
[dna] fire wrote 26 bytes to ecology
[dna] fire wrote 21 bytes to ecology
[dna] fire wrote 84 bytes to ecology
[dna] fire wrote 31 bytes to ecology
[dna] fire wrote 46 bytes to ecology
[dna] fire wrote 19 bytes to ecology
[dna] fire wrote 232 bytes to ecology
[dna] fire wrote 9 bytes to ecology
[dna] fire wrote 133 bytes to ecology
[dna] fire wrote 139 bytes to ecology
[dna] fire wrote 35 bytes to ecology
[dna] fire wrote 92 bytes to ecology
[dna] fire wrote 115 bytes to ecology
[dna] fire wrote 26 bytes to ecology
[debug-onto] tick=250 corpus=134509 stage=2 freeze=0
[dna] fire wrote 57 bytes to ecology
[dna] fire wrote 35 bytes to ecology
[dna] fire wrote 24 bytes to ecology
[dna] fire wrote 56 bytes to ecology
[dna] fire wrote 73 bytes to ecology
[dna] fire wrote 39 bytes to ecology
[dna] fire wrote 16 bytes to ecology
[dna] fire wrote 17 bytes to ecology
[dna] fire wrote 43 bytes to ecology
[dna] fire wrote 23 bytes to ecology
[dna] fire wrote 59 bytes to ecology
[dna] fire wrote 73 bytes to ecology
[dna] fire wrote 92 bytes to ecology
[dna] fire wrote 43 bytes to ecology
[dna] fire wrote 51 bytes to ecology
[debug-onto] tick=300 corpus=134509 stage=2 freeze=0
[dna] fire wrote 44 bytes to ecology
[dna] fire wrote 51 bytes to ecology
[dna] fire wrote 50 bytes to ecology
[dna] fire wrote 29 bytes to ecology
[dna] fire wrote 43 bytes to ecology
[dna] fire wrote 59 bytes to ecology
[dna] fire wrote 9 bytes to ecology
[dna] fire wrote 76 bytes to ecology
[dna] fire wrote 38 bytes to ecology
[dna] fire wrote 63 bytes to ecology
[dna] fire wrote 144 bytes to ecology
[dna] fire wrote 147 bytes to ecology
[dna] fire wrote 29 bytes to ecology
[dna] fire wrote 49 bytes to ecology
[dna] fire wrote 46 bytes to ecology
[dna] fire wrote 111 bytes to ecology
[dna] fire wrote 76 bytes to ecology
[debug-onto] tick=350 corpus=134509 stage=2 freeze=0
[dna] fire wrote 16 bytes to ecology
[dna] fire wrote 30 bytes to ecology
[dna] fire wrote 34 bytes to ecology
[dna] fire wrote 60 bytes to ecology
[dna] fire wrote 138 bytes to ecology
[dna] fire wrote 44 bytes to ecology
[dna] fire wrote 25 bytes to ecology
[dna] fire wrote 45 bytes to ecology
[dna] fire wrote 36 bytes to ecology
[dna] fire wrote 28 bytes to ecology
[dna] fire wrote 45 bytes to ecology
[dna] fire wrote 35 bytes to ecology
[dna] fire wrote 92 bytes to ecology
[dna] fire wrote 285 bytes to ecology
[dna] fire wrote 114 bytes to ecology
[dna] fire wrote 37 bytes to ecology
[dna] fire wrote 40 bytes to ecology
[debug-onto] tick=400 corpus=134509 stage=2 freeze=0
[dna] fire wrote 70 bytes to ecology
[dna] fire wrote 71 bytes to ecology
[dna] fire wrote 69 bytes to ecology
[dna] fire wrote 20 bytes to ecology
[dna] fire wrote 57 bytes to ecology
[dna] fire wrote 36 bytes to ecology
[dna] fire wrote 58 bytes to ecology
[dna] fire wrote 114 bytes to ecology
[dna] fire wrote 18 bytes to ecology
[dna] fire wrote 71 bytes to ecology
[dna] fire wrote 44 bytes to ecology
[dna] fire wrote 67 bytes to ecology
[dna] fire wrote 44 bytes to ecology
[dna] fire wrote 46 bytes to ecology
[dna] fire wrote 49 bytes to ecology
[dna] fire wrote 43 bytes to ecology
[debug-onto] tick=450 corpus=134509 stage=2 freeze=0
[dna] fire wrote 68 bytes to ecology
[dna] fire wrote 165 bytes to ecology
[dna] fire wrote 103 bytes to ecology
[dna] fire wrote 57 bytes to ecology
[dna] fire wrote 48 bytes to ecology
[dna] fire wrote 80 bytes to ecology
[dna] fire wrote 64 bytes to ecology
[dna] fire wrote 28 bytes to ecology
[dna] fire wrote 36 bytes to ecology
[dna] fire wrote 51 bytes to ecology
[dna] fire wrote 71 bytes to ecology
[dna] fire wrote 41 bytes to ecology
[dna] fire wrote 114 bytes to ecology
[dna] fire wrote 12 bytes to ecology
[dna] fire wrote 46 bytes to ecology
[dna] fire wrote 105 bytes to ecology
[debug-onto] tick=500 corpus=134509 stage=2 freeze=0
[dna] fire wrote 48 bytes to ecology
[dna] fire wrote 68 bytes to ecology
[dna] fire wrote 112 bytes to ecology
[dna] fire wrote 54 bytes to ecology
[dna] fire wrote 17 bytes to ecology
[dna] fire wrote 34 bytes to ecology
[dna] fire wrote 55 bytes to ecology
[dna] fire wrote 48 bytes to ecology
[dna] fire wrote 23 bytes to ecology
[dna] fire wrote 34 bytes to ecology
[dna] fire wrote 84 bytes to ecology
[dna] fire wrote 27 bytes to ecology
[dna] fire wrote 107 bytes to ecology
[dna] fire wrote 40 bytes to ecology
[dna] fire wrote 29 bytes to ecology
[dna] fire wrote 61 bytes to ecology
[debug-onto] tick=550 corpus=134509 stage=2 freeze=0
[dna] fire wrote 75 bytes to ecology
[dna] fire wrote 15 bytes to ecology
[dna] fire wrote 39 bytes to ecology
[dna] fire wrote 65 bytes to ecology
[dna] fire wrote 5 bytes to ecology
[dna] fire wrote 59 bytes to ecology
[dna] fire wrote 74 bytes to ecology
[dna] fire wrote 42 bytes to ecology
[dna] fire wrote 43 bytes to ecology
[dna] fire wrote 49 bytes to ecology
[dna] fire wrote 44 bytes to ecology
[dna] fire wrote 84 bytes to ecology
[dna] fire wrote 84 bytes to ecology
[dna] fire wrote 32 bytes to ecology
[dna] fire wrote 52 bytes to ecology
[dna] fire wrote 19 bytes to ecology
[debug-onto] tick=600 corpus=134509 stage=2 freeze=0
[dna] fire wrote 45 bytes to ecology
[dna] fire wrote 36 bytes to ecology
[dna] fire wrote 143 bytes to ecology
[dna] fire wrote 51 bytes to ecology
[dna] fire wrote 105 bytes to ecology
[dna] fire wrote 13 bytes to ecology
[dna] fire wrote 33 bytes to ecology
[dna] fire wrote 47 bytes to ecology
[dna] fire wrote 32 bytes to ecology
[dna] fire wrote 73 bytes to ecology
[dna] fire wrote 113 bytes to ecology
[dna] fire wrote 13 bytes to ecology
[dna] fire wrote 91 bytes to ecology
[dna] fire wrote 206 bytes to ecology
[dna] fire wrote 24 bytes to ecology
[dna] fire wrote 22 bytes to ecology
[dna] fire wrote 11 bytes to ecology
[debug-onto] tick=650 corpus=134509 stage=2 freeze=0
[dna] fire wrote 65 bytes to ecology
[dna] fire wrote 25 bytes to ecology
[dna] fire wrote 41 bytes to ecology
[dna] fire wrote 101 bytes to ecology
[dna] fire wrote 154 bytes to ecology
[dna] fire wrote 17 bytes to ecology
[dna] fire wrote 132 bytes to ecology
[dna] fire wrote 10 bytes to ecology
[dna] fire wrote 30 bytes to ecology
[dna] fire wrote 12 bytes to ecology
[dna] fire wrote 52 bytes to ecology

[evolution] Organism shutting down gracefully.
