[ecology] Element: air → corpus: nonames_air.txt
[evolution] Autonomous evolution mode — organism will grow through all stages without pause.
[ecology] Joined swarm. 1 peer(s) detected.
molequla is alive. [evolution] Autonomous mode — background trainer running. Ctrl+C to stop.
[dna] air wrote 53 bytes to ecology
[dna] air consumed 17729 bytes from 231 files: [earth/gen_1776491080_1.txt earth/gen_1776491087_4.txt earth/gen_1776491095_7.txt earth/gen_1776491102_10.txt earth/gen_1776491110_13.txt earth/gen_1776491118_16.txt earth/gen_1776491125_19.txt earth/gen_1776491133_22.txt earth/gen_1776491140_25.txt earth/gen_1776491148_28.txt earth/gen_1776491155_31.txt earth/gen_1776491163_34.txt earth/gen_1776491170_37.txt earth/gen_1776491178_40.txt earth/gen_1776491185_43.txt earth/gen_1776491193_46.txt earth/gen_1776491200_49.txt earth/gen_1776491208_52.txt earth/gen_1776491215_55.txt earth/gen_1776491223_58.txt earth/gen_1776491230_61.txt earth/gen_1776491238_64.txt earth/gen_1776491245_67.txt earth/gen_1776491253_70.txt earth/gen_1776491260_73.txt earth/gen_1776491268_76.txt earth/gen_1776491275_79.txt earth/gen_1776491283_82.txt earth/gen_1776491290_85.txt earth/gen_1776491298_88.txt earth/gen_1776491306_91.txt earth/gen_1776491313_94.txt earth/gen_1776491321_97.txt earth/gen_1776491328_100.txt earth/gen_1776491336_103.txt earth/gen_1776491343_106.txt earth/gen_1776491351_109.txt earth/gen_1776491358_112.txt earth/gen_1776491366_115.txt earth/gen_1776491373_118.txt earth/gen_1776491381_121.txt earth/gen_1776491389_124.txt earth/gen_1776491396_127.txt earth/gen_1776491404_130.txt earth/gen_1776491411_133.txt earth/gen_1776491419_136.txt earth/gen_1776491427_139.txt earth/gen_1776491434_142.txt earth/gen_1776491442_145.txt earth/gen_1776491449_148.txt earth/gen_1776491457_151.txt earth/gen_1776491465_154.txt earth/gen_1776491472_157.txt earth/gen_1776491480_160.txt earth/gen_1776491488_163.txt earth/gen_1776491495_166.txt earth/gen_1776491503_169.txt earth/gen_1776491510_172.txt earth/gen_1776491518_175.txt earth/gen_1776491526_178.txt earth/gen_1776491533_181.txt earth/gen_1776491541_184.txt earth/gen_1776491549_187.txt earth/gen_1776491557_190.txt earth/gen_1776491564_193.txt earth/gen_1776491572_196.txt earth/gen_1776491580_199.txt earth/gen_1776491588_202.txt earth/gen_1776491595_205.txt earth/gen_1776491603_208.txt earth/gen_1776491611_211.txt earth/gen_1776491618_214.txt earth/gen_1776491626_217.txt earth/gen_1776491634_220.txt earth/gen_1776491641_223.txt earth/gen_1776491649_226.txt earth/gen_1776491657_229.txt earth/gen_1776491665_232.txt earth/gen_1776491672_235.txt earth/gen_1776491680_238.txt earth/gen_1776491687_241.txt earth/gen_1776491695_244.txt earth/gen_1776491702_247.txt earth/gen_1776491710_250.txt earth/gen_1776491718_253.txt earth/gen_1776491725_256.txt earth/gen_1776491733_259.txt earth/gen_1776491740_262.txt earth/gen_1776491748_265.txt earth/gen_1776491756_268.txt earth/gen_1776491763_271.txt earth/gen_1776491771_274.txt earth/gen_1776491778_277.txt earth/gen_1776491786_280.txt earth/gen_1776491793_283.txt earth/gen_1776491801_286.txt earth/gen_1776491809_289.txt earth/gen_1776491816_292.txt earth/gen_1776491824_295.txt earth/gen_1776491831_298.txt earth/gen_1776491839_301.txt earth/gen_1776491846_304.txt earth/gen_1776491854_307.txt earth/gen_1776491861_310.txt earth/gen_1776491869_313.txt earth/gen_1776491876_316.txt earth/gen_1776491884_319.txt earth/gen_1776491892_322.txt earth/gen_1776491899_325.txt earth/gen_1776491907_328.txt earth/gen_1776491914_331.txt earth/gen_1776491922_334.txt earth/gen_1776491930_337.txt earth/gen_1776491938_340.txt earth/gen_1776491945_343.txt earth/gen_1776491953_346.txt earth/gen_1776491961_349.txt earth/gen_1776491968_352.txt earth/gen_1776491976_355.txt earth/gen_1776491983_358.txt earth/gen_1776491991_361.txt earth/gen_1776491999_364.txt earth/gen_1776492007_367.txt earth/gen_1776492015_370.txt earth/gen_1776492022_373.txt earth/gen_1776492030_376.txt earth/gen_1776492037_379.txt earth/gen_1776492045_382.txt earth/gen_1776492052_385.txt earth/gen_1776492060_388.txt earth/gen_1776492068_391.txt earth/gen_1776492075_394.txt earth/gen_1776492083_397.txt earth/gen_1776492091_400.txt earth/gen_1776492098_403.txt earth/gen_1776492106_406.txt earth/gen_1776492114_409.txt earth/gen_1776492121_412.txt earth/gen_1776492129_415.txt earth/gen_1776492137_418.txt earth/gen_1776492145_421.txt earth/gen_1776492152_424.txt earth/gen_1776492160_427.txt earth/gen_1776492168_430.txt earth/gen_1776492175_433.txt earth/gen_1776492183_436.txt earth/gen_1776492191_439.txt earth/gen_1776492199_442.txt earth/gen_1776492206_445.txt earth/gen_1776492214_448.txt earth/gen_1776492222_451.txt earth/gen_1776492230_454.txt earth/gen_1776492237_457.txt earth/gen_1776492245_460.txt earth/gen_1776492253_463.txt earth/gen_1776492261_466.txt earth/gen_1776492268_469.txt earth/gen_1776492276_472.txt earth/gen_1776492284_475.txt earth/gen_1776492292_478.txt earth/gen_1776492300_481.txt earth/gen_1776492308_484.txt earth/gen_1776492315_487.txt earth/gen_1776492323_490.txt earth/gen_1776492331_493.txt earth/gen_1776492339_496.txt earth/gen_1776492346_499.txt earth/gen_1776492354_502.txt earth/gen_1776492362_505.txt earth/gen_1776492369_508.txt earth/gen_1776492377_511.txt earth/gen_1776492385_514.txt earth/gen_1776492392_517.txt earth/gen_1776492400_520.txt earth/gen_1776492407_523.txt earth/gen_1776492415_526.txt earth/gen_1776492422_529.txt earth/gen_1776492430_532.txt earth/gen_1776492438_535.txt earth/gen_1776492445_538.txt earth/gen_1776492453_541.txt earth/gen_1776492461_544.txt earth/gen_1776492468_547.txt earth/gen_1776492476_550.txt earth/gen_1776492484_553.txt earth/gen_1776492491_556.txt earth/gen_1776492499_559.txt earth/gen_1776492507_562.txt earth/gen_1776492514_565.txt earth/gen_1776492522_568.txt earth/gen_1776492529_571.txt earth/gen_1776492537_574.txt earth/gen_1776492545_577.txt earth/gen_1776492553_580.txt earth/gen_1776492560_583.txt earth/gen_1776492568_586.txt earth/gen_1776492576_589.txt earth/gen_1776492584_592.txt earth/gen_1776492591_595.txt earth/gen_1776492599_598.txt earth/gen_1776492607_601.txt earth/gen_1776492614_604.txt earth/gen_1776492622_607.txt earth/gen_1776492630_610.txt earth/gen_1776492638_613.txt earth/gen_1776492646_616.txt earth/gen_1776492653_619.txt earth/gen_1776492661_622.txt earth/gen_1776492669_625.txt earth/gen_1776492677_628.txt earth/gen_1776492685_631.txt earth/gen_1776492693_634.txt earth/gen_1776492701_637.txt earth/gen_1776492709_640.txt earth/gen_1776492717_643.txt earth/gen_1776492725_646.txt earth/gen_1776492733_649.txt earth/gen_1776492741_652.txt earth/gen_1776492749_655.txt earth/gen_1776492757_658.txt earth/gen_1776492765_661.txt earth/gen_1776492773_664.txt earth/gen_1776492781_667.txt earth/gen_1776492789_670.txt earth/gen_1776492797_673.txt earth/gen_1776492805_676.txt earth/gen_1776492813_679.txt earth/gen_1776492821_682.txt earth/gen_1776492829_685.txt earth/gen_1776492837_688.txt earth/gen_1776492845_691.txt]
[trainer] micro-train burst (17729 bytes, novelty 0.04) — and lo, it feeds again.
[syntropy] action=steady | trend=0.0000 | field_dev=0.102 | purpose_align=-0.104 | lr_mul=1.00
[aml] burst complete: 32 steps, avg loss 2.3678 (memory freed)
[dna] air wrote 155 bytes to ecology
[dna] air wrote 39 bytes to ecology
[dna] air wrote 127 bytes to ecology
[dna] air wrote 167 bytes to ecology
[dna] air wrote 113 bytes to ecology
[dna] air wrote 40 bytes to ecology
[dna] air wrote 21 bytes to ecology
[dna] air wrote 37 bytes to ecology
[dna] air wrote 166 bytes to ecology
[dna] air wrote 159 bytes to ecology
[dna] air wrote 35 bytes to ecology
[dna] air wrote 28 bytes to ecology
[dna] air wrote 54 bytes to ecology
[dna] air wrote 93 bytes to ecology
[dna] air wrote 31 bytes to ecology
[dna] air wrote 46 bytes to ecology
[debug-onto] tick=50 corpus=140276 stage=2 freeze=0
[dna] air wrote 149 bytes to ecology
[dna] air wrote 79 bytes to ecology
[dna] air wrote 36 bytes to ecology
[dna] air wrote 66 bytes to ecology
[dna] air wrote 67 bytes to ecology
[dna] air wrote 25 bytes to ecology
[dna] air wrote 96 bytes to ecology
[dna] air wrote 76 bytes to ecology
[dna] air wrote 32 bytes to ecology
[dna] air wrote 27 bytes to ecology
[dna] air wrote 96 bytes to ecology
[dna] air wrote 55 bytes to ecology
[dna] air wrote 77 bytes to ecology
[dna] air wrote 45 bytes to ecology
[dna] air wrote 98 bytes to ecology
[dna] air wrote 38 bytes to ecology
[dna] air wrote 27 bytes to ecology
[debug-onto] tick=100 corpus=140276 stage=2 freeze=0
[dna] air wrote 38 bytes to ecology
[dna] air wrote 121 bytes to ecology
[dna] air wrote 59 bytes to ecology
[dna] air wrote 34 bytes to ecology
[dna] air wrote 43 bytes to ecology
[dna] air wrote 10 bytes to ecology
[dna] air wrote 20 bytes to ecology
[dna] air wrote 101 bytes to ecology
[dna] air wrote 190 bytes to ecology
[dna] air wrote 40 bytes to ecology
[dna] air wrote 31 bytes to ecology
[dna] air wrote 40 bytes to ecology
[dna] air wrote 82 bytes to ecology
[dna] air wrote 40 bytes to ecology
[dna] air wrote 131 bytes to ecology
[dna] air wrote 46 bytes to ecology
[debug-onto] tick=150 corpus=140276 stage=2 freeze=0
[dna] air wrote 216 bytes to ecology
[dna] air wrote 40 bytes to ecology
[dna] air wrote 72 bytes to ecology
[dna] air wrote 44 bytes to ecology
[dna] air wrote 70 bytes to ecology
[dna] air wrote 128 bytes to ecology
[dna] air wrote 87 bytes to ecology
[dna] air wrote 83 bytes to ecology
[dna] air wrote 24 bytes to ecology
[dna] air wrote 45 bytes to ecology
[dna] air wrote 51 bytes to ecology
[dna] air wrote 41 bytes to ecology
[dna] air wrote 48 bytes to ecology
[dna] air wrote 37 bytes to ecology
[dna] air wrote 134 bytes to ecology
[dna] air wrote 66 bytes to ecology
[dna] air wrote 174 bytes to ecology
[debug-onto] tick=200 corpus=140276 stage=2 freeze=0
[dna] air wrote 135 bytes to ecology
[dna] air wrote 75 bytes to ecology
[dna] air wrote 47 bytes to ecology
[dna] air wrote 47 bytes to ecology
[dna] air wrote 95 bytes to ecology
[dna] air wrote 77 bytes to ecology
[dna] air wrote 105 bytes to ecology
[dna] air wrote 32 bytes to ecology
[dna] air wrote 89 bytes to ecology
[dna] air wrote 86 bytes to ecology
[dna] air wrote 57 bytes to ecology
[dna] air wrote 32 bytes to ecology
[dna] air wrote 67 bytes to ecology
[dna] air wrote 131 bytes to ecology
[dna] air wrote 118 bytes to ecology
[dna] air wrote 65 bytes to ecology
[dna] air wrote 95 bytes to ecology
[debug-onto] tick=250 corpus=140276 stage=2 freeze=0
[dna] air wrote 46 bytes to ecology
[dna] air wrote 41 bytes to ecology
[dna] air wrote 172 bytes to ecology
[dna] air wrote 112 bytes to ecology
[dna] air wrote 89 bytes to ecology
[dna] air wrote 36 bytes to ecology
[dna] air wrote 80 bytes to ecology
[dna] air wrote 126 bytes to ecology
[dna] air wrote 52 bytes to ecology
[dna] air wrote 49 bytes to ecology
[dna] air wrote 64 bytes to ecology
[dna] air wrote 97 bytes to ecology
[dna] air wrote 35 bytes to ecology
[dna] air wrote 83 bytes to ecology
[dna] air wrote 176 bytes to ecology
[dna] air wrote 30 bytes to ecology
[debug-onto] tick=300 corpus=140276 stage=2 freeze=0
[dna] air wrote 92 bytes to ecology
[dna] air wrote 65 bytes to ecology
[dna] air wrote 87 bytes to ecology
[dna] air wrote 31 bytes to ecology
[dna] air wrote 38 bytes to ecology
[dna] air wrote 51 bytes to ecology
[dna] air wrote 45 bytes to ecology
[dna] air wrote 55 bytes to ecology
[dna] air wrote 268 bytes to ecology
[dna] air wrote 38 bytes to ecology
[dna] air wrote 32 bytes to ecology
[dna] air wrote 20 bytes to ecology
[dna] air wrote 83 bytes to ecology
[dna] air wrote 52 bytes to ecology
[dna] air wrote 238 bytes to ecology
[dna] air wrote 63 bytes to ecology
[dna] air wrote 170 bytes to ecology
[debug-onto] tick=350 corpus=140276 stage=2 freeze=0
[dna] air wrote 96 bytes to ecology
[dna] air wrote 88 bytes to ecology
[dna] air wrote 108 bytes to ecology
[dna] air wrote 101 bytes to ecology
[dna] air wrote 144 bytes to ecology
[dna] air wrote 99 bytes to ecology
[dna] air wrote 36 bytes to ecology
[dna] air wrote 95 bytes to ecology
[dna] air wrote 42 bytes to ecology
[dna] air wrote 172 bytes to ecology
[dna] air wrote 55 bytes to ecology
[dna] air wrote 27 bytes to ecology
[dna] air wrote 48 bytes to ecology
[dna] air wrote 91 bytes to ecology
[dna] air wrote 59 bytes to ecology
[dna] air wrote 110 bytes to ecology
[dna] air wrote 37 bytes to ecology
[debug-onto] tick=400 corpus=140276 stage=2 freeze=0
[dna] air wrote 55 bytes to ecology
[dna] air wrote 81 bytes to ecology
[dna] air wrote 30 bytes to ecology
[dna] air wrote 60 bytes to ecology
[dna] air wrote 47 bytes to ecology
[dna] air wrote 24 bytes to ecology
[dna] air wrote 100 bytes to ecology
[dna] air wrote 41 bytes to ecology
[dna] air wrote 207 bytes to ecology
[dna] air wrote 75 bytes to ecology
[dna] air wrote 68 bytes to ecology
[dna] air wrote 74 bytes to ecology
[dna] air wrote 25 bytes to ecology
[dna] air wrote 36 bytes to ecology
[dna] air wrote 121 bytes to ecology
[dna] air wrote 104 bytes to ecology
[debug-onto] tick=450 corpus=140276 stage=2 freeze=0
[dna] air wrote 153 bytes to ecology
[dna] air wrote 47 bytes to ecology
[dna] air wrote 75 bytes to ecology
[dna] air wrote 65 bytes to ecology
[dna] air wrote 40 bytes to ecology
[dna] air wrote 26 bytes to ecology
[dna] air wrote 116 bytes to ecology
[dna] air wrote 148 bytes to ecology
[dna] air wrote 30 bytes to ecology
[dna] air wrote 43 bytes to ecology
[dna] air wrote 147 bytes to ecology
[dna] air wrote 33 bytes to ecology
[dna] air wrote 58 bytes to ecology
[dna] air wrote 91 bytes to ecology
[dna] air wrote 215 bytes to ecology
[dna] air wrote 24 bytes to ecology
[dna] air wrote 196 bytes to ecology
[debug-onto] tick=500 corpus=140276 stage=2 freeze=0
[dna] air wrote 70 bytes to ecology
[dna] air wrote 65 bytes to ecology
[dna] air wrote 35 bytes to ecology
[dna] air wrote 69 bytes to ecology
[dna] air wrote 49 bytes to ecology
[dna] air wrote 31 bytes to ecology
[dna] air wrote 41 bytes to ecology
[dna] air wrote 44 bytes to ecology
[dna] air wrote 22 bytes to ecology
[dna] air wrote 63 bytes to ecology
[dna] air wrote 65 bytes to ecology
[dna] air wrote 11 bytes to ecology
[dna] air wrote 44 bytes to ecology
[dna] air wrote 74 bytes to ecology
[dna] air wrote 86 bytes to ecology
[dna] air wrote 26 bytes to ecology
[dna] air wrote 76 bytes to ecology
[debug-onto] tick=550 corpus=140276 stage=2 freeze=0
[dna] air wrote 47 bytes to ecology
[dna] air wrote 78 bytes to ecology
[dna] air wrote 191 bytes to ecology
[dna] air wrote 69 bytes to ecology
[dna] air wrote 22 bytes to ecology
[dna] air wrote 115 bytes to ecology
[dna] air wrote 32 bytes to ecology
[dna] air wrote 68 bytes to ecology
[dna] air wrote 87 bytes to ecology
[dna] air wrote 24 bytes to ecology
[dna] air wrote 43 bytes to ecology
[dna] air wrote 219 bytes to ecology
[dna] air wrote 65 bytes to ecology
[dna] air wrote 42 bytes to ecology
[dna] air wrote 50 bytes to ecology
[dna] air wrote 25 bytes to ecology
[debug-onto] tick=600 corpus=140276 stage=2 freeze=0
[dna] air wrote 112 bytes to ecology
[dna] air wrote 52 bytes to ecology
[dna] air wrote 90 bytes to ecology
[dna] air wrote 59 bytes to ecology
[dna] air wrote 68 bytes to ecology
[dna] air wrote 277 bytes to ecology
[dna] air wrote 37 bytes to ecology
[dna] air wrote 78 bytes to ecology
[dna] air wrote 285 bytes to ecology
[dna] air wrote 9 bytes to ecology
[dna] air wrote 54 bytes to ecology
[dna] air wrote 54 bytes to ecology
[dna] air wrote 103 bytes to ecology
[dna] air wrote 90 bytes to ecology
[dna] air wrote 52 bytes to ecology
[dna] air wrote 136 bytes to ecology
[dna] air wrote 47 bytes to ecology
[debug-onto] tick=650 corpus=140276 stage=2 freeze=0
[dna] air wrote 67 bytes to ecology
[dna] air wrote 76 bytes to ecology
[dna] air wrote 125 bytes to ecology
[dna] air wrote 135 bytes to ecology
[dna] air wrote 39 bytes to ecology
[dna] air wrote 47 bytes to ecology
[dna] air wrote 13 bytes to ecology
[dna] air wrote 46 bytes to ecology
[dna] air wrote 68 bytes to ecology
[dna] air wrote 44 bytes to ecology
[dna] air wrote 13 bytes to ecology
[dna] air wrote 50 bytes to ecology
[dna] air wrote 106 bytes to ecology
[dna] air wrote 58 bytes to ecology
[dna] air wrote 30 bytes to ecology
[dna] air wrote 33 bytes to ecology

[evolution] Organism shutting down gracefully.
