[ecology] Element: fire → corpus: nonames_fire.txt
[evolution] Autonomous evolution mode — organism will grow through all stages without pause.
[ecology] Joined swarm. 1 peer(s) detected.
molequla is alive. [evolution] Autonomous mode — background trainer running. Ctrl+C to stop.
[dna] fire wrote 66 bytes to ecology
[dna] fire consumed 14022 bytes from 214 files: [water/gen_1776494653_1.txt water/gen_1776494670_4.txt water/gen_1776494678_7.txt water/gen_1776494686_10.txt water/gen_1776494695_13.txt water/gen_1776494703_16.txt water/gen_1776494711_19.txt water/gen_1776494720_22.txt water/gen_1776494728_25.txt water/gen_1776494736_28.txt water/gen_1776494745_31.txt water/gen_1776494753_34.txt water/gen_1776494761_37.txt water/gen_1776494769_40.txt water/gen_1776494778_43.txt water/gen_1776494786_46.txt water/gen_1776494794_49.txt water/gen_1776494802_52.txt water/gen_1776494811_55.txt water/gen_1776494819_58.txt water/gen_1776494827_61.txt water/gen_1776494836_64.txt water/gen_1776494844_67.txt water/gen_1776494853_70.txt water/gen_1776494861_73.txt water/gen_1776494869_76.txt water/gen_1776494878_79.txt water/gen_1776494886_82.txt water/gen_1776494894_85.txt water/gen_1776494903_88.txt water/gen_1776494911_91.txt water/gen_1776494920_94.txt water/gen_1776494928_97.txt water/gen_1776494936_100.txt water/gen_1776494945_103.txt water/gen_1776494953_106.txt water/gen_1776494962_109.txt water/gen_1776494970_112.txt water/gen_1776494978_115.txt water/gen_1776494987_118.txt water/gen_1776494995_121.txt water/gen_1776495003_124.txt water/gen_1776495012_127.txt water/gen_1776495020_130.txt water/gen_1776495028_133.txt water/gen_1776495037_136.txt water/gen_1776495045_139.txt water/gen_1776495054_142.txt water/gen_1776495062_145.txt water/gen_1776495070_148.txt water/gen_1776495079_151.txt water/gen_1776495087_154.txt water/gen_1776495095_157.txt water/gen_1776495104_160.txt water/gen_1776495112_163.txt water/gen_1776495120_166.txt water/gen_1776495129_169.txt water/gen_1776495137_172.txt water/gen_1776495146_175.txt water/gen_1776495154_178.txt water/gen_1776495162_181.txt water/gen_1776495171_184.txt water/gen_1776495179_187.txt water/gen_1776495188_190.txt water/gen_1776495196_193.txt water/gen_1776495205_196.txt water/gen_1776495213_199.txt water/gen_1776495222_202.txt water/gen_1776495230_205.txt water/gen_1776495238_208.txt water/gen_1776495247_211.txt water/gen_1776495255_214.txt water/gen_1776495264_217.txt water/gen_1776495272_220.txt water/gen_1776495281_223.txt water/gen_1776495289_226.txt water/gen_1776495297_229.txt water/gen_1776495306_232.txt water/gen_1776495314_235.txt water/gen_1776495323_238.txt water/gen_1776495331_241.txt water/gen_1776495339_244.txt water/gen_1776495348_247.txt water/gen_1776495356_250.txt water/gen_1776495364_253.txt water/gen_1776495373_256.txt water/gen_1776495381_259.txt water/gen_1776495390_262.txt water/gen_1776495398_265.txt water/gen_1776495406_268.txt water/gen_1776495415_271.txt water/gen_1776495423_274.txt water/gen_1776495432_277.txt water/gen_1776495440_280.txt water/gen_1776495448_283.txt water/gen_1776495457_286.txt water/gen_1776495465_289.txt water/gen_1776495474_292.txt water/gen_1776495482_295.txt water/gen_1776495490_298.txt water/gen_1776495499_301.txt water/gen_1776495507_304.txt water/gen_1776495515_307.txt water/gen_1776495524_310.txt water/gen_1776495532_313.txt water/gen_1776495540_316.txt water/gen_1776495549_319.txt water/gen_1776495557_322.txt water/gen_1776495565_325.txt water/gen_1776495574_328.txt water/gen_1776495582_331.txt water/gen_1776495590_334.txt water/gen_1776495599_337.txt water/gen_1776495607_340.txt water/gen_1776495615_343.txt water/gen_1776495624_346.txt water/gen_1776495632_349.txt water/gen_1776495640_352.txt water/gen_1776495648_355.txt water/gen_1776495657_358.txt water/gen_1776495665_361.txt water/gen_1776495673_364.txt water/gen_1776495682_367.txt water/gen_1776495690_370.txt water/gen_1776495699_373.txt water/gen_1776495707_376.txt water/gen_1776495715_379.txt water/gen_1776495724_382.txt water/gen_1776495732_385.txt water/gen_1776495740_388.txt water/gen_1776495749_391.txt water/gen_1776495757_394.txt water/gen_1776495766_397.txt water/gen_1776495774_400.txt water/gen_1776495782_403.txt water/gen_1776495791_406.txt water/gen_1776495799_409.txt water/gen_1776495808_412.txt water/gen_1776495816_415.txt water/gen_1776495825_418.txt water/gen_1776495833_421.txt water/gen_1776495842_424.txt water/gen_1776495850_427.txt water/gen_1776495859_430.txt water/gen_1776495867_433.txt water/gen_1776495876_436.txt water/gen_1776495884_439.txt water/gen_1776495893_442.txt water/gen_1776495902_445.txt water/gen_1776495910_448.txt water/gen_1776495919_451.txt water/gen_1776495928_454.txt water/gen_1776495936_457.txt water/gen_1776495944_460.txt water/gen_1776495955_463.txt water/gen_1776495963_466.txt water/gen_1776495971_469.txt water/gen_1776495980_472.txt water/gen_1776495988_475.txt water/gen_1776495996_478.txt water/gen_1776496005_481.txt water/gen_1776496013_484.txt water/gen_1776496021_487.txt water/gen_1776496030_490.txt water/gen_1776496038_493.txt water/gen_1776496046_496.txt water/gen_1776496055_499.txt water/gen_1776496063_502.txt water/gen_1776496072_505.txt water/gen_1776496080_508.txt water/gen_1776496088_511.txt water/gen_1776496096_514.txt water/gen_1776496105_517.txt water/gen_1776496113_520.txt water/gen_1776496122_523.txt water/gen_1776496130_526.txt water/gen_1776496138_529.txt water/gen_1776496147_532.txt water/gen_1776496155_535.txt water/gen_1776496164_538.txt water/gen_1776496172_541.txt water/gen_1776496180_544.txt water/gen_1776496188_547.txt water/gen_1776496197_550.txt water/gen_1776496205_553.txt water/gen_1776496213_556.txt water/gen_1776496222_559.txt water/gen_1776496230_562.txt water/gen_1776496238_565.txt water/gen_1776496247_568.txt water/gen_1776496255_571.txt water/gen_1776496263_574.txt water/gen_1776496272_577.txt water/gen_1776496280_580.txt water/gen_1776496288_583.txt water/gen_1776496297_586.txt water/gen_1776496305_589.txt water/gen_1776496314_592.txt water/gen_1776496322_595.txt water/gen_1776496331_598.txt water/gen_1776496339_601.txt water/gen_1776496348_604.txt water/gen_1776496356_607.txt water/gen_1776496364_610.txt water/gen_1776496373_613.txt water/gen_1776496381_616.txt water/gen_1776496389_619.txt water/gen_1776496398_622.txt water/gen_1776496406_625.txt water/gen_1776496414_628.txt water/gen_1776496423_631.txt water/gen_1776496431_634.txt water/gen_1776496439_637.txt water/gen_1776496448_640.txt]
[trainer] micro-train burst (14022 bytes, novelty 0.05) — and lo, it feeds again.
[syntropy] action=explore | trend=0.0000 | field_dev=0.006 | purpose_align=-0.093 | lr_mul=1.30
[aml] burst complete: 32 steps, avg loss 1.9170 (memory freed)
[dna] fire wrote 14 bytes to ecology
[dna] fire wrote 9 bytes to ecology
[dna] fire wrote 43 bytes to ecology
[dna] fire wrote 54 bytes to ecology
[dna] fire wrote 179 bytes to ecology
[dna] fire wrote 31 bytes to ecology
[dna] fire wrote 50 bytes to ecology
[dna] fire wrote 37 bytes to ecology
[dna] fire wrote 100 bytes to ecology
[dna] fire wrote 45 bytes to ecology
[dna] fire wrote 67 bytes to ecology
[dna] fire wrote 128 bytes to ecology
[dna] fire wrote 26 bytes to ecology
[dna] fire wrote 65 bytes to ecology
[dna] fire wrote 75 bytes to ecology
[dna] fire wrote 26 bytes to ecology
[debug-onto] tick=50 corpus=136136 stage=2 freeze=0
[dna] fire wrote 35 bytes to ecology
[dna] fire wrote 29 bytes to ecology
[dna] fire wrote 48 bytes to ecology
[dna] fire wrote 103 bytes to ecology
[dna] fire wrote 53 bytes to ecology
[dna] fire wrote 85 bytes to ecology
[dna] fire wrote 63 bytes to ecology
[dna] fire wrote 65 bytes to ecology
[dna] fire wrote 50 bytes to ecology
[dna] fire wrote 12 bytes to ecology
[dna] fire wrote 73 bytes to ecology
[dna] fire wrote 19 bytes to ecology
[dna] fire wrote 34 bytes to ecology
[dna] fire wrote 45 bytes to ecology
[dna] fire wrote 32 bytes to ecology
[dna] fire wrote 32 bytes to ecology
[dna] fire wrote 28 bytes to ecology
[dna] fire wrote 140 bytes to ecology
[dna] fire wrote 98 bytes to ecology
[debug-onto] tick=100 corpus=136136 stage=2 freeze=0
[dna] fire wrote 46 bytes to ecology
[dna] fire wrote 76 bytes to ecology
[dna] fire wrote 25 bytes to ecology
[dna] fire wrote 40 bytes to ecology
[dna] fire wrote 35 bytes to ecology
[dna] fire wrote 55 bytes to ecology
[dna] fire wrote 9 bytes to ecology
[dna] fire wrote 120 bytes to ecology
[dna] fire wrote 26 bytes to ecology
[dna] fire wrote 76 bytes to ecology
[dna] fire wrote 156 bytes to ecology
[dna] fire wrote 27 bytes to ecology
[dna] fire wrote 19 bytes to ecology
[dna] fire wrote 22 bytes to ecology
[dna] fire wrote 85 bytes to ecology
[dna] fire wrote 101 bytes to ecology
[dna] fire wrote 125 bytes to ecology
[debug-onto] tick=150 corpus=136136 stage=2 freeze=0
[dna] fire wrote 28 bytes to ecology
[dna] fire wrote 25 bytes to ecology
[dna] fire wrote 9 bytes to ecology
[dna] fire wrote 27 bytes to ecology
[dna] fire wrote 60 bytes to ecology
[dna] fire wrote 43 bytes to ecology
[dna] fire wrote 29 bytes to ecology
[dna] fire wrote 9 bytes to ecology
[dna] fire wrote 37 bytes to ecology
[dna] fire wrote 69 bytes to ecology
[dna] fire wrote 49 bytes to ecology
[dna] fire wrote 42 bytes to ecology
[dna] fire wrote 42 bytes to ecology
[dna] fire wrote 108 bytes to ecology
[dna] fire wrote 33 bytes to ecology
[dna] fire wrote 12 bytes to ecology
[dna] fire wrote 62 bytes to ecology
[dna] fire wrote 8 bytes to ecology
[dna] fire wrote 135 bytes to ecology
[debug-onto] tick=200 corpus=136136 stage=2 freeze=0
[dna] fire wrote 132 bytes to ecology
[dna] fire wrote 58 bytes to ecology
[dna] fire wrote 87 bytes to ecology
[dna] fire wrote 42 bytes to ecology
[dna] fire wrote 76 bytes to ecology
[dna] fire wrote 61 bytes to ecology
[dna] fire wrote 43 bytes to ecology
[dna] fire wrote 30 bytes to ecology
[dna] fire wrote 36 bytes to ecology
[dna] fire wrote 14 bytes to ecology
[dna] fire wrote 71 bytes to ecology
[dna] fire wrote 76 bytes to ecology
[dna] fire wrote 79 bytes to ecology
[dna] fire wrote 9 bytes to ecology
[dna] fire wrote 69 bytes to ecology
[dna] fire wrote 28 bytes to ecology
[dna] fire wrote 48 bytes to ecology
[dna] fire wrote 89 bytes to ecology
[dna] fire wrote 15 bytes to ecology
[debug-onto] tick=250 corpus=136136 stage=2 freeze=0
[dna] fire wrote 30 bytes to ecology
[dna] fire wrote 60 bytes to ecology
[dna] fire wrote 153 bytes to ecology
[dna] fire wrote 49 bytes to ecology
[dna] fire wrote 44 bytes to ecology
[dna] fire wrote 20 bytes to ecology
[dna] fire wrote 29 bytes to ecology
[dna] fire wrote 87 bytes to ecology
[dna] fire wrote 97 bytes to ecology
[dna] fire wrote 47 bytes to ecology
[dna] fire wrote 43 bytes to ecology
[dna] fire wrote 56 bytes to ecology
[dna] fire wrote 10 bytes to ecology
[dna] fire wrote 45 bytes to ecology
[dna] fire wrote 26 bytes to ecology
[dna] fire wrote 50 bytes to ecology
[debug-onto] tick=300 corpus=136136 stage=2 freeze=0
[dna] fire wrote 57 bytes to ecology
[dna] fire wrote 33 bytes to ecology
[dna] fire wrote 33 bytes to ecology
[dna] fire wrote 102 bytes to ecology
[dna] fire wrote 24 bytes to ecology
[dna] fire wrote 53 bytes to ecology
[dna] fire wrote 75 bytes to ecology
[dna] fire wrote 90 bytes to ecology
[dna] fire wrote 8 bytes to ecology
[dna] fire wrote 133 bytes to ecology
[dna] fire wrote 35 bytes to ecology
[dna] fire wrote 17 bytes to ecology
[dna] fire wrote 66 bytes to ecology
[dna] fire wrote 18 bytes to ecology
[dna] fire wrote 155 bytes to ecology
[dna] fire wrote 41 bytes to ecology
[dna] fire wrote 35 bytes to ecology
[dna] fire wrote 49 bytes to ecology
[debug-onto] tick=350 corpus=136136 stage=2 freeze=0
[dna] fire wrote 101 bytes to ecology
[dna] fire wrote 122 bytes to ecology
[dna] fire wrote 37 bytes to ecology
[dna] fire wrote 172 bytes to ecology
[dna] fire wrote 74 bytes to ecology
[dna] fire wrote 43 bytes to ecology
[dna] fire wrote 20 bytes to ecology
[dna] fire wrote 9 bytes to ecology
[dna] fire wrote 27 bytes to ecology
[dna] fire wrote 41 bytes to ecology
[dna] fire wrote 36 bytes to ecology
[dna] fire wrote 62 bytes to ecology
[dna] fire wrote 11 bytes to ecology
[dna] fire wrote 32 bytes to ecology
[dna] fire wrote 87 bytes to ecology
[dna] fire wrote 135 bytes to ecology
[dna] fire wrote 13 bytes to ecology
[dna] fire wrote 42 bytes to ecology
[dna] fire wrote 40 bytes to ecology
[debug-onto] tick=400 corpus=136136 stage=2 freeze=0
[dna] fire wrote 24 bytes to ecology
[dna] fire wrote 114 bytes to ecology
[dna] fire wrote 56 bytes to ecology
[dna] fire wrote 27 bytes to ecology
[dna] fire wrote 95 bytes to ecology
[dna] fire wrote 63 bytes to ecology
[dna] fire wrote 59 bytes to ecology
[dna] fire wrote 54 bytes to ecology
[dna] fire wrote 31 bytes to ecology
[dna] fire wrote 99 bytes to ecology
[dna] fire wrote 48 bytes to ecology
[dna] fire wrote 8 bytes to ecology
[dna] fire wrote 15 bytes to ecology
[dna] fire wrote 42 bytes to ecology
[dna] fire wrote 16 bytes to ecology
[dna] fire wrote 28 bytes to ecology
[dna] fire wrote 89 bytes to ecology
[dna] fire wrote 77 bytes to ecology
[dna] fire wrote 23 bytes to ecology
[dna] fire wrote 73 bytes to ecology
[debug-onto] tick=450 corpus=136136 stage=2 freeze=0
[dna] fire wrote 176 bytes to ecology
[dna] fire wrote 30 bytes to ecology
[dna] fire wrote 73 bytes to ecology
[dna] fire wrote 48 bytes to ecology
[dna] fire wrote 17 bytes to ecology
[dna] fire wrote 34 bytes to ecology
[dna] fire wrote 100 bytes to ecology
[dna] fire wrote 117 bytes to ecology
[dna] fire wrote 111 bytes to ecology
[dna] fire wrote 16 bytes to ecology
[dna] fire wrote 39 bytes to ecology
[dna] fire wrote 18 bytes to ecology
[dna] fire wrote 31 bytes to ecology
[dna] fire wrote 94 bytes to ecology
[dna] fire wrote 66 bytes to ecology
[dna] fire wrote 119 bytes to ecology
[dna] fire wrote 127 bytes to ecology
[dna] fire wrote 36 bytes to ecology
[dna] fire wrote 36 bytes to ecology
[debug-onto] tick=500 corpus=136136 stage=2 freeze=0
[dna] fire wrote 48 bytes to ecology
[dna] fire wrote 31 bytes to ecology
[dna] fire wrote 11 bytes to ecology
[dna] fire wrote 12 bytes to ecology
[dna] fire wrote 53 bytes to ecology
[dna] fire wrote 105 bytes to ecology
[dna] fire wrote 70 bytes to ecology
[dna] fire wrote 60 bytes to ecology
[dna] fire wrote 31 bytes to ecology
[dna] fire wrote 63 bytes to ecology
[dna] fire wrote 68 bytes to ecology
[dna] fire wrote 54 bytes to ecology
[dna] fire wrote 28 bytes to ecology
[dna] fire wrote 81 bytes to ecology
[dna] fire wrote 102 bytes to ecology
[dna] fire wrote 61 bytes to ecology
[dna] fire wrote 25 bytes to ecology
[dna] fire wrote 85 bytes to ecology
[dna] fire wrote 26 bytes to ecology
[debug-onto] tick=550 corpus=136136 stage=2 freeze=0
[dna] fire wrote 23 bytes to ecology
[dna] fire wrote 33 bytes to ecology
[dna] fire wrote 70 bytes to ecology
[dna] fire wrote 159 bytes to ecology
[dna] fire wrote 12 bytes to ecology
[dna] fire wrote 77 bytes to ecology
[dna] fire wrote 35 bytes to ecology
[dna] fire wrote 62 bytes to ecology
[dna] fire wrote 29 bytes to ecology
[dna] fire wrote 100 bytes to ecology
[dna] fire wrote 44 bytes to ecology
[dna] fire wrote 127 bytes to ecology
[dna] fire wrote 15 bytes to ecology
[dna] fire wrote 7 bytes to ecology
[dna] fire wrote 55 bytes to ecology
[dna] fire wrote 55 bytes to ecology
[dna] fire wrote 64 bytes to ecology
[debug-onto] tick=600 corpus=136136 stage=2 freeze=0
[dna] fire wrote 43 bytes to ecology
[dna] fire wrote 63 bytes to ecology
[dna] fire wrote 40 bytes to ecology
[dna] fire wrote 136 bytes to ecology
[dna] fire wrote 27 bytes to ecology
[dna] fire wrote 51 bytes to ecology
[dna] fire wrote 44 bytes to ecology
[dna] fire wrote 91 bytes to ecology
[dna] fire wrote 78 bytes to ecology
[dna] fire wrote 87 bytes to ecology
[dna] fire wrote 84 bytes to ecology
[dna] fire wrote 16 bytes to ecology
[dna] fire wrote 18 bytes to ecology
[dna] fire wrote 49 bytes to ecology
[dna] fire wrote 134 bytes to ecology
[dna] fire wrote 58 bytes to ecology
[dna] fire wrote 113 bytes to ecology
[dna] fire wrote 42 bytes to ecology
[dna] fire wrote 137 bytes to ecology
[debug-onto] tick=650 corpus=136136 stage=2 freeze=0
[dna] fire wrote 61 bytes to ecology
[dna] fire wrote 106 bytes to ecology
[dna] fire wrote 44 bytes to ecology
[dna] fire wrote 31 bytes to ecology
[dna] fire wrote 24 bytes to ecology
[dna] fire wrote 26 bytes to ecology
[dna] fire wrote 62 bytes to ecology
[dna] fire wrote 45 bytes to ecology
[dna] fire wrote 57 bytes to ecology
[dna] fire wrote 22 bytes to ecology
[dna] fire wrote 69 bytes to ecology
[dna] fire wrote 122 bytes to ecology
[dna] fire wrote 89 bytes to ecology
[dna] fire wrote 84 bytes to ecology
[dna] fire wrote 105 bytes to ecology
[dna] fire wrote 59 bytes to ecology
[dna] fire wrote 80 bytes to ecology
[dna] fire wrote 41 bytes to ecology

[evolution] Organism shutting down gracefully.
