[ecology] Element: fire → corpus: nonames_fire.txt
[evolution] Autonomous evolution mode — organism will grow through all stages without pause.
[ecology] Joined swarm. 1 peer(s) detected.
molequla is alive. [evolution] Autonomous mode — background trainer running. Ctrl+C to stop.
[dna] fire wrote 43 bytes to ecology
[dna] fire consumed 25668 bytes from 435 files: [water/gen_1776409658_1.txt water/gen_1776409668_2.txt water/gen_1776409671_3.txt water/gen_1776409673_4.txt water/gen_1776409681_7.txt water/gen_1776409684_8.txt water/gen_1776409687_9.txt water/gen_1776409689_10.txt water/gen_1776409698_13.txt water/gen_1776409700_14.txt water/gen_1776409703_15.txt water/gen_1776409706_16.txt water/gen_1776409714_19.txt water/gen_1776409716_20.txt water/gen_1776409719_21.txt water/gen_1776409722_22.txt water/gen_1776409730_25.txt water/gen_1776409733_26.txt water/gen_1776409735_27.txt water/gen_1776409738_28.txt water/gen_1776409746_31.txt water/gen_1776409749_32.txt water/gen_1776409752_33.txt water/gen_1776409754_34.txt water/gen_1776409763_37.txt water/gen_1776409765_38.txt water/gen_1776409768_39.txt water/gen_1776409771_40.txt water/gen_1776409779_43.txt water/gen_1776409782_44.txt water/gen_1776409784_45.txt water/gen_1776409787_46.txt water/gen_1776409795_49.txt water/gen_1776409798_50.txt water/gen_1776409801_51.txt water/gen_1776409804_52.txt water/gen_1776409812_55.txt water/gen_1776409815_56.txt water/gen_1776409818_57.txt water/gen_1776409820_58.txt water/gen_1776409829_61.txt water/gen_1776409831_62.txt water/gen_1776409834_63.txt water/gen_1776409837_64.txt water/gen_1776409845_67.txt water/gen_1776409848_68.txt water/gen_1776409851_69.txt water/gen_1776409853_70.txt water/gen_1776409862_73.txt water/gen_1776409865_74.txt water/gen_1776409867_75.txt water/gen_1776409870_76.txt water/gen_1776409878_79.txt water/gen_1776409881_80.txt water/gen_1776409884_81.txt water/gen_1776409886_82.txt water/gen_1776409895_85.txt water/gen_1776409898_86.txt water/gen_1776409900_87.txt water/gen_1776409903_88.txt water/gen_1776409911_91.txt water/gen_1776409914_92.txt water/gen_1776409917_93.txt water/gen_1776409920_94.txt water/gen_1776409928_97.txt water/gen_1776409931_98.txt water/gen_1776409933_99.txt water/gen_1776409936_100.txt water/gen_1776409944_103.txt water/gen_1776409947_104.txt water/gen_1776409950_105.txt water/gen_1776409952_106.txt water/gen_1776409961_109.txt water/gen_1776409963_110.txt water/gen_1776409966_111.txt water/gen_1776409969_112.txt water/gen_1776409977_115.txt water/gen_1776409980_116.txt water/gen_1776409983_117.txt water/gen_1776409985_118.txt water/gen_1776409993_121.txt water/gen_1776409996_122.txt water/gen_1776409999_123.txt water/gen_1776410002_124.txt water/gen_1776410010_127.txt water/gen_1776410013_128.txt water/gen_1776410015_129.txt water/gen_1776410018_130.txt water/gen_1776410026_133.txt water/gen_1776410029_134.txt water/gen_1776410032_135.txt water/gen_1776410034_136.txt water/gen_1776410043_139.txt water/gen_1776410045_140.txt water/gen_1776410048_141.txt water/gen_1776410051_142.txt water/gen_1776410059_145.txt water/gen_1776410062_146.txt water/gen_1776410064_147.txt water/gen_1776410067_148.txt water/gen_1776410075_151.txt water/gen_1776410078_152.txt water/gen_1776410081_153.txt water/gen_1776410083_154.txt water/gen_1776410092_157.txt water/gen_1776410094_158.txt water/gen_1776410097_159.txt water/gen_1776410100_160.txt water/gen_1776410108_163.txt water/gen_1776410111_164.txt water/gen_1776410114_165.txt water/gen_1776410116_166.txt water/gen_1776410125_169.txt water/gen_1776410127_170.txt water/gen_1776410130_171.txt water/gen_1776410133_172.txt water/gen_1776410141_175.txt water/gen_1776410144_176.txt water/gen_1776410146_177.txt water/gen_1776410149_178.txt water/gen_1776410157_181.txt water/gen_1776410160_182.txt water/gen_1776410163_183.txt water/gen_1776410166_184.txt water/gen_1776410174_187.txt water/gen_1776410177_188.txt water/gen_1776410180_189.txt water/gen_1776410182_190.txt water/gen_1776410191_193.txt water/gen_1776410193_194.txt water/gen_1776410196_195.txt water/gen_1776410199_196.txt water/gen_1776410207_199.txt water/gen_1776410210_200.txt water/gen_1776410213_201.txt water/gen_1776410216_202.txt water/gen_1776410224_205.txt water/gen_1776410226_206.txt water/gen_1776410229_207.txt water/gen_1776410232_208.txt water/gen_1776410240_211.txt water/gen_1776410243_212.txt water/gen_1776410246_213.txt water/gen_1776410249_214.txt water/gen_1776410257_217.txt water/gen_1776410260_218.txt water/gen_1776410263_219.txt water/gen_1776410265_220.txt water/gen_1776410274_223.txt water/gen_1776410277_224.txt water/gen_1776410279_225.txt water/gen_1776410282_226.txt water/gen_1776410290_229.txt water/gen_1776410293_230.txt water/gen_1776410296_231.txt water/gen_1776410299_232.txt water/gen_1776410307_235.txt water/gen_1776410310_236.txt water/gen_1776410313_237.txt water/gen_1776410315_238.txt water/gen_1776410324_241.txt water/gen_1776410326_242.txt water/gen_1776410329_243.txt water/gen_1776410332_244.txt water/gen_1776410340_247.txt water/gen_1776410343_248.txt water/gen_1776410346_249.txt water/gen_1776410348_250.txt water/gen_1776410357_253.txt water/gen_1776410360_254.txt water/gen_1776410362_255.txt water/gen_1776410365_256.txt water/gen_1776410373_259.txt water/gen_1776410376_260.txt water/gen_1776410379_261.txt water/gen_1776410382_262.txt water/gen_1776410390_265.txt water/gen_1776410393_266.txt water/gen_1776410395_267.txt water/gen_1776410398_268.txt water/gen_1776410407_271.txt water/gen_1776410409_272.txt water/gen_1776410412_273.txt water/gen_1776410415_274.txt water/gen_1776410423_277.txt water/gen_1776410426_278.txt water/gen_1776410429_279.txt water/gen_1776410431_280.txt water/gen_1776410439_283.txt water/gen_1776410442_284.txt water/gen_1776410445_285.txt water/gen_1776410448_286.txt water/gen_1776410456_289.txt water/gen_1776410459_290.txt water/gen_1776410462_291.txt water/gen_1776410464_292.txt water/gen_1776410473_295.txt water/gen_1776410475_296.txt water/gen_1776410478_297.txt water/gen_1776410481_298.txt water/gen_1776410489_301.txt water/gen_1776410492_302.txt water/gen_1776410495_303.txt water/gen_1776410498_304.txt water/gen_1776410506_307.txt water/gen_1776410509_308.txt water/gen_1776410511_309.txt water/gen_1776410514_310.txt water/gen_1776410522_313.txt water/gen_1776410525_314.txt water/gen_1776410528_315.txt water/gen_1776410531_316.txt water/gen_1776410539_319.txt water/gen_1776410542_320.txt water/gen_1776410544_321.txt water/gen_1776410547_322.txt water/gen_1776410556_325.txt water/gen_1776410558_326.txt water/gen_1776410561_327.txt water/gen_1776410564_328.txt water/gen_1776410572_331.txt water/gen_1776410575_332.txt water/gen_1776410578_333.txt water/gen_1776410580_334.txt water/gen_1776410589_337.txt water/gen_1776410592_338.txt water/gen_1776410594_339.txt water/gen_1776410597_340.txt water/gen_1776410605_343.txt water/gen_1776410608_344.txt water/gen_1776410611_345.txt water/gen_1776410613_346.txt water/gen_1776410622_349.txt water/gen_1776410625_350.txt water/gen_1776410627_351.txt water/gen_1776410630_352.txt water/gen_1776410638_355.txt water/gen_1776410641_356.txt water/gen_1776410644_357.txt water/gen_1776410647_358.txt water/gen_1776410655_361.txt water/gen_1776410657_362.txt water/gen_1776410660_363.txt water/gen_1776410663_364.txt water/gen_1776410671_367.txt water/gen_1776410674_368.txt water/gen_1776410677_369.txt water/gen_1776410679_370.txt water/gen_1776410688_373.txt water/gen_1776410690_374.txt water/gen_1776410693_375.txt water/gen_1776410696_376.txt water/gen_1776410704_379.txt water/gen_1776410707_380.txt water/gen_1776410710_381.txt water/gen_1776410713_382.txt water/gen_1776410721_385.txt water/gen_1776410724_386.txt water/gen_1776410727_387.txt water/gen_1776410729_388.txt water/gen_1776410738_391.txt water/gen_1776410740_392.txt water/gen_1776410743_393.txt water/gen_1776410746_394.txt water/gen_1776410754_397.txt water/gen_1776410757_398.txt water/gen_1776410760_399.txt water/gen_1776410763_400.txt water/gen_1776410771_403.txt water/gen_1776410774_404.txt water/gen_1776410776_405.txt water/gen_1776410779_406.txt water/gen_1776410787_409.txt water/gen_1776410790_410.txt water/gen_1776410793_411.txt water/gen_1776410796_412.txt water/gen_1776410804_415.txt water/gen_1776410807_416.txt water/gen_1776410809_417.txt water/gen_1776410812_418.txt water/gen_1776410821_421.txt water/gen_1776410823_422.txt water/gen_1776410826_423.txt water/gen_1776410829_424.txt water/gen_1776410837_427.txt water/gen_1776410840_428.txt water/gen_1776410843_429.txt water/gen_1776410845_430.txt water/gen_1776410854_433.txt water/gen_1776410856_434.txt water/gen_1776410859_435.txt water/gen_1776410862_436.txt water/gen_1776410870_439.txt water/gen_1776410873_440.txt water/gen_1776410875_441.txt water/gen_1776410878_442.txt water/gen_1776410886_445.txt water/gen_1776410889_446.txt water/gen_1776410892_447.txt water/gen_1776410895_448.txt water/gen_1776410903_451.txt water/gen_1776410906_452.txt water/gen_1776410908_453.txt water/gen_1776410911_454.txt water/gen_1776410919_457.txt water/gen_1776410922_458.txt water/gen_1776410925_459.txt water/gen_1776410927_460.txt water/gen_1776410936_463.txt water/gen_1776410938_464.txt water/gen_1776410941_465.txt water/gen_1776410944_466.txt water/gen_1776410952_469.txt water/gen_1776410955_470.txt water/gen_1776410958_471.txt water/gen_1776410960_472.txt water/gen_1776410969_475.txt water/gen_1776410971_476.txt water/gen_1776410974_477.txt water/gen_1776410977_478.txt water/gen_1776410985_481.txt water/gen_1776410988_482.txt water/gen_1776410990_483.txt water/gen_1776410993_484.txt water/gen_1776411001_487.txt water/gen_1776411004_488.txt water/gen_1776411007_489.txt water/gen_1776411010_490.txt water/gen_1776411018_493.txt water/gen_1776411021_494.txt water/gen_1776411023_495.txt water/gen_1776411026_496.txt water/gen_1776411034_499.txt water/gen_1776411037_500.txt water/gen_1776411040_501.txt water/gen_1776411042_502.txt water/gen_1776411051_505.txt water/gen_1776411053_506.txt water/gen_1776411056_507.txt water/gen_1776411059_508.txt water/gen_1776411067_511.txt water/gen_1776411070_512.txt water/gen_1776411072_513.txt water/gen_1776411075_514.txt water/gen_1776411083_517.txt water/gen_1776411086_518.txt water/gen_1776411089_519.txt water/gen_1776411092_520.txt water/gen_1776411100_523.txt water/gen_1776411103_524.txt water/gen_1776411105_525.txt water/gen_1776411108_526.txt water/gen_1776411116_529.txt water/gen_1776411119_530.txt water/gen_1776411122_531.txt water/gen_1776411125_532.txt water/gen_1776411133_535.txt water/gen_1776411135_536.txt water/gen_1776411138_537.txt water/gen_1776411141_538.txt water/gen_1776411149_541.txt water/gen_1776411152_542.txt water/gen_1776411155_543.txt water/gen_1776411157_544.txt water/gen_1776411166_547.txt water/gen_1776411168_548.txt water/gen_1776411171_549.txt water/gen_1776411174_550.txt water/gen_1776411182_553.txt water/gen_1776411185_554.txt water/gen_1776411187_555.txt water/gen_1776411190_556.txt water/gen_1776411198_559.txt water/gen_1776411201_560.txt water/gen_1776411204_561.txt water/gen_1776411207_562.txt water/gen_1776411215_565.txt water/gen_1776411218_566.txt water/gen_1776411220_567.txt water/gen_1776411223_568.txt water/gen_1776411232_571.txt water/gen_1776411234_572.txt water/gen_1776411237_573.txt water/gen_1776411240_574.txt water/gen_1776411248_577.txt water/gen_1776411251_578.txt water/gen_1776411253_579.txt water/gen_1776411256_580.txt water/gen_1776411265_583.txt water/gen_1776411267_584.txt water/gen_1776411270_585.txt water/gen_1776411273_586.txt water/gen_1776411281_589.txt water/gen_1776411284_590.txt water/gen_1776411286_591.txt water/gen_1776411289_592.txt water/gen_1776411298_595.txt water/gen_1776411300_596.txt water/gen_1776411303_597.txt water/gen_1776411306_598.txt water/gen_1776411314_601.txt water/gen_1776411317_602.txt water/gen_1776411319_603.txt water/gen_1776411322_604.txt water/gen_1776411330_607.txt water/gen_1776411333_608.txt water/gen_1776411336_609.txt water/gen_1776411339_610.txt water/gen_1776411347_613.txt water/gen_1776411350_614.txt water/gen_1776411352_615.txt water/gen_1776411355_616.txt water/gen_1776411363_619.txt water/gen_1776411366_620.txt water/gen_1776411369_621.txt water/gen_1776411371_622.txt water/gen_1776411380_625.txt water/gen_1776411382_626.txt water/gen_1776411385_627.txt water/gen_1776411388_628.txt water/gen_1776411396_631.txt water/gen_1776411399_632.txt water/gen_1776411402_633.txt water/gen_1776411404_634.txt water/gen_1776411412_637.txt water/gen_1776411415_638.txt water/gen_1776411418_639.txt water/gen_1776411421_640.txt water/gen_1776411429_643.txt water/gen_1776411432_644.txt water/gen_1776411434_645.txt water/gen_1776411437_646.txt water/gen_1776411445_649.txt water/gen_1776411448_650.txt water/gen_1776411451_651.txt]
[trainer] micro-train burst (25668 bytes, novelty 0.02) — and lo, it feeds again.
[syntropy] action=explore | trend=0.0000 | field_dev=0.042 | purpose_align=0.122 | lr_mul=1.30
[aml] burst complete: 32 steps, avg loss 1.6880 (memory freed)
[dna] fire wrote 67 bytes to ecology
[dna] fire wrote 43 bytes to ecology
[dna] fire wrote 45 bytes to ecology
[dna] fire wrote 26 bytes to ecology
[dna] fire wrote 35 bytes to ecology
[dna] fire wrote 63 bytes to ecology
[dna] fire wrote 32 bytes to ecology
[dna] fire wrote 42 bytes to ecology
[dna] fire wrote 17 bytes to ecology
[dna] fire wrote 53 bytes to ecology
[dna] fire wrote 15 bytes to ecology
[dna] fire wrote 22 bytes to ecology
[dna] fire wrote 76 bytes to ecology
[dna] fire wrote 34 bytes to ecology
[dna] fire wrote 79 bytes to ecology
[dna] fire wrote 77 bytes to ecology
[dna] fire wrote 66 bytes to ecology
[dna] fire wrote 97 bytes to ecology
[dna] fire wrote 48 bytes to ecology
[dna] fire wrote 29 bytes to ecology
[dna] fire wrote 29 bytes to ecology
[dna] fire wrote 19 bytes to ecology
[debug-onto] tick=50 corpus=148003 stage=2 freeze=0
[dna] fire wrote 122 bytes to ecology
[dna] fire wrote 27 bytes to ecology
[dna] fire wrote 33 bytes to ecology
[dna] fire wrote 93 bytes to ecology
[dna] fire wrote 71 bytes to ecology
[dna] fire wrote 115 bytes to ecology
[dna] fire wrote 13 bytes to ecology
[dna] fire wrote 61 bytes to ecology
[dna] fire wrote 15 bytes to ecology
[dna] fire wrote 106 bytes to ecology
[dna] fire wrote 29 bytes to ecology
[dna] fire wrote 10 bytes to ecology
[dna] fire wrote 36 bytes to ecology
[dna] fire wrote 87 bytes to ecology
[dna] fire wrote 44 bytes to ecology
[dna] fire wrote 9 bytes to ecology
[dna] fire wrote 43 bytes to ecology
[dna] fire wrote 198 bytes to ecology
[dna] fire wrote 12 bytes to ecology
[dna] fire wrote 86 bytes to ecology
[dna] fire wrote 113 bytes to ecology
[dna] fire wrote 117 bytes to ecology
[debug-onto] tick=100 corpus=148003 stage=2 freeze=0
[dna] fire wrote 39 bytes to ecology
[dna] fire wrote 21 bytes to ecology
[dna] fire wrote 23 bytes to ecology
[dna] fire wrote 24 bytes to ecology
[dna] fire wrote 17 bytes to ecology
[dna] fire wrote 33 bytes to ecology
[dna] fire wrote 77 bytes to ecology
[dna] fire wrote 43 bytes to ecology
[dna] fire wrote 111 bytes to ecology
[dna] fire wrote 150 bytes to ecology
[dna] fire wrote 135 bytes to ecology
[dna] fire wrote 47 bytes to ecology
[dna] fire wrote 177 bytes to ecology
[dna] fire wrote 47 bytes to ecology
[dna] fire wrote 99 bytes to ecology
[dna] fire wrote 37 bytes to ecology
[dna] fire wrote 40 bytes to ecology
[dna] fire wrote 49 bytes to ecology
[debug-onto] tick=150 corpus=148003 stage=2 freeze=0
[dna] fire wrote 7 bytes to ecology
[dna] fire wrote 73 bytes to ecology
[dna] fire wrote 75 bytes to ecology
[dna] fire wrote 43 bytes to ecology
[dna] fire wrote 52 bytes to ecology
[dna] fire wrote 57 bytes to ecology
[dna] fire wrote 30 bytes to ecology
[dna] fire wrote 82 bytes to ecology
[dna] fire wrote 26 bytes to ecology
[dna] fire wrote 51 bytes to ecology
[dna] fire wrote 82 bytes to ecology
[dna] fire wrote 100 bytes to ecology
[dna] fire wrote 16 bytes to ecology
[dna] fire wrote 127 bytes to ecology
[dna] fire wrote 34 bytes to ecology
[dna] fire wrote 45 bytes to ecology
[dna] fire wrote 66 bytes to ecology
[dna] fire wrote 18 bytes to ecology
[dna] fire wrote 157 bytes to ecology
[dna] fire wrote 30 bytes to ecology
[dna] fire wrote 67 bytes to ecology
[debug-onto] tick=200 corpus=148003 stage=2 freeze=0
[dna] fire wrote 83 bytes to ecology
[dna] fire wrote 57 bytes to ecology
[dna] fire wrote 71 bytes to ecology
[dna] fire wrote 26 bytes to ecology
[dna] fire wrote 26 bytes to ecology
[dna] fire wrote 119 bytes to ecology
[dna] fire wrote 54 bytes to ecology
[dna] fire wrote 42 bytes to ecology
[dna] fire wrote 29 bytes to ecology
[dna] fire wrote 14 bytes to ecology
[dna] fire wrote 84 bytes to ecology
[dna] fire wrote 11 bytes to ecology
[dna] fire wrote 114 bytes to ecology
[dna] fire wrote 54 bytes to ecology
[dna] fire wrote 22 bytes to ecology
[dna] fire wrote 99 bytes to ecology
[dna] fire wrote 31 bytes to ecology
[dna] fire wrote 20 bytes to ecology
[dna] fire wrote 53 bytes to ecology
[dna] fire wrote 10 bytes to ecology
[debug-onto] tick=250 corpus=148003 stage=2 freeze=0
[dna] fire wrote 35 bytes to ecology
[dna] fire wrote 164 bytes to ecology
[dna] fire wrote 144 bytes to ecology
[dna] fire wrote 30 bytes to ecology
[dna] fire wrote 44 bytes to ecology
[dna] fire wrote 75 bytes to ecology
[dna] fire wrote 130 bytes to ecology
[dna] fire wrote 32 bytes to ecology
[dna] fire wrote 115 bytes to ecology
[dna] fire wrote 33 bytes to ecology
[dna] fire wrote 40 bytes to ecology
[dna] fire wrote 48 bytes to ecology
[dna] fire wrote 54 bytes to ecology
[dna] fire wrote 102 bytes to ecology
[dna] fire wrote 43 bytes to ecology
[dna] fire wrote 29 bytes to ecology
[dna] fire wrote 22 bytes to ecology
[debug-onto] tick=300 corpus=148003 stage=2 freeze=0
[dna] fire wrote 150 bytes to ecology
[dna] fire wrote 26 bytes to ecology
[dna] fire wrote 26 bytes to ecology
[dna] fire wrote 128 bytes to ecology
[dna] fire wrote 87 bytes to ecology
[dna] fire wrote 36 bytes to ecology
[dna] fire wrote 130 bytes to ecology
[dna] fire wrote 117 bytes to ecology
[dna] fire wrote 64 bytes to ecology
[dna] fire wrote 30 bytes to ecology
[dna] fire wrote 27 bytes to ecology
[dna] fire wrote 52 bytes to ecology
[dna] fire wrote 35 bytes to ecology
[dna] fire wrote 36 bytes to ecology
[dna] fire wrote 96 bytes to ecology
[dna] fire wrote 40 bytes to ecology
[dna] fire wrote 28 bytes to ecology
[dna] fire wrote 17 bytes to ecology
[dna] fire wrote 48 bytes to ecology
[dna] fire wrote 32 bytes to ecology
[dna] fire wrote 91 bytes to ecology
[dna] fire wrote 233 bytes to ecology
[debug-onto] tick=350 corpus=148003 stage=2 freeze=0
[dna] fire wrote 41 bytes to ecology
[dna] fire wrote 28 bytes to ecology
[dna] fire wrote 23 bytes to ecology
[dna] fire wrote 21 bytes to ecology
[dna] fire wrote 14 bytes to ecology
[dna] fire wrote 240 bytes to ecology
[dna] fire wrote 30 bytes to ecology
[dna] fire wrote 28 bytes to ecology
[dna] fire wrote 84 bytes to ecology
[dna] fire wrote 65 bytes to ecology
[dna] fire wrote 44 bytes to ecology
[dna] fire wrote 19 bytes to ecology
[dna] fire wrote 19 bytes to ecology
[dna] fire wrote 32 bytes to ecology
[dna] fire wrote 15 bytes to ecology
[debug-onto] tick=400 corpus=148003 stage=2 freeze=0
[dna] fire wrote 162 bytes to ecology
[dna] fire wrote 75 bytes to ecology
[dna] fire wrote 50 bytes to ecology
[dna] fire wrote 87 bytes to ecology
[dna] fire wrote 72 bytes to ecology
[dna] fire wrote 24 bytes to ecology
[dna] fire wrote 19 bytes to ecology
[dna] fire wrote 39 bytes to ecology
[dna] fire wrote 27 bytes to ecology
[dna] fire wrote 14 bytes to ecology
[dna] fire wrote 56 bytes to ecology
[dna] fire wrote 35 bytes to ecology
[dna] fire wrote 60 bytes to ecology
[dna] fire wrote 54 bytes to ecology
[dna] fire wrote 89 bytes to ecology
[dna] fire wrote 74 bytes to ecology
[dna] fire wrote 33 bytes to ecology
[dna] fire wrote 8 bytes to ecology
[debug-onto] tick=450 corpus=148003 stage=2 freeze=0
[dna] fire wrote 17 bytes to ecology
[dna] fire wrote 46 bytes to ecology
[dna] fire wrote 31 bytes to ecology
[dna] fire wrote 5 bytes to ecology
[dna] fire wrote 111 bytes to ecology
[dna] fire wrote 14 bytes to ecology
[dna] fire wrote 23 bytes to ecology
[dna] fire wrote 25 bytes to ecology
[dna] fire wrote 24 bytes to ecology
[dna] fire wrote 57 bytes to ecology
[dna] fire wrote 50 bytes to ecology
[dna] fire wrote 11 bytes to ecology
[dna] fire wrote 53 bytes to ecology
[dna] fire wrote 44 bytes to ecology
[dna] fire wrote 74 bytes to ecology
[dna] fire wrote 36 bytes to ecology
[dna] fire wrote 63 bytes to ecology
[dna] fire wrote 61 bytes to ecology
[debug-onto] tick=500 corpus=148003 stage=2 freeze=0
[dna] fire wrote 83 bytes to ecology
[dna] fire wrote 30 bytes to ecology
[dna] fire wrote 58 bytes to ecology
[dna] fire wrote 43 bytes to ecology
[dna] fire wrote 34 bytes to ecology
[dna] fire wrote 106 bytes to ecology
[dna] fire wrote 11 bytes to ecology
[dna] fire wrote 33 bytes to ecology
[dna] fire wrote 93 bytes to ecology
[dna] fire wrote 39 bytes to ecology
[dna] fire wrote 13 bytes to ecology
[dna] fire wrote 104 bytes to ecology
[dna] fire wrote 47 bytes to ecology
[dna] fire wrote 22 bytes to ecology
[dna] fire wrote 32 bytes to ecology
[debug-onto] tick=550 corpus=148003 stage=2 freeze=0
[dna] fire wrote 114 bytes to ecology
[dna] fire wrote 75 bytes to ecology
[dna] fire wrote 103 bytes to ecology
[dna] fire wrote 69 bytes to ecology
[dna] fire wrote 100 bytes to ecology
[dna] fire wrote 24 bytes to ecology
[dna] fire wrote 36 bytes to ecology
[dna] fire wrote 142 bytes to ecology
[dna] fire wrote 31 bytes to ecology
[dna] fire wrote 41 bytes to ecology
[dna] fire wrote 80 bytes to ecology
[dna] fire wrote 28 bytes to ecology
[dna] fire wrote 40 bytes to ecology
[dna] fire wrote 85 bytes to ecology
[dna] fire wrote 39 bytes to ecology
[dna] fire wrote 26 bytes to ecology
[dna] fire wrote 41 bytes to ecology
[dna] fire wrote 20 bytes to ecology
[dna] fire wrote 49 bytes to ecology
[dna] fire wrote 27 bytes to ecology
[debug-onto] tick=600 corpus=148003 stage=2 freeze=0
[dna] fire wrote 53 bytes to ecology
[dna] fire wrote 39 bytes to ecology
[dna] fire wrote 65 bytes to ecology
[dna] fire wrote 163 bytes to ecology
[dna] fire wrote 35 bytes to ecology
[dna] fire wrote 80 bytes to ecology
[dna] fire wrote 40 bytes to ecology
[dna] fire wrote 70 bytes to ecology
[dna] fire wrote 48 bytes to ecology
[dna] fire wrote 43 bytes to ecology
[dna] fire wrote 40 bytes to ecology
[dna] fire wrote 32 bytes to ecology
[dna] fire wrote 19 bytes to ecology
[dna] fire wrote 47 bytes to ecology
[dna] fire wrote 231 bytes to ecology
[dna] fire wrote 92 bytes to ecology

[evolution] Organism shutting down gracefully.
