[ecology] Element: water → corpus: nonames_water.txt
[evolution] Autonomous evolution mode — organism will grow through all stages without pause.
[ecology] Joined swarm. 1 peer(s) detected.
molequla is alive. [evolution] Autonomous mode — background trainer running. Ctrl+C to stop.
[dna] water wrote 57 bytes to ecology
[dna] water consumed 15396 bytes from 203 files: [air/gen_1776407857_1.txt air/gen_1776407876_4.txt air/gen_1776407885_7.txt air/gen_1776407894_10.txt air/gen_1776407903_13.txt air/gen_1776407912_16.txt air/gen_1776407920_19.txt air/gen_1776407929_22.txt air/gen_1776407938_25.txt air/gen_1776407947_28.txt air/gen_1776407956_31.txt air/gen_1776407964_34.txt air/gen_1776407973_37.txt air/gen_1776407982_40.txt air/gen_1776407991_43.txt air/gen_1776407999_46.txt air/gen_1776408008_49.txt air/gen_1776408017_52.txt air/gen_1776408026_55.txt air/gen_1776408034_58.txt air/gen_1776408043_61.txt air/gen_1776408052_64.txt air/gen_1776408061_67.txt air/gen_1776408069_70.txt air/gen_1776408078_73.txt air/gen_1776408087_76.txt air/gen_1776408096_79.txt air/gen_1776408105_82.txt air/gen_1776408113_85.txt air/gen_1776408122_88.txt air/gen_1776408131_91.txt air/gen_1776408140_94.txt air/gen_1776408149_97.txt air/gen_1776408157_100.txt air/gen_1776408166_103.txt air/gen_1776408175_106.txt air/gen_1776408184_109.txt air/gen_1776408193_112.txt air/gen_1776408201_115.txt air/gen_1776408210_118.txt air/gen_1776408219_121.txt air/gen_1776408227_124.txt air/gen_1776408236_127.txt air/gen_1776408245_130.txt air/gen_1776408254_133.txt air/gen_1776408263_136.txt air/gen_1776408271_139.txt air/gen_1776408280_142.txt air/gen_1776408289_145.txt air/gen_1776408298_148.txt air/gen_1776408307_151.txt air/gen_1776408316_154.txt air/gen_1776408324_157.txt air/gen_1776408333_160.txt air/gen_1776408342_163.txt air/gen_1776408351_166.txt air/gen_1776408360_169.txt air/gen_1776408369_172.txt air/gen_1776408377_175.txt air/gen_1776408386_178.txt air/gen_1776408395_181.txt air/gen_1776408404_184.txt air/gen_1776408413_187.txt air/gen_1776408422_190.txt air/gen_1776408430_193.txt air/gen_1776408439_196.txt air/gen_1776408448_199.txt air/gen_1776408457_202.txt air/gen_1776408466_205.txt air/gen_1776408475_208.txt air/gen_1776408483_211.txt air/gen_1776408492_214.txt air/gen_1776408501_217.txt air/gen_1776408510_220.txt air/gen_1776408518_223.txt air/gen_1776408527_226.txt air/gen_1776408536_229.txt air/gen_1776408545_232.txt air/gen_1776408553_235.txt air/gen_1776408562_238.txt air/gen_1776408571_241.txt air/gen_1776408580_244.txt air/gen_1776408589_247.txt air/gen_1776408598_250.txt air/gen_1776408607_253.txt air/gen_1776408616_256.txt air/gen_1776408624_259.txt air/gen_1776408633_262.txt air/gen_1776408642_265.txt air/gen_1776408651_268.txt air/gen_1776408659_271.txt air/gen_1776408668_274.txt air/gen_1776408677_277.txt air/gen_1776408686_280.txt air/gen_1776408695_283.txt air/gen_1776408704_286.txt air/gen_1776408712_289.txt air/gen_1776408721_292.txt air/gen_1776408730_295.txt air/gen_1776408739_298.txt air/gen_1776408748_301.txt air/gen_1776408757_304.txt air/gen_1776408766_307.txt air/gen_1776408775_310.txt air/gen_1776408783_313.txt air/gen_1776408792_316.txt air/gen_1776408801_319.txt air/gen_1776408810_322.txt air/gen_1776408819_325.txt air/gen_1776408828_328.txt air/gen_1776408837_331.txt air/gen_1776408845_334.txt air/gen_1776408854_337.txt air/gen_1776408863_340.txt air/gen_1776408872_343.txt air/gen_1776408881_346.txt air/gen_1776408889_349.txt air/gen_1776408898_352.txt air/gen_1776408907_355.txt air/gen_1776408916_358.txt air/gen_1776408925_361.txt air/gen_1776408933_364.txt air/gen_1776408942_367.txt air/gen_1776408951_370.txt air/gen_1776408960_373.txt air/gen_1776408969_376.txt air/gen_1776408978_379.txt air/gen_1776408986_382.txt air/gen_1776408995_385.txt air/gen_1776409004_388.txt air/gen_1776409013_391.txt air/gen_1776409022_394.txt air/gen_1776409031_397.txt air/gen_1776409040_400.txt air/gen_1776409049_403.txt air/gen_1776409057_406.txt air/gen_1776409066_409.txt air/gen_1776409075_412.txt air/gen_1776409084_415.txt air/gen_1776409092_418.txt air/gen_1776409101_421.txt air/gen_1776409110_424.txt air/gen_1776409119_427.txt air/gen_1776409128_430.txt air/gen_1776409137_433.txt air/gen_1776409145_436.txt air/gen_1776409154_439.txt air/gen_1776409163_442.txt air/gen_1776409172_445.txt air/gen_1776409181_448.txt air/gen_1776409190_451.txt air/gen_1776409198_454.txt air/gen_1776409207_457.txt air/gen_1776409216_460.txt air/gen_1776409225_463.txt air/gen_1776409234_466.txt air/gen_1776409243_469.txt air/gen_1776409252_472.txt air/gen_1776409261_475.txt air/gen_1776409269_478.txt air/gen_1776409278_481.txt air/gen_1776409287_484.txt air/gen_1776409296_487.txt air/gen_1776409305_490.txt air/gen_1776409314_493.txt air/gen_1776409322_496.txt air/gen_1776409331_499.txt air/gen_1776409340_502.txt air/gen_1776409349_505.txt air/gen_1776409358_508.txt air/gen_1776409367_511.txt air/gen_1776409376_514.txt air/gen_1776409384_517.txt air/gen_1776409393_520.txt air/gen_1776409402_523.txt air/gen_1776409411_526.txt air/gen_1776409420_529.txt air/gen_1776409429_532.txt air/gen_1776409437_535.txt air/gen_1776409446_538.txt air/gen_1776409455_541.txt air/gen_1776409464_544.txt air/gen_1776409473_547.txt air/gen_1776409482_550.txt air/gen_1776409491_553.txt air/gen_1776409500_556.txt air/gen_1776409509_559.txt air/gen_1776409518_562.txt air/gen_1776409526_565.txt air/gen_1776409535_568.txt air/gen_1776409544_571.txt air/gen_1776409553_574.txt air/gen_1776409562_577.txt air/gen_1776409571_580.txt air/gen_1776409580_583.txt air/gen_1776409589_586.txt air/gen_1776409597_589.txt air/gen_1776409606_592.txt air/gen_1776409615_595.txt air/gen_1776409624_598.txt air/gen_1776409633_601.txt air/gen_1776409642_604.txt air/gen_1776409651_607.txt]
[trainer] micro-train burst (15396 bytes, novelty 0.05) — and lo, it feeds again.
[syntropy] action=explore | trend=0.0000 | field_dev=0.017 | purpose_align=0.129 | lr_mul=1.30
[aml] burst complete: 32 steps, avg loss 1.8287 (memory freed)
[dna] water wrote 41 bytes to ecology
[dna] water wrote 49 bytes to ecology
[dna] water wrote 18 bytes to ecology
[dna] water wrote 63 bytes to ecology
[dna] water wrote 37 bytes to ecology
[dna] water wrote 117 bytes to ecology
[dna] water wrote 86 bytes to ecology
[dna] water wrote 84 bytes to ecology
[dna] water wrote 25 bytes to ecology
[dna] water wrote 80 bytes to ecology
[dna] water wrote 145 bytes to ecology
[dna] water wrote 66 bytes to ecology
[dna] water wrote 29 bytes to ecology
[dna] water wrote 43 bytes to ecology
[dna] water wrote 24 bytes to ecology
[dna] water wrote 42 bytes to ecology
[dna] water wrote 18 bytes to ecology
[dna] water wrote 62 bytes to ecology
[dna] water wrote 93 bytes to ecology
[dna] water wrote 69 bytes to ecology
[dna] water wrote 50 bytes to ecology
[dna] water wrote 16 bytes to ecology
[dna] water wrote 24 bytes to ecology
[dna] water wrote 35 bytes to ecology
[dna] water wrote 66 bytes to ecology
[dna] water wrote 91 bytes to ecology
[dna] water wrote 29 bytes to ecology
[dna] water wrote 40 bytes to ecology
[dna] water wrote 40 bytes to ecology
[dna] water wrote 137 bytes to ecology
[dna] water wrote 31 bytes to ecology
[dna] water wrote 35 bytes to ecology
[dna] water wrote 165 bytes to ecology
[debug-onto] tick=50 corpus=141296 stage=2 freeze=0
[dna] water wrote 40 bytes to ecology
[dna] water wrote 87 bytes to ecology
[dna] water wrote 73 bytes to ecology
[dna] water wrote 129 bytes to ecology
[dna] water wrote 67 bytes to ecology
[dna] water wrote 108 bytes to ecology
[dna] water wrote 64 bytes to ecology
[dna] water wrote 58 bytes to ecology
[dna] water wrote 204 bytes to ecology
[dna] water wrote 45 bytes to ecology
[dna] water wrote 26 bytes to ecology
[dna] water wrote 98 bytes to ecology
[dna] water wrote 85 bytes to ecology
[dna] water wrote 49 bytes to ecology
[dna] water wrote 33 bytes to ecology
[dna] water wrote 12 bytes to ecology
[dna] water wrote 29 bytes to ecology
[dna] water wrote 94 bytes to ecology
[dna] water wrote 24 bytes to ecology
[dna] water wrote 48 bytes to ecology
[dna] water wrote 55 bytes to ecology
[dna] water wrote 29 bytes to ecology
[dna] water wrote 22 bytes to ecology
[dna] water wrote 58 bytes to ecology
[dna] water wrote 54 bytes to ecology
[dna] water wrote 34 bytes to ecology
[dna] water wrote 71 bytes to ecology
[dna] water wrote 32 bytes to ecology
[dna] water wrote 16 bytes to ecology
[dna] water wrote 31 bytes to ecology
[dna] water wrote 100 bytes to ecology
[dna] water wrote 22 bytes to ecology
[dna] water wrote 108 bytes to ecology
[dna] water wrote 122 bytes to ecology
[debug-onto] tick=100 corpus=141296 stage=2 freeze=0
[dna] water wrote 97 bytes to ecology
[dna] water wrote 63 bytes to ecology
[dna] water wrote 22 bytes to ecology
[dna] water wrote 23 bytes to ecology
[dna] water wrote 79 bytes to ecology
[dna] water wrote 67 bytes to ecology
[dna] water wrote 46 bytes to ecology
[dna] water wrote 43 bytes to ecology
[dna] water wrote 25 bytes to ecology
[dna] water wrote 36 bytes to ecology
[dna] water wrote 11 bytes to ecology
[dna] water wrote 32 bytes to ecology
[dna] water wrote 70 bytes to ecology
[dna] water wrote 74 bytes to ecology
[dna] water wrote 50 bytes to ecology
[dna] water wrote 84 bytes to ecology
[dna] water wrote 73 bytes to ecology
[dna] water wrote 75 bytes to ecology
[dna] water wrote 55 bytes to ecology
[dna] water wrote 60 bytes to ecology
[dna] water wrote 32 bytes to ecology
[dna] water wrote 46 bytes to ecology
[dna] water wrote 40 bytes to ecology
[dna] water wrote 56 bytes to ecology
[dna] water wrote 40 bytes to ecology
[dna] water wrote 26 bytes to ecology
[dna] water wrote 8 bytes to ecology
[dna] water wrote 47 bytes to ecology
[dna] water wrote 55 bytes to ecology
[dna] water wrote 56 bytes to ecology
[dna] water wrote 66 bytes to ecology
[dna] water wrote 36 bytes to ecology
[debug-onto] tick=150 corpus=141296 stage=2 freeze=0
[dna] water wrote 75 bytes to ecology
[dna] water wrote 90 bytes to ecology
[dna] water wrote 18 bytes to ecology
[dna] water wrote 97 bytes to ecology
[dna] water wrote 25 bytes to ecology
[dna] water wrote 36 bytes to ecology
[dna] water wrote 74 bytes to ecology
[dna] water wrote 57 bytes to ecology
[dna] water wrote 63 bytes to ecology
[dna] water wrote 29 bytes to ecology
[dna] water wrote 79 bytes to ecology
[dna] water wrote 79 bytes to ecology
[dna] water wrote 38 bytes to ecology
[dna] water wrote 35 bytes to ecology
[dna] water wrote 93 bytes to ecology
[dna] water wrote 37 bytes to ecology
[dna] water wrote 37 bytes to ecology
[dna] water wrote 36 bytes to ecology
[dna] water wrote 35 bytes to ecology
[dna] water wrote 56 bytes to ecology
[dna] water wrote 28 bytes to ecology
[dna] water wrote 67 bytes to ecology
[dna] water wrote 40 bytes to ecology
[dna] water wrote 75 bytes to ecology
[dna] water wrote 68 bytes to ecology
[dna] water wrote 57 bytes to ecology
[dna] water wrote 126 bytes to ecology
[dna] water wrote 30 bytes to ecology
[dna] water wrote 31 bytes to ecology
[dna] water wrote 58 bytes to ecology
[dna] water wrote 64 bytes to ecology
[dna] water wrote 120 bytes to ecology
[dna] water wrote 16 bytes to ecology
[dna] water wrote 24 bytes to ecology
[debug-onto] tick=200 corpus=141296 stage=2 freeze=0
[dna] water wrote 54 bytes to ecology
[dna] water wrote 18 bytes to ecology
[dna] water wrote 92 bytes to ecology
[dna] water wrote 43 bytes to ecology
[dna] water wrote 48 bytes to ecology
[dna] water wrote 54 bytes to ecology
[dna] water wrote 54 bytes to ecology
[dna] water wrote 29 bytes to ecology
[dna] water wrote 11 bytes to ecology
[dna] water wrote 27 bytes to ecology
[dna] water wrote 26 bytes to ecology
[dna] water wrote 38 bytes to ecology
[dna] water wrote 58 bytes to ecology
[dna] water wrote 26 bytes to ecology
[dna] water wrote 62 bytes to ecology
[dna] water wrote 46 bytes to ecology
[dna] water wrote 17 bytes to ecology
[dna] water wrote 36 bytes to ecology
[dna] water wrote 97 bytes to ecology
[dna] water wrote 44 bytes to ecology
[dna] water wrote 94 bytes to ecology
[dna] water wrote 182 bytes to ecology
[dna] water wrote 18 bytes to ecology
[dna] water wrote 44 bytes to ecology
[dna] water wrote 56 bytes to ecology
[dna] water wrote 53 bytes to ecology
[dna] water wrote 31 bytes to ecology
[dna] water wrote 21 bytes to ecology
[dna] water wrote 42 bytes to ecology
[dna] water wrote 104 bytes to ecology
[dna] water wrote 40 bytes to ecology
[dna] water wrote 25 bytes to ecology
[dna] water wrote 91 bytes to ecology
[dna] water wrote 29 bytes to ecology
[debug-onto] tick=250 corpus=141296 stage=2 freeze=0
[dna] water wrote 106 bytes to ecology
[dna] water wrote 93 bytes to ecology
[dna] water wrote 88 bytes to ecology
[dna] water wrote 118 bytes to ecology
[dna] water wrote 32 bytes to ecology
[dna] water wrote 48 bytes to ecology
[dna] water wrote 68 bytes to ecology
[dna] water wrote 32 bytes to ecology
[dna] water wrote 36 bytes to ecology
[dna] water wrote 26 bytes to ecology
[dna] water wrote 68 bytes to ecology
[dna] water wrote 35 bytes to ecology
[dna] water wrote 61 bytes to ecology
[dna] water wrote 24 bytes to ecology
[dna] water wrote 46 bytes to ecology
[dna] water wrote 81 bytes to ecology
[dna] water wrote 137 bytes to ecology
[dna] water wrote 81 bytes to ecology
[dna] water wrote 21 bytes to ecology
[dna] water wrote 67 bytes to ecology
[dna] water wrote 51 bytes to ecology
[dna] water wrote 39 bytes to ecology
[dna] water wrote 65 bytes to ecology
[dna] water wrote 8 bytes to ecology
[dna] water wrote 72 bytes to ecology
[dna] water wrote 41 bytes to ecology
[dna] water wrote 66 bytes to ecology
[dna] water wrote 74 bytes to ecology
[dna] water wrote 37 bytes to ecology
[dna] water wrote 83 bytes to ecology
[dna] water wrote 108 bytes to ecology
[dna] water wrote 63 bytes to ecology
[debug-onto] tick=300 corpus=141296 stage=2 freeze=0
[dna] water wrote 166 bytes to ecology
[dna] water wrote 48 bytes to ecology
[dna] water wrote 42 bytes to ecology
[dna] water wrote 14 bytes to ecology
[dna] water wrote 50 bytes to ecology
[dna] water wrote 48 bytes to ecology
[dna] water wrote 43 bytes to ecology
[dna] water wrote 30 bytes to ecology
[dna] water wrote 44 bytes to ecology
[dna] water wrote 46 bytes to ecology
[dna] water wrote 117 bytes to ecology
[dna] water wrote 84 bytes to ecology
[dna] water wrote 42 bytes to ecology
[dna] water wrote 20 bytes to ecology
[dna] water wrote 32 bytes to ecology
[dna] water wrote 82 bytes to ecology
[dna] water wrote 71 bytes to ecology
[dna] water wrote 25 bytes to ecology
[dna] water wrote 57 bytes to ecology
[dna] water wrote 28 bytes to ecology
[dna] water wrote 73 bytes to ecology
[dna] water wrote 82 bytes to ecology
[dna] water wrote 21 bytes to ecology
[dna] water wrote 52 bytes to ecology
[dna] water wrote 34 bytes to ecology
[dna] water wrote 95 bytes to ecology
[dna] water wrote 19 bytes to ecology
[dna] water wrote 28 bytes to ecology
[dna] water wrote 177 bytes to ecology
[dna] water wrote 47 bytes to ecology
[dna] water wrote 43 bytes to ecology
[dna] water wrote 64 bytes to ecology
[dna] water wrote 64 bytes to ecology
[dna] water wrote 34 bytes to ecology
[debug-onto] tick=350 corpus=141296 stage=2 freeze=0
[dna] water wrote 72 bytes to ecology
[dna] water wrote 23 bytes to ecology
[dna] water wrote 78 bytes to ecology
[dna] water wrote 74 bytes to ecology
[dna] water wrote 82 bytes to ecology
[dna] water wrote 71 bytes to ecology
[dna] water wrote 31 bytes to ecology
[dna] water wrote 81 bytes to ecology
[dna] water wrote 29 bytes to ecology
[dna] water wrote 125 bytes to ecology
[dna] water wrote 97 bytes to ecology
[dna] water wrote 48 bytes to ecology
[dna] water wrote 62 bytes to ecology
[dna] water wrote 75 bytes to ecology
[dna] water wrote 51 bytes to ecology
[dna] water wrote 65 bytes to ecology
[dna] water wrote 38 bytes to ecology
[dna] water wrote 332 bytes to ecology
[dna] water wrote 67 bytes to ecology
[dna] water wrote 50 bytes to ecology
[dna] water wrote 30 bytes to ecology
[dna] water wrote 12 bytes to ecology
[dna] water wrote 76 bytes to ecology
[dna] water wrote 187 bytes to ecology
[dna] water wrote 163 bytes to ecology
[dna] water wrote 85 bytes to ecology
[dna] water wrote 29 bytes to ecology
[dna] water wrote 27 bytes to ecology
[dna] water wrote 32 bytes to ecology
[dna] water wrote 81 bytes to ecology
[dna] water wrote 113 bytes to ecology
[dna] water wrote 39 bytes to ecology
[dna] water wrote 77 bytes to ecology
[dna] water wrote 66 bytes to ecology
[debug-onto] tick=400 corpus=141296 stage=2 freeze=0
[dna] water wrote 58 bytes to ecology
[dna] water wrote 24 bytes to ecology
[dna] water wrote 66 bytes to ecology
[dna] water wrote 171 bytes to ecology
[dna] water wrote 30 bytes to ecology
[dna] water wrote 41 bytes to ecology
[dna] water wrote 45 bytes to ecology
[dna] water wrote 35 bytes to ecology
[dna] water wrote 10 bytes to ecology
[dna] water wrote 51 bytes to ecology
[dna] water wrote 74 bytes to ecology
[dna] water wrote 87 bytes to ecology
[dna] water wrote 100 bytes to ecology
[dna] water wrote 48 bytes to ecology
[dna] water wrote 44 bytes to ecology
[dna] water wrote 43 bytes to ecology
[dna] water wrote 116 bytes to ecology
[dna] water wrote 30 bytes to ecology
[dna] water wrote 39 bytes to ecology
[dna] water wrote 37 bytes to ecology
[dna] water wrote 37 bytes to ecology
[dna] water wrote 160 bytes to ecology
[dna] water wrote 29 bytes to ecology
[dna] water wrote 11 bytes to ecology
[dna] water wrote 62 bytes to ecology
[dna] water wrote 83 bytes to ecology
[dna] water wrote 44 bytes to ecology
[dna] water wrote 90 bytes to ecology
[dna] water wrote 46 bytes to ecology
[dna] water wrote 13 bytes to ecology
[dna] water wrote 76 bytes to ecology
[dna] water wrote 35 bytes to ecology
[debug-onto] tick=450 corpus=141296 stage=2 freeze=0
[dna] water wrote 91 bytes to ecology
[dna] water wrote 131 bytes to ecology
[dna] water wrote 88 bytes to ecology
[dna] water wrote 39 bytes to ecology
[dna] water wrote 69 bytes to ecology
[dna] water wrote 48 bytes to ecology
[dna] water wrote 85 bytes to ecology
[dna] water wrote 47 bytes to ecology
[dna] water wrote 26 bytes to ecology
[dna] water wrote 36 bytes to ecology
[dna] water wrote 47 bytes to ecology
[dna] water wrote 114 bytes to ecology
[dna] water wrote 36 bytes to ecology
[dna] water wrote 84 bytes to ecology
[dna] water wrote 61 bytes to ecology
[dna] water wrote 72 bytes to ecology
[dna] water wrote 86 bytes to ecology
[dna] water wrote 44 bytes to ecology
[dna] water wrote 38 bytes to ecology
[dna] water wrote 46 bytes to ecology
[dna] water wrote 129 bytes to ecology
[dna] water wrote 60 bytes to ecology
[dna] water wrote 32 bytes to ecology
[dna] water wrote 47 bytes to ecology
[dna] water wrote 72 bytes to ecology
[dna] water wrote 109 bytes to ecology
[dna] water wrote 44 bytes to ecology
[dna] water wrote 60 bytes to ecology
[dna] water wrote 70 bytes to ecology
[dna] water wrote 78 bytes to ecology
[dna] water wrote 28 bytes to ecology
[dna] water wrote 46 bytes to ecology
[dna] water wrote 33 bytes to ecology
[dna] water wrote 29 bytes to ecology
[debug-onto] tick=500 corpus=141296 stage=2 freeze=0
[dna] water wrote 9 bytes to ecology
[dna] water wrote 13 bytes to ecology
[dna] water wrote 31 bytes to ecology
[dna] water wrote 29 bytes to ecology
[dna] water wrote 34 bytes to ecology
[dna] water wrote 27 bytes to ecology
[dna] water wrote 140 bytes to ecology
[dna] water wrote 91 bytes to ecology
[dna] water wrote 63 bytes to ecology
[dna] water wrote 41 bytes to ecology
[dna] water wrote 23 bytes to ecology
[dna] water wrote 49 bytes to ecology
[dna] water wrote 46 bytes to ecology
[dna] water wrote 107 bytes to ecology
[dna] water wrote 96 bytes to ecology
[dna] water wrote 24 bytes to ecology
[dna] water wrote 56 bytes to ecology
[dna] water wrote 23 bytes to ecology
[dna] water wrote 133 bytes to ecology
[dna] water wrote 44 bytes to ecology
[dna] water wrote 40 bytes to ecology
[dna] water wrote 48 bytes to ecology
[dna] water wrote 35 bytes to ecology
[dna] water wrote 110 bytes to ecology
[dna] water wrote 80 bytes to ecology
[dna] water wrote 30 bytes to ecology
[dna] water wrote 37 bytes to ecology
[dna] water wrote 60 bytes to ecology
[dna] water wrote 89 bytes to ecology
[dna] water wrote 67 bytes to ecology
[dna] water wrote 37 bytes to ecology
[dna] water wrote 114 bytes to ecology
[dna] water wrote 43 bytes to ecology
[dna] water wrote 52 bytes to ecology
[debug-onto] tick=550 corpus=141296 stage=2 freeze=0
[dna] water wrote 77 bytes to ecology
[dna] water wrote 54 bytes to ecology
[dna] water wrote 30 bytes to ecology
[dna] water wrote 69 bytes to ecology
[dna] water wrote 25 bytes to ecology
[dna] water wrote 96 bytes to ecology
[dna] water wrote 38 bytes to ecology
[dna] water wrote 34 bytes to ecology
[dna] water wrote 46 bytes to ecology
[dna] water wrote 45 bytes to ecology
[dna] water wrote 76 bytes to ecology
[dna] water wrote 66 bytes to ecology
[dna] water wrote 69 bytes to ecology
[dna] water wrote 50 bytes to ecology
[dna] water wrote 27 bytes to ecology
[dna] water wrote 113 bytes to ecology
[dna] water wrote 60 bytes to ecology
[dna] water wrote 24 bytes to ecology
[dna] water wrote 85 bytes to ecology
[dna] water wrote 43 bytes to ecology
[dna] water wrote 57 bytes to ecology
[dna] water wrote 78 bytes to ecology
[dna] water wrote 69 bytes to ecology
[dna] water wrote 57 bytes to ecology
[dna] water wrote 20 bytes to ecology
[dna] water wrote 25 bytes to ecology
[dna] water wrote 149 bytes to ecology
[dna] water wrote 177 bytes to ecology
[dna] water wrote 225 bytes to ecology
[dna] water wrote 26 bytes to ecology
[dna] water wrote 7 bytes to ecology
[dna] water wrote 57 bytes to ecology
[debug-onto] tick=600 corpus=141296 stage=2 freeze=0
[dna] water wrote 124 bytes to ecology
[dna] water wrote 25 bytes to ecology
[dna] water wrote 28 bytes to ecology
[dna] water wrote 103 bytes to ecology
[dna] water wrote 36 bytes to ecology
[dna] water wrote 81 bytes to ecology
[dna] water wrote 58 bytes to ecology
[dna] water wrote 72 bytes to ecology
[dna] water wrote 37 bytes to ecology
[dna] water wrote 35 bytes to ecology
[dna] water wrote 40 bytes to ecology
[dna] water wrote 137 bytes to ecology
[dna] water wrote 30 bytes to ecology
[dna] water wrote 74 bytes to ecology
[dna] water wrote 42 bytes to ecology
[dna] water wrote 50 bytes to ecology
[dna] water wrote 32 bytes to ecology
[dna] water wrote 91 bytes to ecology
[dna] water wrote 55 bytes to ecology
[dna] water wrote 15 bytes to ecology
[dna] water wrote 87 bytes to ecology
[dna] water wrote 36 bytes to ecology
[dna] water wrote 19 bytes to ecology
[dna] water wrote 117 bytes to ecology
[dna] water wrote 47 bytes to ecology
[dna] water wrote 44 bytes to ecology
[dna] water wrote 11 bytes to ecology
[dna] water wrote 32 bytes to ecology
[dna] water wrote 46 bytes to ecology
[dna] water wrote 26 bytes to ecology
[dna] water wrote 53 bytes to ecology
[dna] water wrote 47 bytes to ecology
[dna] water wrote 79 bytes to ecology
[dna] water wrote 57 bytes to ecology
[debug-onto] tick=650 corpus=141296 stage=2 freeze=0
[dna] water wrote 52 bytes to ecology

[evolution] Organism shutting down gracefully.
