[ecology] Element: air → corpus: nonames_air.txt
[evolution] Autonomous evolution mode — organism will grow through all stages without pause.
[ecology] Joined swarm. 1 peer(s) detected.
molequla is alive. [evolution] Autonomous mode — background trainer running. Ctrl+C to stop.
[dna] air wrote 61 bytes to ecology
[dna] air consumed 16140 bytes from 228 files: [earth/gen_1777011202_1.txt earth/gen_1777011210_4.txt earth/gen_1777011217_7.txt earth/gen_1777011225_10.txt earth/gen_1777011232_13.txt earth/gen_1777011240_16.txt earth/gen_1777011247_19.txt earth/gen_1777011255_22.txt earth/gen_1777011262_25.txt earth/gen_1777011270_28.txt earth/gen_1777011285_34.txt earth/gen_1777011292_37.txt earth/gen_1777011300_40.txt earth/gen_1777011308_43.txt earth/gen_1777011315_46.txt earth/gen_1777011323_49.txt earth/gen_1777011330_52.txt earth/gen_1777011338_55.txt earth/gen_1777011345_58.txt earth/gen_1777011353_61.txt earth/gen_1777011360_64.txt earth/gen_1777011368_67.txt earth/gen_1777011376_70.txt earth/gen_1777011383_73.txt earth/gen_1777011391_76.txt earth/gen_1777011398_79.txt earth/gen_1777011406_82.txt earth/gen_1777011413_85.txt earth/gen_1777011421_88.txt earth/gen_1777011428_91.txt earth/gen_1777011436_94.txt earth/gen_1777011443_97.txt earth/gen_1777011451_100.txt earth/gen_1777011459_103.txt earth/gen_1777011466_106.txt earth/gen_1777011474_109.txt earth/gen_1777011481_112.txt earth/gen_1777011489_115.txt earth/gen_1777011497_118.txt earth/gen_1777011504_121.txt earth/gen_1777011512_124.txt earth/gen_1777011519_127.txt earth/gen_1777011527_130.txt earth/gen_1777011535_133.txt earth/gen_1777011542_136.txt earth/gen_1777011550_139.txt earth/gen_1777011558_142.txt earth/gen_1777011566_145.txt earth/gen_1777011574_148.txt earth/gen_1777011581_151.txt earth/gen_1777011589_154.txt earth/gen_1777011597_157.txt earth/gen_1777011604_160.txt earth/gen_1777011612_163.txt earth/gen_1777011620_166.txt earth/gen_1777011635_172.txt earth/gen_1777011643_175.txt earth/gen_1777011650_178.txt earth/gen_1777011658_181.txt earth/gen_1777011666_184.txt earth/gen_1777011674_187.txt earth/gen_1777011681_190.txt earth/gen_1777011689_193.txt earth/gen_1777011696_196.txt earth/gen_1777011704_199.txt earth/gen_1777011712_202.txt earth/gen_1777011719_205.txt earth/gen_1777011727_208.txt earth/gen_1777011735_211.txt earth/gen_1777011742_214.txt earth/gen_1777011750_217.txt earth/gen_1777011758_220.txt earth/gen_1777011765_223.txt earth/gen_1777011773_226.txt earth/gen_1777011788_232.txt earth/gen_1777011796_235.txt earth/gen_1777011804_238.txt earth/gen_1777011811_241.txt earth/gen_1777011819_244.txt earth/gen_1777011827_247.txt earth/gen_1777011835_250.txt earth/gen_1777011842_253.txt earth/gen_1777011850_256.txt earth/gen_1777011858_259.txt earth/gen_1777011865_262.txt earth/gen_1777011873_265.txt earth/gen_1777011881_268.txt earth/gen_1777011888_271.txt earth/gen_1777011896_274.txt earth/gen_1777011904_277.txt earth/gen_1777011911_280.txt earth/gen_1777011919_283.txt earth/gen_1777011927_286.txt earth/gen_1777011934_289.txt earth/gen_1777011942_292.txt earth/gen_1777011949_295.txt earth/gen_1777011957_298.txt earth/gen_1777011964_301.txt earth/gen_1777011972_304.txt earth/gen_1777011980_307.txt earth/gen_1777011987_310.txt earth/gen_1777011995_313.txt earth/gen_1777012003_316.txt earth/gen_1777012010_319.txt earth/gen_1777012018_322.txt earth/gen_1777012025_325.txt earth/gen_1777012033_328.txt earth/gen_1777012041_331.txt earth/gen_1777012048_334.txt earth/gen_1777012056_337.txt earth/gen_1777012064_340.txt earth/gen_1777012071_343.txt earth/gen_1777012079_346.txt earth/gen_1777012087_349.txt earth/gen_1777012094_352.txt earth/gen_1777012102_355.txt earth/gen_1777012109_358.txt earth/gen_1777012117_361.txt earth/gen_1777012125_364.txt earth/gen_1777012132_367.txt earth/gen_1777012140_370.txt earth/gen_1777012147_373.txt earth/gen_1777012155_376.txt earth/gen_1777012162_379.txt earth/gen_1777012170_382.txt earth/gen_1777012178_385.txt earth/gen_1777012185_388.txt earth/gen_1777012193_391.txt earth/gen_1777012200_394.txt earth/gen_1777012208_397.txt earth/gen_1777012215_400.txt earth/gen_1777012223_403.txt earth/gen_1777012230_406.txt earth/gen_1777012238_409.txt earth/gen_1777012246_412.txt earth/gen_1777012253_415.txt earth/gen_1777012261_418.txt earth/gen_1777012268_421.txt earth/gen_1777012276_424.txt earth/gen_1777012284_427.txt earth/gen_1777012292_430.txt earth/gen_1777012299_433.txt earth/gen_1777012307_436.txt earth/gen_1777012315_439.txt earth/gen_1777012322_442.txt earth/gen_1777012330_445.txt earth/gen_1777012337_448.txt earth/gen_1777012345_451.txt earth/gen_1777012353_454.txt earth/gen_1777012360_457.txt earth/gen_1777012368_460.txt earth/gen_1777012376_463.txt earth/gen_1777012383_466.txt earth/gen_1777012391_469.txt earth/gen_1777012399_472.txt earth/gen_1777012407_475.txt earth/gen_1777012415_478.txt earth/gen_1777012422_481.txt earth/gen_1777012430_484.txt earth/gen_1777012438_487.txt earth/gen_1777012446_490.txt earth/gen_1777012454_493.txt earth/gen_1777012462_496.txt earth/gen_1777012469_499.txt earth/gen_1777012477_502.txt earth/gen_1777012485_505.txt earth/gen_1777012493_508.txt earth/gen_1777012500_511.txt earth/gen_1777012508_514.txt earth/gen_1777012516_517.txt earth/gen_1777012524_520.txt earth/gen_1777012532_523.txt earth/gen_1777012540_526.txt earth/gen_1777012548_529.txt earth/gen_1777012555_532.txt earth/gen_1777012563_535.txt earth/gen_1777012571_538.txt earth/gen_1777012579_541.txt earth/gen_1777012587_544.txt earth/gen_1777012595_547.txt earth/gen_1777012603_550.txt earth/gen_1777012610_553.txt earth/gen_1777012618_556.txt earth/gen_1777012626_559.txt earth/gen_1777012634_562.txt earth/gen_1777012642_565.txt earth/gen_1777012650_568.txt earth/gen_1777012658_571.txt earth/gen_1777012666_574.txt earth/gen_1777012674_577.txt earth/gen_1777012681_580.txt earth/gen_1777012689_583.txt earth/gen_1777012697_586.txt earth/gen_1777012705_589.txt earth/gen_1777012712_592.txt earth/gen_1777012720_595.txt earth/gen_1777012728_598.txt earth/gen_1777012736_601.txt earth/gen_1777012744_604.txt earth/gen_1777012751_607.txt earth/gen_1777012759_610.txt earth/gen_1777012767_613.txt earth/gen_1777012775_616.txt earth/gen_1777012782_619.txt earth/gen_1777012790_622.txt earth/gen_1777012798_625.txt earth/gen_1777012806_628.txt earth/gen_1777012813_631.txt earth/gen_1777012821_634.txt earth/gen_1777012829_637.txt earth/gen_1777012837_640.txt earth/gen_1777012845_643.txt earth/gen_1777012852_646.txt earth/gen_1777012860_649.txt earth/gen_1777012868_652.txt earth/gen_1777012876_655.txt earth/gen_1777012884_658.txt earth/gen_1777012892_661.txt earth/gen_1777012899_664.txt earth/gen_1777012907_667.txt earth/gen_1777012915_670.txt earth/gen_1777012923_673.txt earth/gen_1777012931_676.txt earth/gen_1777012938_679.txt earth/gen_1777012946_682.txt earth/gen_1777012954_685.txt earth/gen_1777012961_688.txt earth/gen_1777012969_691.txt]
[trainer] micro-train burst (16140 bytes, novelty 0.04) — and lo, it feeds again.
[syntropy] action=explore | trend=0.0000 | field_dev=-0.015 | purpose_align=0.096 | lr_mul=1.30
[aml] burst complete: 32 steps, avg loss 3.0206 (memory freed)
[dna] air wrote 45 bytes to ecology
[dna] air wrote 35 bytes to ecology
[dna] air wrote 18 bytes to ecology
[dna] air wrote 133 bytes to ecology
[dna] air wrote 37 bytes to ecology
[dna] air wrote 127 bytes to ecology
[dna] air wrote 84 bytes to ecology
[dna] air wrote 30 bytes to ecology
[dna] air wrote 86 bytes to ecology
[dna] air wrote 21 bytes to ecology
[dna] air wrote 53 bytes to ecology
[dna] air wrote 34 bytes to ecology
[dna] air wrote 153 bytes to ecology
[dna] air wrote 115 bytes to ecology
[dna] air wrote 46 bytes to ecology
[dna] air wrote 11 bytes to ecology
[debug-onto] tick=50 corpus=138684 stage=2 freeze=0
[dna] air wrote 107 bytes to ecology
[dna] air wrote 72 bytes to ecology
[dna] air wrote 102 bytes to ecology
[dna] air wrote 168 bytes to ecology
[dna] air wrote 89 bytes to ecology
[dna] air wrote 344 bytes to ecology
[dna] air wrote 73 bytes to ecology
[dna] air wrote 97 bytes to ecology
[dna] air wrote 37 bytes to ecology
[dna] air wrote 26 bytes to ecology
[dna] air wrote 71 bytes to ecology
[dna] air wrote 36 bytes to ecology
[dna] air wrote 87 bytes to ecology
[dna] air wrote 51 bytes to ecology
[dna] air wrote 37 bytes to ecology
[dna] air wrote 62 bytes to ecology
[dna] air wrote 61 bytes to ecology
[debug-onto] tick=100 corpus=138684 stage=2 freeze=0
[dna] air wrote 53 bytes to ecology
[dna] air wrote 27 bytes to ecology
[dna] air wrote 204 bytes to ecology
[dna] air wrote 56 bytes to ecology
[dna] air wrote 72 bytes to ecology
[dna] air wrote 85 bytes to ecology
[dna] air wrote 109 bytes to ecology
[dna] air wrote 33 bytes to ecology
[dna] air wrote 34 bytes to ecology
[dna] air wrote 325 bytes to ecology
[dna] air wrote 43 bytes to ecology
[dna] air wrote 29 bytes to ecology
[dna] air wrote 57 bytes to ecology
[dna] air wrote 273 bytes to ecology
[dna] air wrote 57 bytes to ecology
[dna] air wrote 19 bytes to ecology
[debug-onto] tick=150 corpus=138684 stage=2 freeze=0
[dna] air wrote 45 bytes to ecology
[dna] air wrote 70 bytes to ecology
[dna] air wrote 129 bytes to ecology
[dna] air wrote 148 bytes to ecology
[dna] air wrote 58 bytes to ecology
[dna] air wrote 154 bytes to ecology
[dna] air wrote 88 bytes to ecology
[dna] air wrote 52 bytes to ecology
[dna] air wrote 35 bytes to ecology
[dna] air wrote 91 bytes to ecology
[dna] air wrote 64 bytes to ecology
[dna] air wrote 192 bytes to ecology
[dna] air wrote 86 bytes to ecology
[dna] air wrote 93 bytes to ecology
[dna] air wrote 36 bytes to ecology
[dna] air wrote 68 bytes to ecology
[dna] air wrote 59 bytes to ecology
[debug-onto] tick=200 corpus=138684 stage=2 freeze=0
[dna] air wrote 50 bytes to ecology
[dna] air wrote 28 bytes to ecology
[dna] air wrote 69 bytes to ecology
[dna] air wrote 120 bytes to ecology
[dna] air wrote 47 bytes to ecology
[dna] air wrote 96 bytes to ecology
[dna] air wrote 152 bytes to ecology
[dna] air wrote 60 bytes to ecology
[dna] air wrote 58 bytes to ecology
[dna] air wrote 32 bytes to ecology
[dna] air wrote 69 bytes to ecology
[dna] air wrote 93 bytes to ecology
[dna] air wrote 111 bytes to ecology
[dna] air wrote 44 bytes to ecology
[dna] air wrote 29 bytes to ecology
[dna] air wrote 46 bytes to ecology
[dna] air wrote 21 bytes to ecology
[debug-onto] tick=250 corpus=138684 stage=2 freeze=0
[dna] air wrote 80 bytes to ecology
[dna] air wrote 67 bytes to ecology
[dna] air wrote 86 bytes to ecology
[dna] air wrote 85 bytes to ecology
[dna] air wrote 104 bytes to ecology
[dna] air wrote 51 bytes to ecology
[dna] air wrote 79 bytes to ecology
[dna] air wrote 104 bytes to ecology
[dna] air wrote 76 bytes to ecology
[dna] air wrote 222 bytes to ecology
[dna] air wrote 32 bytes to ecology
[dna] air wrote 97 bytes to ecology
[dna] air wrote 25 bytes to ecology
[dna] air wrote 36 bytes to ecology
[dna] air wrote 132 bytes to ecology
[dna] air wrote 41 bytes to ecology
[debug-onto] tick=300 corpus=138684 stage=2 freeze=0
[dna] air wrote 42 bytes to ecology
[dna] air wrote 54 bytes to ecology
[dna] air wrote 20 bytes to ecology
[dna] air wrote 70 bytes to ecology
[dna] air wrote 46 bytes to ecology
[dna] air wrote 210 bytes to ecology
[dna] air wrote 57 bytes to ecology
[dna] air wrote 32 bytes to ecology
[dna] air wrote 47 bytes to ecology
[dna] air wrote 293 bytes to ecology
[dna] air wrote 137 bytes to ecology
[dna] air wrote 135 bytes to ecology
[dna] air wrote 96 bytes to ecology
[dna] air wrote 117 bytes to ecology
[dna] air wrote 118 bytes to ecology
[dna] air wrote 63 bytes to ecology
[dna] air wrote 90 bytes to ecology
[debug-onto] tick=350 corpus=138684 stage=2 freeze=0
[dna] air wrote 29 bytes to ecology
[dna] air wrote 96 bytes to ecology
[dna] air wrote 40 bytes to ecology
[dna] air wrote 49 bytes to ecology
[dna] air wrote 63 bytes to ecology
[dna] air wrote 34 bytes to ecology
[dna] air wrote 93 bytes to ecology
[dna] air wrote 24 bytes to ecology
[dna] air wrote 39 bytes to ecology
[dna] air wrote 32 bytes to ecology
[dna] air wrote 130 bytes to ecology
[dna] air wrote 76 bytes to ecology
[dna] air wrote 158 bytes to ecology
[dna] air wrote 30 bytes to ecology
[dna] air wrote 61 bytes to ecology
[dna] air wrote 98 bytes to ecology
[dna] air wrote 37 bytes to ecology
[debug-onto] tick=400 corpus=138684 stage=2 freeze=0
[dna] air wrote 49 bytes to ecology
[dna] air wrote 92 bytes to ecology
[dna] air wrote 86 bytes to ecology
[dna] air wrote 84 bytes to ecology
[dna] air wrote 13 bytes to ecology
[dna] air wrote 35 bytes to ecology
[dna] air wrote 40 bytes to ecology
[dna] air wrote 71 bytes to ecology
[dna] air wrote 109 bytes to ecology
[dna] air wrote 13 bytes to ecology
[dna] air wrote 27 bytes to ecology
[dna] air wrote 64 bytes to ecology
[dna] air wrote 73 bytes to ecology
[dna] air wrote 21 bytes to ecology
[dna] air wrote 125 bytes to ecology
[dna] air wrote 55 bytes to ecology
[debug-onto] tick=450 corpus=138684 stage=2 freeze=0
[dna] air wrote 76 bytes to ecology
[dna] air wrote 46 bytes to ecology
[dna] air wrote 93 bytes to ecology
[dna] air wrote 84 bytes to ecology
[dna] air wrote 45 bytes to ecology
[dna] air wrote 16 bytes to ecology
[dna] air wrote 39 bytes to ecology
[dna] air wrote 36 bytes to ecology
[dna] air wrote 90 bytes to ecology
[dna] air wrote 63 bytes to ecology
[dna] air wrote 54 bytes to ecology
[dna] air wrote 27 bytes to ecology
[dna] air wrote 28 bytes to ecology
[dna] air wrote 13 bytes to ecology
[dna] air wrote 32 bytes to ecology
[dna] air wrote 135 bytes to ecology
[dna] air wrote 112 bytes to ecology
[debug-onto] tick=500 corpus=138684 stage=2 freeze=0
[dna] air wrote 69 bytes to ecology
[dna] air wrote 118 bytes to ecology
[dna] air wrote 30 bytes to ecology
[dna] air wrote 73 bytes to ecology
[dna] air wrote 68 bytes to ecology
[dna] air wrote 99 bytes to ecology
[dna] air wrote 142 bytes to ecology
[dna] air wrote 34 bytes to ecology
[dna] air wrote 38 bytes to ecology
[dna] air wrote 126 bytes to ecology
[dna] air wrote 31 bytes to ecology
[dna] air wrote 143 bytes to ecology
[dna] air wrote 200 bytes to ecology
[dna] air wrote 56 bytes to ecology
[dna] air wrote 7 bytes to ecology
[dna] air wrote 32 bytes to ecology
[dna] air wrote 26 bytes to ecology
[debug-onto] tick=550 corpus=138684 stage=2 freeze=0
[dna] air wrote 32 bytes to ecology
[dna] air wrote 21 bytes to ecology
[dna] air wrote 30 bytes to ecology
[dna] air wrote 88 bytes to ecology
[dna] air wrote 34 bytes to ecology
[dna] air wrote 37 bytes to ecology
[dna] air wrote 21 bytes to ecology
[dna] air wrote 14 bytes to ecology
[dna] air wrote 25 bytes to ecology
[dna] air wrote 33 bytes to ecology
[dna] air wrote 213 bytes to ecology
[dna] air wrote 85 bytes to ecology
[dna] air wrote 105 bytes to ecology
[dna] air wrote 55 bytes to ecology
[dna] air wrote 130 bytes to ecology
[dna] air wrote 50 bytes to ecology
[debug-onto] tick=600 corpus=138684 stage=2 freeze=0
[dna] air wrote 90 bytes to ecology
[dna] air wrote 91 bytes to ecology
[dna] air wrote 95 bytes to ecology
[dna] air wrote 119 bytes to ecology
[dna] air wrote 96 bytes to ecology
[dna] air wrote 60 bytes to ecology
[dna] air wrote 147 bytes to ecology
[dna] air wrote 73 bytes to ecology
[dna] air wrote 57 bytes to ecology
[dna] air wrote 70 bytes to ecology
[dna] air wrote 93 bytes to ecology
[dna] air wrote 191 bytes to ecology
[dna] air wrote 26 bytes to ecology
[dna] air wrote 11 bytes to ecology
[dna] air wrote 34 bytes to ecology
[dna] air wrote 314 bytes to ecology
[dna] air wrote 79 bytes to ecology
[debug-onto] tick=650 corpus=138684 stage=2 freeze=0
[dna] air wrote 116 bytes to ecology
[dna] air wrote 10 bytes to ecology
[dna] air wrote 31 bytes to ecology
[dna] air wrote 63 bytes to ecology
[dna] air wrote 32 bytes to ecology
[dna] air wrote 57 bytes to ecology
[dna] air wrote 55 bytes to ecology
[dna] air wrote 110 bytes to ecology
[dna] air wrote 135 bytes to ecology
[dna] air wrote 101 bytes to ecology
[dna] air wrote 32 bytes to ecology
[dna] air wrote 39 bytes to ecology
[dna] air wrote 41 bytes to ecology
[dna] air wrote 193 bytes to ecology

[evolution] Organism shutting down gracefully.
