[ecology] Element: fire → corpus: nonames_fire.txt
[evolution] Autonomous evolution mode — organism will grow through all stages without pause.
[ecology] Joined swarm. 1 peer(s) detected.
molequla is alive. [evolution] Autonomous mode — background trainer running. Ctrl+C to stop.
[dna] fire wrote 74 bytes to ecology
[dna] fire consumed 16963 bytes from 281 files: [water/gen_1777014776_1.txt water/gen_1777014790_3.txt water/gen_1777014793_4.txt water/gen_1777014801_7.txt water/gen_1777014807_9.txt water/gen_1777014810_10.txt water/gen_1777014818_13.txt water/gen_1777014827_16.txt water/gen_1777014835_19.txt water/gen_1777014841_21.txt water/gen_1777014843_22.txt water/gen_1777014852_25.txt water/gen_1777014857_27.txt water/gen_1777014860_28.txt water/gen_1777014868_31.txt water/gen_1777014874_33.txt water/gen_1777014877_34.txt water/gen_1777014885_37.txt water/gen_1777014894_40.txt water/gen_1777014902_43.txt water/gen_1777014908_45.txt water/gen_1777014911_46.txt water/gen_1777014919_49.txt water/gen_1777014925_51.txt water/gen_1777014928_52.txt water/gen_1777014936_55.txt water/gen_1777014942_57.txt water/gen_1777014944_58.txt water/gen_1777014953_61.txt water/gen_1777014958_63.txt water/gen_1777014961_64.txt water/gen_1777014970_67.txt water/gen_1777014975_69.txt water/gen_1777014978_70.txt water/gen_1777014986_73.txt water/gen_1777014992_75.txt water/gen_1777014995_76.txt water/gen_1777015003_79.txt water/gen_1777015011_82.txt water/gen_1777015020_85.txt water/gen_1777015025_87.txt water/gen_1777015028_88.txt water/gen_1777015037_91.txt water/gen_1777015045_94.txt water/gen_1777015053_97.txt water/gen_1777015059_99.txt water/gen_1777015062_100.txt water/gen_1777015070_103.txt water/gen_1777015079_106.txt water/gen_1777015087_109.txt water/gen_1777015095_112.txt water/gen_1777015104_115.txt water/gen_1777015109_117.txt water/gen_1777015112_118.txt water/gen_1777015120_121.txt water/gen_1777015129_124.txt water/gen_1777015137_127.txt water/gen_1777015146_130.txt water/gen_1777015154_133.txt water/gen_1777015162_136.txt water/gen_1777015171_139.txt water/gen_1777015176_141.txt water/gen_1777015179_142.txt water/gen_1777015188_145.txt water/gen_1777015196_148.txt water/gen_1777015205_151.txt water/gen_1777015213_154.txt water/gen_1777015221_157.txt water/gen_1777015230_160.txt water/gen_1777015238_163.txt water/gen_1777015247_166.txt water/gen_1777015255_169.txt water/gen_1777015261_171.txt water/gen_1777015264_172.txt water/gen_1777015272_175.txt water/gen_1777015281_178.txt water/gen_1777015289_181.txt water/gen_1777015295_183.txt water/gen_1777015298_184.txt water/gen_1777015306_187.txt water/gen_1777015312_189.txt water/gen_1777015315_190.txt water/gen_1777015323_193.txt water/gen_1777015329_195.txt water/gen_1777015331_196.txt water/gen_1777015340_199.txt water/gen_1777015345_201.txt water/gen_1777015348_202.txt water/gen_1777015356_205.txt water/gen_1777015364_208.txt water/gen_1777015373_211.txt water/gen_1777015378_213.txt water/gen_1777015381_214.txt water/gen_1777015389_217.txt water/gen_1777015395_219.txt water/gen_1777015398_220.txt water/gen_1777015406_223.txt water/gen_1777015412_225.txt water/gen_1777015414_226.txt water/gen_1777015423_229.txt water/gen_1777015431_232.txt water/gen_1777015439_235.txt water/gen_1777015445_237.txt water/gen_1777015448_238.txt water/gen_1777015456_241.txt water/gen_1777015462_243.txt water/gen_1777015464_244.txt water/gen_1777015473_247.txt water/gen_1777015481_250.txt water/gen_1777015489_253.txt water/gen_1777015495_255.txt water/gen_1777015498_256.txt water/gen_1777015506_259.txt water/gen_1777015512_261.txt water/gen_1777015514_262.txt water/gen_1777015523_265.txt water/gen_1777015531_268.txt water/gen_1777015539_271.txt water/gen_1777015545_273.txt water/gen_1777015548_274.txt water/gen_1777015556_277.txt water/gen_1777015564_280.txt water/gen_1777015572_283.txt water/gen_1777015578_285.txt water/gen_1777015581_286.txt water/gen_1777015589_289.txt water/gen_1777015597_292.txt water/gen_1777015606_295.txt water/gen_1777015611_297.txt water/gen_1777015614_298.txt water/gen_1777015622_301.txt water/gen_1777015628_303.txt water/gen_1777015630_304.txt water/gen_1777015639_307.txt water/gen_1777015644_309.txt water/gen_1777015647_310.txt water/gen_1777015655_313.txt water/gen_1777015664_316.txt water/gen_1777015672_319.txt water/gen_1777015677_321.txt water/gen_1777015680_322.txt water/gen_1777015689_325.txt water/gen_1777015697_328.txt water/gen_1777015705_331.txt water/gen_1777015711_333.txt water/gen_1777015713_334.txt water/gen_1777015722_337.txt water/gen_1777015727_339.txt water/gen_1777015730_340.txt water/gen_1777015738_343.txt water/gen_1777015747_346.txt water/gen_1777015755_349.txt water/gen_1777015761_351.txt water/gen_1777015763_352.txt water/gen_1777015772_355.txt water/gen_1777015777_357.txt water/gen_1777015780_358.txt water/gen_1777015789_361.txt water/gen_1777015794_363.txt water/gen_1777015797_364.txt water/gen_1777015805_367.txt water/gen_1777015811_369.txt water/gen_1777015814_370.txt water/gen_1777015822_373.txt water/gen_1777015828_375.txt water/gen_1777015831_376.txt water/gen_1777015840_379.txt water/gen_1777015848_382.txt water/gen_1777015856_385.txt water/gen_1777015865_388.txt water/gen_1777015873_391.txt water/gen_1777015879_393.txt water/gen_1777015882_394.txt water/gen_1777015891_397.txt water/gen_1777015896_399.txt water/gen_1777015899_400.txt water/gen_1777015908_403.txt water/gen_1777015914_405.txt water/gen_1777015917_406.txt water/gen_1777015925_409.txt water/gen_1777015931_411.txt water/gen_1777015934_412.txt water/gen_1777015943_415.txt water/gen_1777015949_417.txt water/gen_1777015952_418.txt water/gen_1777015960_421.txt water/gen_1777015966_423.txt water/gen_1777015969_424.txt water/gen_1777015978_427.txt water/gen_1777015984_429.txt water/gen_1777015987_430.txt water/gen_1777015995_433.txt water/gen_1777016001_435.txt water/gen_1777016004_436.txt water/gen_1777016013_439.txt water/gen_1777016022_442.txt water/gen_1777016030_445.txt water/gen_1777016039_448.txt water/gen_1777016048_451.txt water/gen_1777016054_453.txt water/gen_1777016057_454.txt water/gen_1777016065_457.txt water/gen_1777016071_459.txt water/gen_1777016074_460.txt water/gen_1777016082_463.txt water/gen_1777016088_465.txt water/gen_1777016091_466.txt water/gen_1777016099_469.txt water/gen_1777016105_471.txt water/gen_1777016108_472.txt water/gen_1777016116_475.txt water/gen_1777016122_477.txt water/gen_1777016124_478.txt water/gen_1777016133_481.txt water/gen_1777016138_483.txt water/gen_1777016141_484.txt water/gen_1777016149_487.txt water/gen_1777016158_490.txt water/gen_1777016166_493.txt water/gen_1777016172_495.txt water/gen_1777016174_496.txt water/gen_1777016183_499.txt water/gen_1777016188_501.txt water/gen_1777016191_502.txt water/gen_1777016199_505.txt water/gen_1777016208_508.txt water/gen_1777016216_511.txt water/gen_1777016222_513.txt water/gen_1777016224_514.txt water/gen_1777016233_517.txt water/gen_1777016241_520.txt water/gen_1777016250_523.txt water/gen_1777016258_526.txt water/gen_1777016266_529.txt water/gen_1777016275_532.txt water/gen_1777016283_535.txt water/gen_1777016291_538.txt water/gen_1777016300_541.txt water/gen_1777016305_543.txt water/gen_1777016308_544.txt water/gen_1777016317_547.txt water/gen_1777016322_549.txt water/gen_1777016325_550.txt water/gen_1777016333_553.txt water/gen_1777016339_555.txt water/gen_1777016342_556.txt water/gen_1777016350_559.txt water/gen_1777016358_562.txt water/gen_1777016367_565.txt water/gen_1777016372_567.txt water/gen_1777016375_568.txt water/gen_1777016384_571.txt water/gen_1777016392_574.txt water/gen_1777016400_577.txt water/gen_1777016406_579.txt water/gen_1777016409_580.txt water/gen_1777016417_583.txt water/gen_1777016423_585.txt water/gen_1777016426_586.txt water/gen_1777016434_589.txt water/gen_1777016440_591.txt water/gen_1777016442_592.txt water/gen_1777016451_595.txt water/gen_1777016456_597.txt water/gen_1777016459_598.txt water/gen_1777016468_601.txt water/gen_1777016476_604.txt water/gen_1777016485_607.txt water/gen_1777016490_609.txt water/gen_1777016493_610.txt water/gen_1777016501_613.txt water/gen_1777016509_616.txt water/gen_1777016518_619.txt water/gen_1777016523_621.txt water/gen_1777016526_622.txt water/gen_1777016535_625.txt water/gen_1777016543_628.txt water/gen_1777016551_631.txt water/gen_1777016557_633.txt water/gen_1777016560_634.txt water/gen_1777016568_637.txt]
[trainer] micro-train burst (16963 bytes, novelty 0.04) — and lo, it feeds again.
[syntropy] action=explore | trend=0.0000 | field_dev=-0.020 | purpose_align=0.098 | lr_mul=1.30
[aml] burst complete: 32 steps, avg loss 1.7574 (memory freed)
[dna] fire wrote 87 bytes to ecology
[dna] fire wrote 51 bytes to ecology
[dna] fire wrote 76 bytes to ecology
[dna] fire wrote 66 bytes to ecology
[dna] fire wrote 58 bytes to ecology
[dna] fire wrote 26 bytes to ecology
[dna] fire wrote 35 bytes to ecology
[dna] fire wrote 107 bytes to ecology
[dna] fire wrote 31 bytes to ecology
[dna] fire wrote 44 bytes to ecology
[dna] fire wrote 52 bytes to ecology
[dna] fire wrote 48 bytes to ecology
[dna] fire wrote 11 bytes to ecology
[dna] fire wrote 25 bytes to ecology
[dna] fire wrote 44 bytes to ecology
[dna] fire wrote 35 bytes to ecology
[debug-onto] tick=50 corpus=139144 stage=2 freeze=0
[dna] fire wrote 118 bytes to ecology
[dna] fire wrote 25 bytes to ecology
[dna] fire wrote 95 bytes to ecology
[dna] fire wrote 26 bytes to ecology
[dna] fire wrote 32 bytes to ecology
[dna] fire wrote 15 bytes to ecology
[dna] fire wrote 45 bytes to ecology
[dna] fire wrote 28 bytes to ecology
[dna] fire wrote 70 bytes to ecology
[dna] fire wrote 107 bytes to ecology
[dna] fire wrote 25 bytes to ecology
[dna] fire wrote 38 bytes to ecology
[dna] fire wrote 50 bytes to ecology
[dna] fire wrote 66 bytes to ecology
[dna] fire wrote 17 bytes to ecology
[dna] fire wrote 79 bytes to ecology
[debug-onto] tick=100 corpus=139144 stage=2 freeze=0
[dna] fire wrote 32 bytes to ecology
[dna] fire wrote 43 bytes to ecology
[dna] fire wrote 135 bytes to ecology
[dna] fire wrote 37 bytes to ecology
[dna] fire wrote 48 bytes to ecology
[dna] fire wrote 52 bytes to ecology
[dna] fire wrote 29 bytes to ecology
[dna] fire wrote 26 bytes to ecology
[dna] fire wrote 5 bytes to ecology
[dna] fire wrote 64 bytes to ecology
[dna] fire wrote 174 bytes to ecology
[dna] fire wrote 60 bytes to ecology
[dna] fire wrote 74 bytes to ecology
[dna] fire wrote 57 bytes to ecology
[dna] fire wrote 13 bytes to ecology
[dna] fire wrote 51 bytes to ecology
[debug-onto] tick=150 corpus=139144 stage=2 freeze=0
[dna] fire wrote 81 bytes to ecology
[dna] fire wrote 66 bytes to ecology
[dna] fire wrote 55 bytes to ecology
[dna] fire wrote 60 bytes to ecology
[dna] fire wrote 60 bytes to ecology
[dna] fire wrote 28 bytes to ecology
[dna] fire wrote 22 bytes to ecology
[dna] fire wrote 85 bytes to ecology
[dna] fire wrote 38 bytes to ecology
[dna] fire wrote 115 bytes to ecology
[dna] fire wrote 49 bytes to ecology
[dna] fire wrote 54 bytes to ecology
[dna] fire wrote 44 bytes to ecology
[dna] fire wrote 76 bytes to ecology
[dna] fire wrote 43 bytes to ecology
[dna] fire wrote 48 bytes to ecology
[dna] fire wrote 134 bytes to ecology
[debug-onto] tick=200 corpus=139144 stage=2 freeze=0
[dna] fire wrote 83 bytes to ecology
[dna] fire wrote 35 bytes to ecology
[dna] fire wrote 65 bytes to ecology
[dna] fire wrote 22 bytes to ecology
[dna] fire wrote 6 bytes to ecology
[dna] fire wrote 74 bytes to ecology
[dna] fire wrote 77 bytes to ecology
[dna] fire wrote 82 bytes to ecology
[dna] fire wrote 90 bytes to ecology
[dna] fire wrote 42 bytes to ecology
[dna] fire wrote 36 bytes to ecology
[dna] fire wrote 123 bytes to ecology
[dna] fire wrote 46 bytes to ecology
[dna] fire wrote 144 bytes to ecology
[dna] fire wrote 59 bytes to ecology
[dna] fire wrote 31 bytes to ecology
[dna] fire wrote 46 bytes to ecology
[debug-onto] tick=250 corpus=139144 stage=2 freeze=0
[dna] fire wrote 78 bytes to ecology
[dna] fire wrote 31 bytes to ecology
[dna] fire wrote 129 bytes to ecology
[dna] fire wrote 82 bytes to ecology
[dna] fire wrote 168 bytes to ecology
[dna] fire wrote 29 bytes to ecology
[dna] fire wrote 44 bytes to ecology
[dna] fire wrote 18 bytes to ecology
[dna] fire wrote 70 bytes to ecology
[dna] fire wrote 77 bytes to ecology
[dna] fire wrote 73 bytes to ecology
[dna] fire wrote 75 bytes to ecology
[dna] fire wrote 166 bytes to ecology
[dna] fire wrote 137 bytes to ecology
[dna] fire wrote 23 bytes to ecology
[dna] fire wrote 47 bytes to ecology
[debug-onto] tick=300 corpus=139144 stage=2 freeze=0
[dna] fire wrote 104 bytes to ecology
[dna] fire wrote 70 bytes to ecology
[dna] fire wrote 62 bytes to ecology
[dna] fire wrote 106 bytes to ecology
[dna] fire wrote 95 bytes to ecology
[dna] fire wrote 154 bytes to ecology
[dna] fire wrote 82 bytes to ecology
[dna] fire wrote 46 bytes to ecology
[dna] fire wrote 63 bytes to ecology
[dna] fire wrote 82 bytes to ecology
[dna] fire wrote 30 bytes to ecology
[dna] fire wrote 77 bytes to ecology
[dna] fire wrote 180 bytes to ecology
[dna] fire wrote 82 bytes to ecology
[dna] fire wrote 26 bytes to ecology
[dna] fire wrote 93 bytes to ecology
[dna] fire wrote 71 bytes to ecology
[debug-onto] tick=350 corpus=139144 stage=2 freeze=0
[dna] fire wrote 101 bytes to ecology
[dna] fire wrote 45 bytes to ecology
[dna] fire wrote 57 bytes to ecology
[dna] fire wrote 87 bytes to ecology
[dna] fire wrote 143 bytes to ecology
[dna] fire wrote 87 bytes to ecology
[dna] fire wrote 54 bytes to ecology
[dna] fire wrote 11 bytes to ecology
[dna] fire wrote 117 bytes to ecology
[dna] fire wrote 116 bytes to ecology
[dna] fire wrote 17 bytes to ecology
[dna] fire wrote 102 bytes to ecology
[dna] fire wrote 17 bytes to ecology
[dna] fire wrote 28 bytes to ecology
[dna] fire wrote 170 bytes to ecology
[dna] fire wrote 51 bytes to ecology
[dna] fire wrote 51 bytes to ecology
[debug-onto] tick=400 corpus=139144 stage=2 freeze=0
[dna] fire wrote 57 bytes to ecology
[dna] fire wrote 58 bytes to ecology
[dna] fire wrote 30 bytes to ecology
[dna] fire wrote 25 bytes to ecology
[dna] fire wrote 9 bytes to ecology
[dna] fire wrote 35 bytes to ecology
[dna] fire wrote 153 bytes to ecology
[dna] fire wrote 43 bytes to ecology
[dna] fire wrote 22 bytes to ecology
[dna] fire wrote 95 bytes to ecology
[dna] fire wrote 136 bytes to ecology
[dna] fire wrote 71 bytes to ecology
[dna] fire wrote 27 bytes to ecology
[dna] fire wrote 73 bytes to ecology
[dna] fire wrote 70 bytes to ecology
[dna] fire wrote 61 bytes to ecology
[debug-onto] tick=450 corpus=139144 stage=2 freeze=0
[dna] fire wrote 34 bytes to ecology
[dna] fire wrote 87 bytes to ecology
[dna] fire wrote 54 bytes to ecology
[dna] fire wrote 15 bytes to ecology
[dna] fire wrote 52 bytes to ecology
[dna] fire wrote 40 bytes to ecology
[dna] fire wrote 69 bytes to ecology
[dna] fire wrote 22 bytes to ecology
[dna] fire wrote 24 bytes to ecology
[dna] fire wrote 15 bytes to ecology
[dna] fire wrote 33 bytes to ecology
[dna] fire wrote 24 bytes to ecology
[dna] fire wrote 128 bytes to ecology
[dna] fire wrote 39 bytes to ecology
[dna] fire wrote 27 bytes to ecology
[dna] fire wrote 61 bytes to ecology
[dna] fire wrote 27 bytes to ecology
[debug-onto] tick=500 corpus=139144 stage=2 freeze=0
[dna] fire wrote 29 bytes to ecology
[dna] fire wrote 67 bytes to ecology
[dna] fire wrote 152 bytes to ecology
[dna] fire wrote 119 bytes to ecology
[dna] fire wrote 43 bytes to ecology
[dna] fire wrote 44 bytes to ecology
[dna] fire wrote 40 bytes to ecology
[dna] fire wrote 34 bytes to ecology
[dna] fire wrote 50 bytes to ecology
[dna] fire wrote 43 bytes to ecology
[dna] fire wrote 81 bytes to ecology
[dna] fire wrote 14 bytes to ecology
[dna] fire wrote 35 bytes to ecology
[dna] fire wrote 150 bytes to ecology
[dna] fire wrote 82 bytes to ecology
[dna] fire wrote 40 bytes to ecology
[dna] fire wrote 34 bytes to ecology
[debug-onto] tick=550 corpus=139144 stage=2 freeze=0
[dna] fire wrote 40 bytes to ecology
[dna] fire wrote 86 bytes to ecology
[dna] fire wrote 114 bytes to ecology
[dna] fire wrote 46 bytes to ecology
[dna] fire wrote 25 bytes to ecology
[dna] fire wrote 72 bytes to ecology
[dna] fire wrote 21 bytes to ecology
[dna] fire wrote 154 bytes to ecology
[dna] fire wrote 26 bytes to ecology
[dna] fire wrote 40 bytes to ecology
[dna] fire wrote 123 bytes to ecology
[dna] fire wrote 20 bytes to ecology
[dna] fire wrote 74 bytes to ecology
[dna] fire wrote 24 bytes to ecology
[dna] fire wrote 55 bytes to ecology
[dna] fire wrote 75 bytes to ecology
[debug-onto] tick=600 corpus=139144 stage=2 freeze=0
[dna] fire wrote 22 bytes to ecology
[dna] fire wrote 95 bytes to ecology
[dna] fire wrote 80 bytes to ecology
[dna] fire wrote 150 bytes to ecology
[dna] fire wrote 26 bytes to ecology
[dna] fire wrote 37 bytes to ecology
[dna] fire wrote 47 bytes to ecology
[dna] fire wrote 34 bytes to ecology
[dna] fire wrote 51 bytes to ecology
[dna] fire wrote 50 bytes to ecology
[dna] fire wrote 39 bytes to ecology
[dna] fire wrote 42 bytes to ecology
[dna] fire wrote 228 bytes to ecology
[dna] fire wrote 15 bytes to ecology
[dna] fire wrote 128 bytes to ecology
[dna] fire wrote 69 bytes to ecology
[dna] fire wrote 20 bytes to ecology
[debug-onto] tick=650 corpus=139144 stage=2 freeze=0
[dna] fire wrote 122 bytes to ecology
[dna] fire wrote 63 bytes to ecology
[dna] fire wrote 78 bytes to ecology
[dna] fire wrote 44 bytes to ecology
[dna] fire wrote 44 bytes to ecology
[dna] fire wrote 41 bytes to ecology
[dna] fire wrote 34 bytes to ecology
[dna] fire wrote 115 bytes to ecology
[dna] fire wrote 76 bytes to ecology
[dna] fire wrote 68 bytes to ecology

[evolution] Organism shutting down gracefully.
