[ecology] Element: water → corpus: nonames_water.txt
[evolution] Autonomous evolution mode — organism will grow through all stages without pause.
[ecology] Joined swarm. 1 peer(s) detected.
molequla is alive. [evolution] Autonomous mode — background trainer running. Ctrl+C to stop.
[dna] water wrote 31 bytes to ecology
[dna] water consumed 17576 bytes from 230 files: [air/gen_1777012975_1.txt air/gen_1777012992_4.txt air/gen_1777012999_7.txt air/gen_1777013007_10.txt air/gen_1777013014_13.txt air/gen_1777013022_16.txt air/gen_1777013030_19.txt air/gen_1777013037_22.txt air/gen_1777013045_25.txt air/gen_1777013052_28.txt air/gen_1777013060_31.txt air/gen_1777013068_34.txt air/gen_1777013075_37.txt air/gen_1777013083_40.txt air/gen_1777013091_43.txt air/gen_1777013099_46.txt air/gen_1777013107_49.txt air/gen_1777013114_52.txt air/gen_1777013122_55.txt air/gen_1777013130_58.txt air/gen_1777013137_61.txt air/gen_1777013145_64.txt air/gen_1777013153_67.txt air/gen_1777013161_70.txt air/gen_1777013168_73.txt air/gen_1777013176_76.txt air/gen_1777013184_79.txt air/gen_1777013192_82.txt air/gen_1777013199_85.txt air/gen_1777013207_88.txt air/gen_1777013215_91.txt air/gen_1777013222_94.txt air/gen_1777013230_97.txt air/gen_1777013238_100.txt air/gen_1777013246_103.txt air/gen_1777013254_106.txt air/gen_1777013261_109.txt air/gen_1777013269_112.txt air/gen_1777013277_115.txt air/gen_1777013285_118.txt air/gen_1777013292_121.txt air/gen_1777013300_124.txt air/gen_1777013308_127.txt air/gen_1777013315_130.txt air/gen_1777013323_133.txt air/gen_1777013331_136.txt air/gen_1777013338_139.txt air/gen_1777013346_142.txt air/gen_1777013354_145.txt air/gen_1777013361_148.txt air/gen_1777013369_151.txt air/gen_1777013377_154.txt air/gen_1777013384_157.txt air/gen_1777013392_160.txt air/gen_1777013400_163.txt air/gen_1777013408_166.txt air/gen_1777013416_169.txt air/gen_1777013423_172.txt air/gen_1777013431_175.txt air/gen_1777013439_178.txt air/gen_1777013447_181.txt air/gen_1777013455_184.txt air/gen_1777013463_187.txt air/gen_1777013471_190.txt air/gen_1777013479_193.txt air/gen_1777013487_196.txt air/gen_1777013494_199.txt air/gen_1777013502_202.txt air/gen_1777013510_205.txt air/gen_1777013518_208.txt air/gen_1777013526_211.txt air/gen_1777013534_214.txt air/gen_1777013542_217.txt air/gen_1777013550_220.txt air/gen_1777013557_223.txt air/gen_1777013565_226.txt air/gen_1777013573_229.txt air/gen_1777013581_232.txt air/gen_1777013588_235.txt air/gen_1777013596_238.txt air/gen_1777013604_241.txt air/gen_1777013612_244.txt air/gen_1777013620_247.txt air/gen_1777013627_250.txt air/gen_1777013635_253.txt air/gen_1777013643_256.txt air/gen_1777013651_259.txt air/gen_1777013658_262.txt air/gen_1777013666_265.txt air/gen_1777013674_268.txt air/gen_1777013681_271.txt air/gen_1777013689_274.txt air/gen_1777013697_277.txt air/gen_1777013705_280.txt air/gen_1777013713_283.txt air/gen_1777013721_286.txt air/gen_1777013728_289.txt air/gen_1777013736_292.txt air/gen_1777013744_295.txt air/gen_1777013751_298.txt air/gen_1777013759_301.txt air/gen_1777013767_304.txt air/gen_1777013775_307.txt air/gen_1777013783_310.txt air/gen_1777013791_313.txt air/gen_1777013799_316.txt air/gen_1777013807_319.txt air/gen_1777013815_322.txt air/gen_1777013823_325.txt air/gen_1777013831_328.txt air/gen_1777013839_331.txt air/gen_1777013847_334.txt air/gen_1777013855_337.txt air/gen_1777013863_340.txt air/gen_1777013870_343.txt air/gen_1777013878_346.txt air/gen_1777013886_349.txt air/gen_1777013894_352.txt air/gen_1777013902_355.txt air/gen_1777013910_358.txt air/gen_1777013917_361.txt air/gen_1777013925_364.txt air/gen_1777013933_367.txt air/gen_1777013940_370.txt air/gen_1777013948_373.txt air/gen_1777013956_376.txt air/gen_1777013963_379.txt air/gen_1777013971_382.txt air/gen_1777013979_385.txt air/gen_1777013987_388.txt air/gen_1777013995_391.txt air/gen_1777014003_394.txt air/gen_1777014010_397.txt air/gen_1777014018_400.txt air/gen_1777014026_403.txt air/gen_1777014034_406.txt air/gen_1777014042_409.txt air/gen_1777014050_412.txt air/gen_1777014058_415.txt air/gen_1777014065_418.txt air/gen_1777014073_421.txt air/gen_1777014081_424.txt air/gen_1777014088_427.txt air/gen_1777014096_430.txt air/gen_1777014104_433.txt air/gen_1777014111_436.txt air/gen_1777014119_439.txt air/gen_1777014127_442.txt air/gen_1777014134_445.txt air/gen_1777014142_448.txt air/gen_1777014150_451.txt air/gen_1777014158_454.txt air/gen_1777014166_457.txt air/gen_1777014173_460.txt air/gen_1777014181_463.txt air/gen_1777014189_466.txt air/gen_1777014197_469.txt air/gen_1777014204_472.txt air/gen_1777014212_475.txt air/gen_1777014220_478.txt air/gen_1777014227_481.txt air/gen_1777014235_484.txt air/gen_1777014243_487.txt air/gen_1777014250_490.txt air/gen_1777014258_493.txt air/gen_1777014266_496.txt air/gen_1777014274_499.txt air/gen_1777014281_502.txt air/gen_1777014289_505.txt air/gen_1777014297_508.txt air/gen_1777014304_511.txt air/gen_1777014312_514.txt air/gen_1777014320_517.txt air/gen_1777014328_520.txt air/gen_1777014336_523.txt air/gen_1777014343_526.txt air/gen_1777014351_529.txt air/gen_1777014359_532.txt air/gen_1777014367_535.txt air/gen_1777014374_538.txt air/gen_1777014382_541.txt air/gen_1777014397_547.txt air/gen_1777014405_550.txt air/gen_1777014413_553.txt air/gen_1777014420_556.txt air/gen_1777014428_559.txt air/gen_1777014436_562.txt air/gen_1777014443_565.txt air/gen_1777014451_568.txt air/gen_1777014459_571.txt air/gen_1777014466_574.txt air/gen_1777014474_577.txt air/gen_1777014481_580.txt air/gen_1777014489_583.txt air/gen_1777014497_586.txt air/gen_1777014505_589.txt air/gen_1777014512_592.txt air/gen_1777014520_595.txt air/gen_1777014528_598.txt air/gen_1777014536_601.txt air/gen_1777014543_604.txt air/gen_1777014551_607.txt air/gen_1777014559_610.txt air/gen_1777014566_613.txt air/gen_1777014574_616.txt air/gen_1777014582_619.txt air/gen_1777014590_622.txt air/gen_1777014597_625.txt air/gen_1777014605_628.txt air/gen_1777014613_631.txt air/gen_1777014621_634.txt air/gen_1777014628_637.txt air/gen_1777014636_640.txt air/gen_1777014644_643.txt air/gen_1777014652_646.txt air/gen_1777014660_649.txt air/gen_1777014667_652.txt air/gen_1777014675_655.txt air/gen_1777014683_658.txt air/gen_1777014691_661.txt air/gen_1777014698_664.txt air/gen_1777014706_667.txt air/gen_1777014714_670.txt air/gen_1777014722_673.txt air/gen_1777014729_676.txt air/gen_1777014737_679.txt air/gen_1777014745_682.txt air/gen_1777014753_685.txt air/gen_1777014760_688.txt air/gen_1777014768_691.txt]
[trainer] micro-train burst (17576 bytes, novelty 0.03) — and lo, it feeds again.
[syntropy] action=explore | trend=0.0000 | field_dev=-0.031 | purpose_align=0.100 | lr_mul=1.30
[aml] burst complete: 32 steps, avg loss 1.9515 (memory freed)
[dna] water wrote 10 bytes to ecology
[dna] water wrote 154 bytes to ecology
[dna] water wrote 151 bytes to ecology
[dna] water wrote 28 bytes to ecology
[dna] water wrote 59 bytes to ecology
[dna] water wrote 127 bytes to ecology
[dna] water wrote 51 bytes to ecology
[dna] water wrote 33 bytes to ecology
[dna] water wrote 162 bytes to ecology
[dna] water wrote 206 bytes to ecology
[dna] water wrote 54 bytes to ecology
[dna] water wrote 13 bytes to ecology
[dna] water wrote 65 bytes to ecology
[dna] water wrote 51 bytes to ecology
[dna] water wrote 56 bytes to ecology
[dna] water wrote 46 bytes to ecology
[dna] water wrote 10 bytes to ecology
[dna] water wrote 65 bytes to ecology
[dna] water wrote 49 bytes to ecology
[dna] water wrote 23 bytes to ecology
[dna] water wrote 56 bytes to ecology
[dna] water wrote 51 bytes to ecology
[debug-onto] tick=50 corpus=143503 stage=2 freeze=0
[dna] water wrote 119 bytes to ecology
[dna] water wrote 58 bytes to ecology
[dna] water wrote 75 bytes to ecology
[dna] water wrote 16 bytes to ecology
[dna] water wrote 23 bytes to ecology
[dna] water wrote 74 bytes to ecology
[dna] water wrote 90 bytes to ecology
[dna] water wrote 21 bytes to ecology
[dna] water wrote 113 bytes to ecology
[dna] water wrote 60 bytes to ecology
[dna] water wrote 48 bytes to ecology
[dna] water wrote 32 bytes to ecology
[dna] water wrote 109 bytes to ecology
[dna] water wrote 50 bytes to ecology
[dna] water wrote 50 bytes to ecology
[dna] water wrote 47 bytes to ecology
[dna] water wrote 42 bytes to ecology
[dna] water wrote 60 bytes to ecology
[dna] water wrote 64 bytes to ecology
[dna] water wrote 89 bytes to ecology
[dna] water wrote 98 bytes to ecology
[dna] water wrote 76 bytes to ecology
[dna] water wrote 24 bytes to ecology
[dna] water wrote 109 bytes to ecology
[debug-onto] tick=100 corpus=143503 stage=2 freeze=0
[dna] water wrote 88 bytes to ecology
[dna] water wrote 6 bytes to ecology
[dna] water wrote 70 bytes to ecology
[dna] water wrote 134 bytes to ecology
[dna] water wrote 79 bytes to ecology
[dna] water wrote 104 bytes to ecology
[dna] water wrote 33 bytes to ecology
[dna] water wrote 43 bytes to ecology
[dna] water wrote 29 bytes to ecology
[dna] water wrote 25 bytes to ecology
[dna] water wrote 37 bytes to ecology
[dna] water wrote 12 bytes to ecology
[dna] water wrote 26 bytes to ecology
[dna] water wrote 113 bytes to ecology
[dna] water wrote 140 bytes to ecology
[dna] water wrote 103 bytes to ecology
[dna] water wrote 228 bytes to ecology
[dna] water wrote 33 bytes to ecology
[dna] water wrote 13 bytes to ecology
[debug-onto] tick=150 corpus=143503 stage=2 freeze=0
[dna] water wrote 80 bytes to ecology
[dna] water wrote 42 bytes to ecology
[dna] water wrote 30 bytes to ecology
[dna] water wrote 26 bytes to ecology
[dna] water wrote 28 bytes to ecology
[dna] water wrote 31 bytes to ecology
[dna] water wrote 93 bytes to ecology
[dna] water wrote 24 bytes to ecology
[dna] water wrote 50 bytes to ecology
[dna] water wrote 54 bytes to ecology
[dna] water wrote 79 bytes to ecology
[dna] water wrote 48 bytes to ecology
[dna] water wrote 25 bytes to ecology
[dna] water wrote 40 bytes to ecology
[dna] water wrote 103 bytes to ecology
[dna] water wrote 56 bytes to ecology
[dna] water wrote 28 bytes to ecology
[dna] water wrote 80 bytes to ecology
[dna] water wrote 74 bytes to ecology
[dna] water wrote 59 bytes to ecology
[dna] water wrote 29 bytes to ecology
[debug-onto] tick=200 corpus=143503 stage=2 freeze=0
[dna] water wrote 113 bytes to ecology
[dna] water wrote 39 bytes to ecology
[dna] water wrote 79 bytes to ecology
[dna] water wrote 28 bytes to ecology
[dna] water wrote 231 bytes to ecology
[dna] water wrote 49 bytes to ecology
[dna] water wrote 100 bytes to ecology
[dna] water wrote 127 bytes to ecology
[dna] water wrote 45 bytes to ecology
[dna] water wrote 37 bytes to ecology
[dna] water wrote 40 bytes to ecology
[dna] water wrote 17 bytes to ecology
[dna] water wrote 29 bytes to ecology
[dna] water wrote 21 bytes to ecology
[dna] water wrote 39 bytes to ecology
[dna] water wrote 39 bytes to ecology
[dna] water wrote 14 bytes to ecology
[dna] water wrote 87 bytes to ecology
[dna] water wrote 37 bytes to ecology
[dna] water wrote 13 bytes to ecology
[dna] water wrote 26 bytes to ecology
[dna] water wrote 47 bytes to ecology
[dna] water wrote 37 bytes to ecology
[debug-onto] tick=250 corpus=143503 stage=2 freeze=0
[dna] water wrote 29 bytes to ecology
[dna] water wrote 59 bytes to ecology
[dna] water wrote 26 bytes to ecology
[dna] water wrote 35 bytes to ecology
[dna] water wrote 30 bytes to ecology
[dna] water wrote 45 bytes to ecology
[dna] water wrote 35 bytes to ecology
[dna] water wrote 38 bytes to ecology
[dna] water wrote 76 bytes to ecology
[dna] water wrote 102 bytes to ecology
[dna] water wrote 103 bytes to ecology
[dna] water wrote 31 bytes to ecology
[dna] water wrote 48 bytes to ecology
[dna] water wrote 43 bytes to ecology
[dna] water wrote 52 bytes to ecology
[dna] water wrote 68 bytes to ecology
[dna] water wrote 41 bytes to ecology
[dna] water wrote 90 bytes to ecology
[dna] water wrote 23 bytes to ecology
[dna] water wrote 24 bytes to ecology
[dna] water wrote 46 bytes to ecology
[debug-onto] tick=300 corpus=143503 stage=2 freeze=0
[dna] water wrote 74 bytes to ecology
[dna] water wrote 45 bytes to ecology
[dna] water wrote 64 bytes to ecology
[dna] water wrote 42 bytes to ecology
[dna] water wrote 80 bytes to ecology
[dna] water wrote 22 bytes to ecology
[dna] water wrote 188 bytes to ecology
[dna] water wrote 7 bytes to ecology
[dna] water wrote 46 bytes to ecology
[dna] water wrote 92 bytes to ecology
[dna] water wrote 68 bytes to ecology
[dna] water wrote 30 bytes to ecology
[dna] water wrote 51 bytes to ecology
[dna] water wrote 52 bytes to ecology
[dna] water wrote 27 bytes to ecology
[dna] water wrote 67 bytes to ecology
[dna] water wrote 43 bytes to ecology
[dna] water wrote 24 bytes to ecology
[dna] water wrote 79 bytes to ecology
[dna] water wrote 83 bytes to ecology
[dna] water wrote 32 bytes to ecology
[dna] water wrote 38 bytes to ecology
[dna] water wrote 110 bytes to ecology
[debug-onto] tick=350 corpus=143503 stage=2 freeze=0
[dna] water wrote 60 bytes to ecology
[dna] water wrote 35 bytes to ecology
[dna] water wrote 20 bytes to ecology
[dna] water wrote 50 bytes to ecology
[dna] water wrote 30 bytes to ecology
[dna] water wrote 94 bytes to ecology
[dna] water wrote 23 bytes to ecology
[dna] water wrote 48 bytes to ecology
[dna] water wrote 121 bytes to ecology
[dna] water wrote 12 bytes to ecology
[dna] water wrote 67 bytes to ecology
[dna] water wrote 43 bytes to ecology
[dna] water wrote 20 bytes to ecology
[dna] water wrote 87 bytes to ecology
[dna] water wrote 100 bytes to ecology
[dna] water wrote 85 bytes to ecology
[dna] water wrote 72 bytes to ecology
[dna] water wrote 27 bytes to ecology
[dna] water wrote 115 bytes to ecology
[dna] water wrote 135 bytes to ecology
[dna] water wrote 128 bytes to ecology
[dna] water wrote 61 bytes to ecology
[dna] water wrote 20 bytes to ecology
[dna] water wrote 121 bytes to ecology
[debug-onto] tick=400 corpus=143503 stage=2 freeze=0
[dna] water wrote 33 bytes to ecology
[dna] water wrote 39 bytes to ecology
[dna] water wrote 10 bytes to ecology
[dna] water wrote 83 bytes to ecology
[dna] water wrote 24 bytes to ecology
[dna] water wrote 119 bytes to ecology
[dna] water wrote 46 bytes to ecology
[dna] water wrote 80 bytes to ecology
[dna] water wrote 36 bytes to ecology
[dna] water wrote 13 bytes to ecology
[dna] water wrote 49 bytes to ecology
[dna] water wrote 46 bytes to ecology
[dna] water wrote 142 bytes to ecology
[dna] water wrote 60 bytes to ecology
[dna] water wrote 96 bytes to ecology
[dna] water wrote 23 bytes to ecology
[dna] water wrote 18 bytes to ecology
[dna] water wrote 64 bytes to ecology
[dna] water wrote 24 bytes to ecology
[dna] water wrote 10 bytes to ecology
[dna] water wrote 73 bytes to ecology
[dna] water wrote 60 bytes to ecology
[debug-onto] tick=450 corpus=143503 stage=2 freeze=0
[dna] water wrote 31 bytes to ecology
[dna] water wrote 66 bytes to ecology
[dna] water wrote 51 bytes to ecology
[dna] water wrote 39 bytes to ecology
[dna] water wrote 75 bytes to ecology
[dna] water wrote 54 bytes to ecology
[dna] water wrote 51 bytes to ecology
[dna] water wrote 14 bytes to ecology
[dna] water wrote 51 bytes to ecology
[dna] water wrote 114 bytes to ecology
[dna] water wrote 86 bytes to ecology
[dna] water wrote 30 bytes to ecology
[dna] water wrote 59 bytes to ecology
[dna] water wrote 41 bytes to ecology
[dna] water wrote 54 bytes to ecology
[dna] water wrote 63 bytes to ecology
[dna] water wrote 41 bytes to ecology
[dna] water wrote 55 bytes to ecology
[dna] water wrote 70 bytes to ecology
[dna] water wrote 87 bytes to ecology
[dna] water wrote 55 bytes to ecology
[dna] water wrote 19 bytes to ecology
[dna] water wrote 43 bytes to ecology
[dna] water wrote 35 bytes to ecology
[debug-onto] tick=500 corpus=143503 stage=2 freeze=0
[dna] water wrote 54 bytes to ecology
[dna] water wrote 47 bytes to ecology
[dna] water wrote 79 bytes to ecology
[dna] water wrote 38 bytes to ecology
[dna] water wrote 133 bytes to ecology
[dna] water wrote 39 bytes to ecology
[dna] water wrote 27 bytes to ecology
[dna] water wrote 69 bytes to ecology
[dna] water wrote 126 bytes to ecology
[dna] water wrote 102 bytes to ecology
[dna] water wrote 29 bytes to ecology
[dna] water wrote 32 bytes to ecology
[dna] water wrote 28 bytes to ecology
[dna] water wrote 53 bytes to ecology
[dna] water wrote 30 bytes to ecology
[dna] water wrote 41 bytes to ecology
[dna] water wrote 12 bytes to ecology
[dna] water wrote 77 bytes to ecology
[dna] water wrote 53 bytes to ecology
[dna] water wrote 10 bytes to ecology
[dna] water wrote 52 bytes to ecology
[debug-onto] tick=550 corpus=143503 stage=2 freeze=0
[dna] water wrote 61 bytes to ecology
[dna] water wrote 37 bytes to ecology
[dna] water wrote 48 bytes to ecology
[dna] water wrote 70 bytes to ecology
[dna] water wrote 63 bytes to ecology
[dna] water wrote 40 bytes to ecology
[dna] water wrote 83 bytes to ecology
[dna] water wrote 73 bytes to ecology
[dna] water wrote 20 bytes to ecology
[dna] water wrote 77 bytes to ecology
[dna] water wrote 54 bytes to ecology
[dna] water wrote 54 bytes to ecology
[dna] water wrote 122 bytes to ecology
[dna] water wrote 34 bytes to ecology
[dna] water wrote 47 bytes to ecology
[dna] water wrote 64 bytes to ecology
[dna] water wrote 22 bytes to ecology
[dna] water wrote 22 bytes to ecology
[dna] water wrote 54 bytes to ecology
[dna] water wrote 106 bytes to ecology
[dna] water wrote 48 bytes to ecology
[dna] water wrote 21 bytes to ecology
[debug-onto] tick=600 corpus=143503 stage=2 freeze=0
[dna] water wrote 39 bytes to ecology
[dna] water wrote 65 bytes to ecology
[dna] water wrote 139 bytes to ecology
[dna] water wrote 27 bytes to ecology
[dna] water wrote 47 bytes to ecology
[dna] water wrote 72 bytes to ecology
[dna] water wrote 38 bytes to ecology
[dna] water wrote 44 bytes to ecology
[dna] water wrote 114 bytes to ecology
[dna] water wrote 173 bytes to ecology
[dna] water wrote 43 bytes to ecology
[dna] water wrote 13 bytes to ecology
[dna] water wrote 26 bytes to ecology
[dna] water wrote 123 bytes to ecology
[dna] water wrote 377 bytes to ecology
[dna] water wrote 84 bytes to ecology

[evolution] Organism shutting down gracefully.
