[ecology] Element: air → corpus: nonames_air.txt
[evolution] Autonomous evolution mode — organism will grow through all stages without pause.
[ecology] Joined swarm. 1 peer(s) detected.
molequla is alive. [evolution] Autonomous mode — background trainer running. Ctrl+C to stop.
[dna] air wrote 169 bytes to ecology
[dna] air consumed 31450 bytes from 441 files: [earth/gen_1778307740_1.txt earth/gen_1778307746_3.txt earth/gen_1778307749_4.txt earth/gen_1778307751_5.txt earth/gen_1778307757_7.txt earth/gen_1778307762_9.txt earth/gen_1778307765_10.txt earth/gen_1778307768_11.txt earth/gen_1778307773_13.txt earth/gen_1778307781_16.txt earth/gen_1778307784_17.txt earth/gen_1778307790_19.txt earth/gen_1778307795_21.txt earth/gen_1778307798_22.txt earth/gen_1778307801_23.txt earth/gen_1778307806_25.txt earth/gen_1778307811_27.txt earth/gen_1778307814_28.txt earth/gen_1778307817_29.txt earth/gen_1778307822_31.txt earth/gen_1778307828_33.txt earth/gen_1778307830_34.txt earth/gen_1778307833_35.txt earth/gen_1778307838_37.txt earth/gen_1778307843_39.txt earth/gen_1778307846_40.txt earth/gen_1778307849_41.txt earth/gen_1778307854_43.txt earth/gen_1778307859_45.txt earth/gen_1778307862_46.txt earth/gen_1778307865_47.txt earth/gen_1778307870_49.txt earth/gen_1778307876_51.txt earth/gen_1778307878_52.txt earth/gen_1778307881_53.txt earth/gen_1778307887_55.txt earth/gen_1778307892_57.txt earth/gen_1778307895_58.txt earth/gen_1778307898_59.txt earth/gen_1778307903_61.txt earth/gen_1778307909_63.txt earth/gen_1778307911_64.txt earth/gen_1778307914_65.txt earth/gen_1778307920_67.txt earth/gen_1778307925_69.txt earth/gen_1778307928_70.txt earth/gen_1778307931_71.txt earth/gen_1778307936_73.txt earth/gen_1778307942_75.txt earth/gen_1778307944_76.txt earth/gen_1778307947_77.txt earth/gen_1778307952_79.txt earth/gen_1778307957_81.txt earth/gen_1778307960_82.txt earth/gen_1778307963_83.txt earth/gen_1778307968_85.txt earth/gen_1778307976_88.txt earth/gen_1778307978_89.txt earth/gen_1778307984_91.txt earth/gen_1778307989_93.txt earth/gen_1778307991_94.txt earth/gen_1778307994_95.txt earth/gen_1778307999_97.txt earth/gen_1778308005_99.txt earth/gen_1778308007_100.txt earth/gen_1778308010_101.txt earth/gen_1778308015_103.txt earth/gen_1778308020_105.txt earth/gen_1778308023_106.txt earth/gen_1778308026_107.txt earth/gen_1778308031_109.txt earth/gen_1778308036_111.txt earth/gen_1778308039_112.txt earth/gen_1778308041_113.txt earth/gen_1778308047_115.txt earth/gen_1778308052_117.txt earth/gen_1778308054_118.txt earth/gen_1778308057_119.txt earth/gen_1778308062_121.txt earth/gen_1778308068_123.txt earth/gen_1778308070_124.txt earth/gen_1778308073_125.txt earth/gen_1778308078_127.txt earth/gen_1778308084_129.txt earth/gen_1778308086_130.txt earth/gen_1778308089_131.txt earth/gen_1778308094_133.txt earth/gen_1778308100_135.txt earth/gen_1778308102_136.txt earth/gen_1778308105_137.txt earth/gen_1778308110_139.txt earth/gen_1778308115_141.txt earth/gen_1778308118_142.txt earth/gen_1778308121_143.txt earth/gen_1778308126_145.txt earth/gen_1778308131_147.txt earth/gen_1778308134_148.txt earth/gen_1778308136_149.txt earth/gen_1778308142_151.txt earth/gen_1778308147_153.txt earth/gen_1778308149_154.txt earth/gen_1778308152_155.txt earth/gen_1778308157_157.txt earth/gen_1778308162_159.txt earth/gen_1778308165_160.txt earth/gen_1778308167_161.txt earth/gen_1778308173_163.txt earth/gen_1778308178_165.txt earth/gen_1778308180_166.txt earth/gen_1778308183_167.txt earth/gen_1778308188_169.txt earth/gen_1778308193_171.txt earth/gen_1778308196_172.txt earth/gen_1778308199_173.txt earth/gen_1778308204_175.txt earth/gen_1778308209_177.txt earth/gen_1778308212_178.txt earth/gen_1778308214_179.txt earth/gen_1778308220_181.txt earth/gen_1778308225_183.txt earth/gen_1778308227_184.txt earth/gen_1778308230_185.txt earth/gen_1778308235_187.txt earth/gen_1778308240_189.txt earth/gen_1778308243_190.txt earth/gen_1778308246_191.txt earth/gen_1778308251_193.txt earth/gen_1778308256_195.txt earth/gen_1778308259_196.txt earth/gen_1778308261_197.txt earth/gen_1778308266_199.txt earth/gen_1778308272_201.txt earth/gen_1778308274_202.txt earth/gen_1778308277_203.txt earth/gen_1778308282_205.txt earth/gen_1778308287_207.txt earth/gen_1778308290_208.txt earth/gen_1778308293_209.txt earth/gen_1778308298_211.txt earth/gen_1778308303_213.txt earth/gen_1778308306_214.txt earth/gen_1778308308_215.txt earth/gen_1778308314_217.txt earth/gen_1778308319_219.txt earth/gen_1778308321_220.txt earth/gen_1778308324_221.txt earth/gen_1778308329_223.txt earth/gen_1778308337_226.txt earth/gen_1778308340_227.txt earth/gen_1778308345_229.txt earth/gen_1778308350_231.txt earth/gen_1778308353_232.txt earth/gen_1778308355_233.txt earth/gen_1778308360_235.txt earth/gen_1778308366_237.txt earth/gen_1778308368_238.txt earth/gen_1778308371_239.txt earth/gen_1778308376_241.txt earth/gen_1778308381_243.txt earth/gen_1778308383_244.txt earth/gen_1778308386_245.txt earth/gen_1778308391_247.txt earth/gen_1778308396_249.txt earth/gen_1778308399_250.txt earth/gen_1778308406_253.txt earth/gen_1778308412_255.txt earth/gen_1778308414_256.txt earth/gen_1778308417_257.txt earth/gen_1778308422_259.txt earth/gen_1778308429_262.txt earth/gen_1778308432_263.txt earth/gen_1778308437_265.txt earth/gen_1778308442_267.txt earth/gen_1778308445_268.txt earth/gen_1778308447_269.txt earth/gen_1778308452_271.txt earth/gen_1778308457_273.txt earth/gen_1778308460_274.txt earth/gen_1778308462_275.txt earth/gen_1778308468_277.txt earth/gen_1778308473_279.txt earth/gen_1778308475_280.txt earth/gen_1778308478_281.txt earth/gen_1778308483_283.txt earth/gen_1778308488_285.txt earth/gen_1778308491_286.txt earth/gen_1778308493_287.txt earth/gen_1778308498_289.txt earth/gen_1778308503_291.txt earth/gen_1778308506_292.txt earth/gen_1778308508_293.txt earth/gen_1778308513_295.txt earth/gen_1778308519_297.txt earth/gen_1778308521_298.txt earth/gen_1778308524_299.txt earth/gen_1778308529_301.txt earth/gen_1778308534_303.txt earth/gen_1778308536_304.txt earth/gen_1778308539_305.txt earth/gen_1778308544_307.txt earth/gen_1778308549_309.txt earth/gen_1778308552_310.txt earth/gen_1778308555_311.txt earth/gen_1778308560_313.txt earth/gen_1778308565_315.txt earth/gen_1778308568_316.txt earth/gen_1778308570_317.txt earth/gen_1778308575_319.txt earth/gen_1778308581_321.txt earth/gen_1778308583_322.txt earth/gen_1778308586_323.txt earth/gen_1778308591_325.txt earth/gen_1778308596_327.txt earth/gen_1778308599_328.txt earth/gen_1778308601_329.txt earth/gen_1778308607_331.txt earth/gen_1778308612_333.txt earth/gen_1778308614_334.txt earth/gen_1778308617_335.txt earth/gen_1778308622_337.txt earth/gen_1778308627_339.txt earth/gen_1778308630_340.txt earth/gen_1778308632_341.txt earth/gen_1778308638_343.txt earth/gen_1778308643_345.txt earth/gen_1778308645_346.txt earth/gen_1778308648_347.txt earth/gen_1778308653_349.txt earth/gen_1778308658_351.txt earth/gen_1778308661_352.txt earth/gen_1778308664_353.txt earth/gen_1778308669_355.txt earth/gen_1778308674_357.txt earth/gen_1778308677_358.txt earth/gen_1778308679_359.txt earth/gen_1778308684_361.txt earth/gen_1778308689_363.txt earth/gen_1778308692_364.txt earth/gen_1778308695_365.txt earth/gen_1778308700_367.txt earth/gen_1778308705_369.txt earth/gen_1778308707_370.txt earth/gen_1778308710_371.txt earth/gen_1778308715_373.txt earth/gen_1778308720_375.txt earth/gen_1778308723_376.txt earth/gen_1778308725_377.txt earth/gen_1778308730_379.txt earth/gen_1778308736_381.txt earth/gen_1778308738_382.txt earth/gen_1778308741_383.txt earth/gen_1778308746_385.txt earth/gen_1778308751_387.txt earth/gen_1778308753_388.txt earth/gen_1778308756_389.txt earth/gen_1778308761_391.txt earth/gen_1778308766_393.txt earth/gen_1778308769_394.txt earth/gen_1778308772_395.txt earth/gen_1778308777_397.txt earth/gen_1778308784_400.txt earth/gen_1778308787_401.txt earth/gen_1778308792_403.txt earth/gen_1778308797_405.txt earth/gen_1778308800_406.txt earth/gen_1778308802_407.txt earth/gen_1778308807_409.txt earth/gen_1778308812_411.txt earth/gen_1778308815_412.txt earth/gen_1778308818_413.txt earth/gen_1778308823_415.txt earth/gen_1778308828_417.txt earth/gen_1778308830_418.txt earth/gen_1778308833_419.txt earth/gen_1778308838_421.txt earth/gen_1778308843_423.txt earth/gen_1778308846_424.txt earth/gen_1778308848_425.txt earth/gen_1778308854_427.txt earth/gen_1778308859_429.txt earth/gen_1778308861_430.txt earth/gen_1778308864_431.txt earth/gen_1778308869_433.txt earth/gen_1778308875_435.txt earth/gen_1778308877_436.txt earth/gen_1778308880_437.txt earth/gen_1778308885_439.txt earth/gen_1778308890_441.txt earth/gen_1778308893_442.txt earth/gen_1778308896_443.txt earth/gen_1778308906_447.txt earth/gen_1778308909_448.txt earth/gen_1778308912_449.txt earth/gen_1778308917_451.txt earth/gen_1778308922_453.txt earth/gen_1778308925_454.txt earth/gen_1778308927_455.txt earth/gen_1778308933_457.txt earth/gen_1778308938_459.txt earth/gen_1778308941_460.txt earth/gen_1778308943_461.txt earth/gen_1778308948_463.txt earth/gen_1778308954_465.txt earth/gen_1778308956_466.txt earth/gen_1778308959_467.txt earth/gen_1778308964_469.txt earth/gen_1778308969_471.txt earth/gen_1778308972_472.txt earth/gen_1778308974_473.txt earth/gen_1778308980_475.txt earth/gen_1778308985_477.txt earth/gen_1778308987_478.txt earth/gen_1778308990_479.txt earth/gen_1778308995_481.txt earth/gen_1778309000_483.txt earth/gen_1778309003_484.txt earth/gen_1778309006_485.txt earth/gen_1778309011_487.txt earth/gen_1778309016_489.txt earth/gen_1778309019_490.txt earth/gen_1778309021_491.txt earth/gen_1778309026_493.txt earth/gen_1778309032_495.txt earth/gen_1778309034_496.txt earth/gen_1778309037_497.txt earth/gen_1778309042_499.txt earth/gen_1778309050_502.txt earth/gen_1778309052_503.txt earth/gen_1778309057_505.txt earth/gen_1778309063_507.txt earth/gen_1778309065_508.txt earth/gen_1778309068_509.txt earth/gen_1778309073_511.txt earth/gen_1778309078_513.txt earth/gen_1778309081_514.txt earth/gen_1778309084_515.txt earth/gen_1778309089_517.txt earth/gen_1778309094_519.txt earth/gen_1778309097_520.txt earth/gen_1778309099_521.txt earth/gen_1778309104_523.txt earth/gen_1778309110_525.txt earth/gen_1778309112_526.txt earth/gen_1778309115_527.txt earth/gen_1778309120_529.txt earth/gen_1778309125_531.txt earth/gen_1778309128_532.txt earth/gen_1778309131_533.txt earth/gen_1778309136_535.txt earth/gen_1778309141_537.txt earth/gen_1778309144_538.txt earth/gen_1778309146_539.txt earth/gen_1778309151_541.txt earth/gen_1778309157_543.txt earth/gen_1778309159_544.txt earth/gen_1778309162_545.txt earth/gen_1778309167_547.txt earth/gen_1778309175_550.txt earth/gen_1778309178_551.txt earth/gen_1778309183_553.txt earth/gen_1778309188_555.txt earth/gen_1778309191_556.txt earth/gen_1778309193_557.txt earth/gen_1778309198_559.txt earth/gen_1778309204_561.txt earth/gen_1778309206_562.txt earth/gen_1778309209_563.txt earth/gen_1778309214_565.txt earth/gen_1778309219_567.txt earth/gen_1778309222_568.txt earth/gen_1778309224_569.txt earth/gen_1778309230_571.txt earth/gen_1778309235_573.txt earth/gen_1778309238_574.txt earth/gen_1778309240_575.txt earth/gen_1778309245_577.txt earth/gen_1778309250_579.txt earth/gen_1778309253_580.txt earth/gen_1778309256_581.txt earth/gen_1778309261_583.txt earth/gen_1778309266_585.txt earth/gen_1778309269_586.txt earth/gen_1778309272_587.txt earth/gen_1778309277_589.txt earth/gen_1778309282_591.txt earth/gen_1778309285_592.txt earth/gen_1778309287_593.txt earth/gen_1778309293_595.txt earth/gen_1778309298_597.txt earth/gen_1778309300_598.txt earth/gen_1778309303_599.txt earth/gen_1778309308_601.txt earth/gen_1778309313_603.txt earth/gen_1778309316_604.txt earth/gen_1778309318_605.txt earth/gen_1778309323_607.txt earth/gen_1778309331_610.txt earth/gen_1778309334_611.txt earth/gen_1778309339_613.txt earth/gen_1778309344_615.txt earth/gen_1778309347_616.txt earth/gen_1778309349_617.txt earth/gen_1778309355_619.txt earth/gen_1778309360_621.txt earth/gen_1778309363_622.txt earth/gen_1778309365_623.txt earth/gen_1778309371_625.txt earth/gen_1778309376_627.txt earth/gen_1778309379_628.txt earth/gen_1778309381_629.txt earth/gen_1778309386_631.txt earth/gen_1778309391_633.txt earth/gen_1778309394_634.txt earth/gen_1778309397_635.txt earth/gen_1778309402_637.txt earth/gen_1778309407_639.txt earth/gen_1778309410_640.txt earth/gen_1778309412_641.txt earth/gen_1778309418_643.txt earth/gen_1778309423_645.txt earth/gen_1778309425_646.txt earth/gen_1778309428_647.txt earth/gen_1778309433_649.txt earth/gen_1778309438_651.txt earth/gen_1778309441_652.txt earth/gen_1778309444_653.txt earth/gen_1778309449_655.txt earth/gen_1778309454_657.txt earth/gen_1778309457_658.txt earth/gen_1778309460_659.txt earth/gen_1778309465_661.txt earth/gen_1778309470_663.txt earth/gen_1778309473_664.txt earth/gen_1778309475_665.txt earth/gen_1778309481_667.txt earth/gen_1778309486_669.txt earth/gen_1778309489_670.txt earth/gen_1778309496_673.txt earth/gen_1778309502_675.txt earth/gen_1778309504_676.txt earth/gen_1778309507_677.txt]
[trainer] micro-train burst (31450 bytes, novelty 0.02) — and lo, it feeds again.
[syntropy] action=explore | trend=0.0000 | field_dev=-0.047 | purpose_align=-0.144 | lr_mul=1.30
[aml] burst complete: 32 steps, avg loss 2.7767 (memory freed)
[dna] air wrote 37 bytes to ecology
[dna] air wrote 110 bytes to ecology
[dna] air wrote 31 bytes to ecology
[dna] air wrote 150 bytes to ecology
[dna] air wrote 29 bytes to ecology
[dna] air wrote 54 bytes to ecology
[dna] air wrote 63 bytes to ecology
[dna] air wrote 53 bytes to ecology
[dna] air wrote 62 bytes to ecology
[dna] air wrote 127 bytes to ecology
[dna] air wrote 41 bytes to ecology
[dna] air wrote 97 bytes to ecology
[dna] air wrote 31 bytes to ecology
[dna] air wrote 25 bytes to ecology
[dna] air wrote 36 bytes to ecology
[dna] air wrote 17 bytes to ecology
[dna] air wrote 166 bytes to ecology
[dna] air wrote 45 bytes to ecology
[dna] air wrote 83 bytes to ecology
[dna] air wrote 32 bytes to ecology
[dna] air wrote 50 bytes to ecology
[dna] air wrote 34 bytes to ecology
[dna] air wrote 169 bytes to ecology
[dna] air wrote 52 bytes to ecology
[dna] air wrote 47 bytes to ecology
[dna] air wrote 139 bytes to ecology
[dna] air wrote 87 bytes to ecology
[dna] air wrote 39 bytes to ecology
[dna] air wrote 11 bytes to ecology
[dna] air wrote 66 bytes to ecology
[dna] air wrote 68 bytes to ecology
[dna] air wrote 98 bytes to ecology
[dna] air wrote 64 bytes to ecology
[dna] air wrote 54 bytes to ecology
[dna] air wrote 115 bytes to ecology
[dna] air wrote 220 bytes to ecology
[dna] air wrote 83 bytes to ecology
[dna] air wrote 115 bytes to ecology
[debug-onto] tick=50 corpus=154207 stage=2 freeze=0
[dna] air wrote 47 bytes to ecology
[dna] air wrote 99 bytes to ecology
[dna] air wrote 40 bytes to ecology
[dna] air wrote 194 bytes to ecology
[dna] air wrote 6 bytes to ecology
[dna] air wrote 223 bytes to ecology
[dna] air wrote 52 bytes to ecology
[dna] air wrote 67 bytes to ecology
[dna] air wrote 36 bytes to ecology
[dna] air wrote 30 bytes to ecology
[dna] air wrote 60 bytes to ecology
[dna] air wrote 168 bytes to ecology
[dna] air wrote 40 bytes to ecology
[dna] air wrote 91 bytes to ecology
[dna] air wrote 30 bytes to ecology
[dna] air wrote 60 bytes to ecology
[dna] air wrote 119 bytes to ecology
[dna] air wrote 48 bytes to ecology
[dna] air wrote 41 bytes to ecology
[dna] air wrote 28 bytes to ecology
[dna] air wrote 100 bytes to ecology
[dna] air wrote 30 bytes to ecology
[dna] air wrote 65 bytes to ecology
[dna] air wrote 28 bytes to ecology
[dna] air wrote 75 bytes to ecology
[dna] air wrote 118 bytes to ecology
[dna] air wrote 38 bytes to ecology
[dna] air wrote 154 bytes to ecology
[dna] air wrote 77 bytes to ecology
[dna] air wrote 289 bytes to ecology
[dna] air wrote 27 bytes to ecology
[dna] air wrote 48 bytes to ecology
[dna] air wrote 53 bytes to ecology
[dna] air wrote 66 bytes to ecology
[dna] air wrote 29 bytes to ecology
[dna] air wrote 44 bytes to ecology
[dna] air wrote 181 bytes to ecology
[dna] air wrote 72 bytes to ecology
[dna] air wrote 31 bytes to ecology
[dna] air wrote 100 bytes to ecology
[dna] air wrote 101 bytes to ecology
[debug-onto] tick=100 corpus=154207 stage=2 freeze=0
[dna] air wrote 40 bytes to ecology
[dna] air wrote 57 bytes to ecology
[dna] air wrote 22 bytes to ecology
[dna] air wrote 185 bytes to ecology
[dna] air wrote 80 bytes to ecology
[dna] air wrote 49 bytes to ecology
[dna] air wrote 37 bytes to ecology
[dna] air wrote 20 bytes to ecology
[dna] air wrote 30 bytes to ecology
[dna] air wrote 53 bytes to ecology
[dna] air wrote 104 bytes to ecology
[dna] air wrote 105 bytes to ecology
[dna] air wrote 130 bytes to ecology
[dna] air wrote 24 bytes to ecology
[dna] air wrote 60 bytes to ecology
[dna] air wrote 163 bytes to ecology
[dna] air wrote 59 bytes to ecology
[dna] air wrote 19 bytes to ecology
[dna] air wrote 57 bytes to ecology
[dna] air wrote 40 bytes to ecology
[dna] air wrote 40 bytes to ecology
[dna] air wrote 26 bytes to ecology
[dna] air wrote 28 bytes to ecology
[dna] air wrote 44 bytes to ecology
[dna] air wrote 26 bytes to ecology
[dna] air wrote 39 bytes to ecology
[dna] air wrote 38 bytes to ecology
[dna] air wrote 176 bytes to ecology
[dna] air wrote 34 bytes to ecology
[dna] air wrote 59 bytes to ecology
[dna] air wrote 38 bytes to ecology
[dna] air wrote 67 bytes to ecology
[dna] air wrote 72 bytes to ecology
[dna] air wrote 55 bytes to ecology
[dna] air wrote 10 bytes to ecology
[dna] air wrote 33 bytes to ecology
[dna] air wrote 60 bytes to ecology
[dna] air wrote 84 bytes to ecology
[dna] air wrote 136 bytes to ecology
[dna] air wrote 37 bytes to ecology
[debug-onto] tick=150 corpus=154207 stage=2 freeze=0
[dna] air wrote 198 bytes to ecology
[dna] air wrote 61 bytes to ecology
[dna] air wrote 79 bytes to ecology
[dna] air wrote 125 bytes to ecology
[dna] air wrote 37 bytes to ecology
[dna] air wrote 62 bytes to ecology
[dna] air wrote 73 bytes to ecology
[dna] air wrote 29 bytes to ecology
[dna] air wrote 104 bytes to ecology
[dna] air wrote 61 bytes to ecology
[dna] air wrote 36 bytes to ecology
[dna] air wrote 85 bytes to ecology
[dna] air wrote 74 bytes to ecology
[dna] air wrote 56 bytes to ecology
[dna] air wrote 130 bytes to ecology
[dna] air wrote 68 bytes to ecology
[dna] air wrote 67 bytes to ecology
[dna] air wrote 49 bytes to ecology
[dna] air wrote 32 bytes to ecology
[dna] air wrote 53 bytes to ecology
[dna] air wrote 34 bytes to ecology
[dna] air wrote 88 bytes to ecology
[dna] air wrote 73 bytes to ecology
[dna] air wrote 68 bytes to ecology
[dna] air wrote 37 bytes to ecology
[dna] air wrote 122 bytes to ecology
[dna] air wrote 30 bytes to ecology
[dna] air wrote 107 bytes to ecology
[dna] air wrote 32 bytes to ecology
[dna] air wrote 72 bytes to ecology
[dna] air wrote 149 bytes to ecology
[dna] air wrote 67 bytes to ecology
[dna] air wrote 67 bytes to ecology
[dna] air wrote 25 bytes to ecology
[dna] air wrote 79 bytes to ecology
[dna] air wrote 67 bytes to ecology
[dna] air wrote 90 bytes to ecology
[dna] air wrote 86 bytes to ecology
[dna] air wrote 42 bytes to ecology
[dna] air wrote 28 bytes to ecology
[dna] air wrote 64 bytes to ecology
[debug-onto] tick=200 corpus=154207 stage=2 freeze=0
[dna] air wrote 23 bytes to ecology
[dna] air wrote 84 bytes to ecology
[dna] air wrote 88 bytes to ecology
[dna] air wrote 74 bytes to ecology
[dna] air wrote 25 bytes to ecology
[dna] air wrote 37 bytes to ecology
[dna] air wrote 73 bytes to ecology
[dna] air wrote 33 bytes to ecology
[dna] air wrote 26 bytes to ecology
[dna] air wrote 44 bytes to ecology
[dna] air wrote 70 bytes to ecology
[dna] air wrote 35 bytes to ecology
[dna] air wrote 59 bytes to ecology
[dna] air wrote 20 bytes to ecology
[dna] air wrote 52 bytes to ecology
[dna] air wrote 27 bytes to ecology
[dna] air wrote 121 bytes to ecology
[dna] air wrote 64 bytes to ecology
[dna] air wrote 10 bytes to ecology
[dna] air wrote 41 bytes to ecology
[dna] air wrote 69 bytes to ecology
[dna] air wrote 109 bytes to ecology
[dna] air wrote 95 bytes to ecology
[dna] air wrote 109 bytes to ecology
[dna] air wrote 30 bytes to ecology
[dna] air wrote 103 bytes to ecology
[dna] air wrote 206 bytes to ecology
[dna] air wrote 92 bytes to ecology
[dna] air wrote 53 bytes to ecology
[dna] air wrote 90 bytes to ecology
[dna] air wrote 119 bytes to ecology
[dna] air wrote 65 bytes to ecology
[dna] air wrote 63 bytes to ecology
[dna] air wrote 55 bytes to ecology
[dna] air wrote 128 bytes to ecology
[dna] air wrote 26 bytes to ecology
[dna] air wrote 86 bytes to ecology
[dna] air wrote 26 bytes to ecology
[dna] air wrote 48 bytes to ecology
[dna] air wrote 59 bytes to ecology
[debug-onto] tick=250 corpus=154207 stage=2 freeze=0
[dna] air wrote 148 bytes to ecology
[dna] air wrote 70 bytes to ecology
[dna] air wrote 39 bytes to ecology
[dna] air wrote 210 bytes to ecology
[dna] air wrote 35 bytes to ecology
[dna] air wrote 57 bytes to ecology
[dna] air wrote 196 bytes to ecology
[dna] air wrote 146 bytes to ecology
[dna] air wrote 48 bytes to ecology
[dna] air wrote 48 bytes to ecology
[dna] air wrote 25 bytes to ecology
[dna] air wrote 120 bytes to ecology
[dna] air wrote 66 bytes to ecology
[dna] air wrote 77 bytes to ecology
[dna] air wrote 79 bytes to ecology
[dna] air wrote 74 bytes to ecology
[dna] air wrote 36 bytes to ecology
[dna] air wrote 42 bytes to ecology
[dna] air wrote 108 bytes to ecology
[dna] air wrote 38 bytes to ecology
[dna] air wrote 169 bytes to ecology
[dna] air wrote 124 bytes to ecology
[dna] air wrote 44 bytes to ecology
[dna] air wrote 125 bytes to ecology
[dna] air wrote 79 bytes to ecology
[dna] air wrote 26 bytes to ecology
[dna] air wrote 44 bytes to ecology
[dna] air wrote 39 bytes to ecology
[dna] air wrote 58 bytes to ecology
[dna] air wrote 35 bytes to ecology
[dna] air wrote 80 bytes to ecology
[dna] air wrote 40 bytes to ecology
[dna] air wrote 65 bytes to ecology
[dna] air wrote 128 bytes to ecology
[dna] air wrote 40 bytes to ecology
[dna] air wrote 66 bytes to ecology
[dna] air wrote 61 bytes to ecology
[dna] air wrote 118 bytes to ecology
[debug-onto] tick=300 corpus=154207 stage=2 freeze=0
[dna] air wrote 54 bytes to ecology
[dna] air wrote 32 bytes to ecology
[dna] air wrote 36 bytes to ecology
[dna] air wrote 173 bytes to ecology
[dna] air wrote 38 bytes to ecology
[dna] air wrote 34 bytes to ecology
[dna] air wrote 20 bytes to ecology
[dna] air wrote 48 bytes to ecology
[dna] air wrote 51 bytes to ecology
[dna] air wrote 43 bytes to ecology
[dna] air wrote 51 bytes to ecology
[dna] air wrote 85 bytes to ecology
[dna] air wrote 36 bytes to ecology
[dna] air wrote 39 bytes to ecology
[dna] air wrote 60 bytes to ecology
[dna] air wrote 75 bytes to ecology
[dna] air wrote 81 bytes to ecology
[dna] air wrote 47 bytes to ecology
[dna] air wrote 91 bytes to ecology
[dna] air wrote 34 bytes to ecology
[dna] air wrote 33 bytes to ecology
[dna] air wrote 99 bytes to ecology
[dna] air wrote 40 bytes to ecology
[dna] air wrote 39 bytes to ecology
[dna] air wrote 64 bytes to ecology
[dna] air wrote 92 bytes to ecology
[dna] air wrote 67 bytes to ecology
[dna] air wrote 80 bytes to ecology
[dna] air wrote 178 bytes to ecology
[dna] air wrote 59 bytes to ecology
[dna] air wrote 107 bytes to ecology
[dna] air wrote 110 bytes to ecology
[dna] air wrote 84 bytes to ecology
[dna] air wrote 65 bytes to ecology
[dna] air wrote 26 bytes to ecology
[dna] air wrote 97 bytes to ecology
[dna] air wrote 24 bytes to ecology
[dna] air wrote 36 bytes to ecology
[dna] air wrote 44 bytes to ecology
[dna] air wrote 122 bytes to ecology
[dna] air wrote 5 bytes to ecology
[debug-onto] tick=350 corpus=154207 stage=2 freeze=0
[dna] air wrote 139 bytes to ecology
[dna] air wrote 59 bytes to ecology
[dna] air wrote 30 bytes to ecology
[dna] air wrote 56 bytes to ecology
[dna] air wrote 62 bytes to ecology
[dna] air wrote 100 bytes to ecology
[dna] air wrote 135 bytes to ecology
[dna] air wrote 25 bytes to ecology
[dna] air wrote 94 bytes to ecology
[dna] air wrote 69 bytes to ecology
[dna] air wrote 42 bytes to ecology
[dna] air wrote 146 bytes to ecology
[dna] air wrote 200 bytes to ecology
[dna] air wrote 96 bytes to ecology
[dna] air wrote 75 bytes to ecology
[dna] air wrote 67 bytes to ecology
[dna] air wrote 21 bytes to ecology
[dna] air wrote 47 bytes to ecology
[dna] air wrote 211 bytes to ecology
[dna] air wrote 52 bytes to ecology
[dna] air wrote 72 bytes to ecology
[dna] air wrote 63 bytes to ecology
[dna] air wrote 83 bytes to ecology
[dna] air wrote 99 bytes to ecology
[dna] air wrote 13 bytes to ecology
[dna] air wrote 135 bytes to ecology
[dna] air wrote 50 bytes to ecology
[dna] air wrote 59 bytes to ecology
[dna] air wrote 90 bytes to ecology
[dna] air wrote 71 bytes to ecology
[dna] air wrote 84 bytes to ecology
[dna] air wrote 44 bytes to ecology
[dna] air wrote 147 bytes to ecology
[dna] air wrote 59 bytes to ecology
[dna] air wrote 38 bytes to ecology
[dna] air wrote 51 bytes to ecology
[dna] air wrote 50 bytes to ecology
[dna] air wrote 77 bytes to ecology
[dna] air wrote 47 bytes to ecology
[dna] air wrote 32 bytes to ecology
[dna] air wrote 57 bytes to ecology
[dna] air wrote 75 bytes to ecology
[debug-onto] tick=400 corpus=154207 stage=2 freeze=0
[dna] air wrote 69 bytes to ecology
[dna] air wrote 51 bytes to ecology
[dna] air wrote 158 bytes to ecology
[dna] air wrote 47 bytes to ecology
[dna] air wrote 27 bytes to ecology
[dna] air wrote 125 bytes to ecology
[dna] air wrote 41 bytes to ecology
[dna] air wrote 44 bytes to ecology
[dna] air wrote 26 bytes to ecology
[dna] air wrote 46 bytes to ecology
[dna] air wrote 58 bytes to ecology
[dna] air wrote 117 bytes to ecology
[dna] air wrote 72 bytes to ecology
[dna] air wrote 23 bytes to ecology
[dna] air wrote 42 bytes to ecology
[dna] air wrote 33 bytes to ecology
[dna] air wrote 119 bytes to ecology
[dna] air wrote 13 bytes to ecology
[dna] air wrote 69 bytes to ecology
[dna] air wrote 202 bytes to ecology
[dna] air wrote 52 bytes to ecology
[dna] air wrote 89 bytes to ecology
[dna] air wrote 30 bytes to ecology
[dna] air wrote 165 bytes to ecology
[dna] air wrote 22 bytes to ecology
[dna] air wrote 44 bytes to ecology
[dna] air wrote 55 bytes to ecology
[dna] air wrote 70 bytes to ecology
[dna] air wrote 219 bytes to ecology
[dna] air wrote 50 bytes to ecology
[dna] air wrote 39 bytes to ecology
[dna] air wrote 55 bytes to ecology
[dna] air wrote 97 bytes to ecology
[dna] air wrote 31 bytes to ecology
[dna] air wrote 109 bytes to ecology
[dna] air wrote 48 bytes to ecology
[dna] air wrote 146 bytes to ecology
[debug-onto] tick=450 corpus=154207 stage=2 freeze=0
[dna] air wrote 145 bytes to ecology
[dna] air wrote 10 bytes to ecology
[dna] air wrote 100 bytes to ecology
[dna] air wrote 77 bytes to ecology
[dna] air wrote 121 bytes to ecology
[dna] air wrote 114 bytes to ecology
[dna] air wrote 72 bytes to ecology
[dna] air wrote 83 bytes to ecology
[dna] air wrote 129 bytes to ecology
[dna] air wrote 200 bytes to ecology
[dna] air wrote 35 bytes to ecology
[dna] air wrote 52 bytes to ecology
[dna] air wrote 30 bytes to ecology
[dna] air wrote 43 bytes to ecology
[dna] air wrote 76 bytes to ecology
[dna] air wrote 122 bytes to ecology
[dna] air wrote 33 bytes to ecology
[dna] air wrote 69 bytes to ecology
[dna] air wrote 86 bytes to ecology
[dna] air wrote 85 bytes to ecology
[dna] air wrote 16 bytes to ecology
[dna] air wrote 36 bytes to ecology
[dna] air wrote 67 bytes to ecology
[dna] air wrote 68 bytes to ecology
[dna] air wrote 63 bytes to ecology
[dna] air wrote 42 bytes to ecology
[dna] air wrote 91 bytes to ecology
[dna] air wrote 140 bytes to ecology
[dna] air wrote 106 bytes to ecology
[dna] air wrote 145 bytes to ecology
[dna] air wrote 30 bytes to ecology
[dna] air wrote 73 bytes to ecology
[dna] air wrote 39 bytes to ecology
[dna] air wrote 29 bytes to ecology
[dna] air wrote 38 bytes to ecology
[dna] air wrote 54 bytes to ecology
[dna] air wrote 81 bytes to ecology
[dna] air wrote 21 bytes to ecology
[dna] air wrote 31 bytes to ecology
[dna] air wrote 66 bytes to ecology
[debug-onto] tick=500 corpus=154207 stage=2 freeze=0
[dna] air wrote 68 bytes to ecology
[dna] air wrote 42 bytes to ecology
[dna] air wrote 27 bytes to ecology
[dna] air wrote 161 bytes to ecology
[dna] air wrote 22 bytes to ecology
[dna] air wrote 93 bytes to ecology
[dna] air wrote 135 bytes to ecology
[dna] air wrote 25 bytes to ecology
[dna] air wrote 13 bytes to ecology
[dna] air wrote 20 bytes to ecology
[dna] air wrote 87 bytes to ecology
[dna] air wrote 46 bytes to ecology
[dna] air wrote 76 bytes to ecology
[dna] air wrote 63 bytes to ecology
[dna] air wrote 124 bytes to ecology
[dna] air wrote 137 bytes to ecology
[dna] air wrote 15 bytes to ecology
[dna] air wrote 37 bytes to ecology
[dna] air wrote 29 bytes to ecology
[dna] air wrote 55 bytes to ecology
[dna] air wrote 12 bytes to ecology
[dna] air wrote 92 bytes to ecology
[dna] air wrote 174 bytes to ecology
[dna] air wrote 70 bytes to ecology
[dna] air wrote 47 bytes to ecology
[dna] air wrote 90 bytes to ecology
[dna] air wrote 85 bytes to ecology
[dna] air wrote 47 bytes to ecology
[dna] air wrote 114 bytes to ecology
[dna] air wrote 43 bytes to ecology
[dna] air wrote 83 bytes to ecology
[dna] air wrote 110 bytes to ecology
[dna] air wrote 285 bytes to ecology
[dna] air wrote 29 bytes to ecology
[dna] air wrote 107 bytes to ecology
[dna] air wrote 133 bytes to ecology
[dna] air wrote 106 bytes to ecology
[dna] air wrote 46 bytes to ecology
[dna] air wrote 29 bytes to ecology
[dna] air wrote 211 bytes to ecology
[dna] air wrote 55 bytes to ecology
[debug-onto] tick=550 corpus=154207 stage=2 freeze=0
[dna] air wrote 33 bytes to ecology
[dna] air wrote 41 bytes to ecology
[dna] air wrote 64 bytes to ecology
[dna] air wrote 52 bytes to ecology
[dna] air wrote 38 bytes to ecology
[dna] air wrote 150 bytes to ecology
[dna] air wrote 37 bytes to ecology
[dna] air wrote 12 bytes to ecology
[dna] air wrote 99 bytes to ecology
[dna] air wrote 60 bytes to ecology
[dna] air wrote 85 bytes to ecology
[dna] air wrote 97 bytes to ecology
[dna] air wrote 32 bytes to ecology
[dna] air wrote 68 bytes to ecology
[dna] air wrote 56 bytes to ecology
[dna] air wrote 75 bytes to ecology
[dna] air wrote 86 bytes to ecology
[dna] air wrote 27 bytes to ecology
[dna] air wrote 28 bytes to ecology
[dna] air wrote 36 bytes to ecology
[dna] air wrote 92 bytes to ecology
[dna] air wrote 89 bytes to ecology
[dna] air wrote 104 bytes to ecology
[dna] air wrote 120 bytes to ecology
[dna] air wrote 192 bytes to ecology
[dna] air wrote 62 bytes to ecology
[dna] air wrote 65 bytes to ecology
[dna] air wrote 27 bytes to ecology
[dna] air wrote 53 bytes to ecology
[dna] air wrote 32 bytes to ecology
[dna] air wrote 82 bytes to ecology
[dna] air wrote 51 bytes to ecology
[dna] air wrote 77 bytes to ecology
[dna] air wrote 192 bytes to ecology
[dna] air wrote 142 bytes to ecology
[dna] air wrote 49 bytes to ecology
[dna] air wrote 47 bytes to ecology
[dna] air wrote 78 bytes to ecology
[dna] air wrote 66 bytes to ecology

[evolution] Organism shutting down gracefully.
