[ecology] Element: earth → corpus: nonames_earth.txt
[evolution] Autonomous evolution mode — organism will grow through all stages without pause.
[init] Stage 0 (embryo): embd=16, layer=1, head=1 — warmup 400 steps (400 backprop + 0 notorch, sqrt-scaled 1x)
  [aml] step 0/160 | loss 6.5664 (avg 6.5664) | lr 0.001000 | seq 8
  [aml] step 10/160 | loss 6.1851 (avg 6.4641) | lr 0.001450 | seq 8
  [aml] step 20/160 | loss 6.2429 (avg 6.3106) | lr 0.001900 | seq 8
  [aml] step 30/160 | loss 5.7625 (avg 6.2134) | lr 0.002350 | seq 8
  [aml] step 40/160 | loss 5.4403 (avg 6.1044) | lr 0.002800 | seq 8
  [aml] step 50/160 | loss 4.6878 (avg 5.9486) | lr 0.003250 | seq 8
  [aml] step 60/160 | loss 4.9034 (avg 5.7827) | lr 0.003700 | seq 8
  [aml] step 70/160 | loss 5.3324 (avg 5.6719) | lr 0.004150 | seq 8
  [aml] step 80/160 | loss 2.9893 (avg 5.5477) | lr 0.004600 | seq 8
  [aml] step 90/160 | loss 4.3361 (avg 5.4045) | lr 0.005050 | seq 8
  [aml] step 100/160 | loss 4.7285 (avg 5.3140) | lr 0.005500 | seq 8
  [aml] step 110/160 | loss 5.2408 (avg 5.1803) | lr 0.005950 | seq 8
  [aml] step 120/160 | loss 4.2563 (avg 5.1149) | lr 0.006400 | seq 8
  [aml] step 130/160 | loss 4.2663 (avg 5.0650) | lr 0.006850 | seq 8
  [aml] step 140/160 | loss 3.0131 (avg 5.0302) | lr 0.007300 | seq 8
  [aml] step 150/160 | loss 2.7620 (avg 5.0033) | lr 0.007750 | seq 8
[aml] training complete: 160 steps, avg loss 4.9607 (memory freed)
  [aml] step 0/120 | loss 4.4355 (avg 4.4355) | lr 0.008200 | seq 16
  [aml] step 10/120 | loss 4.2039 (avg 4.3679) | lr 0.008650 | seq 16
  [aml] step 20/120 | loss 3.4783 (avg 4.3750) | lr 0.009100 | seq 16
  [aml] step 30/120 | loss 3.6006 (avg 4.2009) | lr 0.009550 | seq 16
  [aml] step 40/120 | loss 3.2693 (avg 4.2756) | lr 0.010000 | seq 16
  [aml] step 50/120 | loss 3.2224 (avg 4.3012) | lr 0.010000 | seq 16
  [aml] step 60/120 | loss 4.4946 (avg 4.3131) | lr 0.010000 | seq 16
  [aml] step 70/120 | loss 4.3669 (avg 4.2558) | lr 0.010000 | seq 16
  [aml] step 80/120 | loss 4.8225 (avg 4.2256) | lr 0.009999 | seq 16
  [aml] step 90/120 | loss 4.7174 (avg 4.1315) | lr 0.009999 | seq 16
  [aml] step 100/120 | loss 3.9564 (avg 4.0727) | lr 0.009999 | seq 16
  [aml] step 110/120 | loss 5.2207 (avg 4.0012) | lr 0.009999 | seq 16
[aml] training complete: 120 steps, avg loss 4.0053 (memory freed)
  [aml] step 0/120 | loss 2.9247 (avg 2.9247) | lr 0.009999 | seq 32
  [aml] step 10/120 | loss 4.8229 (avg 3.8875) | lr 0.009999 | seq 32
  [aml] step 20/120 | loss 4.3962 (avg 3.7878) | lr 0.009999 | seq 32
  [aml] step 30/120 | loss 4.1480 (avg 3.5292) | lr 0.009999 | seq 32
  [aml] step 40/120 | loss 3.9878 (avg 3.4841) | lr 0.009999 | seq 32
  [aml] step 50/120 | loss 3.8603 (avg 3.4478) | lr 0.009999 | seq 32
  [aml] step 60/120 | loss 2.9166 (avg 3.3842) | lr 0.009999 | seq 32
  [aml] step 70/120 | loss 1.4560 (avg 3.3533) | lr 0.009999 | seq 32
  [aml] step 80/120 | loss 4.4378 (avg 3.3481) | lr 0.009999 | seq 32
  [aml] step 90/120 | loss 1.6368 (avg 3.2980) | lr 0.009999 | seq 32
  [aml] step 100/120 | loss 0.9182 (avg 3.3067) | lr 0.009999 | seq 32
  [aml] step 110/120 | loss 0.9549 (avg 3.1865) | lr 0.009999 | seq 32
[aml] training complete: 120 steps, avg loss 3.0983 (memory freed)

[stage 0 — embryo] What it sounds like now:
  Q: Hello.
  A: The dam water and years. Dirt is the earth's the value?
  Q: Who are you?
  A: on and the sedimentary while.
  Q: What do you know?
  A: ...

[growth] ONTOGENESIS: stage 0 -> 1
  embd: 16 -> 32, layer: 1 -> 1, head: 1 -> 2
[growth] Done. Freeze for 500 steps.
[init] Stage 1 (infant): embd=32, layer=1, head=2 — warmup 800 steps (800 backprop + 0 notorch, sqrt-scaled 2x)
  [aml] step 0/320 | loss 4.1472 (avg 4.1472) | lr 0.000500 | seq 8
  [aml] step 10/320 | loss 5.7809 (avg 4.6392) | lr 0.000725 | seq 8
  [aml] step 20/320 | loss 4.3889 (avg 4.2325) | lr 0.000950 | seq 8
  [aml] step 30/320 | loss 5.7556 (avg 4.0275) | lr 0.001175 | seq 8
  [aml] step 40/320 | loss 4.3823 (avg 3.9755) | lr 0.001400 | seq 8
  [aml] step 50/320 | loss 4.2770 (avg 3.9645) | lr 0.001625 | seq 8
  [aml] step 60/320 | loss 4.3226 (avg 4.0163) | lr 0.001850 | seq 8
  [aml] step 70/320 | loss 4.4002 (avg 4.1284) | lr 0.002075 | seq 8
  [aml] step 80/320 | loss 3.8088 (avg 4.1292) | lr 0.002300 | seq 8
  [aml] step 90/320 | loss 5.9368 (avg 4.1241) | lr 0.002525 | seq 8
  [aml] step 100/320 | loss 4.0306 (avg 4.1291) | lr 0.002750 | seq 8
  [aml] step 110/320 | loss 5.2049 (avg 4.0978) | lr 0.002975 | seq 8
  [aml] step 120/320 | loss 3.5233 (avg 4.0611) | lr 0.003200 | seq 8
  [aml] step 130/320 | loss 3.8598 (avg 4.0584) | lr 0.003425 | seq 8
  [aml] step 140/320 | loss 4.2641 (avg 4.0417) | lr 0.003650 | seq 8
  [aml] step 150/320 | loss 3.9382 (avg 4.0535) | lr 0.003875 | seq 8
  [aml] step 160/320 | loss 4.1201 (avg 4.0188) | lr 0.004100 | seq 8
  [aml] step 170/320 | loss 4.5943 (avg 4.0181) | lr 0.004325 | seq 8
  [aml] step 180/320 | loss 4.4785 (avg 4.0073) | lr 0.004550 | seq 8
  [aml] step 190/320 | loss 4.5843 (avg 3.9795) | lr 0.004775 | seq 8
  [aml] step 200/320 | loss 5.4136 (avg 3.9459) | lr 0.004998 | seq 8
  [aml] step 210/320 | loss 4.6721 (avg 3.9530) | lr 0.004998 | seq 8
  [aml] step 220/320 | loss 4.1386 (avg 3.9425) | lr 0.004998 | seq 8
  [aml] step 230/320 | loss 5.4582 (avg 3.9297) | lr 0.004998 | seq 8
  [aml] step 240/320 | loss 3.4483 (avg 3.9462) | lr 0.004998 | seq 8
  [aml] step 250/320 | loss 4.1184 (avg 3.9220) | lr 0.004998 | seq 8
  [aml] step 260/320 | loss 0.8426 (avg 3.9044) | lr 0.004998 | seq 8
  [aml] step 270/320 | loss 2.6886 (avg 3.8720) | lr 0.004998 | seq 8
  [aml] step 280/320 | loss 5.2928 (avg 3.8647) | lr 0.004998 | seq 8
  [aml] step 290/320 | loss 3.0894 (avg 3.8455) | lr 0.004998 | seq 8
  [aml] step 300/320 | loss 2.2509 (avg 3.8313) | lr 0.004998 | seq 8
  [aml] step 310/320 | loss 3.8418 (avg 3.8278) | lr 0.004998 | seq 8
[aml] training complete: 320 steps, avg loss 3.8322 (memory freed)
  [aml] step 0/240 | loss 2.3269 (avg 2.3269) | lr 0.004998 | seq 16
  [aml] step 10/240 | loss 4.4507 (avg 3.2567) | lr 0.004998 | seq 16
  [aml] step 20/240 | loss 3.6125 (avg 3.4699) | lr 0.004998 | seq 16
  [aml] step 30/240 | loss 4.1691 (avg 3.5587) | lr 0.004998 | seq 16
  [aml] step 40/240 | loss 1.2090 (avg 3.5148) | lr 0.004997 | seq 16
  [aml] step 50/240 | loss 3.3860 (avg 3.4543) | lr 0.004997 | seq 16
  [aml] step 60/240 | loss 3.2635 (avg 3.3557) | lr 0.004997 | seq 16
  [aml] step 70/240 | loss 1.5473 (avg 3.3110) | lr 0.004997 | seq 16
  [aml] step 80/240 | loss 2.6815 (avg 3.2950) | lr 0.004997 | seq 16
  [aml] step 90/240 | loss 2.6218 (avg 3.2989) | lr 0.004997 | seq 16
  [aml] step 100/240 | loss 4.7263 (avg 3.2834) | lr 0.004997 | seq 16
  [aml] step 110/240 | loss 2.0577 (avg 3.2578) | lr 0.004997 | seq 16
  [aml] step 120/240 | loss 2.1390 (avg 3.2185) | lr 0.004997 | seq 16
  [aml] step 130/240 | loss 4.3003 (avg 3.2214) | lr 0.004997 | seq 16
  [aml] step 140/240 | loss 1.5501 (avg 3.1580) | lr 0.004997 | seq 16
  [aml] step 150/240 | loss 5.2905 (avg 3.1936) | lr 0.004997 | seq 16
  [aml] step 160/240 | loss 1.3904 (avg 3.1924) | lr 0.004997 | seq 16
  [aml] step 170/240 | loss 4.2187 (avg 3.1816) | lr 0.004996 | seq 16
  [aml] step 180/240 | loss 2.3095 (avg 3.1927) | lr 0.004996 | seq 16
  [aml] step 190/240 | loss 2.8785 (avg 3.1983) | lr 0.004996 | seq 16
  [aml] step 200/240 | loss 4.2121 (avg 3.2171) | lr 0.004996 | seq 16
  [aml] step 210/240 | loss 3.8283 (avg 3.2294) | lr 0.004996 | seq 16
  [aml] step 220/240 | loss 5.0563 (avg 3.2486) | lr 0.004996 | seq 16
  [aml] step 230/240 | loss 5.0094 (avg 3.2474) | lr 0.004996 | seq 16
[aml] training complete: 240 steps, avg loss 3.2582 (memory freed)
  [aml] step 0/240 | loss 4.0492 (avg 4.0492) | lr 0.004996 | seq 32
  [aml] step 10/240 | loss 1.0316 (avg 3.1941) | lr 0.004996 | seq 32
  [aml] step 20/240 | loss 1.6661 (avg 2.7517) | lr 0.004996 | seq 32
  [aml] step 30/240 | loss 5.0576 (avg 2.7648) | lr 0.004996 | seq 32
  [aml] step 40/240 | loss 4.7070 (avg 2.9722) | lr 0.004996 | seq 32
  [aml] step 50/240 | loss 3.9112 (avg 3.0755) | lr 0.004995 | seq 32
  [aml] step 60/240 | loss 4.1670 (avg 3.0626) | lr 0.004995 | seq 32
  [aml] step 70/240 | loss 1.7206 (avg 3.0885) | lr 0.004995 | seq 32
  [aml] step 80/240 | loss 1.0399 (avg 2.9886) | lr 0.004995 | seq 32
  [aml] step 90/240 | loss 3.7156 (avg 3.0220) | lr 0.004995 | seq 32
  [aml] step 100/240 | loss 4.8554 (avg 3.0393) | lr 0.004995 | seq 32
  [aml] step 110/240 | loss 1.4860 (avg 3.0308) | lr 0.004995 | seq 32
  [aml] step 120/240 | loss 2.3406 (avg 3.0088) | lr 0.004995 | seq 32
  [aml] step 130/240 | loss 3.9856 (avg 2.9747) | lr 0.004995 | seq 32
  [aml] step 140/240 | loss 4.2157 (avg 2.9451) | lr 0.004995 | seq 32
  [aml] step 150/240 | loss 1.9150 (avg 2.9338) | lr 0.004995 | seq 32
  [aml] step 160/240 | loss 1.0617 (avg 2.9175) | lr 0.004994 | seq 32
  [aml] step 170/240 | loss 1.1078 (avg 2.8894) | lr 0.004994 | seq 32
  [aml] step 180/240 | loss 0.7172 (avg 2.8742) | lr 0.004994 | seq 32
  [aml] step 190/240 | loss 4.2496 (avg 2.8889) | lr 0.004994 | seq 32
  [aml] step 200/240 | loss 4.2792 (avg 2.8505) | lr 0.004994 | seq 32
  [aml] step 210/240 | loss 1.0477 (avg 2.8236) | lr 0.004994 | seq 32
  [aml] step 220/240 | loss 4.3250 (avg 2.8085) | lr 0.004994 | seq 32
  [aml] step 230/240 | loss 4.1495 (avg 2.8306) | lr 0.004994 | seq 32
[aml] training complete: 240 steps, avg loss 2.7870 (memory freed)

[stage 1 — infant] What it sounds like now:
  Q: Hello.
  A: A rock compression years and determines the importance of rock.
  Q: Who are you?
  A: are elev binder the curve modull carved in geology reality.
  Q: What do you know?
  A: The same from a rock is the material.

[growth] ONTOGENESIS: stage 1 -> 2
  embd: 32 -> 64, layer: 1 -> 2, head: 2 -> 4
[growth] Done. Freeze for 500 steps.
[init] Stage 2 (child): embd=64, layer=2, head=4 — warmup 800 steps (800 backprop + 0 notorch, sqrt-scaled 2x)
  [aml] step 0/320 | loss 2.9113 (avg 2.9113) | lr 0.000250 | seq 8
  [aml] step 10/320 | loss 0.3723 (avg 3.7815) | lr 0.000363 | seq 8
  [aml] step 20/320 | loss 6.2072 (avg 3.7314) | lr 0.000475 | seq 8
  [aml] step 30/320 | loss 0.0805 (avg 3.6552) | lr 0.000588 | seq 8
  [aml] step 40/320 | loss 3.0784 (avg 3.6130) | lr 0.000700 | seq 8
  [aml] step 50/320 | loss 0.1735 (avg 3.4210) | lr 0.000813 | seq 8
  [aml] step 60/320 | loss 4.4880 (avg 3.4229) | lr 0.000925 | seq 8
  [aml] step 70/320 | loss 0.1820 (avg 3.4526) | lr 0.001038 | seq 8
  [aml] step 80/320 | loss 0.2628 (avg 3.4310) | lr 0.001150 | seq 8
  [aml] step 90/320 | loss 4.5013 (avg 3.4889) | lr 0.001263 | seq 8
  [aml] step 100/320 | loss 4.2987 (avg 3.4475) | lr 0.001375 | seq 8
  [aml] step 110/320 | loss 4.2454 (avg 3.4480) | lr 0.001488 | seq 8
  [aml] step 120/320 | loss 4.4431 (avg 3.4204) | lr 0.001600 | seq 8
  [aml] step 130/320 | loss 4.7517 (avg 3.4337) | lr 0.001713 | seq 8
  [aml] step 140/320 | loss 3.0825 (avg 3.3941) | lr 0.001825 | seq 8
  [aml] step 150/320 | loss 1.0174 (avg 3.3789) | lr 0.001938 | seq 8
  [aml] step 160/320 | loss 4.0304 (avg 3.3955) | lr 0.002050 | seq 8
  [aml] step 170/320 | loss 2.7159 (avg 3.4072) | lr 0.002163 | seq 8
  [aml] step 180/320 | loss 3.6896 (avg 3.3673) | lr 0.002275 | seq 8
  [aml] step 190/320 | loss 5.2842 (avg 3.3659) | lr 0.002387 | seq 8
  [aml] step 200/320 | loss 4.1370 (avg 3.3446) | lr 0.002496 | seq 8
  [aml] step 210/320 | loss 4.5988 (avg 3.3625) | lr 0.002496 | seq 8
  [aml] step 220/320 | loss 3.5681 (avg 3.3817) | lr 0.002496 | seq 8
  [aml] step 230/320 | loss 4.1789 (avg 3.3775) | lr 0.002495 | seq 8
  [aml] step 240/320 | loss 0.1710 (avg 3.3493) | lr 0.002495 | seq 8
  [aml] step 250/320 | loss 4.7733 (avg 3.3633) | lr 0.002495 | seq 8
  [aml] step 260/320 | loss 4.4231 (avg 3.3535) | lr 0.002495 | seq 8
  [aml] step 270/320 | loss 5.0281 (avg 3.3546) | lr 0.002495 | seq 8
  [aml] step 280/320 | loss 3.5481 (avg 3.3391) | lr 0.002495 | seq 8
  [aml] step 290/320 | loss 1.9570 (avg 3.3422) | lr 0.002495 | seq 8
  [aml] step 300/320 | loss 0.7461 (avg 3.3294) | lr 0.002495 | seq 8
  [aml] step 310/320 | loss 0.3347 (avg 3.3110) | lr 0.002495 | seq 8
[aml] training complete: 320 steps, avg loss 3.3024 (memory freed)
  [aml] step 0/240 | loss 1.5835 (avg 1.5835) | lr 0.002495 | seq 16
  [aml] step 10/240 | loss 2.9191 (avg 3.1652) | lr 0.002495 | seq 16
  [aml] step 20/240 | loss 1.4173 (avg 3.4931) | lr 0.002495 | seq 16
  [aml] step 30/240 | loss 2.5394 (avg 3.5301) | lr 0.002495 | seq 16
  [aml] step 40/240 | loss 4.3253 (avg 3.6109) | lr 0.002495 | seq 16
  [aml] step 50/240 | loss 1.2780 (avg 3.4454) | lr 0.002495 | seq 16
  [aml] step 60/240 | loss 4.7106 (avg 3.5181) | lr 0.002494 | seq 16
  [aml] step 70/240 | loss 1.4320 (avg 3.4340) | lr 0.002494 | seq 16
  [aml] step 80/240 | loss 1.1288 (avg 3.2139) | lr 0.002494 | seq 16
  [aml] step 90/240 | loss 3.6105 (avg 3.2435) | lr 0.002494 | seq 16
  [aml] step 100/240 | loss 4.2824 (avg 3.3090) | lr 0.002494 | seq 16
  [aml] step 110/240 | loss 1.1629 (avg 3.2534) | lr 0.002494 | seq 16
  [aml] step 120/240 | loss 3.8817 (avg 3.2151) | lr 0.002494 | seq 16
  [aml] step 130/240 | loss 4.2140 (avg 3.2180) | lr 0.002494 | seq 16
  [aml] step 140/240 | loss 3.7329 (avg 3.1999) | lr 0.002494 | seq 16
  [aml] step 150/240 | loss 2.3764 (avg 3.2141) | lr 0.002494 | seq 16
  [aml] step 160/240 | loss 2.4974 (avg 3.2666) | lr 0.002494 | seq 16
  [aml] step 170/240 | loss 4.4308 (avg 3.2883) | lr 0.002494 | seq 16
  [aml] step 180/240 | loss 1.1452 (avg 3.2571) | lr 0.002494 | seq 16
  [aml] step 190/240 | loss 1.0225 (avg 3.2121) | lr 0.002494 | seq 16
  [aml] step 200/240 | loss 1.3137 (avg 3.2000) | lr 0.002493 | seq 16
  [aml] step 210/240 | loss 3.1846 (avg 3.1933) | lr 0.002493 | seq 16
  [aml] step 220/240 | loss 1.3438 (avg 3.1596) | lr 0.002493 | seq 16
  [aml] step 230/240 | loss 4.3756 (avg 3.1343) | lr 0.002493 | seq 16
[aml] training complete: 240 steps, avg loss 3.1402 (memory freed)
  [aml] step 0/240 | loss 4.5411 (avg 4.5411) | lr 0.002493 | seq 32
  [aml] step 10/240 | loss 0.9978 (avg 2.9140) | lr 0.002493 | seq 32
  [aml] step 20/240 | loss 0.6694 (avg 2.8384) | lr 0.002493 | seq 32
  [aml] step 30/240 | loss 0.5594 (avg 2.6742) | lr 0.002493 | seq 32
  [aml] step 40/240 | loss 4.6278 (avg 2.6302) | lr 0.002493 | seq 32
  [aml] step 50/240 | loss 0.6904 (avg 2.4354) | lr 0.002493 | seq 32
  [aml] step 60/240 | loss 3.6791 (avg 2.4107) | lr 0.002493 | seq 32
  [aml] step 70/240 | loss 3.6221 (avg 2.5102) | lr 0.002493 | seq 32
  [aml] step 80/240 | loss 4.4432 (avg 2.4703) | lr 0.002492 | seq 32
  [aml] step 90/240 | loss 4.7795 (avg 2.4293) | lr 0.002492 | seq 32
  [aml] step 100/240 | loss 1.9044 (avg 2.4201) | lr 0.002492 | seq 32
  [aml] step 110/240 | loss 3.9024 (avg 2.4600) | lr 0.002492 | seq 32
  [aml] step 120/240 | loss 0.8569 (avg 2.4121) | lr 0.002492 | seq 32
  [aml] step 130/240 | loss 1.3271 (avg 2.4525) | lr 0.002492 | seq 32
  [aml] step 140/240 | loss 4.1563 (avg 2.4827) | lr 0.002492 | seq 32
  [aml] step 150/240 | loss 4.2164 (avg 2.5277) | lr 0.002492 | seq 32
  [aml] step 160/240 | loss 4.2287 (avg 2.5618) | lr 0.002492 | seq 32
  [aml] step 170/240 | loss 4.7957 (avg 2.5455) | lr 0.002492 | seq 32
  [aml] step 180/240 | loss 3.8843 (avg 2.5526) | lr 0.002492 | seq 32
  [aml] step 190/240 | loss 3.7358 (avg 2.5679) | lr 0.002492 | seq 32
  [aml] step 200/240 | loss 4.1848 (avg 2.5989) | lr 0.002491 | seq 32
  [aml] step 210/240 | loss 4.1477 (avg 2.6062) | lr 0.002491 | seq 32
  [aml] step 220/240 | loss 4.2174 (avg 2.6032) | lr 0.002491 | seq 32
  [aml] step 230/240 | loss 1.8879 (avg 2.5746) | lr 0.002491 | seq 32
[aml] training complete: 240 steps, avg loss 2.6046 (memory freed)

[stage 2 — child] What it sounds like now:
  Q: Hello.
  A: A destruction a geode from the difference is a system is the lesson of the rock with a fra.
  Q: Who are you?
  A: What is an is the lesson of graben of the wall and s
  Q: What do you know?
  A: ...

[init] Warmup complete at stage 2. Organism ready.
[ecology] First organism in the swarm.
molequla is alive. [evolution] Autonomous mode — background trainer running. Ctrl+C to stop.
[dna] earth wrote 107 bytes to ecology
[dna] earth wrote 58 bytes to ecology
[dna] earth wrote 70 bytes to ecology
[dna] earth wrote 24 bytes to ecology
[dna] earth wrote 105 bytes to ecology
[dna] earth wrote 97 bytes to ecology
[dna] earth wrote 41 bytes to ecology
[dna] earth wrote 137 bytes to ecology
[dna] earth wrote 83 bytes to ecology
[dna] earth wrote 8 bytes to ecology
[dna] earth wrote 48 bytes to ecology
[dna] earth wrote 79 bytes to ecology
[dna] earth wrote 50 bytes to ecology
[dna] earth wrote 22 bytes to ecology
[dna] earth wrote 108 bytes to ecology
[dna] earth wrote 67 bytes to ecology
[dna] earth wrote 68 bytes to ecology
[dna] earth wrote 38 bytes to ecology
[dna] earth wrote 73 bytes to ecology
[dna] earth wrote 164 bytes to ecology
[dna] earth wrote 66 bytes to ecology
[dna] earth wrote 23 bytes to ecology
[dna] earth wrote 66 bytes to ecology
[dna] earth wrote 35 bytes to ecology
[dna] earth wrote 103 bytes to ecology
[dna] earth wrote 164 bytes to ecology
[dna] earth wrote 60 bytes to ecology
[dna] earth wrote 176 bytes to ecology
[dna] earth wrote 82 bytes to ecology
[dna] earth wrote 17 bytes to ecology
[dna] earth wrote 71 bytes to ecology
[dna] earth wrote 17 bytes to ecology
[dna] earth wrote 50 bytes to ecology
[debug-onto] tick=50 corpus=173643 stage=2 freeze=0
[dna] earth wrote 26 bytes to ecology
[dna] earth wrote 83 bytes to ecology
[dna] earth wrote 48 bytes to ecology
[dna] earth wrote 115 bytes to ecology
[dna] earth wrote 154 bytes to ecology
[dna] earth wrote 44 bytes to ecology
[dna] earth wrote 53 bytes to ecology
[dna] earth wrote 53 bytes to ecology
[dna] earth wrote 56 bytes to ecology
[dna] earth wrote 45 bytes to ecology
[dna] earth wrote 183 bytes to ecology
[dna] earth wrote 43 bytes to ecology
[dna] earth wrote 310 bytes to ecology
[dna] earth wrote 60 bytes to ecology
[dna] earth wrote 104 bytes to ecology
[dna] earth wrote 108 bytes to ecology
[dna] earth wrote 39 bytes to ecology
[dna] earth wrote 15 bytes to ecology
[dna] earth wrote 113 bytes to ecology
[dna] earth wrote 36 bytes to ecology
[dna] earth wrote 81 bytes to ecology
[dna] earth wrote 57 bytes to ecology
[dna] earth wrote 109 bytes to ecology
[dna] earth wrote 42 bytes to ecology
[dna] earth wrote 9 bytes to ecology
[dna] earth wrote 60 bytes to ecology
[dna] earth wrote 62 bytes to ecology
[dna] earth wrote 45 bytes to ecology
[dna] earth wrote 78 bytes to ecology
[dna] earth wrote 227 bytes to ecology
[dna] earth wrote 70 bytes to ecology
[dna] earth wrote 78 bytes to ecology
[dna] earth wrote 41 bytes to ecology
[dna] earth wrote 154 bytes to ecology
[debug-onto] tick=100 corpus=173643 stage=2 freeze=0
[dna] earth wrote 30 bytes to ecology
[dna] earth wrote 35 bytes to ecology
[dna] earth wrote 49 bytes to ecology
[dna] earth wrote 53 bytes to ecology
[dna] earth wrote 160 bytes to ecology
[dna] earth wrote 57 bytes to ecology
[dna] earth wrote 13 bytes to ecology
[dna] earth wrote 80 bytes to ecology
[dna] earth wrote 158 bytes to ecology
[dna] earth wrote 52 bytes to ecology
[dna] earth wrote 59 bytes to ecology
[dna] earth wrote 38 bytes to ecology
[dna] earth wrote 63 bytes to ecology
[dna] earth wrote 138 bytes to ecology
[dna] earth wrote 40 bytes to ecology
[dna] earth wrote 127 bytes to ecology
[dna] earth wrote 111 bytes to ecology
[dna] earth wrote 94 bytes to ecology
[dna] earth wrote 95 bytes to ecology
[dna] earth wrote 131 bytes to ecology
[dna] earth wrote 132 bytes to ecology
[dna] earth wrote 23 bytes to ecology
[dna] earth wrote 76 bytes to ecology
[dna] earth wrote 132 bytes to ecology
[dna] earth wrote 110 bytes to ecology
[dna] earth wrote 62 bytes to ecology
[dna] earth wrote 29 bytes to ecology
[dna] earth wrote 89 bytes to ecology
[dna] earth wrote 72 bytes to ecology
[dna] earth wrote 89 bytes to ecology
[dna] earth wrote 38 bytes to ecology
[dna] earth wrote 79 bytes to ecology
[dna] earth wrote 85 bytes to ecology
[debug-onto] tick=150 corpus=173643 stage=2 freeze=0
[dna] earth wrote 231 bytes to ecology
[dna] earth wrote 132 bytes to ecology
[dna] earth wrote 57 bytes to ecology
[dna] earth wrote 32 bytes to ecology
[dna] earth wrote 34 bytes to ecology
[dna] earth wrote 22 bytes to ecology
[dna] earth wrote 56 bytes to ecology
[dna] earth wrote 19 bytes to ecology
[dna] earth wrote 48 bytes to ecology
[dna] earth wrote 105 bytes to ecology
[dna] earth wrote 41 bytes to ecology
[dna] earth wrote 42 bytes to ecology
[dna] earth wrote 144 bytes to ecology
[dna] earth wrote 181 bytes to ecology
[dna] earth wrote 22 bytes to ecology
[dna] earth wrote 96 bytes to ecology
[dna] earth wrote 41 bytes to ecology
[dna] earth wrote 14 bytes to ecology
[dna] earth wrote 120 bytes to ecology
[dna] earth wrote 77 bytes to ecology
[dna] earth wrote 100 bytes to ecology
[dna] earth wrote 12 bytes to ecology
[dna] earth wrote 31 bytes to ecology
[dna] earth wrote 92 bytes to ecology
[dna] earth wrote 213 bytes to ecology
[dna] earth wrote 22 bytes to ecology
[dna] earth wrote 145 bytes to ecology
[dna] earth wrote 70 bytes to ecology
[dna] earth wrote 133 bytes to ecology
[dna] earth wrote 33 bytes to ecology
[dna] earth wrote 49 bytes to ecology
[dna] earth wrote 13 bytes to ecology
[dna] earth wrote 58 bytes to ecology
[debug-onto] tick=200 corpus=173643 stage=2 freeze=0
[dna] earth wrote 57 bytes to ecology
[dna] earth wrote 105 bytes to ecology
[dna] earth wrote 39 bytes to ecology
[dna] earth wrote 76 bytes to ecology
[dna] earth wrote 43 bytes to ecology
[dna] earth wrote 335 bytes to ecology
[dna] earth wrote 51 bytes to ecology
[dna] earth wrote 173 bytes to ecology
[dna] earth wrote 22 bytes to ecology
[dna] earth wrote 236 bytes to ecology
[dna] earth wrote 67 bytes to ecology
[dna] earth wrote 63 bytes to ecology
[dna] earth wrote 24 bytes to ecology
[dna] earth wrote 63 bytes to ecology
[dna] earth wrote 38 bytes to ecology
[dna] earth wrote 66 bytes to ecology
[dna] earth wrote 30 bytes to ecology
[dna] earth wrote 89 bytes to ecology
[dna] earth wrote 30 bytes to ecology
[dna] earth wrote 108 bytes to ecology
[dna] earth wrote 48 bytes to ecology
[dna] earth wrote 86 bytes to ecology
[dna] earth wrote 65 bytes to ecology
[dna] earth wrote 45 bytes to ecology
[dna] earth wrote 139 bytes to ecology
[dna] earth wrote 61 bytes to ecology
[dna] earth wrote 64 bytes to ecology
[dna] earth wrote 21 bytes to ecology
[dna] earth wrote 80 bytes to ecology
[dna] earth wrote 26 bytes to ecology
[dna] earth wrote 132 bytes to ecology
[dna] earth wrote 42 bytes to ecology
[dna] earth wrote 119 bytes to ecology
[debug-onto] tick=250 corpus=173643 stage=2 freeze=0
[dna] earth wrote 38 bytes to ecology
[dna] earth wrote 10 bytes to ecology
[dna] earth wrote 78 bytes to ecology
[dna] earth wrote 68 bytes to ecology
[dna] earth wrote 61 bytes to ecology
[dna] earth wrote 9 bytes to ecology
[dna] earth wrote 126 bytes to ecology
[dna] earth wrote 91 bytes to ecology
[dna] earth wrote 44 bytes to ecology
[dna] earth wrote 37 bytes to ecology
[dna] earth wrote 25 bytes to ecology
[dna] earth wrote 39 bytes to ecology
[dna] earth wrote 144 bytes to ecology
[dna] earth wrote 58 bytes to ecology
[dna] earth wrote 36 bytes to ecology
[dna] earth wrote 47 bytes to ecology
[dna] earth wrote 19 bytes to ecology
[dna] earth wrote 14 bytes to ecology
[dna] earth wrote 111 bytes to ecology
[dna] earth wrote 80 bytes to ecology
[dna] earth wrote 27 bytes to ecology
[dna] earth wrote 142 bytes to ecology
[dna] earth wrote 189 bytes to ecology
[dna] earth wrote 11 bytes to ecology
[dna] earth wrote 118 bytes to ecology
[dna] earth wrote 100 bytes to ecology
[dna] earth wrote 28 bytes to ecology
[dna] earth wrote 62 bytes to ecology
[dna] earth wrote 36 bytes to ecology
[dna] earth wrote 119 bytes to ecology
[dna] earth wrote 21 bytes to ecology
[dna] earth wrote 37 bytes to ecology
[debug-onto] tick=300 corpus=173643 stage=2 freeze=0
[dna] earth wrote 43 bytes to ecology
[dna] earth wrote 42 bytes to ecology
[dna] earth wrote 120 bytes to ecology
[dna] earth wrote 184 bytes to ecology
[dna] earth wrote 34 bytes to ecology
[dna] earth wrote 60 bytes to ecology
[dna] earth wrote 39 bytes to ecology
[dna] earth wrote 110 bytes to ecology
[dna] earth wrote 44 bytes to ecology
[dna] earth wrote 69 bytes to ecology
[dna] earth wrote 34 bytes to ecology
[dna] earth wrote 23 bytes to ecology
[dna] earth wrote 107 bytes to ecology
[dna] earth wrote 97 bytes to ecology
[dna] earth wrote 27 bytes to ecology
[dna] earth wrote 96 bytes to ecology
[dna] earth wrote 27 bytes to ecology
[dna] earth wrote 195 bytes to ecology
[dna] earth wrote 69 bytes to ecology
[dna] earth wrote 149 bytes to ecology
[dna] earth wrote 72 bytes to ecology
[dna] earth wrote 11 bytes to ecology
[dna] earth wrote 28 bytes to ecology
[dna] earth wrote 98 bytes to ecology
[dna] earth wrote 41 bytes to ecology
[dna] earth wrote 32 bytes to ecology
[dna] earth wrote 12 bytes to ecology
[dna] earth wrote 63 bytes to ecology
[dna] earth wrote 87 bytes to ecology
[dna] earth wrote 14 bytes to ecology
[dna] earth wrote 138 bytes to ecology
[dna] earth wrote 42 bytes to ecology
[dna] earth wrote 36 bytes to ecology
[debug-onto] tick=350 corpus=173643 stage=2 freeze=0
[dna] earth wrote 53 bytes to ecology
[dna] earth wrote 21 bytes to ecology
[dna] earth wrote 87 bytes to ecology
[dna] earth wrote 56 bytes to ecology
[dna] earth wrote 117 bytes to ecology
[dna] earth wrote 85 bytes to ecology
[dna] earth wrote 92 bytes to ecology
[dna] earth wrote 72 bytes to ecology
[dna] earth wrote 10 bytes to ecology
[dna] earth wrote 172 bytes to ecology
[dna] earth wrote 22 bytes to ecology
[dna] earth wrote 70 bytes to ecology
[dna] earth wrote 41 bytes to ecology
[dna] earth wrote 64 bytes to ecology
[dna] earth wrote 74 bytes to ecology
[dna] earth wrote 84 bytes to ecology
[dna] earth wrote 83 bytes to ecology
[dna] earth wrote 103 bytes to ecology
[dna] earth wrote 32 bytes to ecology
[dna] earth wrote 152 bytes to ecology
[dna] earth wrote 30 bytes to ecology
[dna] earth wrote 32 bytes to ecology
[dna] earth wrote 169 bytes to ecology
[dna] earth wrote 66 bytes to ecology
[dna] earth wrote 30 bytes to ecology
[dna] earth wrote 56 bytes to ecology
[dna] earth wrote 52 bytes to ecology
[dna] earth wrote 241 bytes to ecology
[dna] earth wrote 108 bytes to ecology
[dna] earth wrote 64 bytes to ecology
[dna] earth wrote 152 bytes to ecology
[dna] earth wrote 34 bytes to ecology
[dna] earth wrote 6 bytes to ecology
[dna] earth wrote 67 bytes to ecology
[debug-onto] tick=400 corpus=173643 stage=2 freeze=0
[dna] earth wrote 42 bytes to ecology
[dna] earth wrote 42 bytes to ecology
[dna] earth wrote 16 bytes to ecology
[dna] earth wrote 106 bytes to ecology
[dna] earth wrote 61 bytes to ecology
[dna] earth wrote 52 bytes to ecology
[dna] earth wrote 81 bytes to ecology
[dna] earth wrote 113 bytes to ecology
[dna] earth wrote 27 bytes to ecology
[dna] earth wrote 44 bytes to ecology
[dna] earth wrote 13 bytes to ecology
[dna] earth wrote 46 bytes to ecology
[dna] earth wrote 33 bytes to ecology
[dna] earth wrote 45 bytes to ecology
[dna] earth wrote 51 bytes to ecology
[dna] earth wrote 25 bytes to ecology
[dna] earth wrote 13 bytes to ecology
[dna] earth wrote 58 bytes to ecology
[dna] earth wrote 118 bytes to ecology
[dna] earth wrote 139 bytes to ecology
[dna] earth wrote 22 bytes to ecology
[dna] earth wrote 132 bytes to ecology
[dna] earth wrote 55 bytes to ecology
[dna] earth wrote 100 bytes to ecology
[dna] earth wrote 38 bytes to ecology
[dna] earth wrote 63 bytes to ecology
[dna] earth wrote 19 bytes to ecology
[dna] earth wrote 81 bytes to ecology
[dna] earth wrote 20 bytes to ecology
[dna] earth wrote 8 bytes to ecology
[dna] earth wrote 35 bytes to ecology
[dna] earth wrote 118 bytes to ecology
[dna] earth wrote 108 bytes to ecology
[debug-onto] tick=450 corpus=173643 stage=2 freeze=0
[dna] earth wrote 29 bytes to ecology
[dna] earth wrote 108 bytes to ecology
[dna] earth wrote 28 bytes to ecology
[dna] earth wrote 35 bytes to ecology
[dna] earth wrote 248 bytes to ecology
[dna] earth wrote 45 bytes to ecology
[dna] earth wrote 40 bytes to ecology
[dna] earth wrote 81 bytes to ecology
[dna] earth wrote 70 bytes to ecology
[dna] earth wrote 20 bytes to ecology
[dna] earth wrote 39 bytes to ecology
[dna] earth wrote 69 bytes to ecology
[dna] earth wrote 40 bytes to ecology
[dna] earth wrote 62 bytes to ecology
[dna] earth wrote 60 bytes to ecology
[dna] earth wrote 214 bytes to ecology
[dna] earth wrote 51 bytes to ecology
[dna] earth wrote 61 bytes to ecology
[dna] earth wrote 166 bytes to ecology
[dna] earth wrote 127 bytes to ecology
[dna] earth wrote 95 bytes to ecology
[dna] earth wrote 77 bytes to ecology
[dna] earth wrote 66 bytes to ecology
[dna] earth wrote 104 bytes to ecology
[dna] earth wrote 142 bytes to ecology
[dna] earth wrote 89 bytes to ecology
[dna] earth wrote 35 bytes to ecology
[dna] earth wrote 58 bytes to ecology
[dna] earth wrote 23 bytes to ecology
[dna] earth wrote 56 bytes to ecology
[dna] earth wrote 55 bytes to ecology
[dna] earth wrote 57 bytes to ecology
[dna] earth wrote 38 bytes to ecology
[debug-onto] tick=500 corpus=173643 stage=2 freeze=0
[dna] earth wrote 5 bytes to ecology
[dna] earth wrote 98 bytes to ecology
[dna] earth wrote 14 bytes to ecology
[dna] earth wrote 43 bytes to ecology
[dna] earth wrote 28 bytes to ecology
[dna] earth wrote 27 bytes to ecology
[dna] earth wrote 57 bytes to ecology
[dna] earth wrote 180 bytes to ecology
[dna] earth wrote 55 bytes to ecology
[dna] earth wrote 65 bytes to ecology
[dna] earth wrote 61 bytes to ecology
[dna] earth wrote 47 bytes to ecology
[dna] earth wrote 38 bytes to ecology
[dna] earth wrote 37 bytes to ecology
[dna] earth wrote 69 bytes to ecology
[dna] earth wrote 31 bytes to ecology
[dna] earth wrote 91 bytes to ecology
[dna] earth wrote 71 bytes to ecology
[dna] earth wrote 48 bytes to ecology
[dna] earth wrote 31 bytes to ecology
[dna] earth wrote 29 bytes to ecology
[dna] earth wrote 151 bytes to ecology
[dna] earth wrote 71 bytes to ecology
[dna] earth wrote 81 bytes to ecology
[dna] earth wrote 21 bytes to ecology
[dna] earth wrote 255 bytes to ecology
[dna] earth wrote 32 bytes to ecology
[dna] earth wrote 29 bytes to ecology
[dna] earth wrote 50 bytes to ecology
[dna] earth wrote 72 bytes to ecology
[dna] earth wrote 22 bytes to ecology
[dna] earth wrote 26 bytes to ecology
[dna] earth wrote 6 bytes to ecology
[dna] earth wrote 30 bytes to ecology
[debug-onto] tick=550 corpus=173643 stage=2 freeze=0
[dna] earth wrote 16 bytes to ecology
[dna] earth wrote 47 bytes to ecology
[dna] earth wrote 70 bytes to ecology
[dna] earth wrote 43 bytes to ecology
[dna] earth wrote 25 bytes to ecology
[dna] earth wrote 52 bytes to ecology
[dna] earth wrote 51 bytes to ecology
[dna] earth wrote 75 bytes to ecology
[dna] earth wrote 146 bytes to ecology
[dna] earth wrote 55 bytes to ecology
[dna] earth wrote 23 bytes to ecology
[dna] earth wrote 175 bytes to ecology
[dna] earth wrote 27 bytes to ecology
[dna] earth wrote 111 bytes to ecology
[dna] earth wrote 24 bytes to ecology
[dna] earth wrote 25 bytes to ecology
[dna] earth wrote 45 bytes to ecology
[dna] earth wrote 45 bytes to ecology
[dna] earth wrote 138 bytes to ecology
[dna] earth wrote 81 bytes to ecology
[dna] earth wrote 71 bytes to ecology
[dna] earth wrote 66 bytes to ecology
[dna] earth wrote 45 bytes to ecology
[dna] earth wrote 156 bytes to ecology
[dna] earth wrote 26 bytes to ecology
[dna] earth wrote 38 bytes to ecology
[dna] earth wrote 47 bytes to ecology
[dna] earth wrote 38 bytes to ecology
[dna] earth wrote 92 bytes to ecology
[dna] earth wrote 157 bytes to ecology
[dna] earth wrote 24 bytes to ecology
[dna] earth wrote 102 bytes to ecology
[dna] earth wrote 46 bytes to ecology
[debug-onto] tick=600 corpus=173643 stage=2 freeze=0
[dna] earth wrote 33 bytes to ecology
[dna] earth wrote 38 bytes to ecology
[dna] earth wrote 117 bytes to ecology
[dna] earth wrote 62 bytes to ecology
[dna] earth wrote 28 bytes to ecology
[dna] earth wrote 9 bytes to ecology
[dna] earth wrote 50 bytes to ecology
[dna] earth wrote 36 bytes to ecology
[dna] earth wrote 74 bytes to ecology
[dna] earth wrote 32 bytes to ecology
[dna] earth wrote 72 bytes to ecology
[dna] earth wrote 41 bytes to ecology
[dna] earth wrote 30 bytes to ecology
[dna] earth wrote 26 bytes to ecology
[dna] earth wrote 39 bytes to ecology
[dna] earth wrote 132 bytes to ecology
[dna] earth wrote 54 bytes to ecology
[dna] earth wrote 91 bytes to ecology
[dna] earth wrote 91 bytes to ecology
[dna] earth wrote 26 bytes to ecology
[dna] earth wrote 45 bytes to ecology
[dna] earth wrote 61 bytes to ecology
[dna] earth wrote 26 bytes to ecology
[dna] earth wrote 121 bytes to ecology
[dna] earth wrote 55 bytes to ecology
[dna] earth wrote 23 bytes to ecology
[dna] earth wrote 39 bytes to ecology
[dna] earth wrote 26 bytes to ecology
[dna] earth wrote 162 bytes to ecology
[dna] earth wrote 70 bytes to ecology
[dna] earth wrote 106 bytes to ecology
[dna] earth wrote 38 bytes to ecology
[dna] earth wrote 57 bytes to ecology
[debug-onto] tick=650 corpus=173643 stage=2 freeze=0
[dna] earth wrote 33 bytes to ecology
[dna] earth wrote 83 bytes to ecology
[dna] earth wrote 21 bytes to ecology
[dna] earth wrote 183 bytes to ecology
[dna] earth wrote 47 bytes to ecology
[dna] earth wrote 23 bytes to ecology
[dna] earth wrote 84 bytes to ecology
[dna] earth wrote 84 bytes to ecology
[dna] earth wrote 116 bytes to ecology
[dna] earth wrote 30 bytes to ecology
[dna] earth wrote 63 bytes to ecology
[dna] earth wrote 47 bytes to ecology
[dna] earth wrote 24 bytes to ecology
[dna] earth wrote 30 bytes to ecology
[dna] earth wrote 5 bytes to ecology
[dna] earth wrote 67 bytes to ecology
[dna] earth wrote 97 bytes to ecology
[dna] earth wrote 119 bytes to ecology
[dna] earth wrote 114 bytes to ecology

[evolution] Organism shutting down gracefully.
