[ecology] Element: fire → corpus: nonames_fire.txt
[evolution] Autonomous evolution mode — organism will grow through all stages without pause.
[ecology] Joined swarm. 1 peer(s) detected.
molequla is alive. [evolution] Autonomous mode — background trainer running. Ctrl+C to stop.
[dna] fire wrote 91 bytes to ecology
[dna] fire consumed 30042 bytes from 481 files: [water/gen_1778311313_1.txt water/gen_1778311327_2.txt water/gen_1778311330_3.txt water/gen_1778311334_4.txt water/gen_1778311341_6.txt water/gen_1778311344_7.txt water/gen_1778311348_8.txt water/gen_1778311351_9.txt water/gen_1778311355_10.txt water/gen_1778311361_12.txt water/gen_1778311365_13.txt water/gen_1778311368_14.txt water/gen_1778311372_15.txt water/gen_1778311375_16.txt water/gen_1778311379_17.txt water/gen_1778311382_18.txt water/gen_1778311385_19.txt water/gen_1778311389_20.txt water/gen_1778311392_21.txt water/gen_1778311395_22.txt water/gen_1778311402_24.txt water/gen_1778311406_25.txt water/gen_1778311409_26.txt water/gen_1778311413_27.txt water/gen_1778311416_28.txt water/gen_1778311423_30.txt water/gen_1778311426_31.txt water/gen_1778311430_32.txt water/gen_1778311433_33.txt water/gen_1778311436_34.txt water/gen_1778311440_35.txt water/gen_1778311443_36.txt water/gen_1778311447_37.txt water/gen_1778311450_38.txt water/gen_1778311453_39.txt water/gen_1778311457_40.txt water/gen_1778311464_42.txt water/gen_1778311467_43.txt water/gen_1778311470_44.txt water/gen_1778311474_45.txt water/gen_1778311477_46.txt water/gen_1778311484_48.txt water/gen_1778311487_49.txt water/gen_1778311491_50.txt water/gen_1778311494_51.txt water/gen_1778311497_52.txt water/gen_1778311504_54.txt water/gen_1778311507_55.txt water/gen_1778311511_56.txt water/gen_1778311514_57.txt water/gen_1778311517_58.txt water/gen_1778311521_59.txt water/gen_1778311524_60.txt water/gen_1778311527_61.txt water/gen_1778311531_62.txt water/gen_1778311534_63.txt water/gen_1778311537_64.txt water/gen_1778311547_67.txt water/gen_1778311551_68.txt water/gen_1778311554_69.txt water/gen_1778311558_70.txt water/gen_1778311564_72.txt water/gen_1778311568_73.txt water/gen_1778311571_74.txt water/gen_1778311574_75.txt water/gen_1778311578_76.txt water/gen_1778311581_77.txt water/gen_1778311584_78.txt water/gen_1778311588_79.txt water/gen_1778311591_80.txt water/gen_1778311594_81.txt water/gen_1778311598_82.txt water/gen_1778311604_84.txt water/gen_1778311608_85.txt water/gen_1778311611_86.txt water/gen_1778311614_87.txt water/gen_1778311618_88.txt water/gen_1778311621_89.txt water/gen_1778311624_90.txt water/gen_1778311628_91.txt water/gen_1778311631_92.txt water/gen_1778311634_93.txt water/gen_1778311638_94.txt water/gen_1778311644_96.txt water/gen_1778311648_97.txt water/gen_1778311651_98.txt water/gen_1778311654_99.txt water/gen_1778311658_100.txt water/gen_1778311661_101.txt water/gen_1778311664_102.txt water/gen_1778311668_103.txt water/gen_1778311671_104.txt water/gen_1778311674_105.txt water/gen_1778311678_106.txt water/gen_1778311681_107.txt water/gen_1778311684_108.txt water/gen_1778311688_109.txt water/gen_1778311691_110.txt water/gen_1778311694_111.txt water/gen_1778311698_112.txt water/gen_1778311704_114.txt water/gen_1778311708_115.txt water/gen_1778311711_116.txt water/gen_1778311714_117.txt water/gen_1778311718_118.txt water/gen_1778311724_120.txt water/gen_1778311728_121.txt water/gen_1778311731_122.txt water/gen_1778311734_123.txt water/gen_1778311738_124.txt water/gen_1778311741_125.txt water/gen_1778311744_126.txt water/gen_1778311748_127.txt water/gen_1778311751_128.txt water/gen_1778311754_129.txt water/gen_1778311758_130.txt water/gen_1778311761_131.txt water/gen_1778311764_132.txt water/gen_1778311768_133.txt water/gen_1778311771_134.txt water/gen_1778311774_135.txt water/gen_1778311778_136.txt water/gen_1778311784_138.txt water/gen_1778311788_139.txt water/gen_1778311791_140.txt water/gen_1778311794_141.txt water/gen_1778311798_142.txt water/gen_1778311801_143.txt water/gen_1778311808_145.txt water/gen_1778311811_146.txt water/gen_1778311814_147.txt water/gen_1778311818_148.txt water/gen_1778311821_149.txt water/gen_1778311824_150.txt water/gen_1778311827_151.txt water/gen_1778311831_152.txt water/gen_1778311834_153.txt water/gen_1778311837_154.txt water/gen_1778311844_156.txt water/gen_1778311847_157.txt water/gen_1778311850_158.txt water/gen_1778311854_159.txt water/gen_1778311857_160.txt water/gen_1778311864_162.txt water/gen_1778311867_163.txt water/gen_1778311870_164.txt water/gen_1778311873_165.txt water/gen_1778311877_166.txt water/gen_1778311883_168.txt water/gen_1778311887_169.txt water/gen_1778311890_170.txt water/gen_1778311893_171.txt water/gen_1778311896_172.txt water/gen_1778311903_174.txt water/gen_1778311906_175.txt water/gen_1778311909_176.txt water/gen_1778311913_177.txt water/gen_1778311916_178.txt water/gen_1778311922_180.txt water/gen_1778311926_181.txt water/gen_1778311929_182.txt water/gen_1778311932_183.txt water/gen_1778311936_184.txt water/gen_1778311939_185.txt water/gen_1778311942_186.txt water/gen_1778311946_187.txt water/gen_1778311949_188.txt water/gen_1778311952_189.txt water/gen_1778311955_190.txt water/gen_1778311959_191.txt water/gen_1778311962_192.txt water/gen_1778311965_193.txt water/gen_1778311968_194.txt water/gen_1778311972_195.txt water/gen_1778311975_196.txt water/gen_1778311981_198.txt water/gen_1778311984_199.txt water/gen_1778311988_200.txt water/gen_1778311991_201.txt water/gen_1778311994_202.txt water/gen_1778311997_203.txt water/gen_1778312001_204.txt water/gen_1778312004_205.txt water/gen_1778312007_206.txt water/gen_1778312010_207.txt water/gen_1778312014_208.txt water/gen_1778312017_209.txt water/gen_1778312020_210.txt water/gen_1778312023_211.txt water/gen_1778312027_212.txt water/gen_1778312030_213.txt water/gen_1778312033_214.txt water/gen_1778312036_215.txt water/gen_1778312040_216.txt water/gen_1778312043_217.txt water/gen_1778312046_218.txt water/gen_1778312049_219.txt water/gen_1778312053_220.txt water/gen_1778312056_221.txt water/gen_1778312059_222.txt water/gen_1778312062_223.txt water/gen_1778312066_224.txt water/gen_1778312069_225.txt water/gen_1778312072_226.txt water/gen_1778312075_227.txt water/gen_1778312079_228.txt water/gen_1778312082_229.txt water/gen_1778312085_230.txt water/gen_1778312088_231.txt water/gen_1778312092_232.txt water/gen_1778312095_233.txt water/gen_1778312098_234.txt water/gen_1778312101_235.txt water/gen_1778312105_236.txt water/gen_1778312108_237.txt water/gen_1778312111_238.txt water/gen_1778312118_240.txt water/gen_1778312121_241.txt water/gen_1778312124_242.txt water/gen_1778312127_243.txt water/gen_1778312131_244.txt water/gen_1778312134_245.txt water/gen_1778312137_246.txt water/gen_1778312140_247.txt water/gen_1778312144_248.txt water/gen_1778312147_249.txt water/gen_1778312150_250.txt water/gen_1778312157_252.txt water/gen_1778312160_253.txt water/gen_1778312163_254.txt water/gen_1778312167_255.txt water/gen_1778312170_256.txt water/gen_1778312176_258.txt water/gen_1778312180_259.txt water/gen_1778312183_260.txt water/gen_1778312186_261.txt water/gen_1778312189_262.txt water/gen_1778312196_264.txt water/gen_1778312199_265.txt water/gen_1778312202_266.txt water/gen_1778312206_267.txt water/gen_1778312209_268.txt water/gen_1778312212_269.txt water/gen_1778312215_270.txt water/gen_1778312219_271.txt water/gen_1778312222_272.txt water/gen_1778312225_273.txt water/gen_1778312229_274.txt water/gen_1778312235_276.txt water/gen_1778312238_277.txt water/gen_1778312242_278.txt water/gen_1778312245_279.txt water/gen_1778312248_280.txt water/gen_1778312255_282.txt water/gen_1778312258_283.txt water/gen_1778312261_284.txt water/gen_1778312264_285.txt water/gen_1778312268_286.txt water/gen_1778312274_288.txt water/gen_1778312277_289.txt water/gen_1778312280_290.txt water/gen_1778312284_291.txt water/gen_1778312287_292.txt water/gen_1778312293_294.txt water/gen_1778312297_295.txt water/gen_1778312300_296.txt water/gen_1778312303_297.txt water/gen_1778312307_298.txt water/gen_1778312313_300.txt water/gen_1778312316_301.txt water/gen_1778312320_302.txt water/gen_1778312323_303.txt water/gen_1778312326_304.txt water/gen_1778312330_305.txt water/gen_1778312333_306.txt water/gen_1778312336_307.txt water/gen_1778312340_308.txt water/gen_1778312343_309.txt water/gen_1778312346_310.txt water/gen_1778312353_312.txt water/gen_1778312356_313.txt water/gen_1778312359_314.txt water/gen_1778312363_315.txt water/gen_1778312366_316.txt water/gen_1778312369_317.txt water/gen_1778312372_318.txt water/gen_1778312376_319.txt water/gen_1778312379_320.txt water/gen_1778312382_321.txt water/gen_1778312386_322.txt water/gen_1778312392_324.txt water/gen_1778312395_325.txt water/gen_1778312399_326.txt water/gen_1778312402_327.txt water/gen_1778312405_328.txt water/gen_1778312412_330.txt water/gen_1778312415_331.txt water/gen_1778312418_332.txt water/gen_1778312421_333.txt water/gen_1778312425_334.txt water/gen_1778312428_335.txt water/gen_1778312431_336.txt water/gen_1778312435_337.txt water/gen_1778312441_339.txt water/gen_1778312444_340.txt water/gen_1778312451_342.txt water/gen_1778312454_343.txt water/gen_1778312461_345.txt water/gen_1778312464_346.txt water/gen_1778312467_347.txt water/gen_1778312474_349.txt water/gen_1778312477_350.txt water/gen_1778312480_351.txt water/gen_1778312483_352.txt water/gen_1778312487_353.txt water/gen_1778312490_354.txt water/gen_1778312493_355.txt water/gen_1778312496_356.txt water/gen_1778312500_357.txt water/gen_1778312503_358.txt water/gen_1778312509_360.txt water/gen_1778312513_361.txt water/gen_1778312516_362.txt water/gen_1778312519_363.txt water/gen_1778312522_364.txt water/gen_1778312529_366.txt water/gen_1778312532_367.txt water/gen_1778312535_368.txt water/gen_1778312538_369.txt water/gen_1778312542_370.txt water/gen_1778312548_372.txt water/gen_1778312551_373.txt water/gen_1778312558_375.txt water/gen_1778312561_376.txt water/gen_1778312564_377.txt water/gen_1778312568_378.txt water/gen_1778312571_379.txt water/gen_1778312574_380.txt water/gen_1778312578_381.txt water/gen_1778312581_382.txt water/gen_1778312587_384.txt water/gen_1778312591_385.txt water/gen_1778312594_386.txt water/gen_1778312597_387.txt water/gen_1778312600_388.txt water/gen_1778312607_390.txt water/gen_1778312610_391.txt water/gen_1778312614_392.txt water/gen_1778312617_393.txt water/gen_1778312620_394.txt water/gen_1778312627_396.txt water/gen_1778312630_397.txt water/gen_1778312633_398.txt water/gen_1778312636_399.txt water/gen_1778312640_400.txt water/gen_1778312643_401.txt water/gen_1778312646_402.txt water/gen_1778312650_403.txt water/gen_1778312653_404.txt water/gen_1778312656_405.txt water/gen_1778312659_406.txt water/gen_1778312666_408.txt water/gen_1778312669_409.txt water/gen_1778312673_410.txt water/gen_1778312676_411.txt water/gen_1778312679_412.txt water/gen_1778312686_414.txt water/gen_1778312689_415.txt water/gen_1778312692_416.txt water/gen_1778312696_417.txt water/gen_1778312699_418.txt water/gen_1778312706_420.txt water/gen_1778312709_421.txt water/gen_1778312712_422.txt water/gen_1778312715_423.txt water/gen_1778312719_424.txt water/gen_1778312722_425.txt water/gen_1778312725_426.txt water/gen_1778312729_427.txt water/gen_1778312732_428.txt water/gen_1778312735_429.txt water/gen_1778312739_430.txt water/gen_1778312742_431.txt water/gen_1778312745_432.txt water/gen_1778312749_433.txt water/gen_1778312752_434.txt water/gen_1778312755_435.txt water/gen_1778312759_436.txt water/gen_1778312762_437.txt water/gen_1778312766_438.txt water/gen_1778312769_439.txt water/gen_1778312772_440.txt water/gen_1778312776_441.txt water/gen_1778312779_442.txt water/gen_1778312786_444.txt water/gen_1778312789_445.txt water/gen_1778312792_446.txt water/gen_1778312796_447.txt water/gen_1778312799_448.txt water/gen_1778312802_449.txt water/gen_1778312806_450.txt water/gen_1778312809_451.txt water/gen_1778312812_452.txt water/gen_1778312816_453.txt water/gen_1778312819_454.txt water/gen_1778312826_456.txt water/gen_1778312829_457.txt water/gen_1778312833_458.txt water/gen_1778312836_459.txt water/gen_1778312840_460.txt water/gen_1778312846_462.txt water/gen_1778312850_463.txt water/gen_1778312853_464.txt water/gen_1778312856_465.txt water/gen_1778312860_466.txt water/gen_1778312866_468.txt water/gen_1778312870_469.txt water/gen_1778312873_470.txt water/gen_1778312876_471.txt water/gen_1778312880_472.txt water/gen_1778312886_474.txt water/gen_1778312890_475.txt water/gen_1778312893_476.txt water/gen_1778312897_477.txt water/gen_1778312900_478.txt water/gen_1778312903_479.txt water/gen_1778312907_480.txt water/gen_1778312910_481.txt water/gen_1778312913_482.txt water/gen_1778312917_483.txt water/gen_1778312920_484.txt water/gen_1778312923_485.txt water/gen_1778312927_486.txt water/gen_1778312930_487.txt water/gen_1778312934_488.txt water/gen_1778312937_489.txt water/gen_1778312940_490.txt water/gen_1778312944_491.txt water/gen_1778312947_492.txt water/gen_1778312950_493.txt water/gen_1778312954_494.txt water/gen_1778312957_495.txt water/gen_1778312961_496.txt water/gen_1778312968_498.txt water/gen_1778312971_499.txt water/gen_1778312974_500.txt water/gen_1778312978_501.txt water/gen_1778312981_502.txt water/gen_1778312988_504.txt water/gen_1778312991_505.txt water/gen_1778312995_506.txt water/gen_1778312998_507.txt water/gen_1778313001_508.txt water/gen_1778313005_509.txt water/gen_1778313008_510.txt water/gen_1778313011_511.txt water/gen_1778313015_512.txt water/gen_1778313018_513.txt water/gen_1778313022_514.txt water/gen_1778313028_516.txt water/gen_1778313032_517.txt water/gen_1778313035_518.txt water/gen_1778313038_519.txt water/gen_1778313042_520.txt water/gen_1778313048_522.txt water/gen_1778313052_523.txt water/gen_1778313055_524.txt water/gen_1778313058_525.txt water/gen_1778313062_526.txt water/gen_1778313065_527.txt water/gen_1778313068_528.txt water/gen_1778313072_529.txt water/gen_1778313075_530.txt water/gen_1778313079_531.txt water/gen_1778313082_532.txt water/gen_1778313085_533.txt water/gen_1778313089_534.txt water/gen_1778313092_535.txt water/gen_1778313095_536.txt water/gen_1778313099_537.txt water/gen_1778313102_538.txt]
[trainer] micro-train burst (30042 bytes, novelty 0.02) — and lo, it feeds again.
[syntropy] action=explore | trend=0.0000 | field_dev=0.028 | purpose_align=-0.170 | lr_mul=1.30
[aml] burst complete: 32 steps, avg loss 2.0128 (memory freed)
[dna] fire wrote 90 bytes to ecology
[dna] fire wrote 44 bytes to ecology
[dna] fire wrote 37 bytes to ecology
[dna] fire wrote 35 bytes to ecology
[dna] fire wrote 105 bytes to ecology
[dna] fire wrote 122 bytes to ecology
[dna] fire wrote 62 bytes to ecology
[dna] fire wrote 73 bytes to ecology
[dna] fire wrote 29 bytes to ecology
[dna] fire wrote 44 bytes to ecology
[dna] fire wrote 9 bytes to ecology
[dna] fire wrote 53 bytes to ecology
[dna] fire wrote 30 bytes to ecology
[dna] fire wrote 63 bytes to ecology
[dna] fire wrote 34 bytes to ecology
[dna] fire wrote 86 bytes to ecology
[dna] fire wrote 26 bytes to ecology
[dna] fire wrote 36 bytes to ecology
[dna] fire wrote 25 bytes to ecology
[dna] fire wrote 29 bytes to ecology
[dna] fire wrote 35 bytes to ecology
[dna] fire wrote 24 bytes to ecology
[dna] fire wrote 14 bytes to ecology
[dna] fire wrote 48 bytes to ecology
[dna] fire wrote 228 bytes to ecology
[dna] fire wrote 95 bytes to ecology
[debug-onto] tick=50 corpus=152423 stage=2 freeze=0
[dna] fire wrote 68 bytes to ecology
[dna] fire wrote 70 bytes to ecology
[dna] fire wrote 88 bytes to ecology
[dna] fire wrote 65 bytes to ecology
[dna] fire wrote 85 bytes to ecology
[dna] fire wrote 128 bytes to ecology
[dna] fire wrote 122 bytes to ecology
[dna] fire wrote 78 bytes to ecology
[dna] fire wrote 40 bytes to ecology
[dna] fire wrote 42 bytes to ecology
[dna] fire wrote 47 bytes to ecology
[dna] fire wrote 65 bytes to ecology
[dna] fire wrote 62 bytes to ecology
[dna] fire wrote 21 bytes to ecology
[dna] fire wrote 39 bytes to ecology
[dna] fire wrote 45 bytes to ecology
[dna] fire wrote 62 bytes to ecology
[dna] fire wrote 10 bytes to ecology
[dna] fire wrote 90 bytes to ecology
[dna] fire wrote 108 bytes to ecology
[dna] fire wrote 67 bytes to ecology
[dna] fire wrote 99 bytes to ecology
[dna] fire wrote 33 bytes to ecology
[dna] fire wrote 96 bytes to ecology
[dna] fire wrote 178 bytes to ecology
[dna] fire wrote 25 bytes to ecology
[dna] fire wrote 14 bytes to ecology
[dna] fire wrote 44 bytes to ecology
[dna] fire wrote 93 bytes to ecology
[dna] fire wrote 29 bytes to ecology
[dna] fire wrote 22 bytes to ecology
[dna] fire wrote 25 bytes to ecology
[dna] fire wrote 84 bytes to ecology
[debug-onto] tick=100 corpus=152423 stage=2 freeze=0
[dna] fire wrote 30 bytes to ecology
[dna] fire wrote 19 bytes to ecology
[dna] fire wrote 137 bytes to ecology
[dna] fire wrote 37 bytes to ecology
[dna] fire wrote 74 bytes to ecology
[dna] fire wrote 75 bytes to ecology
[dna] fire wrote 51 bytes to ecology
[dna] fire wrote 63 bytes to ecology
[dna] fire wrote 76 bytes to ecology
[dna] fire wrote 78 bytes to ecology
[dna] fire wrote 32 bytes to ecology
[dna] fire wrote 73 bytes to ecology
[dna] fire wrote 81 bytes to ecology
[dna] fire wrote 92 bytes to ecology
[dna] fire wrote 56 bytes to ecology
[dna] fire wrote 36 bytes to ecology
[dna] fire wrote 65 bytes to ecology
[dna] fire wrote 49 bytes to ecology
[dna] fire wrote 5 bytes to ecology
[dna] fire wrote 19 bytes to ecology
[dna] fire wrote 63 bytes to ecology
[dna] fire wrote 64 bytes to ecology
[dna] fire wrote 10 bytes to ecology
[dna] fire wrote 39 bytes to ecology
[dna] fire wrote 142 bytes to ecology
[dna] fire wrote 47 bytes to ecology
[dna] fire wrote 87 bytes to ecology
[dna] fire wrote 53 bytes to ecology
[dna] fire wrote 51 bytes to ecology
[dna] fire wrote 10 bytes to ecology
[dna] fire wrote 29 bytes to ecology
[dna] fire wrote 81 bytes to ecology
[debug-onto] tick=150 corpus=152423 stage=2 freeze=0
[dna] fire wrote 59 bytes to ecology
[dna] fire wrote 12 bytes to ecology
[dna] fire wrote 40 bytes to ecology
[dna] fire wrote 14 bytes to ecology
[dna] fire wrote 99 bytes to ecology
[dna] fire wrote 38 bytes to ecology
[dna] fire wrote 14 bytes to ecology
[dna] fire wrote 37 bytes to ecology
[dna] fire wrote 176 bytes to ecology
[dna] fire wrote 66 bytes to ecology
[dna] fire wrote 79 bytes to ecology
[dna] fire wrote 68 bytes to ecology
[dna] fire wrote 10 bytes to ecology
[dna] fire wrote 67 bytes to ecology
[dna] fire wrote 28 bytes to ecology
[dna] fire wrote 56 bytes to ecology
[dna] fire wrote 218 bytes to ecology
[dna] fire wrote 109 bytes to ecology
[dna] fire wrote 22 bytes to ecology
[dna] fire wrote 37 bytes to ecology
[dna] fire wrote 19 bytes to ecology
[dna] fire wrote 24 bytes to ecology
[dna] fire wrote 52 bytes to ecology
[dna] fire wrote 24 bytes to ecology
[dna] fire wrote 36 bytes to ecology
[dna] fire wrote 14 bytes to ecology
[dna] fire wrote 83 bytes to ecology
[dna] fire wrote 68 bytes to ecology
[dna] fire wrote 10 bytes to ecology
[dna] fire wrote 29 bytes to ecology
[dna] fire wrote 123 bytes to ecology
[dna] fire wrote 90 bytes to ecology
[debug-onto] tick=200 corpus=152423 stage=2 freeze=0
[dna] fire wrote 32 bytes to ecology
[dna] fire wrote 59 bytes to ecology
[dna] fire wrote 110 bytes to ecology
[dna] fire wrote 56 bytes to ecology
[dna] fire wrote 96 bytes to ecology
[dna] fire wrote 91 bytes to ecology
[dna] fire wrote 18 bytes to ecology
[dna] fire wrote 36 bytes to ecology
[dna] fire wrote 32 bytes to ecology
[dna] fire wrote 52 bytes to ecology
[dna] fire wrote 78 bytes to ecology
[dna] fire wrote 58 bytes to ecology
[dna] fire wrote 69 bytes to ecology
[dna] fire wrote 15 bytes to ecology
[dna] fire wrote 13 bytes to ecology
[dna] fire wrote 46 bytes to ecology
[dna] fire wrote 18 bytes to ecology
[dna] fire wrote 73 bytes to ecology
[dna] fire wrote 36 bytes to ecology
[dna] fire wrote 14 bytes to ecology
[dna] fire wrote 60 bytes to ecology
[dna] fire wrote 44 bytes to ecology
[dna] fire wrote 23 bytes to ecology
[dna] fire wrote 100 bytes to ecology
[dna] fire wrote 32 bytes to ecology
[dna] fire wrote 20 bytes to ecology
[dna] fire wrote 34 bytes to ecology
[dna] fire wrote 25 bytes to ecology
[dna] fire wrote 164 bytes to ecology
[dna] fire wrote 54 bytes to ecology
[dna] fire wrote 37 bytes to ecology
[dna] fire wrote 10 bytes to ecology
[dna] fire wrote 71 bytes to ecology
[debug-onto] tick=250 corpus=152423 stage=2 freeze=0
[dna] fire wrote 17 bytes to ecology
[dna] fire wrote 75 bytes to ecology
[dna] fire wrote 38 bytes to ecology
[dna] fire wrote 33 bytes to ecology
[dna] fire wrote 37 bytes to ecology
[dna] fire wrote 33 bytes to ecology
[dna] fire wrote 116 bytes to ecology
[dna] fire wrote 176 bytes to ecology
[dna] fire wrote 86 bytes to ecology
[dna] fire wrote 71 bytes to ecology
[dna] fire wrote 119 bytes to ecology
[dna] fire wrote 41 bytes to ecology
[dna] fire wrote 36 bytes to ecology
[dna] fire wrote 21 bytes to ecology
[dna] fire wrote 57 bytes to ecology
[dna] fire wrote 17 bytes to ecology
[dna] fire wrote 109 bytes to ecology
[dna] fire wrote 61 bytes to ecology
[dna] fire wrote 43 bytes to ecology
[dna] fire wrote 54 bytes to ecology
[dna] fire wrote 222 bytes to ecology
[dna] fire wrote 14 bytes to ecology
[dna] fire wrote 9 bytes to ecology
[dna] fire wrote 34 bytes to ecology
[dna] fire wrote 7 bytes to ecology
[dna] fire wrote 157 bytes to ecology
[dna] fire wrote 16 bytes to ecology
[dna] fire wrote 30 bytes to ecology
[dna] fire wrote 36 bytes to ecology
[dna] fire wrote 49 bytes to ecology
[dna] fire wrote 64 bytes to ecology
[debug-onto] tick=300 corpus=152423 stage=2 freeze=0
[dna] fire wrote 46 bytes to ecology
[dna] fire wrote 20 bytes to ecology
[dna] fire wrote 186 bytes to ecology
[dna] fire wrote 56 bytes to ecology
[dna] fire wrote 32 bytes to ecology
[dna] fire wrote 71 bytes to ecology
[dna] fire wrote 39 bytes to ecology
[dna] fire wrote 64 bytes to ecology
[dna] fire wrote 10 bytes to ecology
[dna] fire wrote 118 bytes to ecology
[dna] fire wrote 46 bytes to ecology
[dna] fire wrote 94 bytes to ecology
[dna] fire wrote 48 bytes to ecology
[dna] fire wrote 148 bytes to ecology
[dna] fire wrote 59 bytes to ecology
[dna] fire wrote 187 bytes to ecology
[dna] fire wrote 28 bytes to ecology
[dna] fire wrote 22 bytes to ecology
[dna] fire wrote 8 bytes to ecology
[dna] fire wrote 35 bytes to ecology
[dna] fire wrote 113 bytes to ecology
[dna] fire wrote 80 bytes to ecology
[dna] fire wrote 63 bytes to ecology
[dna] fire wrote 44 bytes to ecology
[dna] fire wrote 49 bytes to ecology
[dna] fire wrote 130 bytes to ecology
[dna] fire wrote 24 bytes to ecology
[dna] fire wrote 24 bytes to ecology
[dna] fire wrote 36 bytes to ecology
[dna] fire wrote 30 bytes to ecology
[dna] fire wrote 24 bytes to ecology
[dna] fire wrote 120 bytes to ecology
[debug-onto] tick=350 corpus=152423 stage=2 freeze=0
[dna] fire wrote 71 bytes to ecology
[dna] fire wrote 47 bytes to ecology
[dna] fire wrote 42 bytes to ecology
[dna] fire wrote 33 bytes to ecology
[dna] fire wrote 48 bytes to ecology
[dna] fire wrote 91 bytes to ecology
[dna] fire wrote 34 bytes to ecology
[dna] fire wrote 46 bytes to ecology
[dna] fire wrote 56 bytes to ecology
[dna] fire wrote 25 bytes to ecology
[dna] fire wrote 21 bytes to ecology
[dna] fire wrote 36 bytes to ecology
[dna] fire wrote 28 bytes to ecology
[dna] fire wrote 61 bytes to ecology
[dna] fire wrote 108 bytes to ecology
[dna] fire wrote 35 bytes to ecology
[dna] fire wrote 63 bytes to ecology
[dna] fire wrote 137 bytes to ecology
[dna] fire wrote 36 bytes to ecology
[dna] fire wrote 34 bytes to ecology
[dna] fire wrote 64 bytes to ecology
[dna] fire wrote 38 bytes to ecology
[dna] fire wrote 86 bytes to ecology
[dna] fire wrote 5 bytes to ecology
[dna] fire wrote 72 bytes to ecology
[dna] fire wrote 186 bytes to ecology
[dna] fire wrote 11 bytes to ecology
[dna] fire wrote 52 bytes to ecology
[dna] fire wrote 55 bytes to ecology
[debug-onto] tick=400 corpus=152423 stage=2 freeze=0
[dna] fire wrote 14 bytes to ecology
[dna] fire wrote 31 bytes to ecology
[dna] fire wrote 53 bytes to ecology
[dna] fire wrote 123 bytes to ecology
[dna] fire wrote 71 bytes to ecology
[dna] fire wrote 100 bytes to ecology
[dna] fire wrote 30 bytes to ecology
[dna] fire wrote 34 bytes to ecology
[dna] fire wrote 108 bytes to ecology
[dna] fire wrote 33 bytes to ecology
[dna] fire wrote 66 bytes to ecology
[dna] fire wrote 46 bytes to ecology
[dna] fire wrote 31 bytes to ecology
[dna] fire wrote 15 bytes to ecology
[dna] fire wrote 12 bytes to ecology
[dna] fire wrote 67 bytes to ecology
[dna] fire wrote 16 bytes to ecology
[dna] fire wrote 60 bytes to ecology
[dna] fire wrote 129 bytes to ecology
[dna] fire wrote 93 bytes to ecology
[dna] fire wrote 29 bytes to ecology
[dna] fire wrote 74 bytes to ecology
[dna] fire wrote 70 bytes to ecology
[dna] fire wrote 39 bytes to ecology
[dna] fire wrote 129 bytes to ecology
[dna] fire wrote 60 bytes to ecology
[dna] fire wrote 78 bytes to ecology
[dna] fire wrote 38 bytes to ecology
[dna] fire wrote 32 bytes to ecology
[dna] fire wrote 88 bytes to ecology
[dna] fire wrote 80 bytes to ecology
[debug-onto] tick=450 corpus=152423 stage=2 freeze=0
[dna] fire wrote 74 bytes to ecology
[dna] fire wrote 44 bytes to ecology
[dna] fire wrote 44 bytes to ecology
[dna] fire wrote 76 bytes to ecology
[dna] fire wrote 38 bytes to ecology
[dna] fire wrote 114 bytes to ecology
[dna] fire wrote 68 bytes to ecology
[dna] fire wrote 22 bytes to ecology
[dna] fire wrote 21 bytes to ecology
[dna] fire wrote 99 bytes to ecology
[dna] fire wrote 48 bytes to ecology
[dna] fire wrote 84 bytes to ecology
[dna] fire wrote 32 bytes to ecology
[dna] fire wrote 14 bytes to ecology
[dna] fire wrote 155 bytes to ecology
[dna] fire wrote 173 bytes to ecology
[dna] fire wrote 28 bytes to ecology
[dna] fire wrote 10 bytes to ecology
[dna] fire wrote 55 bytes to ecology
[dna] fire wrote 86 bytes to ecology
[dna] fire wrote 56 bytes to ecology
[dna] fire wrote 85 bytes to ecology
[dna] fire wrote 81 bytes to ecology
[dna] fire wrote 46 bytes to ecology
[dna] fire wrote 47 bytes to ecology
[dna] fire wrote 32 bytes to ecology
[dna] fire wrote 38 bytes to ecology
[dna] fire wrote 20 bytes to ecology
[dna] fire wrote 61 bytes to ecology
[debug-onto] tick=500 corpus=152423 stage=2 freeze=0
[dna] fire wrote 38 bytes to ecology
[dna] fire wrote 30 bytes to ecology
[dna] fire wrote 32 bytes to ecology
[dna] fire wrote 79 bytes to ecology
[dna] fire wrote 37 bytes to ecology
[dna] fire wrote 41 bytes to ecology
[dna] fire wrote 57 bytes to ecology
[dna] fire wrote 12 bytes to ecology
[dna] fire wrote 38 bytes to ecology
[dna] fire wrote 14 bytes to ecology
[dna] fire wrote 18 bytes to ecology
[dna] fire wrote 54 bytes to ecology
[dna] fire wrote 102 bytes to ecology
[dna] fire wrote 45 bytes to ecology
[dna] fire wrote 10 bytes to ecology
[dna] fire wrote 69 bytes to ecology
[dna] fire wrote 24 bytes to ecology
[dna] fire wrote 123 bytes to ecology
[dna] fire wrote 96 bytes to ecology
[dna] fire wrote 76 bytes to ecology
[dna] fire wrote 73 bytes to ecology
[dna] fire wrote 54 bytes to ecology
[dna] fire wrote 64 bytes to ecology
[dna] fire wrote 55 bytes to ecology
[dna] fire wrote 36 bytes to ecology
[dna] fire wrote 34 bytes to ecology
[dna] fire wrote 76 bytes to ecology
[dna] fire wrote 72 bytes to ecology
[dna] fire wrote 118 bytes to ecology
[dna] fire wrote 35 bytes to ecology
[debug-onto] tick=550 corpus=152423 stage=2 freeze=0
[dna] fire wrote 54 bytes to ecology
[dna] fire wrote 83 bytes to ecology
[dna] fire wrote 116 bytes to ecology
[dna] fire wrote 90 bytes to ecology
[dna] fire wrote 82 bytes to ecology
[dna] fire wrote 140 bytes to ecology
[dna] fire wrote 38 bytes to ecology
[dna] fire wrote 25 bytes to ecology
[dna] fire wrote 60 bytes to ecology
[dna] fire wrote 68 bytes to ecology
[dna] fire wrote 10 bytes to ecology
[dna] fire wrote 30 bytes to ecology
[dna] fire wrote 75 bytes to ecology
[dna] fire wrote 102 bytes to ecology
[dna] fire wrote 35 bytes to ecology
[dna] fire wrote 97 bytes to ecology
[dna] fire wrote 143 bytes to ecology
[dna] fire wrote 23 bytes to ecology
[dna] fire wrote 79 bytes to ecology

[evolution] Organism shutting down gracefully.
