[ecology] Element: water → corpus: nonames_water.txt
[evolution] Autonomous evolution mode — organism will grow through all stages without pause.
[ecology] Joined swarm. 1 peer(s) detected.
molequla is alive. [evolution] Autonomous mode — background trainer running. Ctrl+C to stop.
[dna] water wrote 165 bytes to ecology
[dna] water consumed 34626 bytes from 477 files: [air/gen_1778309512_1.txt air/gen_1778309525_2.txt air/gen_1778309528_3.txt air/gen_1778309531_4.txt air/gen_1778309534_5.txt air/gen_1778309539_7.txt air/gen_1778309545_9.txt air/gen_1778309548_10.txt air/gen_1778309551_11.txt air/gen_1778309557_13.txt air/gen_1778309559_14.txt air/gen_1778309562_15.txt air/gen_1778309565_16.txt air/gen_1778309568_17.txt air/gen_1778309574_19.txt air/gen_1778309577_20.txt air/gen_1778309580_21.txt air/gen_1778309583_22.txt air/gen_1778309586_23.txt air/gen_1778309592_25.txt air/gen_1778309598_27.txt air/gen_1778309601_28.txt air/gen_1778309604_29.txt air/gen_1778309609_31.txt air/gen_1778309612_32.txt air/gen_1778309615_33.txt air/gen_1778309618_34.txt air/gen_1778309621_35.txt air/gen_1778309627_37.txt air/gen_1778309630_38.txt air/gen_1778309633_39.txt air/gen_1778309636_40.txt air/gen_1778309639_41.txt air/gen_1778309645_43.txt air/gen_1778309651_45.txt air/gen_1778309654_46.txt air/gen_1778309657_47.txt air/gen_1778309663_49.txt air/gen_1778309666_50.txt air/gen_1778309669_51.txt air/gen_1778309672_52.txt air/gen_1778309675_53.txt air/gen_1778309681_55.txt air/gen_1778309687_57.txt air/gen_1778309690_58.txt air/gen_1778309693_59.txt air/gen_1778309699_61.txt air/gen_1778309702_62.txt air/gen_1778309705_63.txt air/gen_1778309708_64.txt air/gen_1778309711_65.txt air/gen_1778309717_67.txt air/gen_1778309720_68.txt air/gen_1778309723_69.txt air/gen_1778309726_70.txt air/gen_1778309729_71.txt air/gen_1778309735_73.txt air/gen_1778309738_74.txt air/gen_1778309741_75.txt air/gen_1778309744_76.txt air/gen_1778309747_77.txt air/gen_1778309753_79.txt air/gen_1778309756_80.txt air/gen_1778309759_81.txt air/gen_1778309762_82.txt air/gen_1778309765_83.txt air/gen_1778309771_85.txt air/gen_1778309774_86.txt air/gen_1778309777_87.txt air/gen_1778309780_88.txt air/gen_1778309783_89.txt air/gen_1778309789_91.txt air/gen_1778309792_92.txt air/gen_1778309795_93.txt air/gen_1778309798_94.txt air/gen_1778309801_95.txt air/gen_1778309807_97.txt air/gen_1778309813_99.txt air/gen_1778309816_100.txt air/gen_1778309819_101.txt air/gen_1778309825_103.txt air/gen_1778309828_104.txt air/gen_1778309831_105.txt air/gen_1778309834_106.txt air/gen_1778309837_107.txt air/gen_1778309843_109.txt air/gen_1778309846_110.txt air/gen_1778309849_111.txt air/gen_1778309851_112.txt air/gen_1778309855_113.txt air/gen_1778309861_115.txt air/gen_1778309864_116.txt air/gen_1778309867_117.txt air/gen_1778309870_118.txt air/gen_1778309873_119.txt air/gen_1778309879_121.txt air/gen_1778309882_122.txt air/gen_1778309885_123.txt air/gen_1778309888_124.txt air/gen_1778309891_125.txt air/gen_1778309897_127.txt air/gen_1778309903_129.txt air/gen_1778309906_130.txt air/gen_1778309909_131.txt air/gen_1778309915_133.txt air/gen_1778309918_134.txt air/gen_1778309921_135.txt air/gen_1778309924_136.txt air/gen_1778309927_137.txt air/gen_1778309933_139.txt air/gen_1778309936_140.txt air/gen_1778309939_141.txt air/gen_1778309942_142.txt air/gen_1778309945_143.txt air/gen_1778309951_145.txt air/gen_1778309954_146.txt air/gen_1778309957_147.txt air/gen_1778309960_148.txt air/gen_1778309963_149.txt air/gen_1778309969_151.txt air/gen_1778309975_153.txt air/gen_1778309978_154.txt air/gen_1778309981_155.txt air/gen_1778309987_157.txt air/gen_1778309990_158.txt air/gen_1778309993_159.txt air/gen_1778309996_160.txt air/gen_1778309999_161.txt air/gen_1778310005_163.txt air/gen_1778310008_164.txt air/gen_1778310011_165.txt air/gen_1778310014_166.txt air/gen_1778310017_167.txt air/gen_1778310023_169.txt air/gen_1778310026_170.txt air/gen_1778310029_171.txt air/gen_1778310032_172.txt air/gen_1778310035_173.txt air/gen_1778310041_175.txt air/gen_1778310044_176.txt air/gen_1778310047_177.txt air/gen_1778310050_178.txt air/gen_1778310053_179.txt air/gen_1778310059_181.txt air/gen_1778310062_182.txt air/gen_1778310065_183.txt air/gen_1778310068_184.txt air/gen_1778310071_185.txt air/gen_1778310077_187.txt air/gen_1778310080_188.txt air/gen_1778310083_189.txt air/gen_1778310086_190.txt air/gen_1778310089_191.txt air/gen_1778310095_193.txt air/gen_1778310098_194.txt air/gen_1778310101_195.txt air/gen_1778310104_196.txt air/gen_1778310107_197.txt air/gen_1778310113_199.txt air/gen_1778310116_200.txt air/gen_1778310119_201.txt air/gen_1778310122_202.txt air/gen_1778310125_203.txt air/gen_1778310131_205.txt air/gen_1778310134_206.txt air/gen_1778310137_207.txt air/gen_1778310140_208.txt air/gen_1778310143_209.txt air/gen_1778310149_211.txt air/gen_1778310155_213.txt air/gen_1778310158_214.txt air/gen_1778310161_215.txt air/gen_1778310167_217.txt air/gen_1778310170_218.txt air/gen_1778310173_219.txt air/gen_1778310175_220.txt air/gen_1778310178_221.txt air/gen_1778310184_223.txt air/gen_1778310187_224.txt air/gen_1778310190_225.txt air/gen_1778310193_226.txt air/gen_1778310196_227.txt air/gen_1778310202_229.txt air/gen_1778310208_231.txt air/gen_1778310212_232.txt air/gen_1778310215_233.txt air/gen_1778310221_235.txt air/gen_1778310224_236.txt air/gen_1778310227_237.txt air/gen_1778310230_238.txt air/gen_1778310233_239.txt air/gen_1778310239_241.txt air/gen_1778310242_242.txt air/gen_1778310245_243.txt air/gen_1778310248_244.txt air/gen_1778310251_245.txt air/gen_1778310257_247.txt air/gen_1778310260_248.txt air/gen_1778310263_249.txt air/gen_1778310266_250.txt air/gen_1778310269_251.txt air/gen_1778310275_253.txt air/gen_1778310281_255.txt air/gen_1778310284_256.txt air/gen_1778310287_257.txt air/gen_1778310293_259.txt air/gen_1778310296_260.txt air/gen_1778310299_261.txt air/gen_1778310302_262.txt air/gen_1778310305_263.txt air/gen_1778310311_265.txt air/gen_1778310314_266.txt air/gen_1778310317_267.txt air/gen_1778310320_268.txt air/gen_1778310323_269.txt air/gen_1778310329_271.txt air/gen_1778310332_272.txt air/gen_1778310335_273.txt air/gen_1778310338_274.txt air/gen_1778310341_275.txt air/gen_1778310347_277.txt air/gen_1778310350_278.txt air/gen_1778310353_279.txt air/gen_1778310356_280.txt air/gen_1778310359_281.txt air/gen_1778310365_283.txt air/gen_1778310368_284.txt air/gen_1778310371_285.txt air/gen_1778310374_286.txt air/gen_1778310377_287.txt air/gen_1778310383_289.txt air/gen_1778310389_291.txt air/gen_1778310393_292.txt air/gen_1778310396_293.txt air/gen_1778310402_295.txt air/gen_1778310408_297.txt air/gen_1778310411_298.txt air/gen_1778310414_299.txt air/gen_1778310420_301.txt air/gen_1778310423_302.txt air/gen_1778310426_303.txt air/gen_1778310430_304.txt air/gen_1778310433_305.txt air/gen_1778310438_307.txt air/gen_1778310441_308.txt air/gen_1778310444_309.txt air/gen_1778310447_310.txt air/gen_1778310450_311.txt air/gen_1778310456_313.txt air/gen_1778310459_314.txt air/gen_1778310462_315.txt air/gen_1778310465_316.txt air/gen_1778310468_317.txt air/gen_1778310474_319.txt air/gen_1778310477_320.txt air/gen_1778310480_321.txt air/gen_1778310483_322.txt air/gen_1778310486_323.txt air/gen_1778310492_325.txt air/gen_1778310498_327.txt air/gen_1778310501_328.txt air/gen_1778310504_329.txt air/gen_1778310510_331.txt air/gen_1778310514_332.txt air/gen_1778310517_333.txt air/gen_1778310520_334.txt air/gen_1778310523_335.txt air/gen_1778310529_337.txt air/gen_1778310532_338.txt air/gen_1778310535_339.txt air/gen_1778310538_340.txt air/gen_1778310541_341.txt air/gen_1778310547_343.txt air/gen_1778310550_344.txt air/gen_1778310553_345.txt air/gen_1778310556_346.txt air/gen_1778310559_347.txt air/gen_1778310565_349.txt air/gen_1778310571_351.txt air/gen_1778310574_352.txt air/gen_1778310577_353.txt air/gen_1778310583_355.txt air/gen_1778310586_356.txt air/gen_1778310589_357.txt air/gen_1778310592_358.txt air/gen_1778310595_359.txt air/gen_1778310601_361.txt air/gen_1778310604_362.txt air/gen_1778310607_363.txt air/gen_1778310610_364.txt air/gen_1778310613_365.txt air/gen_1778310619_367.txt air/gen_1778310622_368.txt air/gen_1778310625_369.txt air/gen_1778310628_370.txt air/gen_1778310631_371.txt air/gen_1778310637_373.txt air/gen_1778310640_374.txt air/gen_1778310643_375.txt air/gen_1778310646_376.txt air/gen_1778310649_377.txt air/gen_1778310655_379.txt air/gen_1778310658_380.txt air/gen_1778310661_381.txt air/gen_1778310664_382.txt air/gen_1778310667_383.txt air/gen_1778310673_385.txt air/gen_1778310676_386.txt air/gen_1778310679_387.txt air/gen_1778310682_388.txt air/gen_1778310685_389.txt air/gen_1778310691_391.txt air/gen_1778310694_392.txt air/gen_1778310697_393.txt air/gen_1778310700_394.txt air/gen_1778310703_395.txt air/gen_1778310709_397.txt air/gen_1778310712_398.txt air/gen_1778310714_399.txt air/gen_1778310717_400.txt air/gen_1778310720_401.txt air/gen_1778310726_403.txt air/gen_1778310732_405.txt air/gen_1778310735_406.txt air/gen_1778310738_407.txt air/gen_1778310744_409.txt air/gen_1778310747_410.txt air/gen_1778310750_411.txt air/gen_1778310753_412.txt air/gen_1778310762_415.txt air/gen_1778310765_416.txt air/gen_1778310768_417.txt air/gen_1778310771_418.txt air/gen_1778310774_419.txt air/gen_1778310780_421.txt air/gen_1778310786_423.txt air/gen_1778310789_424.txt air/gen_1778310791_425.txt air/gen_1778310797_427.txt air/gen_1778310800_428.txt air/gen_1778310803_429.txt air/gen_1778310806_430.txt air/gen_1778310809_431.txt air/gen_1778310815_433.txt air/gen_1778310818_434.txt air/gen_1778310821_435.txt air/gen_1778310824_436.txt air/gen_1778310827_437.txt air/gen_1778310833_439.txt air/gen_1778310839_441.txt air/gen_1778310842_442.txt air/gen_1778310845_443.txt air/gen_1778310851_445.txt air/gen_1778310854_446.txt air/gen_1778310857_447.txt air/gen_1778310860_448.txt air/gen_1778310863_449.txt air/gen_1778310868_451.txt air/gen_1778310871_452.txt air/gen_1778310874_453.txt air/gen_1778310877_454.txt air/gen_1778310880_455.txt air/gen_1778310886_457.txt air/gen_1778310892_459.txt air/gen_1778310895_460.txt air/gen_1778310898_461.txt air/gen_1778310904_463.txt air/gen_1778310907_464.txt air/gen_1778310910_465.txt air/gen_1778310913_466.txt air/gen_1778310916_467.txt air/gen_1778310922_469.txt air/gen_1778310925_470.txt air/gen_1778310928_471.txt air/gen_1778310931_472.txt air/gen_1778310934_473.txt air/gen_1778310939_475.txt air/gen_1778310942_476.txt air/gen_1778310945_477.txt air/gen_1778310948_478.txt air/gen_1778310951_479.txt air/gen_1778310957_481.txt air/gen_1778310960_482.txt air/gen_1778310963_483.txt air/gen_1778310966_484.txt air/gen_1778310969_485.txt air/gen_1778310975_487.txt air/gen_1778310981_489.txt air/gen_1778310984_490.txt air/gen_1778310987_491.txt air/gen_1778310993_493.txt air/gen_1778310996_494.txt air/gen_1778310999_495.txt air/gen_1778311002_496.txt air/gen_1778311005_497.txt air/gen_1778311010_499.txt air/gen_1778311013_500.txt air/gen_1778311016_501.txt air/gen_1778311019_502.txt air/gen_1778311022_503.txt air/gen_1778311028_505.txt air/gen_1778311034_507.txt air/gen_1778311037_508.txt air/gen_1778311040_509.txt air/gen_1778311046_511.txt air/gen_1778311049_512.txt air/gen_1778311052_513.txt air/gen_1778311055_514.txt air/gen_1778311058_515.txt air/gen_1778311064_517.txt air/gen_1778311067_518.txt air/gen_1778311070_519.txt air/gen_1778311073_520.txt air/gen_1778311076_521.txt air/gen_1778311082_523.txt air/gen_1778311085_524.txt air/gen_1778311088_525.txt air/gen_1778311091_526.txt air/gen_1778311094_527.txt air/gen_1778311100_529.txt air/gen_1778311103_530.txt air/gen_1778311106_531.txt air/gen_1778311109_532.txt air/gen_1778311112_533.txt air/gen_1778311118_535.txt air/gen_1778311121_536.txt air/gen_1778311124_537.txt air/gen_1778311127_538.txt air/gen_1778311130_539.txt air/gen_1778311136_541.txt air/gen_1778311139_542.txt air/gen_1778311142_543.txt air/gen_1778311145_544.txt air/gen_1778311148_545.txt air/gen_1778311155_547.txt air/gen_1778311158_548.txt air/gen_1778311161_549.txt air/gen_1778311164_550.txt air/gen_1778311167_551.txt air/gen_1778311173_553.txt air/gen_1778311176_554.txt air/gen_1778311179_555.txt air/gen_1778311182_556.txt air/gen_1778311185_557.txt air/gen_1778311191_559.txt air/gen_1778311194_560.txt air/gen_1778311197_561.txt air/gen_1778311200_562.txt air/gen_1778311203_563.txt air/gen_1778311209_565.txt air/gen_1778311212_566.txt air/gen_1778311215_567.txt air/gen_1778311219_568.txt air/gen_1778311222_569.txt air/gen_1778311228_571.txt air/gen_1778311231_572.txt air/gen_1778311234_573.txt air/gen_1778311237_574.txt air/gen_1778311240_575.txt air/gen_1778311246_577.txt air/gen_1778311249_578.txt air/gen_1778311252_579.txt air/gen_1778311255_580.txt air/gen_1778311258_581.txt air/gen_1778311265_583.txt air/gen_1778311267_584.txt air/gen_1778311271_585.txt air/gen_1778311274_586.txt air/gen_1778311277_587.txt air/gen_1778311283_589.txt air/gen_1778311286_590.txt air/gen_1778311289_591.txt air/gen_1778311292_592.txt air/gen_1778311295_593.txt air/gen_1778311301_595.txt air/gen_1778311304_596.txt air/gen_1778311307_597.txt]
[trainer] micro-train burst (34626 bytes, novelty 0.02) — and lo, it feeds again.
[syntropy] action=explore | trend=0.0000 | field_dev=-0.031 | purpose_align=-0.174 | lr_mul=1.30
[aml] burst complete: 32 steps, avg loss 1.6967 (memory freed)
[dna] water wrote 35 bytes to ecology
[dna] water wrote 45 bytes to ecology
[dna] water wrote 54 bytes to ecology
[dna] water wrote 46 bytes to ecology
[dna] water wrote 79 bytes to ecology
[dna] water wrote 57 bytes to ecology
[dna] water wrote 34 bytes to ecology
[dna] water wrote 115 bytes to ecology
[dna] water wrote 65 bytes to ecology
[dna] water wrote 39 bytes to ecology
[dna] water wrote 90 bytes to ecology
[dna] water wrote 73 bytes to ecology
[dna] water wrote 49 bytes to ecology
[dna] water wrote 40 bytes to ecology
[dna] water wrote 66 bytes to ecology
[dna] water wrote 73 bytes to ecology
[dna] water wrote 52 bytes to ecology
[dna] water wrote 17 bytes to ecology
[dna] water wrote 62 bytes to ecology
[dna] water wrote 142 bytes to ecology
[dna] water wrote 26 bytes to ecology
[dna] water wrote 28 bytes to ecology
[dna] water wrote 103 bytes to ecology
[dna] water wrote 41 bytes to ecology
[dna] water wrote 49 bytes to ecology
[dna] water wrote 114 bytes to ecology
[dna] water wrote 41 bytes to ecology
[dna] water wrote 36 bytes to ecology
[dna] water wrote 38 bytes to ecology
[dna] water wrote 41 bytes to ecology
[dna] water wrote 72 bytes to ecology
[dna] water wrote 51 bytes to ecology
[dna] water wrote 12 bytes to ecology
[dna] water wrote 36 bytes to ecology
[dna] water wrote 89 bytes to ecology
[dna] water wrote 49 bytes to ecology
[dna] water wrote 48 bytes to ecology
[dna] water wrote 110 bytes to ecology
[dna] water wrote 40 bytes to ecology
[dna] water wrote 91 bytes to ecology
[dna] water wrote 28 bytes to ecology
[dna] water wrote 47 bytes to ecology
[dna] water wrote 107 bytes to ecology
[debug-onto] tick=50 corpus=160800 stage=2 freeze=0
[dna] water wrote 36 bytes to ecology
[dna] water wrote 43 bytes to ecology
[dna] water wrote 38 bytes to ecology
[dna] water wrote 47 bytes to ecology
[dna] water wrote 39 bytes to ecology
[dna] water wrote 32 bytes to ecology
[dna] water wrote 23 bytes to ecology
[dna] water wrote 26 bytes to ecology
[dna] water wrote 46 bytes to ecology
[dna] water wrote 88 bytes to ecology
[dna] water wrote 62 bytes to ecology
[dna] water wrote 87 bytes to ecology
[dna] water wrote 112 bytes to ecology
[dna] water wrote 55 bytes to ecology
[dna] water wrote 23 bytes to ecology
[dna] water wrote 28 bytes to ecology
[dna] water wrote 210 bytes to ecology
[dna] water wrote 46 bytes to ecology
[dna] water wrote 89 bytes to ecology
[dna] water wrote 44 bytes to ecology
[dna] water wrote 85 bytes to ecology
[dna] water wrote 46 bytes to ecology
[dna] water wrote 30 bytes to ecology
[dna] water wrote 114 bytes to ecology
[dna] water wrote 85 bytes to ecology
[dna] water wrote 127 bytes to ecology
[dna] water wrote 68 bytes to ecology
[dna] water wrote 70 bytes to ecology
[dna] water wrote 119 bytes to ecology
[dna] water wrote 143 bytes to ecology
[dna] water wrote 53 bytes to ecology
[dna] water wrote 188 bytes to ecology
[dna] water wrote 71 bytes to ecology
[dna] water wrote 71 bytes to ecology
[dna] water wrote 65 bytes to ecology
[dna] water wrote 31 bytes to ecology
[dna] water wrote 64 bytes to ecology
[dna] water wrote 78 bytes to ecology
[dna] water wrote 28 bytes to ecology
[dna] water wrote 30 bytes to ecology
[dna] water wrote 47 bytes to ecology
[dna] water wrote 46 bytes to ecology
[dna] water wrote 56 bytes to ecology
[dna] water wrote 126 bytes to ecology
[debug-onto] tick=100 corpus=160800 stage=2 freeze=0
[dna] water wrote 13 bytes to ecology
[dna] water wrote 160 bytes to ecology
[dna] water wrote 33 bytes to ecology
[dna] water wrote 68 bytes to ecology
[dna] water wrote 38 bytes to ecology
[dna] water wrote 46 bytes to ecology
[dna] water wrote 136 bytes to ecology
[dna] water wrote 45 bytes to ecology
[dna] water wrote 87 bytes to ecology
[dna] water wrote 76 bytes to ecology
[dna] water wrote 44 bytes to ecology
[dna] water wrote 37 bytes to ecology
[dna] water wrote 139 bytes to ecology
[dna] water wrote 55 bytes to ecology
[dna] water wrote 36 bytes to ecology
[dna] water wrote 103 bytes to ecology
[dna] water wrote 75 bytes to ecology
[dna] water wrote 90 bytes to ecology
[dna] water wrote 225 bytes to ecology
[dna] water wrote 41 bytes to ecology
[dna] water wrote 44 bytes to ecology
[dna] water wrote 94 bytes to ecology
[dna] water wrote 43 bytes to ecology
[dna] water wrote 70 bytes to ecology
[dna] water wrote 53 bytes to ecology
[dna] water wrote 40 bytes to ecology
[dna] water wrote 35 bytes to ecology
[dna] water wrote 56 bytes to ecology
[dna] water wrote 58 bytes to ecology
[dna] water wrote 43 bytes to ecology
[dna] water wrote 50 bytes to ecology
[dna] water wrote 50 bytes to ecology
[dna] water wrote 26 bytes to ecology
[dna] water wrote 97 bytes to ecology
[dna] water wrote 66 bytes to ecology
[dna] water wrote 149 bytes to ecology
[dna] water wrote 53 bytes to ecology
[dna] water wrote 45 bytes to ecology
[dna] water wrote 79 bytes to ecology
[dna] water wrote 104 bytes to ecology
[dna] water wrote 8 bytes to ecology
[dna] water wrote 23 bytes to ecology
[dna] water wrote 130 bytes to ecology
[dna] water wrote 71 bytes to ecology
[dna] water wrote 115 bytes to ecology
[dna] water wrote 54 bytes to ecology
[dna] water wrote 30 bytes to ecology
[debug-onto] tick=150 corpus=160800 stage=2 freeze=0
[dna] water wrote 46 bytes to ecology
[dna] water wrote 33 bytes to ecology
[dna] water wrote 46 bytes to ecology
[dna] water wrote 75 bytes to ecology
[dna] water wrote 49 bytes to ecology
[dna] water wrote 159 bytes to ecology
[dna] water wrote 46 bytes to ecology
[dna] water wrote 42 bytes to ecology
[dna] water wrote 126 bytes to ecology
[dna] water wrote 69 bytes to ecology
[dna] water wrote 58 bytes to ecology
[dna] water wrote 97 bytes to ecology
[dna] water wrote 32 bytes to ecology
[dna] water wrote 31 bytes to ecology
[dna] water wrote 75 bytes to ecology
[dna] water wrote 16 bytes to ecology
[dna] water wrote 89 bytes to ecology
[dna] water wrote 131 bytes to ecology
[dna] water wrote 75 bytes to ecology
[dna] water wrote 32 bytes to ecology
[dna] water wrote 63 bytes to ecology
[dna] water wrote 128 bytes to ecology
[dna] water wrote 85 bytes to ecology
[dna] water wrote 141 bytes to ecology
[dna] water wrote 75 bytes to ecology
[dna] water wrote 120 bytes to ecology
[dna] water wrote 70 bytes to ecology
[dna] water wrote 47 bytes to ecology
[dna] water wrote 237 bytes to ecology
[dna] water wrote 75 bytes to ecology
[dna] water wrote 58 bytes to ecology
[dna] water wrote 63 bytes to ecology
[dna] water wrote 60 bytes to ecology
[dna] water wrote 39 bytes to ecology
[dna] water wrote 57 bytes to ecology
[dna] water wrote 56 bytes to ecology
[dna] water wrote 56 bytes to ecology
[dna] water wrote 62 bytes to ecology
[dna] water wrote 24 bytes to ecology
[dna] water wrote 14 bytes to ecology
[dna] water wrote 117 bytes to ecology
[dna] water wrote 46 bytes to ecology
[dna] water wrote 76 bytes to ecology
[dna] water wrote 37 bytes to ecology
[debug-onto] tick=200 corpus=160800 stage=2 freeze=0
[dna] water wrote 92 bytes to ecology
[dna] water wrote 90 bytes to ecology
[dna] water wrote 45 bytes to ecology
[dna] water wrote 52 bytes to ecology
[dna] water wrote 74 bytes to ecology
[dna] water wrote 27 bytes to ecology
[dna] water wrote 16 bytes to ecology
[dna] water wrote 77 bytes to ecology
[dna] water wrote 27 bytes to ecology
[dna] water wrote 37 bytes to ecology
[dna] water wrote 125 bytes to ecology
[dna] water wrote 91 bytes to ecology
[dna] water wrote 33 bytes to ecology
[dna] water wrote 25 bytes to ecology
[dna] water wrote 28 bytes to ecology
[dna] water wrote 62 bytes to ecology
[dna] water wrote 39 bytes to ecology
[dna] water wrote 123 bytes to ecology
[dna] water wrote 106 bytes to ecology
[dna] water wrote 57 bytes to ecology
[dna] water wrote 78 bytes to ecology
[dna] water wrote 38 bytes to ecology
[dna] water wrote 25 bytes to ecology
[dna] water wrote 10 bytes to ecology
[dna] water wrote 47 bytes to ecology
[dna] water wrote 23 bytes to ecology
[dna] water wrote 50 bytes to ecology
[dna] water wrote 93 bytes to ecology
[dna] water wrote 57 bytes to ecology
[dna] water wrote 43 bytes to ecology
[dna] water wrote 190 bytes to ecology
[dna] water wrote 60 bytes to ecology
[dna] water wrote 52 bytes to ecology
[dna] water wrote 62 bytes to ecology
[dna] water wrote 67 bytes to ecology
[dna] water wrote 28 bytes to ecology
[dna] water wrote 11 bytes to ecology
[dna] water wrote 33 bytes to ecology
[dna] water wrote 26 bytes to ecology
[dna] water wrote 31 bytes to ecology
[dna] water wrote 45 bytes to ecology
[dna] water wrote 70 bytes to ecology
[dna] water wrote 47 bytes to ecology
[dna] water wrote 43 bytes to ecology
[dna] water wrote 85 bytes to ecology
[dna] water wrote 96 bytes to ecology
[dna] water wrote 19 bytes to ecology
[dna] water wrote 130 bytes to ecology
[dna] water wrote 115 bytes to ecology
[debug-onto] tick=250 corpus=160800 stage=2 freeze=0
[dna] water wrote 51 bytes to ecology
[dna] water wrote 112 bytes to ecology
[dna] water wrote 52 bytes to ecology
[dna] water wrote 172 bytes to ecology
[dna] water wrote 54 bytes to ecology
[dna] water wrote 42 bytes to ecology
[dna] water wrote 23 bytes to ecology
[dna] water wrote 36 bytes to ecology
[dna] water wrote 74 bytes to ecology
[dna] water wrote 59 bytes to ecology
[dna] water wrote 46 bytes to ecology
[dna] water wrote 20 bytes to ecology
[dna] water wrote 84 bytes to ecology
[dna] water wrote 10 bytes to ecology
[dna] water wrote 34 bytes to ecology
[dna] water wrote 40 bytes to ecology
[dna] water wrote 42 bytes to ecology
[dna] water wrote 55 bytes to ecology
[dna] water wrote 38 bytes to ecology
[dna] water wrote 56 bytes to ecology
[dna] water wrote 197 bytes to ecology
[dna] water wrote 80 bytes to ecology
[dna] water wrote 48 bytes to ecology
[dna] water wrote 54 bytes to ecology
[dna] water wrote 76 bytes to ecology
[dna] water wrote 53 bytes to ecology
[dna] water wrote 13 bytes to ecology
[dna] water wrote 40 bytes to ecology
[dna] water wrote 77 bytes to ecology
[dna] water wrote 23 bytes to ecology
[dna] water wrote 106 bytes to ecology
[dna] water wrote 35 bytes to ecology
[dna] water wrote 86 bytes to ecology
[dna] water wrote 72 bytes to ecology
[dna] water wrote 42 bytes to ecology
[dna] water wrote 167 bytes to ecology
[dna] water wrote 73 bytes to ecology
[dna] water wrote 88 bytes to ecology
[dna] water wrote 62 bytes to ecology
[dna] water wrote 24 bytes to ecology
[dna] water wrote 42 bytes to ecology
[dna] water wrote 122 bytes to ecology
[debug-onto] tick=300 corpus=160800 stage=2 freeze=0
[dna] water wrote 153 bytes to ecology
[dna] water wrote 80 bytes to ecology
[dna] water wrote 52 bytes to ecology
[dna] water wrote 38 bytes to ecology
[dna] water wrote 19 bytes to ecology
[dna] water wrote 24 bytes to ecology
[dna] water wrote 46 bytes to ecology
[dna] water wrote 34 bytes to ecology
[dna] water wrote 16 bytes to ecology
[dna] water wrote 27 bytes to ecology
[dna] water wrote 45 bytes to ecology
[dna] water wrote 53 bytes to ecology
[dna] water wrote 10 bytes to ecology
[dna] water wrote 38 bytes to ecology
[dna] water wrote 29 bytes to ecology
[dna] water wrote 39 bytes to ecology
[dna] water wrote 45 bytes to ecology
[dna] water wrote 58 bytes to ecology
[dna] water wrote 87 bytes to ecology
[dna] water wrote 41 bytes to ecology
[dna] water wrote 24 bytes to ecology
[dna] water wrote 33 bytes to ecology
[dna] water wrote 41 bytes to ecology
[dna] water wrote 66 bytes to ecology
[dna] water wrote 98 bytes to ecology
[dna] water wrote 25 bytes to ecology
[dna] water wrote 109 bytes to ecology
[dna] water wrote 62 bytes to ecology
[dna] water wrote 35 bytes to ecology
[dna] water wrote 34 bytes to ecology
[dna] water wrote 117 bytes to ecology
[dna] water wrote 23 bytes to ecology
[dna] water wrote 29 bytes to ecology
[dna] water wrote 70 bytes to ecology
[dna] water wrote 8 bytes to ecology
[dna] water wrote 88 bytes to ecology
[dna] water wrote 125 bytes to ecology
[dna] water wrote 143 bytes to ecology
[dna] water wrote 38 bytes to ecology
[dna] water wrote 31 bytes to ecology
[dna] water wrote 41 bytes to ecology
[dna] water wrote 40 bytes to ecology
[dna] water wrote 65 bytes to ecology
[dna] water wrote 45 bytes to ecology
[debug-onto] tick=350 corpus=160800 stage=2 freeze=0
[dna] water wrote 85 bytes to ecology
[dna] water wrote 42 bytes to ecology
[dna] water wrote 16 bytes to ecology
[dna] water wrote 21 bytes to ecology
[dna] water wrote 44 bytes to ecology
[dna] water wrote 54 bytes to ecology
[dna] water wrote 24 bytes to ecology
[dna] water wrote 33 bytes to ecology
[dna] water wrote 64 bytes to ecology
[dna] water wrote 37 bytes to ecology
[dna] water wrote 39 bytes to ecology
[dna] water wrote 12 bytes to ecology
[dna] water wrote 33 bytes to ecology
[dna] water wrote 50 bytes to ecology
[dna] water wrote 15 bytes to ecology
[dna] water wrote 12 bytes to ecology
[dna] water wrote 81 bytes to ecology
[dna] water wrote 43 bytes to ecology
[dna] water wrote 41 bytes to ecology
[dna] water wrote 41 bytes to ecology
[dna] water wrote 9 bytes to ecology
[dna] water wrote 10 bytes to ecology
[dna] water wrote 115 bytes to ecology
[dna] water wrote 40 bytes to ecology
[dna] water wrote 119 bytes to ecology
[dna] water wrote 40 bytes to ecology
[dna] water wrote 60 bytes to ecology
[dna] water wrote 39 bytes to ecology
[dna] water wrote 79 bytes to ecology
[dna] water wrote 12 bytes to ecology
[dna] water wrote 34 bytes to ecology
[dna] water wrote 127 bytes to ecology
[dna] water wrote 60 bytes to ecology
[dna] water wrote 47 bytes to ecology
[dna] water wrote 9 bytes to ecology
[dna] water wrote 25 bytes to ecology
[dna] water wrote 43 bytes to ecology
[dna] water wrote 56 bytes to ecology
[dna] water wrote 88 bytes to ecology
[dna] water wrote 16 bytes to ecology
[dna] water wrote 23 bytes to ecology
[dna] water wrote 19 bytes to ecology
[dna] water wrote 102 bytes to ecology
[dna] water wrote 143 bytes to ecology
[dna] water wrote 59 bytes to ecology
[debug-onto] tick=400 corpus=160800 stage=2 freeze=0
[dna] water wrote 12 bytes to ecology
[dna] water wrote 51 bytes to ecology
[dna] water wrote 104 bytes to ecology
[dna] water wrote 46 bytes to ecology
[dna] water wrote 108 bytes to ecology
[dna] water wrote 31 bytes to ecology
[dna] water wrote 26 bytes to ecology
[dna] water wrote 131 bytes to ecology
[dna] water wrote 124 bytes to ecology
[dna] water wrote 45 bytes to ecology
[dna] water wrote 35 bytes to ecology
[dna] water wrote 33 bytes to ecology
[dna] water wrote 53 bytes to ecology
[dna] water wrote 99 bytes to ecology
[dna] water wrote 51 bytes to ecology
[dna] water wrote 170 bytes to ecology
[dna] water wrote 42 bytes to ecology
[dna] water wrote 36 bytes to ecology
[dna] water wrote 23 bytes to ecology
[dna] water wrote 33 bytes to ecology
[dna] water wrote 31 bytes to ecology
[dna] water wrote 74 bytes to ecology
[dna] water wrote 46 bytes to ecology
[dna] water wrote 28 bytes to ecology
[dna] water wrote 35 bytes to ecology
[dna] water wrote 108 bytes to ecology
[dna] water wrote 88 bytes to ecology
[dna] water wrote 57 bytes to ecology
[dna] water wrote 74 bytes to ecology
[dna] water wrote 53 bytes to ecology
[dna] water wrote 46 bytes to ecology
[dna] water wrote 25 bytes to ecology
[dna] water wrote 145 bytes to ecology
[dna] water wrote 64 bytes to ecology
[dna] water wrote 214 bytes to ecology
[dna] water wrote 53 bytes to ecology
[dna] water wrote 18 bytes to ecology
[dna] water wrote 53 bytes to ecology
[dna] water wrote 26 bytes to ecology
[dna] water wrote 37 bytes to ecology
[dna] water wrote 38 bytes to ecology
[dna] water wrote 10 bytes to ecology
[dna] water wrote 77 bytes to ecology
[dna] water wrote 44 bytes to ecology
[dna] water wrote 32 bytes to ecology
[dna] water wrote 19 bytes to ecology
[debug-onto] tick=450 corpus=160800 stage=2 freeze=0
[dna] water wrote 132 bytes to ecology
[dna] water wrote 62 bytes to ecology
[dna] water wrote 178 bytes to ecology
[dna] water wrote 36 bytes to ecology
[dna] water wrote 96 bytes to ecology
[dna] water wrote 157 bytes to ecology
[dna] water wrote 97 bytes to ecology
[dna] water wrote 34 bytes to ecology
[dna] water wrote 19 bytes to ecology
[dna] water wrote 15 bytes to ecology
[dna] water wrote 63 bytes to ecology
[dna] water wrote 99 bytes to ecology
[dna] water wrote 77 bytes to ecology
[dna] water wrote 37 bytes to ecology
[dna] water wrote 84 bytes to ecology
[dna] water wrote 41 bytes to ecology
[dna] water wrote 36 bytes to ecology
[dna] water wrote 10 bytes to ecology
[dna] water wrote 49 bytes to ecology
[dna] water wrote 82 bytes to ecology
[dna] water wrote 40 bytes to ecology
[dna] water wrote 51 bytes to ecology
[dna] water wrote 43 bytes to ecology
[dna] water wrote 56 bytes to ecology
[dna] water wrote 57 bytes to ecology
[dna] water wrote 81 bytes to ecology
[dna] water wrote 141 bytes to ecology
[dna] water wrote 89 bytes to ecology
[dna] water wrote 26 bytes to ecology
[dna] water wrote 192 bytes to ecology
[dna] water wrote 38 bytes to ecology
[dna] water wrote 97 bytes to ecology
[dna] water wrote 90 bytes to ecology
[dna] water wrote 50 bytes to ecology
[dna] water wrote 18 bytes to ecology
[dna] water wrote 56 bytes to ecology
[dna] water wrote 65 bytes to ecology
[dna] water wrote 31 bytes to ecology
[dna] water wrote 46 bytes to ecology
[dna] water wrote 125 bytes to ecology
[dna] water wrote 139 bytes to ecology
[dna] water wrote 102 bytes to ecology
[dna] water wrote 64 bytes to ecology
[dna] water wrote 62 bytes to ecology
[dna] water wrote 60 bytes to ecology
[debug-onto] tick=500 corpus=160800 stage=2 freeze=0
[dna] water wrote 80 bytes to ecology
[dna] water wrote 41 bytes to ecology
[dna] water wrote 70 bytes to ecology
[dna] water wrote 32 bytes to ecology
[dna] water wrote 61 bytes to ecology
[dna] water wrote 127 bytes to ecology
[dna] water wrote 83 bytes to ecology
[dna] water wrote 52 bytes to ecology
[dna] water wrote 60 bytes to ecology
[dna] water wrote 42 bytes to ecology
[dna] water wrote 70 bytes to ecology
[dna] water wrote 34 bytes to ecology
[dna] water wrote 29 bytes to ecology
[dna] water wrote 21 bytes to ecology
[dna] water wrote 31 bytes to ecology
[dna] water wrote 43 bytes to ecology
[dna] water wrote 36 bytes to ecology
[dna] water wrote 111 bytes to ecology
[dna] water wrote 64 bytes to ecology
[dna] water wrote 50 bytes to ecology
[dna] water wrote 10 bytes to ecology
[dna] water wrote 67 bytes to ecology
[dna] water wrote 25 bytes to ecology
[dna] water wrote 119 bytes to ecology
[dna] water wrote 50 bytes to ecology
[dna] water wrote 29 bytes to ecology
[dna] water wrote 77 bytes to ecology
[dna] water wrote 113 bytes to ecology
[dna] water wrote 65 bytes to ecology
[dna] water wrote 79 bytes to ecology
[dna] water wrote 59 bytes to ecology
[dna] water wrote 59 bytes to ecology
[dna] water wrote 10 bytes to ecology
[dna] water wrote 29 bytes to ecology
[dna] water wrote 36 bytes to ecology

[evolution] Organism shutting down gracefully.
