[ecology] Element: water → corpus: nonames_water.txt
[evolution] Autonomous evolution mode — organism will grow through all stages without pause.
[ecology] Joined swarm. 1 peer(s) detected.
molequla is alive. [evolution] Autonomous mode — background trainer running. Ctrl+C to stop.
[dna] water wrote 70 bytes to ecology
[dna] water consumed 17237 bytes from 219 files: [air/gen_1775887067_1.txt air/gen_1775887084_4.txt air/gen_1775887092_7.txt air/gen_1775887101_10.txt air/gen_1775887109_13.txt air/gen_1775887117_16.txt air/gen_1775887126_19.txt air/gen_1775887134_22.txt air/gen_1775887142_25.txt air/gen_1775887151_28.txt air/gen_1775887159_31.txt air/gen_1775887167_34.txt air/gen_1775887175_37.txt air/gen_1775887183_40.txt air/gen_1775887191_43.txt air/gen_1775887200_46.txt air/gen_1775887208_49.txt air/gen_1775887216_52.txt air/gen_1775887224_55.txt air/gen_1775887232_58.txt air/gen_1775887241_61.txt air/gen_1775887249_64.txt air/gen_1775887257_67.txt air/gen_1775887265_70.txt air/gen_1775887273_73.txt air/gen_1775887281_76.txt air/gen_1775887290_79.txt air/gen_1775887298_82.txt air/gen_1775887306_85.txt air/gen_1775887314_88.txt air/gen_1775887322_91.txt air/gen_1775887330_94.txt air/gen_1775887338_97.txt air/gen_1775887347_100.txt air/gen_1775887355_103.txt air/gen_1775887363_106.txt air/gen_1775887371_109.txt air/gen_1775887379_112.txt air/gen_1775887387_115.txt air/gen_1775887396_118.txt air/gen_1775887404_121.txt air/gen_1775887412_124.txt air/gen_1775887420_127.txt air/gen_1775887428_130.txt air/gen_1775887436_133.txt air/gen_1775887445_136.txt air/gen_1775887453_139.txt air/gen_1775887461_142.txt air/gen_1775887469_145.txt air/gen_1775887477_148.txt air/gen_1775887485_151.txt air/gen_1775887494_154.txt air/gen_1775887502_157.txt air/gen_1775887510_160.txt air/gen_1775887518_163.txt air/gen_1775887526_166.txt air/gen_1775887534_169.txt air/gen_1775887542_172.txt air/gen_1775887551_175.txt air/gen_1775887559_178.txt air/gen_1775887567_181.txt air/gen_1775887575_184.txt air/gen_1775887583_187.txt air/gen_1775887591_190.txt air/gen_1775887600_193.txt air/gen_1775887608_196.txt air/gen_1775887616_199.txt air/gen_1775887624_202.txt air/gen_1775887632_205.txt air/gen_1775887641_208.txt air/gen_1775887649_211.txt air/gen_1775887657_214.txt air/gen_1775887665_217.txt air/gen_1775887673_220.txt air/gen_1775887681_223.txt air/gen_1775887690_226.txt air/gen_1775887698_229.txt air/gen_1775887706_232.txt air/gen_1775887714_235.txt air/gen_1775887722_238.txt air/gen_1775887731_241.txt air/gen_1775887739_244.txt air/gen_1775887748_247.txt air/gen_1775887756_250.txt air/gen_1775887764_253.txt air/gen_1775887772_256.txt air/gen_1775887780_259.txt air/gen_1775887789_262.txt air/gen_1775887797_265.txt air/gen_1775887805_268.txt air/gen_1775887813_271.txt air/gen_1775887821_274.txt air/gen_1775887830_277.txt air/gen_1775887838_280.txt air/gen_1775887846_283.txt air/gen_1775887854_286.txt air/gen_1775887862_289.txt air/gen_1775887870_292.txt air/gen_1775887879_295.txt air/gen_1775887887_298.txt air/gen_1775887895_301.txt air/gen_1775887903_304.txt air/gen_1775887911_307.txt air/gen_1775887920_310.txt air/gen_1775887928_313.txt air/gen_1775887936_316.txt air/gen_1775887944_319.txt air/gen_1775887952_322.txt air/gen_1775887960_325.txt air/gen_1775887969_328.txt air/gen_1775887977_331.txt air/gen_1775887985_334.txt air/gen_1775887994_337.txt air/gen_1775888002_340.txt air/gen_1775888010_343.txt air/gen_1775888019_346.txt air/gen_1775888027_349.txt air/gen_1775888035_352.txt air/gen_1775888044_355.txt air/gen_1775888052_358.txt air/gen_1775888060_361.txt air/gen_1775888068_364.txt air/gen_1775888076_367.txt air/gen_1775888084_370.txt air/gen_1775888093_373.txt air/gen_1775888101_376.txt air/gen_1775888109_379.txt air/gen_1775888117_382.txt air/gen_1775888125_385.txt air/gen_1775888133_388.txt air/gen_1775888142_391.txt air/gen_1775888150_394.txt air/gen_1775888158_397.txt air/gen_1775888166_400.txt air/gen_1775888174_403.txt air/gen_1775888182_406.txt air/gen_1775888190_409.txt air/gen_1775888199_412.txt air/gen_1775888207_415.txt air/gen_1775888215_418.txt air/gen_1775888223_421.txt air/gen_1775888231_424.txt air/gen_1775888239_427.txt air/gen_1775888248_430.txt air/gen_1775888256_433.txt air/gen_1775888264_436.txt air/gen_1775888272_439.txt air/gen_1775888280_442.txt air/gen_1775888289_445.txt air/gen_1775888297_448.txt air/gen_1775888305_451.txt air/gen_1775888313_454.txt air/gen_1775888321_457.txt air/gen_1775888330_460.txt air/gen_1775888338_463.txt air/gen_1775888346_466.txt air/gen_1775888354_469.txt air/gen_1775888362_472.txt air/gen_1775888370_475.txt air/gen_1775888379_478.txt air/gen_1775888387_481.txt air/gen_1775888395_484.txt air/gen_1775888403_487.txt air/gen_1775888411_490.txt air/gen_1775888419_493.txt air/gen_1775888427_496.txt air/gen_1775888436_499.txt air/gen_1775888444_502.txt air/gen_1775888452_505.txt air/gen_1775888460_508.txt air/gen_1775888468_511.txt air/gen_1775888476_514.txt air/gen_1775888485_517.txt air/gen_1775888493_520.txt air/gen_1775888501_523.txt air/gen_1775888509_526.txt air/gen_1775888517_529.txt air/gen_1775888525_532.txt air/gen_1775888534_535.txt air/gen_1775888542_538.txt air/gen_1775888550_541.txt air/gen_1775888558_544.txt air/gen_1775888566_547.txt air/gen_1775888574_550.txt air/gen_1775888582_553.txt air/gen_1775888591_556.txt air/gen_1775888599_559.txt air/gen_1775888607_562.txt air/gen_1775888615_565.txt air/gen_1775888623_568.txt air/gen_1775888632_571.txt air/gen_1775888640_574.txt air/gen_1775888648_577.txt air/gen_1775888657_580.txt air/gen_1775888665_583.txt air/gen_1775888673_586.txt air/gen_1775888681_589.txt air/gen_1775888689_592.txt air/gen_1775888698_595.txt air/gen_1775888706_598.txt air/gen_1775888714_601.txt air/gen_1775888722_604.txt air/gen_1775888730_607.txt air/gen_1775888738_610.txt air/gen_1775888747_613.txt air/gen_1775888755_616.txt air/gen_1775888763_619.txt air/gen_1775888771_622.txt air/gen_1775888779_625.txt air/gen_1775888788_628.txt air/gen_1775888796_631.txt air/gen_1775888804_634.txt air/gen_1775888812_637.txt air/gen_1775888820_640.txt air/gen_1775888828_643.txt air/gen_1775888837_646.txt air/gen_1775888845_649.txt air/gen_1775888853_652.txt air/gen_1775888861_655.txt]
[trainer] micro-train burst (17237 bytes, novelty 0.04) — and lo, it feeds again.
[syntropy] action=explore | trend=0.0000 | field_dev=0.022 | purpose_align=0.045 | lr_mul=1.30
[aml] burst complete: 32 steps, avg loss 1.7763 (memory freed)
[dna] water wrote 58 bytes to ecology
[dna] water wrote 116 bytes to ecology
[dna] water wrote 44 bytes to ecology
[dna] water wrote 40 bytes to ecology
[dna] water wrote 52 bytes to ecology
[dna] water wrote 105 bytes to ecology
[dna] water wrote 82 bytes to ecology
[dna] water wrote 68 bytes to ecology
[dna] water wrote 121 bytes to ecology
[dna] water wrote 54 bytes to ecology
[dna] water wrote 16 bytes to ecology
[dna] water wrote 55 bytes to ecology
[dna] water wrote 40 bytes to ecology
[dna] water wrote 28 bytes to ecology
[dna] water wrote 42 bytes to ecology
[dna] water wrote 43 bytes to ecology
[dna] water wrote 107 bytes to ecology
[dna] water wrote 16 bytes to ecology
[dna] water wrote 46 bytes to ecology
[dna] water wrote 41 bytes to ecology
[dna] water wrote 84 bytes to ecology
[dna] water wrote 44 bytes to ecology
[dna] water wrote 79 bytes to ecology
[dna] water wrote 22 bytes to ecology
[debug-onto] tick=50 corpus=143153 stage=2 freeze=0
[dna] water wrote 108 bytes to ecology
[dna] water wrote 46 bytes to ecology
[dna] water wrote 17 bytes to ecology
[dna] water wrote 23 bytes to ecology
[dna] water wrote 33 bytes to ecology
[dna] water wrote 42 bytes to ecology
[dna] water wrote 42 bytes to ecology
[dna] water wrote 64 bytes to ecology
[dna] water wrote 35 bytes to ecology
[dna] water wrote 67 bytes to ecology
[dna] water wrote 65 bytes to ecology
[dna] water wrote 70 bytes to ecology
[dna] water wrote 37 bytes to ecology
[dna] water wrote 90 bytes to ecology
[dna] water wrote 35 bytes to ecology
[dna] water wrote 29 bytes to ecology
[dna] water wrote 188 bytes to ecology
[dna] water wrote 7 bytes to ecology
[dna] water wrote 53 bytes to ecology
[dna] water wrote 31 bytes to ecology
[dna] water wrote 7 bytes to ecology
[dna] water wrote 73 bytes to ecology
[debug-onto] tick=100 corpus=143153 stage=2 freeze=0
[dna] water wrote 74 bytes to ecology
[dna] water wrote 27 bytes to ecology
[dna] water wrote 47 bytes to ecology
[dna] water wrote 36 bytes to ecology
[dna] water wrote 40 bytes to ecology
[dna] water wrote 86 bytes to ecology
[dna] water wrote 73 bytes to ecology
[dna] water wrote 56 bytes to ecology
[dna] water wrote 67 bytes to ecology
[dna] water wrote 22 bytes to ecology
[dna] water wrote 20 bytes to ecology
[dna] water wrote 55 bytes to ecology
[dna] water wrote 78 bytes to ecology
[dna] water wrote 42 bytes to ecology
[dna] water wrote 58 bytes to ecology
[dna] water wrote 223 bytes to ecology
[dna] water wrote 32 bytes to ecology
[dna] water wrote 29 bytes to ecology
[dna] water wrote 87 bytes to ecology
[dna] water wrote 42 bytes to ecology
[dna] water wrote 130 bytes to ecology
[dna] water wrote 117 bytes to ecology
[dna] water wrote 47 bytes to ecology
[dna] water wrote 67 bytes to ecology
[debug-onto] tick=150 corpus=143153 stage=2 freeze=0
[dna] water wrote 51 bytes to ecology
[dna] water wrote 58 bytes to ecology
[dna] water wrote 57 bytes to ecology
[dna] water wrote 50 bytes to ecology
[dna] water wrote 16 bytes to ecology
[dna] water wrote 30 bytes to ecology
[dna] water wrote 34 bytes to ecology
[dna] water wrote 115 bytes to ecology
[dna] water wrote 39 bytes to ecology
[dna] water wrote 55 bytes to ecology
[dna] water wrote 13 bytes to ecology
[dna] water wrote 31 bytes to ecology
[dna] water wrote 100 bytes to ecology
[dna] water wrote 74 bytes to ecology
[dna] water wrote 11 bytes to ecology
[dna] water wrote 35 bytes to ecology
[dna] water wrote 64 bytes to ecology
[dna] water wrote 32 bytes to ecology
[dna] water wrote 31 bytes to ecology
[dna] water wrote 9 bytes to ecology
[dna] water wrote 225 bytes to ecology
[dna] water wrote 60 bytes to ecology
[dna] water wrote 63 bytes to ecology
[dna] water wrote 78 bytes to ecology
[dna] water wrote 65 bytes to ecology
[dna] water wrote 18 bytes to ecology
[debug-onto] tick=200 corpus=143153 stage=2 freeze=0
[dna] water wrote 33 bytes to ecology
[dna] water wrote 31 bytes to ecology
[dna] water wrote 38 bytes to ecology
[dna] water wrote 42 bytes to ecology
[dna] water wrote 69 bytes to ecology
[dna] water wrote 29 bytes to ecology
[dna] water wrote 61 bytes to ecology
[dna] water wrote 20 bytes to ecology
[dna] water wrote 72 bytes to ecology
[dna] water wrote 55 bytes to ecology
[dna] water wrote 48 bytes to ecology
[dna] water wrote 30 bytes to ecology
[dna] water wrote 81 bytes to ecology
[dna] water wrote 90 bytes to ecology
[dna] water wrote 31 bytes to ecology
[dna] water wrote 33 bytes to ecology
[dna] water wrote 24 bytes to ecology
[dna] water wrote 90 bytes to ecology
[dna] water wrote 36 bytes to ecology
[dna] water wrote 114 bytes to ecology
[dna] water wrote 46 bytes to ecology
[dna] water wrote 104 bytes to ecology
[dna] water wrote 126 bytes to ecology
[dna] water wrote 94 bytes to ecology
[debug-onto] tick=250 corpus=143153 stage=2 freeze=0
[dna] water wrote 147 bytes to ecology
[dna] water wrote 15 bytes to ecology
[dna] water wrote 32 bytes to ecology
[dna] water wrote 85 bytes to ecology
[dna] water wrote 41 bytes to ecology
[dna] water wrote 67 bytes to ecology
[dna] water wrote 136 bytes to ecology
[dna] water wrote 67 bytes to ecology
[dna] water wrote 37 bytes to ecology
[dna] water wrote 24 bytes to ecology
[dna] water wrote 47 bytes to ecology
[dna] water wrote 104 bytes to ecology
[dna] water wrote 48 bytes to ecology
[dna] water wrote 128 bytes to ecology
[dna] water wrote 88 bytes to ecology
[dna] water wrote 44 bytes to ecology
[dna] water wrote 10 bytes to ecology
[dna] water wrote 33 bytes to ecology
[dna] water wrote 44 bytes to ecology
[dna] water wrote 90 bytes to ecology
[dna] water wrote 32 bytes to ecology
[dna] water wrote 38 bytes to ecology
[dna] water wrote 27 bytes to ecology
[debug-onto] tick=300 corpus=143153 stage=2 freeze=0
[dna] water wrote 159 bytes to ecology
[dna] water wrote 76 bytes to ecology
[dna] water wrote 129 bytes to ecology
[dna] water wrote 38 bytes to ecology
[dna] water wrote 41 bytes to ecology
[dna] water wrote 56 bytes to ecology
[dna] water wrote 44 bytes to ecology
[dna] water wrote 47 bytes to ecology
[dna] water wrote 28 bytes to ecology
[dna] water wrote 78 bytes to ecology
[dna] water wrote 57 bytes to ecology
[dna] water wrote 81 bytes to ecology
[dna] water wrote 33 bytes to ecology
[dna] water wrote 46 bytes to ecology
[dna] water wrote 103 bytes to ecology
[dna] water wrote 27 bytes to ecology
[dna] water wrote 142 bytes to ecology
[dna] water wrote 34 bytes to ecology
[dna] water wrote 20 bytes to ecology
[dna] water wrote 114 bytes to ecology
[dna] water wrote 60 bytes to ecology
[dna] water wrote 52 bytes to ecology
[dna] water wrote 109 bytes to ecology
[dna] water wrote 119 bytes to ecology
[debug-onto] tick=350 corpus=143153 stage=2 freeze=0
[dna] water wrote 94 bytes to ecology
[dna] water wrote 61 bytes to ecology
[dna] water wrote 25 bytes to ecology
[dna] water wrote 40 bytes to ecology
[dna] water wrote 56 bytes to ecology
[dna] water wrote 93 bytes to ecology
[dna] water wrote 97 bytes to ecology
[dna] water wrote 41 bytes to ecology
[dna] water wrote 54 bytes to ecology
[dna] water wrote 25 bytes to ecology
[dna] water wrote 21 bytes to ecology
[dna] water wrote 97 bytes to ecology
[dna] water wrote 40 bytes to ecology
[dna] water wrote 83 bytes to ecology
[dna] water wrote 139 bytes to ecology
[dna] water wrote 115 bytes to ecology
[dna] water wrote 134 bytes to ecology
[dna] water wrote 35 bytes to ecology
[dna] water wrote 40 bytes to ecology
[dna] water wrote 44 bytes to ecology
[dna] water wrote 29 bytes to ecology
[dna] water wrote 25 bytes to ecology
[dna] water wrote 115 bytes to ecology
[dna] water wrote 58 bytes to ecology
[dna] water wrote 59 bytes to ecology
[debug-onto] tick=400 corpus=143153 stage=2 freeze=0
[dna] water wrote 77 bytes to ecology
[dna] water wrote 16 bytes to ecology
[dna] water wrote 49 bytes to ecology
[dna] water wrote 66 bytes to ecology
[dna] water wrote 72 bytes to ecology
[dna] water wrote 46 bytes to ecology
[dna] water wrote 199 bytes to ecology
[dna] water wrote 27 bytes to ecology
[dna] water wrote 43 bytes to ecology
[dna] water wrote 98 bytes to ecology
[dna] water wrote 80 bytes to ecology
[dna] water wrote 187 bytes to ecology
[dna] water wrote 43 bytes to ecology
[dna] water wrote 11 bytes to ecology
[dna] water wrote 101 bytes to ecology
[dna] water wrote 38 bytes to ecology
[dna] water wrote 50 bytes to ecology
[dna] water wrote 101 bytes to ecology
[dna] water wrote 38 bytes to ecology
[dna] water wrote 16 bytes to ecology
[dna] water wrote 73 bytes to ecology
[dna] water wrote 47 bytes to ecology
[dna] water wrote 87 bytes to ecology
[dna] water wrote 103 bytes to ecology
[debug-onto] tick=450 corpus=143153 stage=2 freeze=0
[dna] water wrote 30 bytes to ecology
[dna] water wrote 117 bytes to ecology
[dna] water wrote 54 bytes to ecology
[dna] water wrote 39 bytes to ecology
[dna] water wrote 36 bytes to ecology
[dna] water wrote 38 bytes to ecology
[dna] water wrote 134 bytes to ecology
[dna] water wrote 149 bytes to ecology
[dna] water wrote 30 bytes to ecology
[dna] water wrote 53 bytes to ecology
[dna] water wrote 6 bytes to ecology
[dna] water wrote 63 bytes to ecology
[dna] water wrote 122 bytes to ecology
[dna] water wrote 20 bytes to ecology
[dna] water wrote 109 bytes to ecology
[dna] water wrote 91 bytes to ecology
[dna] water wrote 29 bytes to ecology
[dna] water wrote 58 bytes to ecology
[dna] water wrote 108 bytes to ecology
[dna] water wrote 37 bytes to ecology
[dna] water wrote 96 bytes to ecology
[dna] water wrote 64 bytes to ecology
[dna] water wrote 28 bytes to ecology
[dna] water wrote 29 bytes to ecology
[dna] water wrote 116 bytes to ecology
[dna] water wrote 94 bytes to ecology
[debug-onto] tick=500 corpus=143153 stage=2 freeze=0
[dna] water wrote 116 bytes to ecology
[dna] water wrote 41 bytes to ecology
[dna] water wrote 94 bytes to ecology
[dna] water wrote 28 bytes to ecology
[dna] water wrote 123 bytes to ecology
[dna] water wrote 10 bytes to ecology
[dna] water wrote 92 bytes to ecology
[dna] water wrote 123 bytes to ecology
[dna] water wrote 59 bytes to ecology
[dna] water wrote 30 bytes to ecology
[dna] water wrote 27 bytes to ecology
[dna] water wrote 73 bytes to ecology
[dna] water wrote 106 bytes to ecology
[dna] water wrote 87 bytes to ecology
[dna] water wrote 40 bytes to ecology
[dna] water wrote 18 bytes to ecology
[dna] water wrote 25 bytes to ecology
[dna] water wrote 43 bytes to ecology
[dna] water wrote 49 bytes to ecology
[dna] water wrote 202 bytes to ecology
[dna] water wrote 53 bytes to ecology
[dna] water wrote 44 bytes to ecology
[dna] water wrote 67 bytes to ecology
[debug-onto] tick=550 corpus=143153 stage=2 freeze=0
[dna] water wrote 57 bytes to ecology
[dna] water wrote 84 bytes to ecology
[dna] water wrote 37 bytes to ecology
[dna] water wrote 147 bytes to ecology
[dna] water wrote 37 bytes to ecology
[dna] water wrote 63 bytes to ecology
[dna] water wrote 25 bytes to ecology
[dna] water wrote 97 bytes to ecology
[dna] water wrote 119 bytes to ecology
[dna] water wrote 39 bytes to ecology
[dna] water wrote 23 bytes to ecology
[dna] water wrote 39 bytes to ecology
[dna] water wrote 74 bytes to ecology
[dna] water wrote 54 bytes to ecology
[dna] water wrote 63 bytes to ecology
[dna] water wrote 72 bytes to ecology
[dna] water wrote 35 bytes to ecology
[dna] water wrote 57 bytes to ecology
[dna] water wrote 67 bytes to ecology
[dna] water wrote 81 bytes to ecology
[dna] water wrote 98 bytes to ecology
[dna] water wrote 47 bytes to ecology
[dna] water wrote 17 bytes to ecology
[dna] water wrote 74 bytes to ecology
[debug-onto] tick=600 corpus=143153 stage=2 freeze=0
[dna] water wrote 112 bytes to ecology
[dna] water wrote 25 bytes to ecology
[dna] water wrote 53 bytes to ecology
[dna] water wrote 39 bytes to ecology
[dna] water wrote 15 bytes to ecology
[dna] water wrote 52 bytes to ecology
[dna] water wrote 104 bytes to ecology
[dna] water wrote 58 bytes to ecology

[evolution] Organism shutting down gracefully.
