[ecology] Element: air → corpus: nonames_air.txt
[evolution] Autonomous evolution mode — organism will grow through all stages without pause.
[ecology] Joined swarm. 1 peer(s) detected.
molequla is alive. [evolution] Autonomous mode — background trainer running. Ctrl+C to stop.
[dna] air wrote 175 bytes to ecology
[dna] air consumed 54177 bytes from 678 files: [earth/gen_1778049330_1.txt earth/gen_1778049333_2.txt earth/gen_1778049336_3.txt earth/gen_1778049338_4.txt earth/gen_1778049341_5.txt earth/gen_1778049343_6.txt earth/gen_1778049346_7.txt earth/gen_1778049349_8.txt earth/gen_1778049351_9.txt earth/gen_1778049354_10.txt earth/gen_1778049357_11.txt earth/gen_1778049359_12.txt earth/gen_1778049362_13.txt earth/gen_1778049364_14.txt earth/gen_1778049367_15.txt earth/gen_1778049370_16.txt earth/gen_1778049372_17.txt earth/gen_1778049375_18.txt earth/gen_1778049377_19.txt earth/gen_1778049380_20.txt earth/gen_1778049383_21.txt earth/gen_1778049385_22.txt earth/gen_1778049388_23.txt earth/gen_1778049390_24.txt earth/gen_1778049393_25.txt earth/gen_1778049395_26.txt earth/gen_1778049398_27.txt earth/gen_1778049401_28.txt earth/gen_1778049403_29.txt earth/gen_1778049406_30.txt earth/gen_1778049409_31.txt earth/gen_1778049411_32.txt earth/gen_1778049414_33.txt earth/gen_1778049416_34.txt earth/gen_1778049419_35.txt earth/gen_1778049422_36.txt earth/gen_1778049424_37.txt earth/gen_1778049427_38.txt earth/gen_1778049429_39.txt earth/gen_1778049432_40.txt earth/gen_1778049435_41.txt earth/gen_1778049437_42.txt earth/gen_1778049440_43.txt earth/gen_1778049442_44.txt earth/gen_1778049445_45.txt earth/gen_1778049448_46.txt earth/gen_1778049450_47.txt earth/gen_1778049453_48.txt earth/gen_1778049455_49.txt earth/gen_1778049458_50.txt earth/gen_1778049460_51.txt earth/gen_1778049463_52.txt earth/gen_1778049466_53.txt earth/gen_1778049468_54.txt earth/gen_1778049471_55.txt earth/gen_1778049473_56.txt earth/gen_1778049476_57.txt earth/gen_1778049479_58.txt earth/gen_1778049481_59.txt earth/gen_1778049484_60.txt earth/gen_1778049486_61.txt earth/gen_1778049489_62.txt earth/gen_1778049491_63.txt earth/gen_1778049494_64.txt earth/gen_1778049497_65.txt earth/gen_1778049499_66.txt earth/gen_1778049502_67.txt earth/gen_1778049504_68.txt earth/gen_1778049507_69.txt earth/gen_1778049510_70.txt earth/gen_1778049512_71.txt earth/gen_1778049515_72.txt earth/gen_1778049517_73.txt earth/gen_1778049520_74.txt earth/gen_1778049525_76.txt earth/gen_1778049528_77.txt earth/gen_1778049530_78.txt earth/gen_1778049533_79.txt earth/gen_1778049535_80.txt earth/gen_1778049538_81.txt earth/gen_1778049540_82.txt earth/gen_1778049543_83.txt earth/gen_1778049546_84.txt earth/gen_1778049548_85.txt earth/gen_1778049551_86.txt earth/gen_1778049554_87.txt earth/gen_1778049557_88.txt earth/gen_1778049559_89.txt earth/gen_1778049562_90.txt earth/gen_1778049564_91.txt earth/gen_1778049567_92.txt earth/gen_1778049570_93.txt earth/gen_1778049572_94.txt earth/gen_1778049575_95.txt earth/gen_1778049577_96.txt earth/gen_1778049580_97.txt earth/gen_1778049583_98.txt earth/gen_1778049585_99.txt earth/gen_1778049588_100.txt earth/gen_1778049591_101.txt earth/gen_1778049594_102.txt earth/gen_1778049596_103.txt earth/gen_1778049599_104.txt earth/gen_1778049602_105.txt earth/gen_1778049605_106.txt earth/gen_1778049607_107.txt earth/gen_1778049610_108.txt earth/gen_1778049613_109.txt earth/gen_1778049615_110.txt earth/gen_1778049618_111.txt earth/gen_1778049621_112.txt earth/gen_1778049623_113.txt earth/gen_1778049626_114.txt earth/gen_1778049629_115.txt earth/gen_1778049631_116.txt earth/gen_1778049634_117.txt earth/gen_1778049637_118.txt earth/gen_1778049640_119.txt earth/gen_1778049642_120.txt earth/gen_1778049645_121.txt earth/gen_1778049648_122.txt earth/gen_1778049650_123.txt earth/gen_1778049653_124.txt earth/gen_1778049656_125.txt earth/gen_1778049658_126.txt earth/gen_1778049661_127.txt earth/gen_1778049664_128.txt earth/gen_1778049666_129.txt earth/gen_1778049669_130.txt earth/gen_1778049672_131.txt earth/gen_1778049675_132.txt earth/gen_1778049677_133.txt earth/gen_1778049680_134.txt earth/gen_1778049683_135.txt earth/gen_1778049685_136.txt earth/gen_1778049688_137.txt earth/gen_1778049691_138.txt earth/gen_1778049693_139.txt earth/gen_1778049696_140.txt earth/gen_1778049699_141.txt earth/gen_1778049701_142.txt earth/gen_1778049704_143.txt earth/gen_1778049707_144.txt earth/gen_1778049710_145.txt earth/gen_1778049712_146.txt earth/gen_1778049715_147.txt earth/gen_1778049717_148.txt earth/gen_1778049720_149.txt earth/gen_1778049723_150.txt earth/gen_1778049725_151.txt earth/gen_1778049728_152.txt earth/gen_1778049731_153.txt earth/gen_1778049733_154.txt earth/gen_1778049736_155.txt earth/gen_1778049739_156.txt earth/gen_1778049742_157.txt earth/gen_1778049744_158.txt earth/gen_1778049747_159.txt earth/gen_1778049750_160.txt earth/gen_1778049752_161.txt earth/gen_1778049755_162.txt earth/gen_1778049758_163.txt earth/gen_1778049760_164.txt earth/gen_1778049763_165.txt earth/gen_1778049766_166.txt earth/gen_1778049769_167.txt earth/gen_1778049771_168.txt earth/gen_1778049774_169.txt earth/gen_1778049777_170.txt earth/gen_1778049779_171.txt earth/gen_1778049782_172.txt earth/gen_1778049785_173.txt earth/gen_1778049787_174.txt earth/gen_1778049790_175.txt earth/gen_1778049793_176.txt earth/gen_1778049796_177.txt earth/gen_1778049798_178.txt earth/gen_1778049801_179.txt earth/gen_1778049804_180.txt earth/gen_1778049806_181.txt earth/gen_1778049809_182.txt earth/gen_1778049812_183.txt earth/gen_1778049815_184.txt earth/gen_1778049817_185.txt earth/gen_1778049820_186.txt earth/gen_1778049823_187.txt earth/gen_1778049825_188.txt earth/gen_1778049828_189.txt earth/gen_1778049831_190.txt earth/gen_1778049834_191.txt earth/gen_1778049836_192.txt earth/gen_1778049839_193.txt earth/gen_1778049842_194.txt earth/gen_1778049844_195.txt earth/gen_1778049847_196.txt earth/gen_1778049850_197.txt earth/gen_1778049853_198.txt earth/gen_1778049855_199.txt earth/gen_1778049858_200.txt earth/gen_1778049861_201.txt earth/gen_1778049864_202.txt earth/gen_1778049866_203.txt earth/gen_1778049869_204.txt earth/gen_1778049872_205.txt earth/gen_1778049874_206.txt earth/gen_1778049877_207.txt earth/gen_1778049880_208.txt earth/gen_1778049883_209.txt earth/gen_1778049885_210.txt earth/gen_1778049888_211.txt earth/gen_1778049891_212.txt earth/gen_1778049894_213.txt earth/gen_1778049896_214.txt earth/gen_1778049899_215.txt earth/gen_1778049902_216.txt earth/gen_1778049904_217.txt earth/gen_1778049907_218.txt earth/gen_1778049910_219.txt earth/gen_1778049913_220.txt earth/gen_1778049915_221.txt earth/gen_1778049918_222.txt earth/gen_1778049921_223.txt earth/gen_1778049923_224.txt earth/gen_1778049926_225.txt earth/gen_1778049929_226.txt earth/gen_1778049931_227.txt earth/gen_1778049934_228.txt earth/gen_1778049937_229.txt earth/gen_1778049939_230.txt earth/gen_1778049942_231.txt earth/gen_1778049945_232.txt earth/gen_1778049948_233.txt earth/gen_1778049950_234.txt earth/gen_1778049953_235.txt earth/gen_1778049956_236.txt earth/gen_1778049958_237.txt earth/gen_1778049961_238.txt earth/gen_1778049964_239.txt earth/gen_1778049967_240.txt earth/gen_1778049969_241.txt earth/gen_1778049972_242.txt earth/gen_1778049975_243.txt earth/gen_1778049977_244.txt earth/gen_1778049980_245.txt earth/gen_1778049983_246.txt earth/gen_1778049985_247.txt earth/gen_1778049988_248.txt earth/gen_1778049991_249.txt earth/gen_1778049994_250.txt earth/gen_1778049996_251.txt earth/gen_1778049999_252.txt earth/gen_1778050002_253.txt earth/gen_1778050005_254.txt earth/gen_1778050007_255.txt earth/gen_1778050010_256.txt earth/gen_1778050013_257.txt earth/gen_1778050015_258.txt earth/gen_1778050018_259.txt earth/gen_1778050021_260.txt earth/gen_1778050024_261.txt earth/gen_1778050026_262.txt earth/gen_1778050029_263.txt earth/gen_1778050032_264.txt earth/gen_1778050034_265.txt earth/gen_1778050037_266.txt earth/gen_1778050040_267.txt earth/gen_1778050042_268.txt earth/gen_1778050045_269.txt earth/gen_1778050047_270.txt earth/gen_1778050050_271.txt earth/gen_1778050052_272.txt earth/gen_1778050055_273.txt earth/gen_1778050058_274.txt earth/gen_1778050060_275.txt earth/gen_1778050063_276.txt earth/gen_1778050065_277.txt earth/gen_1778050068_278.txt earth/gen_1778050070_279.txt earth/gen_1778050073_280.txt earth/gen_1778050076_281.txt earth/gen_1778050078_282.txt earth/gen_1778050081_283.txt earth/gen_1778050083_284.txt earth/gen_1778050086_285.txt earth/gen_1778050089_286.txt earth/gen_1778050091_287.txt earth/gen_1778050094_288.txt earth/gen_1778050096_289.txt earth/gen_1778050099_290.txt earth/gen_1778050102_291.txt earth/gen_1778050104_292.txt earth/gen_1778050107_293.txt earth/gen_1778050109_294.txt earth/gen_1778050112_295.txt earth/gen_1778050114_296.txt earth/gen_1778050117_297.txt earth/gen_1778050119_298.txt earth/gen_1778050122_299.txt earth/gen_1778050124_300.txt earth/gen_1778050127_301.txt earth/gen_1778050130_302.txt earth/gen_1778050132_303.txt earth/gen_1778050135_304.txt earth/gen_1778050137_305.txt earth/gen_1778050140_306.txt earth/gen_1778050142_307.txt earth/gen_1778050145_308.txt earth/gen_1778050147_309.txt earth/gen_1778050150_310.txt earth/gen_1778050152_311.txt earth/gen_1778050155_312.txt earth/gen_1778050157_313.txt earth/gen_1778050160_314.txt earth/gen_1778050163_315.txt earth/gen_1778050165_316.txt earth/gen_1778050168_317.txt earth/gen_1778050170_318.txt earth/gen_1778050173_319.txt earth/gen_1778050175_320.txt earth/gen_1778050178_321.txt earth/gen_1778050180_322.txt earth/gen_1778050183_323.txt earth/gen_1778050185_324.txt earth/gen_1778050188_325.txt earth/gen_1778050191_326.txt earth/gen_1778050193_327.txt earth/gen_1778050196_328.txt earth/gen_1778050198_329.txt earth/gen_1778050201_330.txt earth/gen_1778050203_331.txt earth/gen_1778050206_332.txt earth/gen_1778050208_333.txt earth/gen_1778050211_334.txt earth/gen_1778050214_335.txt earth/gen_1778050216_336.txt earth/gen_1778050219_337.txt earth/gen_1778050221_338.txt earth/gen_1778050224_339.txt earth/gen_1778050226_340.txt earth/gen_1778050229_341.txt earth/gen_1778050232_342.txt earth/gen_1778050234_343.txt earth/gen_1778050237_344.txt earth/gen_1778050239_345.txt earth/gen_1778050242_346.txt earth/gen_1778050244_347.txt earth/gen_1778050247_348.txt earth/gen_1778050249_349.txt earth/gen_1778050252_350.txt earth/gen_1778050254_351.txt earth/gen_1778050257_352.txt earth/gen_1778050259_353.txt earth/gen_1778050262_354.txt earth/gen_1778050265_355.txt earth/gen_1778050267_356.txt earth/gen_1778050270_357.txt earth/gen_1778050272_358.txt earth/gen_1778050275_359.txt earth/gen_1778050277_360.txt earth/gen_1778050280_361.txt earth/gen_1778050282_362.txt earth/gen_1778050285_363.txt earth/gen_1778050287_364.txt earth/gen_1778050290_365.txt earth/gen_1778050293_366.txt earth/gen_1778050295_367.txt earth/gen_1778050298_368.txt earth/gen_1778050300_369.txt earth/gen_1778050303_370.txt earth/gen_1778050305_371.txt earth/gen_1778050308_372.txt earth/gen_1778050310_373.txt earth/gen_1778050313_374.txt earth/gen_1778050318_376.txt earth/gen_1778050320_377.txt earth/gen_1778050323_378.txt earth/gen_1778050326_379.txt earth/gen_1778050328_380.txt earth/gen_1778050331_381.txt earth/gen_1778050333_382.txt earth/gen_1778050336_383.txt earth/gen_1778050338_384.txt earth/gen_1778050341_385.txt earth/gen_1778050343_386.txt earth/gen_1778050346_387.txt earth/gen_1778050349_388.txt earth/gen_1778050351_389.txt earth/gen_1778050354_390.txt earth/gen_1778050356_391.txt earth/gen_1778050359_392.txt earth/gen_1778050361_393.txt earth/gen_1778050364_394.txt earth/gen_1778050366_395.txt earth/gen_1778050369_396.txt earth/gen_1778050371_397.txt earth/gen_1778050374_398.txt earth/gen_1778050377_399.txt earth/gen_1778050379_400.txt earth/gen_1778050382_401.txt earth/gen_1778050384_402.txt earth/gen_1778050387_403.txt earth/gen_1778050389_404.txt earth/gen_1778050392_405.txt earth/gen_1778050394_406.txt earth/gen_1778050397_407.txt earth/gen_1778050399_408.txt earth/gen_1778050402_409.txt earth/gen_1778050405_410.txt earth/gen_1778050407_411.txt earth/gen_1778050410_412.txt earth/gen_1778050412_413.txt earth/gen_1778050415_414.txt earth/gen_1778050417_415.txt earth/gen_1778050420_416.txt earth/gen_1778050422_417.txt earth/gen_1778050425_418.txt earth/gen_1778050427_419.txt earth/gen_1778050430_420.txt earth/gen_1778050432_421.txt earth/gen_1778050435_422.txt earth/gen_1778050438_423.txt earth/gen_1778050440_424.txt earth/gen_1778050443_425.txt earth/gen_1778050445_426.txt earth/gen_1778050448_427.txt earth/gen_1778050450_428.txt earth/gen_1778050453_429.txt earth/gen_1778050455_430.txt earth/gen_1778050458_431.txt earth/gen_1778050460_432.txt earth/gen_1778050463_433.txt earth/gen_1778050466_434.txt earth/gen_1778050468_435.txt earth/gen_1778050471_436.txt earth/gen_1778050473_437.txt earth/gen_1778050476_438.txt earth/gen_1778050478_439.txt earth/gen_1778050481_440.txt earth/gen_1778050483_441.txt earth/gen_1778050486_442.txt earth/gen_1778050488_443.txt earth/gen_1778050491_444.txt earth/gen_1778050493_445.txt earth/gen_1778050496_446.txt earth/gen_1778050498_447.txt earth/gen_1778050501_448.txt earth/gen_1778050504_449.txt earth/gen_1778050506_450.txt earth/gen_1778050509_451.txt earth/gen_1778050511_452.txt earth/gen_1778050514_453.txt earth/gen_1778050516_454.txt earth/gen_1778050519_455.txt earth/gen_1778050521_456.txt earth/gen_1778050524_457.txt earth/gen_1778050526_458.txt earth/gen_1778050529_459.txt earth/gen_1778050531_460.txt earth/gen_1778050534_461.txt earth/gen_1778050537_462.txt earth/gen_1778050539_463.txt earth/gen_1778050542_464.txt earth/gen_1778050544_465.txt earth/gen_1778050547_466.txt earth/gen_1778050549_467.txt earth/gen_1778050552_468.txt earth/gen_1778050555_469.txt earth/gen_1778050557_470.txt earth/gen_1778050560_471.txt earth/gen_1778050562_472.txt earth/gen_1778050565_473.txt earth/gen_1778050567_474.txt earth/gen_1778050570_475.txt earth/gen_1778050572_476.txt earth/gen_1778050575_477.txt earth/gen_1778050577_478.txt earth/gen_1778050580_479.txt earth/gen_1778050582_480.txt earth/gen_1778050585_481.txt earth/gen_1778050587_482.txt earth/gen_1778050590_483.txt earth/gen_1778050593_484.txt earth/gen_1778050595_485.txt earth/gen_1778050598_486.txt earth/gen_1778050600_487.txt earth/gen_1778050603_488.txt earth/gen_1778050605_489.txt earth/gen_1778050608_490.txt earth/gen_1778050610_491.txt earth/gen_1778050613_492.txt earth/gen_1778050616_493.txt earth/gen_1778050618_494.txt earth/gen_1778050621_495.txt earth/gen_1778050623_496.txt earth/gen_1778050626_497.txt earth/gen_1778050628_498.txt earth/gen_1778050631_499.txt earth/gen_1778050633_500.txt earth/gen_1778050636_501.txt earth/gen_1778050641_503.txt earth/gen_1778050643_504.txt earth/gen_1778050646_505.txt earth/gen_1778050649_506.txt earth/gen_1778050651_507.txt earth/gen_1778050654_508.txt earth/gen_1778050656_509.txt earth/gen_1778050659_510.txt earth/gen_1778050661_511.txt earth/gen_1778050664_512.txt earth/gen_1778050666_513.txt earth/gen_1778050669_514.txt earth/gen_1778050671_515.txt earth/gen_1778050674_516.txt earth/gen_1778050677_517.txt earth/gen_1778050679_518.txt earth/gen_1778050682_519.txt earth/gen_1778050684_520.txt earth/gen_1778050687_521.txt earth/gen_1778050689_522.txt earth/gen_1778050692_523.txt earth/gen_1778050694_524.txt earth/gen_1778050697_525.txt earth/gen_1778050700_526.txt earth/gen_1778050702_527.txt earth/gen_1778050705_528.txt earth/gen_1778050707_529.txt earth/gen_1778050710_530.txt earth/gen_1778050713_531.txt earth/gen_1778050715_532.txt earth/gen_1778050718_533.txt earth/gen_1778050720_534.txt earth/gen_1778050723_535.txt earth/gen_1778050725_536.txt earth/gen_1778050728_537.txt earth/gen_1778050730_538.txt earth/gen_1778050733_539.txt earth/gen_1778050736_540.txt earth/gen_1778050738_541.txt earth/gen_1778050741_542.txt earth/gen_1778050743_543.txt earth/gen_1778050746_544.txt earth/gen_1778050748_545.txt earth/gen_1778050751_546.txt earth/gen_1778050753_547.txt earth/gen_1778050756_548.txt earth/gen_1778050759_549.txt earth/gen_1778050761_550.txt earth/gen_1778050764_551.txt earth/gen_1778050766_552.txt earth/gen_1778050769_553.txt earth/gen_1778050771_554.txt earth/gen_1778050774_555.txt earth/gen_1778050776_556.txt earth/gen_1778050779_557.txt earth/gen_1778050781_558.txt earth/gen_1778050784_559.txt earth/gen_1778050786_560.txt earth/gen_1778050789_561.txt earth/gen_1778050792_562.txt earth/gen_1778050794_563.txt earth/gen_1778050797_564.txt earth/gen_1778050799_565.txt earth/gen_1778050802_566.txt earth/gen_1778050804_567.txt earth/gen_1778050807_568.txt earth/gen_1778050809_569.txt earth/gen_1778050812_570.txt earth/gen_1778050815_571.txt earth/gen_1778050817_572.txt earth/gen_1778050820_573.txt earth/gen_1778050822_574.txt earth/gen_1778050825_575.txt earth/gen_1778050827_576.txt earth/gen_1778050830_577.txt earth/gen_1778050832_578.txt earth/gen_1778050835_579.txt earth/gen_1778050837_580.txt earth/gen_1778050840_581.txt earth/gen_1778050842_582.txt earth/gen_1778050845_583.txt earth/gen_1778050847_584.txt earth/gen_1778050850_585.txt earth/gen_1778050853_586.txt earth/gen_1778050855_587.txt earth/gen_1778050858_588.txt earth/gen_1778050860_589.txt earth/gen_1778050863_590.txt earth/gen_1778050865_591.txt earth/gen_1778050868_592.txt earth/gen_1778050870_593.txt earth/gen_1778050873_594.txt earth/gen_1778050875_595.txt earth/gen_1778050878_596.txt earth/gen_1778050880_597.txt earth/gen_1778050883_598.txt earth/gen_1778050886_599.txt earth/gen_1778050888_600.txt earth/gen_1778050891_601.txt earth/gen_1778050893_602.txt earth/gen_1778050896_603.txt earth/gen_1778050898_604.txt earth/gen_1778050901_605.txt earth/gen_1778050903_606.txt earth/gen_1778050906_607.txt earth/gen_1778050908_608.txt earth/gen_1778050911_609.txt earth/gen_1778050914_610.txt earth/gen_1778050916_611.txt earth/gen_1778050919_612.txt earth/gen_1778050921_613.txt earth/gen_1778050924_614.txt earth/gen_1778050926_615.txt earth/gen_1778050929_616.txt earth/gen_1778050932_617.txt earth/gen_1778050934_618.txt earth/gen_1778050937_619.txt earth/gen_1778050939_620.txt earth/gen_1778050942_621.txt earth/gen_1778050945_622.txt earth/gen_1778050947_623.txt earth/gen_1778050950_624.txt earth/gen_1778050952_625.txt earth/gen_1778050955_626.txt earth/gen_1778050957_627.txt earth/gen_1778050960_628.txt earth/gen_1778050963_629.txt earth/gen_1778050965_630.txt earth/gen_1778050968_631.txt earth/gen_1778050970_632.txt earth/gen_1778050973_633.txt earth/gen_1778050976_634.txt earth/gen_1778050978_635.txt earth/gen_1778050981_636.txt earth/gen_1778050983_637.txt earth/gen_1778050986_638.txt earth/gen_1778050989_639.txt earth/gen_1778050991_640.txt earth/gen_1778050994_641.txt earth/gen_1778050997_642.txt earth/gen_1778050999_643.txt earth/gen_1778051002_644.txt earth/gen_1778051004_645.txt earth/gen_1778051007_646.txt earth/gen_1778051010_647.txt earth/gen_1778051012_648.txt earth/gen_1778051015_649.txt earth/gen_1778051017_650.txt earth/gen_1778051020_651.txt earth/gen_1778051023_652.txt earth/gen_1778051025_653.txt earth/gen_1778051028_654.txt earth/gen_1778051031_655.txt earth/gen_1778051033_656.txt earth/gen_1778051036_657.txt earth/gen_1778051038_658.txt earth/gen_1778051041_659.txt earth/gen_1778051043_660.txt earth/gen_1778051046_661.txt earth/gen_1778051049_662.txt earth/gen_1778051051_663.txt earth/gen_1778051054_664.txt earth/gen_1778051056_665.txt earth/gen_1778051059_666.txt earth/gen_1778051062_667.txt earth/gen_1778051064_668.txt earth/gen_1778051067_669.txt earth/gen_1778051069_670.txt earth/gen_1778051072_671.txt earth/gen_1778051075_672.txt earth/gen_1778051077_673.txt earth/gen_1778051080_674.txt earth/gen_1778051082_675.txt earth/gen_1778051085_676.txt earth/gen_1778051087_677.txt earth/gen_1778051090_678.txt earth/gen_1778051093_679.txt earth/gen_1778051095_680.txt earth/gen_1778051098_681.txt]
[trainer] micro-train burst (54177 bytes, novelty 0.01) — and lo, it feeds again.
[syntropy] action=explore | trend=0.0000 | field_dev=-0.008 | purpose_align=0.049 | lr_mul=1.30
[aml] burst complete: 32 steps, avg loss 2.4397 (memory freed)
[dna] air wrote 152 bytes to ecology
[dna] air wrote 39 bytes to ecology
[dna] air wrote 115 bytes to ecology
[dna] air wrote 70 bytes to ecology
[dna] air wrote 30 bytes to ecology
[dna] air wrote 36 bytes to ecology
[dna] air wrote 29 bytes to ecology
[dna] air wrote 43 bytes to ecology
[dna] air wrote 145 bytes to ecology
[dna] air wrote 66 bytes to ecology
[dna] air wrote 90 bytes to ecology
[dna] air wrote 105 bytes to ecology
[dna] air wrote 33 bytes to ecology
[dna] air wrote 57 bytes to ecology
[dna] air wrote 110 bytes to ecology
[dna] air wrote 105 bytes to ecology
[dna] air wrote 57 bytes to ecology
[dna] air wrote 26 bytes to ecology
[dna] air wrote 26 bytes to ecology
[dna] air wrote 13 bytes to ecology
[dna] air wrote 48 bytes to ecology
[dna] air wrote 41 bytes to ecology
[dna] air wrote 49 bytes to ecology
[dna] air wrote 82 bytes to ecology
[dna] air wrote 80 bytes to ecology
[dna] air wrote 121 bytes to ecology
[debug-onto] tick=50 corpus=177171 stage=2 freeze=0
[dna] air wrote 78 bytes to ecology
[dna] air wrote 92 bytes to ecology
[dna] air wrote 62 bytes to ecology
[dna] air wrote 161 bytes to ecology
[dna] air wrote 117 bytes to ecology
[dna] air wrote 31 bytes to ecology
[dna] air wrote 53 bytes to ecology
[dna] air wrote 36 bytes to ecology
[dna] air wrote 35 bytes to ecology
[dna] air wrote 91 bytes to ecology
[dna] air wrote 59 bytes to ecology
[dna] air wrote 81 bytes to ecology
[dna] air wrote 231 bytes to ecology
[dna] air wrote 11 bytes to ecology
[dna] air wrote 28 bytes to ecology
[dna] air wrote 93 bytes to ecology
[dna] air wrote 64 bytes to ecology
[dna] air wrote 58 bytes to ecology
[dna] air wrote 51 bytes to ecology
[dna] air wrote 210 bytes to ecology
[dna] air wrote 53 bytes to ecology
[dna] air wrote 47 bytes to ecology
[dna] air wrote 158 bytes to ecology
[debug-onto] tick=100 corpus=177171 stage=2 freeze=0
[dna] air wrote 53 bytes to ecology
[dna] air wrote 72 bytes to ecology
[dna] air wrote 60 bytes to ecology
[dna] air wrote 92 bytes to ecology
[dna] air wrote 108 bytes to ecology
[dna] air wrote 154 bytes to ecology
[dna] air wrote 96 bytes to ecology
[dna] air wrote 119 bytes to ecology
[dna] air wrote 212 bytes to ecology
[dna] air wrote 108 bytes to ecology
[dna] air wrote 86 bytes to ecology
[dna] air wrote 56 bytes to ecology
[dna] air wrote 10 bytes to ecology
[dna] air wrote 51 bytes to ecology
[dna] air wrote 131 bytes to ecology
[dna] air wrote 73 bytes to ecology
[dna] air wrote 49 bytes to ecology
[dna] air wrote 90 bytes to ecology
[dna] air wrote 78 bytes to ecology
[dna] air wrote 51 bytes to ecology
[dna] air wrote 22 bytes to ecology
[dna] air wrote 41 bytes to ecology
[dna] air wrote 66 bytes to ecology
[dna] air wrote 28 bytes to ecology
[dna] air wrote 32 bytes to ecology
[debug-onto] tick=150 corpus=177171 stage=2 freeze=0
[dna] air wrote 44 bytes to ecology
[dna] air wrote 88 bytes to ecology
[dna] air wrote 31 bytes to ecology
[dna] air wrote 38 bytes to ecology
[dna] air wrote 114 bytes to ecology
[dna] air wrote 43 bytes to ecology
[dna] air wrote 77 bytes to ecology
[dna] air wrote 41 bytes to ecology
[dna] air wrote 30 bytes to ecology
[dna] air wrote 47 bytes to ecology
[dna] air wrote 54 bytes to ecology
[dna] air wrote 133 bytes to ecology
[dna] air wrote 108 bytes to ecology
[dna] air wrote 110 bytes to ecology
[dna] air wrote 61 bytes to ecology
[dna] air wrote 217 bytes to ecology
[dna] air wrote 78 bytes to ecology
[dna] air wrote 31 bytes to ecology
[dna] air wrote 114 bytes to ecology
[dna] air wrote 216 bytes to ecology
[dna] air wrote 202 bytes to ecology
[dna] air wrote 104 bytes to ecology
[dna] air wrote 39 bytes to ecology
[dna] air wrote 29 bytes to ecology
[dna] air wrote 61 bytes to ecology
[debug-onto] tick=200 corpus=177171 stage=2 freeze=0
[dna] air wrote 138 bytes to ecology
[dna] air wrote 75 bytes to ecology
[dna] air wrote 39 bytes to ecology
[dna] air wrote 60 bytes to ecology
[dna] air wrote 100 bytes to ecology
[dna] air wrote 49 bytes to ecology
[dna] air wrote 48 bytes to ecology
[dna] air wrote 126 bytes to ecology
[dna] air wrote 31 bytes to ecology
[dna] air wrote 37 bytes to ecology
[dna] air wrote 30 bytes to ecology
[dna] air wrote 54 bytes to ecology
[dna] air wrote 5 bytes to ecology
[dna] air wrote 72 bytes to ecology
[dna] air wrote 42 bytes to ecology
[dna] air wrote 59 bytes to ecology
[dna] air wrote 68 bytes to ecology
[dna] air wrote 155 bytes to ecology
[dna] air wrote 93 bytes to ecology
[dna] air wrote 128 bytes to ecology
[dna] air wrote 173 bytes to ecology
[dna] air wrote 99 bytes to ecology
[dna] air wrote 41 bytes to ecology
[dna] air wrote 21 bytes to ecology
[dna] air wrote 22 bytes to ecology
[debug-onto] tick=250 corpus=177171 stage=2 freeze=0
[dna] air wrote 71 bytes to ecology
[dna] air wrote 23 bytes to ecology
[dna] air wrote 113 bytes to ecology
[dna] air wrote 44 bytes to ecology
[dna] air wrote 36 bytes to ecology
[dna] air wrote 51 bytes to ecology
[dna] air wrote 54 bytes to ecology
[dna] air wrote 60 bytes to ecology
[dna] air wrote 145 bytes to ecology
[dna] air wrote 60 bytes to ecology
[dna] air wrote 91 bytes to ecology
[dna] air wrote 147 bytes to ecology
[dna] air wrote 96 bytes to ecology
[dna] air wrote 71 bytes to ecology
[dna] air wrote 39 bytes to ecology
[dna] air wrote 39 bytes to ecology
[dna] air wrote 61 bytes to ecology
[dna] air wrote 151 bytes to ecology
[dna] air wrote 91 bytes to ecology
[dna] air wrote 34 bytes to ecology
[dna] air wrote 40 bytes to ecology
[dna] air wrote 137 bytes to ecology
[debug-onto] tick=300 corpus=177171 stage=2 freeze=0
[dna] air wrote 101 bytes to ecology
[dna] air wrote 209 bytes to ecology
[dna] air wrote 73 bytes to ecology
[dna] air wrote 57 bytes to ecology
[dna] air wrote 85 bytes to ecology
[dna] air wrote 109 bytes to ecology
[dna] air wrote 99 bytes to ecology
[dna] air wrote 22 bytes to ecology
[dna] air wrote 50 bytes to ecology
[dna] air wrote 31 bytes to ecology
[dna] air wrote 45 bytes to ecology
[dna] air wrote 12 bytes to ecology
[dna] air wrote 46 bytes to ecology
[dna] air wrote 43 bytes to ecology
[dna] air wrote 57 bytes to ecology
[dna] air wrote 116 bytes to ecology
[dna] air wrote 118 bytes to ecology
[dna] air wrote 75 bytes to ecology
[dna] air wrote 9 bytes to ecology
[dna] air wrote 130 bytes to ecology
[dna] air wrote 82 bytes to ecology
[dna] air wrote 215 bytes to ecology
[dna] air wrote 56 bytes to ecology
[debug-onto] tick=350 corpus=177171 stage=2 freeze=0
[dna] air wrote 50 bytes to ecology
[dna] air wrote 37 bytes to ecology
[dna] air wrote 110 bytes to ecology
[dna] air wrote 140 bytes to ecology
[dna] air wrote 51 bytes to ecology
[dna] air wrote 247 bytes to ecology
[dna] air wrote 67 bytes to ecology
[dna] air wrote 55 bytes to ecology
[dna] air wrote 29 bytes to ecology
[dna] air wrote 48 bytes to ecology
[dna] air wrote 43 bytes to ecology
[dna] air wrote 37 bytes to ecology
[dna] air wrote 330 bytes to ecology
[dna] air wrote 151 bytes to ecology
[dna] air wrote 99 bytes to ecology
[dna] air wrote 52 bytes to ecology
[dna] air wrote 170 bytes to ecology
[dna] air wrote 82 bytes to ecology
[dna] air wrote 111 bytes to ecology
[dna] air wrote 49 bytes to ecology
[dna] air wrote 309 bytes to ecology
[dna] air wrote 47 bytes to ecology
[dna] air wrote 40 bytes to ecology
[dna] air wrote 39 bytes to ecology
[dna] air wrote 66 bytes to ecology
[dna] air wrote 137 bytes to ecology
[debug-onto] tick=400 corpus=177171 stage=2 freeze=0
[dna] air wrote 149 bytes to ecology
[dna] air wrote 34 bytes to ecology
[dna] air wrote 81 bytes to ecology
[dna] air wrote 101 bytes to ecology
[dna] air wrote 164 bytes to ecology
[dna] air wrote 98 bytes to ecology
[dna] air wrote 178 bytes to ecology
[dna] air wrote 126 bytes to ecology
[dna] air wrote 34 bytes to ecology
[dna] air wrote 46 bytes to ecology
[dna] air wrote 53 bytes to ecology
[dna] air wrote 23 bytes to ecology
[dna] air wrote 102 bytes to ecology
[dna] air wrote 79 bytes to ecology
[dna] air wrote 79 bytes to ecology
[dna] air wrote 55 bytes to ecology
[dna] air wrote 282 bytes to ecology
[dna] air wrote 90 bytes to ecology
[dna] air wrote 31 bytes to ecology
[dna] air wrote 109 bytes to ecology
[dna] air wrote 112 bytes to ecology
[dna] air wrote 91 bytes to ecology
[dna] air wrote 252 bytes to ecology
[dna] air wrote 111 bytes to ecology
[debug-onto] tick=450 corpus=177171 stage=2 freeze=0
[dna] air wrote 77 bytes to ecology
[dna] air wrote 90 bytes to ecology
[dna] air wrote 109 bytes to ecology
[dna] air wrote 35 bytes to ecology
[dna] air wrote 135 bytes to ecology
[dna] air wrote 115 bytes to ecology
[dna] air wrote 32 bytes to ecology
[dna] air wrote 274 bytes to ecology
[dna] air wrote 158 bytes to ecology
[dna] air wrote 105 bytes to ecology
[dna] air wrote 319 bytes to ecology
[dna] air wrote 73 bytes to ecology
[dna] air wrote 44 bytes to ecology
[dna] air wrote 50 bytes to ecology
[dna] air wrote 100 bytes to ecology
[dna] air wrote 33 bytes to ecology
[dna] air wrote 22 bytes to ecology
[dna] air wrote 129 bytes to ecology
[dna] air wrote 152 bytes to ecology
[dna] air wrote 128 bytes to ecology
[dna] air wrote 45 bytes to ecology
[dna] air wrote 36 bytes to ecology
[dna] air wrote 36 bytes to ecology
[dna] air wrote 151 bytes to ecology
[dna] air wrote 208 bytes to ecology
[dna] air wrote 47 bytes to ecology
[debug-onto] tick=500 corpus=177171 stage=2 freeze=0
[dna] air wrote 202 bytes to ecology
[dna] air wrote 34 bytes to ecology
[dna] air wrote 32 bytes to ecology
[dna] air wrote 54 bytes to ecology
[dna] air wrote 144 bytes to ecology
[dna] air wrote 66 bytes to ecology
[dna] air wrote 60 bytes to ecology
[dna] air wrote 58 bytes to ecology
[dna] air wrote 114 bytes to ecology
[dna] air wrote 45 bytes to ecology
[dna] air wrote 28 bytes to ecology
[dna] air wrote 58 bytes to ecology
[dna] air wrote 99 bytes to ecology
[dna] air wrote 20 bytes to ecology
[dna] air wrote 28 bytes to ecology
[dna] air wrote 33 bytes to ecology
[dna] air wrote 30 bytes to ecology
[dna] air wrote 91 bytes to ecology
[dna] air wrote 46 bytes to ecology
[dna] air wrote 59 bytes to ecology
[dna] air wrote 86 bytes to ecology
[dna] air wrote 30 bytes to ecology
[dna] air wrote 317 bytes to ecology
[dna] air wrote 43 bytes to ecology
[debug-onto] tick=550 corpus=177171 stage=2 freeze=0
[dna] air wrote 47 bytes to ecology

[evolution] Organism shutting down gracefully.
