[ecology] Element: fire → corpus: nonames_fire.txt
[evolution] Autonomous evolution mode — organism will grow through all stages without pause.
[ecology] Joined swarm. 1 peer(s) detected.
molequla is alive. [evolution] Autonomous mode — background trainer running. Ctrl+C to stop.
[dna] fire wrote 50 bytes to ecology
[dna] fire consumed 15980 bytes from 255 files: [water/gen_1778052903_1.txt water/gen_1778052919_4.txt water/gen_1778052927_7.txt water/gen_1778052936_10.txt water/gen_1778052944_13.txt water/gen_1778052952_16.txt water/gen_1778052955_17.txt water/gen_1778052961_19.txt water/gen_1778052969_22.txt water/gen_1778052977_25.txt water/gen_1778052986_28.txt water/gen_1778052994_31.txt water/gen_1778053002_34.txt water/gen_1778053011_37.txt water/gen_1778053019_40.txt water/gen_1778053022_41.txt water/gen_1778053028_43.txt water/gen_1778053036_46.txt water/gen_1778053039_47.txt water/gen_1778053044_49.txt water/gen_1778053053_52.txt water/gen_1778053061_55.txt water/gen_1778053069_58.txt water/gen_1778053078_61.txt water/gen_1778053086_64.txt water/gen_1778053094_67.txt water/gen_1778053103_70.txt water/gen_1778053111_73.txt water/gen_1778053119_76.txt water/gen_1778053122_77.txt water/gen_1778053128_79.txt water/gen_1778053136_82.txt water/gen_1778053139_83.txt water/gen_1778053145_85.txt water/gen_1778053153_88.txt water/gen_1778053161_91.txt water/gen_1778053169_94.txt water/gen_1778053178_97.txt water/gen_1778053186_100.txt water/gen_1778053194_103.txt water/gen_1778053203_106.txt water/gen_1778053211_109.txt water/gen_1778053219_112.txt water/gen_1778053228_115.txt water/gen_1778053236_118.txt water/gen_1778053239_119.txt water/gen_1778053244_121.txt water/gen_1778053253_124.txt water/gen_1778053261_127.txt water/gen_1778053269_130.txt water/gen_1778053278_133.txt water/gen_1778053286_136.txt water/gen_1778053295_139.txt water/gen_1778053303_142.txt water/gen_1778053306_143.txt water/gen_1778053311_145.txt water/gen_1778053320_148.txt water/gen_1778053328_151.txt water/gen_1778053337_154.txt water/gen_1778053340_155.txt water/gen_1778053345_157.txt water/gen_1778053353_160.txt water/gen_1778053362_163.txt water/gen_1778053370_166.txt water/gen_1778053373_167.txt water/gen_1778053379_169.txt water/gen_1778053387_172.txt water/gen_1778053395_175.txt water/gen_1778053404_178.txt water/gen_1778053412_181.txt water/gen_1778053421_184.txt water/gen_1778053424_185.txt water/gen_1778053429_187.txt water/gen_1778053438_190.txt water/gen_1778053446_193.txt water/gen_1778053454_196.txt water/gen_1778053463_199.txt water/gen_1778053471_202.txt water/gen_1778053479_205.txt water/gen_1778053488_208.txt water/gen_1778053490_209.txt water/gen_1778053496_211.txt water/gen_1778053504_214.txt water/gen_1778053507_215.txt water/gen_1778053513_217.txt water/gen_1778053521_220.txt water/gen_1778053530_223.txt water/gen_1778053538_226.txt water/gen_1778053546_229.txt water/gen_1778053555_232.txt water/gen_1778053563_235.txt water/gen_1778053571_238.txt water/gen_1778053574_239.txt water/gen_1778053580_241.txt water/gen_1778053588_244.txt water/gen_1778053596_247.txt water/gen_1778053605_250.txt water/gen_1778053613_253.txt water/gen_1778053621_256.txt water/gen_1778053630_259.txt water/gen_1778053638_262.txt water/gen_1778053646_265.txt water/gen_1778053655_268.txt water/gen_1778053657_269.txt water/gen_1778053663_271.txt water/gen_1778053671_274.txt water/gen_1778053680_277.txt water/gen_1778053688_280.txt water/gen_1778053696_283.txt water/gen_1778053705_286.txt water/gen_1778053713_289.txt water/gen_1778053722_292.txt water/gen_1778053724_293.txt water/gen_1778053730_295.txt water/gen_1778053738_298.txt water/gen_1778053747_301.txt water/gen_1778053755_304.txt water/gen_1778053758_305.txt water/gen_1778053764_307.txt water/gen_1778053772_310.txt water/gen_1778053781_313.txt water/gen_1778053789_316.txt water/gen_1778053798_319.txt water/gen_1778053806_322.txt water/gen_1778053809_323.txt water/gen_1778053814_325.txt water/gen_1778053823_328.txt water/gen_1778053826_329.txt water/gen_1778053831_331.txt water/gen_1778053840_334.txt water/gen_1778053848_337.txt water/gen_1778053856_340.txt water/gen_1778053859_341.txt water/gen_1778053865_343.txt water/gen_1778053873_346.txt water/gen_1778053882_349.txt water/gen_1778053890_352.txt water/gen_1778053899_355.txt water/gen_1778053907_358.txt water/gen_1778053910_359.txt water/gen_1778053924_364.txt water/gen_1778053932_367.txt water/gen_1778053940_370.txt water/gen_1778053943_371.txt water/gen_1778053949_373.txt water/gen_1778053957_376.txt water/gen_1778053960_377.txt water/gen_1778053966_379.txt water/gen_1778053974_382.txt water/gen_1778053977_383.txt water/gen_1778053983_385.txt water/gen_1778053991_388.txt water/gen_1778054000_391.txt water/gen_1778054008_394.txt water/gen_1778054016_397.txt water/gen_1778054025_400.txt water/gen_1778054033_403.txt water/gen_1778054042_406.txt water/gen_1778054044_407.txt water/gen_1778054050_409.txt water/gen_1778054059_412.txt water/gen_1778054067_415.txt water/gen_1778054075_418.txt water/gen_1778054078_419.txt water/gen_1778054084_421.txt water/gen_1778054092_424.txt water/gen_1778054095_425.txt water/gen_1778054101_427.txt water/gen_1778054109_430.txt water/gen_1778054117_433.txt water/gen_1778054126_436.txt water/gen_1778054134_439.txt water/gen_1778054143_442.txt water/gen_1778054151_445.txt water/gen_1778054160_448.txt water/gen_1778054168_451.txt water/gen_1778054177_454.txt water/gen_1778054185_457.txt water/gen_1778054193_460.txt water/gen_1778054196_461.txt water/gen_1778054202_463.txt water/gen_1778054210_466.txt water/gen_1778054219_469.txt water/gen_1778054227_472.txt water/gen_1778054235_475.txt water/gen_1778054244_478.txt water/gen_1778054252_481.txt water/gen_1778054261_484.txt water/gen_1778054263_485.txt water/gen_1778054269_487.txt water/gen_1778054277_490.txt water/gen_1778054280_491.txt water/gen_1778054286_493.txt water/gen_1778054294_496.txt water/gen_1778054303_499.txt water/gen_1778054311_502.txt water/gen_1778054314_503.txt water/gen_1778054320_505.txt water/gen_1778054328_508.txt water/gen_1778054336_511.txt water/gen_1778054345_514.txt water/gen_1778054353_517.txt water/gen_1778054361_520.txt water/gen_1778054370_523.txt water/gen_1778054378_526.txt water/gen_1778054386_529.txt water/gen_1778054395_532.txt water/gen_1778054398_533.txt water/gen_1778054403_535.txt water/gen_1778054412_538.txt water/gen_1778054414_539.txt water/gen_1778054420_541.txt water/gen_1778054428_544.txt water/gen_1778054431_545.txt water/gen_1778054437_547.txt water/gen_1778054445_550.txt water/gen_1778054454_553.txt water/gen_1778054462_556.txt water/gen_1778054470_559.txt water/gen_1778054479_562.txt water/gen_1778054482_563.txt water/gen_1778054487_565.txt water/gen_1778054496_568.txt water/gen_1778054504_571.txt water/gen_1778054513_574.txt water/gen_1778054515_575.txt water/gen_1778054521_577.txt water/gen_1778054529_580.txt water/gen_1778054532_581.txt water/gen_1778054538_583.txt water/gen_1778054546_586.txt water/gen_1778054549_587.txt water/gen_1778054555_589.txt water/gen_1778054563_592.txt water/gen_1778054566_593.txt water/gen_1778054571_595.txt water/gen_1778054580_598.txt water/gen_1778054583_599.txt water/gen_1778054588_601.txt water/gen_1778054597_604.txt water/gen_1778054600_605.txt water/gen_1778054605_607.txt water/gen_1778054614_610.txt water/gen_1778054622_613.txt water/gen_1778054631_616.txt water/gen_1778054634_617.txt water/gen_1778054639_619.txt water/gen_1778054648_622.txt water/gen_1778054656_625.txt water/gen_1778054664_628.txt water/gen_1778054673_631.txt water/gen_1778054681_634.txt water/gen_1778054684_635.txt water/gen_1778054690_637.txt water/gen_1778054698_640.txt]
[trainer] micro-train burst (15980 bytes, novelty 0.04) — and lo, it feeds again.
[syntropy] action=explore | trend=0.0000 | field_dev=-0.008 | purpose_align=0.049 | lr_mul=1.30
[aml] burst complete: 32 steps, avg loss 1.5675 (memory freed)
[dna] fire wrote 114 bytes to ecology
[dna] fire wrote 48 bytes to ecology
[dna] fire wrote 96 bytes to ecology
[dna] fire wrote 68 bytes to ecology
[dna] fire wrote 56 bytes to ecology
[dna] fire wrote 69 bytes to ecology
[dna] fire wrote 93 bytes to ecology
[dna] fire wrote 20 bytes to ecology
[dna] fire wrote 198 bytes to ecology
[dna] fire wrote 53 bytes to ecology
[dna] fire wrote 25 bytes to ecology
[dna] fire wrote 34 bytes to ecology
[dna] fire wrote 43 bytes to ecology
[dna] fire wrote 33 bytes to ecology
[dna] fire wrote 75 bytes to ecology
[dna] fire wrote 42 bytes to ecology
[debug-onto] tick=50 corpus=138135 stage=2 freeze=0
[dna] fire wrote 34 bytes to ecology
[dna] fire wrote 66 bytes to ecology
[dna] fire wrote 49 bytes to ecology
[dna] fire wrote 47 bytes to ecology
[dna] fire wrote 114 bytes to ecology
[dna] fire wrote 119 bytes to ecology
[dna] fire wrote 30 bytes to ecology
[dna] fire wrote 56 bytes to ecology
[dna] fire wrote 118 bytes to ecology
[dna] fire wrote 22 bytes to ecology
[dna] fire wrote 54 bytes to ecology
[dna] fire wrote 67 bytes to ecology
[dna] fire wrote 77 bytes to ecology
[dna] fire wrote 47 bytes to ecology
[dna] fire wrote 30 bytes to ecology
[dna] fire wrote 100 bytes to ecology
[dna] fire wrote 139 bytes to ecology
[debug-onto] tick=100 corpus=138135 stage=2 freeze=0
[dna] fire wrote 60 bytes to ecology
[dna] fire wrote 40 bytes to ecology
[dna] fire wrote 53 bytes to ecology
[dna] fire wrote 54 bytes to ecology
[dna] fire wrote 26 bytes to ecology
[dna] fire wrote 44 bytes to ecology
[dna] fire wrote 152 bytes to ecology
[dna] fire wrote 62 bytes to ecology
[dna] fire wrote 8 bytes to ecology
[dna] fire wrote 94 bytes to ecology
[dna] fire wrote 119 bytes to ecology
[dna] fire wrote 63 bytes to ecology
[dna] fire wrote 65 bytes to ecology
[dna] fire wrote 57 bytes to ecology
[dna] fire wrote 37 bytes to ecology
[dna] fire wrote 27 bytes to ecology
[dna] fire wrote 9 bytes to ecology
[dna] fire wrote 29 bytes to ecology
[debug-onto] tick=150 corpus=138135 stage=2 freeze=0
[dna] fire wrote 61 bytes to ecology
[dna] fire wrote 82 bytes to ecology
[dna] fire wrote 103 bytes to ecology
[dna] fire wrote 32 bytes to ecology
[dna] fire wrote 49 bytes to ecology
[dna] fire wrote 33 bytes to ecology
[dna] fire wrote 100 bytes to ecology
[dna] fire wrote 88 bytes to ecology
[dna] fire wrote 57 bytes to ecology
[dna] fire wrote 82 bytes to ecology
[dna] fire wrote 26 bytes to ecology
[dna] fire wrote 55 bytes to ecology
[dna] fire wrote 64 bytes to ecology
[dna] fire wrote 82 bytes to ecology
[dna] fire wrote 35 bytes to ecology
[dna] fire wrote 105 bytes to ecology
[dna] fire wrote 66 bytes to ecology
[dna] fire wrote 42 bytes to ecology
[dna] fire wrote 57 bytes to ecology
[dna] fire wrote 112 bytes to ecology
[debug-onto] tick=200 corpus=138135 stage=2 freeze=0
[dna] fire wrote 23 bytes to ecology
[dna] fire wrote 32 bytes to ecology
[dna] fire wrote 7 bytes to ecology
[dna] fire wrote 163 bytes to ecology
[dna] fire wrote 28 bytes to ecology
[dna] fire wrote 60 bytes to ecology
[dna] fire wrote 48 bytes to ecology
[dna] fire wrote 87 bytes to ecology
[dna] fire wrote 45 bytes to ecology
[dna] fire wrote 30 bytes to ecology
[dna] fire wrote 130 bytes to ecology
[dna] fire wrote 60 bytes to ecology
[dna] fire wrote 37 bytes to ecology
[dna] fire wrote 86 bytes to ecology
[dna] fire wrote 54 bytes to ecology
[dna] fire wrote 22 bytes to ecology
[dna] fire wrote 71 bytes to ecology
[debug-onto] tick=250 corpus=138135 stage=2 freeze=0
[dna] fire wrote 167 bytes to ecology
[dna] fire wrote 42 bytes to ecology
[dna] fire wrote 101 bytes to ecology
[dna] fire wrote 21 bytes to ecology
[dna] fire wrote 74 bytes to ecology
[dna] fire wrote 69 bytes to ecology
[dna] fire wrote 64 bytes to ecology
[dna] fire wrote 36 bytes to ecology
[dna] fire wrote 14 bytes to ecology
[dna] fire wrote 33 bytes to ecology
[dna] fire wrote 86 bytes to ecology
[dna] fire wrote 18 bytes to ecology
[dna] fire wrote 94 bytes to ecology
[dna] fire wrote 17 bytes to ecology
[dna] fire wrote 49 bytes to ecology
[dna] fire wrote 29 bytes to ecology
[dna] fire wrote 30 bytes to ecology
[debug-onto] tick=300 corpus=138135 stage=2 freeze=0
[dna] fire wrote 45 bytes to ecology
[dna] fire wrote 84 bytes to ecology
[dna] fire wrote 119 bytes to ecology
[dna] fire wrote 35 bytes to ecology
[dna] fire wrote 42 bytes to ecology
[dna] fire wrote 26 bytes to ecology
[dna] fire wrote 19 bytes to ecology
[dna] fire wrote 40 bytes to ecology
[dna] fire wrote 31 bytes to ecology
[dna] fire wrote 55 bytes to ecology
[dna] fire wrote 33 bytes to ecology
[dna] fire wrote 38 bytes to ecology
[dna] fire wrote 42 bytes to ecology
[dna] fire wrote 51 bytes to ecology
[dna] fire wrote 58 bytes to ecology
[dna] fire wrote 51 bytes to ecology
[dna] fire wrote 26 bytes to ecology
[debug-onto] tick=350 corpus=138135 stage=2 freeze=0
[dna] fire wrote 19 bytes to ecology
[dna] fire wrote 62 bytes to ecology
[dna] fire wrote 57 bytes to ecology
[dna] fire wrote 28 bytes to ecology
[dna] fire wrote 59 bytes to ecology
[dna] fire wrote 123 bytes to ecology
[dna] fire wrote 57 bytes to ecology
[dna] fire wrote 148 bytes to ecology
[dna] fire wrote 27 bytes to ecology
[dna] fire wrote 40 bytes to ecology
[dna] fire wrote 86 bytes to ecology
[dna] fire wrote 13 bytes to ecology
[dna] fire wrote 92 bytes to ecology
[dna] fire wrote 51 bytes to ecology
[dna] fire wrote 68 bytes to ecology
[dna] fire wrote 47 bytes to ecology
[dna] fire wrote 47 bytes to ecology
[debug-onto] tick=400 corpus=138135 stage=2 freeze=0
[dna] fire wrote 30 bytes to ecology
[dna] fire wrote 91 bytes to ecology
[dna] fire wrote 61 bytes to ecology
[dna] fire wrote 23 bytes to ecology
[dna] fire wrote 55 bytes to ecology
[dna] fire wrote 39 bytes to ecology
[dna] fire wrote 122 bytes to ecology
[dna] fire wrote 28 bytes to ecology
[dna] fire wrote 44 bytes to ecology
[dna] fire wrote 28 bytes to ecology
[dna] fire wrote 39 bytes to ecology
[dna] fire wrote 104 bytes to ecology
[dna] fire wrote 46 bytes to ecology
[dna] fire wrote 26 bytes to ecology
[dna] fire wrote 68 bytes to ecology
[dna] fire wrote 91 bytes to ecology
[dna] fire wrote 88 bytes to ecology
[debug-onto] tick=450 corpus=138135 stage=2 freeze=0
[dna] fire wrote 74 bytes to ecology
[dna] fire wrote 115 bytes to ecology
[dna] fire wrote 29 bytes to ecology
[dna] fire wrote 46 bytes to ecology
[dna] fire wrote 31 bytes to ecology
[dna] fire wrote 44 bytes to ecology
[dna] fire wrote 147 bytes to ecology
[dna] fire wrote 40 bytes to ecology
[dna] fire wrote 92 bytes to ecology
[dna] fire wrote 122 bytes to ecology
[dna] fire wrote 43 bytes to ecology
[dna] fire wrote 32 bytes to ecology
[dna] fire wrote 58 bytes to ecology
[dna] fire wrote 27 bytes to ecology
[dna] fire wrote 157 bytes to ecology
[dna] fire wrote 31 bytes to ecology
[dna] fire wrote 94 bytes to ecology
[debug-onto] tick=500 corpus=138135 stage=2 freeze=0
[dna] fire wrote 44 bytes to ecology
[dna] fire wrote 67 bytes to ecology
[dna] fire wrote 63 bytes to ecology
[dna] fire wrote 37 bytes to ecology
[dna] fire wrote 82 bytes to ecology
[dna] fire wrote 69 bytes to ecology
[dna] fire wrote 68 bytes to ecology
[dna] fire wrote 21 bytes to ecology
[dna] fire wrote 27 bytes to ecology
[dna] fire wrote 99 bytes to ecology
[dna] fire wrote 179 bytes to ecology
[dna] fire wrote 21 bytes to ecology
[dna] fire wrote 38 bytes to ecology
[dna] fire wrote 79 bytes to ecology
[dna] fire wrote 67 bytes to ecology
[dna] fire wrote 56 bytes to ecology
[dna] fire wrote 42 bytes to ecology
[debug-onto] tick=550 corpus=138135 stage=2 freeze=0
[dna] fire wrote 39 bytes to ecology
[dna] fire wrote 54 bytes to ecology
[dna] fire wrote 53 bytes to ecology
[dna] fire wrote 64 bytes to ecology
[dna] fire wrote 80 bytes to ecology
[dna] fire wrote 24 bytes to ecology
[dna] fire wrote 94 bytes to ecology
[dna] fire wrote 50 bytes to ecology
[dna] fire wrote 56 bytes to ecology
[dna] fire wrote 34 bytes to ecology
[dna] fire wrote 71 bytes to ecology
[dna] fire wrote 94 bytes to ecology
[dna] fire wrote 80 bytes to ecology
[dna] fire wrote 146 bytes to ecology
[dna] fire wrote 28 bytes to ecology
[dna] fire wrote 28 bytes to ecology
[dna] fire wrote 33 bytes to ecology
[debug-onto] tick=600 corpus=138135 stage=2 freeze=0
[dna] fire wrote 53 bytes to ecology
[dna] fire wrote 110 bytes to ecology
[dna] fire wrote 36 bytes to ecology
[dna] fire wrote 44 bytes to ecology
[dna] fire wrote 32 bytes to ecology
[dna] fire wrote 64 bytes to ecology
[dna] fire wrote 21 bytes to ecology
[dna] fire wrote 56 bytes to ecology
[dna] fire wrote 130 bytes to ecology
[dna] fire wrote 114 bytes to ecology
[dna] fire wrote 13 bytes to ecology
[dna] fire wrote 69 bytes to ecology
[dna] fire wrote 94 bytes to ecology
[dna] fire wrote 29 bytes to ecology
[dna] fire wrote 145 bytes to ecology
[dna] fire wrote 35 bytes to ecology
[dna] fire wrote 46 bytes to ecology
[dna] fire wrote 27 bytes to ecology
[debug-onto] tick=650 corpus=138135 stage=2 freeze=0
[dna] fire wrote 108 bytes to ecology
[dna] fire wrote 67 bytes to ecology
[dna] fire wrote 33 bytes to ecology
[dna] fire wrote 103 bytes to ecology
[dna] fire wrote 63 bytes to ecology
[dna] fire wrote 14 bytes to ecology
[dna] fire wrote 38 bytes to ecology
[dna] fire wrote 55 bytes to ecology
[dna] fire wrote 92 bytes to ecology
[dna] fire wrote 51 bytes to ecology
[dna] fire wrote 85 bytes to ecology
[dna] fire wrote 162 bytes to ecology
[dna] fire wrote 35 bytes to ecology
[dna] fire wrote 57 bytes to ecology
[dna] fire wrote 35 bytes to ecology

[evolution] Organism shutting down gracefully.
