[ecology] Element: water → corpus: nonames_water.txt
[evolution] Autonomous evolution mode — organism will grow through all stages without pause.
[ecology] Joined swarm. 1 peer(s) detected.
molequla is alive. [evolution] Autonomous mode — background trainer running. Ctrl+C to stop.
[dna] water wrote 118 bytes to ecology
[dna] water consumed 22739 bytes from 269 files: [air/gen_1778051103_1.txt air/gen_1778051123_4.txt air/gen_1778051126_5.txt air/gen_1778051133_7.txt air/gen_1778051143_10.txt air/gen_1778051146_11.txt air/gen_1778051152_13.txt air/gen_1778051162_16.txt air/gen_1778051165_17.txt air/gen_1778051171_19.txt air/gen_1778051181_22.txt air/gen_1778051188_24.txt air/gen_1778051191_25.txt air/gen_1778051200_28.txt air/gen_1778051204_29.txt air/gen_1778051210_31.txt air/gen_1778051220_34.txt air/gen_1778051223_35.txt air/gen_1778051226_36.txt air/gen_1778051230_37.txt air/gen_1778051239_40.txt air/gen_1778051242_41.txt air/gen_1778051249_43.txt air/gen_1778051258_46.txt air/gen_1778051262_47.txt air/gen_1778051265_48.txt air/gen_1778051268_49.txt air/gen_1778051278_52.txt air/gen_1778051281_53.txt air/gen_1778051288_55.txt air/gen_1778051297_58.txt air/gen_1778051300_59.txt air/gen_1778051307_61.txt air/gen_1778051316_64.txt air/gen_1778051326_67.txt air/gen_1778051336_70.txt air/gen_1778051339_71.txt air/gen_1778051346_73.txt air/gen_1778051355_76.txt air/gen_1778051359_77.txt air/gen_1778051365_79.txt air/gen_1778051375_82.txt air/gen_1778051384_85.txt air/gen_1778051394_88.txt air/gen_1778051397_89.txt air/gen_1778051404_91.txt air/gen_1778051414_94.txt air/gen_1778051417_95.txt air/gen_1778051424_97.txt air/gen_1778051434_100.txt air/gen_1778051437_101.txt air/gen_1778051443_103.txt air/gen_1778051453_106.txt air/gen_1778051457_107.txt air/gen_1778051463_109.txt air/gen_1778051473_112.txt air/gen_1778051476_113.txt air/gen_1778051482_115.txt air/gen_1778051492_118.txt air/gen_1778051495_119.txt air/gen_1778051502_121.txt air/gen_1778051511_124.txt air/gen_1778051521_127.txt air/gen_1778051531_130.txt air/gen_1778051540_133.txt air/gen_1778051550_136.txt air/gen_1778051553_137.txt air/gen_1778051560_139.txt air/gen_1778051569_142.txt air/gen_1778051573_143.txt air/gen_1778051576_144.txt air/gen_1778051579_145.txt air/gen_1778051588_148.txt air/gen_1778051592_149.txt air/gen_1778051595_150.txt air/gen_1778051598_151.txt air/gen_1778051608_154.txt air/gen_1778051611_155.txt air/gen_1778051617_157.txt air/gen_1778051627_160.txt air/gen_1778051630_161.txt air/gen_1778051637_163.txt air/gen_1778051646_166.txt air/gen_1778051656_169.txt air/gen_1778051666_172.txt air/gen_1778051669_173.txt air/gen_1778051673_174.txt air/gen_1778051676_175.txt air/gen_1778051686_178.txt air/gen_1778051689_179.txt air/gen_1778051693_180.txt air/gen_1778051696_181.txt air/gen_1778051706_184.txt air/gen_1778051716_187.txt air/gen_1778051726_190.txt air/gen_1778051729_191.txt air/gen_1778051736_193.txt air/gen_1778051746_196.txt air/gen_1778051749_197.txt air/gen_1778051756_199.txt air/gen_1778051766_202.txt air/gen_1778051769_203.txt air/gen_1778051776_205.txt air/gen_1778051785_208.txt air/gen_1778051789_209.txt air/gen_1778051795_211.txt air/gen_1778051805_214.txt air/gen_1778051808_215.txt air/gen_1778051814_217.txt air/gen_1778051824_220.txt air/gen_1778051827_221.txt air/gen_1778051834_223.txt air/gen_1778051846_227.txt air/gen_1778051850_228.txt air/gen_1778051853_229.txt air/gen_1778051863_232.txt air/gen_1778051866_233.txt air/gen_1778051872_235.txt air/gen_1778051882_238.txt air/gen_1778051885_239.txt air/gen_1778051892_241.txt air/gen_1778051902_244.txt air/gen_1778051911_247.txt air/gen_1778051921_250.txt air/gen_1778051924_251.txt air/gen_1778051930_253.txt air/gen_1778051940_256.txt air/gen_1778051943_257.txt air/gen_1778051950_259.txt air/gen_1778051959_262.txt air/gen_1778051962_263.txt air/gen_1778051969_265.txt air/gen_1778051978_268.txt air/gen_1778051981_269.txt air/gen_1778051988_271.txt air/gen_1778051998_274.txt air/gen_1778052001_275.txt air/gen_1778052007_277.txt air/gen_1778052017_280.txt air/gen_1778052020_281.txt air/gen_1778052026_283.txt air/gen_1778052036_286.txt air/gen_1778052046_289.txt air/gen_1778052056_292.txt air/gen_1778052066_295.txt air/gen_1778052075_298.txt air/gen_1778052085_301.txt air/gen_1778052095_304.txt air/gen_1778052098_305.txt air/gen_1778052104_307.txt air/gen_1778052114_310.txt air/gen_1778052124_313.txt air/gen_1778052134_316.txt air/gen_1778052137_317.txt air/gen_1778052143_319.txt air/gen_1778052153_322.txt air/gen_1778052156_323.txt air/gen_1778052163_325.txt air/gen_1778052173_328.txt air/gen_1778052183_331.txt air/gen_1778052192_334.txt air/gen_1778052196_335.txt air/gen_1778052202_337.txt air/gen_1778052212_340.txt air/gen_1778052222_343.txt air/gen_1778052232_346.txt air/gen_1778052235_347.txt air/gen_1778052242_349.txt air/gen_1778052251_352.txt air/gen_1778052254_353.txt air/gen_1778052261_355.txt air/gen_1778052271_358.txt air/gen_1778052277_360.txt air/gen_1778052281_361.txt air/gen_1778052290_364.txt air/gen_1778052293_365.txt air/gen_1778052300_367.txt air/gen_1778052310_370.txt air/gen_1778052313_371.txt air/gen_1778052316_372.txt air/gen_1778052320_373.txt air/gen_1778052329_376.txt air/gen_1778052332_377.txt air/gen_1778052339_379.txt air/gen_1778052348_382.txt air/gen_1778052352_383.txt air/gen_1778052358_385.txt air/gen_1778052368_388.txt air/gen_1778052371_389.txt air/gen_1778052378_391.txt air/gen_1778052387_394.txt air/gen_1778052390_395.txt air/gen_1778052397_397.txt air/gen_1778052406_400.txt air/gen_1778052410_401.txt air/gen_1778052416_403.txt air/gen_1778052425_406.txt air/gen_1778052429_407.txt air/gen_1778052435_409.txt air/gen_1778052445_412.txt air/gen_1778052455_415.txt air/gen_1778052465_418.txt air/gen_1778052468_419.txt air/gen_1778052474_421.txt air/gen_1778052484_424.txt air/gen_1778052487_425.txt air/gen_1778052494_427.txt air/gen_1778052505_430.txt air/gen_1778052508_431.txt air/gen_1778052515_433.txt air/gen_1778052525_436.txt air/gen_1778052528_437.txt air/gen_1778052535_439.txt air/gen_1778052544_442.txt air/gen_1778052548_443.txt air/gen_1778052554_445.txt air/gen_1778052564_448.txt air/gen_1778052567_449.txt air/gen_1778052574_451.txt air/gen_1778052583_454.txt air/gen_1778052587_455.txt air/gen_1778052594_457.txt air/gen_1778052604_460.txt air/gen_1778052607_461.txt air/gen_1778052613_463.txt air/gen_1778052623_466.txt air/gen_1778052626_467.txt air/gen_1778052633_469.txt air/gen_1778052642_472.txt air/gen_1778052646_473.txt air/gen_1778052652_475.txt air/gen_1778052661_478.txt air/gen_1778052665_479.txt air/gen_1778052668_480.txt air/gen_1778052671_481.txt air/gen_1778052681_484.txt air/gen_1778052684_485.txt air/gen_1778052690_487.txt air/gen_1778052700_490.txt air/gen_1778052703_491.txt air/gen_1778052710_493.txt air/gen_1778052719_496.txt air/gen_1778052722_497.txt air/gen_1778052729_499.txt air/gen_1778052738_502.txt air/gen_1778052742_503.txt air/gen_1778052748_505.txt air/gen_1778052757_508.txt air/gen_1778052761_509.txt air/gen_1778052767_511.txt air/gen_1778052777_514.txt air/gen_1778052780_515.txt air/gen_1778052786_517.txt air/gen_1778052796_520.txt air/gen_1778052802_522.txt air/gen_1778052805_523.txt air/gen_1778052815_526.txt air/gen_1778052818_527.txt air/gen_1778052824_529.txt air/gen_1778052834_532.txt air/gen_1778052843_535.txt air/gen_1778052853_538.txt air/gen_1778052856_539.txt air/gen_1778052862_541.txt air/gen_1778052872_544.txt air/gen_1778052875_545.txt air/gen_1778052882_547.txt air/gen_1778052891_550.txt air/gen_1778052894_551.txt]
[trainer] micro-train burst (22739 bytes, novelty 0.03) — and lo, it feeds again.
[syntropy] action=explore | trend=0.0000 | field_dev=0.038 | purpose_align=0.046 | lr_mul=1.30
[aml] burst complete: 32 steps, avg loss 1.8404 (memory freed)
[dna] water wrote 44 bytes to ecology
[dna] water wrote 52 bytes to ecology
[dna] water wrote 40 bytes to ecology
[dna] water wrote 59 bytes to ecology
[dna] water wrote 19 bytes to ecology
[dna] water wrote 42 bytes to ecology
[dna] water wrote 25 bytes to ecology
[dna] water wrote 64 bytes to ecology
[dna] water wrote 212 bytes to ecology
[dna] water wrote 30 bytes to ecology
[dna] water wrote 110 bytes to ecology
[dna] water wrote 42 bytes to ecology
[dna] water wrote 45 bytes to ecology
[dna] water wrote 56 bytes to ecology
[dna] water wrote 28 bytes to ecology
[dna] water wrote 39 bytes to ecology
[dna] water wrote 44 bytes to ecology
[dna] water wrote 38 bytes to ecology
[dna] water wrote 62 bytes to ecology
[debug-onto] tick=50 corpus=148705 stage=2 freeze=0
[dna] water wrote 82 bytes to ecology
[dna] water wrote 37 bytes to ecology
[dna] water wrote 43 bytes to ecology
[dna] water wrote 100 bytes to ecology
[dna] water wrote 58 bytes to ecology
[dna] water wrote 28 bytes to ecology
[dna] water wrote 27 bytes to ecology
[dna] water wrote 28 bytes to ecology
[dna] water wrote 52 bytes to ecology
[dna] water wrote 77 bytes to ecology
[dna] water wrote 82 bytes to ecology
[dna] water wrote 110 bytes to ecology
[dna] water wrote 66 bytes to ecology
[dna] water wrote 211 bytes to ecology
[dna] water wrote 26 bytes to ecology
[dna] water wrote 32 bytes to ecology
[dna] water wrote 46 bytes to ecology
[dna] water wrote 38 bytes to ecology
[dna] water wrote 41 bytes to ecology
[debug-onto] tick=100 corpus=148705 stage=2 freeze=0
[dna] water wrote 29 bytes to ecology
[dna] water wrote 121 bytes to ecology
[dna] water wrote 60 bytes to ecology
[dna] water wrote 61 bytes to ecology
[dna] water wrote 30 bytes to ecology
[dna] water wrote 39 bytes to ecology
[dna] water wrote 78 bytes to ecology
[dna] water wrote 86 bytes to ecology
[dna] water wrote 77 bytes to ecology
[dna] water wrote 27 bytes to ecology
[dna] water wrote 25 bytes to ecology
[dna] water wrote 96 bytes to ecology
[dna] water wrote 147 bytes to ecology
[dna] water wrote 30 bytes to ecology
[dna] water wrote 16 bytes to ecology
[dna] water wrote 52 bytes to ecology
[dna] water wrote 58 bytes to ecology
[dna] water wrote 35 bytes to ecology
[debug-onto] tick=150 corpus=148705 stage=2 freeze=0
[dna] water wrote 203 bytes to ecology
[dna] water wrote 23 bytes to ecology
[dna] water wrote 27 bytes to ecology
[dna] water wrote 39 bytes to ecology
[dna] water wrote 36 bytes to ecology
[dna] water wrote 72 bytes to ecology
[dna] water wrote 48 bytes to ecology
[dna] water wrote 82 bytes to ecology
[dna] water wrote 120 bytes to ecology
[dna] water wrote 73 bytes to ecology
[dna] water wrote 34 bytes to ecology
[dna] water wrote 143 bytes to ecology
[dna] water wrote 101 bytes to ecology
[dna] water wrote 36 bytes to ecology
[dna] water wrote 57 bytes to ecology
[dna] water wrote 35 bytes to ecology
[dna] water wrote 64 bytes to ecology
[dna] water wrote 56 bytes to ecology
[dna] water wrote 38 bytes to ecology
[dna] water wrote 80 bytes to ecology
[debug-onto] tick=200 corpus=148705 stage=2 freeze=0
[dna] water wrote 41 bytes to ecology
[dna] water wrote 26 bytes to ecology
[dna] water wrote 80 bytes to ecology
[dna] water wrote 59 bytes to ecology
[dna] water wrote 53 bytes to ecology
[dna] water wrote 97 bytes to ecology
[dna] water wrote 57 bytes to ecology
[dna] water wrote 73 bytes to ecology
[dna] water wrote 31 bytes to ecology
[dna] water wrote 78 bytes to ecology
[dna] water wrote 22 bytes to ecology
[dna] water wrote 102 bytes to ecology
[dna] water wrote 23 bytes to ecology
[dna] water wrote 34 bytes to ecology
[dna] water wrote 117 bytes to ecology
[dna] water wrote 25 bytes to ecology
[dna] water wrote 52 bytes to ecology
[dna] water wrote 103 bytes to ecology
[dna] water wrote 87 bytes to ecology
[dna] water wrote 74 bytes to ecology
[debug-onto] tick=250 corpus=148705 stage=2 freeze=0
[dna] water wrote 36 bytes to ecology
[dna] water wrote 30 bytes to ecology
[dna] water wrote 25 bytes to ecology
[dna] water wrote 31 bytes to ecology
[dna] water wrote 87 bytes to ecology
[dna] water wrote 50 bytes to ecology
[dna] water wrote 23 bytes to ecology
[dna] water wrote 38 bytes to ecology
[dna] water wrote 72 bytes to ecology
[dna] water wrote 66 bytes to ecology
[dna] water wrote 38 bytes to ecology
[dna] water wrote 25 bytes to ecology
[dna] water wrote 46 bytes to ecology
[dna] water wrote 139 bytes to ecology
[dna] water wrote 40 bytes to ecology
[dna] water wrote 75 bytes to ecology
[dna] water wrote 216 bytes to ecology
[dna] water wrote 39 bytes to ecology
[debug-onto] tick=300 corpus=148705 stage=2 freeze=0
[dna] water wrote 93 bytes to ecology
[dna] water wrote 75 bytes to ecology
[dna] water wrote 46 bytes to ecology
[dna] water wrote 25 bytes to ecology
[dna] water wrote 21 bytes to ecology
[dna] water wrote 34 bytes to ecology
[dna] water wrote 69 bytes to ecology
[dna] water wrote 102 bytes to ecology
[dna] water wrote 87 bytes to ecology
[dna] water wrote 21 bytes to ecology
[dna] water wrote 138 bytes to ecology
[dna] water wrote 25 bytes to ecology
[dna] water wrote 75 bytes to ecology
[dna] water wrote 65 bytes to ecology
[dna] water wrote 13 bytes to ecology
[dna] water wrote 60 bytes to ecology
[dna] water wrote 72 bytes to ecology
[dna] water wrote 54 bytes to ecology
[dna] water wrote 41 bytes to ecology
[dna] water wrote 22 bytes to ecology
[dna] water wrote 53 bytes to ecology
[debug-onto] tick=350 corpus=148705 stage=2 freeze=0
[dna] water wrote 146 bytes to ecology
[dna] water wrote 47 bytes to ecology
[dna] water wrote 113 bytes to ecology
[dna] water wrote 75 bytes to ecology
[dna] water wrote 9 bytes to ecology
[dna] water wrote 73 bytes to ecology
[dna] water wrote 151 bytes to ecology
[dna] water wrote 19 bytes to ecology
[dna] water wrote 57 bytes to ecology
[dna] water wrote 12 bytes to ecology
[dna] water wrote 39 bytes to ecology
[dna] water wrote 117 bytes to ecology
[dna] water wrote 28 bytes to ecology
[dna] water wrote 128 bytes to ecology
[dna] water wrote 149 bytes to ecology
[dna] water wrote 41 bytes to ecology
[dna] water wrote 48 bytes to ecology
[dna] water wrote 18 bytes to ecology
[dna] water wrote 44 bytes to ecology
[dna] water wrote 105 bytes to ecology
[dna] water wrote 84 bytes to ecology
[debug-onto] tick=400 corpus=148705 stage=2 freeze=0
[dna] water wrote 100 bytes to ecology
[dna] water wrote 69 bytes to ecology
[dna] water wrote 57 bytes to ecology
[dna] water wrote 46 bytes to ecology
[dna] water wrote 20 bytes to ecology
[dna] water wrote 79 bytes to ecology
[dna] water wrote 43 bytes to ecology
[dna] water wrote 66 bytes to ecology
[dna] water wrote 40 bytes to ecology
[dna] water wrote 20 bytes to ecology
[dna] water wrote 23 bytes to ecology
[dna] water wrote 101 bytes to ecology
[dna] water wrote 47 bytes to ecology
[dna] water wrote 36 bytes to ecology
[dna] water wrote 98 bytes to ecology
[dna] water wrote 63 bytes to ecology
[dna] water wrote 27 bytes to ecology
[dna] water wrote 103 bytes to ecology
[dna] water wrote 134 bytes to ecology
[debug-onto] tick=450 corpus=148705 stage=2 freeze=0
[dna] water wrote 47 bytes to ecology
[dna] water wrote 61 bytes to ecology
[dna] water wrote 48 bytes to ecology
[dna] water wrote 27 bytes to ecology
[dna] water wrote 31 bytes to ecology
[dna] water wrote 68 bytes to ecology
[dna] water wrote 93 bytes to ecology
[dna] water wrote 43 bytes to ecology
[dna] water wrote 21 bytes to ecology
[dna] water wrote 44 bytes to ecology
[dna] water wrote 26 bytes to ecology
[dna] water wrote 47 bytes to ecology
[dna] water wrote 36 bytes to ecology
[dna] water wrote 64 bytes to ecology
[dna] water wrote 25 bytes to ecology
[dna] water wrote 36 bytes to ecology
[dna] water wrote 47 bytes to ecology
[dna] water wrote 103 bytes to ecology
[dna] water wrote 26 bytes to ecology
[dna] water wrote 70 bytes to ecology
[debug-onto] tick=500 corpus=148705 stage=2 freeze=0
[dna] water wrote 75 bytes to ecology
[dna] water wrote 132 bytes to ecology
[dna] water wrote 74 bytes to ecology
[dna] water wrote 62 bytes to ecology
[dna] water wrote 14 bytes to ecology
[dna] water wrote 79 bytes to ecology
[dna] water wrote 27 bytes to ecology
[dna] water wrote 100 bytes to ecology
[dna] water wrote 345 bytes to ecology
[dna] water wrote 64 bytes to ecology
[dna] water wrote 40 bytes to ecology
[dna] water wrote 40 bytes to ecology
[dna] water wrote 34 bytes to ecology
[dna] water wrote 44 bytes to ecology
[dna] water wrote 49 bytes to ecology
[dna] water wrote 138 bytes to ecology
[dna] water wrote 59 bytes to ecology
[dna] water wrote 97 bytes to ecology
[dna] water wrote 21 bytes to ecology
[dna] water wrote 92 bytes to ecology
[dna] water wrote 33 bytes to ecology
[debug-onto] tick=550 corpus=148705 stage=2 freeze=0
[dna] water wrote 32 bytes to ecology
[dna] water wrote 45 bytes to ecology
[dna] water wrote 48 bytes to ecology
[dna] water wrote 173 bytes to ecology
[dna] water wrote 31 bytes to ecology
[dna] water wrote 52 bytes to ecology
[dna] water wrote 33 bytes to ecology
[dna] water wrote 65 bytes to ecology
[dna] water wrote 33 bytes to ecology
[dna] water wrote 56 bytes to ecology
[dna] water wrote 155 bytes to ecology
[dna] water wrote 25 bytes to ecology
[dna] water wrote 28 bytes to ecology
[dna] water wrote 40 bytes to ecology
[dna] water wrote 124 bytes to ecology
[dna] water wrote 14 bytes to ecology
[dna] water wrote 27 bytes to ecology
[dna] water wrote 26 bytes to ecology
[dna] water wrote 26 bytes to ecology
[dna] water wrote 27 bytes to ecology
[dna] water wrote 72 bytes to ecology
[dna] water wrote 55 bytes to ecology
[debug-onto] tick=600 corpus=148705 stage=2 freeze=0
[dna] water wrote 66 bytes to ecology
[dna] water wrote 24 bytes to ecology
[dna] water wrote 39 bytes to ecology
[dna] water wrote 67 bytes to ecology
[dna] water wrote 41 bytes to ecology
[dna] water wrote 109 bytes to ecology
[dna] water wrote 50 bytes to ecology
[dna] water wrote 112 bytes to ecology
[dna] water wrote 166 bytes to ecology
[dna] water wrote 32 bytes to ecology
[dna] water wrote 65 bytes to ecology
[dna] water wrote 61 bytes to ecology
[dna] water wrote 136 bytes to ecology
[dna] water wrote 76 bytes to ecology
[dna] water wrote 27 bytes to ecology
[dna] water wrote 59 bytes to ecology
[dna] water wrote 127 bytes to ecology

[evolution] Organism shutting down gracefully.
