[ecology] Element: air → corpus: nonames_air.txt
[evolution] Autonomous evolution mode — organism will grow through all stages without pause.
[ecology] Joined swarm. 1 peer(s) detected.
molequla is alive. [evolution] Autonomous mode — background trainer running. Ctrl+C to stop.
[dna] air wrote 60 bytes to ecology
[dna] air consumed 16945 bytes from 221 files: [earth/gen_1778655162_1.txt earth/gen_1778655170_4.txt earth/gen_1778655178_7.txt earth/gen_1778655186_10.txt earth/gen_1778655194_13.txt earth/gen_1778655202_16.txt earth/gen_1778655209_19.txt earth/gen_1778655217_22.txt earth/gen_1778655225_25.txt earth/gen_1778655233_28.txt earth/gen_1778655241_31.txt earth/gen_1778655249_34.txt earth/gen_1778655257_37.txt earth/gen_1778655265_40.txt earth/gen_1778655273_43.txt earth/gen_1778655281_46.txt earth/gen_1778655289_49.txt earth/gen_1778655297_52.txt earth/gen_1778655305_55.txt earth/gen_1778655313_58.txt earth/gen_1778655321_61.txt earth/gen_1778655329_64.txt earth/gen_1778655337_67.txt earth/gen_1778655345_70.txt earth/gen_1778655353_73.txt earth/gen_1778655361_76.txt earth/gen_1778655369_79.txt earth/gen_1778655377_82.txt earth/gen_1778655385_85.txt earth/gen_1778655393_88.txt earth/gen_1778655401_91.txt earth/gen_1778655409_94.txt earth/gen_1778655417_97.txt earth/gen_1778655425_100.txt earth/gen_1778655432_103.txt earth/gen_1778655440_106.txt earth/gen_1778655448_109.txt earth/gen_1778655456_112.txt earth/gen_1778655464_115.txt earth/gen_1778655472_118.txt earth/gen_1778655480_121.txt earth/gen_1778655488_124.txt earth/gen_1778655496_127.txt earth/gen_1778655504_130.txt earth/gen_1778655512_133.txt earth/gen_1778655520_136.txt earth/gen_1778655527_139.txt earth/gen_1778655535_142.txt earth/gen_1778655543_145.txt earth/gen_1778655551_148.txt earth/gen_1778655559_151.txt earth/gen_1778655566_154.txt earth/gen_1778655574_157.txt earth/gen_1778655582_160.txt earth/gen_1778655590_163.txt earth/gen_1778655606_169.txt earth/gen_1778655622_175.txt earth/gen_1778655630_178.txt earth/gen_1778655638_181.txt earth/gen_1778655646_184.txt earth/gen_1778655654_187.txt earth/gen_1778655661_190.txt earth/gen_1778655669_193.txt earth/gen_1778655677_196.txt earth/gen_1778655685_199.txt earth/gen_1778655693_202.txt earth/gen_1778655701_205.txt earth/gen_1778655709_208.txt earth/gen_1778655717_211.txt earth/gen_1778655724_214.txt earth/gen_1778655732_217.txt earth/gen_1778655740_220.txt earth/gen_1778655748_223.txt earth/gen_1778655757_226.txt earth/gen_1778655765_229.txt earth/gen_1778655773_232.txt earth/gen_1778655781_235.txt earth/gen_1778655789_238.txt earth/gen_1778655797_241.txt earth/gen_1778655805_244.txt earth/gen_1778655813_247.txt earth/gen_1778655821_250.txt earth/gen_1778655828_253.txt earth/gen_1778655836_256.txt earth/gen_1778655844_259.txt earth/gen_1778655852_262.txt earth/gen_1778655860_265.txt earth/gen_1778655868_268.txt earth/gen_1778655875_271.txt earth/gen_1778655883_274.txt earth/gen_1778655891_277.txt earth/gen_1778655899_280.txt earth/gen_1778655907_283.txt earth/gen_1778655915_286.txt earth/gen_1778655923_289.txt earth/gen_1778655930_292.txt earth/gen_1778655939_295.txt earth/gen_1778655947_298.txt earth/gen_1778655954_301.txt earth/gen_1778655962_304.txt earth/gen_1778655970_307.txt earth/gen_1778655978_310.txt earth/gen_1778655986_313.txt earth/gen_1778655994_316.txt earth/gen_1778656002_319.txt earth/gen_1778656010_322.txt earth/gen_1778656017_325.txt earth/gen_1778656025_328.txt earth/gen_1778656033_331.txt earth/gen_1778656041_334.txt earth/gen_1778656049_337.txt earth/gen_1778656056_340.txt earth/gen_1778656064_343.txt earth/gen_1778656072_346.txt earth/gen_1778656080_349.txt earth/gen_1778656088_352.txt earth/gen_1778656096_355.txt earth/gen_1778656103_358.txt earth/gen_1778656111_361.txt earth/gen_1778656119_364.txt earth/gen_1778656127_367.txt earth/gen_1778656135_370.txt earth/gen_1778656143_373.txt earth/gen_1778656150_376.txt earth/gen_1778656158_379.txt earth/gen_1778656166_382.txt earth/gen_1778656174_385.txt earth/gen_1778656182_388.txt earth/gen_1778656190_391.txt earth/gen_1778656198_394.txt earth/gen_1778656205_397.txt earth/gen_1778656213_400.txt earth/gen_1778656221_403.txt earth/gen_1778656229_406.txt earth/gen_1778656237_409.txt earth/gen_1778656245_412.txt earth/gen_1778656253_415.txt earth/gen_1778656260_418.txt earth/gen_1778656268_421.txt earth/gen_1778656276_424.txt earth/gen_1778656284_427.txt earth/gen_1778656292_430.txt earth/gen_1778656300_433.txt earth/gen_1778656307_436.txt earth/gen_1778656315_439.txt earth/gen_1778656323_442.txt earth/gen_1778656331_445.txt earth/gen_1778656339_448.txt earth/gen_1778656347_451.txt earth/gen_1778656355_454.txt earth/gen_1778656363_457.txt earth/gen_1778656371_460.txt earth/gen_1778656379_463.txt earth/gen_1778656387_466.txt earth/gen_1778656395_469.txt earth/gen_1778656403_472.txt earth/gen_1778656410_475.txt earth/gen_1778656418_478.txt earth/gen_1778656426_481.txt earth/gen_1778656434_484.txt earth/gen_1778656442_487.txt earth/gen_1778656450_490.txt earth/gen_1778656458_493.txt earth/gen_1778656467_496.txt earth/gen_1778656475_499.txt earth/gen_1778656483_502.txt earth/gen_1778656491_505.txt earth/gen_1778656500_508.txt earth/gen_1778656508_511.txt earth/gen_1778656516_514.txt earth/gen_1778656524_517.txt earth/gen_1778656533_520.txt earth/gen_1778656541_523.txt earth/gen_1778656549_526.txt earth/gen_1778656557_529.txt earth/gen_1778656565_532.txt earth/gen_1778656573_535.txt earth/gen_1778656581_538.txt earth/gen_1778656589_541.txt earth/gen_1778656597_544.txt earth/gen_1778656605_547.txt earth/gen_1778656613_550.txt earth/gen_1778656621_553.txt earth/gen_1778656629_556.txt earth/gen_1778656637_559.txt earth/gen_1778656645_562.txt earth/gen_1778656653_565.txt earth/gen_1778656661_568.txt earth/gen_1778656669_571.txt earth/gen_1778656677_574.txt earth/gen_1778656685_577.txt earth/gen_1778656693_580.txt earth/gen_1778656701_583.txt earth/gen_1778656709_586.txt earth/gen_1778656717_589.txt earth/gen_1778656725_592.txt earth/gen_1778656733_595.txt earth/gen_1778656741_598.txt earth/gen_1778656749_601.txt earth/gen_1778656757_604.txt earth/gen_1778656765_607.txt earth/gen_1778656773_610.txt earth/gen_1778656781_613.txt earth/gen_1778656789_616.txt earth/gen_1778656798_619.txt earth/gen_1778656806_622.txt earth/gen_1778656814_625.txt earth/gen_1778656822_628.txt earth/gen_1778656830_631.txt earth/gen_1778656838_634.txt earth/gen_1778656846_637.txt earth/gen_1778656854_640.txt earth/gen_1778656862_643.txt earth/gen_1778656870_646.txt earth/gen_1778656878_649.txt earth/gen_1778656886_652.txt earth/gen_1778656894_655.txt earth/gen_1778656902_658.txt earth/gen_1778656910_661.txt earth/gen_1778656918_664.txt earth/gen_1778656927_667.txt]
[trainer] micro-train burst (16945 bytes, novelty 0.04) — and lo, it feeds again.
[syntropy] action=explore | trend=0.0000 | field_dev=0.069 | purpose_align=-0.127 | lr_mul=1.30
[aml] burst complete: 32 steps, avg loss 2.0093 (memory freed)
[dna] air wrote 155 bytes to ecology
[dna] air wrote 29 bytes to ecology
[dna] air wrote 41 bytes to ecology
[dna] air wrote 93 bytes to ecology
[dna] air wrote 87 bytes to ecology
[dna] air wrote 29 bytes to ecology
[dna] air wrote 113 bytes to ecology
[dna] air wrote 42 bytes to ecology
[dna] air wrote 15 bytes to ecology
[dna] air wrote 59 bytes to ecology
[dna] air wrote 29 bytes to ecology
[dna] air wrote 17 bytes to ecology
[dna] air wrote 150 bytes to ecology
[dna] air wrote 192 bytes to ecology
[dna] air wrote 43 bytes to ecology
[dna] air wrote 90 bytes to ecology
[dna] air wrote 116 bytes to ecology
[debug-onto] tick=50 corpus=139482 stage=2 freeze=0
[dna] air wrote 113 bytes to ecology
[dna] air wrote 136 bytes to ecology
[dna] air wrote 73 bytes to ecology
[dna] air wrote 43 bytes to ecology
[dna] air wrote 119 bytes to ecology
[dna] air wrote 123 bytes to ecology
[dna] air wrote 9 bytes to ecology
[dna] air wrote 34 bytes to ecology
[dna] air wrote 31 bytes to ecology
[dna] air wrote 37 bytes to ecology
[dna] air wrote 15 bytes to ecology
[dna] air wrote 94 bytes to ecology
[dna] air wrote 33 bytes to ecology
[dna] air wrote 36 bytes to ecology
[dna] air wrote 49 bytes to ecology
[dna] air wrote 302 bytes to ecology
[dna] air wrote 25 bytes to ecology
[dna] air wrote 131 bytes to ecology
[debug-onto] tick=100 corpus=139482 stage=2 freeze=0
[dna] air wrote 170 bytes to ecology
[dna] air wrote 133 bytes to ecology
[dna] air wrote 75 bytes to ecology
[dna] air wrote 26 bytes to ecology
[dna] air wrote 156 bytes to ecology
[dna] air wrote 89 bytes to ecology
[dna] air wrote 79 bytes to ecology
[dna] air wrote 54 bytes to ecology
[dna] air wrote 46 bytes to ecology
[dna] air wrote 53 bytes to ecology
[dna] air wrote 63 bytes to ecology
[dna] air wrote 107 bytes to ecology
[dna] air wrote 16 bytes to ecology
[dna] air wrote 43 bytes to ecology
[dna] air wrote 105 bytes to ecology
[dna] air wrote 74 bytes to ecology
[dna] air wrote 21 bytes to ecology
[debug-onto] tick=150 corpus=139482 stage=2 freeze=0
[dna] air wrote 42 bytes to ecology
[dna] air wrote 66 bytes to ecology
[dna] air wrote 22 bytes to ecology
[dna] air wrote 158 bytes to ecology
[dna] air wrote 106 bytes to ecology
[dna] air wrote 55 bytes to ecology
[dna] air wrote 63 bytes to ecology
[dna] air wrote 96 bytes to ecology
[dna] air wrote 72 bytes to ecology
[dna] air wrote 34 bytes to ecology
[dna] air wrote 86 bytes to ecology
[dna] air wrote 57 bytes to ecology
[dna] air wrote 37 bytes to ecology
[dna] air wrote 56 bytes to ecology
[dna] air wrote 68 bytes to ecology
[dna] air wrote 66 bytes to ecology
[dna] air wrote 69 bytes to ecology
[dna] air wrote 63 bytes to ecology
[debug-onto] tick=200 corpus=139482 stage=2 freeze=0
[dna] air wrote 15 bytes to ecology
[dna] air wrote 47 bytes to ecology
[dna] air wrote 88 bytes to ecology
[dna] air wrote 86 bytes to ecology
[dna] air wrote 62 bytes to ecology
[dna] air wrote 122 bytes to ecology
[dna] air wrote 65 bytes to ecology
[dna] air wrote 159 bytes to ecology
[dna] air wrote 138 bytes to ecology
[dna] air wrote 37 bytes to ecology
[dna] air wrote 66 bytes to ecology
[dna] air wrote 52 bytes to ecology
[dna] air wrote 36 bytes to ecology
[dna] air wrote 36 bytes to ecology
[dna] air wrote 120 bytes to ecology
[dna] air wrote 96 bytes to ecology
[dna] air wrote 50 bytes to ecology
[dna] air wrote 163 bytes to ecology
[dna] air wrote 116 bytes to ecology
[dna] air wrote 34 bytes to ecology
[debug-onto] tick=250 corpus=139482 stage=2 freeze=0
[dna] air wrote 97 bytes to ecology
[dna] air wrote 80 bytes to ecology
[dna] air wrote 28 bytes to ecology
[dna] air wrote 52 bytes to ecology
[dna] air wrote 75 bytes to ecology
[dna] air wrote 137 bytes to ecology
[dna] air wrote 13 bytes to ecology
[dna] air wrote 49 bytes to ecology
[dna] air wrote 160 bytes to ecology
[dna] air wrote 123 bytes to ecology
[dna] air wrote 78 bytes to ecology
[dna] air wrote 26 bytes to ecology
[dna] air wrote 30 bytes to ecology
[dna] air wrote 28 bytes to ecology
[dna] air wrote 86 bytes to ecology
[dna] air wrote 72 bytes to ecology
[dna] air wrote 39 bytes to ecology
[dna] air wrote 54 bytes to ecology
[dna] air wrote 99 bytes to ecology
[debug-onto] tick=300 corpus=139482 stage=2 freeze=0
[dna] air wrote 111 bytes to ecology
[dna] air wrote 46 bytes to ecology
[dna] air wrote 94 bytes to ecology
[dna] air wrote 47 bytes to ecology
[dna] air wrote 192 bytes to ecology
[dna] air wrote 173 bytes to ecology
[dna] air wrote 171 bytes to ecology
[dna] air wrote 46 bytes to ecology
[dna] air wrote 42 bytes to ecology
[dna] air wrote 29 bytes to ecology
[dna] air wrote 104 bytes to ecology
[dna] air wrote 108 bytes to ecology
[dna] air wrote 171 bytes to ecology
[dna] air wrote 26 bytes to ecology
[dna] air wrote 80 bytes to ecology
[dna] air wrote 59 bytes to ecology
[dna] air wrote 91 bytes to ecology
[dna] air wrote 68 bytes to ecology
[debug-onto] tick=350 corpus=139482 stage=2 freeze=0
[dna] air wrote 226 bytes to ecology
[dna] air wrote 27 bytes to ecology
[dna] air wrote 221 bytes to ecology
[dna] air wrote 142 bytes to ecology
[dna] air wrote 106 bytes to ecology
[dna] air wrote 40 bytes to ecology
[dna] air wrote 34 bytes to ecology
[dna] air wrote 51 bytes to ecology
[dna] air wrote 128 bytes to ecology
[dna] air wrote 50 bytes to ecology
[dna] air wrote 147 bytes to ecology
[dna] air wrote 49 bytes to ecology
[dna] air wrote 38 bytes to ecology
[dna] air wrote 115 bytes to ecology
[dna] air wrote 100 bytes to ecology
[dna] air wrote 149 bytes to ecology
[dna] air wrote 116 bytes to ecology
[dna] air wrote 103 bytes to ecology
[dna] air wrote 51 bytes to ecology
[dna] air wrote 78 bytes to ecology
[debug-onto] tick=400 corpus=139482 stage=2 freeze=0
[dna] air wrote 109 bytes to ecology
[dna] air wrote 99 bytes to ecology
[dna] air wrote 31 bytes to ecology
[dna] air wrote 35 bytes to ecology
[dna] air wrote 111 bytes to ecology
[dna] air wrote 14 bytes to ecology
[dna] air wrote 35 bytes to ecology
[dna] air wrote 77 bytes to ecology
[dna] air wrote 24 bytes to ecology
[dna] air wrote 39 bytes to ecology
[dna] air wrote 75 bytes to ecology
[dna] air wrote 103 bytes to ecology
[dna] air wrote 29 bytes to ecology
[dna] air wrote 96 bytes to ecology
[dna] air wrote 59 bytes to ecology
[dna] air wrote 108 bytes to ecology
[dna] air wrote 93 bytes to ecology
[dna] air wrote 35 bytes to ecology
[dna] air wrote 30 bytes to ecology
[debug-onto] tick=450 corpus=139482 stage=2 freeze=0
[dna] air wrote 27 bytes to ecology
[dna] air wrote 62 bytes to ecology
[dna] air wrote 36 bytes to ecology
[dna] air wrote 57 bytes to ecology
[dna] air wrote 31 bytes to ecology
[dna] air wrote 54 bytes to ecology
[dna] air wrote 154 bytes to ecology
[dna] air wrote 34 bytes to ecology
[dna] air wrote 28 bytes to ecology
[dna] air wrote 31 bytes to ecology
[dna] air wrote 43 bytes to ecology
[dna] air wrote 12 bytes to ecology
[dna] air wrote 31 bytes to ecology
[dna] air wrote 65 bytes to ecology
[dna] air wrote 223 bytes to ecology
[dna] air wrote 77 bytes to ecology
[dna] air wrote 14 bytes to ecology
[dna] air wrote 71 bytes to ecology
[dna] air wrote 79 bytes to ecology
[dna] air wrote 15 bytes to ecology
[dna] air wrote 38 bytes to ecology
[debug-onto] tick=500 corpus=139482 stage=2 freeze=0
[dna] air wrote 49 bytes to ecology
[dna] air wrote 52 bytes to ecology
[dna] air wrote 40 bytes to ecology
[dna] air wrote 32 bytes to ecology
[dna] air wrote 72 bytes to ecology
[dna] air wrote 52 bytes to ecology
[dna] air wrote 81 bytes to ecology
[dna] air wrote 51 bytes to ecology
[dna] air wrote 92 bytes to ecology
[dna] air wrote 34 bytes to ecology
[dna] air wrote 55 bytes to ecology
[dna] air wrote 51 bytes to ecology
[dna] air wrote 33 bytes to ecology
[dna] air wrote 9 bytes to ecology
[dna] air wrote 123 bytes to ecology
[dna] air wrote 60 bytes to ecology
[dna] air wrote 182 bytes to ecology
[dna] air wrote 150 bytes to ecology
[debug-onto] tick=550 corpus=139482 stage=2 freeze=0
[dna] air wrote 102 bytes to ecology
[dna] air wrote 68 bytes to ecology
[dna] air wrote 16 bytes to ecology
[dna] air wrote 70 bytes to ecology
[dna] air wrote 30 bytes to ecology
[dna] air wrote 62 bytes to ecology
[dna] air wrote 100 bytes to ecology
[dna] air wrote 46 bytes to ecology
[dna] air wrote 23 bytes to ecology
[dna] air wrote 47 bytes to ecology
[dna] air wrote 57 bytes to ecology
[dna] air wrote 232 bytes to ecology
[dna] air wrote 32 bytes to ecology
[dna] air wrote 159 bytes to ecology
[dna] air wrote 104 bytes to ecology
[dna] air wrote 78 bytes to ecology
[dna] air wrote 34 bytes to ecology
[dna] air wrote 27 bytes to ecology
[debug-onto] tick=600 corpus=139482 stage=2 freeze=0
[dna] air wrote 52 bytes to ecology
[dna] air wrote 74 bytes to ecology
[dna] air wrote 22 bytes to ecology
[dna] air wrote 120 bytes to ecology
[dna] air wrote 107 bytes to ecology
[dna] air wrote 29 bytes to ecology
[dna] air wrote 24 bytes to ecology
[dna] air wrote 44 bytes to ecology
[dna] air wrote 43 bytes to ecology
[dna] air wrote 30 bytes to ecology
[dna] air wrote 85 bytes to ecology
[dna] air wrote 46 bytes to ecology
[dna] air wrote 40 bytes to ecology
[dna] air wrote 91 bytes to ecology
[dna] air wrote 90 bytes to ecology
[dna] air wrote 83 bytes to ecology
[dna] air wrote 184 bytes to ecology
[dna] air wrote 43 bytes to ecology
[dna] air wrote 82 bytes to ecology
[dna] air wrote 47 bytes to ecology
[dna] air wrote 29 bytes to ecology
[dna] air wrote 176 bytes to ecology
[dna] air wrote 89 bytes to ecology
[debug-onto] tick=650 corpus=139482 stage=2 freeze=0
[dna] air wrote 40 bytes to ecology
[dna] air wrote 41 bytes to ecology
[dna] air wrote 56 bytes to ecology
[dna] air wrote 20 bytes to ecology
[dna] air wrote 37 bytes to ecology

[evolution] Organism shutting down gracefully.
