[ecology] Element: earth → corpus: nonames_earth.txt
[evolution] Autonomous evolution mode — organism will grow through all stages without pause.
[init] Stage 0 (embryo): embd=16, layer=1, head=1 — warmup 400 steps (400 backprop + 0 notorch, sqrt-scaled 1x)
  [aml] step 0/160 | loss 6.5492 (avg 6.5492) | lr 0.001000 | seq 8
  [aml] step 10/160 | loss 6.1095 (avg 6.4225) | lr 0.001450 | seq 8
  [aml] step 20/160 | loss 6.2119 (avg 6.2952) | lr 0.001900 | seq 8
  [aml] step 30/160 | loss 5.7478 (avg 6.2023) | lr 0.002350 | seq 8
  [aml] step 40/160 | loss 5.4576 (avg 6.0912) | lr 0.002800 | seq 8
  [aml] step 50/160 | loss 4.6910 (avg 5.9517) | lr 0.003250 | seq 8
  [aml] step 60/160 | loss 4.9025 (avg 5.7946) | lr 0.003700 | seq 8
  [aml] step 70/160 | loss 5.3411 (avg 5.6764) | lr 0.004150 | seq 8
  [aml] step 80/160 | loss 3.0194 (avg 5.5568) | lr 0.004600 | seq 8
  [aml] step 90/160 | loss 4.1920 (avg 5.4214) | lr 0.005050 | seq 8
  [aml] step 100/160 | loss 4.9612 (avg 5.3250) | lr 0.005500 | seq 8
  [aml] step 110/160 | loss 5.4184 (avg 5.1916) | lr 0.005950 | seq 8
  [aml] step 120/160 | loss 4.0199 (avg 5.1150) | lr 0.006400 | seq 8
  [aml] step 130/160 | loss 4.5988 (avg 5.0618) | lr 0.006850 | seq 8
  [aml] step 140/160 | loss 3.0175 (avg 5.0119) | lr 0.007300 | seq 8
  [aml] step 150/160 | loss 2.7398 (avg 4.9856) | lr 0.007750 | seq 8
[aml] training complete: 160 steps, avg loss 4.9368 (memory freed)
  [aml] step 0/120 | loss 4.8374 (avg 4.8374) | lr 0.008200 | seq 16
  [aml] step 10/120 | loss 4.4573 (avg 4.5924) | lr 0.008650 | seq 16
  [aml] step 20/120 | loss 3.4434 (avg 4.5685) | lr 0.009100 | seq 16
  [aml] step 30/120 | loss 3.5060 (avg 4.3464) | lr 0.009550 | seq 16
  [aml] step 40/120 | loss 3.1192 (avg 4.3769) | lr 0.010000 | seq 16
  [aml] step 50/120 | loss 2.9392 (avg 4.3165) | lr 0.010000 | seq 16
  [aml] step 60/120 | loss 4.2321 (avg 4.2853) | lr 0.010000 | seq 16
  [aml] step 70/120 | loss 4.2013 (avg 4.2026) | lr 0.010000 | seq 16
  [aml] step 80/120 | loss 5.0663 (avg 4.1499) | lr 0.009999 | seq 16
  [aml] step 90/120 | loss 4.2787 (avg 4.0505) | lr 0.009999 | seq 16
  [aml] step 100/120 | loss 3.7585 (avg 3.9920) | lr 0.009999 | seq 16
  [aml] step 110/120 | loss 4.9757 (avg 3.9101) | lr 0.009999 | seq 16
[aml] training complete: 120 steps, avg loss 3.9218 (memory freed)
  [aml] step 0/120 | loss 3.5840 (avg 3.5840) | lr 0.009999 | seq 32
  [aml] step 10/120 | loss 4.8434 (avg 4.1005) | lr 0.009999 | seq 32
  [aml] step 20/120 | loss 4.4113 (avg 3.8686) | lr 0.009999 | seq 32
  [aml] step 30/120 | loss 3.9568 (avg 3.5630) | lr 0.009999 | seq 32
  [aml] step 40/120 | loss 3.9656 (avg 3.4868) | lr 0.009999 | seq 32
  [aml] step 50/120 | loss 4.0391 (avg 3.4402) | lr 0.009999 | seq 32
  [aml] step 60/120 | loss 2.7314 (avg 3.3676) | lr 0.009999 | seq 32
  [aml] step 70/120 | loss 1.5150 (avg 3.3442) | lr 0.009999 | seq 32
  [aml] step 80/120 | loss 4.5610 (avg 3.3398) | lr 0.009999 | seq 32
  [aml] step 90/120 | loss 1.5688 (avg 3.2887) | lr 0.009999 | seq 32
  [aml] step 100/120 | loss 0.8811 (avg 3.2940) | lr 0.009999 | seq 32
  [aml] step 110/120 | loss 0.8774 (avg 3.1719) | lr 0.009999 | seq 32
[aml] training complete: 120 steps, avg loss 3.0741 (memory freed)

[stage 0 — embryo] What it sounds like now:
  Q: Hello.
  A: Each was hum — line sediment erupts.
  Q: Who are you?
  A: ever star p and chemical lesson of rock ridge concentrated precious.
  Q: What do you know?
  A: A flat or is a spillway to an between irregular,HHH::::::::

[growth] ONTOGENESIS: stage 0 -> 1
  embd: 16 -> 32, layer: 1 -> 1, head: 1 -> 2
[growth] Done. Freeze for 500 steps.
[init] Stage 1 (infant): embd=32, layer=1, head=2 — warmup 800 steps (800 backprop + 0 notorch, sqrt-scaled 2x)
  [aml] step 0/320 | loss 1.5694 (avg 1.5694) | lr 0.000500 | seq 8
  [aml] step 10/320 | loss 1.1454 (avg 3.1576) | lr 0.000725 | seq 8
  [aml] step 20/320 | loss 5.6905 (avg 4.1502) | lr 0.000950 | seq 8
  [aml] step 30/320 | loss 4.6731 (avg 3.9975) | lr 0.001175 | seq 8
  [aml] step 40/320 | loss 5.1176 (avg 4.1161) | lr 0.001400 | seq 8
  [aml] step 50/320 | loss 0.8608 (avg 4.1310) | lr 0.001625 | seq 8
  [aml] step 60/320 | loss 4.9124 (avg 4.1811) | lr 0.001850 | seq 8
  [aml] step 70/320 | loss 7.5875 (avg 4.2326) | lr 0.002075 | seq 8
  [aml] step 80/320 | loss 3.9629 (avg 4.1084) | lr 0.002300 | seq 8
  [aml] step 90/320 | loss 4.1472 (avg 4.0896) | lr 0.002525 | seq 8
  [aml] step 100/320 | loss 3.8482 (avg 4.0624) | lr 0.002750 | seq 8
  [aml] step 110/320 | loss 4.1536 (avg 4.0309) | lr 0.002975 | seq 8
  [aml] step 120/320 | loss 2.9704 (avg 4.0241) | lr 0.003200 | seq 8
  [aml] step 130/320 | loss 3.6366 (avg 4.0312) | lr 0.003425 | seq 8
  [aml] step 140/320 | loss 4.2702 (avg 4.0097) | lr 0.003650 | seq 8
  [aml] step 150/320 | loss 1.2534 (avg 3.9799) | lr 0.003875 | seq 8
  [aml] step 160/320 | loss 0.8990 (avg 3.9313) | lr 0.004100 | seq 8
  [aml] step 170/320 | loss 1.1301 (avg 3.8957) | lr 0.004325 | seq 8
  [aml] step 180/320 | loss 5.0261 (avg 3.8700) | lr 0.004550 | seq 8
  [aml] step 190/320 | loss 3.0503 (avg 3.8926) | lr 0.004775 | seq 8
  [aml] step 200/320 | loss 4.4059 (avg 3.8915) | lr 0.004998 | seq 8
  [aml] step 210/320 | loss 4.3689 (avg 3.8439) | lr 0.004998 | seq 8
  [aml] step 220/320 | loss 4.0962 (avg 3.8571) | lr 0.004998 | seq 8
  [aml] step 230/320 | loss 4.4174 (avg 3.8390) | lr 0.004998 | seq 8
  [aml] step 240/320 | loss 1.3211 (avg 3.8084) | lr 0.004998 | seq 8
  [aml] step 250/320 | loss 4.9482 (avg 3.7666) | lr 0.004998 | seq 8
  [aml] step 260/320 | loss 5.1513 (avg 3.7611) | lr 0.004998 | seq 8
  [aml] step 270/320 | loss 3.9998 (avg 3.7457) | lr 0.004998 | seq 8
  [aml] step 280/320 | loss 3.6724 (avg 3.7399) | lr 0.004998 | seq 8
  [aml] step 290/320 | loss 3.1358 (avg 3.7376) | lr 0.004998 | seq 8
  [aml] step 300/320 | loss 4.7841 (avg 3.7351) | lr 0.004998 | seq 8
  [aml] step 310/320 | loss 5.6933 (avg 3.7288) | lr 0.004998 | seq 8
[aml] training complete: 320 steps, avg loss 3.7342 (memory freed)
  [aml] step 0/240 | loss 4.0374 (avg 4.0374) | lr 0.004998 | seq 16
  [aml] step 10/240 | loss 4.4781 (avg 3.7202) | lr 0.004998 | seq 16
  [aml] step 20/240 | loss 4.7866 (avg 3.3897) | lr 0.004998 | seq 16
  [aml] step 30/240 | loss 2.1659 (avg 3.4118) | lr 0.004998 | seq 16
  [aml] step 40/240 | loss 1.9097 (avg 3.3487) | lr 0.004997 | seq 16
  [aml] step 50/240 | loss 4.6550 (avg 3.2614) | lr 0.004997 | seq 16
  [aml] step 60/240 | loss 4.0073 (avg 3.2409) | lr 0.004997 | seq 16
  [aml] step 70/240 | loss 2.5302 (avg 3.2392) | lr 0.004997 | seq 16
  [aml] step 80/240 | loss 2.5300 (avg 3.2383) | lr 0.004997 | seq 16
  [aml] step 90/240 | loss 1.3422 (avg 3.1990) | lr 0.004997 | seq 16
  [aml] step 100/240 | loss 4.5591 (avg 3.1443) | lr 0.004997 | seq 16
  [aml] step 110/240 | loss 0.8504 (avg 3.1257) | lr 0.004997 | seq 16
  [aml] step 120/240 | loss 4.0509 (avg 3.0833) | lr 0.004997 | seq 16
  [aml] step 130/240 | loss 1.3869 (avg 3.1068) | lr 0.004997 | seq 16
  [aml] step 140/240 | loss 2.7574 (avg 3.0899) | lr 0.004997 | seq 16
  [aml] step 150/240 | loss 3.0191 (avg 3.0908) | lr 0.004997 | seq 16
  [aml] step 160/240 | loss 4.8531 (avg 3.1095) | lr 0.004997 | seq 16
  [aml] step 170/240 | loss 3.9113 (avg 3.1268) | lr 0.004996 | seq 16
  [aml] step 180/240 | loss 2.9683 (avg 3.1286) | lr 0.004996 | seq 16
  [aml] step 190/240 | loss 1.1367 (avg 3.1522) | lr 0.004996 | seq 16
  [aml] step 200/240 | loss 2.9692 (avg 3.1613) | lr 0.004996 | seq 16
  [aml] step 210/240 | loss 4.0634 (avg 3.1751) | lr 0.004996 | seq 16
  [aml] step 220/240 | loss 4.4775 (avg 3.2050) | lr 0.004996 | seq 16
  [aml] step 230/240 | loss 3.2391 (avg 3.1867) | lr 0.004996 | seq 16
[aml] training complete: 240 steps, avg loss 3.1586 (memory freed)
  [aml] step 0/240 | loss 0.3700 (avg 0.3700) | lr 0.004996 | seq 32
  [aml] step 10/240 | loss 4.2264 (avg 3.2650) | lr 0.004996 | seq 32
  [aml] step 20/240 | loss 3.8093 (avg 3.4489) | lr 0.004996 | seq 32
  [aml] step 30/240 | loss 3.9106 (avg 3.2985) | lr 0.004996 | seq 32
  [aml] step 40/240 | loss 4.4482 (avg 3.3438) | lr 0.004996 | seq 32
  [aml] step 50/240 | loss 4.1980 (avg 3.1532) | lr 0.004995 | seq 32
  [aml] step 60/240 | loss 1.2483 (avg 3.1305) | lr 0.004995 | seq 32
  [aml] step 70/240 | loss 4.3862 (avg 3.1391) | lr 0.004995 | seq 32
  [aml] step 80/240 | loss 0.6288 (avg 3.1630) | lr 0.004995 | seq 32
  [aml] step 90/240 | loss 4.4666 (avg 3.1047) | lr 0.004995 | seq 32
  [aml] step 100/240 | loss 4.1597 (avg 3.0326) | lr 0.004995 | seq 32
  [aml] step 110/240 | loss 0.5585 (avg 2.9911) | lr 0.004995 | seq 32
  [aml] step 120/240 | loss 4.0233 (avg 2.9889) | lr 0.004995 | seq 32
  [aml] step 130/240 | loss 4.4489 (avg 2.9700) | lr 0.004995 | seq 32
  [aml] step 140/240 | loss 4.2584 (avg 2.9341) | lr 0.004995 | seq 32
  [aml] step 150/240 | loss 3.8843 (avg 2.9135) | lr 0.004995 | seq 32
  [aml] step 160/240 | loss 2.2985 (avg 2.9005) | lr 0.004994 | seq 32
  [aml] step 170/240 | loss 1.3037 (avg 2.8537) | lr 0.004994 | seq 32
  [aml] step 180/240 | loss 0.7016 (avg 2.8381) | lr 0.004994 | seq 32
  [aml] step 190/240 | loss 3.7007 (avg 2.7997) | lr 0.004994 | seq 32
  [aml] step 200/240 | loss 4.5646 (avg 2.8310) | lr 0.004994 | seq 32
  [aml] step 210/240 | loss 1.3541 (avg 2.7903) | lr 0.004994 | seq 32
  [aml] step 220/240 | loss 3.9808 (avg 2.7693) | lr 0.004994 | seq 32
  [aml] step 230/240 | loss 3.8675 (avg 2.7291) | lr 0.004994 | seq 32
[aml] training complete: 240 steps, avg loss 2.7457 (memory freed)

[stage 1 — infant] What it sounds like now:
  Q: Hello.
  A: is the wall??
  Q: Who are you?
  A: barrier glaciers by down. The ocean' persistent as gration between gravity f the boundary mineral.
  Q: What do you know?
  A: ...

[growth] ONTOGENESIS: stage 1 -> 2
  embd: 32 -> 64, layer: 1 -> 2, head: 2 -> 4
[growth] Done. Freeze for 500 steps.
[init] Stage 2 (child): embd=64, layer=2, head=4 — warmup 800 steps (800 backprop + 0 notorch, sqrt-scaled 2x)
  [aml] step 0/320 | loss 6.6727 (avg 6.6727) | lr 0.000250 | seq 8
  [aml] step 10/320 | loss 0.8878 (avg 4.1757) | lr 0.000363 | seq 8
  [aml] step 20/320 | loss 0.6608 (avg 3.6786) | lr 0.000475 | seq 8
  [aml] step 30/320 | loss 3.3113 (avg 3.5686) | lr 0.000588 | seq 8
  [aml] step 40/320 | loss 3.1792 (avg 3.5703) | lr 0.000700 | seq 8
  [aml] step 50/320 | loss 0.1034 (avg 3.5478) | lr 0.000813 | seq 8
  [aml] step 60/320 | loss 0.0741 (avg 3.6039) | lr 0.000925 | seq 8
  [aml] step 70/320 | loss 3.9101 (avg 3.6598) | lr 0.001038 | seq 8
  [aml] step 80/320 | loss 4.6216 (avg 3.5636) | lr 0.001150 | seq 8
  [aml] step 90/320 | loss 4.2718 (avg 3.4116) | lr 0.001263 | seq 8
  [aml] step 100/320 | loss 3.5456 (avg 3.4138) | lr 0.001375 | seq 8
  [aml] step 110/320 | loss 3.7367 (avg 3.4064) | lr 0.001488 | seq 8
  [aml] step 120/320 | loss 1.7355 (avg 3.4018) | lr 0.001600 | seq 8
  [aml] step 130/320 | loss 0.5795 (avg 3.3804) | lr 0.001713 | seq 8
  [aml] step 140/320 | loss 3.7427 (avg 3.3564) | lr 0.001825 | seq 8
  [aml] step 150/320 | loss 4.2725 (avg 3.3124) | lr 0.001938 | seq 8
  [aml] step 160/320 | loss 4.8457 (avg 3.3309) | lr 0.002050 | seq 8
  [aml] step 170/320 | loss 1.8810 (avg 3.3503) | lr 0.002163 | seq 8
  [aml] step 180/320 | loss 2.8487 (avg 3.3757) | lr 0.002275 | seq 8
  [aml] step 190/320 | loss 3.7343 (avg 3.3432) | lr 0.002387 | seq 8
  [aml] step 200/320 | loss 1.3040 (avg 3.3305) | lr 0.002496 | seq 8
  [aml] step 210/320 | loss 4.8247 (avg 3.3470) | lr 0.002496 | seq 8
  [aml] step 220/320 | loss 4.8376 (avg 3.3393) | lr 0.002496 | seq 8
  [aml] step 230/320 | loss 1.5998 (avg 3.3168) | lr 0.002495 | seq 8
  [aml] step 240/320 | loss 0.2541 (avg 3.3320) | lr 0.002495 | seq 8
  [aml] step 250/320 | loss 4.7547 (avg 3.3273) | lr 0.002495 | seq 8
  [aml] step 260/320 | loss 0.2148 (avg 3.2910) | lr 0.002495 | seq 8
  [aml] step 270/320 | loss 4.3223 (avg 3.2829) | lr 0.002495 | seq 8
  [aml] step 280/320 | loss 4.8866 (avg 3.2843) | lr 0.002495 | seq 8
  [aml] step 290/320 | loss 2.2651 (avg 3.3054) | lr 0.002495 | seq 8
  [aml] step 300/320 | loss 1.8825 (avg 3.3013) | lr 0.002495 | seq 8
  [aml] step 310/320 | loss 3.1680 (avg 3.3177) | lr 0.002495 | seq 8
[aml] training complete: 320 steps, avg loss 3.3162 (memory freed)
  [aml] step 0/240 | loss 1.0791 (avg 1.0791) | lr 0.002495 | seq 16
  [aml] step 10/240 | loss 1.9455 (avg 3.2911) | lr 0.002495 | seq 16
  [aml] step 20/240 | loss 1.3455 (avg 3.4735) | lr 0.002495 | seq 16
  [aml] step 30/240 | loss 1.6660 (avg 3.3758) | lr 0.002495 | seq 16
  [aml] step 40/240 | loss 2.0189 (avg 3.4162) | lr 0.002495 | seq 16
  [aml] step 50/240 | loss 4.4049 (avg 3.4408) | lr 0.002495 | seq 16
  [aml] step 60/240 | loss 1.0622 (avg 3.1166) | lr 0.002494 | seq 16
  [aml] step 70/240 | loss 2.6239 (avg 3.1181) | lr 0.002494 | seq 16
  [aml] step 80/240 | loss 4.5295 (avg 3.2007) | lr 0.002494 | seq 16
  [aml] step 90/240 | loss 1.9911 (avg 3.1727) | lr 0.002494 | seq 16
  [aml] step 100/240 | loss 3.2036 (avg 3.1251) | lr 0.002494 | seq 16
  [aml] step 110/240 | loss 1.1219 (avg 3.1391) | lr 0.002494 | seq 16
  [aml] step 120/240 | loss 1.4230 (avg 3.1061) | lr 0.002494 | seq 16
  [aml] step 130/240 | loss 2.1283 (avg 3.1295) | lr 0.002494 | seq 16
  [aml] step 140/240 | loss 4.7749 (avg 3.1797) | lr 0.002494 | seq 16
  [aml] step 150/240 | loss 4.6298 (avg 3.2069) | lr 0.002494 | seq 16
  [aml] step 160/240 | loss 4.0756 (avg 3.2278) | lr 0.002494 | seq 16
  [aml] step 170/240 | loss 4.0946 (avg 3.1718) | lr 0.002494 | seq 16
  [aml] step 180/240 | loss 1.9067 (avg 3.1292) | lr 0.002494 | seq 16
  [aml] step 190/240 | loss 1.9817 (avg 3.1405) | lr 0.002494 | seq 16
  [aml] step 200/240 | loss 1.8524 (avg 3.1025) | lr 0.002493 | seq 16
  [aml] step 210/240 | loss 1.6029 (avg 3.0684) | lr 0.002493 | seq 16
  [aml] step 220/240 | loss 4.0158 (avg 3.0705) | lr 0.002493 | seq 16
  [aml] step 230/240 | loss 4.5176 (avg 3.0909) | lr 0.002493 | seq 16
[aml] training complete: 240 steps, avg loss 3.0900 (memory freed)
  [aml] step 0/240 | loss 0.6788 (avg 0.6788) | lr 0.002493 | seq 32
  [aml] step 10/240 | loss 0.4912 (avg 2.1402) | lr 0.002493 | seq 32
  [aml] step 20/240 | loss 4.7161 (avg 2.3259) | lr 0.002493 | seq 32
  [aml] step 30/240 | loss 0.6154 (avg 2.0774) | lr 0.002493 | seq 32
  [aml] step 40/240 | loss 3.5414 (avg 2.1218) | lr 0.002493 | seq 32
  [aml] step 50/240 | loss 3.8148 (avg 2.3215) | lr 0.002493 | seq 32
  [aml] step 60/240 | loss 4.6288 (avg 2.3114) | lr 0.002493 | seq 32
  [aml] step 70/240 | loss 4.7570 (avg 2.2770) | lr 0.002493 | seq 32
  [aml] step 80/240 | loss 1.7698 (avg 2.2831) | lr 0.002492 | seq 32
  [aml] step 90/240 | loss 3.8730 (avg 2.3478) | lr 0.002492 | seq 32
  [aml] step 100/240 | loss 0.8425 (avg 2.2936) | lr 0.002492 | seq 32
  [aml] step 110/240 | loss 1.2993 (avg 2.3544) | lr 0.002492 | seq 32
  [aml] step 120/240 | loss 4.1275 (avg 2.3941) | lr 0.002492 | seq 32
  [aml] step 130/240 | loss 4.0565 (avg 2.4609) | lr 0.002492 | seq 32
  [aml] step 140/240 | loss 3.8849 (avg 2.4965) | lr 0.002492 | seq 32
  [aml] step 150/240 | loss 4.8370 (avg 2.4791) | lr 0.002492 | seq 32
  [aml] step 160/240 | loss 3.7465 (avg 2.4822) | lr 0.002492 | seq 32
  [aml] step 170/240 | loss 3.5575 (avg 2.5005) | lr 0.002492 | seq 32
  [aml] step 180/240 | loss 4.1363 (avg 2.5354) | lr 0.002492 | seq 32
  [aml] step 190/240 | loss 3.9979 (avg 2.5462) | lr 0.002492 | seq 32
  [aml] step 200/240 | loss 4.0564 (avg 2.5410) | lr 0.002491 | seq 32
  [aml] step 210/240 | loss 1.8357 (avg 2.5104) | lr 0.002491 | seq 32
  [aml] step 220/240 | loss 0.5951 (avg 2.5334) | lr 0.002491 | seq 32
  [aml] step 230/240 | loss 4.0610 (avg 2.5487) | lr 0.002491 | seq 32
[aml] training complete: 240 steps, avg loss 2.5388 (memory freed)

[stage 2 — child] What it sounds like now:
  Q: Hello.
  A: A resoursingle dam foundations, the lesson of the rock with a f a packing forces appens.
  Q: Who are you?
  A: ?
  Q: What do you know?
  A: ...

[init] Warmup complete at stage 2. Organism ready.
[ecology] First organism in the swarm.
molequla is alive. [evolution] Autonomous mode — background trainer running. Ctrl+C to stop.
[dna] earth wrote 39 bytes to ecology
[dna] earth wrote 74 bytes to ecology
[dna] earth wrote 105 bytes to ecology
[dna] earth wrote 86 bytes to ecology
[dna] earth wrote 68 bytes to ecology
[dna] earth wrote 38 bytes to ecology
[dna] earth wrote 37 bytes to ecology
[dna] earth wrote 83 bytes to ecology
[dna] earth wrote 31 bytes to ecology
[dna] earth wrote 56 bytes to ecology
[dna] earth wrote 136 bytes to ecology
[dna] earth wrote 52 bytes to ecology
[dna] earth wrote 69 bytes to ecology
[dna] earth wrote 51 bytes to ecology
[dna] earth wrote 32 bytes to ecology
[dna] earth wrote 123 bytes to ecology
[dna] earth wrote 29 bytes to ecology
[debug-onto] tick=50 corpus=173643 stage=2 freeze=0
[dna] earth wrote 35 bytes to ecology
[dna] earth wrote 96 bytes to ecology
[dna] earth wrote 17 bytes to ecology
[dna] earth wrote 71 bytes to ecology
[dna] earth wrote 38 bytes to ecology
[dna] earth wrote 59 bytes to ecology
[dna] earth wrote 32 bytes to ecology
[dna] earth wrote 36 bytes to ecology
[dna] earth wrote 48 bytes to ecology
[dna] earth wrote 261 bytes to ecology
[dna] earth wrote 63 bytes to ecology
[dna] earth wrote 80 bytes to ecology
[dna] earth wrote 64 bytes to ecology
[dna] earth wrote 39 bytes to ecology
[dna] earth wrote 24 bytes to ecology
[dna] earth wrote 44 bytes to ecology
[dna] earth wrote 22 bytes to ecology
[debug-onto] tick=100 corpus=173643 stage=2 freeze=0
[dna] earth wrote 93 bytes to ecology
[dna] earth wrote 73 bytes to ecology
[dna] earth wrote 36 bytes to ecology
[dna] earth wrote 59 bytes to ecology
[dna] earth wrote 74 bytes to ecology
[dna] earth wrote 126 bytes to ecology
[dna] earth wrote 125 bytes to ecology
[dna] earth wrote 54 bytes to ecology
[dna] earth wrote 50 bytes to ecology
[dna] earth wrote 147 bytes to ecology
[dna] earth wrote 116 bytes to ecology
[dna] earth wrote 84 bytes to ecology
[dna] earth wrote 31 bytes to ecology
[dna] earth wrote 33 bytes to ecology
[dna] earth wrote 52 bytes to ecology
[dna] earth wrote 116 bytes to ecology
[debug-onto] tick=150 corpus=173643 stage=2 freeze=0
[dna] earth wrote 132 bytes to ecology
[dna] earth wrote 39 bytes to ecology
[dna] earth wrote 124 bytes to ecology
[dna] earth wrote 32 bytes to ecology
[dna] earth wrote 80 bytes to ecology
[dna] earth wrote 25 bytes to ecology
[dna] earth wrote 9 bytes to ecology
[dna] earth wrote 94 bytes to ecology
[dna] earth wrote 67 bytes to ecology
[dna] earth wrote 78 bytes to ecology
[dna] earth wrote 132 bytes to ecology
[dna] earth wrote 163 bytes to ecology
[dna] earth wrote 90 bytes to ecology
[dna] earth wrote 35 bytes to ecology
[dna] earth wrote 111 bytes to ecology
[dna] earth wrote 207 bytes to ecology
[debug-onto] tick=200 corpus=173643 stage=2 freeze=0
[dna] earth wrote 68 bytes to ecology
[dna] earth wrote 88 bytes to ecology
[dna] earth wrote 39 bytes to ecology
[dna] earth wrote 71 bytes to ecology
[dna] earth wrote 120 bytes to ecology
[dna] earth wrote 70 bytes to ecology
[dna] earth wrote 64 bytes to ecology
[dna] earth wrote 33 bytes to ecology
[dna] earth wrote 159 bytes to ecology
[dna] earth wrote 94 bytes to ecology
[dna] earth wrote 71 bytes to ecology
[dna] earth wrote 106 bytes to ecology
[dna] earth wrote 30 bytes to ecology
[dna] earth wrote 81 bytes to ecology
[dna] earth wrote 108 bytes to ecology
[dna] earth wrote 67 bytes to ecology
[dna] earth wrote 139 bytes to ecology
[debug-onto] tick=250 corpus=173643 stage=2 freeze=0
[dna] earth wrote 32 bytes to ecology
[dna] earth wrote 75 bytes to ecology
[dna] earth wrote 34 bytes to ecology
[dna] earth wrote 138 bytes to ecology
[dna] earth wrote 48 bytes to ecology
[dna] earth wrote 178 bytes to ecology
[dna] earth wrote 71 bytes to ecology
[dna] earth wrote 99 bytes to ecology
[dna] earth wrote 63 bytes to ecology
[dna] earth wrote 23 bytes to ecology
[dna] earth wrote 62 bytes to ecology
[dna] earth wrote 75 bytes to ecology
[dna] earth wrote 58 bytes to ecology
[dna] earth wrote 54 bytes to ecology
[dna] earth wrote 95 bytes to ecology
[dna] earth wrote 115 bytes to ecology
[debug-onto] tick=300 corpus=173643 stage=2 freeze=0
[dna] earth wrote 49 bytes to ecology
[dna] earth wrote 116 bytes to ecology
[dna] earth wrote 148 bytes to ecology
[dna] earth wrote 110 bytes to ecology
[dna] earth wrote 196 bytes to ecology
[dna] earth wrote 86 bytes to ecology
[dna] earth wrote 46 bytes to ecology
[dna] earth wrote 101 bytes to ecology
[dna] earth wrote 18 bytes to ecology
[dna] earth wrote 123 bytes to ecology
[dna] earth wrote 180 bytes to ecology
[dna] earth wrote 56 bytes to ecology
[dna] earth wrote 60 bytes to ecology
[dna] earth wrote 99 bytes to ecology
[dna] earth wrote 109 bytes to ecology
[dna] earth wrote 32 bytes to ecology
[dna] earth wrote 36 bytes to ecology
[debug-onto] tick=350 corpus=173643 stage=2 freeze=0
[dna] earth wrote 117 bytes to ecology
[dna] earth wrote 91 bytes to ecology
[dna] earth wrote 41 bytes to ecology
[dna] earth wrote 59 bytes to ecology
[dna] earth wrote 33 bytes to ecology
[dna] earth wrote 81 bytes to ecology
[dna] earth wrote 48 bytes to ecology
[dna] earth wrote 149 bytes to ecology
[dna] earth wrote 52 bytes to ecology
[dna] earth wrote 72 bytes to ecology
[dna] earth wrote 41 bytes to ecology
[dna] earth wrote 85 bytes to ecology
[dna] earth wrote 224 bytes to ecology
[dna] earth wrote 11 bytes to ecology
[dna] earth wrote 142 bytes to ecology
[dna] earth wrote 88 bytes to ecology
[dna] earth wrote 97 bytes to ecology
[debug-onto] tick=400 corpus=173643 stage=2 freeze=0
[dna] earth wrote 85 bytes to ecology
[dna] earth wrote 151 bytes to ecology
[dna] earth wrote 55 bytes to ecology
[dna] earth wrote 18 bytes to ecology
[dna] earth wrote 60 bytes to ecology
[dna] earth wrote 87 bytes to ecology
[dna] earth wrote 49 bytes to ecology
[dna] earth wrote 38 bytes to ecology
[dna] earth wrote 39 bytes to ecology
[dna] earth wrote 135 bytes to ecology
[dna] earth wrote 113 bytes to ecology
[dna] earth wrote 28 bytes to ecology
[dna] earth wrote 20 bytes to ecology
[dna] earth wrote 49 bytes to ecology
[dna] earth wrote 45 bytes to ecology
[dna] earth wrote 57 bytes to ecology
[debug-onto] tick=450 corpus=173643 stage=2 freeze=0
[dna] earth wrote 24 bytes to ecology
[dna] earth wrote 241 bytes to ecology
[dna] earth wrote 53 bytes to ecology
[dna] earth wrote 54 bytes to ecology
[dna] earth wrote 19 bytes to ecology
[dna] earth wrote 44 bytes to ecology
[dna] earth wrote 123 bytes to ecology
[dna] earth wrote 33 bytes to ecology
[dna] earth wrote 33 bytes to ecology
[dna] earth wrote 156 bytes to ecology
[dna] earth wrote 31 bytes to ecology
[dna] earth wrote 56 bytes to ecology
[dna] earth wrote 68 bytes to ecology
[dna] earth wrote 37 bytes to ecology
[dna] earth wrote 134 bytes to ecology
[dna] earth wrote 72 bytes to ecology
[dna] earth wrote 36 bytes to ecology
[debug-onto] tick=500 corpus=173643 stage=2 freeze=0
[dna] earth wrote 108 bytes to ecology
[dna] earth wrote 39 bytes to ecology
[dna] earth wrote 91 bytes to ecology
[dna] earth wrote 82 bytes to ecology
[dna] earth wrote 37 bytes to ecology
[dna] earth wrote 28 bytes to ecology
[dna] earth wrote 37 bytes to ecology
[dna] earth wrote 64 bytes to ecology
[dna] earth wrote 64 bytes to ecology
[dna] earth wrote 79 bytes to ecology
[dna] earth wrote 118 bytes to ecology
[dna] earth wrote 40 bytes to ecology
[dna] earth wrote 142 bytes to ecology
[dna] earth wrote 116 bytes to ecology
[dna] earth wrote 106 bytes to ecology
[dna] earth wrote 43 bytes to ecology
[dna] earth wrote 101 bytes to ecology
[debug-onto] tick=550 corpus=173643 stage=2 freeze=0
[dna] earth wrote 40 bytes to ecology
[dna] earth wrote 29 bytes to ecology
[dna] earth wrote 70 bytes to ecology
[dna] earth wrote 68 bytes to ecology
[dna] earth wrote 119 bytes to ecology
[dna] earth wrote 40 bytes to ecology
[dna] earth wrote 16 bytes to ecology
[dna] earth wrote 197 bytes to ecology
[dna] earth wrote 163 bytes to ecology
[dna] earth wrote 24 bytes to ecology
[dna] earth wrote 62 bytes to ecology
[dna] earth wrote 66 bytes to ecology
[dna] earth wrote 33 bytes to ecology
[dna] earth wrote 84 bytes to ecology
[dna] earth wrote 44 bytes to ecology
[dna] earth wrote 99 bytes to ecology
[debug-onto] tick=600 corpus=173643 stage=2 freeze=0
[dna] earth wrote 67 bytes to ecology
[dna] earth wrote 76 bytes to ecology
[dna] earth wrote 43 bytes to ecology
[dna] earth wrote 42 bytes to ecology
[dna] earth wrote 53 bytes to ecology
[dna] earth wrote 41 bytes to ecology
[dna] earth wrote 180 bytes to ecology
[dna] earth wrote 84 bytes to ecology
[dna] earth wrote 70 bytes to ecology
[dna] earth wrote 124 bytes to ecology
[dna] earth wrote 94 bytes to ecology
[dna] earth wrote 86 bytes to ecology
[dna] earth wrote 122 bytes to ecology
[dna] earth wrote 21 bytes to ecology
[dna] earth wrote 151 bytes to ecology
[dna] earth wrote 47 bytes to ecology
[dna] earth wrote 120 bytes to ecology
[debug-onto] tick=650 corpus=173643 stage=2 freeze=0
[dna] earth wrote 59 bytes to ecology
[dna] earth wrote 35 bytes to ecology
[dna] earth wrote 29 bytes to ecology
[dna] earth wrote 66 bytes to ecology
[dna] earth wrote 70 bytes to ecology
[dna] earth wrote 133 bytes to ecology

[evolution] Organism shutting down gracefully.
