[ecology] Element: fire → corpus: nonames_fire.txt
[evolution] Autonomous evolution mode — organism will grow through all stages without pause.
[ecology] Joined swarm. 1 peer(s) detected.
molequla is alive. [evolution] Autonomous mode — background trainer running. Ctrl+C to stop.
[dna] fire wrote 29 bytes to ecology
[dna] fire consumed 18650 bytes from 280 files: [water/gen_1778658735_1.txt water/gen_1778658747_2.txt water/gen_1778658753_4.txt water/gen_1778658762_7.txt water/gen_1778658765_8.txt water/gen_1778658771_10.txt water/gen_1778658780_13.txt water/gen_1778658783_14.txt water/gen_1778658789_16.txt water/gen_1778658798_19.txt water/gen_1778658801_20.txt water/gen_1778658807_22.txt water/gen_1778658816_25.txt water/gen_1778658819_26.txt water/gen_1778658825_28.txt water/gen_1778658834_31.txt water/gen_1778658837_32.txt water/gen_1778658843_34.txt water/gen_1778658852_37.txt water/gen_1778658855_38.txt water/gen_1778658861_40.txt water/gen_1778658870_43.txt water/gen_1778658873_44.txt water/gen_1778658879_46.txt water/gen_1778658887_49.txt water/gen_1778658890_50.txt water/gen_1778658896_52.txt water/gen_1778658905_55.txt water/gen_1778658908_56.txt water/gen_1778658914_58.txt water/gen_1778658923_61.txt water/gen_1778658926_62.txt water/gen_1778658932_64.txt water/gen_1778658941_67.txt water/gen_1778658944_68.txt water/gen_1778658950_70.txt water/gen_1778658959_73.txt water/gen_1778658968_76.txt water/gen_1778658977_79.txt water/gen_1778658980_80.txt water/gen_1778658986_82.txt water/gen_1778658995_85.txt water/gen_1778659004_88.txt water/gen_1778659013_91.txt water/gen_1778659016_92.txt water/gen_1778659021_94.txt water/gen_1778659030_97.txt water/gen_1778659033_98.txt water/gen_1778659039_100.txt water/gen_1778659048_103.txt water/gen_1778659051_104.txt water/gen_1778659057_106.txt water/gen_1778659066_109.txt water/gen_1778659075_112.txt water/gen_1778659084_115.txt water/gen_1778659087_116.txt water/gen_1778659093_118.txt water/gen_1778659102_121.txt water/gen_1778659105_122.txt water/gen_1778659111_124.txt water/gen_1778659120_127.txt water/gen_1778659123_128.txt water/gen_1778659129_130.txt water/gen_1778659138_133.txt water/gen_1778659141_134.txt water/gen_1778659147_136.txt water/gen_1778659156_139.txt water/gen_1778659165_142.txt water/gen_1778659174_145.txt water/gen_1778659177_146.txt water/gen_1778659183_148.txt water/gen_1778659192_151.txt water/gen_1778659195_152.txt water/gen_1778659201_154.txt water/gen_1778659210_157.txt water/gen_1778659219_160.txt water/gen_1778659229_163.txt water/gen_1778659238_166.txt water/gen_1778659247_169.txt water/gen_1778659256_172.txt water/gen_1778659265_175.txt water/gen_1778659274_178.txt water/gen_1778659283_181.txt water/gen_1778659286_182.txt water/gen_1778659292_184.txt water/gen_1778659301_187.txt water/gen_1778659304_188.txt water/gen_1778659310_190.txt water/gen_1778659319_193.txt water/gen_1778659328_196.txt water/gen_1778659337_199.txt water/gen_1778659340_200.txt water/gen_1778659346_202.txt water/gen_1778659355_205.txt water/gen_1778659358_206.txt water/gen_1778659365_208.txt water/gen_1778659374_211.txt water/gen_1778659377_212.txt water/gen_1778659383_214.txt water/gen_1778659392_217.txt water/gen_1778659395_218.txt water/gen_1778659401_220.txt water/gen_1778659410_223.txt water/gen_1778659413_224.txt water/gen_1778659419_226.txt water/gen_1778659428_229.txt water/gen_1778659431_230.txt water/gen_1778659437_232.txt water/gen_1778659446_235.txt water/gen_1778659449_236.txt water/gen_1778659455_238.txt water/gen_1778659464_241.txt water/gen_1778659467_242.txt water/gen_1778659473_244.txt water/gen_1778659482_247.txt water/gen_1778659485_248.txt water/gen_1778659491_250.txt water/gen_1778659500_253.txt water/gen_1778659503_254.txt water/gen_1778659509_256.txt water/gen_1778659518_259.txt water/gen_1778659521_260.txt water/gen_1778659527_262.txt water/gen_1778659536_265.txt water/gen_1778659539_266.txt water/gen_1778659545_268.txt water/gen_1778659554_271.txt water/gen_1778659557_272.txt water/gen_1778659563_274.txt water/gen_1778659572_277.txt water/gen_1778659575_278.txt water/gen_1778659580_280.txt water/gen_1778659589_283.txt water/gen_1778659592_284.txt water/gen_1778659598_286.txt water/gen_1778659607_289.txt water/gen_1778659610_290.txt water/gen_1778659616_292.txt water/gen_1778659625_295.txt water/gen_1778659628_296.txt water/gen_1778659634_298.txt water/gen_1778659643_301.txt water/gen_1778659646_302.txt water/gen_1778659652_304.txt water/gen_1778659661_307.txt water/gen_1778659664_308.txt water/gen_1778659670_310.txt water/gen_1778659679_313.txt water/gen_1778659688_316.txt water/gen_1778659697_319.txt water/gen_1778659700_320.txt water/gen_1778659706_322.txt water/gen_1778659715_325.txt water/gen_1778659718_326.txt water/gen_1778659724_328.txt water/gen_1778659733_331.txt water/gen_1778659736_332.txt water/gen_1778659741_334.txt water/gen_1778659750_337.txt water/gen_1778659759_340.txt water/gen_1778659768_343.txt water/gen_1778659771_344.txt water/gen_1778659777_346.txt water/gen_1778659786_349.txt water/gen_1778659789_350.txt water/gen_1778659795_352.txt water/gen_1778659804_355.txt water/gen_1778659807_356.txt water/gen_1778659813_358.txt water/gen_1778659822_361.txt water/gen_1778659825_362.txt water/gen_1778659831_364.txt water/gen_1778659840_367.txt water/gen_1778659843_368.txt water/gen_1778659849_370.txt water/gen_1778659858_373.txt water/gen_1778659861_374.txt water/gen_1778659866_376.txt water/gen_1778659875_379.txt water/gen_1778659878_380.txt water/gen_1778659884_382.txt water/gen_1778659893_385.txt water/gen_1778659902_388.txt water/gen_1778659911_391.txt water/gen_1778659920_394.txt water/gen_1778659929_397.txt water/gen_1778659932_398.txt water/gen_1778659938_400.txt water/gen_1778659947_403.txt water/gen_1778659950_404.txt water/gen_1778659956_406.txt water/gen_1778659965_409.txt water/gen_1778659968_410.txt water/gen_1778659974_412.txt water/gen_1778659983_415.txt water/gen_1778659986_416.txt water/gen_1778659992_418.txt water/gen_1778660001_421.txt water/gen_1778660004_422.txt water/gen_1778660010_424.txt water/gen_1778660019_427.txt water/gen_1778660022_428.txt water/gen_1778660028_430.txt water/gen_1778660037_433.txt water/gen_1778660040_434.txt water/gen_1778660046_436.txt water/gen_1778660055_439.txt water/gen_1778660058_440.txt water/gen_1778660064_442.txt water/gen_1778660076_446.txt water/gen_1778660081_448.txt water/gen_1778660090_451.txt water/gen_1778660093_452.txt water/gen_1778660099_454.txt water/gen_1778660108_457.txt water/gen_1778660111_458.txt water/gen_1778660117_460.txt water/gen_1778660126_463.txt water/gen_1778660129_464.txt water/gen_1778660135_466.txt water/gen_1778660144_469.txt water/gen_1778660147_470.txt water/gen_1778660153_472.txt water/gen_1778660162_475.txt water/gen_1778660165_476.txt water/gen_1778660171_478.txt water/gen_1778660180_481.txt water/gen_1778660183_482.txt water/gen_1778660189_484.txt water/gen_1778660198_487.txt water/gen_1778660201_488.txt water/gen_1778660207_490.txt water/gen_1778660216_493.txt water/gen_1778660219_494.txt water/gen_1778660225_496.txt water/gen_1778660234_499.txt water/gen_1778660237_500.txt water/gen_1778660243_502.txt water/gen_1778660252_505.txt water/gen_1778660255_506.txt water/gen_1778660261_508.txt water/gen_1778660270_511.txt water/gen_1778660273_512.txt water/gen_1778660279_514.txt water/gen_1778660288_517.txt water/gen_1778660291_518.txt water/gen_1778660297_520.txt water/gen_1778660306_523.txt water/gen_1778660315_526.txt water/gen_1778660324_529.txt water/gen_1778660327_530.txt water/gen_1778660333_532.txt water/gen_1778660342_535.txt water/gen_1778660345_536.txt water/gen_1778660351_538.txt water/gen_1778660360_541.txt water/gen_1778660363_542.txt water/gen_1778660369_544.txt water/gen_1778660378_547.txt water/gen_1778660381_548.txt water/gen_1778660387_550.txt water/gen_1778660396_553.txt water/gen_1778660399_554.txt water/gen_1778660405_556.txt water/gen_1778660414_559.txt water/gen_1778660417_560.txt water/gen_1778660423_562.txt water/gen_1778660432_565.txt water/gen_1778660441_568.txt water/gen_1778660459_574.txt water/gen_1778660468_577.txt water/gen_1778660477_580.txt water/gen_1778660486_583.txt water/gen_1778660489_584.txt water/gen_1778660495_586.txt water/gen_1778660504_589.txt water/gen_1778660507_590.txt water/gen_1778660513_592.txt water/gen_1778660522_595.txt water/gen_1778660525_596.txt]
[trainer] micro-train burst (18650 bytes, novelty 0.04) — and lo, it feeds again.
[syntropy] action=explore | trend=0.0000 | field_dev=-0.006 | purpose_align=-0.083 | lr_mul=1.30
[aml] burst complete: 32 steps, avg loss 1.5501 (memory freed)
[dna] fire wrote 77 bytes to ecology
[dna] fire wrote 28 bytes to ecology
[dna] fire wrote 84 bytes to ecology
[dna] fire wrote 81 bytes to ecology
[dna] fire wrote 168 bytes to ecology
[dna] fire wrote 44 bytes to ecology
[dna] fire wrote 103 bytes to ecology
[dna] fire wrote 56 bytes to ecology
[dna] fire wrote 43 bytes to ecology
[dna] fire wrote 84 bytes to ecology
[dna] fire wrote 114 bytes to ecology
[dna] fire wrote 41 bytes to ecology
[dna] fire wrote 152 bytes to ecology
[dna] fire wrote 11 bytes to ecology
[dna] fire wrote 43 bytes to ecology
[dna] fire wrote 110 bytes to ecology
[dna] fire wrote 36 bytes to ecology
[dna] fire wrote 78 bytes to ecology
[dna] fire wrote 58 bytes to ecology
[dna] fire wrote 11 bytes to ecology
[dna] fire wrote 75 bytes to ecology
[dna] fire wrote 120 bytes to ecology
[dna] fire wrote 59 bytes to ecology
[dna] fire wrote 66 bytes to ecology
[dna] fire wrote 41 bytes to ecology
[dna] fire wrote 89 bytes to ecology
[dna] fire wrote 31 bytes to ecology
[dna] fire wrote 47 bytes to ecology
[dna] fire wrote 91 bytes to ecology
[dna] fire wrote 64 bytes to ecology
[dna] fire wrote 42 bytes to ecology
[dna] fire wrote 72 bytes to ecology
[dna] fire wrote 14 bytes to ecology
[dna] fire wrote 15 bytes to ecology
[dna] fire wrote 143 bytes to ecology
[dna] fire wrote 67 bytes to ecology
[dna] fire wrote 72 bytes to ecology
[dna] fire wrote 50 bytes to ecology
[dna] fire wrote 19 bytes to ecology
[dna] fire wrote 23 bytes to ecology
[dna] fire wrote 59 bytes to ecology
[dna] fire wrote 82 bytes to ecology
[debug-onto] tick=50 corpus=140830 stage=2 freeze=0
[dna] fire wrote 73 bytes to ecology
[dna] fire wrote 67 bytes to ecology
[dna] fire wrote 53 bytes to ecology
[dna] fire wrote 30 bytes to ecology
[dna] fire wrote 160 bytes to ecology
[dna] fire wrote 12 bytes to ecology
[dna] fire wrote 18 bytes to ecology
[dna] fire wrote 41 bytes to ecology
[dna] fire wrote 140 bytes to ecology
[dna] fire wrote 67 bytes to ecology
[dna] fire wrote 58 bytes to ecology
[dna] fire wrote 131 bytes to ecology
[dna] fire wrote 118 bytes to ecology
[dna] fire wrote 53 bytes to ecology
[dna] fire wrote 155 bytes to ecology
[dna] fire wrote 151 bytes to ecology
[dna] fire wrote 35 bytes to ecology
[dna] fire wrote 17 bytes to ecology
[dna] fire wrote 52 bytes to ecology
[dna] fire wrote 12 bytes to ecology
[dna] fire wrote 41 bytes to ecology
[dna] fire wrote 122 bytes to ecology
[dna] fire wrote 130 bytes to ecology
[dna] fire wrote 103 bytes to ecology
[dna] fire wrote 80 bytes to ecology
[dna] fire wrote 76 bytes to ecology
[dna] fire wrote 42 bytes to ecology
[dna] fire wrote 150 bytes to ecology
[dna] fire wrote 100 bytes to ecology
[dna] fire wrote 9 bytes to ecology
[dna] fire wrote 27 bytes to ecology
[dna] fire wrote 77 bytes to ecology
[dna] fire wrote 152 bytes to ecology
[dna] fire wrote 9 bytes to ecology
[dna] fire wrote 145 bytes to ecology
[dna] fire wrote 14 bytes to ecology
[dna] fire wrote 102 bytes to ecology
[dna] fire wrote 120 bytes to ecology
[dna] fire wrote 17 bytes to ecology
[dna] fire wrote 12 bytes to ecology
[debug-onto] tick=100 corpus=140830 stage=2 freeze=0
[dna] fire wrote 11 bytes to ecology
[dna] fire wrote 19 bytes to ecology
[dna] fire wrote 45 bytes to ecology
[dna] fire wrote 66 bytes to ecology
[dna] fire wrote 71 bytes to ecology
[dna] fire wrote 123 bytes to ecology
[dna] fire wrote 42 bytes to ecology
[dna] fire wrote 33 bytes to ecology
[dna] fire wrote 75 bytes to ecology
[dna] fire wrote 125 bytes to ecology
[dna] fire wrote 59 bytes to ecology
[dna] fire wrote 24 bytes to ecology
[dna] fire wrote 142 bytes to ecology
[dna] fire wrote 29 bytes to ecology
[dna] fire wrote 31 bytes to ecology
[dna] fire wrote 67 bytes to ecology
[dna] fire wrote 39 bytes to ecology
[dna] fire wrote 52 bytes to ecology
[dna] fire wrote 34 bytes to ecology
[dna] fire wrote 177 bytes to ecology
[dna] fire wrote 133 bytes to ecology
[dna] fire wrote 21 bytes to ecology
[dna] fire wrote 116 bytes to ecology
[dna] fire wrote 29 bytes to ecology
[dna] fire wrote 10 bytes to ecology
[dna] fire wrote 85 bytes to ecology
[dna] fire wrote 131 bytes to ecology
[dna] fire wrote 53 bytes to ecology
[dna] fire wrote 43 bytes to ecology
[dna] fire wrote 10 bytes to ecology
[dna] fire wrote 45 bytes to ecology
[dna] fire wrote 279 bytes to ecology
[dna] fire wrote 53 bytes to ecology
[dna] fire wrote 84 bytes to ecology
[dna] fire wrote 32 bytes to ecology
[dna] fire wrote 46 bytes to ecology
[dna] fire wrote 31 bytes to ecology
[dna] fire wrote 61 bytes to ecology
[dna] fire wrote 43 bytes to ecology
[dna] fire wrote 36 bytes to ecology
[dna] fire wrote 104 bytes to ecology
[dna] fire wrote 39 bytes to ecology
[debug-onto] tick=150 corpus=140830 stage=2 freeze=0
[dna] fire wrote 80 bytes to ecology
[dna] fire wrote 50 bytes to ecology
[dna] fire wrote 28 bytes to ecology
[dna] fire wrote 21 bytes to ecology
[dna] fire wrote 12 bytes to ecology
[dna] fire wrote 104 bytes to ecology
[dna] fire wrote 51 bytes to ecology
[dna] fire wrote 123 bytes to ecology
[dna] fire wrote 71 bytes to ecology
[dna] fire wrote 21 bytes to ecology
[dna] fire wrote 43 bytes to ecology
[dna] fire wrote 26 bytes to ecology
[dna] fire wrote 7 bytes to ecology
[dna] fire wrote 32 bytes to ecology
[dna] fire wrote 66 bytes to ecology
[dna] fire wrote 40 bytes to ecology
[dna] fire wrote 36 bytes to ecology
[dna] fire wrote 29 bytes to ecology
[dna] fire wrote 57 bytes to ecology
[dna] fire wrote 33 bytes to ecology
[dna] fire wrote 36 bytes to ecology
[dna] fire wrote 24 bytes to ecology
[dna] fire wrote 18 bytes to ecology
[dna] fire wrote 76 bytes to ecology
[dna] fire wrote 127 bytes to ecology
[dna] fire wrote 22 bytes to ecology
[dna] fire wrote 103 bytes to ecology
[dna] fire wrote 36 bytes to ecology
[dna] fire wrote 34 bytes to ecology
[dna] fire wrote 26 bytes to ecology
[dna] fire wrote 66 bytes to ecology
[dna] fire wrote 92 bytes to ecology
[dna] fire wrote 30 bytes to ecology
[dna] fire wrote 39 bytes to ecology
[dna] fire wrote 29 bytes to ecology
[dna] fire wrote 75 bytes to ecology
[dna] fire wrote 20 bytes to ecology
[dna] fire wrote 55 bytes to ecology
[dna] fire wrote 89 bytes to ecology
[debug-onto] tick=200 corpus=140830 stage=2 freeze=0
[dna] fire wrote 32 bytes to ecology
[dna] fire wrote 133 bytes to ecology
[dna] fire wrote 41 bytes to ecology
[dna] fire wrote 24 bytes to ecology
[dna] fire wrote 77 bytes to ecology
[dna] fire wrote 131 bytes to ecology
[dna] fire wrote 41 bytes to ecology
[dna] fire wrote 89 bytes to ecology
[dna] fire wrote 6 bytes to ecology
[dna] fire wrote 32 bytes to ecology
[dna] fire wrote 47 bytes to ecology
[dna] fire wrote 18 bytes to ecology
[dna] fire wrote 154 bytes to ecology
[dna] fire wrote 111 bytes to ecology
[dna] fire wrote 97 bytes to ecology
[dna] fire wrote 21 bytes to ecology
[dna] fire wrote 19 bytes to ecology
[dna] fire wrote 112 bytes to ecology
[dna] fire wrote 44 bytes to ecology
[dna] fire wrote 81 bytes to ecology
[dna] fire wrote 53 bytes to ecology
[dna] fire wrote 79 bytes to ecology
[dna] fire wrote 12 bytes to ecology
[dna] fire wrote 73 bytes to ecology
[dna] fire wrote 64 bytes to ecology
[dna] fire wrote 109 bytes to ecology
[dna] fire wrote 22 bytes to ecology
[dna] fire wrote 53 bytes to ecology
[dna] fire wrote 27 bytes to ecology
[dna] fire wrote 43 bytes to ecology
[dna] fire wrote 58 bytes to ecology
[dna] fire wrote 56 bytes to ecology
[dna] fire wrote 30 bytes to ecology
[dna] fire wrote 25 bytes to ecology
[dna] fire wrote 17 bytes to ecology
[dna] fire wrote 27 bytes to ecology
[dna] fire wrote 17 bytes to ecology
[dna] fire wrote 42 bytes to ecology
[dna] fire wrote 98 bytes to ecology
[dna] fire wrote 70 bytes to ecology
[dna] fire wrote 72 bytes to ecology
[debug-onto] tick=250 corpus=140830 stage=2 freeze=0
[dna] fire wrote 75 bytes to ecology
[dna] fire wrote 58 bytes to ecology
[dna] fire wrote 41 bytes to ecology
[dna] fire wrote 116 bytes to ecology
[dna] fire wrote 42 bytes to ecology
[dna] fire wrote 45 bytes to ecology
[dna] fire wrote 79 bytes to ecology
[dna] fire wrote 46 bytes to ecology
[dna] fire wrote 82 bytes to ecology
[dna] fire wrote 32 bytes to ecology
[dna] fire wrote 59 bytes to ecology
[dna] fire wrote 35 bytes to ecology
[dna] fire wrote 101 bytes to ecology
[dna] fire wrote 80 bytes to ecology
[dna] fire wrote 122 bytes to ecology
[dna] fire wrote 26 bytes to ecology
[dna] fire wrote 28 bytes to ecology
[dna] fire wrote 38 bytes to ecology
[dna] fire wrote 76 bytes to ecology
[dna] fire wrote 31 bytes to ecology
[dna] fire wrote 17 bytes to ecology
[dna] fire wrote 32 bytes to ecology
[dna] fire wrote 18 bytes to ecology
[dna] fire wrote 69 bytes to ecology
[dna] fire wrote 27 bytes to ecology
[dna] fire wrote 50 bytes to ecology
[dna] fire wrote 26 bytes to ecology
[dna] fire wrote 34 bytes to ecology
[dna] fire wrote 37 bytes to ecology
[dna] fire wrote 70 bytes to ecology
[dna] fire wrote 19 bytes to ecology
[dna] fire wrote 24 bytes to ecology
[dna] fire wrote 22 bytes to ecology
[dna] fire wrote 155 bytes to ecology
[dna] fire wrote 48 bytes to ecology
[dna] fire wrote 16 bytes to ecology
[dna] fire wrote 35 bytes to ecology
[dna] fire wrote 72 bytes to ecology
[dna] fire wrote 73 bytes to ecology
[dna] fire wrote 32 bytes to ecology
[dna] fire wrote 73 bytes to ecology
[debug-onto] tick=300 corpus=140830 stage=2 freeze=0
[dna] fire wrote 43 bytes to ecology
[dna] fire wrote 58 bytes to ecology
[dna] fire wrote 46 bytes to ecology
[dna] fire wrote 33 bytes to ecology
[dna] fire wrote 98 bytes to ecology
[dna] fire wrote 55 bytes to ecology
[dna] fire wrote 114 bytes to ecology
[dna] fire wrote 29 bytes to ecology
[dna] fire wrote 19 bytes to ecology
[dna] fire wrote 98 bytes to ecology
[dna] fire wrote 107 bytes to ecology
[dna] fire wrote 96 bytes to ecology
[dna] fire wrote 18 bytes to ecology
[dna] fire wrote 42 bytes to ecology
[dna] fire wrote 18 bytes to ecology
[dna] fire wrote 33 bytes to ecology
[dna] fire wrote 29 bytes to ecology
[dna] fire wrote 38 bytes to ecology
[dna] fire wrote 13 bytes to ecology
[dna] fire wrote 25 bytes to ecology
[dna] fire wrote 81 bytes to ecology
[dna] fire wrote 40 bytes to ecology
[dna] fire wrote 135 bytes to ecology
[dna] fire wrote 35 bytes to ecology
[dna] fire wrote 97 bytes to ecology
[dna] fire wrote 37 bytes to ecology
[dna] fire wrote 80 bytes to ecology
[dna] fire wrote 21 bytes to ecology
[dna] fire wrote 145 bytes to ecology
[dna] fire wrote 54 bytes to ecology
[dna] fire wrote 26 bytes to ecology
[dna] fire wrote 95 bytes to ecology
[dna] fire wrote 64 bytes to ecology
[dna] fire wrote 73 bytes to ecology
[dna] fire wrote 37 bytes to ecology
[dna] fire wrote 15 bytes to ecology
[dna] fire wrote 40 bytes to ecology
[dna] fire wrote 46 bytes to ecology
[debug-onto] tick=350 corpus=140830 stage=2 freeze=0
[dna] fire wrote 63 bytes to ecology
[dna] fire wrote 10 bytes to ecology
[dna] fire wrote 58 bytes to ecology
[dna] fire wrote 18 bytes to ecology
[dna] fire wrote 20 bytes to ecology
[dna] fire wrote 66 bytes to ecology
[dna] fire wrote 56 bytes to ecology
[dna] fire wrote 30 bytes to ecology
[dna] fire wrote 150 bytes to ecology
[dna] fire wrote 50 bytes to ecology
[dna] fire wrote 69 bytes to ecology
[dna] fire wrote 69 bytes to ecology
[dna] fire wrote 41 bytes to ecology
[dna] fire wrote 45 bytes to ecology
[dna] fire wrote 47 bytes to ecology
[dna] fire wrote 59 bytes to ecology
[dna] fire wrote 129 bytes to ecology
[dna] fire wrote 32 bytes to ecology
[dna] fire wrote 140 bytes to ecology
[dna] fire wrote 35 bytes to ecology
[dna] fire wrote 60 bytes to ecology
[dna] fire wrote 80 bytes to ecology
[dna] fire wrote 22 bytes to ecology
[dna] fire wrote 43 bytes to ecology
[dna] fire wrote 28 bytes to ecology
[dna] fire wrote 61 bytes to ecology
[dna] fire wrote 48 bytes to ecology
[dna] fire wrote 84 bytes to ecology
[dna] fire wrote 26 bytes to ecology
[dna] fire wrote 260 bytes to ecology
[dna] fire wrote 36 bytes to ecology
[dna] fire wrote 23 bytes to ecology
[dna] fire wrote 98 bytes to ecology
[dna] fire wrote 30 bytes to ecology
[dna] fire wrote 65 bytes to ecology
[dna] fire wrote 12 bytes to ecology
[dna] fire wrote 85 bytes to ecology
[dna] fire wrote 73 bytes to ecology
[dna] fire wrote 115 bytes to ecology
[dna] fire wrote 51 bytes to ecology
[debug-onto] tick=400 corpus=140830 stage=2 freeze=0
[dna] fire wrote 60 bytes to ecology
[dna] fire wrote 89 bytes to ecology
[dna] fire wrote 75 bytes to ecology
[dna] fire wrote 20 bytes to ecology
[dna] fire wrote 81 bytes to ecology
[dna] fire wrote 21 bytes to ecology
[dna] fire wrote 31 bytes to ecology
[dna] fire wrote 5 bytes to ecology
[dna] fire wrote 94 bytes to ecology
[dna] fire wrote 43 bytes to ecology
[dna] fire wrote 27 bytes to ecology
[dna] fire wrote 31 bytes to ecology
[dna] fire wrote 132 bytes to ecology
[dna] fire wrote 109 bytes to ecology
[dna] fire wrote 34 bytes to ecology
[dna] fire wrote 7 bytes to ecology
[dna] fire wrote 18 bytes to ecology
[dna] fire wrote 75 bytes to ecology
[dna] fire wrote 74 bytes to ecology
[dna] fire wrote 58 bytes to ecology
[dna] fire wrote 40 bytes to ecology
[dna] fire wrote 161 bytes to ecology
[dna] fire wrote 81 bytes to ecology
[dna] fire wrote 33 bytes to ecology
[dna] fire wrote 132 bytes to ecology
[dna] fire wrote 34 bytes to ecology
[dna] fire wrote 21 bytes to ecology
[dna] fire wrote 50 bytes to ecology
[dna] fire wrote 76 bytes to ecology
[dna] fire wrote 159 bytes to ecology
[dna] fire wrote 23 bytes to ecology
[dna] fire wrote 110 bytes to ecology
[dna] fire wrote 115 bytes to ecology
[dna] fire wrote 72 bytes to ecology
[dna] fire wrote 70 bytes to ecology
[dna] fire wrote 12 bytes to ecology
[dna] fire wrote 135 bytes to ecology
[dna] fire wrote 49 bytes to ecology
[dna] fire wrote 27 bytes to ecology
[dna] fire wrote 95 bytes to ecology
[dna] fire wrote 78 bytes to ecology
[dna] fire wrote 72 bytes to ecology
[debug-onto] tick=450 corpus=140830 stage=2 freeze=0
[dna] fire wrote 93 bytes to ecology
[dna] fire wrote 73 bytes to ecology
[dna] fire wrote 54 bytes to ecology
[dna] fire wrote 36 bytes to ecology
[dna] fire wrote 26 bytes to ecology
[dna] fire wrote 50 bytes to ecology
[dna] fire wrote 26 bytes to ecology
[dna] fire wrote 53 bytes to ecology
[dna] fire wrote 7 bytes to ecology
[dna] fire wrote 42 bytes to ecology
[dna] fire wrote 33 bytes to ecology
[dna] fire wrote 17 bytes to ecology
[dna] fire wrote 25 bytes to ecology
[dna] fire wrote 88 bytes to ecology
[dna] fire wrote 17 bytes to ecology
[dna] fire wrote 67 bytes to ecology
[dna] fire wrote 179 bytes to ecology
[dna] fire wrote 35 bytes to ecology
[dna] fire wrote 84 bytes to ecology
[dna] fire wrote 60 bytes to ecology
[dna] fire wrote 172 bytes to ecology
[dna] fire wrote 91 bytes to ecology
[dna] fire wrote 80 bytes to ecology
[dna] fire wrote 24 bytes to ecology
[dna] fire wrote 102 bytes to ecology
[dna] fire wrote 33 bytes to ecology
[dna] fire wrote 40 bytes to ecology
[dna] fire wrote 59 bytes to ecology
[dna] fire wrote 27 bytes to ecology
[dna] fire wrote 61 bytes to ecology
[dna] fire wrote 35 bytes to ecology
[dna] fire wrote 168 bytes to ecology
[dna] fire wrote 16 bytes to ecology
[dna] fire wrote 9 bytes to ecology
[dna] fire wrote 95 bytes to ecology
[dna] fire wrote 141 bytes to ecology
[dna] fire wrote 128 bytes to ecology
[dna] fire wrote 68 bytes to ecology
[dna] fire wrote 28 bytes to ecology
[dna] fire wrote 53 bytes to ecology
[dna] fire wrote 104 bytes to ecology
[debug-onto] tick=500 corpus=140830 stage=2 freeze=0
[dna] fire wrote 14 bytes to ecology
[dna] fire wrote 69 bytes to ecology
[dna] fire wrote 63 bytes to ecology
[dna] fire wrote 88 bytes to ecology
[dna] fire wrote 46 bytes to ecology
[dna] fire wrote 152 bytes to ecology
[dna] fire wrote 91 bytes to ecology
[dna] fire wrote 27 bytes to ecology
[dna] fire wrote 101 bytes to ecology
[dna] fire wrote 67 bytes to ecology
[dna] fire wrote 16 bytes to ecology
[dna] fire wrote 95 bytes to ecology
[dna] fire wrote 131 bytes to ecology
[dna] fire wrote 21 bytes to ecology
[dna] fire wrote 35 bytes to ecology
[dna] fire wrote 29 bytes to ecology
[dna] fire wrote 34 bytes to ecology
[dna] fire wrote 28 bytes to ecology
[dna] fire wrote 61 bytes to ecology
[dna] fire wrote 60 bytes to ecology
[dna] fire wrote 163 bytes to ecology
[dna] fire wrote 76 bytes to ecology
[dna] fire wrote 106 bytes to ecology
[dna] fire wrote 25 bytes to ecology
[dna] fire wrote 95 bytes to ecology
[dna] fire wrote 22 bytes to ecology
[dna] fire wrote 37 bytes to ecology
[dna] fire wrote 65 bytes to ecology
[dna] fire wrote 192 bytes to ecology
[dna] fire wrote 38 bytes to ecology
[dna] fire wrote 23 bytes to ecology
[dna] fire wrote 54 bytes to ecology
[dna] fire wrote 93 bytes to ecology
[dna] fire wrote 123 bytes to ecology
[dna] fire wrote 45 bytes to ecology
[dna] fire wrote 50 bytes to ecology
[dna] fire wrote 191 bytes to ecology
[dna] fire wrote 29 bytes to ecology
[dna] fire wrote 33 bytes to ecology
[debug-onto] tick=550 corpus=140830 stage=2 freeze=0
[dna] fire wrote 61 bytes to ecology
[dna] fire wrote 60 bytes to ecology
[dna] fire wrote 26 bytes to ecology
[dna] fire wrote 134 bytes to ecology
[dna] fire wrote 12 bytes to ecology
[dna] fire wrote 32 bytes to ecology
[dna] fire wrote 62 bytes to ecology
[dna] fire wrote 13 bytes to ecology
[dna] fire wrote 56 bytes to ecology
[dna] fire wrote 145 bytes to ecology
[dna] fire wrote 59 bytes to ecology
[dna] fire wrote 33 bytes to ecology
[dna] fire wrote 111 bytes to ecology
[dna] fire wrote 29 bytes to ecology
[dna] fire wrote 124 bytes to ecology
[dna] fire wrote 38 bytes to ecology
[dna] fire wrote 119 bytes to ecology
[dna] fire wrote 70 bytes to ecology
[dna] fire wrote 100 bytes to ecology
[dna] fire wrote 135 bytes to ecology
[dna] fire wrote 11 bytes to ecology
[dna] fire wrote 31 bytes to ecology
[dna] fire wrote 71 bytes to ecology
[dna] fire wrote 88 bytes to ecology
[dna] fire wrote 29 bytes to ecology
[dna] fire wrote 8 bytes to ecology
[dna] fire wrote 48 bytes to ecology
[dna] fire wrote 62 bytes to ecology
[dna] fire wrote 39 bytes to ecology
[dna] fire wrote 108 bytes to ecology
[dna] fire wrote 53 bytes to ecology
[dna] fire wrote 8 bytes to ecology
[dna] fire wrote 55 bytes to ecology
[dna] fire wrote 52 bytes to ecology
[dna] fire wrote 19 bytes to ecology
[dna] fire wrote 77 bytes to ecology
[dna] fire wrote 33 bytes to ecology
[dna] fire wrote 83 bytes to ecology
[dna] fire wrote 17 bytes to ecology
[dna] fire wrote 9 bytes to ecology
[dna] fire wrote 10 bytes to ecology
[debug-onto] tick=600 corpus=140830 stage=2 freeze=0
[dna] fire wrote 72 bytes to ecology
[dna] fire wrote 28 bytes to ecology
[dna] fire wrote 14 bytes to ecology
[dna] fire wrote 150 bytes to ecology
[dna] fire wrote 169 bytes to ecology
[dna] fire wrote 111 bytes to ecology
[dna] fire wrote 137 bytes to ecology
[dna] fire wrote 83 bytes to ecology
[dna] fire wrote 16 bytes to ecology
[dna] fire wrote 38 bytes to ecology
[dna] fire wrote 74 bytes to ecology
[dna] fire wrote 40 bytes to ecology
[dna] fire wrote 45 bytes to ecology
[dna] fire wrote 34 bytes to ecology
[dna] fire wrote 35 bytes to ecology
[dna] fire wrote 16 bytes to ecology
[dna] fire wrote 72 bytes to ecology
[dna] fire wrote 67 bytes to ecology
[dna] fire wrote 5 bytes to ecology
[dna] fire wrote 25 bytes to ecology
[dna] fire wrote 134 bytes to ecology
[dna] fire wrote 120 bytes to ecology
[dna] fire wrote 66 bytes to ecology
[dna] fire wrote 75 bytes to ecology
[dna] fire wrote 63 bytes to ecology
[dna] fire wrote 13 bytes to ecology
[dna] fire wrote 10 bytes to ecology

[evolution] Organism shutting down gracefully.
