[ecology] Element: water → corpus: nonames_water.txt
[evolution] Autonomous evolution mode — organism will grow through all stages without pause.
[ecology] Joined swarm. 1 peer(s) detected.
molequla is alive. [evolution] Autonomous mode — background trainer running. Ctrl+C to stop.
[dna] water wrote 133 bytes to ecology
[dna] water consumed 18527 bytes from 250 files: [air/gen_1778656935_1.txt air/gen_1778656952_4.txt air/gen_1778656960_7.txt air/gen_1778656968_10.txt air/gen_1778656976_13.txt air/gen_1778656984_16.txt air/gen_1778656991_19.txt air/gen_1778656999_22.txt air/gen_1778657007_25.txt air/gen_1778657015_28.txt air/gen_1778657023_31.txt air/gen_1778657031_34.txt air/gen_1778657034_35.txt air/gen_1778657040_37.txt air/gen_1778657048_40.txt air/gen_1778657056_43.txt air/gen_1778657064_46.txt air/gen_1778657072_49.txt air/gen_1778657080_52.txt air/gen_1778657088_55.txt air/gen_1778657096_58.txt air/gen_1778657104_61.txt air/gen_1778657112_64.txt air/gen_1778657120_67.txt air/gen_1778657136_73.txt air/gen_1778657143_76.txt air/gen_1778657151_79.txt air/gen_1778657159_82.txt air/gen_1778657162_83.txt air/gen_1778657167_85.txt air/gen_1778657175_88.txt air/gen_1778657183_91.txt air/gen_1778657191_94.txt air/gen_1778657199_97.txt air/gen_1778657207_100.txt air/gen_1778657215_103.txt air/gen_1778657223_106.txt air/gen_1778657226_107.txt air/gen_1778657231_109.txt air/gen_1778657239_112.txt air/gen_1778657247_115.txt air/gen_1778657255_118.txt air/gen_1778657263_121.txt air/gen_1778657271_124.txt air/gen_1778657279_127.txt air/gen_1778657287_130.txt air/gen_1778657294_133.txt air/gen_1778657302_136.txt air/gen_1778657310_139.txt air/gen_1778657318_142.txt air/gen_1778657326_145.txt air/gen_1778657333_148.txt air/gen_1778657342_151.txt air/gen_1778657350_154.txt air/gen_1778657355_156.txt air/gen_1778657358_157.txt air/gen_1778657366_160.txt air/gen_1778657373_163.txt air/gen_1778657381_166.txt air/gen_1778657389_169.txt air/gen_1778657397_172.txt air/gen_1778657405_175.txt air/gen_1778657413_178.txt air/gen_1778657422_181.txt air/gen_1778657430_184.txt air/gen_1778657438_187.txt air/gen_1778657446_190.txt air/gen_1778657454_193.txt air/gen_1778657462_196.txt air/gen_1778657471_199.txt air/gen_1778657479_202.txt air/gen_1778657484_204.txt air/gen_1778657487_205.txt air/gen_1778657495_208.txt air/gen_1778657503_211.txt air/gen_1778657511_214.txt air/gen_1778657519_217.txt air/gen_1778657527_220.txt air/gen_1778657530_221.txt air/gen_1778657535_223.txt air/gen_1778657543_226.txt air/gen_1778657551_229.txt air/gen_1778657559_232.txt air/gen_1778657562_233.txt air/gen_1778657568_235.txt air/gen_1778657576_238.txt air/gen_1778657584_241.txt air/gen_1778657592_244.txt air/gen_1778657600_247.txt air/gen_1778657608_250.txt air/gen_1778657616_253.txt air/gen_1778657624_256.txt air/gen_1778657632_259.txt air/gen_1778657641_262.txt air/gen_1778657649_265.txt air/gen_1778657657_268.txt air/gen_1778657659_269.txt air/gen_1778657662_270.txt air/gen_1778657665_271.txt air/gen_1778657673_274.txt air/gen_1778657681_277.txt air/gen_1778657689_280.txt air/gen_1778657697_283.txt air/gen_1778657705_286.txt air/gen_1778657713_289.txt air/gen_1778657721_292.txt air/gen_1778657729_295.txt air/gen_1778657737_298.txt air/gen_1778657742_300.txt air/gen_1778657745_301.txt air/gen_1778657753_304.txt air/gen_1778657761_307.txt air/gen_1778657769_310.txt air/gen_1778657777_313.txt air/gen_1778657785_316.txt air/gen_1778657788_317.txt air/gen_1778657793_319.txt air/gen_1778657801_322.txt air/gen_1778657809_325.txt air/gen_1778657817_328.txt air/gen_1778657825_331.txt air/gen_1778657833_334.txt air/gen_1778657841_337.txt air/gen_1778657849_340.txt air/gen_1778657857_343.txt air/gen_1778657865_346.txt air/gen_1778657873_349.txt air/gen_1778657882_352.txt air/gen_1778657890_355.txt air/gen_1778657898_358.txt air/gen_1778657906_361.txt air/gen_1778657914_364.txt air/gen_1778657917_365.txt air/gen_1778657922_367.txt air/gen_1778657931_370.txt air/gen_1778657939_373.txt air/gen_1778657947_376.txt air/gen_1778657955_379.txt air/gen_1778657963_382.txt air/gen_1778657971_385.txt air/gen_1778657979_388.txt air/gen_1778657982_389.txt air/gen_1778657987_391.txt air/gen_1778657995_394.txt air/gen_1778658001_396.txt air/gen_1778658003_397.txt air/gen_1778658011_400.txt air/gen_1778658019_403.txt air/gen_1778658027_406.txt air/gen_1778658030_407.txt air/gen_1778658035_409.txt air/gen_1778658044_412.txt air/gen_1778658052_415.txt air/gen_1778658060_418.txt air/gen_1778658068_421.txt air/gen_1778658076_424.txt air/gen_1778658081_426.txt air/gen_1778658084_427.txt air/gen_1778658092_430.txt air/gen_1778658100_433.txt air/gen_1778658108_436.txt air/gen_1778658116_439.txt air/gen_1778658124_442.txt air/gen_1778658132_445.txt air/gen_1778658140_448.txt air/gen_1778658143_449.txt air/gen_1778658148_451.txt air/gen_1778658156_454.txt air/gen_1778658162_456.txt air/gen_1778658164_457.txt air/gen_1778658172_460.txt air/gen_1778658180_463.txt air/gen_1778658188_466.txt air/gen_1778658196_469.txt air/gen_1778658204_472.txt air/gen_1778658213_475.txt air/gen_1778658221_478.txt air/gen_1778658223_479.txt air/gen_1778658229_481.txt air/gen_1778658237_484.txt air/gen_1778658245_487.txt air/gen_1778658253_490.txt air/gen_1778658258_492.txt air/gen_1778658261_493.txt air/gen_1778658269_496.txt air/gen_1778658272_497.txt air/gen_1778658277_499.txt air/gen_1778658286_502.txt air/gen_1778658294_505.txt air/gen_1778658302_508.txt air/gen_1778658310_511.txt air/gen_1778658318_514.txt air/gen_1778658327_517.txt air/gen_1778658335_520.txt air/gen_1778658343_523.txt air/gen_1778658351_526.txt air/gen_1778658359_529.txt air/gen_1778658367_532.txt air/gen_1778658370_533.txt air/gen_1778658376_535.txt air/gen_1778658392_541.txt air/gen_1778658400_544.txt air/gen_1778658408_547.txt air/gen_1778658416_550.txt air/gen_1778658424_553.txt air/gen_1778658433_556.txt air/gen_1778658441_559.txt air/gen_1778658449_562.txt air/gen_1778658457_565.txt air/gen_1778658465_568.txt air/gen_1778658473_571.txt air/gen_1778658481_574.txt air/gen_1778658484_575.txt air/gen_1778658489_577.txt air/gen_1778658497_580.txt air/gen_1778658506_583.txt air/gen_1778658514_586.txt air/gen_1778658522_589.txt air/gen_1778658530_592.txt air/gen_1778658533_593.txt air/gen_1778658539_595.txt air/gen_1778658547_598.txt air/gen_1778658555_601.txt air/gen_1778658563_604.txt air/gen_1778658568_606.txt air/gen_1778658571_607.txt air/gen_1778658579_610.txt air/gen_1778658582_611.txt air/gen_1778658584_612.txt air/gen_1778658587_613.txt air/gen_1778658595_616.txt air/gen_1778658603_619.txt air/gen_1778658611_622.txt air/gen_1778658619_625.txt air/gen_1778658627_628.txt air/gen_1778658630_629.txt air/gen_1778658636_631.txt air/gen_1778658644_634.txt air/gen_1778658652_637.txt air/gen_1778658660_640.txt air/gen_1778658665_642.txt air/gen_1778658668_643.txt air/gen_1778658676_646.txt air/gen_1778658679_647.txt air/gen_1778658684_649.txt air/gen_1778658693_652.txt air/gen_1778658701_655.txt air/gen_1778658709_658.txt air/gen_1778658717_661.txt air/gen_1778658725_664.txt]
[trainer] micro-train burst (18527 bytes, novelty 0.03) — and lo, it feeds again.
[syntropy] action=explore | trend=0.0000 | field_dev=-0.067 | purpose_align=-0.078 | lr_mul=1.30
[aml] burst complete: 32 steps, avg loss 1.5205 (memory freed)
[dna] water wrote 45 bytes to ecology
[dna] water wrote 71 bytes to ecology
[dna] water wrote 85 bytes to ecology
[dna] water wrote 47 bytes to ecology
[dna] water wrote 42 bytes to ecology
[dna] water wrote 35 bytes to ecology
[dna] water wrote 105 bytes to ecology
[dna] water wrote 30 bytes to ecology
[dna] water wrote 64 bytes to ecology
[dna] water wrote 21 bytes to ecology
[dna] water wrote 81 bytes to ecology
[dna] water wrote 57 bytes to ecology
[dna] water wrote 58 bytes to ecology
[dna] water wrote 88 bytes to ecology
[dna] water wrote 28 bytes to ecology
[dna] water wrote 111 bytes to ecology
[dna] water wrote 112 bytes to ecology
[dna] water wrote 48 bytes to ecology
[dna] water wrote 29 bytes to ecology
[dna] water wrote 39 bytes to ecology
[dna] water wrote 21 bytes to ecology
[dna] water wrote 38 bytes to ecology
[dna] water wrote 77 bytes to ecology
[dna] water wrote 105 bytes to ecology
[dna] water wrote 63 bytes to ecology
[debug-onto] tick=50 corpus=144474 stage=2 freeze=0
[dna] water wrote 32 bytes to ecology
[dna] water wrote 22 bytes to ecology
[dna] water wrote 91 bytes to ecology
[dna] water wrote 42 bytes to ecology
[dna] water wrote 58 bytes to ecology
[dna] water wrote 37 bytes to ecology
[dna] water wrote 60 bytes to ecology
[dna] water wrote 33 bytes to ecology
[dna] water wrote 33 bytes to ecology
[dna] water wrote 35 bytes to ecology
[dna] water wrote 27 bytes to ecology
[dna] water wrote 105 bytes to ecology
[dna] water wrote 33 bytes to ecology
[dna] water wrote 10 bytes to ecology
[dna] water wrote 26 bytes to ecology
[dna] water wrote 29 bytes to ecology
[dna] water wrote 58 bytes to ecology
[dna] water wrote 30 bytes to ecology
[dna] water wrote 65 bytes to ecology
[dna] water wrote 72 bytes to ecology
[dna] water wrote 22 bytes to ecology
[dna] water wrote 103 bytes to ecology
[dna] water wrote 73 bytes to ecology
[debug-onto] tick=100 corpus=144474 stage=2 freeze=0
[dna] water wrote 111 bytes to ecology
[dna] water wrote 53 bytes to ecology
[dna] water wrote 64 bytes to ecology
[dna] water wrote 51 bytes to ecology
[dna] water wrote 84 bytes to ecology
[dna] water wrote 35 bytes to ecology
[dna] water wrote 26 bytes to ecology
[dna] water wrote 22 bytes to ecology
[dna] water wrote 112 bytes to ecology
[dna] water wrote 24 bytes to ecology
[dna] water wrote 54 bytes to ecology
[dna] water wrote 53 bytes to ecology
[dna] water wrote 21 bytes to ecology
[dna] water wrote 63 bytes to ecology
[dna] water wrote 26 bytes to ecology
[dna] water wrote 68 bytes to ecology
[dna] water wrote 69 bytes to ecology
[dna] water wrote 66 bytes to ecology
[dna] water wrote 33 bytes to ecology
[dna] water wrote 43 bytes to ecology
[dna] water wrote 97 bytes to ecology
[dna] water wrote 62 bytes to ecology
[debug-onto] tick=150 corpus=144474 stage=2 freeze=0
[dna] water wrote 118 bytes to ecology
[dna] water wrote 27 bytes to ecology
[dna] water wrote 107 bytes to ecology
[dna] water wrote 58 bytes to ecology
[dna] water wrote 148 bytes to ecology
[dna] water wrote 135 bytes to ecology
[dna] water wrote 101 bytes to ecology
[dna] water wrote 28 bytes to ecology
[dna] water wrote 55 bytes to ecology
[dna] water wrote 71 bytes to ecology
[dna] water wrote 32 bytes to ecology
[dna] water wrote 36 bytes to ecology
[dna] water wrote 82 bytes to ecology
[dna] water wrote 94 bytes to ecology
[dna] water wrote 116 bytes to ecology
[dna] water wrote 112 bytes to ecology
[dna] water wrote 22 bytes to ecology
[dna] water wrote 32 bytes to ecology
[dna] water wrote 42 bytes to ecology
[dna] water wrote 52 bytes to ecology
[dna] water wrote 124 bytes to ecology
[debug-onto] tick=200 corpus=144474 stage=2 freeze=0
[dna] water wrote 69 bytes to ecology
[dna] water wrote 93 bytes to ecology
[dna] water wrote 86 bytes to ecology
[dna] water wrote 43 bytes to ecology
[dna] water wrote 50 bytes to ecology
[dna] water wrote 81 bytes to ecology
[dna] water wrote 47 bytes to ecology
[dna] water wrote 44 bytes to ecology
[dna] water wrote 72 bytes to ecology
[dna] water wrote 76 bytes to ecology
[dna] water wrote 14 bytes to ecology
[dna] water wrote 31 bytes to ecology
[dna] water wrote 101 bytes to ecology
[dna] water wrote 58 bytes to ecology
[dna] water wrote 113 bytes to ecology
[dna] water wrote 38 bytes to ecology
[dna] water wrote 44 bytes to ecology
[dna] water wrote 25 bytes to ecology
[dna] water wrote 27 bytes to ecology
[dna] water wrote 74 bytes to ecology
[dna] water wrote 40 bytes to ecology
[dna] water wrote 118 bytes to ecology
[dna] water wrote 78 bytes to ecology
[dna] water wrote 117 bytes to ecology
[dna] water wrote 57 bytes to ecology
[debug-onto] tick=250 corpus=144474 stage=2 freeze=0
[dna] water wrote 90 bytes to ecology
[dna] water wrote 38 bytes to ecology
[dna] water wrote 32 bytes to ecology
[dna] water wrote 51 bytes to ecology
[dna] water wrote 85 bytes to ecology
[dna] water wrote 45 bytes to ecology
[dna] water wrote 77 bytes to ecology
[dna] water wrote 136 bytes to ecology
[dna] water wrote 184 bytes to ecology
[dna] water wrote 51 bytes to ecology
[dna] water wrote 72 bytes to ecology
[dna] water wrote 185 bytes to ecology
[dna] water wrote 25 bytes to ecology
[dna] water wrote 113 bytes to ecology
[dna] water wrote 101 bytes to ecology
[dna] water wrote 72 bytes to ecology
[dna] water wrote 68 bytes to ecology
[dna] water wrote 54 bytes to ecology
[dna] water wrote 198 bytes to ecology
[dna] water wrote 61 bytes to ecology
[dna] water wrote 34 bytes to ecology
[dna] water wrote 15 bytes to ecology
[dna] water wrote 18 bytes to ecology
[dna] water wrote 72 bytes to ecology
[debug-onto] tick=300 corpus=144474 stage=2 freeze=0
[dna] water wrote 60 bytes to ecology
[dna] water wrote 58 bytes to ecology
[dna] water wrote 56 bytes to ecology
[dna] water wrote 103 bytes to ecology
[dna] water wrote 113 bytes to ecology
[dna] water wrote 80 bytes to ecology
[dna] water wrote 53 bytes to ecology
[dna] water wrote 43 bytes to ecology
[dna] water wrote 23 bytes to ecology
[dna] water wrote 88 bytes to ecology
[dna] water wrote 50 bytes to ecology
[dna] water wrote 62 bytes to ecology
[dna] water wrote 58 bytes to ecology
[dna] water wrote 55 bytes to ecology
[dna] water wrote 70 bytes to ecology
[dna] water wrote 56 bytes to ecology
[dna] water wrote 62 bytes to ecology
[dna] water wrote 102 bytes to ecology
[dna] water wrote 114 bytes to ecology
[dna] water wrote 41 bytes to ecology
[dna] water wrote 56 bytes to ecology
[dna] water wrote 33 bytes to ecology
[dna] water wrote 49 bytes to ecology
[dna] water wrote 85 bytes to ecology
[debug-onto] tick=350 corpus=144474 stage=2 freeze=0
[dna] water wrote 137 bytes to ecology
[dna] water wrote 83 bytes to ecology
[dna] water wrote 35 bytes to ecology
[dna] water wrote 28 bytes to ecology
[dna] water wrote 62 bytes to ecology
[dna] water wrote 47 bytes to ecology
[dna] water wrote 27 bytes to ecology
[dna] water wrote 73 bytes to ecology
[dna] water wrote 50 bytes to ecology
[dna] water wrote 58 bytes to ecology
[dna] water wrote 159 bytes to ecology
[dna] water wrote 64 bytes to ecology
[dna] water wrote 54 bytes to ecology
[dna] water wrote 107 bytes to ecology
[dna] water wrote 14 bytes to ecology
[dna] water wrote 123 bytes to ecology
[dna] water wrote 36 bytes to ecology
[dna] water wrote 29 bytes to ecology
[dna] water wrote 138 bytes to ecology
[dna] water wrote 43 bytes to ecology
[dna] water wrote 44 bytes to ecology
[dna] water wrote 96 bytes to ecology
[dna] water wrote 46 bytes to ecology
[debug-onto] tick=400 corpus=144474 stage=2 freeze=0
[dna] water wrote 59 bytes to ecology
[dna] water wrote 58 bytes to ecology
[dna] water wrote 20 bytes to ecology
[dna] water wrote 108 bytes to ecology
[dna] water wrote 50 bytes to ecology
[dna] water wrote 54 bytes to ecology
[dna] water wrote 41 bytes to ecology
[dna] water wrote 41 bytes to ecology
[dna] water wrote 43 bytes to ecology
[dna] water wrote 68 bytes to ecology
[dna] water wrote 72 bytes to ecology
[dna] water wrote 43 bytes to ecology
[dna] water wrote 157 bytes to ecology
[dna] water wrote 50 bytes to ecology
[dna] water wrote 100 bytes to ecology
[dna] water wrote 27 bytes to ecology
[dna] water wrote 99 bytes to ecology
[dna] water wrote 67 bytes to ecology
[dna] water wrote 42 bytes to ecology
[dna] water wrote 98 bytes to ecology
[dna] water wrote 10 bytes to ecology
[dna] water wrote 9 bytes to ecology
[dna] water wrote 53 bytes to ecology
[dna] water wrote 26 bytes to ecology
[debug-onto] tick=450 corpus=144474 stage=2 freeze=0
[dna] water wrote 68 bytes to ecology
[dna] water wrote 221 bytes to ecology
[dna] water wrote 61 bytes to ecology
[dna] water wrote 116 bytes to ecology
[dna] water wrote 164 bytes to ecology
[dna] water wrote 75 bytes to ecology
[dna] water wrote 40 bytes to ecology
[dna] water wrote 108 bytes to ecology
[dna] water wrote 49 bytes to ecology
[dna] water wrote 106 bytes to ecology
[dna] water wrote 45 bytes to ecology
[dna] water wrote 63 bytes to ecology
[dna] water wrote 10 bytes to ecology
[dna] water wrote 76 bytes to ecology
[dna] water wrote 39 bytes to ecology
[dna] water wrote 51 bytes to ecology
[dna] water wrote 35 bytes to ecology
[dna] water wrote 63 bytes to ecology
[dna] water wrote 107 bytes to ecology
[dna] water wrote 25 bytes to ecology
[dna] water wrote 51 bytes to ecology
[dna] water wrote 46 bytes to ecology
[dna] water wrote 63 bytes to ecology
[dna] water wrote 116 bytes to ecology
[dna] water wrote 116 bytes to ecology
[dna] water wrote 44 bytes to ecology
[debug-onto] tick=500 corpus=144474 stage=2 freeze=0
[dna] water wrote 57 bytes to ecology
[dna] water wrote 100 bytes to ecology
[dna] water wrote 72 bytes to ecology
[dna] water wrote 51 bytes to ecology
[dna] water wrote 57 bytes to ecology
[dna] water wrote 47 bytes to ecology
[dna] water wrote 71 bytes to ecology
[dna] water wrote 48 bytes to ecology
[dna] water wrote 84 bytes to ecology
[dna] water wrote 38 bytes to ecology
[dna] water wrote 58 bytes to ecology
[dna] water wrote 31 bytes to ecology
[dna] water wrote 45 bytes to ecology
[dna] water wrote 72 bytes to ecology
[dna] water wrote 310 bytes to ecology
[dna] water wrote 13 bytes to ecology
[dna] water wrote 42 bytes to ecology
[dna] water wrote 38 bytes to ecology
[dna] water wrote 34 bytes to ecology
[dna] water wrote 48 bytes to ecology
[dna] water wrote 187 bytes to ecology
[dna] water wrote 205 bytes to ecology
[dna] water wrote 78 bytes to ecology
[dna] water wrote 78 bytes to ecology
[debug-onto] tick=550 corpus=144474 stage=2 freeze=0
[dna] water wrote 32 bytes to ecology
[dna] water wrote 26 bytes to ecology
[dna] water wrote 141 bytes to ecology
[dna] water wrote 40 bytes to ecology
[dna] water wrote 65 bytes to ecology
[dna] water wrote 43 bytes to ecology
[dna] water wrote 19 bytes to ecology
[dna] water wrote 66 bytes to ecology
[dna] water wrote 8 bytes to ecology
[dna] water wrote 40 bytes to ecology
[dna] water wrote 199 bytes to ecology
[dna] water wrote 51 bytes to ecology
[dna] water wrote 69 bytes to ecology
[dna] water wrote 76 bytes to ecology
[dna] water wrote 66 bytes to ecology
[dna] water wrote 66 bytes to ecology
[dna] water wrote 76 bytes to ecology
[dna] water wrote 70 bytes to ecology
[dna] water wrote 107 bytes to ecology
[dna] water wrote 36 bytes to ecology

[evolution] Organism shutting down gracefully.
