[ecology] Element: air → corpus: nonames_air.txt
[evolution] Autonomous evolution mode — organism will grow through all stages without pause.
[ecology] Joined swarm. 1 peer(s) detected.
molequla is alive. [evolution] Autonomous mode — background trainer running. Ctrl+C to stop.
[dna] air wrote 40 bytes to ecology
[dna] air consumed 22717 bytes from 294 files: [earth/gen_1776666131_1.txt earth/gen_1776666139_4.txt earth/gen_1776666142_5.txt earth/gen_1776666147_7.txt earth/gen_1776666155_10.txt earth/gen_1776666158_11.txt earth/gen_1776666171_16.txt earth/gen_1776666174_17.txt earth/gen_1776666179_19.txt earth/gen_1776666187_22.txt earth/gen_1776666195_25.txt earth/gen_1776666201_27.txt earth/gen_1776666203_28.txt earth/gen_1776666211_31.txt earth/gen_1776666219_34.txt earth/gen_1776666222_35.txt earth/gen_1776666227_37.txt earth/gen_1776666236_40.txt earth/gen_1776666244_43.txt earth/gen_1776666252_46.txt earth/gen_1776666260_49.txt earth/gen_1776666268_52.txt earth/gen_1776666276_55.txt earth/gen_1776666284_58.txt earth/gen_1776666292_61.txt earth/gen_1776666300_64.txt earth/gen_1776666308_67.txt earth/gen_1776666316_70.txt earth/gen_1776666319_71.txt earth/gen_1776666324_73.txt earth/gen_1776666330_75.txt earth/gen_1776666332_76.txt earth/gen_1776666340_79.txt earth/gen_1776666348_82.txt earth/gen_1776666356_85.txt earth/gen_1776666362_87.txt earth/gen_1776666365_88.txt earth/gen_1776666373_91.txt earth/gen_1776666381_94.txt earth/gen_1776666389_97.txt earth/gen_1776666394_99.txt earth/gen_1776666397_100.txt earth/gen_1776666399_101.txt earth/gen_1776666405_103.txt earth/gen_1776666410_105.txt earth/gen_1776666413_106.txt earth/gen_1776666416_107.txt earth/gen_1776666421_109.txt earth/gen_1776666429_112.txt earth/gen_1776666437_115.txt earth/gen_1776666443_117.txt earth/gen_1776666445_118.txt earth/gen_1776666453_121.txt earth/gen_1776666461_124.txt earth/gen_1776666463_125.txt earth/gen_1776666469_127.txt earth/gen_1776666477_130.txt earth/gen_1776666484_133.txt earth/gen_1776666492_136.txt earth/gen_1776666500_139.txt earth/gen_1776666508_142.txt earth/gen_1776666510_143.txt earth/gen_1776666516_145.txt earth/gen_1776666521_147.txt earth/gen_1776666524_148.txt earth/gen_1776666526_149.txt earth/gen_1776666532_151.txt earth/gen_1776666539_154.txt earth/gen_1776666547_157.txt earth/gen_1776666553_159.txt earth/gen_1776666555_160.txt earth/gen_1776666558_161.txt earth/gen_1776666563_163.txt earth/gen_1776666571_166.txt earth/gen_1776666574_167.txt earth/gen_1776666579_169.txt earth/gen_1776666587_172.txt earth/gen_1776666590_173.txt earth/gen_1776666595_175.txt earth/gen_1776666603_178.txt earth/gen_1776666606_179.txt earth/gen_1776666612_181.txt earth/gen_1776666620_184.txt earth/gen_1776666628_187.txt earth/gen_1776666633_189.txt earth/gen_1776666636_190.txt earth/gen_1776666644_193.txt earth/gen_1776666652_196.txt earth/gen_1776666660_199.txt earth/gen_1776666666_201.txt earth/gen_1776666668_202.txt earth/gen_1776666676_205.txt earth/gen_1776666685_208.txt earth/gen_1776666693_211.txt earth/gen_1776666698_213.txt earth/gen_1776666701_214.txt earth/gen_1776666709_217.txt earth/gen_1776666714_219.txt earth/gen_1776666717_220.txt earth/gen_1776666725_223.txt earth/gen_1776666733_226.txt earth/gen_1776666735_227.txt earth/gen_1776666741_229.txt earth/gen_1776666746_231.txt earth/gen_1776666749_232.txt earth/gen_1776666757_235.txt earth/gen_1776666762_237.txt earth/gen_1776666765_238.txt earth/gen_1776666768_239.txt earth/gen_1776666773_241.txt earth/gen_1776666779_243.txt earth/gen_1776666781_244.txt earth/gen_1776666784_245.txt earth/gen_1776666790_247.txt earth/gen_1776666798_250.txt earth/gen_1776666806_253.txt earth/gen_1776666814_256.txt earth/gen_1776666822_259.txt earth/gen_1776666827_261.txt earth/gen_1776666830_262.txt earth/gen_1776666833_263.txt earth/gen_1776666838_265.txt earth/gen_1776666844_267.txt earth/gen_1776666846_268.txt earth/gen_1776666849_269.txt earth/gen_1776666854_271.txt earth/gen_1776666862_274.txt earth/gen_1776666871_277.txt earth/gen_1776666876_279.txt earth/gen_1776666879_280.txt earth/gen_1776666887_283.txt earth/gen_1776666895_286.txt earth/gen_1776666897_287.txt earth/gen_1776666903_289.txt earth/gen_1776666908_291.txt earth/gen_1776666911_292.txt earth/gen_1776666919_295.txt earth/gen_1776666927_298.txt earth/gen_1776666935_301.txt earth/gen_1776666943_304.txt earth/gen_1776666946_305.txt earth/gen_1776666951_307.txt earth/gen_1776666959_310.txt earth/gen_1776666967_313.txt earth/gen_1776666975_316.txt earth/gen_1776666983_319.txt earth/gen_1776666988_321.txt earth/gen_1776666991_322.txt earth/gen_1776666999_325.txt earth/gen_1776667007_328.txt earth/gen_1776667015_331.txt earth/gen_1776667020_333.txt earth/gen_1776667023_334.txt earth/gen_1776667031_337.txt earth/gen_1776667039_340.txt earth/gen_1776667047_343.txt earth/gen_1776667055_346.txt earth/gen_1776667063_349.txt earth/gen_1776667068_351.txt earth/gen_1776667071_352.txt earth/gen_1776667079_355.txt earth/gen_1776667087_358.txt earth/gen_1776667090_359.txt earth/gen_1776667095_361.txt earth/gen_1776667100_363.txt earth/gen_1776667103_364.txt earth/gen_1776667111_367.txt earth/gen_1776667116_369.txt earth/gen_1776667119_370.txt earth/gen_1776667127_373.txt earth/gen_1776667134_376.txt earth/gen_1776667137_377.txt earth/gen_1776667142_379.txt earth/gen_1776667150_382.txt earth/gen_1776667153_383.txt earth/gen_1776667158_385.txt earth/gen_1776667166_388.txt earth/gen_1776667169_389.txt earth/gen_1776667174_391.txt earth/gen_1776667182_394.txt earth/gen_1776667185_395.txt earth/gen_1776667190_397.txt earth/gen_1776667198_400.txt earth/gen_1776667206_403.txt earth/gen_1776667214_406.txt earth/gen_1776667223_409.txt earth/gen_1776667228_411.txt earth/gen_1776667231_412.txt earth/gen_1776667239_415.txt earth/gen_1776667247_418.txt earth/gen_1776667255_421.txt earth/gen_1776667260_423.txt earth/gen_1776667263_424.txt earth/gen_1776667266_425.txt earth/gen_1776667271_427.txt earth/gen_1776667277_429.txt earth/gen_1776667279_430.txt earth/gen_1776667287_433.txt earth/gen_1776667293_435.txt earth/gen_1776667295_436.txt earth/gen_1776667309_441.txt earth/gen_1776667311_442.txt earth/gen_1776667320_445.txt earth/gen_1776667328_448.txt earth/gen_1776667330_449.txt earth/gen_1776667336_451.txt earth/gen_1776667341_453.txt earth/gen_1776667344_454.txt earth/gen_1776667347_455.txt earth/gen_1776667352_457.txt earth/gen_1776667360_460.txt earth/gen_1776667368_463.txt earth/gen_1776667373_465.txt earth/gen_1776667376_466.txt earth/gen_1776667379_467.txt earth/gen_1776667384_469.txt earth/gen_1776667392_472.txt earth/gen_1776667400_475.txt earth/gen_1776667408_478.txt earth/gen_1776667416_481.txt earth/gen_1776667424_484.txt earth/gen_1776667427_485.txt earth/gen_1776667432_487.txt earth/gen_1776667440_490.txt earth/gen_1776667448_493.txt earth/gen_1776667456_496.txt earth/gen_1776667459_497.txt earth/gen_1776667464_499.txt earth/gen_1776667472_502.txt earth/gen_1776667475_503.txt earth/gen_1776667480_505.txt earth/gen_1776667488_508.txt earth/gen_1776667496_511.txt earth/gen_1776667505_514.txt earth/gen_1776667513_517.txt earth/gen_1776667520_520.txt earth/gen_1776667528_523.txt earth/gen_1776667536_526.txt earth/gen_1776667544_529.txt earth/gen_1776667550_531.txt earth/gen_1776667552_532.txt earth/gen_1776667560_535.txt earth/gen_1776667568_538.txt earth/gen_1776667571_539.txt earth/gen_1776667576_541.txt earth/gen_1776667584_544.txt earth/gen_1776667592_547.txt earth/gen_1776667600_550.txt earth/gen_1776667603_551.txt earth/gen_1776667608_553.txt earth/gen_1776667613_555.txt earth/gen_1776667616_556.txt earth/gen_1776667624_559.txt earth/gen_1776667630_561.txt earth/gen_1776667632_562.txt earth/gen_1776667635_563.txt earth/gen_1776667640_565.txt earth/gen_1776667648_568.txt earth/gen_1776667656_571.txt earth/gen_1776667661_573.txt earth/gen_1776667664_574.txt earth/gen_1776667672_577.txt earth/gen_1776667680_580.txt earth/gen_1776667682_581.txt earth/gen_1776667688_583.txt earth/gen_1776667696_586.txt earth/gen_1776667704_589.txt earth/gen_1776667711_592.txt earth/gen_1776667720_595.txt earth/gen_1776667728_598.txt earth/gen_1776667736_601.txt earth/gen_1776667744_604.txt earth/gen_1776667752_607.txt earth/gen_1776667760_610.txt earth/gen_1776667767_613.txt earth/gen_1776667775_616.txt earth/gen_1776667778_617.txt earth/gen_1776667783_619.txt earth/gen_1776667789_621.txt earth/gen_1776667791_622.txt earth/gen_1776667799_625.txt earth/gen_1776667807_628.txt earth/gen_1776667810_629.txt earth/gen_1776667816_631.txt earth/gen_1776667824_634.txt earth/gen_1776667840_640.txt earth/gen_1776667848_643.txt earth/gen_1776667856_646.txt earth/gen_1776667872_652.txt earth/gen_1776667875_653.txt earth/gen_1776667880_655.txt earth/gen_1776667885_657.txt earth/gen_1776667888_658.txt earth/gen_1776667896_661.txt]
[trainer] micro-train burst (22717 bytes, novelty 0.03) — and lo, it feeds again.
[syntropy] action=explore | trend=0.0000 | field_dev=-0.050 | purpose_align=0.117 | lr_mul=1.30
[aml] burst complete: 32 steps, avg loss 2.7843 (memory freed)
[dna] air wrote 80 bytes to ecology
[dna] air wrote 49 bytes to ecology
[dna] air wrote 40 bytes to ecology
[dna] air wrote 12 bytes to ecology
[dna] air wrote 35 bytes to ecology
[dna] air wrote 39 bytes to ecology
[dna] air wrote 76 bytes to ecology
[dna] air wrote 156 bytes to ecology
[dna] air wrote 38 bytes to ecology
[dna] air wrote 72 bytes to ecology
[dna] air wrote 188 bytes to ecology
[dna] air wrote 46 bytes to ecology
[dna] air wrote 72 bytes to ecology
[dna] air wrote 17 bytes to ecology
[dna] air wrote 55 bytes to ecology
[dna] air wrote 65 bytes to ecology
[dna] air wrote 39 bytes to ecology
[debug-onto] tick=50 corpus=145327 stage=2 freeze=0
[dna] air wrote 93 bytes to ecology
[dna] air wrote 68 bytes to ecology
[dna] air wrote 142 bytes to ecology
[dna] air wrote 64 bytes to ecology
[dna] air wrote 62 bytes to ecology
[dna] air wrote 75 bytes to ecology
[dna] air wrote 46 bytes to ecology
[dna] air wrote 23 bytes to ecology
[dna] air wrote 43 bytes to ecology
[dna] air wrote 71 bytes to ecology
[dna] air wrote 33 bytes to ecology
[dna] air wrote 48 bytes to ecology
[dna] air wrote 52 bytes to ecology
[dna] air wrote 51 bytes to ecology
[dna] air wrote 47 bytes to ecology
[dna] air wrote 139 bytes to ecology
[dna] air wrote 21 bytes to ecology
[dna] air wrote 26 bytes to ecology
[debug-onto] tick=100 corpus=145327 stage=2 freeze=0
[dna] air wrote 82 bytes to ecology
[dna] air wrote 88 bytes to ecology
[dna] air wrote 31 bytes to ecology
[dna] air wrote 25 bytes to ecology
[dna] air wrote 21 bytes to ecology
[dna] air wrote 85 bytes to ecology
[dna] air wrote 63 bytes to ecology
[dna] air wrote 69 bytes to ecology
[dna] air wrote 41 bytes to ecology
[dna] air wrote 137 bytes to ecology
[dna] air wrote 29 bytes to ecology
[dna] air wrote 133 bytes to ecology
[dna] air wrote 48 bytes to ecology
[dna] air wrote 115 bytes to ecology
[dna] air wrote 36 bytes to ecology
[dna] air wrote 138 bytes to ecology
[dna] air wrote 38 bytes to ecology
[dna] air wrote 51 bytes to ecology
[debug-onto] tick=150 corpus=145327 stage=2 freeze=0
[dna] air wrote 58 bytes to ecology
[dna] air wrote 81 bytes to ecology
[dna] air wrote 162 bytes to ecology
[dna] air wrote 43 bytes to ecology
[dna] air wrote 63 bytes to ecology
[dna] air wrote 46 bytes to ecology
[dna] air wrote 65 bytes to ecology
[dna] air wrote 104 bytes to ecology
[dna] air wrote 62 bytes to ecology
[dna] air wrote 39 bytes to ecology
[dna] air wrote 29 bytes to ecology
[dna] air wrote 124 bytes to ecology
[dna] air wrote 97 bytes to ecology
[dna] air wrote 38 bytes to ecology
[dna] air wrote 179 bytes to ecology
[dna] air wrote 25 bytes to ecology
[dna] air wrote 82 bytes to ecology
[dna] air wrote 96 bytes to ecology
[dna] air wrote 83 bytes to ecology
[dna] air wrote 28 bytes to ecology
[debug-onto] tick=200 corpus=145327 stage=2 freeze=0
[dna] air wrote 15 bytes to ecology
[dna] air wrote 92 bytes to ecology
[dna] air wrote 44 bytes to ecology
[dna] air wrote 31 bytes to ecology
[dna] air wrote 9 bytes to ecology
[dna] air wrote 36 bytes to ecology
[dna] air wrote 32 bytes to ecology
[dna] air wrote 45 bytes to ecology
[dna] air wrote 44 bytes to ecology
[dna] air wrote 49 bytes to ecology
[dna] air wrote 40 bytes to ecology
[dna] air wrote 45 bytes to ecology
[dna] air wrote 94 bytes to ecology
[dna] air wrote 134 bytes to ecology
[dna] air wrote 54 bytes to ecology
[dna] air wrote 71 bytes to ecology
[dna] air wrote 43 bytes to ecology
[dna] air wrote 23 bytes to ecology
[dna] air wrote 64 bytes to ecology
[debug-onto] tick=250 corpus=145327 stage=2 freeze=0
[dna] air wrote 52 bytes to ecology
[dna] air wrote 71 bytes to ecology
[dna] air wrote 62 bytes to ecology
[dna] air wrote 143 bytes to ecology
[dna] air wrote 35 bytes to ecology
[dna] air wrote 49 bytes to ecology
[dna] air wrote 71 bytes to ecology
[dna] air wrote 108 bytes to ecology
[dna] air wrote 56 bytes to ecology
[dna] air wrote 54 bytes to ecology
[dna] air wrote 49 bytes to ecology
[dna] air wrote 36 bytes to ecology
[dna] air wrote 49 bytes to ecology
[dna] air wrote 5 bytes to ecology
[dna] air wrote 9 bytes to ecology
[dna] air wrote 89 bytes to ecology
[dna] air wrote 140 bytes to ecology
[dna] air wrote 74 bytes to ecology
[dna] air wrote 47 bytes to ecology
[dna] air wrote 149 bytes to ecology
[debug-onto] tick=300 corpus=145327 stage=2 freeze=0
[dna] air wrote 104 bytes to ecology
[dna] air wrote 20 bytes to ecology
[dna] air wrote 25 bytes to ecology
[dna] air wrote 66 bytes to ecology
[dna] air wrote 65 bytes to ecology
[dna] air wrote 37 bytes to ecology
[dna] air wrote 28 bytes to ecology
[dna] air wrote 167 bytes to ecology
[dna] air wrote 31 bytes to ecology
[dna] air wrote 103 bytes to ecology
[dna] air wrote 80 bytes to ecology
[dna] air wrote 27 bytes to ecology
[dna] air wrote 81 bytes to ecology
[dna] air wrote 33 bytes to ecology
[dna] air wrote 146 bytes to ecology
[dna] air wrote 196 bytes to ecology
[dna] air wrote 32 bytes to ecology
[dna] air wrote 51 bytes to ecology
[dna] air wrote 73 bytes to ecology
[dna] air wrote 58 bytes to ecology
[debug-onto] tick=350 corpus=145327 stage=2 freeze=0
[dna] air wrote 83 bytes to ecology
[dna] air wrote 51 bytes to ecology
[dna] air wrote 79 bytes to ecology
[dna] air wrote 49 bytes to ecology
[dna] air wrote 53 bytes to ecology
[dna] air wrote 59 bytes to ecology
[dna] air wrote 45 bytes to ecology
[dna] air wrote 96 bytes to ecology
[dna] air wrote 24 bytes to ecology
[dna] air wrote 67 bytes to ecology
[dna] air wrote 72 bytes to ecology
[dna] air wrote 62 bytes to ecology
[dna] air wrote 79 bytes to ecology
[dna] air wrote 136 bytes to ecology
[dna] air wrote 63 bytes to ecology
[dna] air wrote 33 bytes to ecology
[dna] air wrote 46 bytes to ecology
[debug-onto] tick=400 corpus=145327 stage=2 freeze=0
[dna] air wrote 12 bytes to ecology
[dna] air wrote 130 bytes to ecology
[dna] air wrote 51 bytes to ecology
[dna] air wrote 154 bytes to ecology
[dna] air wrote 38 bytes to ecology
[dna] air wrote 98 bytes to ecology
[dna] air wrote 81 bytes to ecology
[dna] air wrote 175 bytes to ecology
[dna] air wrote 76 bytes to ecology
[dna] air wrote 47 bytes to ecology
[dna] air wrote 59 bytes to ecology
[dna] air wrote 78 bytes to ecology
[dna] air wrote 58 bytes to ecology
[dna] air wrote 166 bytes to ecology
[dna] air wrote 70 bytes to ecology
[dna] air wrote 15 bytes to ecology
[dna] air wrote 58 bytes to ecology
[dna] air wrote 28 bytes to ecology
[dna] air wrote 33 bytes to ecology
[dna] air wrote 10 bytes to ecology
[debug-onto] tick=450 corpus=145327 stage=2 freeze=0
[dna] air wrote 131 bytes to ecology
[dna] air wrote 35 bytes to ecology
[dna] air wrote 70 bytes to ecology
[dna] air wrote 54 bytes to ecology
[dna] air wrote 31 bytes to ecology
[dna] air wrote 41 bytes to ecology
[dna] air wrote 119 bytes to ecology
[dna] air wrote 76 bytes to ecology
[dna] air wrote 68 bytes to ecology
[dna] air wrote 59 bytes to ecology
[dna] air wrote 19 bytes to ecology
[dna] air wrote 67 bytes to ecology
[dna] air wrote 42 bytes to ecology
[dna] air wrote 37 bytes to ecology
[dna] air wrote 17 bytes to ecology
[dna] air wrote 38 bytes to ecology
[dna] air wrote 52 bytes to ecology
[dna] air wrote 115 bytes to ecology
[debug-onto] tick=500 corpus=145327 stage=2 freeze=0
[dna] air wrote 58 bytes to ecology
[dna] air wrote 78 bytes to ecology
[dna] air wrote 37 bytes to ecology
[dna] air wrote 48 bytes to ecology
[dna] air wrote 72 bytes to ecology
[dna] air wrote 33 bytes to ecology
[dna] air wrote 59 bytes to ecology
[dna] air wrote 62 bytes to ecology
[dna] air wrote 73 bytes to ecology
[dna] air wrote 7 bytes to ecology
[dna] air wrote 13 bytes to ecology
[dna] air wrote 42 bytes to ecology
[dna] air wrote 25 bytes to ecology
[dna] air wrote 47 bytes to ecology
[dna] air wrote 77 bytes to ecology
[dna] air wrote 45 bytes to ecology
[dna] air wrote 9 bytes to ecology
[dna] air wrote 51 bytes to ecology
[dna] air wrote 82 bytes to ecology
[debug-onto] tick=550 corpus=145327 stage=2 freeze=0
[dna] air wrote 48 bytes to ecology
[dna] air wrote 143 bytes to ecology
[dna] air wrote 101 bytes to ecology
[dna] air wrote 27 bytes to ecology
[dna] air wrote 84 bytes to ecology
[dna] air wrote 96 bytes to ecology
[dna] air wrote 51 bytes to ecology
[dna] air wrote 135 bytes to ecology
[dna] air wrote 48 bytes to ecology
[dna] air wrote 37 bytes to ecology
[dna] air wrote 54 bytes to ecology
[dna] air wrote 93 bytes to ecology
[dna] air wrote 23 bytes to ecology
[dna] air wrote 28 bytes to ecology
[dna] air wrote 11 bytes to ecology
[dna] air wrote 48 bytes to ecology
[dna] air wrote 44 bytes to ecology
[dna] air wrote 105 bytes to ecology
[dna] air wrote 103 bytes to ecology
[dna] air wrote 59 bytes to ecology
[debug-onto] tick=600 corpus=145327 stage=2 freeze=0
[dna] air wrote 22 bytes to ecology
[dna] air wrote 48 bytes to ecology
[dna] air wrote 100 bytes to ecology
[dna] air wrote 26 bytes to ecology
[dna] air wrote 86 bytes to ecology
[dna] air wrote 59 bytes to ecology
[dna] air wrote 14 bytes to ecology
[dna] air wrote 32 bytes to ecology
[dna] air wrote 23 bytes to ecology
[dna] air wrote 52 bytes to ecology
[dna] air wrote 109 bytes to ecology
[dna] air wrote 55 bytes to ecology
[dna] air wrote 151 bytes to ecology
[dna] air wrote 66 bytes to ecology
[dna] air wrote 22 bytes to ecology

[evolution] Organism shutting down gracefully.
