[ecology] Element: fire → corpus: nonames_fire.txt
[evolution] Autonomous evolution mode — organism will grow through all stages without pause.
[ecology] Joined swarm. 1 peer(s) detected.
molequla is alive. [evolution] Autonomous mode — background trainer running. Ctrl+C to stop.
[dna] fire wrote 49 bytes to ecology
[dna] fire consumed 25156 bytes from 419 files: [water/gen_1776669704_1.txt water/gen_1776669717_3.txt water/gen_1776669720_4.txt water/gen_1776669722_5.txt water/gen_1776669728_7.txt water/gen_1776669733_9.txt water/gen_1776669736_10.txt water/gen_1776669739_11.txt water/gen_1776669745_13.txt water/gen_1776669750_15.txt water/gen_1776669753_16.txt water/gen_1776669756_17.txt water/gen_1776669762_19.txt water/gen_1776669767_21.txt water/gen_1776669770_22.txt water/gen_1776669773_23.txt water/gen_1776669778_25.txt water/gen_1776669784_27.txt water/gen_1776669787_28.txt water/gen_1776669790_29.txt water/gen_1776669795_31.txt water/gen_1776669801_33.txt water/gen_1776669804_34.txt water/gen_1776669807_35.txt water/gen_1776669812_37.txt water/gen_1776669818_39.txt water/gen_1776669821_40.txt water/gen_1776669824_41.txt water/gen_1776669829_43.txt water/gen_1776669835_45.txt water/gen_1776669838_46.txt water/gen_1776669840_47.txt water/gen_1776669846_49.txt water/gen_1776669852_51.txt water/gen_1776669855_52.txt water/gen_1776669857_53.txt water/gen_1776669863_55.txt water/gen_1776669868_57.txt water/gen_1776669871_58.txt water/gen_1776669874_59.txt water/gen_1776669879_61.txt water/gen_1776669885_63.txt water/gen_1776669888_64.txt water/gen_1776669891_65.txt water/gen_1776669896_67.txt water/gen_1776669902_69.txt water/gen_1776669905_70.txt water/gen_1776669908_71.txt water/gen_1776669913_73.txt water/gen_1776669919_75.txt water/gen_1776669922_76.txt water/gen_1776669925_77.txt water/gen_1776669930_79.txt water/gen_1776669936_81.txt water/gen_1776669939_82.txt water/gen_1776669942_83.txt water/gen_1776669948_85.txt water/gen_1776669953_87.txt water/gen_1776669956_88.txt water/gen_1776669959_89.txt water/gen_1776669965_91.txt water/gen_1776669971_93.txt water/gen_1776669973_94.txt water/gen_1776669976_95.txt water/gen_1776669982_97.txt water/gen_1776669988_99.txt water/gen_1776669991_100.txt water/gen_1776669994_101.txt water/gen_1776669999_103.txt water/gen_1776670005_105.txt water/gen_1776670008_106.txt water/gen_1776670011_107.txt water/gen_1776670017_109.txt water/gen_1776670022_111.txt water/gen_1776670025_112.txt water/gen_1776670028_113.txt water/gen_1776670034_115.txt water/gen_1776670039_117.txt water/gen_1776670042_118.txt water/gen_1776670045_119.txt water/gen_1776670051_121.txt water/gen_1776670056_123.txt water/gen_1776670059_124.txt water/gen_1776670062_125.txt water/gen_1776670068_127.txt water/gen_1776670073_129.txt water/gen_1776670076_130.txt water/gen_1776670079_131.txt water/gen_1776670085_133.txt water/gen_1776670090_135.txt water/gen_1776670093_136.txt water/gen_1776670096_137.txt water/gen_1776670102_139.txt water/gen_1776670107_141.txt water/gen_1776670110_142.txt water/gen_1776670113_143.txt water/gen_1776670119_145.txt water/gen_1776670124_147.txt water/gen_1776670127_148.txt water/gen_1776670130_149.txt water/gen_1776670136_151.txt water/gen_1776670141_153.txt water/gen_1776670144_154.txt water/gen_1776670147_155.txt water/gen_1776670153_157.txt water/gen_1776670158_159.txt water/gen_1776670161_160.txt water/gen_1776670164_161.txt water/gen_1776670169_163.txt water/gen_1776670175_165.txt water/gen_1776670178_166.txt water/gen_1776670180_167.txt water/gen_1776670186_169.txt water/gen_1776670192_171.txt water/gen_1776670194_172.txt water/gen_1776670197_173.txt water/gen_1776670203_175.txt water/gen_1776670209_177.txt water/gen_1776670211_178.txt water/gen_1776670214_179.txt water/gen_1776670220_181.txt water/gen_1776670225_183.txt water/gen_1776670228_184.txt water/gen_1776670231_185.txt water/gen_1776670237_187.txt water/gen_1776670243_189.txt water/gen_1776670245_190.txt water/gen_1776670248_191.txt water/gen_1776670254_193.txt water/gen_1776670259_195.txt water/gen_1776670262_196.txt water/gen_1776670265_197.txt water/gen_1776670270_199.txt water/gen_1776670276_201.txt water/gen_1776670279_202.txt water/gen_1776670282_203.txt water/gen_1776670287_205.txt water/gen_1776670293_207.txt water/gen_1776670296_208.txt water/gen_1776670299_209.txt water/gen_1776670304_211.txt water/gen_1776670310_213.txt water/gen_1776670313_214.txt water/gen_1776670316_215.txt water/gen_1776670321_217.txt water/gen_1776670327_219.txt water/gen_1776670330_220.txt water/gen_1776670332_221.txt water/gen_1776670338_223.txt water/gen_1776670344_225.txt water/gen_1776670346_226.txt water/gen_1776670349_227.txt water/gen_1776670355_229.txt water/gen_1776670360_231.txt water/gen_1776670363_232.txt water/gen_1776670366_233.txt water/gen_1776670371_235.txt water/gen_1776670377_237.txt water/gen_1776670380_238.txt water/gen_1776670383_239.txt water/gen_1776670388_241.txt water/gen_1776670394_243.txt water/gen_1776670397_244.txt water/gen_1776670400_245.txt water/gen_1776670405_247.txt water/gen_1776670411_249.txt water/gen_1776670413_250.txt water/gen_1776670416_251.txt water/gen_1776670422_253.txt water/gen_1776670428_255.txt water/gen_1776670431_256.txt water/gen_1776670433_257.txt water/gen_1776670439_259.txt water/gen_1776670445_261.txt water/gen_1776670448_262.txt water/gen_1776670451_263.txt water/gen_1776670456_265.txt water/gen_1776670462_267.txt water/gen_1776670465_268.txt water/gen_1776670467_269.txt water/gen_1776670473_271.txt water/gen_1776670479_273.txt water/gen_1776670482_274.txt water/gen_1776670484_275.txt water/gen_1776670496_279.txt water/gen_1776670498_280.txt water/gen_1776670501_281.txt water/gen_1776670507_283.txt water/gen_1776670513_285.txt water/gen_1776670515_286.txt water/gen_1776670518_287.txt water/gen_1776670524_289.txt water/gen_1776670529_291.txt water/gen_1776670532_292.txt water/gen_1776670535_293.txt water/gen_1776670541_295.txt water/gen_1776670546_297.txt water/gen_1776670549_298.txt water/gen_1776670552_299.txt water/gen_1776670557_301.txt water/gen_1776670563_303.txt water/gen_1776670566_304.txt water/gen_1776670569_305.txt water/gen_1776670574_307.txt water/gen_1776670580_309.txt water/gen_1776670583_310.txt water/gen_1776670586_311.txt water/gen_1776670591_313.txt water/gen_1776670597_315.txt water/gen_1776670600_316.txt water/gen_1776670602_317.txt water/gen_1776670608_319.txt water/gen_1776670614_321.txt water/gen_1776670616_322.txt water/gen_1776670625_325.txt water/gen_1776670630_327.txt water/gen_1776670633_328.txt water/gen_1776670636_329.txt water/gen_1776670642_331.txt water/gen_1776670647_333.txt water/gen_1776670650_334.txt water/gen_1776670653_335.txt water/gen_1776670658_337.txt water/gen_1776670664_339.txt water/gen_1776670667_340.txt water/gen_1776670670_341.txt water/gen_1776670675_343.txt water/gen_1776670681_345.txt water/gen_1776670684_346.txt water/gen_1776670686_347.txt water/gen_1776670692_349.txt water/gen_1776670698_351.txt water/gen_1776670701_352.txt water/gen_1776670703_353.txt water/gen_1776670709_355.txt water/gen_1776670715_357.txt water/gen_1776670718_358.txt water/gen_1776670720_359.txt water/gen_1776670726_361.txt water/gen_1776670734_364.txt water/gen_1776670737_365.txt water/gen_1776670743_367.txt water/gen_1776670749_369.txt water/gen_1776670752_370.txt water/gen_1776670754_371.txt water/gen_1776670766_375.txt water/gen_1776670769_376.txt water/gen_1776670771_377.txt water/gen_1776670777_379.txt water/gen_1776670783_381.txt water/gen_1776670786_382.txt water/gen_1776670789_383.txt water/gen_1776670794_385.txt water/gen_1776670800_387.txt water/gen_1776670803_388.txt water/gen_1776670806_389.txt water/gen_1776670812_391.txt water/gen_1776670818_393.txt water/gen_1776670820_394.txt water/gen_1776670823_395.txt water/gen_1776670829_397.txt water/gen_1776670835_399.txt water/gen_1776670838_400.txt water/gen_1776670841_401.txt water/gen_1776670846_403.txt water/gen_1776670852_405.txt water/gen_1776670855_406.txt water/gen_1776670858_407.txt water/gen_1776670863_409.txt water/gen_1776670869_411.txt water/gen_1776670872_412.txt water/gen_1776670875_413.txt water/gen_1776670881_415.txt water/gen_1776670886_417.txt water/gen_1776670889_418.txt water/gen_1776670892_419.txt water/gen_1776670898_421.txt water/gen_1776670903_423.txt water/gen_1776670906_424.txt water/gen_1776670909_425.txt water/gen_1776670915_427.txt water/gen_1776670921_429.txt water/gen_1776670923_430.txt water/gen_1776670926_431.txt water/gen_1776670932_433.txt water/gen_1776670937_435.txt water/gen_1776670940_436.txt water/gen_1776670943_437.txt water/gen_1776670954_441.txt water/gen_1776670957_442.txt water/gen_1776670960_443.txt water/gen_1776670966_445.txt water/gen_1776670971_447.txt water/gen_1776670974_448.txt water/gen_1776670977_449.txt water/gen_1776670983_451.txt water/gen_1776670988_453.txt water/gen_1776670991_454.txt water/gen_1776670994_455.txt water/gen_1776670999_457.txt water/gen_1776671005_459.txt water/gen_1776671008_460.txt water/gen_1776671011_461.txt water/gen_1776671016_463.txt water/gen_1776671022_465.txt water/gen_1776671025_466.txt water/gen_1776671027_467.txt water/gen_1776671033_469.txt water/gen_1776671039_471.txt water/gen_1776671042_472.txt water/gen_1776671044_473.txt water/gen_1776671050_475.txt water/gen_1776671055_477.txt water/gen_1776671058_478.txt water/gen_1776671061_479.txt water/gen_1776671067_481.txt water/gen_1776671072_483.txt water/gen_1776671075_484.txt water/gen_1776671078_485.txt water/gen_1776671083_487.txt water/gen_1776671089_489.txt water/gen_1776671092_490.txt water/gen_1776671095_491.txt water/gen_1776671100_493.txt water/gen_1776671106_495.txt water/gen_1776671109_496.txt water/gen_1776671112_497.txt water/gen_1776671117_499.txt water/gen_1776671123_501.txt water/gen_1776671125_502.txt water/gen_1776671128_503.txt water/gen_1776671134_505.txt water/gen_1776671140_507.txt water/gen_1776671142_508.txt water/gen_1776671145_509.txt water/gen_1776671151_511.txt water/gen_1776671156_513.txt water/gen_1776671159_514.txt water/gen_1776671162_515.txt water/gen_1776671167_517.txt water/gen_1776671173_519.txt water/gen_1776671176_520.txt water/gen_1776671179_521.txt water/gen_1776671184_523.txt water/gen_1776671190_525.txt water/gen_1776671193_526.txt water/gen_1776671196_527.txt water/gen_1776671201_529.txt water/gen_1776671207_531.txt water/gen_1776671210_532.txt water/gen_1776671212_533.txt water/gen_1776671218_535.txt water/gen_1776671224_537.txt water/gen_1776671226_538.txt water/gen_1776671229_539.txt water/gen_1776671235_541.txt water/gen_1776671240_543.txt water/gen_1776671243_544.txt water/gen_1776671246_545.txt water/gen_1776671252_547.txt water/gen_1776671257_549.txt water/gen_1776671260_550.txt water/gen_1776671263_551.txt water/gen_1776671269_553.txt water/gen_1776671274_555.txt water/gen_1776671277_556.txt water/gen_1776671280_557.txt water/gen_1776671285_559.txt water/gen_1776671291_561.txt water/gen_1776671294_562.txt water/gen_1776671297_563.txt water/gen_1776671302_565.txt water/gen_1776671308_567.txt water/gen_1776671311_568.txt water/gen_1776671314_569.txt water/gen_1776671319_571.txt water/gen_1776671325_573.txt water/gen_1776671327_574.txt water/gen_1776671330_575.txt water/gen_1776671336_577.txt water/gen_1776671341_579.txt water/gen_1776671344_580.txt water/gen_1776671347_581.txt water/gen_1776671353_583.txt water/gen_1776671358_585.txt water/gen_1776671361_586.txt water/gen_1776671364_587.txt water/gen_1776671369_589.txt water/gen_1776671375_591.txt water/gen_1776671377_592.txt water/gen_1776671380_593.txt water/gen_1776671386_595.txt water/gen_1776671391_597.txt water/gen_1776671394_598.txt water/gen_1776671397_599.txt water/gen_1776671402_601.txt water/gen_1776671408_603.txt water/gen_1776671411_604.txt water/gen_1776671414_605.txt water/gen_1776671419_607.txt water/gen_1776671425_609.txt water/gen_1776671427_610.txt water/gen_1776671430_611.txt water/gen_1776671436_613.txt water/gen_1776671441_615.txt water/gen_1776671444_616.txt water/gen_1776671447_617.txt water/gen_1776671452_619.txt water/gen_1776671458_621.txt water/gen_1776671461_622.txt water/gen_1776671463_623.txt water/gen_1776671469_625.txt water/gen_1776671475_627.txt water/gen_1776671477_628.txt water/gen_1776671480_629.txt water/gen_1776671486_631.txt water/gen_1776671491_633.txt water/gen_1776671494_634.txt water/gen_1776671497_635.txt]
[trainer] micro-train burst (25156 bytes, novelty 0.03) — and lo, it feeds again.
[syntropy] action=explore | trend=0.0000 | field_dev=0.059 | purpose_align=0.132 | lr_mul=1.30
[aml] burst complete: 32 steps, avg loss 1.7490 (memory freed)
[dna] fire wrote 28 bytes to ecology
[dna] fire wrote 37 bytes to ecology
[dna] fire wrote 24 bytes to ecology
[dna] fire wrote 48 bytes to ecology
[dna] fire wrote 89 bytes to ecology
[dna] fire wrote 62 bytes to ecology
[dna] fire wrote 26 bytes to ecology
[dna] fire wrote 161 bytes to ecology
[dna] fire wrote 55 bytes to ecology
[dna] fire wrote 43 bytes to ecology
[dna] fire wrote 60 bytes to ecology
[dna] fire wrote 83 bytes to ecology
[dna] fire wrote 77 bytes to ecology
[dna] fire wrote 104 bytes to ecology
[dna] fire wrote 62 bytes to ecology
[dna] fire wrote 26 bytes to ecology
[dna] fire wrote 9 bytes to ecology
[dna] fire wrote 22 bytes to ecology
[dna] fire wrote 96 bytes to ecology
[dna] fire wrote 27 bytes to ecology
[debug-onto] tick=50 corpus=147475 stage=2 freeze=0
[dna] fire wrote 232 bytes to ecology
[dna] fire wrote 26 bytes to ecology
[dna] fire wrote 67 bytes to ecology
[dna] fire wrote 73 bytes to ecology
[dna] fire wrote 38 bytes to ecology
[dna] fire wrote 35 bytes to ecology
[dna] fire wrote 149 bytes to ecology
[dna] fire wrote 62 bytes to ecology
[dna] fire wrote 56 bytes to ecology
[dna] fire wrote 30 bytes to ecology
[dna] fire wrote 46 bytes to ecology
[dna] fire wrote 50 bytes to ecology
[dna] fire wrote 40 bytes to ecology
[dna] fire wrote 54 bytes to ecology
[dna] fire wrote 78 bytes to ecology
[dna] fire wrote 74 bytes to ecology
[dna] fire wrote 60 bytes to ecology
[dna] fire wrote 54 bytes to ecology
[dna] fire wrote 27 bytes to ecology
[dna] fire wrote 76 bytes to ecology
[dna] fire wrote 30 bytes to ecology
[dna] fire wrote 48 bytes to ecology
[debug-onto] tick=100 corpus=147475 stage=2 freeze=0
[dna] fire wrote 161 bytes to ecology
[dna] fire wrote 85 bytes to ecology
[dna] fire wrote 42 bytes to ecology
[dna] fire wrote 24 bytes to ecology
[dna] fire wrote 59 bytes to ecology
[dna] fire wrote 50 bytes to ecology
[dna] fire wrote 12 bytes to ecology
[dna] fire wrote 85 bytes to ecology
[dna] fire wrote 68 bytes to ecology
[dna] fire wrote 81 bytes to ecology
[dna] fire wrote 30 bytes to ecology
[dna] fire wrote 39 bytes to ecology
[dna] fire wrote 48 bytes to ecology
[dna] fire wrote 62 bytes to ecology
[dna] fire wrote 27 bytes to ecology
[dna] fire wrote 71 bytes to ecology
[dna] fire wrote 31 bytes to ecology
[dna] fire wrote 237 bytes to ecology
[dna] fire wrote 163 bytes to ecology
[dna] fire wrote 80 bytes to ecology
[dna] fire wrote 141 bytes to ecology
[dna] fire wrote 62 bytes to ecology
[dna] fire wrote 24 bytes to ecology
[debug-onto] tick=150 corpus=147475 stage=2 freeze=0
[dna] fire wrote 25 bytes to ecology
[dna] fire wrote 119 bytes to ecology
[dna] fire wrote 67 bytes to ecology
[dna] fire wrote 75 bytes to ecology
[dna] fire wrote 30 bytes to ecology
[dna] fire wrote 54 bytes to ecology
[dna] fire wrote 53 bytes to ecology
[dna] fire wrote 34 bytes to ecology
[dna] fire wrote 101 bytes to ecology
[dna] fire wrote 19 bytes to ecology
[dna] fire wrote 33 bytes to ecology
[dna] fire wrote 16 bytes to ecology
[dna] fire wrote 55 bytes to ecology
[dna] fire wrote 59 bytes to ecology
[dna] fire wrote 124 bytes to ecology
[dna] fire wrote 66 bytes to ecology
[dna] fire wrote 73 bytes to ecology
[dna] fire wrote 45 bytes to ecology
[dna] fire wrote 87 bytes to ecology
[dna] fire wrote 77 bytes to ecology
[dna] fire wrote 29 bytes to ecology
[dna] fire wrote 42 bytes to ecology
[dna] fire wrote 22 bytes to ecology
[dna] fire wrote 62 bytes to ecology
[debug-onto] tick=200 corpus=147475 stage=2 freeze=0
[dna] fire wrote 63 bytes to ecology
[dna] fire wrote 94 bytes to ecology
[dna] fire wrote 160 bytes to ecology
[dna] fire wrote 95 bytes to ecology
[dna] fire wrote 102 bytes to ecology
[dna] fire wrote 80 bytes to ecology
[dna] fire wrote 39 bytes to ecology
[dna] fire wrote 86 bytes to ecology
[dna] fire wrote 79 bytes to ecology
[dna] fire wrote 90 bytes to ecology
[dna] fire wrote 72 bytes to ecology
[dna] fire wrote 64 bytes to ecology
[dna] fire wrote 25 bytes to ecology
[dna] fire wrote 46 bytes to ecology
[dna] fire wrote 7 bytes to ecology
[dna] fire wrote 20 bytes to ecology
[dna] fire wrote 48 bytes to ecology
[dna] fire wrote 63 bytes to ecology
[dna] fire wrote 27 bytes to ecology
[dna] fire wrote 87 bytes to ecology
[dna] fire wrote 49 bytes to ecology
[dna] fire wrote 38 bytes to ecology
[debug-onto] tick=250 corpus=147475 stage=2 freeze=0
[dna] fire wrote 44 bytes to ecology
[dna] fire wrote 44 bytes to ecology
[dna] fire wrote 59 bytes to ecology
[dna] fire wrote 52 bytes to ecology
[dna] fire wrote 49 bytes to ecology
[dna] fire wrote 21 bytes to ecology
[dna] fire wrote 21 bytes to ecology
[dna] fire wrote 64 bytes to ecology
[dna] fire wrote 24 bytes to ecology
[dna] fire wrote 127 bytes to ecology
[dna] fire wrote 46 bytes to ecology
[dna] fire wrote 58 bytes to ecology
[dna] fire wrote 38 bytes to ecology
[dna] fire wrote 93 bytes to ecology
[dna] fire wrote 39 bytes to ecology
[dna] fire wrote 41 bytes to ecology
[dna] fire wrote 35 bytes to ecology
[dna] fire wrote 69 bytes to ecology
[dna] fire wrote 47 bytes to ecology
[dna] fire wrote 48 bytes to ecology
[dna] fire wrote 138 bytes to ecology
[dna] fire wrote 55 bytes to ecology
[dna] fire wrote 21 bytes to ecology
[dna] fire wrote 88 bytes to ecology
[dna] fire wrote 31 bytes to ecology
[debug-onto] tick=300 corpus=147475 stage=2 freeze=0
[dna] fire wrote 174 bytes to ecology
[dna] fire wrote 191 bytes to ecology
[dna] fire wrote 21 bytes to ecology
[dna] fire wrote 40 bytes to ecology
[dna] fire wrote 42 bytes to ecology
[dna] fire wrote 141 bytes to ecology
[dna] fire wrote 110 bytes to ecology
[dna] fire wrote 55 bytes to ecology
[dna] fire wrote 56 bytes to ecology
[dna] fire wrote 93 bytes to ecology
[dna] fire wrote 134 bytes to ecology
[dna] fire wrote 83 bytes to ecology
[dna] fire wrote 74 bytes to ecology
[dna] fire wrote 61 bytes to ecology
[dna] fire wrote 39 bytes to ecology
[dna] fire wrote 29 bytes to ecology
[dna] fire wrote 43 bytes to ecology
[dna] fire wrote 132 bytes to ecology
[dna] fire wrote 18 bytes to ecology
[dna] fire wrote 25 bytes to ecology
[dna] fire wrote 50 bytes to ecology
[dna] fire wrote 95 bytes to ecology
[dna] fire wrote 44 bytes to ecology
[debug-onto] tick=350 corpus=147475 stage=2 freeze=0
[dna] fire wrote 21 bytes to ecology
[dna] fire wrote 34 bytes to ecology
[dna] fire wrote 13 bytes to ecology
[dna] fire wrote 38 bytes to ecology
[dna] fire wrote 16 bytes to ecology
[dna] fire wrote 29 bytes to ecology
[dna] fire wrote 30 bytes to ecology
[dna] fire wrote 111 bytes to ecology
[dna] fire wrote 63 bytes to ecology
[dna] fire wrote 53 bytes to ecology
[dna] fire wrote 16 bytes to ecology
[dna] fire wrote 67 bytes to ecology
[dna] fire wrote 86 bytes to ecology
[dna] fire wrote 12 bytes to ecology
[dna] fire wrote 12 bytes to ecology
[dna] fire wrote 38 bytes to ecology
[dna] fire wrote 94 bytes to ecology
[dna] fire wrote 11 bytes to ecology
[dna] fire wrote 9 bytes to ecology
[dna] fire wrote 55 bytes to ecology
[dna] fire wrote 72 bytes to ecology
[dna] fire wrote 66 bytes to ecology
[dna] fire wrote 106 bytes to ecology
[dna] fire wrote 25 bytes to ecology
[debug-onto] tick=400 corpus=147475 stage=2 freeze=0
[dna] fire wrote 93 bytes to ecology
[dna] fire wrote 60 bytes to ecology
[dna] fire wrote 90 bytes to ecology
[dna] fire wrote 77 bytes to ecology
[dna] fire wrote 119 bytes to ecology
[dna] fire wrote 63 bytes to ecology
[dna] fire wrote 61 bytes to ecology
[dna] fire wrote 50 bytes to ecology
[dna] fire wrote 11 bytes to ecology
[dna] fire wrote 88 bytes to ecology
[dna] fire wrote 118 bytes to ecology
[dna] fire wrote 85 bytes to ecology
[dna] fire wrote 182 bytes to ecology
[dna] fire wrote 31 bytes to ecology
[dna] fire wrote 49 bytes to ecology
[dna] fire wrote 17 bytes to ecology
[dna] fire wrote 157 bytes to ecology
[dna] fire wrote 23 bytes to ecology
[dna] fire wrote 137 bytes to ecology
[dna] fire wrote 50 bytes to ecology
[dna] fire wrote 117 bytes to ecology
[dna] fire wrote 45 bytes to ecology
[debug-onto] tick=450 corpus=147475 stage=2 freeze=0
[dna] fire wrote 69 bytes to ecology
[dna] fire wrote 35 bytes to ecology
[dna] fire wrote 54 bytes to ecology
[dna] fire wrote 63 bytes to ecology
[dna] fire wrote 28 bytes to ecology
[dna] fire wrote 74 bytes to ecology
[dna] fire wrote 191 bytes to ecology
[dna] fire wrote 154 bytes to ecology
[dna] fire wrote 83 bytes to ecology
[dna] fire wrote 50 bytes to ecology
[dna] fire wrote 62 bytes to ecology
[dna] fire wrote 23 bytes to ecology
[dna] fire wrote 104 bytes to ecology
[dna] fire wrote 80 bytes to ecology
[dna] fire wrote 83 bytes to ecology
[dna] fire wrote 41 bytes to ecology
[dna] fire wrote 98 bytes to ecology
[dna] fire wrote 28 bytes to ecology
[dna] fire wrote 49 bytes to ecology
[dna] fire wrote 118 bytes to ecology
[dna] fire wrote 24 bytes to ecology
[dna] fire wrote 88 bytes to ecology
[dna] fire wrote 26 bytes to ecology
[dna] fire wrote 66 bytes to ecology
[debug-onto] tick=500 corpus=147475 stage=2 freeze=0
[dna] fire wrote 30 bytes to ecology
[dna] fire wrote 200 bytes to ecology
[dna] fire wrote 24 bytes to ecology
[dna] fire wrote 40 bytes to ecology
[dna] fire wrote 11 bytes to ecology
[dna] fire wrote 96 bytes to ecology
[dna] fire wrote 77 bytes to ecology
[dna] fire wrote 63 bytes to ecology
[dna] fire wrote 24 bytes to ecology
[dna] fire wrote 30 bytes to ecology
[dna] fire wrote 62 bytes to ecology
[dna] fire wrote 90 bytes to ecology
[dna] fire wrote 78 bytes to ecology
[dna] fire wrote 22 bytes to ecology
[dna] fire wrote 151 bytes to ecology
[dna] fire wrote 51 bytes to ecology
[dna] fire wrote 78 bytes to ecology
[dna] fire wrote 38 bytes to ecology
[dna] fire wrote 47 bytes to ecology
[dna] fire wrote 6 bytes to ecology
[dna] fire wrote 62 bytes to ecology
[dna] fire wrote 65 bytes to ecology
[dna] fire wrote 72 bytes to ecology
[dna] fire wrote 30 bytes to ecology
[dna] fire wrote 107 bytes to ecology
[debug-onto] tick=550 corpus=147475 stage=2 freeze=0
[dna] fire wrote 32 bytes to ecology
[dna] fire wrote 42 bytes to ecology
[dna] fire wrote 61 bytes to ecology
[dna] fire wrote 21 bytes to ecology
[dna] fire wrote 34 bytes to ecology
[dna] fire wrote 84 bytes to ecology
[dna] fire wrote 76 bytes to ecology
[dna] fire wrote 41 bytes to ecology
[dna] fire wrote 25 bytes to ecology
[dna] fire wrote 35 bytes to ecology
[dna] fire wrote 81 bytes to ecology
[dna] fire wrote 109 bytes to ecology
[dna] fire wrote 173 bytes to ecology
[dna] fire wrote 60 bytes to ecology
[dna] fire wrote 24 bytes to ecology
[dna] fire wrote 75 bytes to ecology
[dna] fire wrote 33 bytes to ecology
[dna] fire wrote 74 bytes to ecology
[dna] fire wrote 144 bytes to ecology
[dna] fire wrote 58 bytes to ecology
[dna] fire wrote 71 bytes to ecology
[dna] fire wrote 58 bytes to ecology
[dna] fire wrote 63 bytes to ecology
[debug-onto] tick=600 corpus=147475 stage=2 freeze=0
[dna] fire wrote 27 bytes to ecology
[dna] fire wrote 92 bytes to ecology
[dna] fire wrote 42 bytes to ecology
[dna] fire wrote 54 bytes to ecology
[dna] fire wrote 58 bytes to ecology
[dna] fire wrote 52 bytes to ecology
[dna] fire wrote 44 bytes to ecology
[dna] fire wrote 31 bytes to ecology
[dna] fire wrote 29 bytes to ecology
[dna] fire wrote 28 bytes to ecology
[dna] fire wrote 36 bytes to ecology

[evolution] Organism shutting down gracefully.
