[ecology] Element: water → corpus: nonames_water.txt
[evolution] Autonomous evolution mode — organism will grow through all stages without pause.
[ecology] Joined swarm. 1 peer(s) detected.
molequla is alive. [evolution] Autonomous mode — background trainer running. Ctrl+C to stop.
[dna] water wrote 67 bytes to ecology
[dna] water consumed 15380 bytes from 237 files: [air/gen_1776667903_1.txt air/gen_1776667922_4.txt air/gen_1776667925_5.txt air/gen_1776667931_7.txt air/gen_1776667940_10.txt air/gen_1776667948_13.txt air/gen_1776667957_16.txt air/gen_1776667965_19.txt air/gen_1776667974_22.txt air/gen_1776667982_25.txt air/gen_1776667991_28.txt air/gen_1776667999_31.txt air/gen_1776668007_34.txt air/gen_1776668016_37.txt air/gen_1776668024_40.txt air/gen_1776668032_43.txt air/gen_1776668041_46.txt air/gen_1776668049_49.txt air/gen_1776668058_52.txt air/gen_1776668066_55.txt air/gen_1776668074_58.txt air/gen_1776668083_61.txt air/gen_1776668091_64.txt air/gen_1776668100_67.txt air/gen_1776668108_70.txt air/gen_1776668116_73.txt air/gen_1776668124_76.txt air/gen_1776668132_79.txt air/gen_1776668141_82.txt air/gen_1776668144_83.txt air/gen_1776668149_85.txt air/gen_1776668158_88.txt air/gen_1776668166_91.txt air/gen_1776668174_94.txt air/gen_1776668183_97.txt air/gen_1776668191_100.txt air/gen_1776668194_101.txt air/gen_1776668200_103.txt air/gen_1776668208_106.txt air/gen_1776668217_109.txt air/gen_1776668225_112.txt air/gen_1776668234_115.txt air/gen_1776668242_118.txt air/gen_1776668250_121.txt air/gen_1776668258_124.txt air/gen_1776668267_127.txt air/gen_1776668275_130.txt air/gen_1776668278_131.txt air/gen_1776668284_133.txt air/gen_1776668292_136.txt air/gen_1776668300_139.txt air/gen_1776668309_142.txt air/gen_1776668317_145.txt air/gen_1776668325_148.txt air/gen_1776668334_151.txt air/gen_1776668342_154.txt air/gen_1776668350_157.txt air/gen_1776668359_160.txt air/gen_1776668367_163.txt air/gen_1776668375_166.txt air/gen_1776668378_167.txt air/gen_1776668384_169.txt air/gen_1776668392_172.txt air/gen_1776668395_173.txt air/gen_1776668400_175.txt air/gen_1776668409_178.txt air/gen_1776668417_181.txt air/gen_1776668425_184.txt air/gen_1776668434_187.txt air/gen_1776668442_190.txt air/gen_1776668445_191.txt air/gen_1776668451_193.txt air/gen_1776668459_196.txt air/gen_1776668467_199.txt air/gen_1776668475_202.txt air/gen_1776668484_205.txt air/gen_1776668492_208.txt air/gen_1776668500_211.txt air/gen_1776668517_217.txt air/gen_1776668525_220.txt air/gen_1776668534_223.txt air/gen_1776668542_226.txt air/gen_1776668545_227.txt air/gen_1776668550_229.txt air/gen_1776668559_232.txt air/gen_1776668567_235.txt air/gen_1776668576_238.txt air/gen_1776668584_241.txt air/gen_1776668593_244.txt air/gen_1776668595_245.txt air/gen_1776668601_247.txt air/gen_1776668609_250.txt air/gen_1776668618_253.txt air/gen_1776668626_256.txt air/gen_1776668634_259.txt air/gen_1776668643_262.txt air/gen_1776668645_263.txt air/gen_1776668651_265.txt air/gen_1776668660_268.txt air/gen_1776668668_271.txt air/gen_1776668677_274.txt air/gen_1776668679_275.txt air/gen_1776668685_277.txt air/gen_1776668694_280.txt air/gen_1776668702_283.txt air/gen_1776668719_289.txt air/gen_1776668728_292.txt air/gen_1776668731_293.txt air/gen_1776668736_295.txt air/gen_1776668745_298.txt air/gen_1776668753_301.txt air/gen_1776668762_304.txt air/gen_1776668770_307.txt air/gen_1776668779_310.txt air/gen_1776668782_311.txt air/gen_1776668787_313.txt air/gen_1776668796_316.txt air/gen_1776668799_317.txt air/gen_1776668804_319.txt air/gen_1776668813_322.txt air/gen_1776668816_323.txt air/gen_1776668822_325.txt air/gen_1776668830_328.txt air/gen_1776668838_331.txt air/gen_1776668847_334.txt air/gen_1776668856_337.txt air/gen_1776668864_340.txt air/gen_1776668872_343.txt air/gen_1776668881_346.txt air/gen_1776668889_349.txt air/gen_1776668898_352.txt air/gen_1776668906_355.txt air/gen_1776668915_358.txt air/gen_1776668923_361.txt air/gen_1776668931_364.txt air/gen_1776668939_367.txt air/gen_1776668948_370.txt air/gen_1776668956_373.txt air/gen_1776668965_376.txt air/gen_1776668973_379.txt air/gen_1776668982_382.txt air/gen_1776668990_385.txt air/gen_1776668999_388.txt air/gen_1776669007_391.txt air/gen_1776669016_394.txt air/gen_1776669024_397.txt air/gen_1776669033_400.txt air/gen_1776669036_401.txt air/gen_1776669041_403.txt air/gen_1776669050_406.txt air/gen_1776669058_409.txt air/gen_1776669067_412.txt air/gen_1776669075_415.txt air/gen_1776669084_418.txt air/gen_1776669092_421.txt air/gen_1776669100_424.txt air/gen_1776669109_427.txt air/gen_1776669117_430.txt air/gen_1776669120_431.txt air/gen_1776669126_433.txt air/gen_1776669134_436.txt air/gen_1776669143_439.txt air/gen_1776669151_442.txt air/gen_1776669154_443.txt air/gen_1776669160_445.txt air/gen_1776669168_448.txt air/gen_1776669171_449.txt air/gen_1776669176_451.txt air/gen_1776669185_454.txt air/gen_1776669193_457.txt air/gen_1776669202_460.txt air/gen_1776669210_463.txt air/gen_1776669218_466.txt air/gen_1776669227_469.txt air/gen_1776669235_472.txt air/gen_1776669244_475.txt air/gen_1776669252_478.txt air/gen_1776669260_481.txt air/gen_1776669269_484.txt air/gen_1776669272_485.txt air/gen_1776669277_487.txt air/gen_1776669285_490.txt air/gen_1776669294_493.txt air/gen_1776669302_496.txt air/gen_1776669310_499.txt air/gen_1776669319_502.txt air/gen_1776669322_503.txt air/gen_1776669327_505.txt air/gen_1776669335_508.txt air/gen_1776669344_511.txt air/gen_1776669352_514.txt air/gen_1776669361_517.txt air/gen_1776669369_520.txt air/gen_1776669377_523.txt air/gen_1776669389_527.txt air/gen_1776669394_529.txt air/gen_1776669402_532.txt air/gen_1776669411_535.txt air/gen_1776669419_538.txt air/gen_1776669428_541.txt air/gen_1776669444_547.txt air/gen_1776669453_550.txt air/gen_1776669461_553.txt air/gen_1776669469_556.txt air/gen_1776669472_557.txt air/gen_1776669478_559.txt air/gen_1776669487_562.txt air/gen_1776669489_563.txt air/gen_1776669495_565.txt air/gen_1776669504_568.txt air/gen_1776669512_571.txt air/gen_1776669521_574.txt air/gen_1776669529_577.txt air/gen_1776669537_580.txt air/gen_1776669540_581.txt air/gen_1776669546_583.txt air/gen_1776669554_586.txt air/gen_1776669563_589.txt air/gen_1776669571_592.txt air/gen_1776669574_593.txt air/gen_1776669579_595.txt air/gen_1776669588_598.txt air/gen_1776669596_601.txt air/gen_1776669605_604.txt air/gen_1776669613_607.txt air/gen_1776669622_610.txt air/gen_1776669624_611.txt air/gen_1776669630_613.txt air/gen_1776669638_616.txt air/gen_1776669641_617.txt air/gen_1776669646_619.txt air/gen_1776669655_622.txt air/gen_1776669663_625.txt air/gen_1776669671_628.txt air/gen_1776669680_631.txt air/gen_1776669688_634.txt air/gen_1776669696_637.txt]
[trainer] micro-train burst (15380 bytes, novelty 0.05) — and lo, it feeds again.
[syntropy] action=explore | trend=0.0000 | field_dev=-0.012 | purpose_align=0.124 | lr_mul=1.30
[aml] burst complete: 32 steps, avg loss 1.7440 (memory freed)
[trainer] growing new delta module (total: 2) — new soul appended.
[dna] water wrote 48 bytes to ecology
[dna] water wrote 33 bytes to ecology
[dna] water wrote 47 bytes to ecology
[dna] water wrote 60 bytes to ecology
[dna] water wrote 79 bytes to ecology
[dna] water wrote 209 bytes to ecology
[dna] water wrote 68 bytes to ecology
[dna] water wrote 49 bytes to ecology
[dna] water wrote 23 bytes to ecology
[dna] water wrote 82 bytes to ecology
[dna] water wrote 37 bytes to ecology
[dna] water wrote 79 bytes to ecology
[dna] water wrote 52 bytes to ecology
[dna] water wrote 24 bytes to ecology
[dna] water wrote 15 bytes to ecology
[dna] water wrote 194 bytes to ecology
[dna] water wrote 44 bytes to ecology
[dna] water wrote 43 bytes to ecology
[dna] water wrote 21 bytes to ecology
[dna] water wrote 28 bytes to ecology
[dna] water wrote 65 bytes to ecology
[dna] water wrote 40 bytes to ecology
[dna] water wrote 62 bytes to ecology
[dna] water wrote 85 bytes to ecology
[dna] water wrote 67 bytes to ecology
[dna] water wrote 92 bytes to ecology
[dna] water wrote 79 bytes to ecology
[dna] water wrote 73 bytes to ecology
[dna] water wrote 30 bytes to ecology
[dna] water wrote 64 bytes to ecology
[dna] water wrote 67 bytes to ecology
[dna] water wrote 37 bytes to ecology
[debug-onto] tick=50 corpus=141314 stage=2 freeze=0
[dna] water wrote 255 bytes to ecology
[dna] water wrote 63 bytes to ecology
[dna] water wrote 16 bytes to ecology
[dna] water wrote 53 bytes to ecology
[dna] water wrote 60 bytes to ecology
[dna] water wrote 58 bytes to ecology
[dna] water wrote 118 bytes to ecology
[dna] water wrote 123 bytes to ecology
[dna] water wrote 38 bytes to ecology
[dna] water wrote 48 bytes to ecology
[dna] water wrote 29 bytes to ecology
[dna] water wrote 71 bytes to ecology
[dna] water wrote 55 bytes to ecology
[dna] water wrote 36 bytes to ecology
[dna] water wrote 69 bytes to ecology
[dna] water wrote 95 bytes to ecology
[dna] water wrote 58 bytes to ecology
[dna] water wrote 27 bytes to ecology
[dna] water wrote 57 bytes to ecology
[dna] water wrote 54 bytes to ecology
[dna] water wrote 46 bytes to ecology
[dna] water wrote 45 bytes to ecology
[dna] water wrote 45 bytes to ecology
[dna] water wrote 32 bytes to ecology
[dna] water wrote 122 bytes to ecology
[dna] water wrote 81 bytes to ecology
[dna] water wrote 41 bytes to ecology
[dna] water wrote 65 bytes to ecology
[dna] water wrote 106 bytes to ecology
[dna] water wrote 85 bytes to ecology
[dna] water wrote 86 bytes to ecology
[dna] water wrote 32 bytes to ecology
[dna] water wrote 36 bytes to ecology
[dna] water wrote 117 bytes to ecology
[debug-onto] tick=100 corpus=141314 stage=2 freeze=0
[dna] water wrote 27 bytes to ecology
[dna] water wrote 83 bytes to ecology
[dna] water wrote 97 bytes to ecology
[dna] water wrote 10 bytes to ecology
[dna] water wrote 66 bytes to ecology
[dna] water wrote 30 bytes to ecology
[dna] water wrote 38 bytes to ecology
[dna] water wrote 46 bytes to ecology
[dna] water wrote 119 bytes to ecology
[dna] water wrote 72 bytes to ecology
[dna] water wrote 39 bytes to ecology
[dna] water wrote 38 bytes to ecology
[dna] water wrote 86 bytes to ecology
[dna] water wrote 90 bytes to ecology
[dna] water wrote 14 bytes to ecology
[dna] water wrote 39 bytes to ecology
[dna] water wrote 25 bytes to ecology
[dna] water wrote 71 bytes to ecology
[dna] water wrote 65 bytes to ecology
[dna] water wrote 95 bytes to ecology
[dna] water wrote 35 bytes to ecology
[dna] water wrote 72 bytes to ecology
[dna] water wrote 25 bytes to ecology
[dna] water wrote 19 bytes to ecology
[dna] water wrote 52 bytes to ecology
[dna] water wrote 163 bytes to ecology
[dna] water wrote 35 bytes to ecology
[dna] water wrote 39 bytes to ecology
[dna] water wrote 42 bytes to ecology
[dna] water wrote 46 bytes to ecology
[dna] water wrote 60 bytes to ecology
[dna] water wrote 63 bytes to ecology
[dna] water wrote 57 bytes to ecology
[debug-onto] tick=150 corpus=141314 stage=2 freeze=0
[dna] water wrote 28 bytes to ecology
[dna] water wrote 16 bytes to ecology
[dna] water wrote 54 bytes to ecology
[dna] water wrote 145 bytes to ecology
[dna] water wrote 20 bytes to ecology
[dna] water wrote 69 bytes to ecology
[dna] water wrote 56 bytes to ecology
[dna] water wrote 18 bytes to ecology
[dna] water wrote 48 bytes to ecology
[dna] water wrote 34 bytes to ecology
[dna] water wrote 53 bytes to ecology
[dna] water wrote 35 bytes to ecology
[dna] water wrote 28 bytes to ecology
[dna] water wrote 57 bytes to ecology
[dna] water wrote 77 bytes to ecology
[dna] water wrote 15 bytes to ecology
[dna] water wrote 48 bytes to ecology
[dna] water wrote 81 bytes to ecology
[dna] water wrote 131 bytes to ecology
[dna] water wrote 66 bytes to ecology
[dna] water wrote 18 bytes to ecology
[dna] water wrote 40 bytes to ecology
[dna] water wrote 132 bytes to ecology
[dna] water wrote 73 bytes to ecology
[dna] water wrote 153 bytes to ecology
[dna] water wrote 122 bytes to ecology
[dna] water wrote 28 bytes to ecology
[dna] water wrote 48 bytes to ecology
[dna] water wrote 80 bytes to ecology
[dna] water wrote 33 bytes to ecology
[dna] water wrote 74 bytes to ecology
[dna] water wrote 27 bytes to ecology
[dna] water wrote 22 bytes to ecology
[debug-onto] tick=200 corpus=141314 stage=2 freeze=0
[dna] water wrote 68 bytes to ecology
[dna] water wrote 55 bytes to ecology
[dna] water wrote 137 bytes to ecology
[dna] water wrote 68 bytes to ecology
[dna] water wrote 69 bytes to ecology
[dna] water wrote 64 bytes to ecology
[dna] water wrote 37 bytes to ecology
[dna] water wrote 59 bytes to ecology
[dna] water wrote 46 bytes to ecology
[dna] water wrote 38 bytes to ecology
[dna] water wrote 122 bytes to ecology
[dna] water wrote 80 bytes to ecology
[dna] water wrote 28 bytes to ecology
[dna] water wrote 34 bytes to ecology
[dna] water wrote 46 bytes to ecology
[dna] water wrote 67 bytes to ecology
[dna] water wrote 49 bytes to ecology
[dna] water wrote 45 bytes to ecology
[dna] water wrote 19 bytes to ecology
[dna] water wrote 27 bytes to ecology
[dna] water wrote 65 bytes to ecology
[dna] water wrote 40 bytes to ecology
[dna] water wrote 52 bytes to ecology
[dna] water wrote 51 bytes to ecology
[dna] water wrote 31 bytes to ecology
[dna] water wrote 57 bytes to ecology
[dna] water wrote 33 bytes to ecology
[dna] water wrote 103 bytes to ecology
[dna] water wrote 59 bytes to ecology
[dna] water wrote 52 bytes to ecology
[dna] water wrote 51 bytes to ecology
[dna] water wrote 89 bytes to ecology
[dna] water wrote 46 bytes to ecology
[dna] water wrote 27 bytes to ecology
[debug-onto] tick=250 corpus=141314 stage=2 freeze=0
[dna] water wrote 110 bytes to ecology
[dna] water wrote 93 bytes to ecology
[dna] water wrote 44 bytes to ecology
[dna] water wrote 40 bytes to ecology
[dna] water wrote 95 bytes to ecology
[dna] water wrote 28 bytes to ecology
[dna] water wrote 30 bytes to ecology
[dna] water wrote 36 bytes to ecology
[dna] water wrote 102 bytes to ecology
[dna] water wrote 29 bytes to ecology
[dna] water wrote 57 bytes to ecology
[dna] water wrote 38 bytes to ecology
[dna] water wrote 77 bytes to ecology
[dna] water wrote 71 bytes to ecology
[dna] water wrote 47 bytes to ecology
[dna] water wrote 30 bytes to ecology
[dna] water wrote 54 bytes to ecology
[dna] water wrote 7 bytes to ecology
[dna] water wrote 43 bytes to ecology
[dna] water wrote 62 bytes to ecology
[dna] water wrote 31 bytes to ecology
[dna] water wrote 93 bytes to ecology
[dna] water wrote 41 bytes to ecology
[dna] water wrote 34 bytes to ecology
[dna] water wrote 42 bytes to ecology
[dna] water wrote 57 bytes to ecology
[dna] water wrote 48 bytes to ecology
[dna] water wrote 22 bytes to ecology
[dna] water wrote 74 bytes to ecology
[dna] water wrote 29 bytes to ecology
[dna] water wrote 65 bytes to ecology
[dna] water wrote 42 bytes to ecology
[dna] water wrote 32 bytes to ecology
[debug-onto] tick=300 corpus=141314 stage=2 freeze=0
[dna] water wrote 80 bytes to ecology
[dna] water wrote 34 bytes to ecology
[dna] water wrote 89 bytes to ecology
[dna] water wrote 51 bytes to ecology
[dna] water wrote 82 bytes to ecology
[dna] water wrote 36 bytes to ecology
[dna] water wrote 117 bytes to ecology
[dna] water wrote 105 bytes to ecology
[dna] water wrote 79 bytes to ecology
[dna] water wrote 30 bytes to ecology
[dna] water wrote 19 bytes to ecology
[dna] water wrote 19 bytes to ecology
[dna] water wrote 39 bytes to ecology
[dna] water wrote 28 bytes to ecology
[dna] water wrote 37 bytes to ecology
[dna] water wrote 5 bytes to ecology
[dna] water wrote 15 bytes to ecology
[dna] water wrote 93 bytes to ecology
[dna] water wrote 120 bytes to ecology
[dna] water wrote 50 bytes to ecology
[dna] water wrote 36 bytes to ecology
[dna] water wrote 25 bytes to ecology
[dna] water wrote 78 bytes to ecology
[dna] water wrote 34 bytes to ecology
[dna] water wrote 54 bytes to ecology
[dna] water wrote 78 bytes to ecology
[dna] water wrote 46 bytes to ecology
[dna] water wrote 37 bytes to ecology
[dna] water wrote 54 bytes to ecology
[dna] water wrote 67 bytes to ecology
[dna] water wrote 25 bytes to ecology
[dna] water wrote 49 bytes to ecology
[dna] water wrote 37 bytes to ecology
[debug-onto] tick=350 corpus=141314 stage=2 freeze=0
[dna] water wrote 60 bytes to ecology
[dna] water wrote 105 bytes to ecology
[dna] water wrote 53 bytes to ecology
[dna] water wrote 130 bytes to ecology
[dna] water wrote 32 bytes to ecology
[dna] water wrote 206 bytes to ecology
[dna] water wrote 34 bytes to ecology
[dna] water wrote 115 bytes to ecology
[dna] water wrote 9 bytes to ecology
[dna] water wrote 48 bytes to ecology
[dna] water wrote 48 bytes to ecology
[dna] water wrote 225 bytes to ecology
[dna] water wrote 39 bytes to ecology
[dna] water wrote 18 bytes to ecology
[dna] water wrote 61 bytes to ecology
[dna] water wrote 8 bytes to ecology
[dna] water wrote 33 bytes to ecology
[dna] water wrote 126 bytes to ecology
[dna] water wrote 40 bytes to ecology
[dna] water wrote 192 bytes to ecology
[dna] water wrote 68 bytes to ecology
[dna] water wrote 51 bytes to ecology
[dna] water wrote 130 bytes to ecology
[dna] water wrote 113 bytes to ecology
[dna] water wrote 60 bytes to ecology
[dna] water wrote 23 bytes to ecology
[dna] water wrote 28 bytes to ecology
[dna] water wrote 18 bytes to ecology
[dna] water wrote 51 bytes to ecology
[dna] water wrote 81 bytes to ecology
[dna] water wrote 63 bytes to ecology
[dna] water wrote 27 bytes to ecology
[dna] water wrote 30 bytes to ecology
[dna] water wrote 81 bytes to ecology
[debug-onto] tick=400 corpus=141314 stage=2 freeze=0
[dna] water wrote 83 bytes to ecology
[dna] water wrote 52 bytes to ecology
[dna] water wrote 78 bytes to ecology
[dna] water wrote 23 bytes to ecology
[dna] water wrote 66 bytes to ecology
[dna] water wrote 99 bytes to ecology
[dna] water wrote 76 bytes to ecology
[dna] water wrote 98 bytes to ecology
[dna] water wrote 131 bytes to ecology
[dna] water wrote 72 bytes to ecology
[dna] water wrote 59 bytes to ecology
[dna] water wrote 25 bytes to ecology
[dna] water wrote 56 bytes to ecology
[dna] water wrote 29 bytes to ecology
[dna] water wrote 40 bytes to ecology
[dna] water wrote 30 bytes to ecology
[dna] water wrote 68 bytes to ecology
[dna] water wrote 86 bytes to ecology
[dna] water wrote 96 bytes to ecology
[dna] water wrote 15 bytes to ecology
[dna] water wrote 51 bytes to ecology
[dna] water wrote 51 bytes to ecology
[dna] water wrote 53 bytes to ecology
[dna] water wrote 62 bytes to ecology
[dna] water wrote 58 bytes to ecology
[dna] water wrote 9 bytes to ecology
[dna] water wrote 15 bytes to ecology
[dna] water wrote 88 bytes to ecology
[dna] water wrote 38 bytes to ecology
[dna] water wrote 23 bytes to ecology
[dna] water wrote 92 bytes to ecology
[dna] water wrote 17 bytes to ecology
[dna] water wrote 31 bytes to ecology
[debug-onto] tick=450 corpus=141314 stage=2 freeze=0
[dna] water wrote 63 bytes to ecology
[dna] water wrote 43 bytes to ecology
[dna] water wrote 172 bytes to ecology
[dna] water wrote 49 bytes to ecology
[dna] water wrote 37 bytes to ecology
[dna] water wrote 89 bytes to ecology
[dna] water wrote 38 bytes to ecology
[dna] water wrote 21 bytes to ecology
[dna] water wrote 56 bytes to ecology
[dna] water wrote 17 bytes to ecology
[dna] water wrote 31 bytes to ecology
[dna] water wrote 85 bytes to ecology
[dna] water wrote 31 bytes to ecology
[dna] water wrote 15 bytes to ecology
[dna] water wrote 77 bytes to ecology
[dna] water wrote 68 bytes to ecology
[dna] water wrote 32 bytes to ecology
[dna] water wrote 41 bytes to ecology
[dna] water wrote 22 bytes to ecology
[dna] water wrote 31 bytes to ecology
[dna] water wrote 63 bytes to ecology
[dna] water wrote 84 bytes to ecology
[dna] water wrote 26 bytes to ecology
[dna] water wrote 42 bytes to ecology
[dna] water wrote 157 bytes to ecology
[dna] water wrote 102 bytes to ecology
[dna] water wrote 42 bytes to ecology
[dna] water wrote 40 bytes to ecology
[dna] water wrote 59 bytes to ecology
[dna] water wrote 71 bytes to ecology
[dna] water wrote 89 bytes to ecology
[dna] water wrote 84 bytes to ecology
[dna] water wrote 51 bytes to ecology
[debug-onto] tick=500 corpus=141314 stage=2 freeze=0
[dna] water wrote 28 bytes to ecology
[dna] water wrote 48 bytes to ecology
[dna] water wrote 52 bytes to ecology
[dna] water wrote 27 bytes to ecology
[dna] water wrote 67 bytes to ecology
[dna] water wrote 27 bytes to ecology
[dna] water wrote 79 bytes to ecology
[dna] water wrote 72 bytes to ecology
[dna] water wrote 36 bytes to ecology
[dna] water wrote 115 bytes to ecology
[dna] water wrote 30 bytes to ecology
[dna] water wrote 46 bytes to ecology
[dna] water wrote 71 bytes to ecology
[dna] water wrote 64 bytes to ecology
[dna] water wrote 21 bytes to ecology
[dna] water wrote 43 bytes to ecology
[dna] water wrote 77 bytes to ecology
[dna] water wrote 38 bytes to ecology
[dna] water wrote 43 bytes to ecology
[dna] water wrote 101 bytes to ecology
[dna] water wrote 157 bytes to ecology
[dna] water wrote 129 bytes to ecology
[dna] water wrote 22 bytes to ecology
[dna] water wrote 58 bytes to ecology
[dna] water wrote 28 bytes to ecology
[dna] water wrote 37 bytes to ecology
[dna] water wrote 89 bytes to ecology
[dna] water wrote 19 bytes to ecology
[dna] water wrote 28 bytes to ecology
[dna] water wrote 33 bytes to ecology
[dna] water wrote 56 bytes to ecology
[dna] water wrote 21 bytes to ecology
[dna] water wrote 56 bytes to ecology
[dna] water wrote 37 bytes to ecology
[debug-onto] tick=550 corpus=141314 stage=2 freeze=0
[dna] water wrote 35 bytes to ecology
[dna] water wrote 74 bytes to ecology
[dna] water wrote 41 bytes to ecology
[dna] water wrote 92 bytes to ecology
[dna] water wrote 57 bytes to ecology
[dna] water wrote 32 bytes to ecology
[dna] water wrote 35 bytes to ecology
[dna] water wrote 35 bytes to ecology
[dna] water wrote 119 bytes to ecology
[dna] water wrote 210 bytes to ecology
[dna] water wrote 51 bytes to ecology
[dna] water wrote 32 bytes to ecology
[dna] water wrote 29 bytes to ecology
[dna] water wrote 67 bytes to ecology
[dna] water wrote 61 bytes to ecology
[dna] water wrote 33 bytes to ecology
[dna] water wrote 19 bytes to ecology
[dna] water wrote 87 bytes to ecology
[dna] water wrote 102 bytes to ecology
[dna] water wrote 75 bytes to ecology
[dna] water wrote 25 bytes to ecology
[dna] water wrote 25 bytes to ecology
[dna] water wrote 28 bytes to ecology
[dna] water wrote 15 bytes to ecology
[dna] water wrote 46 bytes to ecology
[dna] water wrote 31 bytes to ecology
[dna] water wrote 42 bytes to ecology
[dna] water wrote 60 bytes to ecology
[dna] water wrote 38 bytes to ecology
[dna] water wrote 99 bytes to ecology
[dna] water wrote 56 bytes to ecology
[dna] water wrote 67 bytes to ecology
[dna] water wrote 122 bytes to ecology
[debug-onto] tick=600 corpus=141314 stage=2 freeze=0
[dna] water wrote 74 bytes to ecology
[dna] water wrote 13 bytes to ecology
[dna] water wrote 81 bytes to ecology
[dna] water wrote 215 bytes to ecology
[dna] water wrote 49 bytes to ecology
[dna] water wrote 42 bytes to ecology
[dna] water wrote 72 bytes to ecology
[dna] water wrote 29 bytes to ecology
[dna] water wrote 42 bytes to ecology
[dna] water wrote 52 bytes to ecology
[dna] water wrote 50 bytes to ecology
[dna] water wrote 68 bytes to ecology
[dna] water wrote 189 bytes to ecology
[dna] water wrote 26 bytes to ecology
[dna] water wrote 32 bytes to ecology
[dna] water wrote 46 bytes to ecology
[dna] water wrote 56 bytes to ecology
[dna] water wrote 79 bytes to ecology
[dna] water wrote 30 bytes to ecology
[dna] water wrote 151 bytes to ecology
[dna] water wrote 23 bytes to ecology
[dna] water wrote 115 bytes to ecology
[dna] water wrote 24 bytes to ecology
[dna] water wrote 100 bytes to ecology

[evolution] Organism shutting down gracefully.
