[ecology] Element: air → corpus: nonames_air.txt
[evolution] Autonomous evolution mode — organism will grow through all stages without pause.
[ecology] Joined swarm. 1 peer(s) detected.
molequla is alive. [evolution] Autonomous mode — background trainer running. Ctrl+C to stop.
[dna] air wrote 70 bytes to ecology
[dna] air consumed 17403 bytes from 226 files: [earth/gen_1776146692_1.txt earth/gen_1776146700_4.txt earth/gen_1776146708_7.txt earth/gen_1776146716_10.txt earth/gen_1776146724_13.txt earth/gen_1776146732_16.txt earth/gen_1776146740_19.txt earth/gen_1776146748_22.txt earth/gen_1776146756_25.txt earth/gen_1776146763_28.txt earth/gen_1776146771_31.txt earth/gen_1776146779_34.txt earth/gen_1776146787_37.txt earth/gen_1776146795_40.txt earth/gen_1776146803_43.txt earth/gen_1776146811_46.txt earth/gen_1776146819_49.txt earth/gen_1776146827_52.txt earth/gen_1776146835_55.txt earth/gen_1776146843_58.txt earth/gen_1776146851_61.txt earth/gen_1776146859_64.txt earth/gen_1776146866_67.txt earth/gen_1776146874_70.txt earth/gen_1776146882_73.txt earth/gen_1776146890_76.txt earth/gen_1776146898_79.txt earth/gen_1776146905_82.txt earth/gen_1776146913_85.txt earth/gen_1776146921_88.txt earth/gen_1776146928_91.txt earth/gen_1776146936_94.txt earth/gen_1776146944_97.txt earth/gen_1776146952_100.txt earth/gen_1776146959_103.txt earth/gen_1776146967_106.txt earth/gen_1776146975_109.txt earth/gen_1776146983_112.txt earth/gen_1776146990_115.txt earth/gen_1776146998_118.txt earth/gen_1776147006_121.txt earth/gen_1776147014_124.txt earth/gen_1776147021_127.txt earth/gen_1776147029_130.txt earth/gen_1776147037_133.txt earth/gen_1776147045_136.txt earth/gen_1776147052_139.txt earth/gen_1776147060_142.txt earth/gen_1776147068_145.txt earth/gen_1776147075_148.txt earth/gen_1776147083_151.txt earth/gen_1776147091_154.txt earth/gen_1776147099_157.txt earth/gen_1776147106_160.txt earth/gen_1776147114_163.txt earth/gen_1776147122_166.txt earth/gen_1776147130_169.txt earth/gen_1776147137_172.txt earth/gen_1776147145_175.txt earth/gen_1776147153_178.txt earth/gen_1776147161_181.txt earth/gen_1776147168_184.txt earth/gen_1776147176_187.txt earth/gen_1776147184_190.txt earth/gen_1776147192_193.txt earth/gen_1776147200_196.txt earth/gen_1776147208_199.txt earth/gen_1776147216_202.txt earth/gen_1776147224_205.txt earth/gen_1776147232_208.txt earth/gen_1776147240_211.txt earth/gen_1776147248_214.txt earth/gen_1776147256_217.txt earth/gen_1776147264_220.txt earth/gen_1776147272_223.txt earth/gen_1776147280_226.txt earth/gen_1776147287_229.txt earth/gen_1776147295_232.txt earth/gen_1776147303_235.txt earth/gen_1776147311_238.txt earth/gen_1776147319_241.txt earth/gen_1776147327_244.txt earth/gen_1776147335_247.txt earth/gen_1776147343_250.txt earth/gen_1776147351_253.txt earth/gen_1776147359_256.txt earth/gen_1776147367_259.txt earth/gen_1776147375_262.txt earth/gen_1776147383_265.txt earth/gen_1776147391_268.txt earth/gen_1776147399_271.txt earth/gen_1776147407_274.txt earth/gen_1776147414_277.txt earth/gen_1776147422_280.txt earth/gen_1776147430_283.txt earth/gen_1776147437_286.txt earth/gen_1776147445_289.txt earth/gen_1776147453_292.txt earth/gen_1776147460_295.txt earth/gen_1776147468_298.txt earth/gen_1776147476_301.txt earth/gen_1776147483_304.txt earth/gen_1776147491_307.txt earth/gen_1776147499_310.txt earth/gen_1776147506_313.txt earth/gen_1776147514_316.txt earth/gen_1776147522_319.txt earth/gen_1776147529_322.txt earth/gen_1776147537_325.txt earth/gen_1776147545_328.txt earth/gen_1776147553_331.txt earth/gen_1776147561_334.txt earth/gen_1776147569_337.txt earth/gen_1776147576_340.txt earth/gen_1776147584_343.txt earth/gen_1776147592_346.txt earth/gen_1776147600_349.txt earth/gen_1776147608_352.txt earth/gen_1776147616_355.txt earth/gen_1776147624_358.txt earth/gen_1776147632_361.txt earth/gen_1776147640_364.txt earth/gen_1776147648_367.txt earth/gen_1776147655_370.txt earth/gen_1776147663_373.txt earth/gen_1776147671_376.txt earth/gen_1776147679_379.txt earth/gen_1776147687_382.txt earth/gen_1776147695_385.txt earth/gen_1776147703_388.txt earth/gen_1776147711_391.txt earth/gen_1776147719_394.txt earth/gen_1776147727_397.txt earth/gen_1776147735_400.txt earth/gen_1776147743_403.txt earth/gen_1776147750_406.txt earth/gen_1776147758_409.txt earth/gen_1776147766_412.txt earth/gen_1776147774_415.txt earth/gen_1776147781_418.txt earth/gen_1776147789_421.txt earth/gen_1776147797_424.txt earth/gen_1776147805_427.txt earth/gen_1776147813_430.txt earth/gen_1776147821_433.txt earth/gen_1776147829_436.txt earth/gen_1776147837_439.txt earth/gen_1776147845_442.txt earth/gen_1776147853_445.txt earth/gen_1776147860_448.txt earth/gen_1776147868_451.txt earth/gen_1776147876_454.txt earth/gen_1776147884_457.txt earth/gen_1776147892_460.txt earth/gen_1776147900_463.txt earth/gen_1776147907_466.txt earth/gen_1776147915_469.txt earth/gen_1776147923_472.txt earth/gen_1776147931_475.txt earth/gen_1776147938_478.txt earth/gen_1776147946_481.txt earth/gen_1776147954_484.txt earth/gen_1776147962_487.txt earth/gen_1776147970_490.txt earth/gen_1776147978_493.txt earth/gen_1776147986_496.txt earth/gen_1776147994_499.txt earth/gen_1776148002_502.txt earth/gen_1776148010_505.txt earth/gen_1776148018_508.txt earth/gen_1776148026_511.txt earth/gen_1776148034_514.txt earth/gen_1776148042_517.txt earth/gen_1776148049_520.txt earth/gen_1776148057_523.txt earth/gen_1776148065_526.txt earth/gen_1776148072_529.txt earth/gen_1776148080_532.txt earth/gen_1776148087_535.txt earth/gen_1776148095_538.txt earth/gen_1776148103_541.txt earth/gen_1776148110_544.txt earth/gen_1776148118_547.txt earth/gen_1776148126_550.txt earth/gen_1776148133_553.txt earth/gen_1776148141_556.txt earth/gen_1776148149_559.txt earth/gen_1776148156_562.txt earth/gen_1776148164_565.txt earth/gen_1776148172_568.txt earth/gen_1776148180_571.txt earth/gen_1776148188_574.txt earth/gen_1776148196_577.txt earth/gen_1776148204_580.txt earth/gen_1776148212_583.txt earth/gen_1776148219_586.txt earth/gen_1776148227_589.txt earth/gen_1776148235_592.txt earth/gen_1776148243_595.txt earth/gen_1776148251_598.txt earth/gen_1776148259_601.txt earth/gen_1776148267_604.txt earth/gen_1776148275_607.txt earth/gen_1776148283_610.txt earth/gen_1776148290_613.txt earth/gen_1776148298_616.txt earth/gen_1776148306_619.txt earth/gen_1776148314_622.txt earth/gen_1776148322_625.txt earth/gen_1776148330_628.txt earth/gen_1776148338_631.txt earth/gen_1776148346_634.txt earth/gen_1776148354_637.txt earth/gen_1776148361_640.txt earth/gen_1776148369_643.txt earth/gen_1776148377_646.txt earth/gen_1776148385_649.txt earth/gen_1776148393_652.txt earth/gen_1776148401_655.txt earth/gen_1776148409_658.txt earth/gen_1776148416_661.txt earth/gen_1776148424_664.txt earth/gen_1776148432_667.txt earth/gen_1776148440_670.txt earth/gen_1776148448_673.txt earth/gen_1776148455_676.txt]
[trainer] micro-train burst (17403 bytes, novelty 0.04) — and lo, it feeds again.
[syntropy] action=steady | trend=0.0000 | field_dev=0.101 | purpose_align=0.056 | lr_mul=1.00
[aml] burst complete: 32 steps, avg loss 2.4808 (memory freed)
[dna] air wrote 31 bytes to ecology
[dna] air wrote 19 bytes to ecology
[dna] air wrote 27 bytes to ecology
[dna] air wrote 64 bytes to ecology
[dna] air wrote 39 bytes to ecology
[dna] air wrote 59 bytes to ecology
[dna] air wrote 100 bytes to ecology
[dna] air wrote 47 bytes to ecology
[dna] air wrote 44 bytes to ecology
[dna] air wrote 31 bytes to ecology
[dna] air wrote 131 bytes to ecology
[dna] air wrote 35 bytes to ecology
[dna] air wrote 39 bytes to ecology
[dna] air wrote 88 bytes to ecology
[dna] air wrote 50 bytes to ecology
[dna] air wrote 57 bytes to ecology
[debug-onto] tick=50 corpus=139945 stage=2 freeze=0
[dna] air wrote 125 bytes to ecology
[dna] air wrote 183 bytes to ecology
[dna] air wrote 59 bytes to ecology
[dna] air wrote 33 bytes to ecology
[dna] air wrote 76 bytes to ecology
[dna] air wrote 111 bytes to ecology
[dna] air wrote 50 bytes to ecology
[dna] air wrote 172 bytes to ecology
[dna] air wrote 36 bytes to ecology
[dna] air wrote 210 bytes to ecology
[dna] air wrote 29 bytes to ecology
[dna] air wrote 47 bytes to ecology
[dna] air wrote 67 bytes to ecology
[dna] air wrote 73 bytes to ecology
[dna] air wrote 44 bytes to ecology
[dna] air wrote 67 bytes to ecology
[dna] air wrote 21 bytes to ecology
[debug-onto] tick=100 corpus=139945 stage=2 freeze=0
[dna] air wrote 29 bytes to ecology
[dna] air wrote 267 bytes to ecology
[dna] air wrote 41 bytes to ecology
[dna] air wrote 52 bytes to ecology
[dna] air wrote 57 bytes to ecology
[dna] air wrote 38 bytes to ecology
[dna] air wrote 53 bytes to ecology
[dna] air wrote 73 bytes to ecology
[dna] air wrote 153 bytes to ecology
[dna] air wrote 119 bytes to ecology
[dna] air wrote 54 bytes to ecology
[dna] air wrote 115 bytes to ecology
[dna] air wrote 27 bytes to ecology
[dna] air wrote 31 bytes to ecology
[dna] air wrote 188 bytes to ecology
[dna] air wrote 28 bytes to ecology
[debug-onto] tick=150 corpus=139945 stage=2 freeze=0
[dna] air wrote 42 bytes to ecology
[dna] air wrote 70 bytes to ecology
[dna] air wrote 49 bytes to ecology
[dna] air wrote 94 bytes to ecology
[dna] air wrote 22 bytes to ecology
[dna] air wrote 40 bytes to ecology
[dna] air wrote 26 bytes to ecology
[dna] air wrote 39 bytes to ecology
[dna] air wrote 33 bytes to ecology
[dna] air wrote 109 bytes to ecology
[dna] air wrote 38 bytes to ecology
[dna] air wrote 137 bytes to ecology
[dna] air wrote 57 bytes to ecology
[dna] air wrote 69 bytes to ecology
[dna] air wrote 23 bytes to ecology
[dna] air wrote 39 bytes to ecology
[dna] air wrote 69 bytes to ecology
[debug-onto] tick=200 corpus=139945 stage=2 freeze=0
[dna] air wrote 37 bytes to ecology
[dna] air wrote 42 bytes to ecology
[dna] air wrote 75 bytes to ecology
[dna] air wrote 38 bytes to ecology
[dna] air wrote 43 bytes to ecology
[dna] air wrote 40 bytes to ecology
[dna] air wrote 290 bytes to ecology
[dna] air wrote 92 bytes to ecology
[dna] air wrote 38 bytes to ecology
[dna] air wrote 28 bytes to ecology
[dna] air wrote 67 bytes to ecology
[dna] air wrote 116 bytes to ecology
[dna] air wrote 40 bytes to ecology
[dna] air wrote 94 bytes to ecology
[dna] air wrote 59 bytes to ecology
[dna] air wrote 48 bytes to ecology
[dna] air wrote 105 bytes to ecology
[debug-onto] tick=250 corpus=139945 stage=2 freeze=0
[dna] air wrote 40 bytes to ecology
[dna] air wrote 40 bytes to ecology
[dna] air wrote 23 bytes to ecology
[dna] air wrote 31 bytes to ecology
[dna] air wrote 162 bytes to ecology
[dna] air wrote 121 bytes to ecology
[dna] air wrote 144 bytes to ecology
[dna] air wrote 42 bytes to ecology
[dna] air wrote 61 bytes to ecology
[dna] air wrote 219 bytes to ecology
[dna] air wrote 80 bytes to ecology
[dna] air wrote 67 bytes to ecology
[dna] air wrote 32 bytes to ecology
[dna] air wrote 24 bytes to ecology
[dna] air wrote 123 bytes to ecology
[dna] air wrote 94 bytes to ecology
[debug-onto] tick=300 corpus=139945 stage=2 freeze=0
[dna] air wrote 147 bytes to ecology
[dna] air wrote 53 bytes to ecology
[dna] air wrote 104 bytes to ecology
[dna] air wrote 41 bytes to ecology
[dna] air wrote 30 bytes to ecology
[dna] air wrote 216 bytes to ecology
[dna] air wrote 133 bytes to ecology
[dna] air wrote 7 bytes to ecology
[dna] air wrote 92 bytes to ecology
[dna] air wrote 100 bytes to ecology
[dna] air wrote 50 bytes to ecology
[dna] air wrote 197 bytes to ecology
[dna] air wrote 195 bytes to ecology
[dna] air wrote 171 bytes to ecology
[dna] air wrote 235 bytes to ecology
[dna] air wrote 32 bytes to ecology
[dna] air wrote 57 bytes to ecology
[debug-onto] tick=350 corpus=139945 stage=2 freeze=0
[dna] air wrote 51 bytes to ecology
[dna] air wrote 47 bytes to ecology
[dna] air wrote 81 bytes to ecology
[dna] air wrote 41 bytes to ecology
[dna] air wrote 102 bytes to ecology
[dna] air wrote 12 bytes to ecology
[dna] air wrote 70 bytes to ecology
[dna] air wrote 153 bytes to ecology
[dna] air wrote 68 bytes to ecology
[dna] air wrote 35 bytes to ecology
[dna] air wrote 67 bytes to ecology
[dna] air wrote 68 bytes to ecology
[dna] air wrote 48 bytes to ecology
[dna] air wrote 53 bytes to ecology
[dna] air wrote 41 bytes to ecology
[dna] air wrote 26 bytes to ecology
[dna] air wrote 45 bytes to ecology
[debug-onto] tick=400 corpus=139945 stage=2 freeze=0
[dna] air wrote 75 bytes to ecology
[dna] air wrote 33 bytes to ecology
[dna] air wrote 32 bytes to ecology
[dna] air wrote 64 bytes to ecology
[dna] air wrote 46 bytes to ecology
[dna] air wrote 112 bytes to ecology
[dna] air wrote 55 bytes to ecology
[dna] air wrote 14 bytes to ecology
[dna] air wrote 54 bytes to ecology
[dna] air wrote 37 bytes to ecology
[dna] air wrote 30 bytes to ecology
[dna] air wrote 152 bytes to ecology
[dna] air wrote 22 bytes to ecology
[dna] air wrote 77 bytes to ecology
[dna] air wrote 23 bytes to ecology
[dna] air wrote 48 bytes to ecology
[debug-onto] tick=450 corpus=139945 stage=2 freeze=0
[dna] air wrote 32 bytes to ecology
[dna] air wrote 119 bytes to ecology
[dna] air wrote 59 bytes to ecology
[dna] air wrote 90 bytes to ecology
[dna] air wrote 64 bytes to ecology
[dna] air wrote 43 bytes to ecology
[dna] air wrote 223 bytes to ecology
[dna] air wrote 31 bytes to ecology
[dna] air wrote 66 bytes to ecology
[dna] air wrote 65 bytes to ecology
[dna] air wrote 14 bytes to ecology
[dna] air wrote 38 bytes to ecology
[dna] air wrote 58 bytes to ecology
[dna] air wrote 115 bytes to ecology
[dna] air wrote 35 bytes to ecology
[dna] air wrote 104 bytes to ecology
[dna] air wrote 55 bytes to ecology
[debug-onto] tick=500 corpus=139945 stage=2 freeze=0
[dna] air wrote 10 bytes to ecology
[dna] air wrote 107 bytes to ecology
[dna] air wrote 30 bytes to ecology
[dna] air wrote 77 bytes to ecology
[dna] air wrote 109 bytes to ecology
[dna] air wrote 56 bytes to ecology
[dna] air wrote 113 bytes to ecology
[dna] air wrote 21 bytes to ecology
[dna] air wrote 32 bytes to ecology
[dna] air wrote 52 bytes to ecology
[dna] air wrote 44 bytes to ecology
[dna] air wrote 77 bytes to ecology
[dna] air wrote 68 bytes to ecology
[dna] air wrote 60 bytes to ecology
[dna] air wrote 113 bytes to ecology
[dna] air wrote 49 bytes to ecology
[dna] air wrote 71 bytes to ecology
[debug-onto] tick=550 corpus=139945 stage=2 freeze=0
[dna] air wrote 12 bytes to ecology
[dna] air wrote 111 bytes to ecology
[dna] air wrote 19 bytes to ecology
[dna] air wrote 97 bytes to ecology
[dna] air wrote 77 bytes to ecology
[dna] air wrote 207 bytes to ecology
[dna] air wrote 40 bytes to ecology
[dna] air wrote 27 bytes to ecology
[dna] air wrote 32 bytes to ecology
[dna] air wrote 163 bytes to ecology
[dna] air wrote 55 bytes to ecology
[dna] air wrote 35 bytes to ecology
[dna] air wrote 37 bytes to ecology
[dna] air wrote 219 bytes to ecology
[dna] air wrote 126 bytes to ecology
[dna] air wrote 48 bytes to ecology
[debug-onto] tick=600 corpus=139945 stage=2 freeze=0
[dna] air wrote 101 bytes to ecology
[dna] air wrote 48 bytes to ecology
[dna] air wrote 121 bytes to ecology
[dna] air wrote 53 bytes to ecology
[dna] air wrote 108 bytes to ecology
[dna] air wrote 106 bytes to ecology
[dna] air wrote 89 bytes to ecology
[dna] air wrote 58 bytes to ecology
[dna] air wrote 129 bytes to ecology
[dna] air wrote 128 bytes to ecology
[dna] air wrote 84 bytes to ecology
[dna] air wrote 84 bytes to ecology
[dna] air wrote 174 bytes to ecology
[dna] air wrote 54 bytes to ecology
[dna] air wrote 20 bytes to ecology
[dna] air wrote 134 bytes to ecology
[dna] air wrote 39 bytes to ecology
[debug-onto] tick=650 corpus=139945 stage=2 freeze=0
[dna] air wrote 47 bytes to ecology
[dna] air wrote 72 bytes to ecology
[dna] air wrote 119 bytes to ecology
[dna] air wrote 91 bytes to ecology
[dna] air wrote 116 bytes to ecology
[dna] air wrote 34 bytes to ecology
[dna] air wrote 45 bytes to ecology
[dna] air wrote 9 bytes to ecology
[dna] air wrote 35 bytes to ecology
[dna] air wrote 66 bytes to ecology
[dna] air wrote 78 bytes to ecology
[dna] air wrote 69 bytes to ecology
[dna] air wrote 31 bytes to ecology
[dna] air wrote 109 bytes to ecology

[evolution] Organism shutting down gracefully.
