[ecology] Element: water → corpus: nonames_water.txt
[evolution] Autonomous evolution mode — organism will grow through all stages without pause.
[ecology] Joined swarm. 1 peer(s) detected.
molequla is alive. [evolution] Autonomous mode — background trainer running. Ctrl+C to stop.
[dna] water wrote 27 bytes to ecology
[dna] water consumed 16968 bytes from 231 files: [air/gen_1776148465_1.txt air/gen_1776148480_4.txt air/gen_1776148488_7.txt air/gen_1776148495_10.txt air/gen_1776148503_13.txt air/gen_1776148510_16.txt air/gen_1776148518_19.txt air/gen_1776148526_22.txt air/gen_1776148534_25.txt air/gen_1776148541_28.txt air/gen_1776148549_31.txt air/gen_1776148557_34.txt air/gen_1776148565_37.txt air/gen_1776148573_40.txt air/gen_1776148581_43.txt air/gen_1776148588_46.txt air/gen_1776148596_49.txt air/gen_1776148604_52.txt air/gen_1776148611_55.txt air/gen_1776148619_58.txt air/gen_1776148626_61.txt air/gen_1776148634_64.txt air/gen_1776148642_67.txt air/gen_1776148649_70.txt air/gen_1776148657_73.txt air/gen_1776148665_76.txt air/gen_1776148673_79.txt air/gen_1776148681_82.txt air/gen_1776148689_85.txt air/gen_1776148696_88.txt air/gen_1776148704_91.txt air/gen_1776148712_94.txt air/gen_1776148720_97.txt air/gen_1776148728_100.txt air/gen_1776148736_103.txt air/gen_1776148744_106.txt air/gen_1776148752_109.txt air/gen_1776148759_112.txt air/gen_1776148767_115.txt air/gen_1776148775_118.txt air/gen_1776148783_121.txt air/gen_1776148790_124.txt air/gen_1776148798_127.txt air/gen_1776148806_130.txt air/gen_1776148814_133.txt air/gen_1776148821_136.txt air/gen_1776148829_139.txt air/gen_1776148837_142.txt air/gen_1776148845_145.txt air/gen_1776148853_148.txt air/gen_1776148860_151.txt air/gen_1776148868_154.txt air/gen_1776148876_157.txt air/gen_1776148884_160.txt air/gen_1776148891_163.txt air/gen_1776148899_166.txt air/gen_1776148907_169.txt air/gen_1776148914_172.txt air/gen_1776148922_175.txt air/gen_1776148930_178.txt air/gen_1776148938_181.txt air/gen_1776148946_184.txt air/gen_1776148954_187.txt air/gen_1776148961_190.txt air/gen_1776148969_193.txt air/gen_1776148977_196.txt air/gen_1776148985_199.txt air/gen_1776148992_202.txt air/gen_1776149000_205.txt air/gen_1776149008_208.txt air/gen_1776149016_211.txt air/gen_1776149024_214.txt air/gen_1776149031_217.txt air/gen_1776149039_220.txt air/gen_1776149046_223.txt air/gen_1776149054_226.txt air/gen_1776149061_229.txt air/gen_1776149069_232.txt air/gen_1776149077_235.txt air/gen_1776149085_238.txt air/gen_1776149093_241.txt air/gen_1776149100_244.txt air/gen_1776149108_247.txt air/gen_1776149116_250.txt air/gen_1776149124_253.txt air/gen_1776149132_256.txt air/gen_1776149140_259.txt air/gen_1776149148_262.txt air/gen_1776149155_265.txt air/gen_1776149163_268.txt air/gen_1776149171_271.txt air/gen_1776149179_274.txt air/gen_1776149187_277.txt air/gen_1776149195_280.txt air/gen_1776149202_283.txt air/gen_1776149210_286.txt air/gen_1776149217_289.txt air/gen_1776149225_292.txt air/gen_1776149233_295.txt air/gen_1776149241_298.txt air/gen_1776149248_301.txt air/gen_1776149256_304.txt air/gen_1776149264_307.txt air/gen_1776149272_310.txt air/gen_1776149280_313.txt air/gen_1776149288_316.txt air/gen_1776149295_319.txt air/gen_1776149303_322.txt air/gen_1776149311_325.txt air/gen_1776149318_328.txt air/gen_1776149326_331.txt air/gen_1776149334_334.txt air/gen_1776149341_337.txt air/gen_1776149349_340.txt air/gen_1776149356_343.txt air/gen_1776149364_346.txt air/gen_1776149371_349.txt air/gen_1776149379_352.txt air/gen_1776149386_355.txt air/gen_1776149394_358.txt air/gen_1776149401_361.txt air/gen_1776149409_364.txt air/gen_1776149417_367.txt air/gen_1776149424_370.txt air/gen_1776149432_373.txt air/gen_1776149440_376.txt air/gen_1776149448_379.txt air/gen_1776149456_382.txt air/gen_1776149463_385.txt air/gen_1776149471_388.txt air/gen_1776149479_391.txt air/gen_1776149486_394.txt air/gen_1776149494_397.txt air/gen_1776149502_400.txt air/gen_1776149509_403.txt air/gen_1776149517_406.txt air/gen_1776149524_409.txt air/gen_1776149532_412.txt air/gen_1776149540_415.txt air/gen_1776149548_418.txt air/gen_1776149555_421.txt air/gen_1776149563_424.txt air/gen_1776149571_427.txt air/gen_1776149579_430.txt air/gen_1776149586_433.txt air/gen_1776149594_436.txt air/gen_1776149602_439.txt air/gen_1776149610_442.txt air/gen_1776149617_445.txt air/gen_1776149625_448.txt air/gen_1776149633_451.txt air/gen_1776149641_454.txt air/gen_1776149648_457.txt air/gen_1776149656_460.txt air/gen_1776149664_463.txt air/gen_1776149672_466.txt air/gen_1776149680_469.txt air/gen_1776149687_472.txt air/gen_1776149695_475.txt air/gen_1776149703_478.txt air/gen_1776149710_481.txt air/gen_1776149718_484.txt air/gen_1776149725_487.txt air/gen_1776149733_490.txt air/gen_1776149740_493.txt air/gen_1776149748_496.txt air/gen_1776149755_499.txt air/gen_1776149763_502.txt air/gen_1776149770_505.txt air/gen_1776149778_508.txt air/gen_1776149785_511.txt air/gen_1776149793_514.txt air/gen_1776149801_517.txt air/gen_1776149809_520.txt air/gen_1776149816_523.txt air/gen_1776149824_526.txt air/gen_1776149831_529.txt air/gen_1776149839_532.txt air/gen_1776149847_535.txt air/gen_1776149854_538.txt air/gen_1776149862_541.txt air/gen_1776149870_544.txt air/gen_1776149878_547.txt air/gen_1776149886_550.txt air/gen_1776149894_553.txt air/gen_1776149902_556.txt air/gen_1776149909_559.txt air/gen_1776149917_562.txt air/gen_1776149925_565.txt air/gen_1776149933_568.txt air/gen_1776149941_571.txt air/gen_1776149949_574.txt air/gen_1776149957_577.txt air/gen_1776149965_580.txt air/gen_1776149973_583.txt air/gen_1776149981_586.txt air/gen_1776149989_589.txt air/gen_1776149997_592.txt air/gen_1776150005_595.txt air/gen_1776150013_598.txt air/gen_1776150021_601.txt air/gen_1776150028_604.txt air/gen_1776150036_607.txt air/gen_1776150044_610.txt air/gen_1776150052_613.txt air/gen_1776150060_616.txt air/gen_1776150068_619.txt air/gen_1776150076_622.txt air/gen_1776150084_625.txt air/gen_1776150092_628.txt air/gen_1776150101_631.txt air/gen_1776150108_634.txt air/gen_1776150116_637.txt air/gen_1776150124_640.txt air/gen_1776150132_643.txt air/gen_1776150140_646.txt air/gen_1776150148_649.txt air/gen_1776150156_652.txt air/gen_1776150164_655.txt air/gen_1776150172_658.txt air/gen_1776150180_661.txt air/gen_1776150187_664.txt air/gen_1776150195_667.txt air/gen_1776150203_670.txt air/gen_1776150211_673.txt air/gen_1776150219_676.txt air/gen_1776150227_679.txt air/gen_1776150235_682.txt air/gen_1776150242_685.txt air/gen_1776150250_688.txt air/gen_1776150258_691.txt]
[trainer] micro-train burst (16968 bytes, novelty 0.03) — and lo, it feeds again.
[syntropy] action=explore | trend=0.0000 | field_dev=-0.095 | purpose_align=0.063 | lr_mul=1.30
[aml] burst complete: 32 steps, avg loss 1.9015 (memory freed)
[dna] water wrote 138 bytes to ecology
[dna] water wrote 48 bytes to ecology
[dna] water wrote 67 bytes to ecology
[dna] water wrote 33 bytes to ecology
[dna] water wrote 82 bytes to ecology
[dna] water wrote 45 bytes to ecology
[dna] water wrote 100 bytes to ecology
[dna] water wrote 44 bytes to ecology
[dna] water wrote 61 bytes to ecology
[dna] water wrote 68 bytes to ecology
[dna] water wrote 15 bytes to ecology
[dna] water wrote 52 bytes to ecology
[dna] water wrote 84 bytes to ecology
[dna] water wrote 117 bytes to ecology
[dna] water wrote 46 bytes to ecology
[dna] water wrote 51 bytes to ecology
[dna] water wrote 42 bytes to ecology
[dna] water wrote 26 bytes to ecology
[dna] water wrote 36 bytes to ecology
[dna] water wrote 38 bytes to ecology
[dna] water wrote 78 bytes to ecology
[dna] water wrote 56 bytes to ecology
[dna] water wrote 29 bytes to ecology
[dna] water wrote 54 bytes to ecology
[dna] water wrote 81 bytes to ecology
[dna] water wrote 15 bytes to ecology
[dna] water wrote 64 bytes to ecology
[dna] water wrote 23 bytes to ecology
[dna] water wrote 72 bytes to ecology
[dna] water wrote 78 bytes to ecology
[dna] water wrote 52 bytes to ecology
[dna] water wrote 55 bytes to ecology
[dna] water wrote 37 bytes to ecology
[dna] water wrote 25 bytes to ecology
[dna] water wrote 162 bytes to ecology
[dna] water wrote 54 bytes to ecology
[dna] water wrote 146 bytes to ecology
[dna] water wrote 47 bytes to ecology
[dna] water wrote 9 bytes to ecology
[dna] water wrote 25 bytes to ecology
[debug-onto] tick=50 corpus=142896 stage=2 freeze=0
[dna] water wrote 23 bytes to ecology
[dna] water wrote 92 bytes to ecology
[dna] water wrote 14 bytes to ecology
[dna] water wrote 27 bytes to ecology
[dna] water wrote 62 bytes to ecology
[dna] water wrote 139 bytes to ecology
[dna] water wrote 132 bytes to ecology
[dna] water wrote 43 bytes to ecology
[dna] water wrote 147 bytes to ecology
[dna] water wrote 69 bytes to ecology
[dna] water wrote 45 bytes to ecology
[dna] water wrote 31 bytes to ecology
[dna] water wrote 43 bytes to ecology
[dna] water wrote 12 bytes to ecology
[dna] water wrote 15 bytes to ecology
[dna] water wrote 58 bytes to ecology
[dna] water wrote 23 bytes to ecology
[dna] water wrote 26 bytes to ecology
[dna] water wrote 36 bytes to ecology
[dna] water wrote 44 bytes to ecology
[dna] water wrote 52 bytes to ecology
[dna] water wrote 32 bytes to ecology
[dna] water wrote 17 bytes to ecology
[dna] water wrote 45 bytes to ecology
[dna] water wrote 33 bytes to ecology
[dna] water wrote 157 bytes to ecology
[dna] water wrote 20 bytes to ecology
[dna] water wrote 28 bytes to ecology
[dna] water wrote 25 bytes to ecology
[dna] water wrote 47 bytes to ecology
[dna] water wrote 36 bytes to ecology
[dna] water wrote 21 bytes to ecology
[dna] water wrote 56 bytes to ecology
[dna] water wrote 29 bytes to ecology
[dna] water wrote 33 bytes to ecology
[dna] water wrote 58 bytes to ecology
[dna] water wrote 19 bytes to ecology
[dna] water wrote 42 bytes to ecology
[dna] water wrote 64 bytes to ecology
[dna] water wrote 52 bytes to ecology
[debug-onto] tick=100 corpus=142896 stage=2 freeze=0
[dna] water wrote 184 bytes to ecology
[dna] water wrote 30 bytes to ecology
[dna] water wrote 48 bytes to ecology
[dna] water wrote 78 bytes to ecology
[dna] water wrote 48 bytes to ecology
[dna] water wrote 61 bytes to ecology
[dna] water wrote 77 bytes to ecology
[dna] water wrote 24 bytes to ecology
[dna] water wrote 36 bytes to ecology
[dna] water wrote 20 bytes to ecology
[dna] water wrote 17 bytes to ecology
[dna] water wrote 36 bytes to ecology
[dna] water wrote 16 bytes to ecology
[dna] water wrote 60 bytes to ecology
[dna] water wrote 36 bytes to ecology
[dna] water wrote 70 bytes to ecology
[dna] water wrote 33 bytes to ecology
[dna] water wrote 54 bytes to ecology
[dna] water wrote 31 bytes to ecology
[dna] water wrote 51 bytes to ecology
[dna] water wrote 38 bytes to ecology
[dna] water wrote 30 bytes to ecology
[dna] water wrote 97 bytes to ecology
[dna] water wrote 73 bytes to ecology
[dna] water wrote 51 bytes to ecology
[dna] water wrote 77 bytes to ecology
[dna] water wrote 99 bytes to ecology
[dna] water wrote 21 bytes to ecology
[dna] water wrote 35 bytes to ecology
[dna] water wrote 43 bytes to ecology
[dna] water wrote 82 bytes to ecology
[dna] water wrote 83 bytes to ecology
[dna] water wrote 72 bytes to ecology
[dna] water wrote 40 bytes to ecology
[dna] water wrote 108 bytes to ecology
[dna] water wrote 22 bytes to ecology
[dna] water wrote 23 bytes to ecology
[debug-onto] tick=150 corpus=142896 stage=2 freeze=0
[dna] water wrote 47 bytes to ecology
[dna] water wrote 126 bytes to ecology
[dna] water wrote 67 bytes to ecology
[dna] water wrote 66 bytes to ecology
[dna] water wrote 47 bytes to ecology
[dna] water wrote 69 bytes to ecology
[dna] water wrote 81 bytes to ecology
[dna] water wrote 39 bytes to ecology
[dna] water wrote 7 bytes to ecology
[dna] water wrote 93 bytes to ecology
[dna] water wrote 171 bytes to ecology
[dna] water wrote 40 bytes to ecology
[dna] water wrote 61 bytes to ecology
[dna] water wrote 110 bytes to ecology
[dna] water wrote 68 bytes to ecology
[dna] water wrote 25 bytes to ecology
[dna] water wrote 33 bytes to ecology
[dna] water wrote 49 bytes to ecology
[dna] water wrote 63 bytes to ecology
[dna] water wrote 68 bytes to ecology
[dna] water wrote 30 bytes to ecology
[dna] water wrote 51 bytes to ecology
[dna] water wrote 35 bytes to ecology
[dna] water wrote 27 bytes to ecology
[dna] water wrote 58 bytes to ecology
[dna] water wrote 56 bytes to ecology
[dna] water wrote 81 bytes to ecology
[dna] water wrote 46 bytes to ecology
[dna] water wrote 28 bytes to ecology
[dna] water wrote 61 bytes to ecology
[dna] water wrote 117 bytes to ecology
[dna] water wrote 27 bytes to ecology
[dna] water wrote 88 bytes to ecology
[dna] water wrote 68 bytes to ecology
[dna] water wrote 57 bytes to ecology
[dna] water wrote 80 bytes to ecology
[dna] water wrote 28 bytes to ecology
[dna] water wrote 41 bytes to ecology
[debug-onto] tick=200 corpus=142896 stage=2 freeze=0
[dna] water wrote 94 bytes to ecology
[dna] water wrote 26 bytes to ecology
[dna] water wrote 31 bytes to ecology
[dna] water wrote 92 bytes to ecology
[dna] water wrote 45 bytes to ecology
[dna] water wrote 204 bytes to ecology
[dna] water wrote 47 bytes to ecology
[dna] water wrote 51 bytes to ecology
[dna] water wrote 41 bytes to ecology
[dna] water wrote 46 bytes to ecology
[dna] water wrote 57 bytes to ecology
[dna] water wrote 140 bytes to ecology
[dna] water wrote 26 bytes to ecology
[dna] water wrote 34 bytes to ecology
[dna] water wrote 54 bytes to ecology
[dna] water wrote 47 bytes to ecology
[dna] water wrote 35 bytes to ecology
[dna] water wrote 82 bytes to ecology
[dna] water wrote 6 bytes to ecology
[dna] water wrote 148 bytes to ecology
[dna] water wrote 85 bytes to ecology
[dna] water wrote 43 bytes to ecology
[dna] water wrote 17 bytes to ecology
[dna] water wrote 42 bytes to ecology
[dna] water wrote 89 bytes to ecology
[dna] water wrote 75 bytes to ecology
[dna] water wrote 28 bytes to ecology
[dna] water wrote 10 bytes to ecology
[dna] water wrote 68 bytes to ecology
[dna] water wrote 45 bytes to ecology
[dna] water wrote 38 bytes to ecology
[dna] water wrote 62 bytes to ecology
[dna] water wrote 42 bytes to ecology
[dna] water wrote 36 bytes to ecology
[dna] water wrote 51 bytes to ecology
[dna] water wrote 37 bytes to ecology
[dna] water wrote 52 bytes to ecology
[dna] water wrote 50 bytes to ecology
[dna] water wrote 53 bytes to ecology
[dna] water wrote 73 bytes to ecology
[dna] water wrote 37 bytes to ecology
[debug-onto] tick=250 corpus=142896 stage=2 freeze=0
[dna] water wrote 47 bytes to ecology
[dna] water wrote 81 bytes to ecology
[dna] water wrote 66 bytes to ecology
[dna] water wrote 38 bytes to ecology
[dna] water wrote 105 bytes to ecology
[dna] water wrote 229 bytes to ecology
[dna] water wrote 38 bytes to ecology
[dna] water wrote 35 bytes to ecology
[dna] water wrote 109 bytes to ecology
[dna] water wrote 59 bytes to ecology
[dna] water wrote 157 bytes to ecology
[dna] water wrote 91 bytes to ecology
[dna] water wrote 38 bytes to ecology
[dna] water wrote 67 bytes to ecology
[dna] water wrote 63 bytes to ecology
[dna] water wrote 70 bytes to ecology
[dna] water wrote 96 bytes to ecology
[dna] water wrote 111 bytes to ecology
[dna] water wrote 43 bytes to ecology
[dna] water wrote 50 bytes to ecology
[dna] water wrote 20 bytes to ecology
[dna] water wrote 36 bytes to ecology
[dna] water wrote 62 bytes to ecology
[dna] water wrote 39 bytes to ecology
[dna] water wrote 37 bytes to ecology
[dna] water wrote 26 bytes to ecology
[dna] water wrote 104 bytes to ecology
[dna] water wrote 31 bytes to ecology
[dna] water wrote 29 bytes to ecology
[dna] water wrote 39 bytes to ecology
[dna] water wrote 89 bytes to ecology
[dna] water wrote 66 bytes to ecology
[dna] water wrote 7 bytes to ecology
[dna] water wrote 53 bytes to ecology
[dna] water wrote 22 bytes to ecology
[dna] water wrote 48 bytes to ecology
[dna] water wrote 56 bytes to ecology
[dna] water wrote 214 bytes to ecology
[debug-onto] tick=300 corpus=142896 stage=2 freeze=0
[dna] water wrote 12 bytes to ecology
[dna] water wrote 20 bytes to ecology
[dna] water wrote 43 bytes to ecology
[dna] water wrote 55 bytes to ecology
[dna] water wrote 57 bytes to ecology
[dna] water wrote 92 bytes to ecology
[dna] water wrote 59 bytes to ecology
[dna] water wrote 46 bytes to ecology
[dna] water wrote 135 bytes to ecology
[dna] water wrote 39 bytes to ecology
[dna] water wrote 77 bytes to ecology
[dna] water wrote 172 bytes to ecology
[dna] water wrote 26 bytes to ecology
[dna] water wrote 63 bytes to ecology
[dna] water wrote 59 bytes to ecology
[dna] water wrote 21 bytes to ecology
[dna] water wrote 29 bytes to ecology
[dna] water wrote 36 bytes to ecology
[dna] water wrote 27 bytes to ecology
[dna] water wrote 16 bytes to ecology
[dna] water wrote 66 bytes to ecology
[dna] water wrote 45 bytes to ecology
[dna] water wrote 38 bytes to ecology
[dna] water wrote 152 bytes to ecology
[dna] water wrote 60 bytes to ecology
[dna] water wrote 22 bytes to ecology
[dna] water wrote 28 bytes to ecology
[dna] water wrote 33 bytes to ecology
[dna] water wrote 60 bytes to ecology
[dna] water wrote 108 bytes to ecology
[dna] water wrote 26 bytes to ecology
[dna] water wrote 110 bytes to ecology
[dna] water wrote 101 bytes to ecology
[dna] water wrote 34 bytes to ecology
[dna] water wrote 174 bytes to ecology
[dna] water wrote 52 bytes to ecology
[dna] water wrote 104 bytes to ecology
[dna] water wrote 61 bytes to ecology
[dna] water wrote 52 bytes to ecology
[debug-onto] tick=350 corpus=142896 stage=2 freeze=0
[dna] water wrote 40 bytes to ecology
[dna] water wrote 81 bytes to ecology
[dna] water wrote 87 bytes to ecology
[dna] water wrote 17 bytes to ecology
[dna] water wrote 30 bytes to ecology
[dna] water wrote 36 bytes to ecology
[dna] water wrote 52 bytes to ecology
[dna] water wrote 27 bytes to ecology
[dna] water wrote 35 bytes to ecology
[dna] water wrote 28 bytes to ecology
[dna] water wrote 53 bytes to ecology
[dna] water wrote 57 bytes to ecology
[dna] water wrote 77 bytes to ecology
[dna] water wrote 165 bytes to ecology
[dna] water wrote 88 bytes to ecology
[dna] water wrote 29 bytes to ecology
[dna] water wrote 72 bytes to ecology
[dna] water wrote 25 bytes to ecology
[dna] water wrote 25 bytes to ecology
[dna] water wrote 32 bytes to ecology
[dna] water wrote 28 bytes to ecology
[dna] water wrote 117 bytes to ecology
[dna] water wrote 63 bytes to ecology
[dna] water wrote 30 bytes to ecology
[dna] water wrote 49 bytes to ecology
[dna] water wrote 36 bytes to ecology
[dna] water wrote 64 bytes to ecology
[dna] water wrote 67 bytes to ecology
[dna] water wrote 7 bytes to ecology
[dna] water wrote 54 bytes to ecology
[dna] water wrote 36 bytes to ecology
[dna] water wrote 42 bytes to ecology
[dna] water wrote 72 bytes to ecology
[dna] water wrote 97 bytes to ecology
[dna] water wrote 28 bytes to ecology
[dna] water wrote 96 bytes to ecology
[dna] water wrote 51 bytes to ecology
[dna] water wrote 93 bytes to ecology
[dna] water wrote 39 bytes to ecology
[dna] water wrote 80 bytes to ecology
[dna] water wrote 113 bytes to ecology
[debug-onto] tick=400 corpus=142896 stage=2 freeze=0
[dna] water wrote 45 bytes to ecology
[dna] water wrote 86 bytes to ecology
[dna] water wrote 54 bytes to ecology
[dna] water wrote 37 bytes to ecology
[dna] water wrote 34 bytes to ecology
[dna] water wrote 16 bytes to ecology
[dna] water wrote 38 bytes to ecology
[dna] water wrote 123 bytes to ecology
[dna] water wrote 105 bytes to ecology
[dna] water wrote 53 bytes to ecology
[dna] water wrote 172 bytes to ecology
[dna] water wrote 30 bytes to ecology
[dna] water wrote 96 bytes to ecology
[dna] water wrote 63 bytes to ecology
[dna] water wrote 32 bytes to ecology
[dna] water wrote 71 bytes to ecology
[dna] water wrote 131 bytes to ecology
[dna] water wrote 35 bytes to ecology
[dna] water wrote 98 bytes to ecology
[dna] water wrote 33 bytes to ecology
[dna] water wrote 88 bytes to ecology
[dna] water wrote 80 bytes to ecology
[dna] water wrote 36 bytes to ecology
[dna] water wrote 30 bytes to ecology
[dna] water wrote 138 bytes to ecology
[dna] water wrote 87 bytes to ecology
[dna] water wrote 64 bytes to ecology
[dna] water wrote 59 bytes to ecology
[dna] water wrote 39 bytes to ecology
[dna] water wrote 12 bytes to ecology
[dna] water wrote 74 bytes to ecology
[dna] water wrote 37 bytes to ecology
[dna] water wrote 68 bytes to ecology
[dna] water wrote 100 bytes to ecology
[dna] water wrote 50 bytes to ecology
[dna] water wrote 39 bytes to ecology
[dna] water wrote 37 bytes to ecology
[dna] water wrote 38 bytes to ecology
[dna] water wrote 51 bytes to ecology
[dna] water wrote 65 bytes to ecology
[debug-onto] tick=450 corpus=142896 stage=2 freeze=0
[dna] water wrote 59 bytes to ecology
[dna] water wrote 46 bytes to ecology
[dna] water wrote 97 bytes to ecology
[dna] water wrote 33 bytes to ecology
[dna] water wrote 68 bytes to ecology
[dna] water wrote 36 bytes to ecology
[dna] water wrote 29 bytes to ecology
[dna] water wrote 110 bytes to ecology
[dna] water wrote 244 bytes to ecology
[dna] water wrote 49 bytes to ecology
[dna] water wrote 57 bytes to ecology
[dna] water wrote 84 bytes to ecology
[dna] water wrote 102 bytes to ecology
[dna] water wrote 44 bytes to ecology
[dna] water wrote 37 bytes to ecology
[dna] water wrote 34 bytes to ecology
[dna] water wrote 17 bytes to ecology
[dna] water wrote 46 bytes to ecology
[dna] water wrote 53 bytes to ecology
[dna] water wrote 80 bytes to ecology
[dna] water wrote 55 bytes to ecology
[dna] water wrote 109 bytes to ecology
[dna] water wrote 101 bytes to ecology
[dna] water wrote 82 bytes to ecology
[dna] water wrote 26 bytes to ecology
[dna] water wrote 86 bytes to ecology
[dna] water wrote 119 bytes to ecology
[dna] water wrote 113 bytes to ecology
[dna] water wrote 96 bytes to ecology
[dna] water wrote 57 bytes to ecology
[dna] water wrote 68 bytes to ecology
[dna] water wrote 64 bytes to ecology
[dna] water wrote 21 bytes to ecology
[dna] water wrote 73 bytes to ecology
[dna] water wrote 84 bytes to ecology
[dna] water wrote 20 bytes to ecology
[dna] water wrote 123 bytes to ecology
[dna] water wrote 27 bytes to ecology
[dna] water wrote 36 bytes to ecology
[debug-onto] tick=500 corpus=142896 stage=2 freeze=0
[dna] water wrote 70 bytes to ecology
[dna] water wrote 96 bytes to ecology
[dna] water wrote 53 bytes to ecology
[dna] water wrote 17 bytes to ecology
[dna] water wrote 22 bytes to ecology
[dna] water wrote 16 bytes to ecology
[dna] water wrote 37 bytes to ecology
[dna] water wrote 35 bytes to ecology
[dna] water wrote 23 bytes to ecology
[dna] water wrote 42 bytes to ecology
[dna] water wrote 27 bytes to ecology
[dna] water wrote 45 bytes to ecology
[dna] water wrote 51 bytes to ecology
[dna] water wrote 67 bytes to ecology
[dna] water wrote 34 bytes to ecology
[dna] water wrote 110 bytes to ecology
[dna] water wrote 85 bytes to ecology
[dna] water wrote 115 bytes to ecology
[dna] water wrote 33 bytes to ecology
[dna] water wrote 72 bytes to ecology
[dna] water wrote 35 bytes to ecology
[dna] water wrote 30 bytes to ecology
[dna] water wrote 39 bytes to ecology
[dna] water wrote 10 bytes to ecology
[dna] water wrote 58 bytes to ecology
[dna] water wrote 45 bytes to ecology
[dna] water wrote 37 bytes to ecology
[dna] water wrote 21 bytes to ecology
[dna] water wrote 38 bytes to ecology
[dna] water wrote 60 bytes to ecology
[dna] water wrote 15 bytes to ecology
[dna] water wrote 81 bytes to ecology
[dna] water wrote 70 bytes to ecology
[dna] water wrote 56 bytes to ecology
[dna] water wrote 38 bytes to ecology
[dna] water wrote 90 bytes to ecology
[dna] water wrote 57 bytes to ecology
[dna] water wrote 76 bytes to ecology
[dna] water wrote 17 bytes to ecology
[debug-onto] tick=550 corpus=142896 stage=2 freeze=0
[dna] water wrote 70 bytes to ecology
[dna] water wrote 35 bytes to ecology
[dna] water wrote 54 bytes to ecology
[dna] water wrote 76 bytes to ecology
[dna] water wrote 68 bytes to ecology
[dna] water wrote 68 bytes to ecology
[dna] water wrote 50 bytes to ecology
[dna] water wrote 18 bytes to ecology
[dna] water wrote 72 bytes to ecology
[dna] water wrote 78 bytes to ecology
[dna] water wrote 72 bytes to ecology
[dna] water wrote 92 bytes to ecology
[dna] water wrote 73 bytes to ecology
[dna] water wrote 120 bytes to ecology
[dna] water wrote 62 bytes to ecology
[dna] water wrote 24 bytes to ecology
[dna] water wrote 78 bytes to ecology
[dna] water wrote 108 bytes to ecology
[dna] water wrote 44 bytes to ecology
[dna] water wrote 97 bytes to ecology
[dna] water wrote 112 bytes to ecology
[dna] water wrote 110 bytes to ecology
[dna] water wrote 77 bytes to ecology
[dna] water wrote 34 bytes to ecology
[dna] water wrote 60 bytes to ecology
[dna] water wrote 53 bytes to ecology
[dna] water wrote 24 bytes to ecology
[dna] water wrote 168 bytes to ecology
[dna] water wrote 89 bytes to ecology
[dna] water wrote 30 bytes to ecology
[dna] water wrote 89 bytes to ecology
[dna] water wrote 48 bytes to ecology
[dna] water wrote 87 bytes to ecology
[dna] water wrote 45 bytes to ecology
[dna] water wrote 17 bytes to ecology
[dna] water wrote 22 bytes to ecology
[dna] water wrote 69 bytes to ecology
[dna] water wrote 26 bytes to ecology
[dna] water wrote 51 bytes to ecology
[dna] water wrote 127 bytes to ecology
[dna] water wrote 38 bytes to ecology
[dna] water wrote 30 bytes to ecology
[debug-onto] tick=600 corpus=142896 stage=2 freeze=0
[dna] water wrote 97 bytes to ecology
[dna] water wrote 40 bytes to ecology
[dna] water wrote 139 bytes to ecology
[dna] water wrote 38 bytes to ecology
[dna] water wrote 16 bytes to ecology
[dna] water wrote 38 bytes to ecology
[dna] water wrote 8 bytes to ecology
[dna] water wrote 156 bytes to ecology
[dna] water wrote 91 bytes to ecology
[dna] water wrote 46 bytes to ecology
[dna] water wrote 171 bytes to ecology
[dna] water wrote 68 bytes to ecology
[dna] water wrote 54 bytes to ecology
[dna] water wrote 95 bytes to ecology
[dna] water wrote 30 bytes to ecology
[dna] water wrote 54 bytes to ecology
[dna] water wrote 59 bytes to ecology
[dna] water wrote 146 bytes to ecology
[dna] water wrote 37 bytes to ecology
[dna] water wrote 45 bytes to ecology

[evolution] Organism shutting down gracefully.
