[ecology] Element: air → corpus: nonames_air.txt
[evolution] Autonomous evolution mode — organism will grow through all stages without pause.
[ecology] Joined swarm. 1 peer(s) detected.
molequla is alive. [evolution] Autonomous mode — background trainer running. Ctrl+C to stop.
[dna] air wrote 51 bytes to ecology
[dna] air consumed 17416 bytes from 233 files: [earth/gen_1775800945_1.txt earth/gen_1775800952_4.txt earth/gen_1775800960_7.txt earth/gen_1775800967_10.txt earth/gen_1775800975_13.txt earth/gen_1775800983_16.txt earth/gen_1775800990_19.txt earth/gen_1775800998_22.txt earth/gen_1775801005_25.txt earth/gen_1775801013_28.txt earth/gen_1775801020_31.txt earth/gen_1775801028_34.txt earth/gen_1775801036_37.txt earth/gen_1775801043_40.txt earth/gen_1775801051_43.txt earth/gen_1775801058_46.txt earth/gen_1775801066_49.txt earth/gen_1775801073_52.txt earth/gen_1775801081_55.txt earth/gen_1775801089_58.txt earth/gen_1775801096_61.txt earth/gen_1775801104_64.txt earth/gen_1775801111_67.txt earth/gen_1775801119_70.txt earth/gen_1775801126_73.txt earth/gen_1775801134_76.txt earth/gen_1775801142_79.txt earth/gen_1775801149_82.txt earth/gen_1775801157_85.txt earth/gen_1775801164_88.txt earth/gen_1775801172_91.txt earth/gen_1775801179_94.txt earth/gen_1775801187_97.txt earth/gen_1775801195_100.txt earth/gen_1775801202_103.txt earth/gen_1775801210_106.txt earth/gen_1775801217_109.txt earth/gen_1775801225_112.txt earth/gen_1775801232_115.txt earth/gen_1775801240_118.txt earth/gen_1775801248_121.txt earth/gen_1775801255_124.txt earth/gen_1775801263_127.txt earth/gen_1775801270_130.txt earth/gen_1775801278_133.txt earth/gen_1775801286_136.txt earth/gen_1775801293_139.txt earth/gen_1775801301_142.txt earth/gen_1775801308_145.txt earth/gen_1775801316_148.txt earth/gen_1775801324_151.txt earth/gen_1775801331_154.txt earth/gen_1775801339_157.txt earth/gen_1775801346_160.txt earth/gen_1775801354_163.txt earth/gen_1775801362_166.txt earth/gen_1775801369_169.txt earth/gen_1775801377_172.txt earth/gen_1775801384_175.txt earth/gen_1775801392_178.txt earth/gen_1775801399_181.txt earth/gen_1775801407_184.txt earth/gen_1775801415_187.txt earth/gen_1775801422_190.txt earth/gen_1775801430_193.txt earth/gen_1775801437_196.txt earth/gen_1775801445_199.txt earth/gen_1775801453_202.txt earth/gen_1775801460_205.txt earth/gen_1775801468_208.txt earth/gen_1775801475_211.txt earth/gen_1775801483_214.txt earth/gen_1775801491_217.txt earth/gen_1775801498_220.txt earth/gen_1775801506_223.txt earth/gen_1775801513_226.txt earth/gen_1775801521_229.txt earth/gen_1775801529_232.txt earth/gen_1775801536_235.txt earth/gen_1775801544_238.txt earth/gen_1775801551_241.txt earth/gen_1775801559_244.txt earth/gen_1775801567_247.txt earth/gen_1775801574_250.txt earth/gen_1775801582_253.txt earth/gen_1775801589_256.txt earth/gen_1775801597_259.txt earth/gen_1775801604_262.txt earth/gen_1775801612_265.txt earth/gen_1775801619_268.txt earth/gen_1775801627_271.txt earth/gen_1775801634_274.txt earth/gen_1775801642_277.txt earth/gen_1775801650_280.txt earth/gen_1775801657_283.txt earth/gen_1775801665_286.txt earth/gen_1775801672_289.txt earth/gen_1775801680_292.txt earth/gen_1775801687_295.txt earth/gen_1775801695_298.txt earth/gen_1775801703_301.txt earth/gen_1775801710_304.txt earth/gen_1775801718_307.txt earth/gen_1775801725_310.txt earth/gen_1775801733_313.txt earth/gen_1775801740_316.txt earth/gen_1775801748_319.txt earth/gen_1775801755_322.txt earth/gen_1775801763_325.txt earth/gen_1775801771_328.txt earth/gen_1775801778_331.txt earth/gen_1775801786_334.txt earth/gen_1775801793_337.txt earth/gen_1775801801_340.txt earth/gen_1775801808_343.txt earth/gen_1775801816_346.txt earth/gen_1775801823_349.txt earth/gen_1775801831_352.txt earth/gen_1775801839_355.txt earth/gen_1775801846_358.txt earth/gen_1775801854_361.txt earth/gen_1775801861_364.txt earth/gen_1775801869_367.txt earth/gen_1775801876_370.txt earth/gen_1775801884_373.txt earth/gen_1775801892_376.txt earth/gen_1775801899_379.txt earth/gen_1775801907_382.txt earth/gen_1775801914_385.txt earth/gen_1775801922_388.txt earth/gen_1775801929_391.txt earth/gen_1775801937_394.txt earth/gen_1775801945_397.txt earth/gen_1775801952_400.txt earth/gen_1775801960_403.txt earth/gen_1775801967_406.txt earth/gen_1775801975_409.txt earth/gen_1775801983_412.txt earth/gen_1775801990_415.txt earth/gen_1775801998_418.txt earth/gen_1775802005_421.txt earth/gen_1775802013_424.txt earth/gen_1775802020_427.txt earth/gen_1775802028_430.txt earth/gen_1775802036_433.txt earth/gen_1775802043_436.txt earth/gen_1775802051_439.txt earth/gen_1775802058_442.txt earth/gen_1775802066_445.txt earth/gen_1775802074_448.txt earth/gen_1775802081_451.txt earth/gen_1775802089_454.txt earth/gen_1775802096_457.txt earth/gen_1775802104_460.txt earth/gen_1775802111_463.txt earth/gen_1775802119_466.txt earth/gen_1775802127_469.txt earth/gen_1775802134_472.txt earth/gen_1775802142_475.txt earth/gen_1775802150_478.txt earth/gen_1775802157_481.txt earth/gen_1775802165_484.txt earth/gen_1775802172_487.txt earth/gen_1775802180_490.txt earth/gen_1775802187_493.txt earth/gen_1775802195_496.txt earth/gen_1775802203_499.txt earth/gen_1775802210_502.txt earth/gen_1775802218_505.txt earth/gen_1775802226_508.txt earth/gen_1775802233_511.txt earth/gen_1775802241_514.txt earth/gen_1775802249_517.txt earth/gen_1775802256_520.txt earth/gen_1775802271_526.txt earth/gen_1775802279_529.txt earth/gen_1775802287_532.txt earth/gen_1775802294_535.txt earth/gen_1775802302_538.txt earth/gen_1775802310_541.txt earth/gen_1775802317_544.txt earth/gen_1775802325_547.txt earth/gen_1775802333_550.txt earth/gen_1775802341_553.txt earth/gen_1775802348_556.txt earth/gen_1775802356_559.txt earth/gen_1775802363_562.txt earth/gen_1775802371_565.txt earth/gen_1775802379_568.txt earth/gen_1775802386_571.txt earth/gen_1775802394_574.txt earth/gen_1775802402_577.txt earth/gen_1775802409_580.txt earth/gen_1775802417_583.txt earth/gen_1775802425_586.txt earth/gen_1775802432_589.txt earth/gen_1775802440_592.txt earth/gen_1775802448_595.txt earth/gen_1775802455_598.txt earth/gen_1775802463_601.txt earth/gen_1775802471_604.txt earth/gen_1775802478_607.txt earth/gen_1775802486_610.txt earth/gen_1775802493_613.txt earth/gen_1775802501_616.txt earth/gen_1775802509_619.txt earth/gen_1775802516_622.txt earth/gen_1775802524_625.txt earth/gen_1775802532_628.txt earth/gen_1775802539_631.txt earth/gen_1775802547_634.txt earth/gen_1775802554_637.txt earth/gen_1775802562_640.txt earth/gen_1775802570_643.txt earth/gen_1775802577_646.txt earth/gen_1775802585_649.txt earth/gen_1775802592_652.txt earth/gen_1775802600_655.txt earth/gen_1775802608_658.txt earth/gen_1775802615_661.txt earth/gen_1775802623_664.txt earth/gen_1775802630_667.txt earth/gen_1775802638_670.txt earth/gen_1775802646_673.txt earth/gen_1775802653_676.txt earth/gen_1775802661_679.txt earth/gen_1775802669_682.txt earth/gen_1775802676_685.txt earth/gen_1775802684_688.txt earth/gen_1775802691_691.txt earth/gen_1775802699_694.txt earth/gen_1775802707_697.txt earth/gen_1775802714_700.txt]
[trainer] micro-train burst (17416 bytes, novelty 0.04) — and lo, it feeds again.
[syntropy] action=explore | trend=0.0000 | field_dev=0.014 | purpose_align=0.097 | lr_mul=1.30
[aml] burst complete: 32 steps, avg loss 2.5202 (memory freed)
[dna] air wrote 38 bytes to ecology
[dna] air wrote 178 bytes to ecology
[dna] air wrote 19 bytes to ecology
[dna] air wrote 90 bytes to ecology
[dna] air wrote 88 bytes to ecology
[dna] air wrote 76 bytes to ecology
[dna] air wrote 34 bytes to ecology
[dna] air wrote 25 bytes to ecology
[dna] air wrote 32 bytes to ecology
[dna] air wrote 44 bytes to ecology
[dna] air wrote 82 bytes to ecology
[dna] air wrote 191 bytes to ecology
[dna] air wrote 45 bytes to ecology
[dna] air wrote 40 bytes to ecology
[dna] air wrote 25 bytes to ecology
[dna] air wrote 36 bytes to ecology
[debug-onto] tick=50 corpus=139965 stage=2 freeze=0
[dna] air wrote 35 bytes to ecology
[dna] air wrote 42 bytes to ecology
[dna] air wrote 133 bytes to ecology
[dna] air wrote 88 bytes to ecology
[dna] air wrote 96 bytes to ecology
[dna] air wrote 163 bytes to ecology
[dna] air wrote 39 bytes to ecology
[dna] air wrote 63 bytes to ecology
[dna] air wrote 98 bytes to ecology
[dna] air wrote 165 bytes to ecology
[dna] air wrote 11 bytes to ecology
[dna] air wrote 43 bytes to ecology
[dna] air wrote 145 bytes to ecology
[dna] air wrote 34 bytes to ecology
[dna] air wrote 65 bytes to ecology
[dna] air wrote 73 bytes to ecology
[dna] air wrote 143 bytes to ecology
[debug-onto] tick=100 corpus=139965 stage=2 freeze=0
[dna] air wrote 63 bytes to ecology
[dna] air wrote 31 bytes to ecology
[dna] air wrote 23 bytes to ecology
[dna] air wrote 111 bytes to ecology
[dna] air wrote 70 bytes to ecology
[dna] air wrote 11 bytes to ecology
[dna] air wrote 132 bytes to ecology
[dna] air wrote 29 bytes to ecology
[dna] air wrote 62 bytes to ecology
[dna] air wrote 27 bytes to ecology
[dna] air wrote 26 bytes to ecology
[dna] air wrote 72 bytes to ecology
[dna] air wrote 204 bytes to ecology
[dna] air wrote 51 bytes to ecology
[dna] air wrote 21 bytes to ecology
[dna] air wrote 91 bytes to ecology
[debug-onto] tick=150 corpus=139965 stage=2 freeze=0
[dna] air wrote 193 bytes to ecology
[dna] air wrote 30 bytes to ecology
[dna] air wrote 124 bytes to ecology
[dna] air wrote 47 bytes to ecology
[dna] air wrote 48 bytes to ecology
[dna] air wrote 28 bytes to ecology
[dna] air wrote 161 bytes to ecology
[dna] air wrote 37 bytes to ecology
[dna] air wrote 96 bytes to ecology
[dna] air wrote 33 bytes to ecology
[dna] air wrote 33 bytes to ecology
[dna] air wrote 16 bytes to ecology
[dna] air wrote 27 bytes to ecology
[dna] air wrote 62 bytes to ecology
[dna] air wrote 54 bytes to ecology
[dna] air wrote 133 bytes to ecology
[dna] air wrote 64 bytes to ecology
[debug-onto] tick=200 corpus=139965 stage=2 freeze=0
[dna] air wrote 46 bytes to ecology
[dna] air wrote 85 bytes to ecology
[dna] air wrote 84 bytes to ecology
[dna] air wrote 149 bytes to ecology
[dna] air wrote 42 bytes to ecology
[dna] air wrote 169 bytes to ecology
[dna] air wrote 101 bytes to ecology
[dna] air wrote 40 bytes to ecology
[dna] air wrote 18 bytes to ecology
[dna] air wrote 36 bytes to ecology
[dna] air wrote 118 bytes to ecology
[dna] air wrote 68 bytes to ecology
[dna] air wrote 35 bytes to ecology
[dna] air wrote 40 bytes to ecology
[dna] air wrote 88 bytes to ecology
[dna] air wrote 23 bytes to ecology
[dna] air wrote 60 bytes to ecology
[debug-onto] tick=250 corpus=139965 stage=2 freeze=0
[dna] air wrote 88 bytes to ecology
[dna] air wrote 66 bytes to ecology
[dna] air wrote 33 bytes to ecology
[dna] air wrote 83 bytes to ecology
[dna] air wrote 148 bytes to ecology
[dna] air wrote 57 bytes to ecology
[dna] air wrote 25 bytes to ecology
[dna] air wrote 46 bytes to ecology
[dna] air wrote 50 bytes to ecology
[dna] air wrote 58 bytes to ecology
[dna] air wrote 139 bytes to ecology
[dna] air wrote 30 bytes to ecology
[dna] air wrote 84 bytes to ecology
[dna] air wrote 84 bytes to ecology
[dna] air wrote 114 bytes to ecology
[dna] air wrote 19 bytes to ecology
[debug-onto] tick=300 corpus=139965 stage=2 freeze=0
[dna] air wrote 247 bytes to ecology
[dna] air wrote 38 bytes to ecology
[dna] air wrote 15 bytes to ecology
[dna] air wrote 88 bytes to ecology
[dna] air wrote 145 bytes to ecology
[dna] air wrote 11 bytes to ecology
[dna] air wrote 33 bytes to ecology
[dna] air wrote 115 bytes to ecology
[dna] air wrote 87 bytes to ecology
[dna] air wrote 88 bytes to ecology
[dna] air wrote 31 bytes to ecology
[dna] air wrote 64 bytes to ecology
[dna] air wrote 89 bytes to ecology
[dna] air wrote 307 bytes to ecology
[dna] air wrote 81 bytes to ecology
[dna] air wrote 38 bytes to ecology
[dna] air wrote 44 bytes to ecology
[debug-onto] tick=350 corpus=139965 stage=2 freeze=0
[dna] air wrote 33 bytes to ecology
[dna] air wrote 307 bytes to ecology
[dna] air wrote 24 bytes to ecology
[dna] air wrote 91 bytes to ecology
[dna] air wrote 84 bytes to ecology
[dna] air wrote 36 bytes to ecology
[dna] air wrote 107 bytes to ecology
[dna] air wrote 72 bytes to ecology
[dna] air wrote 19 bytes to ecology
[dna] air wrote 35 bytes to ecology
[dna] air wrote 66 bytes to ecology
[dna] air wrote 73 bytes to ecology
[dna] air wrote 60 bytes to ecology
[dna] air wrote 39 bytes to ecology
[dna] air wrote 22 bytes to ecology
[dna] air wrote 172 bytes to ecology
[dna] air wrote 42 bytes to ecology
[debug-onto] tick=400 corpus=139965 stage=2 freeze=0
[dna] air wrote 93 bytes to ecology
[dna] air wrote 29 bytes to ecology
[dna] air wrote 110 bytes to ecology
[dna] air wrote 17 bytes to ecology
[dna] air wrote 89 bytes to ecology
[dna] air wrote 102 bytes to ecology
[dna] air wrote 100 bytes to ecology
[dna] air wrote 41 bytes to ecology
[dna] air wrote 45 bytes to ecology
[dna] air wrote 42 bytes to ecology
[dna] air wrote 12 bytes to ecology
[dna] air wrote 241 bytes to ecology
[dna] air wrote 118 bytes to ecology
[dna] air wrote 59 bytes to ecology
[dna] air wrote 82 bytes to ecology
[dna] air wrote 44 bytes to ecology
[debug-onto] tick=450 corpus=139965 stage=2 freeze=0
[dna] air wrote 38 bytes to ecology
[dna] air wrote 46 bytes to ecology
[dna] air wrote 79 bytes to ecology
[dna] air wrote 76 bytes to ecology
[dna] air wrote 36 bytes to ecology
[dna] air wrote 73 bytes to ecology
[dna] air wrote 23 bytes to ecology
[dna] air wrote 106 bytes to ecology
[dna] air wrote 86 bytes to ecology
[dna] air wrote 182 bytes to ecology
[dna] air wrote 105 bytes to ecology
[dna] air wrote 28 bytes to ecology
[dna] air wrote 62 bytes to ecology
[dna] air wrote 100 bytes to ecology
[dna] air wrote 50 bytes to ecology
[dna] air wrote 77 bytes to ecology
[dna] air wrote 100 bytes to ecology
[debug-onto] tick=500 corpus=139965 stage=2 freeze=0
[dna] air wrote 74 bytes to ecology
[dna] air wrote 62 bytes to ecology
[dna] air wrote 145 bytes to ecology
[dna] air wrote 94 bytes to ecology
[dna] air wrote 33 bytes to ecology
[dna] air wrote 14 bytes to ecology
[dna] air wrote 37 bytes to ecology
[dna] air wrote 44 bytes to ecology
[dna] air wrote 34 bytes to ecology
[dna] air wrote 88 bytes to ecology
[dna] air wrote 45 bytes to ecology
[dna] air wrote 36 bytes to ecology
[dna] air wrote 91 bytes to ecology
[dna] air wrote 62 bytes to ecology
[dna] air wrote 136 bytes to ecology
[dna] air wrote 33 bytes to ecology
[dna] air wrote 86 bytes to ecology
[debug-onto] tick=550 corpus=139965 stage=2 freeze=0
[dna] air wrote 160 bytes to ecology
[dna] air wrote 25 bytes to ecology
[dna] air wrote 186 bytes to ecology
[dna] air wrote 80 bytes to ecology
[dna] air wrote 47 bytes to ecology
[dna] air wrote 103 bytes to ecology
[dna] air wrote 48 bytes to ecology
[dna] air wrote 158 bytes to ecology
[dna] air wrote 71 bytes to ecology
[dna] air wrote 147 bytes to ecology
[dna] air wrote 75 bytes to ecology
[dna] air wrote 147 bytes to ecology
[dna] air wrote 35 bytes to ecology
[dna] air wrote 123 bytes to ecology
[dna] air wrote 64 bytes to ecology
[dna] air wrote 20 bytes to ecology
[debug-onto] tick=600 corpus=139965 stage=2 freeze=0
[dna] air wrote 71 bytes to ecology
[dna] air wrote 111 bytes to ecology
[dna] air wrote 77 bytes to ecology
[dna] air wrote 65 bytes to ecology
[dna] air wrote 73 bytes to ecology
[dna] air wrote 118 bytes to ecology
[dna] air wrote 24 bytes to ecology
[dna] air wrote 61 bytes to ecology
[dna] air wrote 199 bytes to ecology
[dna] air wrote 59 bytes to ecology
[dna] air wrote 103 bytes to ecology
[dna] air wrote 175 bytes to ecology
[dna] air wrote 18 bytes to ecology
[dna] air wrote 50 bytes to ecology
[dna] air wrote 35 bytes to ecology
[dna] air wrote 112 bytes to ecology
[dna] air wrote 91 bytes to ecology
[debug-onto] tick=650 corpus=139965 stage=2 freeze=0
[dna] air wrote 51 bytes to ecology
[dna] air wrote 11 bytes to ecology
[dna] air wrote 44 bytes to ecology
[dna] air wrote 249 bytes to ecology
[dna] air wrote 45 bytes to ecology
[dna] air wrote 134 bytes to ecology
[dna] air wrote 80 bytes to ecology
[dna] air wrote 48 bytes to ecology
[dna] air wrote 91 bytes to ecology
[dna] air wrote 90 bytes to ecology
[dna] air wrote 67 bytes to ecology
[dna] air wrote 175 bytes to ecology
[dna] air wrote 46 bytes to ecology
[dna] air wrote 70 bytes to ecology
[dna] air wrote 29 bytes to ecology
[dna] air wrote 89 bytes to ecology
[dna] air wrote 33 bytes to ecology
[debug-onto] tick=700 corpus=139965 stage=2 freeze=0
[dna] air wrote 44 bytes to ecology
[dna] air wrote 121 bytes to ecology
[dna] air wrote 187 bytes to ecology

[evolution] Organism shutting down gracefully.
