[ecology] Element: fire → corpus: nonames_fire.txt
[evolution] Autonomous evolution mode — organism will grow through all stages without pause.
[ecology] Joined swarm. 1 peer(s) detected.
molequla is alive. [evolution] Autonomous mode — background trainer running. Ctrl+C to stop.
[dna] fire wrote 37 bytes to ecology
[dna] fire consumed 13491 bytes from 216 files: [water/gen_1775804519_1.txt water/gen_1775804535_4.txt water/gen_1775804543_7.txt water/gen_1775804552_10.txt water/gen_1775804560_13.txt water/gen_1775804569_16.txt water/gen_1775804577_19.txt water/gen_1775804585_22.txt water/gen_1775804594_25.txt water/gen_1775804602_28.txt water/gen_1775804610_31.txt water/gen_1775804618_34.txt water/gen_1775804627_37.txt water/gen_1775804635_40.txt water/gen_1775804643_43.txt water/gen_1775804652_46.txt water/gen_1775804660_49.txt water/gen_1775804668_52.txt water/gen_1775804677_55.txt water/gen_1775804685_58.txt water/gen_1775804693_61.txt water/gen_1775804702_64.txt water/gen_1775804710_67.txt water/gen_1775804718_70.txt water/gen_1775804727_73.txt water/gen_1775804735_76.txt water/gen_1775804743_79.txt water/gen_1775804752_82.txt water/gen_1775804760_85.txt water/gen_1775804768_88.txt water/gen_1775804777_91.txt water/gen_1775804785_94.txt water/gen_1775804794_97.txt water/gen_1775804802_100.txt water/gen_1775804810_103.txt water/gen_1775804819_106.txt water/gen_1775804827_109.txt water/gen_1775804835_112.txt water/gen_1775804844_115.txt water/gen_1775804852_118.txt water/gen_1775804860_121.txt water/gen_1775804869_124.txt water/gen_1775804877_127.txt water/gen_1775804885_130.txt water/gen_1775804894_133.txt water/gen_1775804902_136.txt water/gen_1775804910_139.txt water/gen_1775804919_142.txt water/gen_1775804927_145.txt water/gen_1775804936_148.txt water/gen_1775804944_151.txt water/gen_1775804952_154.txt water/gen_1775804961_157.txt water/gen_1775804969_160.txt water/gen_1775804978_163.txt water/gen_1775804986_166.txt water/gen_1775804994_169.txt water/gen_1775805002_172.txt water/gen_1775805011_175.txt water/gen_1775805019_178.txt water/gen_1775805027_181.txt water/gen_1775805036_184.txt water/gen_1775805044_187.txt water/gen_1775805052_190.txt water/gen_1775805061_193.txt water/gen_1775805069_196.txt water/gen_1775805077_199.txt water/gen_1775805086_202.txt water/gen_1775805094_205.txt water/gen_1775805102_208.txt water/gen_1775805111_211.txt water/gen_1775805119_214.txt water/gen_1775805127_217.txt water/gen_1775805135_220.txt water/gen_1775805144_223.txt water/gen_1775805152_226.txt water/gen_1775805160_229.txt water/gen_1775805169_232.txt water/gen_1775805177_235.txt water/gen_1775805185_238.txt water/gen_1775805194_241.txt water/gen_1775805202_244.txt water/gen_1775805210_247.txt water/gen_1775805218_250.txt water/gen_1775805227_253.txt water/gen_1775805235_256.txt water/gen_1775805243_259.txt water/gen_1775805252_262.txt water/gen_1775805260_265.txt water/gen_1775805268_268.txt water/gen_1775805277_271.txt water/gen_1775805285_274.txt water/gen_1775805293_277.txt water/gen_1775805301_280.txt water/gen_1775805310_283.txt water/gen_1775805318_286.txt water/gen_1775805326_289.txt water/gen_1775805334_292.txt water/gen_1775805343_295.txt water/gen_1775805351_298.txt water/gen_1775805359_301.txt water/gen_1775805368_304.txt water/gen_1775805376_307.txt water/gen_1775805384_310.txt water/gen_1775805392_313.txt water/gen_1775805401_316.txt water/gen_1775805409_319.txt water/gen_1775805417_322.txt water/gen_1775805425_325.txt water/gen_1775805434_328.txt water/gen_1775805442_331.txt water/gen_1775805450_334.txt water/gen_1775805459_337.txt water/gen_1775805467_340.txt water/gen_1775805475_343.txt water/gen_1775805483_346.txt water/gen_1775805492_349.txt water/gen_1775805500_352.txt water/gen_1775805508_355.txt water/gen_1775805516_358.txt water/gen_1775805525_361.txt water/gen_1775805533_364.txt water/gen_1775805541_367.txt water/gen_1775805549_370.txt water/gen_1775805558_373.txt water/gen_1775805566_376.txt water/gen_1775805574_379.txt water/gen_1775805583_382.txt water/gen_1775805591_385.txt water/gen_1775805599_388.txt water/gen_1775805607_391.txt water/gen_1775805616_394.txt water/gen_1775805624_397.txt water/gen_1775805632_400.txt water/gen_1775805640_403.txt water/gen_1775805649_406.txt water/gen_1775805657_409.txt water/gen_1775805665_412.txt water/gen_1775805674_415.txt water/gen_1775805682_418.txt water/gen_1775805690_421.txt water/gen_1775805698_424.txt water/gen_1775805707_427.txt water/gen_1775805715_430.txt water/gen_1775805723_433.txt water/gen_1775805731_436.txt water/gen_1775805740_439.txt water/gen_1775805748_442.txt water/gen_1775805756_445.txt water/gen_1775805765_448.txt water/gen_1775805773_451.txt water/gen_1775805781_454.txt water/gen_1775805789_457.txt water/gen_1775805798_460.txt water/gen_1775805806_463.txt water/gen_1775805814_466.txt water/gen_1775805822_469.txt water/gen_1775805831_472.txt water/gen_1775805839_475.txt water/gen_1775805847_478.txt water/gen_1775805856_481.txt water/gen_1775805864_484.txt water/gen_1775805872_487.txt water/gen_1775805880_490.txt water/gen_1775805889_493.txt water/gen_1775805897_496.txt water/gen_1775805905_499.txt water/gen_1775805914_502.txt water/gen_1775805922_505.txt water/gen_1775805930_508.txt water/gen_1775805938_511.txt water/gen_1775805947_514.txt water/gen_1775805955_517.txt water/gen_1775805963_520.txt water/gen_1775805972_523.txt water/gen_1775805980_526.txt water/gen_1775805988_529.txt water/gen_1775805996_532.txt water/gen_1775806005_535.txt water/gen_1775806013_538.txt water/gen_1775806021_541.txt water/gen_1775806029_544.txt water/gen_1775806038_547.txt water/gen_1775806046_550.txt water/gen_1775806054_553.txt water/gen_1775806062_556.txt water/gen_1775806071_559.txt water/gen_1775806079_562.txt water/gen_1775806087_565.txt water/gen_1775806096_568.txt water/gen_1775806104_571.txt water/gen_1775806112_574.txt water/gen_1775806120_577.txt water/gen_1775806129_580.txt water/gen_1775806137_583.txt water/gen_1775806145_586.txt water/gen_1775806153_589.txt water/gen_1775806162_592.txt water/gen_1775806170_595.txt water/gen_1775806178_598.txt water/gen_1775806187_601.txt water/gen_1775806195_604.txt water/gen_1775806203_607.txt water/gen_1775806211_610.txt water/gen_1775806220_613.txt water/gen_1775806228_616.txt water/gen_1775806236_619.txt water/gen_1775806244_622.txt water/gen_1775806253_625.txt water/gen_1775806261_628.txt water/gen_1775806269_631.txt water/gen_1775806278_634.txt water/gen_1775806286_637.txt water/gen_1775806294_640.txt water/gen_1775806302_643.txt water/gen_1775806311_646.txt]
[trainer] micro-train burst (13491 bytes, novelty 0.05) — and lo, it feeds again.
[syntropy] action=explore | trend=0.0000 | field_dev=-0.067 | purpose_align=0.093 | lr_mul=1.30
[aml] burst complete: 32 steps, avg loss 1.7482 (memory freed)
[dna] fire wrote 25 bytes to ecology
[dna] fire wrote 77 bytes to ecology
[dna] fire wrote 117 bytes to ecology
[dna] fire wrote 45 bytes to ecology
[dna] fire wrote 50 bytes to ecology
[dna] fire wrote 98 bytes to ecology
[dna] fire wrote 79 bytes to ecology
[dna] fire wrote 31 bytes to ecology
[dna] fire wrote 101 bytes to ecology
[dna] fire wrote 31 bytes to ecology
[dna] fire wrote 29 bytes to ecology
[dna] fire wrote 84 bytes to ecology
[dna] fire wrote 29 bytes to ecology
[dna] fire wrote 51 bytes to ecology
[dna] fire wrote 37 bytes to ecology
[dna] fire wrote 54 bytes to ecology
[debug-onto] tick=50 corpus=135607 stage=2 freeze=0
[dna] fire wrote 139 bytes to ecology
[dna] fire wrote 136 bytes to ecology
[dna] fire wrote 9 bytes to ecology
[dna] fire wrote 51 bytes to ecology
[dna] fire wrote 5 bytes to ecology
[dna] fire wrote 73 bytes to ecology
[dna] fire wrote 183 bytes to ecology
[dna] fire wrote 90 bytes to ecology
[dna] fire wrote 107 bytes to ecology
[dna] fire wrote 31 bytes to ecology
[dna] fire wrote 163 bytes to ecology
[dna] fire wrote 192 bytes to ecology
[dna] fire wrote 62 bytes to ecology
[dna] fire wrote 25 bytes to ecology
[dna] fire wrote 65 bytes to ecology
[dna] fire wrote 52 bytes to ecology
[dna] fire wrote 114 bytes to ecology
[debug-onto] tick=100 corpus=135607 stage=2 freeze=0
[dna] fire wrote 55 bytes to ecology
[dna] fire wrote 17 bytes to ecology
[dna] fire wrote 92 bytes to ecology
[dna] fire wrote 28 bytes to ecology
[dna] fire wrote 60 bytes to ecology
[dna] fire wrote 56 bytes to ecology
[dna] fire wrote 49 bytes to ecology
[dna] fire wrote 42 bytes to ecology
[dna] fire wrote 36 bytes to ecology
[dna] fire wrote 31 bytes to ecology
[dna] fire wrote 87 bytes to ecology
[dna] fire wrote 33 bytes to ecology
[dna] fire wrote 161 bytes to ecology
[dna] fire wrote 87 bytes to ecology
[dna] fire wrote 38 bytes to ecology
[dna] fire wrote 5 bytes to ecology
[debug-onto] tick=150 corpus=135607 stage=2 freeze=0
[dna] fire wrote 54 bytes to ecology
[dna] fire wrote 26 bytes to ecology
[dna] fire wrote 136 bytes to ecology
[dna] fire wrote 52 bytes to ecology
[dna] fire wrote 19 bytes to ecology
[dna] fire wrote 21 bytes to ecology
[dna] fire wrote 64 bytes to ecology
[dna] fire wrote 12 bytes to ecology
[dna] fire wrote 129 bytes to ecology
[dna] fire wrote 64 bytes to ecology
[dna] fire wrote 49 bytes to ecology
[dna] fire wrote 58 bytes to ecology
[dna] fire wrote 35 bytes to ecology
[dna] fire wrote 37 bytes to ecology
[dna] fire wrote 99 bytes to ecology
[dna] fire wrote 25 bytes to ecology
[dna] fire wrote 33 bytes to ecology
[debug-onto] tick=200 corpus=135607 stage=2 freeze=0
[dna] fire wrote 12 bytes to ecology
[dna] fire wrote 31 bytes to ecology
[dna] fire wrote 39 bytes to ecology
[dna] fire wrote 148 bytes to ecology
[dna] fire wrote 127 bytes to ecology
[dna] fire wrote 25 bytes to ecology
[dna] fire wrote 103 bytes to ecology
[dna] fire wrote 42 bytes to ecology
[dna] fire wrote 25 bytes to ecology
[dna] fire wrote 103 bytes to ecology
[dna] fire wrote 188 bytes to ecology
[dna] fire wrote 20 bytes to ecology
[dna] fire wrote 36 bytes to ecology
[dna] fire wrote 55 bytes to ecology
[dna] fire wrote 95 bytes to ecology
[dna] fire wrote 115 bytes to ecology
[dna] fire wrote 47 bytes to ecology
[debug-onto] tick=250 corpus=135607 stage=2 freeze=0
[dna] fire wrote 56 bytes to ecology
[dna] fire wrote 68 bytes to ecology
[dna] fire wrote 47 bytes to ecology
[dna] fire wrote 7 bytes to ecology
[dna] fire wrote 75 bytes to ecology
[dna] fire wrote 112 bytes to ecology
[dna] fire wrote 102 bytes to ecology
[dna] fire wrote 43 bytes to ecology
[dna] fire wrote 201 bytes to ecology
[dna] fire wrote 30 bytes to ecology
[dna] fire wrote 69 bytes to ecology
[dna] fire wrote 32 bytes to ecology
[dna] fire wrote 39 bytes to ecology
[dna] fire wrote 54 bytes to ecology
[dna] fire wrote 105 bytes to ecology
[debug-onto] tick=300 corpus=135607 stage=2 freeze=0
[dna] fire wrote 39 bytes to ecology
[dna] fire wrote 96 bytes to ecology
[dna] fire wrote 45 bytes to ecology
[dna] fire wrote 31 bytes to ecology
[dna] fire wrote 48 bytes to ecology
[dna] fire wrote 72 bytes to ecology
[dna] fire wrote 143 bytes to ecology
[dna] fire wrote 66 bytes to ecology
[dna] fire wrote 44 bytes to ecology
[dna] fire wrote 45 bytes to ecology
[dna] fire wrote 26 bytes to ecology
[dna] fire wrote 31 bytes to ecology
[dna] fire wrote 53 bytes to ecology
[dna] fire wrote 106 bytes to ecology
[dna] fire wrote 89 bytes to ecology
[dna] fire wrote 16 bytes to ecology
[dna] fire wrote 47 bytes to ecology
[debug-onto] tick=350 corpus=135607 stage=2 freeze=0
[dna] fire wrote 74 bytes to ecology
[dna] fire wrote 24 bytes to ecology
[dna] fire wrote 12 bytes to ecology
[dna] fire wrote 90 bytes to ecology
[dna] fire wrote 79 bytes to ecology
[dna] fire wrote 23 bytes to ecology
[dna] fire wrote 158 bytes to ecology
[dna] fire wrote 98 bytes to ecology
[dna] fire wrote 31 bytes to ecology
[dna] fire wrote 17 bytes to ecology
[dna] fire wrote 78 bytes to ecology
[dna] fire wrote 85 bytes to ecology
[dna] fire wrote 121 bytes to ecology
[dna] fire wrote 97 bytes to ecology
[dna] fire wrote 64 bytes to ecology
[dna] fire wrote 29 bytes to ecology
[dna] fire wrote 66 bytes to ecology
[debug-onto] tick=400 corpus=135607 stage=2 freeze=0
[dna] fire wrote 23 bytes to ecology
[dna] fire wrote 36 bytes to ecology
[dna] fire wrote 40 bytes to ecology
[dna] fire wrote 42 bytes to ecology
[dna] fire wrote 50 bytes to ecology
[dna] fire wrote 30 bytes to ecology
[dna] fire wrote 51 bytes to ecology
[dna] fire wrote 111 bytes to ecology
[dna] fire wrote 47 bytes to ecology
[dna] fire wrote 24 bytes to ecology
[dna] fire wrote 69 bytes to ecology
[dna] fire wrote 7 bytes to ecology
[dna] fire wrote 52 bytes to ecology
[dna] fire wrote 81 bytes to ecology
[dna] fire wrote 57 bytes to ecology
[dna] fire wrote 36 bytes to ecology
[debug-onto] tick=450 corpus=135607 stage=2 freeze=0
[dna] fire wrote 9 bytes to ecology
[dna] fire wrote 141 bytes to ecology
[dna] fire wrote 35 bytes to ecology
[dna] fire wrote 12 bytes to ecology
[dna] fire wrote 85 bytes to ecology
[dna] fire wrote 70 bytes to ecology
[dna] fire wrote 35 bytes to ecology
[dna] fire wrote 56 bytes to ecology
[dna] fire wrote 25 bytes to ecology
[dna] fire wrote 38 bytes to ecology
[dna] fire wrote 17 bytes to ecology
[dna] fire wrote 50 bytes to ecology
[dna] fire wrote 42 bytes to ecology
[dna] fire wrote 115 bytes to ecology
[dna] fire wrote 82 bytes to ecology
[dna] fire wrote 50 bytes to ecology
[dna] fire wrote 216 bytes to ecology
[debug-onto] tick=500 corpus=135607 stage=2 freeze=0
[dna] fire wrote 44 bytes to ecology
[dna] fire wrote 62 bytes to ecology
[dna] fire wrote 59 bytes to ecology
[dna] fire wrote 21 bytes to ecology
[dna] fire wrote 81 bytes to ecology
[dna] fire wrote 33 bytes to ecology
[dna] fire wrote 13 bytes to ecology
[dna] fire wrote 32 bytes to ecology
[dna] fire wrote 29 bytes to ecology
[dna] fire wrote 156 bytes to ecology
[dna] fire wrote 68 bytes to ecology
[dna] fire wrote 43 bytes to ecology
[dna] fire wrote 106 bytes to ecology
[dna] fire wrote 45 bytes to ecology
[dna] fire wrote 112 bytes to ecology
[dna] fire wrote 42 bytes to ecology
[dna] fire wrote 17 bytes to ecology
[debug-onto] tick=550 corpus=135607 stage=2 freeze=0
[dna] fire wrote 40 bytes to ecology
[dna] fire wrote 52 bytes to ecology
[dna] fire wrote 40 bytes to ecology
[dna] fire wrote 76 bytes to ecology
[dna] fire wrote 44 bytes to ecology
[dna] fire wrote 116 bytes to ecology
[dna] fire wrote 76 bytes to ecology
[dna] fire wrote 39 bytes to ecology
[dna] fire wrote 28 bytes to ecology
[dna] fire wrote 37 bytes to ecology
[dna] fire wrote 32 bytes to ecology
[dna] fire wrote 169 bytes to ecology
[dna] fire wrote 108 bytes to ecology
[dna] fire wrote 60 bytes to ecology
[dna] fire wrote 42 bytes to ecology
[dna] fire wrote 304 bytes to ecology
[debug-onto] tick=600 corpus=135607 stage=2 freeze=0
[dna] fire wrote 90 bytes to ecology
[dna] fire wrote 8 bytes to ecology
[dna] fire wrote 205 bytes to ecology
[dna] fire wrote 115 bytes to ecology
[dna] fire wrote 11 bytes to ecology
[dna] fire wrote 43 bytes to ecology
[dna] fire wrote 53 bytes to ecology
[dna] fire wrote 17 bytes to ecology
[dna] fire wrote 90 bytes to ecology
[dna] fire wrote 48 bytes to ecology
[dna] fire wrote 64 bytes to ecology
[dna] fire wrote 61 bytes to ecology
[dna] fire wrote 23 bytes to ecology
[dna] fire wrote 11 bytes to ecology
[dna] fire wrote 68 bytes to ecology
[dna] fire wrote 56 bytes to ecology
[dna] fire wrote 54 bytes to ecology
[debug-onto] tick=650 corpus=135607 stage=2 freeze=0
[dna] fire wrote 46 bytes to ecology
[dna] fire wrote 63 bytes to ecology
[dna] fire wrote 12 bytes to ecology
[dna] fire wrote 46 bytes to ecology
[dna] fire wrote 43 bytes to ecology
[dna] fire wrote 53 bytes to ecology
[dna] fire wrote 30 bytes to ecology
[dna] fire wrote 61 bytes to ecology
[dna] fire wrote 34 bytes to ecology
[dna] fire wrote 123 bytes to ecology
[dna] fire wrote 48 bytes to ecology
[dna] fire wrote 99 bytes to ecology
[dna] fire wrote 41 bytes to ecology
[dna] fire wrote 71 bytes to ecology

[evolution] Organism shutting down gracefully.
