[ecology] Element: water → corpus: nonames_water.txt
[evolution] Autonomous evolution mode — organism will grow through all stages without pause.
[ecology] Joined swarm. 1 peer(s) detected.
molequla is alive. [evolution] Autonomous mode — background trainer running. Ctrl+C to stop.
[dna] water wrote 27 bytes to ecology
[dna] water consumed 18109 bytes from 237 files: [air/gen_1775802718_1.txt air/gen_1775802733_4.txt air/gen_1775802741_7.txt air/gen_1775802748_10.txt air/gen_1775802756_13.txt air/gen_1775802763_16.txt air/gen_1775802771_19.txt air/gen_1775802778_22.txt air/gen_1775802786_25.txt air/gen_1775802793_28.txt air/gen_1775802801_31.txt air/gen_1775802808_34.txt air/gen_1775802816_37.txt air/gen_1775802823_40.txt air/gen_1775802831_43.txt air/gen_1775802838_46.txt air/gen_1775802846_49.txt air/gen_1775802853_52.txt air/gen_1775802861_55.txt air/gen_1775802868_58.txt air/gen_1775802876_61.txt air/gen_1775802884_64.txt air/gen_1775802891_67.txt air/gen_1775802899_70.txt air/gen_1775802906_73.txt air/gen_1775802914_76.txt air/gen_1775802921_79.txt air/gen_1775802929_82.txt air/gen_1775802936_85.txt air/gen_1775802944_88.txt air/gen_1775802951_91.txt air/gen_1775802959_94.txt air/gen_1775802966_97.txt air/gen_1775802974_100.txt air/gen_1775802981_103.txt air/gen_1775802989_106.txt air/gen_1775802996_109.txt air/gen_1775803004_112.txt air/gen_1775803011_115.txt air/gen_1775803019_118.txt air/gen_1775803027_121.txt air/gen_1775803034_124.txt air/gen_1775803042_127.txt air/gen_1775803049_130.txt air/gen_1775803057_133.txt air/gen_1775803064_136.txt air/gen_1775803072_139.txt air/gen_1775803079_142.txt air/gen_1775803087_145.txt air/gen_1775803094_148.txt air/gen_1775803102_151.txt air/gen_1775803110_154.txt air/gen_1775803117_157.txt air/gen_1775803125_160.txt air/gen_1775803132_163.txt air/gen_1775803140_166.txt air/gen_1775803147_169.txt air/gen_1775803155_172.txt air/gen_1775803163_175.txt air/gen_1775803170_178.txt air/gen_1775803178_181.txt air/gen_1775803185_184.txt air/gen_1775803193_187.txt air/gen_1775803200_190.txt air/gen_1775803208_193.txt air/gen_1775803215_196.txt air/gen_1775803223_199.txt air/gen_1775803230_202.txt air/gen_1775803238_205.txt air/gen_1775803245_208.txt air/gen_1775803253_211.txt air/gen_1775803260_214.txt air/gen_1775803268_217.txt air/gen_1775803276_220.txt air/gen_1775803283_223.txt air/gen_1775803291_226.txt air/gen_1775803298_229.txt air/gen_1775803306_232.txt air/gen_1775803313_235.txt air/gen_1775803321_238.txt air/gen_1775803328_241.txt air/gen_1775803336_244.txt air/gen_1775803343_247.txt air/gen_1775803351_250.txt air/gen_1775803358_253.txt air/gen_1775803366_256.txt air/gen_1775803374_259.txt air/gen_1775803381_262.txt air/gen_1775803389_265.txt air/gen_1775803397_268.txt air/gen_1775803404_271.txt air/gen_1775803412_274.txt air/gen_1775803420_277.txt air/gen_1775803427_280.txt air/gen_1775803435_283.txt air/gen_1775803443_286.txt air/gen_1775803450_289.txt air/gen_1775803458_292.txt air/gen_1775803466_295.txt air/gen_1775803473_298.txt air/gen_1775803481_301.txt air/gen_1775803489_304.txt air/gen_1775803497_307.txt air/gen_1775803504_310.txt air/gen_1775803512_313.txt air/gen_1775803519_316.txt air/gen_1775803527_319.txt air/gen_1775803535_322.txt air/gen_1775803542_325.txt air/gen_1775803550_328.txt air/gen_1775803558_331.txt air/gen_1775803565_334.txt air/gen_1775803573_337.txt air/gen_1775803581_340.txt air/gen_1775803588_343.txt air/gen_1775803596_346.txt air/gen_1775803603_349.txt air/gen_1775803611_352.txt air/gen_1775803619_355.txt air/gen_1775803626_358.txt air/gen_1775803634_361.txt air/gen_1775803641_364.txt air/gen_1775803649_367.txt air/gen_1775803656_370.txt air/gen_1775803664_373.txt air/gen_1775803671_376.txt air/gen_1775803679_379.txt air/gen_1775803686_382.txt air/gen_1775803694_385.txt air/gen_1775803702_388.txt air/gen_1775803709_391.txt air/gen_1775803717_394.txt air/gen_1775803724_397.txt air/gen_1775803732_400.txt air/gen_1775803739_403.txt air/gen_1775803747_406.txt air/gen_1775803754_409.txt air/gen_1775803762_412.txt air/gen_1775803770_415.txt air/gen_1775803777_418.txt air/gen_1775803785_421.txt air/gen_1775803792_424.txt air/gen_1775803800_427.txt air/gen_1775803807_430.txt air/gen_1775803815_433.txt air/gen_1775803822_436.txt air/gen_1775803830_439.txt air/gen_1775803838_442.txt air/gen_1775803845_445.txt air/gen_1775803853_448.txt air/gen_1775803860_451.txt air/gen_1775803868_454.txt air/gen_1775803875_457.txt air/gen_1775803883_460.txt air/gen_1775803890_463.txt air/gen_1775803898_466.txt air/gen_1775803905_469.txt air/gen_1775803913_472.txt air/gen_1775803920_475.txt air/gen_1775803928_478.txt air/gen_1775803936_481.txt air/gen_1775803943_484.txt air/gen_1775803951_487.txt air/gen_1775803958_490.txt air/gen_1775803966_493.txt air/gen_1775803973_496.txt air/gen_1775803981_499.txt air/gen_1775803988_502.txt air/gen_1775803996_505.txt air/gen_1775804003_508.txt air/gen_1775804011_511.txt air/gen_1775804019_514.txt air/gen_1775804026_517.txt air/gen_1775804034_520.txt air/gen_1775804041_523.txt air/gen_1775804049_526.txt air/gen_1775804056_529.txt air/gen_1775804064_532.txt air/gen_1775804071_535.txt air/gen_1775804079_538.txt air/gen_1775804086_541.txt air/gen_1775804094_544.txt air/gen_1775804101_547.txt air/gen_1775804109_550.txt air/gen_1775804116_553.txt air/gen_1775804124_556.txt air/gen_1775804132_559.txt air/gen_1775804139_562.txt air/gen_1775804147_565.txt air/gen_1775804154_568.txt air/gen_1775804162_571.txt air/gen_1775804169_574.txt air/gen_1775804177_577.txt air/gen_1775804184_580.txt air/gen_1775804192_583.txt air/gen_1775804200_586.txt air/gen_1775804207_589.txt air/gen_1775804215_592.txt air/gen_1775804222_595.txt air/gen_1775804230_598.txt air/gen_1775804237_601.txt air/gen_1775804245_604.txt air/gen_1775804252_607.txt air/gen_1775804260_610.txt air/gen_1775804267_613.txt air/gen_1775804275_616.txt air/gen_1775804282_619.txt air/gen_1775804290_622.txt air/gen_1775804298_625.txt air/gen_1775804305_628.txt air/gen_1775804313_631.txt air/gen_1775804320_634.txt air/gen_1775804328_637.txt air/gen_1775804335_640.txt air/gen_1775804343_643.txt air/gen_1775804350_646.txt air/gen_1775804358_649.txt air/gen_1775804366_652.txt air/gen_1775804373_655.txt air/gen_1775804381_658.txt air/gen_1775804388_661.txt air/gen_1775804396_664.txt air/gen_1775804403_667.txt air/gen_1775804411_670.txt air/gen_1775804419_673.txt air/gen_1775804426_676.txt air/gen_1775804434_679.txt air/gen_1775804441_682.txt air/gen_1775804449_685.txt air/gen_1775804456_688.txt air/gen_1775804464_691.txt air/gen_1775804471_694.txt air/gen_1775804479_697.txt air/gen_1775804486_700.txt air/gen_1775804494_703.txt air/gen_1775804502_706.txt air/gen_1775804509_709.txt]
[trainer] micro-train burst (18109 bytes, novelty 0.03) — and lo, it feeds again.
[syntropy] action=explore | trend=0.0000 | field_dev=0.005 | purpose_align=0.091 | lr_mul=1.30
[aml] burst complete: 32 steps, avg loss 1.8325 (memory freed)
[dna] water wrote 29 bytes to ecology
[dna] water wrote 26 bytes to ecology
[dna] water wrote 35 bytes to ecology
[dna] water wrote 23 bytes to ecology
[dna] water wrote 31 bytes to ecology
[dna] water wrote 43 bytes to ecology
[dna] water wrote 23 bytes to ecology
[dna] water wrote 57 bytes to ecology
[dna] water wrote 24 bytes to ecology
[dna] water wrote 28 bytes to ecology
[dna] water wrote 47 bytes to ecology
[dna] water wrote 92 bytes to ecology
[dna] water wrote 51 bytes to ecology
[dna] water wrote 54 bytes to ecology
[dna] water wrote 37 bytes to ecology
[dna] water wrote 73 bytes to ecology
[debug-onto] tick=50 corpus=144043 stage=2 freeze=0
[dna] water wrote 27 bytes to ecology
[dna] water wrote 65 bytes to ecology
[dna] water wrote 53 bytes to ecology
[dna] water wrote 80 bytes to ecology
[dna] water wrote 41 bytes to ecology
[dna] water wrote 58 bytes to ecology
[dna] water wrote 31 bytes to ecology
[dna] water wrote 42 bytes to ecology
[dna] water wrote 46 bytes to ecology
[dna] water wrote 105 bytes to ecology
[dna] water wrote 37 bytes to ecology
[dna] water wrote 62 bytes to ecology
[dna] water wrote 42 bytes to ecology
[dna] water wrote 46 bytes to ecology
[dna] water wrote 117 bytes to ecology
[dna] water wrote 71 bytes to ecology
[dna] water wrote 10 bytes to ecology
[debug-onto] tick=100 corpus=144043 stage=2 freeze=0
[dna] water wrote 82 bytes to ecology
[dna] water wrote 102 bytes to ecology
[dna] water wrote 61 bytes to ecology
[dna] water wrote 9 bytes to ecology
[dna] water wrote 52 bytes to ecology
[dna] water wrote 39 bytes to ecology
[dna] water wrote 36 bytes to ecology
[dna] water wrote 54 bytes to ecology
[dna] water wrote 169 bytes to ecology
[dna] water wrote 120 bytes to ecology
[dna] water wrote 65 bytes to ecology
[dna] water wrote 106 bytes to ecology
[dna] water wrote 22 bytes to ecology
[dna] water wrote 87 bytes to ecology
[dna] water wrote 125 bytes to ecology
[dna] water wrote 116 bytes to ecology
[debug-onto] tick=150 corpus=144043 stage=2 freeze=0
[dna] water wrote 90 bytes to ecology
[dna] water wrote 39 bytes to ecology
[dna] water wrote 9 bytes to ecology
[dna] water wrote 40 bytes to ecology
[dna] water wrote 65 bytes to ecology
[dna] water wrote 34 bytes to ecology
[dna] water wrote 41 bytes to ecology
[dna] water wrote 70 bytes to ecology
[dna] water wrote 28 bytes to ecology
[dna] water wrote 43 bytes to ecology
[dna] water wrote 42 bytes to ecology
[dna] water wrote 95 bytes to ecology
[dna] water wrote 191 bytes to ecology
[dna] water wrote 105 bytes to ecology
[dna] water wrote 22 bytes to ecology
[dna] water wrote 51 bytes to ecology
[dna] water wrote 63 bytes to ecology
[debug-onto] tick=200 corpus=144043 stage=2 freeze=0
[dna] water wrote 135 bytes to ecology
[dna] water wrote 57 bytes to ecology
[dna] water wrote 35 bytes to ecology
[dna] water wrote 74 bytes to ecology
[dna] water wrote 202 bytes to ecology
[dna] water wrote 25 bytes to ecology
[dna] water wrote 142 bytes to ecology
[dna] water wrote 51 bytes to ecology
[dna] water wrote 52 bytes to ecology
[dna] water wrote 25 bytes to ecology
[dna] water wrote 41 bytes to ecology
[dna] water wrote 114 bytes to ecology
[dna] water wrote 65 bytes to ecology
[dna] water wrote 25 bytes to ecology
[dna] water wrote 52 bytes to ecology
[dna] water wrote 86 bytes to ecology
[dna] water wrote 41 bytes to ecology
[debug-onto] tick=250 corpus=144043 stage=2 freeze=0
[dna] water wrote 69 bytes to ecology
[dna] water wrote 57 bytes to ecology
[dna] water wrote 30 bytes to ecology
[dna] water wrote 125 bytes to ecology
[dna] water wrote 39 bytes to ecology
[dna] water wrote 46 bytes to ecology
[dna] water wrote 39 bytes to ecology
[dna] water wrote 35 bytes to ecology
[dna] water wrote 31 bytes to ecology
[dna] water wrote 59 bytes to ecology
[dna] water wrote 45 bytes to ecology
[dna] water wrote 43 bytes to ecology
[dna] water wrote 94 bytes to ecology
[dna] water wrote 152 bytes to ecology
[dna] water wrote 39 bytes to ecology
[dna] water wrote 96 bytes to ecology
[debug-onto] tick=300 corpus=144043 stage=2 freeze=0
[dna] water wrote 53 bytes to ecology
[dna] water wrote 89 bytes to ecology
[dna] water wrote 23 bytes to ecology
[dna] water wrote 73 bytes to ecology
[dna] water wrote 111 bytes to ecology
[dna] water wrote 27 bytes to ecology
[dna] water wrote 17 bytes to ecology
[dna] water wrote 57 bytes to ecology
[dna] water wrote 80 bytes to ecology
[dna] water wrote 68 bytes to ecology
[dna] water wrote 13 bytes to ecology
[dna] water wrote 34 bytes to ecology
[dna] water wrote 112 bytes to ecology
[dna] water wrote 104 bytes to ecology
[dna] water wrote 48 bytes to ecology
[dna] water wrote 118 bytes to ecology
[dna] water wrote 65 bytes to ecology
[debug-onto] tick=350 corpus=144043 stage=2 freeze=0
[dna] water wrote 90 bytes to ecology
[dna] water wrote 42 bytes to ecology
[dna] water wrote 28 bytes to ecology
[dna] water wrote 38 bytes to ecology
[dna] water wrote 70 bytes to ecology
[dna] water wrote 27 bytes to ecology
[dna] water wrote 63 bytes to ecology
[dna] water wrote 37 bytes to ecology
[dna] water wrote 32 bytes to ecology
[dna] water wrote 27 bytes to ecology
[dna] water wrote 67 bytes to ecology
[dna] water wrote 74 bytes to ecology
[dna] water wrote 46 bytes to ecology
[dna] water wrote 66 bytes to ecology
[dna] water wrote 20 bytes to ecology
[dna] water wrote 88 bytes to ecology
[dna] water wrote 95 bytes to ecology
[debug-onto] tick=400 corpus=144043 stage=2 freeze=0
[dna] water wrote 41 bytes to ecology
[dna] water wrote 54 bytes to ecology
[dna] water wrote 10 bytes to ecology
[dna] water wrote 98 bytes to ecology
[dna] water wrote 136 bytes to ecology
[dna] water wrote 60 bytes to ecology
[dna] water wrote 32 bytes to ecology
[dna] water wrote 32 bytes to ecology
[dna] water wrote 100 bytes to ecology
[dna] water wrote 66 bytes to ecology
[dna] water wrote 21 bytes to ecology
[dna] water wrote 20 bytes to ecology
[dna] water wrote 41 bytes to ecology
[dna] water wrote 36 bytes to ecology
[dna] water wrote 93 bytes to ecology
[dna] water wrote 30 bytes to ecology
[debug-onto] tick=450 corpus=144043 stage=2 freeze=0
[dna] water wrote 36 bytes to ecology
[dna] water wrote 85 bytes to ecology
[dna] water wrote 113 bytes to ecology
[dna] water wrote 54 bytes to ecology
[dna] water wrote 161 bytes to ecology
[dna] water wrote 16 bytes to ecology
[dna] water wrote 58 bytes to ecology
[dna] water wrote 49 bytes to ecology
[dna] water wrote 9 bytes to ecology
[dna] water wrote 112 bytes to ecology
[dna] water wrote 66 bytes to ecology
[dna] water wrote 30 bytes to ecology
[dna] water wrote 50 bytes to ecology
[dna] water wrote 38 bytes to ecology
[dna] water wrote 137 bytes to ecology
[dna] water wrote 114 bytes to ecology
[dna] water wrote 40 bytes to ecology
[debug-onto] tick=500 corpus=144043 stage=2 freeze=0
[dna] water wrote 76 bytes to ecology
[dna] water wrote 122 bytes to ecology
[dna] water wrote 82 bytes to ecology
[dna] water wrote 54 bytes to ecology
[dna] water wrote 152 bytes to ecology
[dna] water wrote 83 bytes to ecology
[dna] water wrote 53 bytes to ecology
[dna] water wrote 33 bytes to ecology
[dna] water wrote 28 bytes to ecology
[dna] water wrote 54 bytes to ecology
[dna] water wrote 41 bytes to ecology
[dna] water wrote 11 bytes to ecology
[dna] water wrote 25 bytes to ecology
[dna] water wrote 113 bytes to ecology
[dna] water wrote 74 bytes to ecology
[dna] water wrote 13 bytes to ecology
[dna] water wrote 37 bytes to ecology
[debug-onto] tick=550 corpus=144043 stage=2 freeze=0
[dna] water wrote 116 bytes to ecology
[dna] water wrote 41 bytes to ecology
[dna] water wrote 26 bytes to ecology
[dna] water wrote 85 bytes to ecology
[dna] water wrote 116 bytes to ecology
[dna] water wrote 56 bytes to ecology
[dna] water wrote 113 bytes to ecology
[dna] water wrote 171 bytes to ecology
[dna] water wrote 98 bytes to ecology
[dna] water wrote 17 bytes to ecology
[dna] water wrote 28 bytes to ecology
[dna] water wrote 21 bytes to ecology
[dna] water wrote 84 bytes to ecology
[dna] water wrote 104 bytes to ecology
[dna] water wrote 95 bytes to ecology
[dna] water wrote 33 bytes to ecology
[debug-onto] tick=600 corpus=144043 stage=2 freeze=0
[dna] water wrote 130 bytes to ecology
[dna] water wrote 35 bytes to ecology
[dna] water wrote 94 bytes to ecology
[dna] water wrote 61 bytes to ecology
[dna] water wrote 44 bytes to ecology
[dna] water wrote 98 bytes to ecology
[dna] water wrote 55 bytes to ecology
[dna] water wrote 20 bytes to ecology
[dna] water wrote 113 bytes to ecology
[dna] water wrote 32 bytes to ecology
[dna] water wrote 33 bytes to ecology
[dna] water wrote 98 bytes to ecology
[dna] water wrote 56 bytes to ecology
[dna] water wrote 34 bytes to ecology
[dna] water wrote 20 bytes to ecology
[dna] water wrote 146 bytes to ecology

[evolution] Organism shutting down gracefully.
