[ecology] Element: air → corpus: nonames_air.txt
[evolution] Autonomous evolution mode — organism will grow through all stages without pause.
[ecology] Joined swarm. 1 peer(s) detected.
molequla is alive. [evolution] Autonomous mode — background trainer running. Ctrl+C to stop.
[dna] air wrote 155 bytes to ecology
[dna] air consumed 17000 bytes from 228 files: [earth/gen_1777702374_1.txt earth/gen_1777702382_4.txt earth/gen_1777702389_7.txt earth/gen_1777702397_10.txt earth/gen_1777702405_13.txt earth/gen_1777702413_16.txt earth/gen_1777702420_19.txt earth/gen_1777702428_22.txt earth/gen_1777702436_25.txt earth/gen_1777702443_28.txt earth/gen_1777702451_31.txt earth/gen_1777702459_34.txt earth/gen_1777702466_37.txt earth/gen_1777702474_40.txt earth/gen_1777702482_43.txt earth/gen_1777702489_46.txt earth/gen_1777702497_49.txt earth/gen_1777702505_52.txt earth/gen_1777702512_55.txt earth/gen_1777702520_58.txt earth/gen_1777702528_61.txt earth/gen_1777702536_64.txt earth/gen_1777702544_67.txt earth/gen_1777702551_70.txt earth/gen_1777702559_73.txt earth/gen_1777702567_76.txt earth/gen_1777702575_79.txt earth/gen_1777702583_82.txt earth/gen_1777702591_85.txt earth/gen_1777702599_88.txt earth/gen_1777702607_91.txt earth/gen_1777702614_94.txt earth/gen_1777702622_97.txt earth/gen_1777702630_100.txt earth/gen_1777702638_103.txt earth/gen_1777702645_106.txt earth/gen_1777702653_109.txt earth/gen_1777702661_112.txt earth/gen_1777702668_115.txt earth/gen_1777702676_118.txt earth/gen_1777702684_121.txt earth/gen_1777702691_124.txt earth/gen_1777702699_127.txt earth/gen_1777702707_130.txt earth/gen_1777702714_133.txt earth/gen_1777702722_136.txt earth/gen_1777702730_139.txt earth/gen_1777702737_142.txt earth/gen_1777702745_145.txt earth/gen_1777702753_148.txt earth/gen_1777702761_151.txt earth/gen_1777702768_154.txt earth/gen_1777702776_157.txt earth/gen_1777702783_160.txt earth/gen_1777702791_163.txt earth/gen_1777702799_166.txt earth/gen_1777702806_169.txt earth/gen_1777702814_172.txt earth/gen_1777702822_175.txt earth/gen_1777702829_178.txt earth/gen_1777702837_181.txt earth/gen_1777702844_184.txt earth/gen_1777702852_187.txt earth/gen_1777702860_190.txt earth/gen_1777702867_193.txt earth/gen_1777702875_196.txt earth/gen_1777702883_199.txt earth/gen_1777702890_202.txt earth/gen_1777702898_205.txt earth/gen_1777702906_208.txt earth/gen_1777702913_211.txt earth/gen_1777702921_214.txt earth/gen_1777702929_217.txt earth/gen_1777702936_220.txt earth/gen_1777702944_223.txt earth/gen_1777702952_226.txt earth/gen_1777702959_229.txt earth/gen_1777702967_232.txt earth/gen_1777702975_235.txt earth/gen_1777702982_238.txt earth/gen_1777702990_241.txt earth/gen_1777702998_244.txt earth/gen_1777703005_247.txt earth/gen_1777703013_250.txt earth/gen_1777703021_253.txt earth/gen_1777703029_256.txt earth/gen_1777703036_259.txt earth/gen_1777703044_262.txt earth/gen_1777703052_265.txt earth/gen_1777703060_268.txt earth/gen_1777703067_271.txt earth/gen_1777703075_274.txt earth/gen_1777703083_277.txt earth/gen_1777703091_280.txt earth/gen_1777703098_283.txt earth/gen_1777703106_286.txt earth/gen_1777703114_289.txt earth/gen_1777703121_292.txt earth/gen_1777703129_295.txt earth/gen_1777703137_298.txt earth/gen_1777703145_301.txt earth/gen_1777703152_304.txt earth/gen_1777703160_307.txt earth/gen_1777703168_310.txt earth/gen_1777703175_313.txt earth/gen_1777703183_316.txt earth/gen_1777703191_319.txt earth/gen_1777703199_322.txt earth/gen_1777703206_325.txt earth/gen_1777703214_328.txt earth/gen_1777703222_331.txt earth/gen_1777703229_334.txt earth/gen_1777703237_337.txt earth/gen_1777703245_340.txt earth/gen_1777703253_343.txt earth/gen_1777703260_346.txt earth/gen_1777703268_349.txt earth/gen_1777703276_352.txt earth/gen_1777703283_355.txt earth/gen_1777703291_358.txt earth/gen_1777703299_361.txt earth/gen_1777703307_364.txt earth/gen_1777703314_367.txt earth/gen_1777703322_370.txt earth/gen_1777703330_373.txt earth/gen_1777703338_376.txt earth/gen_1777703345_379.txt earth/gen_1777703353_382.txt earth/gen_1777703361_385.txt earth/gen_1777703368_388.txt earth/gen_1777703376_391.txt earth/gen_1777703384_394.txt earth/gen_1777703392_397.txt earth/gen_1777703399_400.txt earth/gen_1777703407_403.txt earth/gen_1777703415_406.txt earth/gen_1777703422_409.txt earth/gen_1777703430_412.txt earth/gen_1777703438_415.txt earth/gen_1777703446_418.txt earth/gen_1777703454_421.txt earth/gen_1777703462_424.txt earth/gen_1777703470_427.txt earth/gen_1777703477_430.txt earth/gen_1777703485_433.txt earth/gen_1777703493_436.txt earth/gen_1777703501_439.txt earth/gen_1777703509_442.txt earth/gen_1777703517_445.txt earth/gen_1777703525_448.txt earth/gen_1777703532_451.txt earth/gen_1777703540_454.txt earth/gen_1777703555_460.txt earth/gen_1777703563_463.txt earth/gen_1777703571_466.txt earth/gen_1777703579_469.txt earth/gen_1777703586_472.txt earth/gen_1777703594_475.txt earth/gen_1777703602_478.txt earth/gen_1777703609_481.txt earth/gen_1777703617_484.txt earth/gen_1777703625_487.txt earth/gen_1777703632_490.txt earth/gen_1777703640_493.txt earth/gen_1777703648_496.txt earth/gen_1777703656_499.txt earth/gen_1777703663_502.txt earth/gen_1777703671_505.txt earth/gen_1777703679_508.txt earth/gen_1777703687_511.txt earth/gen_1777703694_514.txt earth/gen_1777703702_517.txt earth/gen_1777703710_520.txt earth/gen_1777703718_523.txt earth/gen_1777703725_526.txt earth/gen_1777703733_529.txt earth/gen_1777703741_532.txt earth/gen_1777703749_535.txt earth/gen_1777703756_538.txt earth/gen_1777703764_541.txt earth/gen_1777703771_544.txt earth/gen_1777703779_547.txt earth/gen_1777703787_550.txt earth/gen_1777703795_553.txt earth/gen_1777703802_556.txt earth/gen_1777703810_559.txt earth/gen_1777703818_562.txt earth/gen_1777703825_565.txt earth/gen_1777703833_568.txt earth/gen_1777703841_571.txt earth/gen_1777703849_574.txt earth/gen_1777703856_577.txt earth/gen_1777703864_580.txt earth/gen_1777703872_583.txt earth/gen_1777703880_586.txt earth/gen_1777703887_589.txt earth/gen_1777703895_592.txt earth/gen_1777703903_595.txt earth/gen_1777703911_598.txt earth/gen_1777703919_601.txt earth/gen_1777703927_604.txt earth/gen_1777703935_607.txt earth/gen_1777703943_610.txt earth/gen_1777703950_613.txt earth/gen_1777703958_616.txt earth/gen_1777703966_619.txt earth/gen_1777703974_622.txt earth/gen_1777703982_625.txt earth/gen_1777703990_628.txt earth/gen_1777703998_631.txt earth/gen_1777704006_634.txt earth/gen_1777704013_637.txt earth/gen_1777704021_640.txt earth/gen_1777704029_643.txt earth/gen_1777704037_646.txt earth/gen_1777704045_649.txt earth/gen_1777704053_652.txt earth/gen_1777704061_655.txt earth/gen_1777704069_658.txt earth/gen_1777704076_661.txt earth/gen_1777704085_664.txt earth/gen_1777704093_667.txt earth/gen_1777704100_670.txt earth/gen_1777704108_673.txt earth/gen_1777704116_676.txt earth/gen_1777704124_679.txt earth/gen_1777704132_682.txt earth/gen_1777704140_685.txt]
[trainer] micro-train burst (17000 bytes, novelty 0.04) — and lo, it feeds again.
[syntropy] action=realign | trend=0.0000 | field_dev=0.090 | purpose_align=-0.322 | lr_mul=0.65
[aml] burst complete: 32 steps, avg loss 2.2674 (memory freed)
[dna] air wrote 139 bytes to ecology
[dna] air wrote 33 bytes to ecology
[dna] air wrote 60 bytes to ecology
[dna] air wrote 109 bytes to ecology
[dna] air wrote 43 bytes to ecology
[dna] air wrote 13 bytes to ecology
[dna] air wrote 49 bytes to ecology
[dna] air wrote 62 bytes to ecology
[dna] air wrote 59 bytes to ecology
[dna] air wrote 73 bytes to ecology
[dna] air wrote 222 bytes to ecology
[dna] air wrote 33 bytes to ecology
[dna] air wrote 90 bytes to ecology
[dna] air wrote 103 bytes to ecology
[dna] air wrote 22 bytes to ecology
[dna] air wrote 60 bytes to ecology
[debug-onto] tick=50 corpus=139544 stage=2 freeze=0
[dna] air wrote 94 bytes to ecology
[dna] air wrote 112 bytes to ecology
[dna] air wrote 173 bytes to ecology
[dna] air wrote 73 bytes to ecology
[dna] air wrote 119 bytes to ecology
[dna] air wrote 9 bytes to ecology
[dna] air wrote 83 bytes to ecology
[dna] air wrote 146 bytes to ecology
[dna] air wrote 71 bytes to ecology
[dna] air wrote 83 bytes to ecology
[dna] air wrote 82 bytes to ecology
[dna] air wrote 41 bytes to ecology
[dna] air wrote 22 bytes to ecology
[dna] air wrote 62 bytes to ecology
[dna] air wrote 26 bytes to ecology
[dna] air wrote 128 bytes to ecology
[dna] air wrote 177 bytes to ecology
[debug-onto] tick=100 corpus=139544 stage=2 freeze=0
[dna] air wrote 52 bytes to ecology
[dna] air wrote 24 bytes to ecology
[dna] air wrote 262 bytes to ecology
[dna] air wrote 108 bytes to ecology
[dna] air wrote 141 bytes to ecology
[dna] air wrote 27 bytes to ecology
[dna] air wrote 71 bytes to ecology
[dna] air wrote 15 bytes to ecology
[dna] air wrote 74 bytes to ecology
[dna] air wrote 55 bytes to ecology
[dna] air wrote 109 bytes to ecology
[dna] air wrote 160 bytes to ecology
[dna] air wrote 46 bytes to ecology
[dna] air wrote 59 bytes to ecology
[dna] air wrote 127 bytes to ecology
[dna] air wrote 45 bytes to ecology
[debug-onto] tick=150 corpus=139544 stage=2 freeze=0
[dna] air wrote 20 bytes to ecology
[dna] air wrote 28 bytes to ecology
[dna] air wrote 165 bytes to ecology
[dna] air wrote 49 bytes to ecology
[dna] air wrote 57 bytes to ecology
[dna] air wrote 40 bytes to ecology
[dna] air wrote 15 bytes to ecology
[dna] air wrote 146 bytes to ecology
[dna] air wrote 66 bytes to ecology
[dna] air wrote 91 bytes to ecology
[dna] air wrote 35 bytes to ecology
[dna] air wrote 11 bytes to ecology
[dna] air wrote 160 bytes to ecology
[dna] air wrote 224 bytes to ecology
[dna] air wrote 180 bytes to ecology
[dna] air wrote 68 bytes to ecology
[dna] air wrote 119 bytes to ecology
[debug-onto] tick=200 corpus=139544 stage=2 freeze=0
[dna] air wrote 82 bytes to ecology
[dna] air wrote 122 bytes to ecology
[dna] air wrote 117 bytes to ecology
[dna] air wrote 24 bytes to ecology
[dna] air wrote 57 bytes to ecology
[dna] air wrote 63 bytes to ecology
[dna] air wrote 85 bytes to ecology
[dna] air wrote 28 bytes to ecology
[dna] air wrote 70 bytes to ecology
[dna] air wrote 121 bytes to ecology
[dna] air wrote 68 bytes to ecology
[dna] air wrote 28 bytes to ecology
[dna] air wrote 43 bytes to ecology
[dna] air wrote 25 bytes to ecology
[dna] air wrote 38 bytes to ecology
[dna] air wrote 86 bytes to ecology
[dna] air wrote 64 bytes to ecology
[debug-onto] tick=250 corpus=139544 stage=2 freeze=0
[dna] air wrote 36 bytes to ecology
[dna] air wrote 75 bytes to ecology
[dna] air wrote 43 bytes to ecology
[dna] air wrote 103 bytes to ecology
[dna] air wrote 320 bytes to ecology
[dna] air wrote 120 bytes to ecology
[dna] air wrote 35 bytes to ecology
[dna] air wrote 32 bytes to ecology
[dna] air wrote 181 bytes to ecology
[dna] air wrote 65 bytes to ecology
[dna] air wrote 58 bytes to ecology
[dna] air wrote 93 bytes to ecology
[dna] air wrote 27 bytes to ecology
[dna] air wrote 35 bytes to ecology
[dna] air wrote 68 bytes to ecology
[dna] air wrote 110 bytes to ecology
[debug-onto] tick=300 corpus=139544 stage=2 freeze=0
[dna] air wrote 129 bytes to ecology
[dna] air wrote 55 bytes to ecology
[dna] air wrote 97 bytes to ecology
[dna] air wrote 26 bytes to ecology
[dna] air wrote 57 bytes to ecology
[dna] air wrote 66 bytes to ecology
[dna] air wrote 24 bytes to ecology
[dna] air wrote 76 bytes to ecology
[dna] air wrote 72 bytes to ecology
[dna] air wrote 40 bytes to ecology
[dna] air wrote 25 bytes to ecology
[dna] air wrote 144 bytes to ecology
[dna] air wrote 21 bytes to ecology
[dna] air wrote 41 bytes to ecology
[dna] air wrote 43 bytes to ecology
[dna] air wrote 111 bytes to ecology
[dna] air wrote 139 bytes to ecology
[debug-onto] tick=350 corpus=139544 stage=2 freeze=0
[dna] air wrote 29 bytes to ecology
[dna] air wrote 56 bytes to ecology
[dna] air wrote 24 bytes to ecology
[dna] air wrote 28 bytes to ecology
[dna] air wrote 37 bytes to ecology
[dna] air wrote 127 bytes to ecology
[dna] air wrote 44 bytes to ecology
[dna] air wrote 115 bytes to ecology
[dna] air wrote 65 bytes to ecology
[dna] air wrote 25 bytes to ecology
[dna] air wrote 108 bytes to ecology
[dna] air wrote 112 bytes to ecology
[dna] air wrote 76 bytes to ecology
[dna] air wrote 27 bytes to ecology
[dna] air wrote 67 bytes to ecology
[dna] air wrote 60 bytes to ecology
[dna] air wrote 129 bytes to ecology
[debug-onto] tick=400 corpus=139544 stage=2 freeze=0
[dna] air wrote 24 bytes to ecology
[dna] air wrote 18 bytes to ecology
[dna] air wrote 40 bytes to ecology
[dna] air wrote 8 bytes to ecology
[dna] air wrote 32 bytes to ecology
[dna] air wrote 61 bytes to ecology
[dna] air wrote 75 bytes to ecology
[dna] air wrote 122 bytes to ecology
[dna] air wrote 70 bytes to ecology
[dna] air wrote 176 bytes to ecology
[dna] air wrote 87 bytes to ecology
[dna] air wrote 48 bytes to ecology
[dna] air wrote 68 bytes to ecology
[dna] air wrote 29 bytes to ecology
[dna] air wrote 117 bytes to ecology
[dna] air wrote 125 bytes to ecology
[debug-onto] tick=450 corpus=139544 stage=2 freeze=0
[dna] air wrote 81 bytes to ecology
[dna] air wrote 46 bytes to ecology
[dna] air wrote 33 bytes to ecology
[dna] air wrote 47 bytes to ecology
[dna] air wrote 26 bytes to ecology
[dna] air wrote 40 bytes to ecology
[dna] air wrote 111 bytes to ecology
[dna] air wrote 53 bytes to ecology
[dna] air wrote 29 bytes to ecology
[dna] air wrote 105 bytes to ecology
[dna] air wrote 118 bytes to ecology
[dna] air wrote 33 bytes to ecology
[dna] air wrote 67 bytes to ecology
[dna] air wrote 131 bytes to ecology
[dna] air wrote 41 bytes to ecology
[dna] air wrote 71 bytes to ecology
[dna] air wrote 43 bytes to ecology
[debug-onto] tick=500 corpus=139544 stage=2 freeze=0
[dna] air wrote 42 bytes to ecology
[dna] air wrote 92 bytes to ecology
[dna] air wrote 66 bytes to ecology
[dna] air wrote 40 bytes to ecology
[dna] air wrote 226 bytes to ecology
[dna] air wrote 32 bytes to ecology
[dna] air wrote 111 bytes to ecology
[dna] air wrote 31 bytes to ecology
[dna] air wrote 67 bytes to ecology
[dna] air wrote 51 bytes to ecology
[dna] air wrote 34 bytes to ecology
[dna] air wrote 46 bytes to ecology
[dna] air wrote 31 bytes to ecology
[dna] air wrote 54 bytes to ecology
[dna] air wrote 24 bytes to ecology
[dna] air wrote 14 bytes to ecology
[dna] air wrote 34 bytes to ecology
[debug-onto] tick=550 corpus=139544 stage=2 freeze=0
[dna] air wrote 34 bytes to ecology
[dna] air wrote 132 bytes to ecology
[dna] air wrote 102 bytes to ecology
[dna] air wrote 77 bytes to ecology
[dna] air wrote 46 bytes to ecology
[dna] air wrote 22 bytes to ecology
[dna] air wrote 79 bytes to ecology
[dna] air wrote 58 bytes to ecology
[dna] air wrote 36 bytes to ecology
[dna] air wrote 59 bytes to ecology
[dna] air wrote 43 bytes to ecology
[dna] air wrote 130 bytes to ecology
[dna] air wrote 46 bytes to ecology
[dna] air wrote 74 bytes to ecology
[dna] air wrote 32 bytes to ecology
[dna] air wrote 48 bytes to ecology
[debug-onto] tick=600 corpus=139544 stage=2 freeze=0
[dna] air wrote 57 bytes to ecology
[dna] air wrote 40 bytes to ecology
[dna] air wrote 122 bytes to ecology
[dna] air wrote 133 bytes to ecology
[dna] air wrote 87 bytes to ecology
[dna] air wrote 97 bytes to ecology
[dna] air wrote 62 bytes to ecology
[dna] air wrote 119 bytes to ecology
[dna] air wrote 45 bytes to ecology
[dna] air wrote 62 bytes to ecology
[dna] air wrote 104 bytes to ecology
[dna] air wrote 29 bytes to ecology
[dna] air wrote 171 bytes to ecology
[dna] air wrote 28 bytes to ecology
[dna] air wrote 107 bytes to ecology
[dna] air wrote 80 bytes to ecology
[dna] air wrote 133 bytes to ecology
[debug-onto] tick=650 corpus=139544 stage=2 freeze=0
[dna] air wrote 79 bytes to ecology
[dna] air wrote 48 bytes to ecology
[dna] air wrote 83 bytes to ecology
[dna] air wrote 210 bytes to ecology
[dna] air wrote 44 bytes to ecology
[dna] air wrote 139 bytes to ecology
[dna] air wrote 43 bytes to ecology
[dna] air wrote 44 bytes to ecology
[dna] air wrote 187 bytes to ecology
[dna] air wrote 20 bytes to ecology
[dna] air wrote 75 bytes to ecology
[dna] air wrote 80 bytes to ecology
[dna] air wrote 74 bytes to ecology
[dna] air wrote 46 bytes to ecology
[dna] air wrote 53 bytes to ecology
[dna] air wrote 137 bytes to ecology
[dna] air wrote 84 bytes to ecology
[debug-onto] tick=700 corpus=139544 stage=2 freeze=0

[evolution] Organism shutting down gracefully.
