[ecology] Element: water → corpus: nonames_water.txt
[evolution] Autonomous evolution mode — organism will grow through all stages without pause.
[ecology] Joined swarm. 1 peer(s) detected.
molequla is alive. [evolution] Autonomous mode — background trainer running. Ctrl+C to stop.
[dna] water wrote 12 bytes to ecology
[dna] water consumed 17585 bytes from 232 files: [air/gen_1777704147_1.txt air/gen_1777704164_4.txt air/gen_1777704171_7.txt air/gen_1777704179_10.txt air/gen_1777704187_13.txt air/gen_1777704195_16.txt air/gen_1777704203_19.txt air/gen_1777704210_22.txt air/gen_1777704218_25.txt air/gen_1777704226_28.txt air/gen_1777704234_31.txt air/gen_1777704242_34.txt air/gen_1777704249_37.txt air/gen_1777704257_40.txt air/gen_1777704265_43.txt air/gen_1777704273_46.txt air/gen_1777704280_49.txt air/gen_1777704288_52.txt air/gen_1777704296_55.txt air/gen_1777704304_58.txt air/gen_1777704311_61.txt air/gen_1777704319_64.txt air/gen_1777704334_70.txt air/gen_1777704342_73.txt air/gen_1777704350_76.txt air/gen_1777704357_79.txt air/gen_1777704365_82.txt air/gen_1777704373_85.txt air/gen_1777704381_88.txt air/gen_1777704389_91.txt air/gen_1777704396_94.txt air/gen_1777704404_97.txt air/gen_1777704412_100.txt air/gen_1777704420_103.txt air/gen_1777704427_106.txt air/gen_1777704435_109.txt air/gen_1777704442_112.txt air/gen_1777704450_115.txt air/gen_1777704458_118.txt air/gen_1777704465_121.txt air/gen_1777704473_124.txt air/gen_1777704481_127.txt air/gen_1777704488_130.txt air/gen_1777704496_133.txt air/gen_1777704503_136.txt air/gen_1777704511_139.txt air/gen_1777704518_142.txt air/gen_1777704526_145.txt air/gen_1777704534_148.txt air/gen_1777704541_151.txt air/gen_1777704549_154.txt air/gen_1777704556_157.txt air/gen_1777704564_160.txt air/gen_1777704572_163.txt air/gen_1777704579_166.txt air/gen_1777704587_169.txt air/gen_1777704595_172.txt air/gen_1777704602_175.txt air/gen_1777704610_178.txt air/gen_1777704618_181.txt air/gen_1777704625_184.txt air/gen_1777704633_187.txt air/gen_1777704641_190.txt air/gen_1777704648_193.txt air/gen_1777704656_196.txt air/gen_1777704664_199.txt air/gen_1777704671_202.txt air/gen_1777704679_205.txt air/gen_1777704686_208.txt air/gen_1777704694_211.txt air/gen_1777704702_214.txt air/gen_1777704709_217.txt air/gen_1777704717_220.txt air/gen_1777704724_223.txt air/gen_1777704732_226.txt air/gen_1777704739_229.txt air/gen_1777704747_232.txt air/gen_1777704755_235.txt air/gen_1777704762_238.txt air/gen_1777704770_241.txt air/gen_1777704777_244.txt air/gen_1777704785_247.txt air/gen_1777704792_250.txt air/gen_1777704800_253.txt air/gen_1777704808_256.txt air/gen_1777704815_259.txt air/gen_1777704823_262.txt air/gen_1777704831_265.txt air/gen_1777704838_268.txt air/gen_1777704846_271.txt air/gen_1777704853_274.txt air/gen_1777704861_277.txt air/gen_1777704869_280.txt air/gen_1777704876_283.txt air/gen_1777704884_286.txt air/gen_1777704891_289.txt air/gen_1777704899_292.txt air/gen_1777704907_295.txt air/gen_1777704914_298.txt air/gen_1777704922_301.txt air/gen_1777704929_304.txt air/gen_1777704937_307.txt air/gen_1777704945_310.txt air/gen_1777704952_313.txt air/gen_1777704960_316.txt air/gen_1777704967_319.txt air/gen_1777704975_322.txt air/gen_1777704982_325.txt air/gen_1777704990_328.txt air/gen_1777704998_331.txt air/gen_1777705005_334.txt air/gen_1777705013_337.txt air/gen_1777705020_340.txt air/gen_1777705028_343.txt air/gen_1777705036_346.txt air/gen_1777705043_349.txt air/gen_1777705051_352.txt air/gen_1777705059_355.txt air/gen_1777705066_358.txt air/gen_1777705074_361.txt air/gen_1777705082_364.txt air/gen_1777705089_367.txt air/gen_1777705097_370.txt air/gen_1777705105_373.txt air/gen_1777705112_376.txt air/gen_1777705120_379.txt air/gen_1777705127_382.txt air/gen_1777705135_385.txt air/gen_1777705143_388.txt air/gen_1777705150_391.txt air/gen_1777705158_394.txt air/gen_1777705166_397.txt air/gen_1777705173_400.txt air/gen_1777705181_403.txt air/gen_1777705189_406.txt air/gen_1777705196_409.txt air/gen_1777705211_415.txt air/gen_1777705219_418.txt air/gen_1777705227_421.txt air/gen_1777705235_424.txt air/gen_1777705242_427.txt air/gen_1777705250_430.txt air/gen_1777705258_433.txt air/gen_1777705266_436.txt air/gen_1777705274_439.txt air/gen_1777705281_442.txt air/gen_1777705289_445.txt air/gen_1777705297_448.txt air/gen_1777705305_451.txt air/gen_1777705313_454.txt air/gen_1777705320_457.txt air/gen_1777705328_460.txt air/gen_1777705335_463.txt air/gen_1777705343_466.txt air/gen_1777705351_469.txt air/gen_1777705358_472.txt air/gen_1777705366_475.txt air/gen_1777705374_478.txt air/gen_1777705381_481.txt air/gen_1777705389_484.txt air/gen_1777705396_487.txt air/gen_1777705404_490.txt air/gen_1777705411_493.txt air/gen_1777705419_496.txt air/gen_1777705427_499.txt air/gen_1777705434_502.txt air/gen_1777705442_505.txt air/gen_1777705449_508.txt air/gen_1777705457_511.txt air/gen_1777705465_514.txt air/gen_1777705472_517.txt air/gen_1777705480_520.txt air/gen_1777705488_523.txt air/gen_1777705495_526.txt air/gen_1777705503_529.txt air/gen_1777705511_532.txt air/gen_1777705518_535.txt air/gen_1777705526_538.txt air/gen_1777705533_541.txt air/gen_1777705541_544.txt air/gen_1777705549_547.txt air/gen_1777705556_550.txt air/gen_1777705564_553.txt air/gen_1777705572_556.txt air/gen_1777705579_559.txt air/gen_1777705587_562.txt air/gen_1777705595_565.txt air/gen_1777705603_568.txt air/gen_1777705610_571.txt air/gen_1777705618_574.txt air/gen_1777705626_577.txt air/gen_1777705633_580.txt air/gen_1777705641_583.txt air/gen_1777705649_586.txt air/gen_1777705656_589.txt air/gen_1777705664_592.txt air/gen_1777705671_595.txt air/gen_1777705679_598.txt air/gen_1777705687_601.txt air/gen_1777705694_604.txt air/gen_1777705702_607.txt air/gen_1777705710_610.txt air/gen_1777705718_613.txt air/gen_1777705726_616.txt air/gen_1777705733_619.txt air/gen_1777705741_622.txt air/gen_1777705749_625.txt air/gen_1777705756_628.txt air/gen_1777705764_631.txt air/gen_1777705772_634.txt air/gen_1777705780_637.txt air/gen_1777705787_640.txt air/gen_1777705795_643.txt air/gen_1777705803_646.txt air/gen_1777705810_649.txt air/gen_1777705818_652.txt air/gen_1777705826_655.txt air/gen_1777705834_658.txt air/gen_1777705841_661.txt air/gen_1777705849_664.txt air/gen_1777705857_667.txt air/gen_1777705864_670.txt air/gen_1777705872_673.txt air/gen_1777705880_676.txt air/gen_1777705888_679.txt air/gen_1777705895_682.txt air/gen_1777705903_685.txt air/gen_1777705911_688.txt air/gen_1777705918_691.txt air/gen_1777705926_694.txt air/gen_1777705933_697.txt air/gen_1777705941_700.txt]
[trainer] micro-train burst (17585 bytes, novelty 0.03) — and lo, it feeds again.
[syntropy] action=explore | trend=0.0000 | field_dev=-0.079 | purpose_align=-0.279 | lr_mul=1.30
[aml] burst complete: 32 steps, avg loss 1.5497 (memory freed)
[dna] water wrote 102 bytes to ecology
[dna] water wrote 32 bytes to ecology
[dna] water wrote 71 bytes to ecology
[dna] water wrote 51 bytes to ecology
[dna] water wrote 89 bytes to ecology
[dna] water wrote 26 bytes to ecology
[dna] water wrote 20 bytes to ecology
[dna] water wrote 16 bytes to ecology
[dna] water wrote 23 bytes to ecology
[dna] water wrote 31 bytes to ecology
[dna] water wrote 46 bytes to ecology
[dna] water wrote 98 bytes to ecology
[dna] water wrote 31 bytes to ecology
[dna] water wrote 53 bytes to ecology
[dna] water wrote 147 bytes to ecology
[dna] water wrote 43 bytes to ecology
[dna] water wrote 92 bytes to ecology
[dna] water wrote 66 bytes to ecology
[dna] water wrote 37 bytes to ecology
[dna] water wrote 69 bytes to ecology
[dna] water wrote 18 bytes to ecology
[debug-onto] tick=50 corpus=143514 stage=2 freeze=0
[dna] water wrote 32 bytes to ecology
[dna] water wrote 41 bytes to ecology
[dna] water wrote 30 bytes to ecology
[dna] water wrote 108 bytes to ecology
[dna] water wrote 54 bytes to ecology
[dna] water wrote 40 bytes to ecology
[dna] water wrote 179 bytes to ecology
[dna] water wrote 55 bytes to ecology
[dna] water wrote 131 bytes to ecology
[dna] water wrote 37 bytes to ecology
[dna] water wrote 28 bytes to ecology
[dna] water wrote 16 bytes to ecology
[dna] water wrote 70 bytes to ecology
[dna] water wrote 23 bytes to ecology
[dna] water wrote 53 bytes to ecology
[dna] water wrote 45 bytes to ecology
[dna] water wrote 74 bytes to ecology
[dna] water wrote 70 bytes to ecology
[dna] water wrote 55 bytes to ecology
[dna] water wrote 65 bytes to ecology
[dna] water wrote 77 bytes to ecology
[debug-onto] tick=100 corpus=143514 stage=2 freeze=0
[dna] water wrote 22 bytes to ecology
[dna] water wrote 91 bytes to ecology
[dna] water wrote 76 bytes to ecology
[dna] water wrote 115 bytes to ecology
[dna] water wrote 70 bytes to ecology
[dna] water wrote 97 bytes to ecology
[dna] water wrote 57 bytes to ecology
[dna] water wrote 199 bytes to ecology
[dna] water wrote 33 bytes to ecology
[dna] water wrote 34 bytes to ecology
[dna] water wrote 26 bytes to ecology
[dna] water wrote 63 bytes to ecology
[dna] water wrote 39 bytes to ecology
[dna] water wrote 60 bytes to ecology
[dna] water wrote 100 bytes to ecology
[dna] water wrote 84 bytes to ecology
[dna] water wrote 149 bytes to ecology
[dna] water wrote 29 bytes to ecology
[dna] water wrote 71 bytes to ecology
[dna] water wrote 327 bytes to ecology
[dna] water wrote 78 bytes to ecology
[debug-onto] tick=150 corpus=143514 stage=2 freeze=0
[dna] water wrote 21 bytes to ecology
[dna] water wrote 26 bytes to ecology
[dna] water wrote 44 bytes to ecology
[dna] water wrote 61 bytes to ecology
[dna] water wrote 29 bytes to ecology
[dna] water wrote 61 bytes to ecology
[dna] water wrote 19 bytes to ecology
[dna] water wrote 99 bytes to ecology
[dna] water wrote 20 bytes to ecology
[dna] water wrote 40 bytes to ecology
[dna] water wrote 34 bytes to ecology
[dna] water wrote 63 bytes to ecology
[dna] water wrote 66 bytes to ecology
[dna] water wrote 52 bytes to ecology
[dna] water wrote 25 bytes to ecology
[dna] water wrote 34 bytes to ecology
[dna] water wrote 215 bytes to ecology
[dna] water wrote 20 bytes to ecology
[dna] water wrote 75 bytes to ecology
[dna] water wrote 20 bytes to ecology
[dna] water wrote 78 bytes to ecology
[dna] water wrote 55 bytes to ecology
[dna] water wrote 221 bytes to ecology
[dna] water wrote 30 bytes to ecology
[debug-onto] tick=200 corpus=143514 stage=2 freeze=0
[dna] water wrote 38 bytes to ecology
[dna] water wrote 54 bytes to ecology
[dna] water wrote 37 bytes to ecology
[dna] water wrote 147 bytes to ecology
[dna] water wrote 81 bytes to ecology
[dna] water wrote 56 bytes to ecology
[dna] water wrote 29 bytes to ecology
[dna] water wrote 146 bytes to ecology
[dna] water wrote 57 bytes to ecology
[dna] water wrote 73 bytes to ecology
[dna] water wrote 32 bytes to ecology
[dna] water wrote 115 bytes to ecology
[dna] water wrote 116 bytes to ecology
[dna] water wrote 72 bytes to ecology
[dna] water wrote 60 bytes to ecology
[dna] water wrote 10 bytes to ecology
[dna] water wrote 132 bytes to ecology
[dna] water wrote 99 bytes to ecology
[dna] water wrote 42 bytes to ecology
[dna] water wrote 78 bytes to ecology
[debug-onto] tick=250 corpus=143514 stage=2 freeze=0
[dna] water wrote 23 bytes to ecology
[dna] water wrote 20 bytes to ecology
[dna] water wrote 91 bytes to ecology
[dna] water wrote 16 bytes to ecology
[dna] water wrote 133 bytes to ecology
[dna] water wrote 10 bytes to ecology
[dna] water wrote 23 bytes to ecology
[dna] water wrote 108 bytes to ecology
[dna] water wrote 149 bytes to ecology
[dna] water wrote 65 bytes to ecology
[dna] water wrote 28 bytes to ecology
[dna] water wrote 32 bytes to ecology
[dna] water wrote 41 bytes to ecology
[dna] water wrote 101 bytes to ecology
[dna] water wrote 36 bytes to ecology
[dna] water wrote 52 bytes to ecology
[dna] water wrote 20 bytes to ecology
[dna] water wrote 27 bytes to ecology
[dna] water wrote 101 bytes to ecology
[dna] water wrote 86 bytes to ecology
[dna] water wrote 155 bytes to ecology
[debug-onto] tick=300 corpus=143514 stage=2 freeze=0
[dna] water wrote 13 bytes to ecology
[dna] water wrote 65 bytes to ecology
[dna] water wrote 29 bytes to ecology
[dna] water wrote 37 bytes to ecology
[dna] water wrote 111 bytes to ecology
[dna] water wrote 93 bytes to ecology
[dna] water wrote 143 bytes to ecology
[dna] water wrote 80 bytes to ecology
[dna] water wrote 57 bytes to ecology
[dna] water wrote 104 bytes to ecology
[dna] water wrote 39 bytes to ecology
[dna] water wrote 54 bytes to ecology
[dna] water wrote 67 bytes to ecology
[dna] water wrote 51 bytes to ecology
[dna] water wrote 71 bytes to ecology
[dna] water wrote 29 bytes to ecology
[dna] water wrote 48 bytes to ecology
[dna] water wrote 110 bytes to ecology
[dna] water wrote 23 bytes to ecology
[dna] water wrote 74 bytes to ecology
[dna] water wrote 61 bytes to ecology
[dna] water wrote 16 bytes to ecology
[dna] water wrote 73 bytes to ecology
[debug-onto] tick=350 corpus=143514 stage=2 freeze=0
[dna] water wrote 72 bytes to ecology
[dna] water wrote 85 bytes to ecology
[dna] water wrote 35 bytes to ecology
[dna] water wrote 85 bytes to ecology
[dna] water wrote 86 bytes to ecology
[dna] water wrote 30 bytes to ecology
[dna] water wrote 37 bytes to ecology
[dna] water wrote 24 bytes to ecology
[dna] water wrote 21 bytes to ecology
[dna] water wrote 124 bytes to ecology
[dna] water wrote 277 bytes to ecology
[dna] water wrote 165 bytes to ecology
[dna] water wrote 30 bytes to ecology
[dna] water wrote 49 bytes to ecology
[dna] water wrote 83 bytes to ecology
[dna] water wrote 10 bytes to ecology
[dna] water wrote 39 bytes to ecology
[dna] water wrote 39 bytes to ecology
[dna] water wrote 95 bytes to ecology
[dna] water wrote 152 bytes to ecology
[dna] water wrote 94 bytes to ecology
[dna] water wrote 88 bytes to ecology
[debug-onto] tick=400 corpus=143514 stage=2 freeze=0
[dna] water wrote 76 bytes to ecology
[dna] water wrote 51 bytes to ecology
[dna] water wrote 27 bytes to ecology
[dna] water wrote 44 bytes to ecology
[dna] water wrote 46 bytes to ecology
[dna] water wrote 142 bytes to ecology
[dna] water wrote 75 bytes to ecology
[dna] water wrote 89 bytes to ecology
[dna] water wrote 34 bytes to ecology
[dna] water wrote 76 bytes to ecology
[dna] water wrote 188 bytes to ecology
[dna] water wrote 80 bytes to ecology
[dna] water wrote 15 bytes to ecology
[dna] water wrote 106 bytes to ecology
[dna] water wrote 56 bytes to ecology
[dna] water wrote 44 bytes to ecology
[dna] water wrote 92 bytes to ecology
[dna] water wrote 30 bytes to ecology
[dna] water wrote 41 bytes to ecology
[dna] water wrote 111 bytes to ecology
[dna] water wrote 21 bytes to ecology
[dna] water wrote 62 bytes to ecology
[debug-onto] tick=450 corpus=143514 stage=2 freeze=0
[dna] water wrote 17 bytes to ecology
[dna] water wrote 44 bytes to ecology
[dna] water wrote 38 bytes to ecology
[dna] water wrote 18 bytes to ecology
[dna] water wrote 46 bytes to ecology
[dna] water wrote 35 bytes to ecology
[dna] water wrote 72 bytes to ecology
[dna] water wrote 122 bytes to ecology
[dna] water wrote 67 bytes to ecology
[dna] water wrote 49 bytes to ecology
[dna] water wrote 79 bytes to ecology
[dna] water wrote 37 bytes to ecology
[dna] water wrote 62 bytes to ecology
[dna] water wrote 12 bytes to ecology
[dna] water wrote 163 bytes to ecology
[dna] water wrote 20 bytes to ecology
[dna] water wrote 173 bytes to ecology
[dna] water wrote 54 bytes to ecology
[dna] water wrote 32 bytes to ecology
[dna] water wrote 25 bytes to ecology
[dna] water wrote 14 bytes to ecology
[dna] water wrote 67 bytes to ecology
[dna] water wrote 80 bytes to ecology
[dna] water wrote 102 bytes to ecology
[debug-onto] tick=500 corpus=143514 stage=2 freeze=0
[dna] water wrote 30 bytes to ecology
[dna] water wrote 33 bytes to ecology
[dna] water wrote 222 bytes to ecology
[dna] water wrote 9 bytes to ecology
[dna] water wrote 61 bytes to ecology
[dna] water wrote 107 bytes to ecology
[dna] water wrote 19 bytes to ecology
[dna] water wrote 96 bytes to ecology
[dna] water wrote 23 bytes to ecology
[dna] water wrote 188 bytes to ecology
[dna] water wrote 54 bytes to ecology
[dna] water wrote 25 bytes to ecology
[dna] water wrote 14 bytes to ecology
[dna] water wrote 121 bytes to ecology
[dna] water wrote 30 bytes to ecology
[dna] water wrote 13 bytes to ecology
[dna] water wrote 164 bytes to ecology
[dna] water wrote 57 bytes to ecology
[dna] water wrote 80 bytes to ecology
[dna] water wrote 74 bytes to ecology
[dna] water wrote 38 bytes to ecology
[dna] water wrote 25 bytes to ecology
[debug-onto] tick=550 corpus=143514 stage=2 freeze=0
[dna] water wrote 15 bytes to ecology
[dna] water wrote 48 bytes to ecology
[dna] water wrote 46 bytes to ecology
[dna] water wrote 91 bytes to ecology
[dna] water wrote 42 bytes to ecology
[dna] water wrote 72 bytes to ecology
[dna] water wrote 48 bytes to ecology
[dna] water wrote 38 bytes to ecology
[dna] water wrote 81 bytes to ecology
[dna] water wrote 65 bytes to ecology
[dna] water wrote 65 bytes to ecology
[dna] water wrote 9 bytes to ecology
[dna] water wrote 73 bytes to ecology
[dna] water wrote 26 bytes to ecology
[dna] water wrote 49 bytes to ecology
[dna] water wrote 75 bytes to ecology
[dna] water wrote 74 bytes to ecology
[dna] water wrote 20 bytes to ecology
[dna] water wrote 93 bytes to ecology
[dna] water wrote 43 bytes to ecology
[dna] water wrote 73 bytes to ecology
[dna] water wrote 50 bytes to ecology
[debug-onto] tick=600 corpus=143514 stage=2 freeze=0
[dna] water wrote 104 bytes to ecology
[dna] water wrote 22 bytes to ecology
[dna] water wrote 62 bytes to ecology
[dna] water wrote 71 bytes to ecology
[dna] water wrote 32 bytes to ecology
[dna] water wrote 111 bytes to ecology
[dna] water wrote 40 bytes to ecology
[dna] water wrote 15 bytes to ecology
[dna] water wrote 35 bytes to ecology
[dna] water wrote 78 bytes to ecology
[dna] water wrote 17 bytes to ecology
[dna] water wrote 66 bytes to ecology

[evolution] Organism shutting down gracefully.
