[ecology] Element: air → corpus: nonames_air.txt
[evolution] Autonomous evolution mode — organism will grow through all stages without pause.
[ecology] Joined swarm. 1 peer(s) detected.
molequla is alive. [evolution] Autonomous mode — background trainer running. Ctrl+C to stop.
[dna] air wrote 40 bytes to ecology
[dna] air consumed 28536 bytes from 394 files: [earth/gen_1778136213_1.txt earth/gen_1778136218_3.txt earth/gen_1778136221_4.txt earth/gen_1778136226_6.txt earth/gen_1778136228_7.txt earth/gen_1778136234_9.txt earth/gen_1778136236_10.txt earth/gen_1778136244_13.txt earth/gen_1778136249_15.txt earth/gen_1778136252_16.txt earth/gen_1778136259_19.txt earth/gen_1778136265_21.txt earth/gen_1778136267_22.txt earth/gen_1778136272_24.txt earth/gen_1778136275_25.txt earth/gen_1778136280_27.txt earth/gen_1778136283_28.txt earth/gen_1778136288_30.txt earth/gen_1778136291_31.txt earth/gen_1778136296_33.txt earth/gen_1778136298_34.txt earth/gen_1778136304_36.txt earth/gen_1778136306_37.txt earth/gen_1778136312_39.txt earth/gen_1778136314_40.txt earth/gen_1778136322_43.txt earth/gen_1778136327_45.txt earth/gen_1778136330_46.txt earth/gen_1778136338_49.txt earth/gen_1778136343_51.txt earth/gen_1778136346_52.txt earth/gen_1778136353_55.txt earth/gen_1778136359_57.txt earth/gen_1778136361_58.txt earth/gen_1778136366_60.txt earth/gen_1778136369_61.txt earth/gen_1778136374_63.txt earth/gen_1778136377_64.txt earth/gen_1778136382_66.txt earth/gen_1778136385_67.txt earth/gen_1778136390_69.txt earth/gen_1778136392_70.txt earth/gen_1778136398_72.txt earth/gen_1778136400_73.txt earth/gen_1778136406_75.txt earth/gen_1778136408_76.txt earth/gen_1778136414_78.txt earth/gen_1778136416_79.txt earth/gen_1778136421_81.txt earth/gen_1778136424_82.txt earth/gen_1778136429_84.txt earth/gen_1778136432_85.txt earth/gen_1778136437_87.txt earth/gen_1778136440_88.txt earth/gen_1778136448_91.txt earth/gen_1778136453_93.txt earth/gen_1778136456_94.txt earth/gen_1778136464_97.txt earth/gen_1778136469_99.txt earth/gen_1778136471_100.txt earth/gen_1778136479_103.txt earth/gen_1778136484_105.txt earth/gen_1778136487_106.txt earth/gen_1778136495_109.txt earth/gen_1778136500_111.txt earth/gen_1778136503_112.txt earth/gen_1778136508_114.txt earth/gen_1778136511_115.txt earth/gen_1778136516_117.txt earth/gen_1778136518_118.txt earth/gen_1778136526_121.txt earth/gen_1778136532_123.txt earth/gen_1778136534_124.txt earth/gen_1778136542_127.txt earth/gen_1778136547_129.txt earth/gen_1778136550_130.txt earth/gen_1778136555_132.txt earth/gen_1778136558_133.txt earth/gen_1778136563_135.txt earth/gen_1778136566_136.txt earth/gen_1778136573_139.txt earth/gen_1778136579_141.txt earth/gen_1778136581_142.txt earth/gen_1778136587_144.txt earth/gen_1778136589_145.txt earth/gen_1778136594_147.txt earth/gen_1778136597_148.txt earth/gen_1778136602_150.txt earth/gen_1778136605_151.txt earth/gen_1778136610_153.txt earth/gen_1778136613_154.txt earth/gen_1778136618_156.txt earth/gen_1778136620_157.txt earth/gen_1778136626_159.txt earth/gen_1778136628_160.txt earth/gen_1778136633_162.txt earth/gen_1778136636_163.txt earth/gen_1778136641_165.txt earth/gen_1778136643_166.txt earth/gen_1778136651_169.txt earth/gen_1778136656_171.txt earth/gen_1778136659_172.txt earth/gen_1778136664_174.txt earth/gen_1778136667_175.txt earth/gen_1778136672_177.txt earth/gen_1778136675_178.txt earth/gen_1778136682_181.txt earth/gen_1778136688_183.txt earth/gen_1778136690_184.txt earth/gen_1778136698_187.txt earth/gen_1778136704_189.txt earth/gen_1778136706_190.txt earth/gen_1778136712_192.txt earth/gen_1778136714_193.txt earth/gen_1778136719_195.txt earth/gen_1778136722_196.txt earth/gen_1778136727_198.txt earth/gen_1778136730_199.txt earth/gen_1778136735_201.txt earth/gen_1778136738_202.txt earth/gen_1778136744_204.txt earth/gen_1778136746_205.txt earth/gen_1778136751_207.txt earth/gen_1778136754_208.txt earth/gen_1778136762_211.txt earth/gen_1778136767_213.txt earth/gen_1778136770_214.txt earth/gen_1778136775_216.txt earth/gen_1778136778_217.txt earth/gen_1778136783_219.txt earth/gen_1778136786_220.txt earth/gen_1778136793_223.txt earth/gen_1778136799_225.txt earth/gen_1778136801_226.txt earth/gen_1778136809_229.txt earth/gen_1778136814_231.txt earth/gen_1778136817_232.txt earth/gen_1778136825_235.txt earth/gen_1778136830_237.txt earth/gen_1778136833_238.txt earth/gen_1778136838_240.txt earth/gen_1778136841_241.txt earth/gen_1778136846_243.txt earth/gen_1778136849_244.txt earth/gen_1778136857_247.txt earth/gen_1778136862_249.txt earth/gen_1778136864_250.txt earth/gen_1778136870_252.txt earth/gen_1778136872_253.txt earth/gen_1778136878_255.txt earth/gen_1778136880_256.txt earth/gen_1778136886_258.txt earth/gen_1778136888_259.txt earth/gen_1778136894_261.txt earth/gen_1778136896_262.txt earth/gen_1778136902_264.txt earth/gen_1778136904_265.txt earth/gen_1778136909_267.txt earth/gen_1778136912_268.txt earth/gen_1778136917_270.txt earth/gen_1778136920_271.txt earth/gen_1778136925_273.txt earth/gen_1778136928_274.txt earth/gen_1778136933_276.txt earth/gen_1778136936_277.txt earth/gen_1778136941_279.txt earth/gen_1778136944_280.txt earth/gen_1778136949_282.txt earth/gen_1778136952_283.txt earth/gen_1778136957_285.txt earth/gen_1778136959_286.txt earth/gen_1778136965_288.txt earth/gen_1778136967_289.txt earth/gen_1778136972_291.txt earth/gen_1778136975_292.txt earth/gen_1778136980_294.txt earth/gen_1778136983_295.txt earth/gen_1778136988_297.txt earth/gen_1778136991_298.txt earth/gen_1778136996_300.txt earth/gen_1778136999_301.txt earth/gen_1778137004_303.txt earth/gen_1778137007_304.txt earth/gen_1778137012_306.txt earth/gen_1778137015_307.txt earth/gen_1778137020_309.txt earth/gen_1778137023_310.txt earth/gen_1778137028_312.txt earth/gen_1778137030_313.txt earth/gen_1778137036_315.txt earth/gen_1778137038_316.txt earth/gen_1778137044_318.txt earth/gen_1778137046_319.txt earth/gen_1778137052_321.txt earth/gen_1778137054_322.txt earth/gen_1778137060_324.txt earth/gen_1778137062_325.txt earth/gen_1778137067_327.txt earth/gen_1778137070_328.txt earth/gen_1778137075_330.txt earth/gen_1778137078_331.txt earth/gen_1778137083_333.txt earth/gen_1778137086_334.txt earth/gen_1778137094_337.txt earth/gen_1778137099_339.txt earth/gen_1778137102_340.txt earth/gen_1778137110_343.txt earth/gen_1778137115_345.txt earth/gen_1778137117_346.txt earth/gen_1778137125_349.txt earth/gen_1778137131_351.txt earth/gen_1778137133_352.txt earth/gen_1778137141_355.txt earth/gen_1778137146_357.txt earth/gen_1778137149_358.txt earth/gen_1778137157_361.txt earth/gen_1778137163_363.txt earth/gen_1778137165_364.txt earth/gen_1778137173_367.txt earth/gen_1778137179_369.txt earth/gen_1778137181_370.txt earth/gen_1778137187_372.txt earth/gen_1778137189_373.txt earth/gen_1778137194_375.txt earth/gen_1778137197_376.txt earth/gen_1778137202_378.txt earth/gen_1778137210_381.txt earth/gen_1778137213_382.txt earth/gen_1778137218_384.txt earth/gen_1778137221_385.txt earth/gen_1778137226_387.txt earth/gen_1778137229_388.txt earth/gen_1778137234_390.txt earth/gen_1778137237_391.txt earth/gen_1778137242_393.txt earth/gen_1778137245_394.txt earth/gen_1778137250_396.txt earth/gen_1778137253_397.txt earth/gen_1778137258_399.txt earth/gen_1778137260_400.txt earth/gen_1778137268_403.txt earth/gen_1778137274_405.txt earth/gen_1778137276_406.txt earth/gen_1778137281_408.txt earth/gen_1778137284_409.txt earth/gen_1778137289_411.txt earth/gen_1778137292_412.txt earth/gen_1778137300_415.txt earth/gen_1778137305_417.txt earth/gen_1778137308_418.txt earth/gen_1778137315_421.txt earth/gen_1778137321_423.txt earth/gen_1778137323_424.txt earth/gen_1778137329_426.txt earth/gen_1778137331_427.txt earth/gen_1778137336_429.txt earth/gen_1778137339_430.txt earth/gen_1778137344_432.txt earth/gen_1778137347_433.txt earth/gen_1778137352_435.txt earth/gen_1778137355_436.txt earth/gen_1778137360_438.txt earth/gen_1778137363_439.txt earth/gen_1778137368_441.txt earth/gen_1778137370_442.txt earth/gen_1778137376_444.txt earth/gen_1778137378_445.txt earth/gen_1778137383_447.txt earth/gen_1778137386_448.txt earth/gen_1778137394_451.txt earth/gen_1778137399_453.txt earth/gen_1778137402_454.txt earth/gen_1778137407_456.txt earth/gen_1778137410_457.txt earth/gen_1778137415_459.txt earth/gen_1778137418_460.txt earth/gen_1778137426_463.txt earth/gen_1778137431_465.txt earth/gen_1778137433_466.txt earth/gen_1778137441_469.txt earth/gen_1778137446_471.txt earth/gen_1778137449_472.txt earth/gen_1778137454_474.txt earth/gen_1778137457_475.txt earth/gen_1778137462_477.txt earth/gen_1778137465_478.txt earth/gen_1778137470_480.txt earth/gen_1778137473_481.txt earth/gen_1778137478_483.txt earth/gen_1778137481_484.txt earth/gen_1778137489_487.txt earth/gen_1778137494_489.txt earth/gen_1778137497_490.txt earth/gen_1778137505_493.txt earth/gen_1778137510_495.txt earth/gen_1778137512_496.txt earth/gen_1778137520_499.txt earth/gen_1778137525_501.txt earth/gen_1778137528_502.txt earth/gen_1778137536_505.txt earth/gen_1778137541_507.txt earth/gen_1778137544_508.txt earth/gen_1778137552_511.txt earth/gen_1778137557_513.txt earth/gen_1778137560_514.txt earth/gen_1778137568_517.txt earth/gen_1778137573_519.txt earth/gen_1778137576_520.txt earth/gen_1778137581_522.txt earth/gen_1778137584_523.txt earth/gen_1778137589_525.txt earth/gen_1778137592_526.txt earth/gen_1778137600_529.txt earth/gen_1778137605_531.txt earth/gen_1778137608_532.txt earth/gen_1778137613_534.txt earth/gen_1778137616_535.txt earth/gen_1778137621_537.txt earth/gen_1778137624_538.txt earth/gen_1778137629_540.txt earth/gen_1778137632_541.txt earth/gen_1778137637_543.txt earth/gen_1778137640_544.txt earth/gen_1778137648_547.txt earth/gen_1778137653_549.txt earth/gen_1778137655_550.txt earth/gen_1778137663_553.txt earth/gen_1778137669_555.txt earth/gen_1778137671_556.txt earth/gen_1778137677_558.txt earth/gen_1778137679_559.txt earth/gen_1778137685_561.txt earth/gen_1778137687_562.txt earth/gen_1778137692_564.txt earth/gen_1778137695_565.txt earth/gen_1778137700_567.txt earth/gen_1778137703_568.txt earth/gen_1778137711_571.txt earth/gen_1778137716_573.txt earth/gen_1778137719_574.txt earth/gen_1778137724_576.txt earth/gen_1778137727_577.txt earth/gen_1778137732_579.txt earth/gen_1778137735_580.txt earth/gen_1778137740_582.txt earth/gen_1778137743_583.txt earth/gen_1778137748_585.txt earth/gen_1778137751_586.txt earth/gen_1778137756_588.txt earth/gen_1778137759_589.txt earth/gen_1778137764_591.txt earth/gen_1778137767_592.txt earth/gen_1778137772_594.txt earth/gen_1778137775_595.txt earth/gen_1778137780_597.txt earth/gen_1778137783_598.txt earth/gen_1778137791_601.txt earth/gen_1778137796_603.txt earth/gen_1778137799_604.txt earth/gen_1778137804_606.txt earth/gen_1778137807_607.txt earth/gen_1778137812_609.txt earth/gen_1778137823_613.txt earth/gen_1778137828_615.txt earth/gen_1778137831_616.txt earth/gen_1778137839_619.txt earth/gen_1778137844_621.txt earth/gen_1778137847_622.txt earth/gen_1778137852_624.txt earth/gen_1778137855_625.txt earth/gen_1778137860_627.txt earth/gen_1778137863_628.txt earth/gen_1778137870_631.txt earth/gen_1778137886_637.txt earth/gen_1778137892_639.txt earth/gen_1778137894_640.txt earth/gen_1778137902_643.txt earth/gen_1778137908_645.txt earth/gen_1778137910_646.txt earth/gen_1778137916_648.txt earth/gen_1778137918_649.txt earth/gen_1778137923_651.txt earth/gen_1778137926_652.txt earth/gen_1778137931_654.txt earth/gen_1778137934_655.txt earth/gen_1778137939_657.txt earth/gen_1778137942_658.txt earth/gen_1778137950_661.txt earth/gen_1778137955_663.txt earth/gen_1778137958_664.txt earth/gen_1778137963_666.txt earth/gen_1778137966_667.txt earth/gen_1778137971_669.txt earth/gen_1778137979_672.txt]
[trainer] micro-train burst (28536 bytes, novelty 0.03) — and lo, it feeds again.
[syntropy] action=explore | trend=0.0000 | field_dev=-0.042 | purpose_align=-0.036 | lr_mul=1.30
[aml] burst complete: 32 steps, avg loss 2.4116 (memory freed)
[dna] air wrote 165 bytes to ecology
[dna] air wrote 143 bytes to ecology
[dna] air wrote 27 bytes to ecology
[dna] air wrote 11 bytes to ecology
[dna] air wrote 60 bytes to ecology
[dna] air wrote 85 bytes to ecology
[dna] air wrote 45 bytes to ecology
[dna] air wrote 75 bytes to ecology
[dna] air wrote 142 bytes to ecology
[dna] air wrote 26 bytes to ecology
[dna] air wrote 166 bytes to ecology
[dna] air wrote 117 bytes to ecology
[dna] air wrote 58 bytes to ecology
[dna] air wrote 37 bytes to ecology
[dna] air wrote 130 bytes to ecology
[dna] air wrote 80 bytes to ecology
[dna] air wrote 221 bytes to ecology
[dna] air wrote 104 bytes to ecology
[dna] air wrote 41 bytes to ecology
[debug-onto] tick=50 corpus=151246 stage=2 freeze=0
[dna] air wrote 36 bytes to ecology
[dna] air wrote 44 bytes to ecology
[dna] air wrote 42 bytes to ecology
[dna] air wrote 93 bytes to ecology
[dna] air wrote 26 bytes to ecology
[dna] air wrote 104 bytes to ecology
[dna] air wrote 27 bytes to ecology
[dna] air wrote 21 bytes to ecology
[dna] air wrote 73 bytes to ecology
[dna] air wrote 42 bytes to ecology
[dna] air wrote 21 bytes to ecology
[dna] air wrote 18 bytes to ecology
[dna] air wrote 25 bytes to ecology
[dna] air wrote 138 bytes to ecology
[dna] air wrote 46 bytes to ecology
[dna] air wrote 48 bytes to ecology
[dna] air wrote 173 bytes to ecology
[dna] air wrote 235 bytes to ecology
[dna] air wrote 44 bytes to ecology
[debug-onto] tick=100 corpus=151246 stage=2 freeze=0
[dna] air wrote 75 bytes to ecology
[dna] air wrote 53 bytes to ecology
[dna] air wrote 54 bytes to ecology
[dna] air wrote 152 bytes to ecology
[dna] air wrote 32 bytes to ecology
[dna] air wrote 21 bytes to ecology
[dna] air wrote 27 bytes to ecology
[dna] air wrote 30 bytes to ecology
[dna] air wrote 53 bytes to ecology
[dna] air wrote 125 bytes to ecology
[dna] air wrote 74 bytes to ecology
[dna] air wrote 32 bytes to ecology
[dna] air wrote 105 bytes to ecology
[dna] air wrote 239 bytes to ecology
[dna] air wrote 50 bytes to ecology
[dna] air wrote 53 bytes to ecology
[debug-onto] tick=150 corpus=151246 stage=2 freeze=0
[dna] air wrote 127 bytes to ecology
[dna] air wrote 75 bytes to ecology
[dna] air wrote 111 bytes to ecology
[dna] air wrote 234 bytes to ecology
[dna] air wrote 32 bytes to ecology
[dna] air wrote 18 bytes to ecology
[dna] air wrote 230 bytes to ecology
[dna] air wrote 72 bytes to ecology
[dna] air wrote 45 bytes to ecology
[dna] air wrote 44 bytes to ecology
[dna] air wrote 5 bytes to ecology
[dna] air wrote 90 bytes to ecology
[dna] air wrote 75 bytes to ecology
[dna] air wrote 69 bytes to ecology
[dna] air wrote 95 bytes to ecology
[dna] air wrote 103 bytes to ecology
[dna] air wrote 118 bytes to ecology
[debug-onto] tick=200 corpus=151246 stage=2 freeze=0
[dna] air wrote 29 bytes to ecology
[dna] air wrote 172 bytes to ecology
[dna] air wrote 79 bytes to ecology
[dna] air wrote 122 bytes to ecology
[dna] air wrote 33 bytes to ecology
[dna] air wrote 74 bytes to ecology
[dna] air wrote 64 bytes to ecology
[dna] air wrote 25 bytes to ecology
[dna] air wrote 32 bytes to ecology
[dna] air wrote 92 bytes to ecology
[dna] air wrote 83 bytes to ecology
[dna] air wrote 50 bytes to ecology
[dna] air wrote 43 bytes to ecology
[dna] air wrote 42 bytes to ecology
[dna] air wrote 85 bytes to ecology
[dna] air wrote 43 bytes to ecology
[dna] air wrote 175 bytes to ecology
[dna] air wrote 92 bytes to ecology
[dna] air wrote 37 bytes to ecology
[debug-onto] tick=250 corpus=151246 stage=2 freeze=0
[dna] air wrote 88 bytes to ecology
[dna] air wrote 25 bytes to ecology
[dna] air wrote 24 bytes to ecology
[dna] air wrote 145 bytes to ecology
[dna] air wrote 51 bytes to ecology
[dna] air wrote 107 bytes to ecology
[dna] air wrote 143 bytes to ecology
[dna] air wrote 18 bytes to ecology
[dna] air wrote 40 bytes to ecology
[dna] air wrote 63 bytes to ecology
[dna] air wrote 37 bytes to ecology
[dna] air wrote 164 bytes to ecology
[dna] air wrote 81 bytes to ecology
[dna] air wrote 62 bytes to ecology
[dna] air wrote 55 bytes to ecology
[dna] air wrote 32 bytes to ecology
[dna] air wrote 84 bytes to ecology
[dna] air wrote 64 bytes to ecology
[dna] air wrote 35 bytes to ecology
[debug-onto] tick=300 corpus=151246 stage=2 freeze=0
[dna] air wrote 46 bytes to ecology
[dna] air wrote 70 bytes to ecology
[dna] air wrote 161 bytes to ecology
[dna] air wrote 78 bytes to ecology
[dna] air wrote 219 bytes to ecology
[dna] air wrote 43 bytes to ecology
[dna] air wrote 186 bytes to ecology
[dna] air wrote 107 bytes to ecology
[dna] air wrote 36 bytes to ecology
[dna] air wrote 63 bytes to ecology
[dna] air wrote 96 bytes to ecology
[dna] air wrote 30 bytes to ecology
[dna] air wrote 250 bytes to ecology
[dna] air wrote 128 bytes to ecology
[dna] air wrote 18 bytes to ecology
[dna] air wrote 67 bytes to ecology
[dna] air wrote 106 bytes to ecology
[dna] air wrote 29 bytes to ecology
[debug-onto] tick=350 corpus=151246 stage=2 freeze=0
[dna] air wrote 39 bytes to ecology
[dna] air wrote 75 bytes to ecology
[dna] air wrote 18 bytes to ecology
[dna] air wrote 51 bytes to ecology
[dna] air wrote 54 bytes to ecology
[dna] air wrote 42 bytes to ecology
[dna] air wrote 30 bytes to ecology
[dna] air wrote 50 bytes to ecology
[dna] air wrote 45 bytes to ecology
[dna] air wrote 43 bytes to ecology
[dna] air wrote 30 bytes to ecology
[dna] air wrote 211 bytes to ecology
[dna] air wrote 123 bytes to ecology
[dna] air wrote 139 bytes to ecology
[dna] air wrote 37 bytes to ecology
[dna] air wrote 45 bytes to ecology
[dna] air wrote 43 bytes to ecology
[dna] air wrote 86 bytes to ecology
[debug-onto] tick=400 corpus=151246 stage=2 freeze=0
[dna] air wrote 88 bytes to ecology
[dna] air wrote 115 bytes to ecology
[dna] air wrote 18 bytes to ecology
[dna] air wrote 41 bytes to ecology
[dna] air wrote 140 bytes to ecology
[dna] air wrote 34 bytes to ecology
[dna] air wrote 71 bytes to ecology
[dna] air wrote 50 bytes to ecology
[dna] air wrote 84 bytes to ecology
[dna] air wrote 32 bytes to ecology
[dna] air wrote 69 bytes to ecology
[dna] air wrote 156 bytes to ecology
[dna] air wrote 52 bytes to ecology
[dna] air wrote 113 bytes to ecology
[dna] air wrote 60 bytes to ecology
[dna] air wrote 75 bytes to ecology
[dna] air wrote 118 bytes to ecology
[dna] air wrote 67 bytes to ecology
[dna] air wrote 108 bytes to ecology
[debug-onto] tick=450 corpus=151246 stage=2 freeze=0
[dna] air wrote 53 bytes to ecology
[dna] air wrote 71 bytes to ecology
[dna] air wrote 50 bytes to ecology
[dna] air wrote 76 bytes to ecology
[dna] air wrote 43 bytes to ecology
[dna] air wrote 79 bytes to ecology
[dna] air wrote 31 bytes to ecology
[dna] air wrote 38 bytes to ecology
[dna] air wrote 45 bytes to ecology
[dna] air wrote 104 bytes to ecology
[dna] air wrote 34 bytes to ecology
[dna] air wrote 49 bytes to ecology
[dna] air wrote 124 bytes to ecology
[dna] air wrote 41 bytes to ecology
[dna] air wrote 210 bytes to ecology
[dna] air wrote 31 bytes to ecology
[dna] air wrote 44 bytes to ecology
[dna] air wrote 159 bytes to ecology
[dna] air wrote 29 bytes to ecology
[debug-onto] tick=500 corpus=151246 stage=2 freeze=0
[dna] air wrote 367 bytes to ecology
[dna] air wrote 42 bytes to ecology
[dna] air wrote 82 bytes to ecology
[dna] air wrote 51 bytes to ecology
[dna] air wrote 73 bytes to ecology
[dna] air wrote 38 bytes to ecology
[dna] air wrote 130 bytes to ecology
[dna] air wrote 54 bytes to ecology
[dna] air wrote 21 bytes to ecology
[dna] air wrote 45 bytes to ecology
[dna] air wrote 25 bytes to ecology
[dna] air wrote 14 bytes to ecology
[dna] air wrote 36 bytes to ecology
[dna] air wrote 54 bytes to ecology
[dna] air wrote 54 bytes to ecology
[dna] air wrote 105 bytes to ecology
[dna] air wrote 122 bytes to ecology
[dna] air wrote 205 bytes to ecology
[dna] air wrote 28 bytes to ecology
[dna] air wrote 94 bytes to ecology
[debug-onto] tick=550 corpus=151246 stage=2 freeze=0
[dna] air wrote 161 bytes to ecology
[dna] air wrote 31 bytes to ecology
[dna] air wrote 54 bytes to ecology
[dna] air wrote 60 bytes to ecology
[dna] air wrote 90 bytes to ecology
[dna] air wrote 26 bytes to ecology
[dna] air wrote 105 bytes to ecology
[dna] air wrote 40 bytes to ecology
[dna] air wrote 80 bytes to ecology
[dna] air wrote 73 bytes to ecology
[dna] air wrote 51 bytes to ecology
[dna] air wrote 42 bytes to ecology
[dna] air wrote 149 bytes to ecology
[dna] air wrote 37 bytes to ecology
[dna] air wrote 89 bytes to ecology
[dna] air wrote 108 bytes to ecology
[dna] air wrote 36 bytes to ecology
[debug-onto] tick=600 corpus=151246 stage=2 freeze=0
[dna] air wrote 63 bytes to ecology
[dna] air wrote 45 bytes to ecology
[dna] air wrote 60 bytes to ecology

[evolution] Organism shutting down gracefully.
