[ecology] Element: fire → corpus: nonames_fire.txt
[evolution] Autonomous evolution mode — organism will grow through all stages without pause.
[ecology] Joined swarm. 1 peer(s) detected.
molequla is alive. [evolution] Autonomous mode — background trainer running. Ctrl+C to stop.
[dna] fire wrote 90 bytes to ecology
[dna] fire consumed 27111 bytes from 473 files: [water/gen_1778139786_1.txt water/gen_1778139800_3.txt water/gen_1778139803_4.txt water/gen_1778139806_5.txt water/gen_1778139809_6.txt water/gen_1778139811_7.txt water/gen_1778139817_9.txt water/gen_1778139820_10.txt water/gen_1778139823_11.txt water/gen_1778139826_12.txt water/gen_1778139829_13.txt water/gen_1778139835_15.txt water/gen_1778139838_16.txt water/gen_1778139841_17.txt water/gen_1778139843_18.txt water/gen_1778139846_19.txt water/gen_1778139852_21.txt water/gen_1778139855_22.txt water/gen_1778139858_23.txt water/gen_1778139861_24.txt water/gen_1778139864_25.txt water/gen_1778139869_27.txt water/gen_1778139872_28.txt water/gen_1778139875_29.txt water/gen_1778139881_31.txt water/gen_1778139887_33.txt water/gen_1778139890_34.txt water/gen_1778139893_35.txt water/gen_1778139896_36.txt water/gen_1778139899_37.txt water/gen_1778139905_39.txt water/gen_1778139907_40.txt water/gen_1778139910_41.txt water/gen_1778139916_43.txt water/gen_1778139922_45.txt water/gen_1778139925_46.txt water/gen_1778139928_47.txt water/gen_1778139931_48.txt water/gen_1778139934_49.txt water/gen_1778139940_51.txt water/gen_1778139943_52.txt water/gen_1778139946_53.txt water/gen_1778139949_54.txt water/gen_1778139951_55.txt water/gen_1778139957_57.txt water/gen_1778139960_58.txt water/gen_1778139963_59.txt water/gen_1778139966_60.txt water/gen_1778139969_61.txt water/gen_1778139975_63.txt water/gen_1778139978_64.txt water/gen_1778139981_65.txt water/gen_1778139987_67.txt water/gen_1778139992_69.txt water/gen_1778139995_70.txt water/gen_1778139998_71.txt water/gen_1778140001_72.txt water/gen_1778140004_73.txt water/gen_1778140010_75.txt water/gen_1778140013_76.txt water/gen_1778140016_77.txt water/gen_1778140019_78.txt water/gen_1778140021_79.txt water/gen_1778140027_81.txt water/gen_1778140030_82.txt water/gen_1778140033_83.txt water/gen_1778140039_85.txt water/gen_1778140045_87.txt water/gen_1778140047_88.txt water/gen_1778140050_89.txt water/gen_1778140053_90.txt water/gen_1778140056_91.txt water/gen_1778140062_93.txt water/gen_1778140065_94.txt water/gen_1778140068_95.txt water/gen_1778140073_97.txt water/gen_1778140079_99.txt water/gen_1778140082_100.txt water/gen_1778140085_101.txt water/gen_1778140091_103.txt water/gen_1778140096_105.txt water/gen_1778140099_106.txt water/gen_1778140105_108.txt water/gen_1778140108_109.txt water/gen_1778140114_111.txt water/gen_1778140116_112.txt water/gen_1778140119_113.txt water/gen_1778140125_115.txt water/gen_1778140131_117.txt water/gen_1778140134_118.txt water/gen_1778140136_119.txt water/gen_1778140139_120.txt water/gen_1778140142_121.txt water/gen_1778140148_123.txt water/gen_1778140151_124.txt water/gen_1778140154_125.txt water/gen_1778140160_127.txt water/gen_1778140165_129.txt water/gen_1778140168_130.txt water/gen_1778140171_131.txt water/gen_1778140174_132.txt water/gen_1778140177_133.txt water/gen_1778140183_135.txt water/gen_1778140185_136.txt water/gen_1778140188_137.txt water/gen_1778140194_139.txt water/gen_1778140200_141.txt water/gen_1778140203_142.txt water/gen_1778140205_143.txt water/gen_1778140208_144.txt water/gen_1778140211_145.txt water/gen_1778140217_147.txt water/gen_1778140220_148.txt water/gen_1778140223_149.txt water/gen_1778140226_150.txt water/gen_1778140229_151.txt water/gen_1778140234_153.txt water/gen_1778140237_154.txt water/gen_1778140240_155.txt water/gen_1778140246_157.txt water/gen_1778140251_159.txt water/gen_1778140254_160.txt water/gen_1778140257_161.txt water/gen_1778140260_162.txt water/gen_1778140263_163.txt water/gen_1778140269_165.txt water/gen_1778140272_166.txt water/gen_1778140274_167.txt water/gen_1778140277_168.txt water/gen_1778140280_169.txt water/gen_1778140286_171.txt water/gen_1778140289_172.txt water/gen_1778140292_173.txt water/gen_1778140295_174.txt water/gen_1778140297_175.txt water/gen_1778140303_177.txt water/gen_1778140306_178.txt water/gen_1778140309_179.txt water/gen_1778140314_181.txt water/gen_1778140320_183.txt water/gen_1778140323_184.txt water/gen_1778140332_187.txt water/gen_1778140338_189.txt water/gen_1778140340_190.txt water/gen_1778140343_191.txt water/gen_1778140349_193.txt water/gen_1778140355_195.txt water/gen_1778140357_196.txt water/gen_1778140360_197.txt water/gen_1778140363_198.txt water/gen_1778140366_199.txt water/gen_1778140372_201.txt water/gen_1778140375_202.txt water/gen_1778140378_203.txt water/gen_1778140380_204.txt water/gen_1778140383_205.txt water/gen_1778140389_207.txt water/gen_1778140392_208.txt water/gen_1778140395_209.txt water/gen_1778140398_210.txt water/gen_1778140400_211.txt water/gen_1778140406_213.txt water/gen_1778140409_214.txt water/gen_1778140412_215.txt water/gen_1778140415_216.txt water/gen_1778140418_217.txt water/gen_1778140423_219.txt water/gen_1778140426_220.txt water/gen_1778140429_221.txt water/gen_1778140432_222.txt water/gen_1778140435_223.txt water/gen_1778140441_225.txt water/gen_1778140443_226.txt water/gen_1778140446_227.txt water/gen_1778140449_228.txt water/gen_1778140452_229.txt water/gen_1778140458_231.txt water/gen_1778140460_232.txt water/gen_1778140463_233.txt water/gen_1778140466_234.txt water/gen_1778140469_235.txt water/gen_1778140475_237.txt water/gen_1778140477_238.txt water/gen_1778140480_239.txt water/gen_1778140483_240.txt water/gen_1778140486_241.txt water/gen_1778140492_243.txt water/gen_1778140495_244.txt water/gen_1778140497_245.txt water/gen_1778140500_246.txt water/gen_1778140503_247.txt water/gen_1778140509_249.txt water/gen_1778140512_250.txt water/gen_1778140515_251.txt water/gen_1778140520_253.txt water/gen_1778140526_255.txt water/gen_1778140529_256.txt water/gen_1778140532_257.txt water/gen_1778140535_258.txt water/gen_1778140538_259.txt water/gen_1778140543_261.txt water/gen_1778140546_262.txt water/gen_1778140549_263.txt water/gen_1778140552_264.txt water/gen_1778140555_265.txt water/gen_1778140560_267.txt water/gen_1778140563_268.txt water/gen_1778140566_269.txt water/gen_1778140572_271.txt water/gen_1778140577_273.txt water/gen_1778140580_274.txt water/gen_1778140583_275.txt water/gen_1778140589_277.txt water/gen_1778140594_279.txt water/gen_1778140597_280.txt water/gen_1778140600_281.txt water/gen_1778140603_282.txt water/gen_1778140606_283.txt water/gen_1778140612_285.txt water/gen_1778140615_286.txt water/gen_1778140617_287.txt water/gen_1778140623_289.txt water/gen_1778140629_291.txt water/gen_1778140632_292.txt water/gen_1778140635_293.txt water/gen_1778140638_294.txt water/gen_1778140641_295.txt water/gen_1778140646_297.txt water/gen_1778140649_298.txt water/gen_1778140652_299.txt water/gen_1778140658_301.txt water/gen_1778140664_303.txt water/gen_1778140667_304.txt water/gen_1778140670_305.txt water/gen_1778140675_307.txt water/gen_1778140681_309.txt water/gen_1778140684_310.txt water/gen_1778140687_311.txt water/gen_1778140690_312.txt water/gen_1778140693_313.txt water/gen_1778140698_315.txt water/gen_1778140701_316.txt water/gen_1778140704_317.txt water/gen_1778140710_319.txt water/gen_1778140716_321.txt water/gen_1778140719_322.txt water/gen_1778140722_323.txt water/gen_1778140725_324.txt water/gen_1778140728_325.txt water/gen_1778140733_327.txt water/gen_1778140736_328.txt water/gen_1778140739_329.txt water/gen_1778140745_331.txt water/gen_1778140751_333.txt water/gen_1778140753_334.txt water/gen_1778140756_335.txt water/gen_1778140762_337.txt water/gen_1778140768_339.txt water/gen_1778140771_340.txt water/gen_1778140774_341.txt water/gen_1778140779_343.txt water/gen_1778140785_345.txt water/gen_1778140788_346.txt water/gen_1778140791_347.txt water/gen_1778140796_349.txt water/gen_1778140802_351.txt water/gen_1778140805_352.txt water/gen_1778140808_353.txt water/gen_1778140811_354.txt water/gen_1778140814_355.txt water/gen_1778140819_357.txt water/gen_1778140822_358.txt water/gen_1778140825_359.txt water/gen_1778140828_360.txt water/gen_1778140831_361.txt water/gen_1778140837_363.txt water/gen_1778140840_364.txt water/gen_1778140843_365.txt water/gen_1778140845_366.txt water/gen_1778140848_367.txt water/gen_1778140854_369.txt water/gen_1778140857_370.txt water/gen_1778140860_371.txt water/gen_1778140866_373.txt water/gen_1778140871_375.txt water/gen_1778140874_376.txt water/gen_1778140877_377.txt water/gen_1778140883_379.txt water/gen_1778140889_381.txt water/gen_1778140891_382.txt water/gen_1778140894_383.txt water/gen_1778140897_384.txt water/gen_1778140900_385.txt water/gen_1778140906_387.txt water/gen_1778140909_388.txt water/gen_1778140912_389.txt water/gen_1778140917_391.txt water/gen_1778140923_393.txt water/gen_1778140926_394.txt water/gen_1778140929_395.txt water/gen_1778140935_397.txt water/gen_1778140940_399.txt water/gen_1778140943_400.txt water/gen_1778140946_401.txt water/gen_1778140949_402.txt water/gen_1778140952_403.txt water/gen_1778140958_405.txt water/gen_1778140961_406.txt water/gen_1778140964_407.txt water/gen_1778140967_408.txt water/gen_1778140970_409.txt water/gen_1778140975_411.txt water/gen_1778140978_412.txt water/gen_1778140981_413.txt water/gen_1778140984_414.txt water/gen_1778140987_415.txt water/gen_1778140993_417.txt water/gen_1778140995_418.txt water/gen_1778140998_419.txt water/gen_1778141001_420.txt water/gen_1778141004_421.txt water/gen_1778141010_423.txt water/gen_1778141013_424.txt water/gen_1778141015_425.txt water/gen_1778141018_426.txt water/gen_1778141021_427.txt water/gen_1778141027_429.txt water/gen_1778141030_430.txt water/gen_1778141032_431.txt water/gen_1778141038_433.txt water/gen_1778141044_435.txt water/gen_1778141047_436.txt water/gen_1778141049_437.txt water/gen_1778141055_439.txt water/gen_1778141061_441.txt water/gen_1778141064_442.txt water/gen_1778141067_443.txt water/gen_1778141072_445.txt water/gen_1778141078_447.txt water/gen_1778141081_448.txt water/gen_1778141084_449.txt water/gen_1778141087_450.txt water/gen_1778141089_451.txt water/gen_1778141095_453.txt water/gen_1778141098_454.txt water/gen_1778141101_455.txt water/gen_1778141107_457.txt water/gen_1778141112_459.txt water/gen_1778141115_460.txt water/gen_1778141118_461.txt water/gen_1778141121_462.txt water/gen_1778141124_463.txt water/gen_1778141130_465.txt water/gen_1778141133_466.txt water/gen_1778141135_467.txt water/gen_1778141138_468.txt water/gen_1778141141_469.txt water/gen_1778141147_471.txt water/gen_1778141149_472.txt water/gen_1778141152_473.txt water/gen_1778141155_474.txt water/gen_1778141158_475.txt water/gen_1778141164_477.txt water/gen_1778141166_478.txt water/gen_1778141169_479.txt water/gen_1778141175_481.txt water/gen_1778141180_483.txt water/gen_1778141183_484.txt water/gen_1778141186_485.txt water/gen_1778141192_487.txt water/gen_1778141197_489.txt water/gen_1778141200_490.txt water/gen_1778141203_491.txt water/gen_1778141208_493.txt water/gen_1778141214_495.txt water/gen_1778141216_496.txt water/gen_1778141219_497.txt water/gen_1778141222_498.txt water/gen_1778141225_499.txt water/gen_1778141230_501.txt water/gen_1778141233_502.txt water/gen_1778141236_503.txt water/gen_1778141238_504.txt water/gen_1778141241_505.txt water/gen_1778141247_507.txt water/gen_1778141249_508.txt water/gen_1778141252_509.txt water/gen_1778141255_510.txt water/gen_1778141258_511.txt water/gen_1778141263_513.txt water/gen_1778141266_514.txt water/gen_1778141269_515.txt water/gen_1778141272_516.txt water/gen_1778141275_517.txt water/gen_1778141280_519.txt water/gen_1778141283_520.txt water/gen_1778141289_522.txt water/gen_1778141291_523.txt water/gen_1778141297_525.txt water/gen_1778141300_526.txt water/gen_1778141303_527.txt water/gen_1778141308_529.txt water/gen_1778141314_531.txt water/gen_1778141317_532.txt water/gen_1778141320_533.txt water/gen_1778141322_534.txt water/gen_1778141325_535.txt water/gen_1778141331_537.txt water/gen_1778141334_538.txt water/gen_1778141336_539.txt water/gen_1778141342_541.txt water/gen_1778141348_543.txt water/gen_1778141350_544.txt water/gen_1778141353_545.txt water/gen_1778141356_546.txt water/gen_1778141359_547.txt water/gen_1778141364_549.txt water/gen_1778141367_550.txt water/gen_1778141370_551.txt water/gen_1778141376_553.txt water/gen_1778141381_555.txt water/gen_1778141384_556.txt water/gen_1778141387_557.txt water/gen_1778141390_558.txt water/gen_1778141393_559.txt water/gen_1778141398_561.txt water/gen_1778141401_562.txt water/gen_1778141404_563.txt water/gen_1778141407_564.txt water/gen_1778141410_565.txt water/gen_1778141415_567.txt water/gen_1778141418_568.txt water/gen_1778141421_569.txt water/gen_1778141424_570.txt water/gen_1778141427_571.txt water/gen_1778141432_573.txt water/gen_1778141435_574.txt water/gen_1778141438_575.txt water/gen_1778141444_577.txt water/gen_1778141449_579.txt water/gen_1778141452_580.txt water/gen_1778141455_581.txt water/gen_1778141460_583.txt water/gen_1778141466_585.txt water/gen_1778141469_586.txt water/gen_1778141472_587.txt water/gen_1778141477_589.txt water/gen_1778141483_591.txt water/gen_1778141486_592.txt water/gen_1778141489_593.txt water/gen_1778141494_595.txt water/gen_1778141500_597.txt water/gen_1778141503_598.txt water/gen_1778141506_599.txt water/gen_1778141512_601.txt water/gen_1778141517_603.txt water/gen_1778141520_604.txt water/gen_1778141523_605.txt water/gen_1778141526_606.txt water/gen_1778141529_607.txt water/gen_1778141535_609.txt water/gen_1778141538_610.txt water/gen_1778141541_611.txt water/gen_1778141546_613.txt water/gen_1778141552_615.txt water/gen_1778141555_616.txt water/gen_1778141558_617.txt water/gen_1778141564_619.txt water/gen_1778141569_621.txt water/gen_1778141572_622.txt water/gen_1778141575_623.txt water/gen_1778141578_624.txt water/gen_1778141581_625.txt]
[trainer] micro-train burst (27111 bytes, novelty 0.02) — and lo, it feeds again.
[syntropy] action=explore | trend=0.0000 | field_dev=0.022 | purpose_align=-0.032 | lr_mul=1.30
[aml] burst complete: 32 steps, avg loss 1.7353 (memory freed)
[dna] fire wrote 34 bytes to ecology
[dna] fire wrote 85 bytes to ecology
[dna] fire wrote 193 bytes to ecology
[dna] fire wrote 14 bytes to ecology
[dna] fire wrote 119 bytes to ecology
[dna] fire wrote 54 bytes to ecology
[dna] fire wrote 38 bytes to ecology
[dna] fire wrote 35 bytes to ecology
[dna] fire wrote 10 bytes to ecology
[dna] fire wrote 113 bytes to ecology
[dna] fire wrote 39 bytes to ecology
[dna] fire wrote 26 bytes to ecology
[dna] fire wrote 19 bytes to ecology
[dna] fire wrote 80 bytes to ecology
[dna] fire wrote 266 bytes to ecology
[dna] fire wrote 64 bytes to ecology
[dna] fire wrote 139 bytes to ecology
[dna] fire wrote 118 bytes to ecology
[dna] fire wrote 15 bytes to ecology
[dna] fire wrote 71 bytes to ecology
[dna] fire wrote 76 bytes to ecology
[dna] fire wrote 16 bytes to ecology
[dna] fire wrote 88 bytes to ecology
[dna] fire wrote 87 bytes to ecology
[debug-onto] tick=50 corpus=149484 stage=2 freeze=0
[dna] fire wrote 128 bytes to ecology
[dna] fire wrote 54 bytes to ecology
[dna] fire wrote 31 bytes to ecology
[dna] fire wrote 19 bytes to ecology
[dna] fire wrote 76 bytes to ecology
[dna] fire wrote 51 bytes to ecology
[dna] fire wrote 24 bytes to ecology
[dna] fire wrote 35 bytes to ecology
[dna] fire wrote 165 bytes to ecology
[dna] fire wrote 21 bytes to ecology
[dna] fire wrote 104 bytes to ecology
[dna] fire wrote 21 bytes to ecology
[dna] fire wrote 92 bytes to ecology
[dna] fire wrote 88 bytes to ecology
[dna] fire wrote 203 bytes to ecology
[dna] fire wrote 23 bytes to ecology
[dna] fire wrote 36 bytes to ecology
[dna] fire wrote 48 bytes to ecology
[dna] fire wrote 85 bytes to ecology
[dna] fire wrote 46 bytes to ecology
[dna] fire wrote 159 bytes to ecology
[dna] fire wrote 138 bytes to ecology
[dna] fire wrote 64 bytes to ecology
[dna] fire wrote 66 bytes to ecology
[dna] fire wrote 69 bytes to ecology
[dna] fire wrote 41 bytes to ecology
[debug-onto] tick=100 corpus=149484 stage=2 freeze=0
[dna] fire wrote 33 bytes to ecology
[dna] fire wrote 76 bytes to ecology
[dna] fire wrote 52 bytes to ecology
[dna] fire wrote 51 bytes to ecology
[dna] fire wrote 12 bytes to ecology
[dna] fire wrote 10 bytes to ecology
[dna] fire wrote 148 bytes to ecology
[dna] fire wrote 7 bytes to ecology
[dna] fire wrote 36 bytes to ecology
[dna] fire wrote 117 bytes to ecology
[dna] fire wrote 40 bytes to ecology
[dna] fire wrote 121 bytes to ecology
[dna] fire wrote 146 bytes to ecology
[dna] fire wrote 28 bytes to ecology
[dna] fire wrote 151 bytes to ecology
[dna] fire wrote 30 bytes to ecology
[dna] fire wrote 83 bytes to ecology
[dna] fire wrote 63 bytes to ecology
[dna] fire wrote 57 bytes to ecology
[dna] fire wrote 56 bytes to ecology
[dna] fire wrote 23 bytes to ecology
[dna] fire wrote 30 bytes to ecology
[dna] fire wrote 19 bytes to ecology
[dna] fire wrote 63 bytes to ecology
[debug-onto] tick=150 corpus=149484 stage=2 freeze=0
[dna] fire wrote 30 bytes to ecology
[dna] fire wrote 32 bytes to ecology
[dna] fire wrote 11 bytes to ecology
[dna] fire wrote 44 bytes to ecology
[dna] fire wrote 40 bytes to ecology
[dna] fire wrote 48 bytes to ecology
[dna] fire wrote 34 bytes to ecology
[dna] fire wrote 21 bytes to ecology
[dna] fire wrote 33 bytes to ecology
[dna] fire wrote 116 bytes to ecology
[dna] fire wrote 19 bytes to ecology
[dna] fire wrote 35 bytes to ecology
[dna] fire wrote 117 bytes to ecology
[dna] fire wrote 17 bytes to ecology
[dna] fire wrote 89 bytes to ecology
[dna] fire wrote 80 bytes to ecology
[dna] fire wrote 187 bytes to ecology
[dna] fire wrote 27 bytes to ecology
[dna] fire wrote 24 bytes to ecology
[dna] fire wrote 29 bytes to ecology
[dna] fire wrote 32 bytes to ecology
[dna] fire wrote 52 bytes to ecology
[dna] fire wrote 62 bytes to ecology
[dna] fire wrote 20 bytes to ecology
[dna] fire wrote 11 bytes to ecology
[debug-onto] tick=200 corpus=149484 stage=2 freeze=0
[dna] fire wrote 92 bytes to ecology
[dna] fire wrote 102 bytes to ecology
[dna] fire wrote 70 bytes to ecology
[dna] fire wrote 56 bytes to ecology
[dna] fire wrote 65 bytes to ecology
[dna] fire wrote 26 bytes to ecology
[dna] fire wrote 114 bytes to ecology
[dna] fire wrote 152 bytes to ecology
[dna] fire wrote 34 bytes to ecology
[dna] fire wrote 131 bytes to ecology
[dna] fire wrote 53 bytes to ecology
[dna] fire wrote 54 bytes to ecology
[dna] fire wrote 66 bytes to ecology
[dna] fire wrote 64 bytes to ecology
[dna] fire wrote 80 bytes to ecology
[dna] fire wrote 46 bytes to ecology
[dna] fire wrote 55 bytes to ecology
[dna] fire wrote 27 bytes to ecology
[dna] fire wrote 123 bytes to ecology
[dna] fire wrote 135 bytes to ecology
[dna] fire wrote 144 bytes to ecology
[dna] fire wrote 102 bytes to ecology
[dna] fire wrote 16 bytes to ecology
[dna] fire wrote 43 bytes to ecology
[dna] fire wrote 198 bytes to ecology
[debug-onto] tick=250 corpus=149484 stage=2 freeze=0
[dna] fire wrote 29 bytes to ecology
[dna] fire wrote 84 bytes to ecology
[dna] fire wrote 54 bytes to ecology
[dna] fire wrote 58 bytes to ecology
[dna] fire wrote 135 bytes to ecology
[dna] fire wrote 77 bytes to ecology
[dna] fire wrote 86 bytes to ecology
[dna] fire wrote 42 bytes to ecology
[dna] fire wrote 23 bytes to ecology
[dna] fire wrote 108 bytes to ecology
[dna] fire wrote 39 bytes to ecology
[dna] fire wrote 22 bytes to ecology
[dna] fire wrote 21 bytes to ecology
[dna] fire wrote 31 bytes to ecology
[dna] fire wrote 21 bytes to ecology
[dna] fire wrote 25 bytes to ecology
[dna] fire wrote 27 bytes to ecology
[dna] fire wrote 44 bytes to ecology
[dna] fire wrote 32 bytes to ecology
[dna] fire wrote 51 bytes to ecology
[dna] fire wrote 11 bytes to ecology
[dna] fire wrote 115 bytes to ecology
[dna] fire wrote 45 bytes to ecology
[dna] fire wrote 126 bytes to ecology
[debug-onto] tick=300 corpus=149484 stage=2 freeze=0
[dna] fire wrote 47 bytes to ecology
[dna] fire wrote 46 bytes to ecology
[dna] fire wrote 33 bytes to ecology
[dna] fire wrote 69 bytes to ecology
[dna] fire wrote 53 bytes to ecology
[dna] fire wrote 159 bytes to ecology
[dna] fire wrote 99 bytes to ecology
[dna] fire wrote 34 bytes to ecology
[dna] fire wrote 76 bytes to ecology
[dna] fire wrote 16 bytes to ecology
[dna] fire wrote 21 bytes to ecology
[dna] fire wrote 23 bytes to ecology
[dna] fire wrote 39 bytes to ecology
[dna] fire wrote 43 bytes to ecology
[dna] fire wrote 50 bytes to ecology
[dna] fire wrote 63 bytes to ecology
[dna] fire wrote 39 bytes to ecology
[dna] fire wrote 103 bytes to ecology
[dna] fire wrote 60 bytes to ecology
[dna] fire wrote 18 bytes to ecology
[dna] fire wrote 40 bytes to ecology
[dna] fire wrote 99 bytes to ecology
[dna] fire wrote 23 bytes to ecology
[dna] fire wrote 63 bytes to ecology
[dna] fire wrote 56 bytes to ecology
[debug-onto] tick=350 corpus=149484 stage=2 freeze=0
[dna] fire wrote 155 bytes to ecology
[dna] fire wrote 27 bytes to ecology
[dna] fire wrote 45 bytes to ecology
[dna] fire wrote 20 bytes to ecology
[dna] fire wrote 46 bytes to ecology
[dna] fire wrote 33 bytes to ecology
[dna] fire wrote 265 bytes to ecology
[dna] fire wrote 102 bytes to ecology
[dna] fire wrote 53 bytes to ecology
[dna] fire wrote 79 bytes to ecology
[dna] fire wrote 180 bytes to ecology
[dna] fire wrote 65 bytes to ecology
[dna] fire wrote 19 bytes to ecology
[dna] fire wrote 51 bytes to ecology
[dna] fire wrote 29 bytes to ecology
[dna] fire wrote 25 bytes to ecology
[dna] fire wrote 30 bytes to ecology
[dna] fire wrote 37 bytes to ecology
[dna] fire wrote 10 bytes to ecology
[dna] fire wrote 52 bytes to ecology
[dna] fire wrote 37 bytes to ecology
[dna] fire wrote 98 bytes to ecology
[dna] fire wrote 28 bytes to ecology
[dna] fire wrote 126 bytes to ecology
[dna] fire wrote 28 bytes to ecology
[dna] fire wrote 11 bytes to ecology
[debug-onto] tick=400 corpus=149484 stage=2 freeze=0
[dna] fire wrote 104 bytes to ecology
[dna] fire wrote 15 bytes to ecology
[dna] fire wrote 144 bytes to ecology
[dna] fire wrote 93 bytes to ecology
[dna] fire wrote 24 bytes to ecology
[dna] fire wrote 10 bytes to ecology
[dna] fire wrote 40 bytes to ecology
[dna] fire wrote 107 bytes to ecology
[dna] fire wrote 44 bytes to ecology
[dna] fire wrote 23 bytes to ecology
[dna] fire wrote 76 bytes to ecology
[dna] fire wrote 103 bytes to ecology
[dna] fire wrote 222 bytes to ecology
[dna] fire wrote 13 bytes to ecology
[dna] fire wrote 218 bytes to ecology
[dna] fire wrote 57 bytes to ecology
[dna] fire wrote 96 bytes to ecology
[dna] fire wrote 54 bytes to ecology
[dna] fire wrote 81 bytes to ecology
[dna] fire wrote 107 bytes to ecology
[dna] fire wrote 185 bytes to ecology
[dna] fire wrote 9 bytes to ecology
[dna] fire wrote 39 bytes to ecology
[dna] fire wrote 121 bytes to ecology
[debug-onto] tick=450 corpus=149484 stage=2 freeze=0
[dna] fire wrote 38 bytes to ecology
[dna] fire wrote 74 bytes to ecology
[dna] fire wrote 109 bytes to ecology
[dna] fire wrote 77 bytes to ecology
[dna] fire wrote 113 bytes to ecology
[dna] fire wrote 40 bytes to ecology
[dna] fire wrote 111 bytes to ecology
[dna] fire wrote 67 bytes to ecology
[dna] fire wrote 62 bytes to ecology
[dna] fire wrote 66 bytes to ecology
[dna] fire wrote 17 bytes to ecology
[dna] fire wrote 21 bytes to ecology
[dna] fire wrote 76 bytes to ecology
[dna] fire wrote 117 bytes to ecology
[dna] fire wrote 68 bytes to ecology
[dna] fire wrote 85 bytes to ecology
[dna] fire wrote 54 bytes to ecology
[dna] fire wrote 45 bytes to ecology
[dna] fire wrote 23 bytes to ecology
[dna] fire wrote 23 bytes to ecology
[dna] fire wrote 22 bytes to ecology
[dna] fire wrote 28 bytes to ecology
[dna] fire wrote 25 bytes to ecology
[dna] fire wrote 134 bytes to ecology
[dna] fire wrote 45 bytes to ecology
[debug-onto] tick=500 corpus=149484 stage=2 freeze=0
[dna] fire wrote 24 bytes to ecology
[dna] fire wrote 36 bytes to ecology
[dna] fire wrote 57 bytes to ecology
[dna] fire wrote 63 bytes to ecology
[dna] fire wrote 26 bytes to ecology
[dna] fire wrote 152 bytes to ecology
[dna] fire wrote 79 bytes to ecology
[dna] fire wrote 66 bytes to ecology
[dna] fire wrote 81 bytes to ecology
[dna] fire wrote 38 bytes to ecology
[dna] fire wrote 100 bytes to ecology
[dna] fire wrote 42 bytes to ecology
[dna] fire wrote 70 bytes to ecology
[dna] fire wrote 43 bytes to ecology
[dna] fire wrote 25 bytes to ecology
[dna] fire wrote 21 bytes to ecology
[dna] fire wrote 70 bytes to ecology
[dna] fire wrote 51 bytes to ecology
[dna] fire wrote 33 bytes to ecology
[dna] fire wrote 51 bytes to ecology
[dna] fire wrote 36 bytes to ecology
[dna] fire wrote 22 bytes to ecology
[dna] fire wrote 91 bytes to ecology
[dna] fire wrote 40 bytes to ecology
[dna] fire wrote 34 bytes to ecology
[dna] fire wrote 30 bytes to ecology
[debug-onto] tick=550 corpus=149484 stage=2 freeze=0
[dna] fire wrote 52 bytes to ecology
[dna] fire wrote 69 bytes to ecology
[dna] fire wrote 105 bytes to ecology
[dna] fire wrote 50 bytes to ecology
[dna] fire wrote 93 bytes to ecology
[dna] fire wrote 27 bytes to ecology
[dna] fire wrote 63 bytes to ecology
[dna] fire wrote 24 bytes to ecology
[dna] fire wrote 43 bytes to ecology
[dna] fire wrote 26 bytes to ecology
[dna] fire wrote 180 bytes to ecology
[dna] fire wrote 34 bytes to ecology
[dna] fire wrote 66 bytes to ecology
[dna] fire wrote 84 bytes to ecology
[dna] fire wrote 48 bytes to ecology
[dna] fire wrote 154 bytes to ecology
[dna] fire wrote 39 bytes to ecology
[dna] fire wrote 56 bytes to ecology
[dna] fire wrote 8 bytes to ecology
[dna] fire wrote 70 bytes to ecology
[dna] fire wrote 60 bytes to ecology
[dna] fire wrote 60 bytes to ecology
[dna] fire wrote 67 bytes to ecology
[dna] fire wrote 47 bytes to ecology
[debug-onto] tick=600 corpus=149484 stage=2 freeze=0
[dna] fire wrote 72 bytes to ecology
[dna] fire wrote 159 bytes to ecology
[dna] fire wrote 70 bytes to ecology
[dna] fire wrote 52 bytes to ecology
[dna] fire wrote 23 bytes to ecology
[dna] fire wrote 24 bytes to ecology
[dna] fire wrote 92 bytes to ecology

[evolution] Organism shutting down gracefully.
