[ecology] Element: water → corpus: nonames_water.txt
[evolution] Autonomous evolution mode — organism will grow through all stages without pause.
[ecology] Joined swarm. 1 peer(s) detected.
molequla is alive. [evolution] Autonomous mode — background trainer running. Ctrl+C to stop.
[dna] water wrote 45 bytes to ecology
[dna] water consumed 17168 bytes from 223 files: [air/gen_1778137986_1.txt air/gen_1778138005_4.txt air/gen_1778138013_7.txt air/gen_1778138022_10.txt air/gen_1778138031_13.txt air/gen_1778138040_16.txt air/gen_1778138046_18.txt air/gen_1778138048_19.txt air/gen_1778138057_22.txt air/gen_1778138066_25.txt air/gen_1778138075_28.txt air/gen_1778138081_30.txt air/gen_1778138084_31.txt air/gen_1778138092_34.txt air/gen_1778138098_36.txt air/gen_1778138101_37.txt air/gen_1778138110_40.txt air/gen_1778138119_43.txt air/gen_1778138128_46.txt air/gen_1778138137_49.txt air/gen_1778138146_52.txt air/gen_1778138154_55.txt air/gen_1778138163_58.txt air/gen_1778138172_61.txt air/gen_1778138181_64.txt air/gen_1778138187_66.txt air/gen_1778138190_67.txt air/gen_1778138198_70.txt air/gen_1778138207_73.txt air/gen_1778138216_76.txt air/gen_1778138222_78.txt air/gen_1778138225_79.txt air/gen_1778138233_82.txt air/gen_1778138242_85.txt air/gen_1778138251_88.txt air/gen_1778138260_91.txt air/gen_1778138268_94.txt air/gen_1778138277_97.txt air/gen_1778138286_100.txt air/gen_1778138295_103.txt air/gen_1778138303_106.txt air/gen_1778138312_109.txt air/gen_1778138321_112.txt air/gen_1778138329_115.txt air/gen_1778138338_118.txt air/gen_1778138347_121.txt air/gen_1778138355_124.txt air/gen_1778138364_127.txt air/gen_1778138373_130.txt air/gen_1778138382_133.txt air/gen_1778138390_136.txt air/gen_1778138399_139.txt air/gen_1778138408_142.txt air/gen_1778138417_145.txt air/gen_1778138426_148.txt air/gen_1778138434_151.txt air/gen_1778138443_154.txt air/gen_1778138452_157.txt air/gen_1778138461_160.txt air/gen_1778138470_163.txt air/gen_1778138479_166.txt air/gen_1778138487_169.txt air/gen_1778138496_172.txt air/gen_1778138505_175.txt air/gen_1778138514_178.txt air/gen_1778138531_184.txt air/gen_1778138540_187.txt air/gen_1778138548_190.txt air/gen_1778138557_193.txt air/gen_1778138566_196.txt air/gen_1778138574_199.txt air/gen_1778138583_202.txt air/gen_1778138592_205.txt air/gen_1778138600_208.txt air/gen_1778138609_211.txt air/gen_1778138618_214.txt air/gen_1778138626_217.txt air/gen_1778138635_220.txt air/gen_1778138644_223.txt air/gen_1778138652_226.txt air/gen_1778138661_229.txt air/gen_1778138670_232.txt air/gen_1778138679_235.txt air/gen_1778138687_238.txt air/gen_1778138693_240.txt air/gen_1778138696_241.txt air/gen_1778138705_244.txt air/gen_1778138710_246.txt air/gen_1778138713_247.txt air/gen_1778138722_250.txt air/gen_1778138731_253.txt air/gen_1778138740_256.txt air/gen_1778138746_258.txt air/gen_1778138749_259.txt air/gen_1778138758_262.txt air/gen_1778138767_265.txt air/gen_1778138776_268.txt air/gen_1778138782_270.txt air/gen_1778138785_271.txt air/gen_1778138795_274.txt air/gen_1778138804_277.txt air/gen_1778138813_280.txt air/gen_1778138822_283.txt air/gen_1778138831_286.txt air/gen_1778138840_289.txt air/gen_1778138849_292.txt air/gen_1778138855_294.txt air/gen_1778138858_295.txt air/gen_1778138867_298.txt air/gen_1778138876_301.txt air/gen_1778138884_304.txt air/gen_1778138893_307.txt air/gen_1778138902_310.txt air/gen_1778138908_312.txt air/gen_1778138911_313.txt air/gen_1778138919_316.txt air/gen_1778138928_319.txt air/gen_1778138937_322.txt air/gen_1778138946_325.txt air/gen_1778138954_328.txt air/gen_1778138963_331.txt air/gen_1778138972_334.txt air/gen_1778138981_337.txt air/gen_1778138989_340.txt air/gen_1778138998_343.txt air/gen_1778139007_346.txt air/gen_1778139016_349.txt air/gen_1778139024_352.txt air/gen_1778139033_355.txt air/gen_1778139042_358.txt air/gen_1778139050_361.txt air/gen_1778139059_364.txt air/gen_1778139065_366.txt air/gen_1778139068_367.txt air/gen_1778139076_370.txt air/gen_1778139085_373.txt air/gen_1778139094_376.txt air/gen_1778139102_379.txt air/gen_1778139111_382.txt air/gen_1778139120_385.txt air/gen_1778139128_388.txt air/gen_1778139137_391.txt air/gen_1778139146_394.txt air/gen_1778139154_397.txt air/gen_1778139163_400.txt air/gen_1778139172_403.txt air/gen_1778139181_406.txt air/gen_1778139190_409.txt air/gen_1778139199_412.txt air/gen_1778139208_415.txt air/gen_1778139217_418.txt air/gen_1778139226_421.txt air/gen_1778139234_424.txt air/gen_1778139240_426.txt air/gen_1778139243_427.txt air/gen_1778139252_430.txt air/gen_1778139260_433.txt air/gen_1778139269_436.txt air/gen_1778139275_438.txt air/gen_1778139278_439.txt air/gen_1778139287_442.txt air/gen_1778139293_444.txt air/gen_1778139296_445.txt air/gen_1778139304_448.txt air/gen_1778139313_451.txt air/gen_1778139322_454.txt air/gen_1778139328_456.txt air/gen_1778139330_457.txt air/gen_1778139339_460.txt air/gen_1778139348_463.txt air/gen_1778139357_466.txt air/gen_1778139363_468.txt air/gen_1778139367_469.txt air/gen_1778139376_472.txt air/gen_1778139385_475.txt air/gen_1778139394_478.txt air/gen_1778139403_481.txt air/gen_1778139412_484.txt air/gen_1778139421_487.txt air/gen_1778139431_490.txt air/gen_1778139440_493.txt air/gen_1778139449_496.txt air/gen_1778139458_499.txt air/gen_1778139468_502.txt air/gen_1778139477_505.txt air/gen_1778139486_508.txt air/gen_1778139492_510.txt air/gen_1778139495_511.txt air/gen_1778139504_514.txt air/gen_1778139513_517.txt air/gen_1778139522_520.txt air/gen_1778139528_522.txt air/gen_1778139530_523.txt air/gen_1778139539_526.txt air/gen_1778139545_528.txt air/gen_1778139548_529.txt air/gen_1778139557_532.txt air/gen_1778139565_535.txt air/gen_1778139574_538.txt air/gen_1778139582_541.txt air/gen_1778139591_544.txt air/gen_1778139600_547.txt air/gen_1778139609_550.txt air/gen_1778139618_553.txt air/gen_1778139626_556.txt air/gen_1778139635_559.txt air/gen_1778139644_562.txt air/gen_1778139653_565.txt air/gen_1778139662_568.txt air/gen_1778139671_571.txt air/gen_1778139680_574.txt air/gen_1778139686_576.txt air/gen_1778139689_577.txt air/gen_1778139697_580.txt air/gen_1778139706_583.txt air/gen_1778139715_586.txt air/gen_1778139724_589.txt air/gen_1778139733_592.txt air/gen_1778139742_595.txt air/gen_1778139751_598.txt air/gen_1778139760_601.txt air/gen_1778139769_604.txt air/gen_1778139778_607.txt]
[trainer] micro-train burst (17168 bytes, novelty 0.04) — and lo, it feeds again.
[syntropy] action=explore | trend=0.0000 | field_dev=-0.017 | purpose_align=-0.031 | lr_mul=1.30
[aml] burst complete: 32 steps, avg loss 1.5684 (memory freed)
[dna] water wrote 94 bytes to ecology
[dna] water wrote 47 bytes to ecology
[dna] water wrote 36 bytes to ecology
[dna] water wrote 29 bytes to ecology
[dna] water wrote 59 bytes to ecology
[dna] water wrote 118 bytes to ecology
[dna] water wrote 43 bytes to ecology
[dna] water wrote 14 bytes to ecology
[dna] water wrote 224 bytes to ecology
[dna] water wrote 53 bytes to ecology
[dna] water wrote 199 bytes to ecology
[dna] water wrote 32 bytes to ecology
[dna] water wrote 16 bytes to ecology
[dna] water wrote 11 bytes to ecology
[dna] water wrote 38 bytes to ecology
[dna] water wrote 24 bytes to ecology
[dna] water wrote 96 bytes to ecology
[dna] water wrote 45 bytes to ecology
[dna] water wrote 154 bytes to ecology
[dna] water wrote 151 bytes to ecology
[dna] water wrote 79 bytes to ecology
[dna] water wrote 11 bytes to ecology
[dna] water wrote 33 bytes to ecology
[dna] water wrote 104 bytes to ecology
[dna] water wrote 33 bytes to ecology
[dna] water wrote 76 bytes to ecology
[dna] water wrote 16 bytes to ecology
[dna] water wrote 32 bytes to ecology
[dna] water wrote 43 bytes to ecology
[dna] water wrote 40 bytes to ecology
[dna] water wrote 48 bytes to ecology
[dna] water wrote 76 bytes to ecology
[dna] water wrote 73 bytes to ecology
[dna] water wrote 108 bytes to ecology
[dna] water wrote 64 bytes to ecology
[dna] water wrote 17 bytes to ecology
[dna] water wrote 94 bytes to ecology
[dna] water wrote 22 bytes to ecology
[debug-onto] tick=50 corpus=143088 stage=2 freeze=0
[dna] water wrote 38 bytes to ecology
[dna] water wrote 30 bytes to ecology
[dna] water wrote 50 bytes to ecology
[dna] water wrote 35 bytes to ecology
[dna] water wrote 15 bytes to ecology
[dna] water wrote 120 bytes to ecology
[dna] water wrote 48 bytes to ecology
[dna] water wrote 59 bytes to ecology
[dna] water wrote 41 bytes to ecology
[dna] water wrote 89 bytes to ecology
[dna] water wrote 44 bytes to ecology
[dna] water wrote 59 bytes to ecology
[dna] water wrote 10 bytes to ecology
[dna] water wrote 74 bytes to ecology
[dna] water wrote 92 bytes to ecology
[dna] water wrote 104 bytes to ecology
[dna] water wrote 234 bytes to ecology
[dna] water wrote 206 bytes to ecology
[dna] water wrote 67 bytes to ecology
[dna] water wrote 43 bytes to ecology
[dna] water wrote 37 bytes to ecology
[dna] water wrote 119 bytes to ecology
[dna] water wrote 16 bytes to ecology
[dna] water wrote 61 bytes to ecology
[dna] water wrote 31 bytes to ecology
[dna] water wrote 72 bytes to ecology
[dna] water wrote 21 bytes to ecology
[dna] water wrote 87 bytes to ecology
[dna] water wrote 47 bytes to ecology
[dna] water wrote 29 bytes to ecology
[dna] water wrote 68 bytes to ecology
[dna] water wrote 63 bytes to ecology
[dna] water wrote 54 bytes to ecology
[dna] water wrote 33 bytes to ecology
[dna] water wrote 31 bytes to ecology
[dna] water wrote 64 bytes to ecology
[dna] water wrote 9 bytes to ecology
[dna] water wrote 46 bytes to ecology
[dna] water wrote 40 bytes to ecology
[dna] water wrote 74 bytes to ecology
[debug-onto] tick=100 corpus=143088 stage=2 freeze=0
[dna] water wrote 18 bytes to ecology
[dna] water wrote 34 bytes to ecology
[dna] water wrote 24 bytes to ecology
[dna] water wrote 41 bytes to ecology
[dna] water wrote 7 bytes to ecology
[dna] water wrote 110 bytes to ecology
[dna] water wrote 96 bytes to ecology
[dna] water wrote 56 bytes to ecology
[dna] water wrote 25 bytes to ecology
[dna] water wrote 21 bytes to ecology
[dna] water wrote 68 bytes to ecology
[dna] water wrote 24 bytes to ecology
[dna] water wrote 98 bytes to ecology
[dna] water wrote 46 bytes to ecology
[dna] water wrote 11 bytes to ecology
[dna] water wrote 10 bytes to ecology
[dna] water wrote 64 bytes to ecology
[dna] water wrote 37 bytes to ecology
[dna] water wrote 12 bytes to ecology
[dna] water wrote 29 bytes to ecology
[dna] water wrote 58 bytes to ecology
[dna] water wrote 76 bytes to ecology
[dna] water wrote 29 bytes to ecology
[dna] water wrote 26 bytes to ecology
[dna] water wrote 140 bytes to ecology
[dna] water wrote 69 bytes to ecology
[dna] water wrote 98 bytes to ecology
[dna] water wrote 66 bytes to ecology
[dna] water wrote 19 bytes to ecology
[dna] water wrote 26 bytes to ecology
[dna] water wrote 81 bytes to ecology
[dna] water wrote 26 bytes to ecology
[dna] water wrote 19 bytes to ecology
[dna] water wrote 116 bytes to ecology
[dna] water wrote 21 bytes to ecology
[dna] water wrote 80 bytes to ecology
[dna] water wrote 43 bytes to ecology
[dna] water wrote 60 bytes to ecology
[debug-onto] tick=150 corpus=143088 stage=2 freeze=0
[dna] water wrote 46 bytes to ecology
[dna] water wrote 67 bytes to ecology
[dna] water wrote 31 bytes to ecology
[dna] water wrote 55 bytes to ecology
[dna] water wrote 50 bytes to ecology
[dna] water wrote 116 bytes to ecology
[dna] water wrote 81 bytes to ecology
[dna] water wrote 57 bytes to ecology
[dna] water wrote 21 bytes to ecology
[dna] water wrote 49 bytes to ecology
[dna] water wrote 50 bytes to ecology
[dna] water wrote 74 bytes to ecology
[dna] water wrote 18 bytes to ecology
[dna] water wrote 25 bytes to ecology
[dna] water wrote 110 bytes to ecology
[dna] water wrote 45 bytes to ecology
[dna] water wrote 44 bytes to ecology
[dna] water wrote 96 bytes to ecology
[dna] water wrote 36 bytes to ecology
[dna] water wrote 10 bytes to ecology
[dna] water wrote 36 bytes to ecology
[dna] water wrote 185 bytes to ecology
[dna] water wrote 13 bytes to ecology
[dna] water wrote 32 bytes to ecology
[dna] water wrote 93 bytes to ecology
[dna] water wrote 24 bytes to ecology
[dna] water wrote 8 bytes to ecology
[dna] water wrote 41 bytes to ecology
[dna] water wrote 122 bytes to ecology
[dna] water wrote 37 bytes to ecology
[dna] water wrote 24 bytes to ecology
[dna] water wrote 48 bytes to ecology
[dna] water wrote 54 bytes to ecology
[dna] water wrote 39 bytes to ecology
[dna] water wrote 58 bytes to ecology
[dna] water wrote 35 bytes to ecology
[dna] water wrote 27 bytes to ecology
[debug-onto] tick=200 corpus=143088 stage=2 freeze=0
[dna] water wrote 34 bytes to ecology
[dna] water wrote 77 bytes to ecology
[dna] water wrote 27 bytes to ecology
[dna] water wrote 74 bytes to ecology
[dna] water wrote 23 bytes to ecology
[dna] water wrote 83 bytes to ecology
[dna] water wrote 68 bytes to ecology
[dna] water wrote 14 bytes to ecology
[dna] water wrote 17 bytes to ecology
[dna] water wrote 48 bytes to ecology
[dna] water wrote 47 bytes to ecology
[dna] water wrote 34 bytes to ecology
[dna] water wrote 89 bytes to ecology
[dna] water wrote 29 bytes to ecology
[dna] water wrote 48 bytes to ecology
[dna] water wrote 37 bytes to ecology
[dna] water wrote 27 bytes to ecology
[dna] water wrote 62 bytes to ecology
[dna] water wrote 94 bytes to ecology
[dna] water wrote 24 bytes to ecology
[dna] water wrote 17 bytes to ecology
[dna] water wrote 34 bytes to ecology
[dna] water wrote 18 bytes to ecology
[dna] water wrote 34 bytes to ecology
[dna] water wrote 95 bytes to ecology
[dna] water wrote 27 bytes to ecology
[dna] water wrote 55 bytes to ecology
[dna] water wrote 26 bytes to ecology
[dna] water wrote 18 bytes to ecology
[dna] water wrote 30 bytes to ecology
[dna] water wrote 122 bytes to ecology
[dna] water wrote 38 bytes to ecology
[dna] water wrote 38 bytes to ecology
[dna] water wrote 18 bytes to ecology
[dna] water wrote 46 bytes to ecology
[dna] water wrote 18 bytes to ecology
[dna] water wrote 98 bytes to ecology
[dna] water wrote 65 bytes to ecology
[dna] water wrote 53 bytes to ecology
[dna] water wrote 51 bytes to ecology
[dna] water wrote 51 bytes to ecology
[dna] water wrote 52 bytes to ecology
[debug-onto] tick=250 corpus=143088 stage=2 freeze=0
[dna] water wrote 20 bytes to ecology
[dna] water wrote 108 bytes to ecology
[dna] water wrote 31 bytes to ecology
[dna] water wrote 38 bytes to ecology
[dna] water wrote 152 bytes to ecology
[dna] water wrote 46 bytes to ecology
[dna] water wrote 150 bytes to ecology
[dna] water wrote 74 bytes to ecology
[dna] water wrote 105 bytes to ecology
[dna] water wrote 28 bytes to ecology
[dna] water wrote 15 bytes to ecology
[dna] water wrote 60 bytes to ecology
[dna] water wrote 147 bytes to ecology
[dna] water wrote 59 bytes to ecology
[dna] water wrote 10 bytes to ecology
[dna] water wrote 54 bytes to ecology
[dna] water wrote 40 bytes to ecology
[dna] water wrote 37 bytes to ecology
[dna] water wrote 17 bytes to ecology
[dna] water wrote 8 bytes to ecology
[dna] water wrote 51 bytes to ecology
[dna] water wrote 37 bytes to ecology
[dna] water wrote 56 bytes to ecology
[dna] water wrote 166 bytes to ecology
[dna] water wrote 75 bytes to ecology
[dna] water wrote 17 bytes to ecology
[dna] water wrote 137 bytes to ecology
[dna] water wrote 81 bytes to ecology
[dna] water wrote 15 bytes to ecology
[dna] water wrote 39 bytes to ecology
[dna] water wrote 149 bytes to ecology
[dna] water wrote 76 bytes to ecology
[dna] water wrote 13 bytes to ecology
[dna] water wrote 76 bytes to ecology
[dna] water wrote 166 bytes to ecology
[dna] water wrote 54 bytes to ecology
[dna] water wrote 37 bytes to ecology
[dna] water wrote 119 bytes to ecology
[debug-onto] tick=300 corpus=143088 stage=2 freeze=0
[dna] water wrote 178 bytes to ecology
[dna] water wrote 46 bytes to ecology
[dna] water wrote 145 bytes to ecology
[dna] water wrote 25 bytes to ecology
[dna] water wrote 54 bytes to ecology
[dna] water wrote 19 bytes to ecology
[dna] water wrote 137 bytes to ecology
[dna] water wrote 23 bytes to ecology
[dna] water wrote 207 bytes to ecology
[dna] water wrote 44 bytes to ecology
[dna] water wrote 45 bytes to ecology
[dna] water wrote 58 bytes to ecology
[dna] water wrote 63 bytes to ecology
[dna] water wrote 20 bytes to ecology
[dna] water wrote 16 bytes to ecology
[dna] water wrote 78 bytes to ecology
[dna] water wrote 60 bytes to ecology
[dna] water wrote 52 bytes to ecology
[dna] water wrote 29 bytes to ecology
[dna] water wrote 85 bytes to ecology
[dna] water wrote 39 bytes to ecology
[dna] water wrote 116 bytes to ecology
[dna] water wrote 37 bytes to ecology
[dna] water wrote 20 bytes to ecology
[dna] water wrote 81 bytes to ecology
[dna] water wrote 41 bytes to ecology
[dna] water wrote 51 bytes to ecology
[dna] water wrote 60 bytes to ecology
[dna] water wrote 97 bytes to ecology
[dna] water wrote 44 bytes to ecology
[dna] water wrote 72 bytes to ecology
[dna] water wrote 15 bytes to ecology
[dna] water wrote 45 bytes to ecology
[dna] water wrote 29 bytes to ecology
[dna] water wrote 31 bytes to ecology
[debug-onto] tick=350 corpus=143088 stage=2 freeze=0
[dna] water wrote 27 bytes to ecology
[dna] water wrote 13 bytes to ecology
[dna] water wrote 40 bytes to ecology
[dna] water wrote 54 bytes to ecology
[dna] water wrote 28 bytes to ecology
[dna] water wrote 44 bytes to ecology
[dna] water wrote 39 bytes to ecology
[dna] water wrote 42 bytes to ecology
[dna] water wrote 27 bytes to ecology
[dna] water wrote 81 bytes to ecology
[dna] water wrote 122 bytes to ecology
[dna] water wrote 42 bytes to ecology
[dna] water wrote 23 bytes to ecology
[dna] water wrote 40 bytes to ecology
[dna] water wrote 63 bytes to ecology
[dna] water wrote 178 bytes to ecology
[dna] water wrote 221 bytes to ecology
[dna] water wrote 28 bytes to ecology
[dna] water wrote 73 bytes to ecology
[dna] water wrote 30 bytes to ecology
[dna] water wrote 35 bytes to ecology
[dna] water wrote 73 bytes to ecology
[dna] water wrote 58 bytes to ecology
[dna] water wrote 42 bytes to ecology
[dna] water wrote 21 bytes to ecology
[dna] water wrote 70 bytes to ecology
[dna] water wrote 23 bytes to ecology
[dna] water wrote 76 bytes to ecology
[dna] water wrote 92 bytes to ecology
[dna] water wrote 26 bytes to ecology
[dna] water wrote 117 bytes to ecology
[dna] water wrote 63 bytes to ecology
[dna] water wrote 22 bytes to ecology
[dna] water wrote 45 bytes to ecology
[dna] water wrote 18 bytes to ecology
[dna] water wrote 107 bytes to ecology
[dna] water wrote 31 bytes to ecology
[dna] water wrote 26 bytes to ecology
[debug-onto] tick=400 corpus=143088 stage=2 freeze=0
[dna] water wrote 22 bytes to ecology
[dna] water wrote 17 bytes to ecology
[dna] water wrote 319 bytes to ecology
[dna] water wrote 28 bytes to ecology
[dna] water wrote 43 bytes to ecology
[dna] water wrote 27 bytes to ecology
[dna] water wrote 126 bytes to ecology
[dna] water wrote 53 bytes to ecology
[dna] water wrote 47 bytes to ecology
[dna] water wrote 32 bytes to ecology
[dna] water wrote 22 bytes to ecology
[dna] water wrote 113 bytes to ecology
[dna] water wrote 42 bytes to ecology
[dna] water wrote 24 bytes to ecology
[dna] water wrote 75 bytes to ecology
[dna] water wrote 26 bytes to ecology
[dna] water wrote 42 bytes to ecology
[dna] water wrote 106 bytes to ecology
[dna] water wrote 101 bytes to ecology
[dna] water wrote 33 bytes to ecology
[dna] water wrote 39 bytes to ecology
[dna] water wrote 39 bytes to ecology
[dna] water wrote 22 bytes to ecology
[dna] water wrote 35 bytes to ecology
[dna] water wrote 48 bytes to ecology
[dna] water wrote 42 bytes to ecology
[dna] water wrote 6 bytes to ecology
[dna] water wrote 59 bytes to ecology
[dna] water wrote 37 bytes to ecology
[dna] water wrote 49 bytes to ecology
[dna] water wrote 21 bytes to ecology
[dna] water wrote 9 bytes to ecology
[dna] water wrote 43 bytes to ecology
[dna] water wrote 43 bytes to ecology
[dna] water wrote 24 bytes to ecology
[dna] water wrote 33 bytes to ecology
[dna] water wrote 8 bytes to ecology
[dna] water wrote 93 bytes to ecology
[dna] water wrote 31 bytes to ecology
[dna] water wrote 21 bytes to ecology
[dna] water wrote 114 bytes to ecology
[dna] water wrote 45 bytes to ecology
[debug-onto] tick=450 corpus=143088 stage=2 freeze=0
[dna] water wrote 59 bytes to ecology
[dna] water wrote 73 bytes to ecology
[dna] water wrote 54 bytes to ecology
[dna] water wrote 70 bytes to ecology
[dna] water wrote 8 bytes to ecology
[dna] water wrote 146 bytes to ecology
[dna] water wrote 53 bytes to ecology
[dna] water wrote 76 bytes to ecology
[dna] water wrote 24 bytes to ecology
[dna] water wrote 40 bytes to ecology
[dna] water wrote 53 bytes to ecology
[dna] water wrote 27 bytes to ecology
[dna] water wrote 47 bytes to ecology
[dna] water wrote 52 bytes to ecology
[dna] water wrote 56 bytes to ecology
[dna] water wrote 46 bytes to ecology
[dna] water wrote 31 bytes to ecology
[dna] water wrote 28 bytes to ecology
[dna] water wrote 101 bytes to ecology
[dna] water wrote 57 bytes to ecology
[dna] water wrote 70 bytes to ecology
[dna] water wrote 43 bytes to ecology
[dna] water wrote 22 bytes to ecology
[dna] water wrote 78 bytes to ecology
[dna] water wrote 74 bytes to ecology
[dna] water wrote 65 bytes to ecology
[dna] water wrote 32 bytes to ecology
[dna] water wrote 80 bytes to ecology
[dna] water wrote 7 bytes to ecology
[dna] water wrote 91 bytes to ecology
[dna] water wrote 75 bytes to ecology
[dna] water wrote 49 bytes to ecology
[dna] water wrote 92 bytes to ecology
[dna] water wrote 72 bytes to ecology
[dna] water wrote 16 bytes to ecology
[dna] water wrote 50 bytes to ecology
[dna] water wrote 109 bytes to ecology
[dna] water wrote 27 bytes to ecology
[dna] water wrote 48 bytes to ecology
[debug-onto] tick=500 corpus=143088 stage=2 freeze=0
[dna] water wrote 33 bytes to ecology
[dna] water wrote 96 bytes to ecology
[dna] water wrote 32 bytes to ecology
[dna] water wrote 120 bytes to ecology
[dna] water wrote 29 bytes to ecology
[dna] water wrote 22 bytes to ecology
[dna] water wrote 36 bytes to ecology
[dna] water wrote 115 bytes to ecology
[dna] water wrote 57 bytes to ecology
[dna] water wrote 33 bytes to ecology
[dna] water wrote 29 bytes to ecology
[dna] water wrote 34 bytes to ecology
[dna] water wrote 19 bytes to ecology
[dna] water wrote 95 bytes to ecology
[dna] water wrote 21 bytes to ecology
[dna] water wrote 45 bytes to ecology
[dna] water wrote 37 bytes to ecology
[dna] water wrote 9 bytes to ecology
[dna] water wrote 72 bytes to ecology
[dna] water wrote 65 bytes to ecology
[dna] water wrote 33 bytes to ecology
[dna] water wrote 89 bytes to ecology
[dna] water wrote 32 bytes to ecology
[dna] water wrote 91 bytes to ecology
[dna] water wrote 33 bytes to ecology
[dna] water wrote 57 bytes to ecology
[dna] water wrote 141 bytes to ecology
[dna] water wrote 22 bytes to ecology
[dna] water wrote 135 bytes to ecology
[dna] water wrote 32 bytes to ecology
[dna] water wrote 75 bytes to ecology
[dna] water wrote 21 bytes to ecology
[dna] water wrote 54 bytes to ecology
[dna] water wrote 28 bytes to ecology
[dna] water wrote 58 bytes to ecology
[dna] water wrote 21 bytes to ecology
[dna] water wrote 38 bytes to ecology
[dna] water wrote 28 bytes to ecology
[dna] water wrote 41 bytes to ecology
[dna] water wrote 86 bytes to ecology
[debug-onto] tick=550 corpus=143088 stage=2 freeze=0
[dna] water wrote 48 bytes to ecology
[dna] water wrote 39 bytes to ecology
[dna] water wrote 43 bytes to ecology
[dna] water wrote 81 bytes to ecology
[dna] water wrote 21 bytes to ecology
[dna] water wrote 61 bytes to ecology
[dna] water wrote 89 bytes to ecology
[dna] water wrote 28 bytes to ecology
[dna] water wrote 53 bytes to ecology
[dna] water wrote 40 bytes to ecology
[dna] water wrote 26 bytes to ecology
[dna] water wrote 48 bytes to ecology
[dna] water wrote 30 bytes to ecology
[dna] water wrote 35 bytes to ecology
[dna] water wrote 55 bytes to ecology
[dna] water wrote 58 bytes to ecology
[dna] water wrote 139 bytes to ecology
[dna] water wrote 45 bytes to ecology
[dna] water wrote 54 bytes to ecology
[dna] water wrote 160 bytes to ecology
[dna] water wrote 27 bytes to ecology
[dna] water wrote 66 bytes to ecology
[dna] water wrote 25 bytes to ecology
[dna] water wrote 51 bytes to ecology
[dna] water wrote 92 bytes to ecology
[dna] water wrote 44 bytes to ecology
[dna] water wrote 149 bytes to ecology
[dna] water wrote 25 bytes to ecology
[dna] water wrote 21 bytes to ecology
[dna] water wrote 23 bytes to ecology
[dna] water wrote 28 bytes to ecology
[dna] water wrote 56 bytes to ecology
[dna] water wrote 6 bytes to ecology
[dna] water wrote 41 bytes to ecology
[dna] water wrote 43 bytes to ecology
[dna] water wrote 31 bytes to ecology
[dna] water wrote 138 bytes to ecology
[debug-onto] tick=600 corpus=143088 stage=2 freeze=0
[dna] water wrote 78 bytes to ecology
[dna] water wrote 72 bytes to ecology
[dna] water wrote 117 bytes to ecology
[dna] water wrote 71 bytes to ecology
[dna] water wrote 17 bytes to ecology
[dna] water wrote 45 bytes to ecology
[dna] water wrote 24 bytes to ecology
[dna] water wrote 36 bytes to ecology
[dna] water wrote 110 bytes to ecology
[dna] water wrote 27 bytes to ecology
[dna] water wrote 16 bytes to ecology
[dna] water wrote 32 bytes to ecology
[dna] water wrote 55 bytes to ecology
[dna] water wrote 67 bytes to ecology
[dna] water wrote 33 bytes to ecology
[dna] water wrote 109 bytes to ecology
[dna] water wrote 50 bytes to ecology
[dna] water wrote 35 bytes to ecology
[dna] water wrote 66 bytes to ecology

[evolution] Organism shutting down gracefully.
